 
****************************************
Report : multibit banking
Design : poly_fast_split_mult_kernel
Version: O-2018.06-SP5
Date   : Fri May 22 21:16:05 2026
****************************************

Total number of sequential cells:                                59234
    Number of single-bit flip-flops:                             59234
    Number of single-bit latches:                                    0
    Number of multi-bit flip-flops:                                  0
    Number of multi-bit latches:                                     0

Total number of single-bit equivalent sequential cells:          59234
    (A) Single-bit flip-flops:                                   59234
    (B) Single-bit latches:                                          0
    (C) Multi-bit flip-flops:                                        0
    (D) Multi-bit latches:                                           0

Sequential cells banking ratio ((C + D) / (A + B + C + D)):       0.00%
Flip-Flop cells banking ratio  ((C) / (A + C)):                   0.00%

Multi-bit Register Decomposition:
--------------------------------------------------------------------------------
Bit-Width Reference                 Number of instances    Single-bit Equivalent
--------------------------------------------------------------------------------
--------------------------------------------------------------------------------
1
