Information: Updating design information... (UID-85)
Warning: Design 'poly_fir_mult_kernel' contains 323 high-fanout nets. A fanout number of 1000 will be used for delay calculations involving these nets. (TIM-134)
 
****************************************
Report : qor
Design : poly_fir_mult_kernel
Version: O-2018.06-SP5
Date   : Sat May 23 05:39:20 2026
****************************************


  Timing Path Group (none)
  -----------------------------------
  Levels of Logic:              30.00
  Critical Path Length:          2.24
  Critical Path Slack:         uninit
  Critical Path Clk Period:       n/a
  Total Negative Slack:          0.00
  No. of Violating Paths:        0.00
  Worst Hold Violation:          0.00
  Total Hold Violation:          0.00
  No. of Hold Violations:        0.00
  -----------------------------------


  Cell Count
  -----------------------------------
  Hierarchical Cell Count:       2271
  Hierarchical Port Count:     423528
  Leaf Cell Count:            1951900
  Buf/Inv Cell Count:          135299
  Buf Cell Count:                2112
  Inv Cell Count:              133187
  CT Buf/Inv Cell Count:            0
  Combinational Cell Count:   1853596
  Sequential Cell Count:        98304
  Macro Count:                      0
  -----------------------------------


  Area
  -----------------------------------
  Combinational Area:  1894502.585812
  Noncombinational Area:
                        185794.558594
  Buf/Inv Area:          34441.596520
  Total Buffer Area:           800.60
  Total Inverter Area:       33640.99
  Macro/Black Box Area:      0.000000
  Net Area:                  0.000000
  -----------------------------------
  Cell Area:           2080297.144406
  Design Area:         2080297.144406


  Design Rules
  -----------------------------------
  Total Number of Nets:       2448989
  Nets With Violations:            21
  Max Trans Violations:            18
  Max Cap Violations:               3
  -----------------------------------


  Hostname: inspur19

  Compile CPU Statistics
  -----------------------------------------
  Resource Sharing:                    0.00
  Logic Optimization:                  0.00
  Mapping Optimization:                0.00
  -----------------------------------------
  Overall Compile Time:            69738.50
  Overall Compile Wall Clock Time:  4920.71

  --------------------------------------------------------------------

  Design  WNS: 0.00  TNS: 0.00  Number of Violating Paths: 0


  Design (Hold)  WNS: 0.00  TNS: 0.00  Number of Violating Paths: 0

  --------------------------------------------------------------------


1
