 
****************************************
Report : area
Design : poly_fast_split_mult_kernel
Version: O-2018.06-SP5
Date   : Mon Aug 25 17:06:17 2025
****************************************

Library(s) Used:

    tcbn28hpcplusbwp40p140lvtssg0p81vm40c_ccs (File: /export1/Library/TN28HPC+/STD_CELL_ext/track9_200824/TSMCHOME/digital/Front_End/timing_power_noise/CCS/tcbn28hpcplusbwp40p140lvt_180a/tcbn28hpcplusbwp40p140lvtssg0p81vm40c_ccs.db)
    tcbn28hpcplusbwp40p140ssg0p81vm40c_ccs (File: /export1/Library/TN28HPC+/STD_CELL_ext/track9_200824/TSMCHOME/digital/Front_End/timing_power_noise/CCS/tcbn28hpcplusbwp40p140_180a/tcbn28hpcplusbwp40p140ssg0p81vm40c_ccs.db)
    tcbn28hpcplusbwp40p140hvtssg0p81vm40c_ccs (File: /export1/Library/TN28HPC+/STD_CELL_ext/track9_200824/TSMCHOME/digital/Front_End/timing_power_noise/CCS/tcbn28hpcplusbwp40p140hvt_180a/tcbn28hpcplusbwp40p140hvtssg0p81vm40c_ccs.db)

Number of ports:                        28268
Number of nets:                        112258
Number of cells:                        67733
Number of combinational cells:          60752
Number of sequential cells:              6554
Number of macros/black boxes:               0
Number of buf/inv:                       6156
Number of references:                     126

Combinational area:              64947.077354
Buf/Inv area:                     1577.646022
Noncombinational area:           12795.300058
Macro/Black Box area:                0.000000
Net Interconnect area:      undefined  (Wire load has zero net area)

Total cell area:                 77742.377412
Total area:                 undefined

Area of detected synthetic parts
--------------------------------
                                                    Perc. of
  Module                Implem.  Count        Area cell area
  --------------------- -------  ----- ----------- ---------
  DP_OP_17J2_137_1390       str     81  17913.4231     23.0%
  DP_OP_2839J2_122_1542     str      1  11224.3018     14.4%
  DP_OP_2840J2_123_9237     str      1    151.5779      0.2%
  DP_OP_2841J2_124_179      str      1     95.3820      0.1%
  DP_OP_2842J2_125_9237     str      1    151.5779      0.2%
  DP_OP_2843J2_126_179      str      1     95.3820      0.1%
  DP_OP_2844J2_127_1430     str      1    454.7336      0.6%
  DP_OP_2845J2_128_6777     str      1    290.4298      0.4%
  DP_OP_2846J2_129_9237     str      1    151.5779      0.2%
  DP_OP_2847J2_130_179      str      1     95.3820      0.1%
  DP_OP_2848J2_131_9237     str      1    151.5779      0.2%
  DP_OP_2849J2_132_179      str      1     95.3820      0.1%
  DP_OP_2850J2_133_1430     str      1    454.7336      0.6%
  DP_OP_2851J2_134_6777     str      1    290.4298      0.4%
  DP_OP_2852J2_135_6110     str      1   1363.1952      1.8%
  DP_OP_2853J2_136_9956     str      1    885.1547      1.1%
  DW01_add              apparch     89   3108.7982      4.0%
  DW_mult_uns           apparch     81  23085.9842     29.7%
  --------------------- -------  ----- ----------- ---------
  DP_OP Subtotal:                   96  33864.2412     43.6%
  Total:                           266  60059.0236     77.3%

Estimated area of ungrouped synthetic parts
-------------------------------------------
                           Estimated  Perc. of
  Module   Implem.  Count       Area cell area
  -------- -------  ----- ---------- ---------
  DW01_add apparch      8   241.9200      0.3%
  -------- -------  ----- ---------- ---------
  Total:                8   241.9200      0.3%

Subtotal of datapath(DP_OP) cell area:  33864.2412  43.6%  (estimated)
Total synthetic cell area:              60300.9436  77.6%  (estimated)

1
