 
****************************************
Report : timing
        -path full
        -delay max
        -nets
        -max_paths 1
        -transition_time
Design : ToomCook1024
Version: O-2018.06-SP5
Date   : Sun May 24 10:50:34 2026
****************************************

 # A fanout number of 1000 was used for high fanout net computations.

Operating Conditions: ssg0p81vm40c   Library: tcbn28hpcplusbwp40p140hvtssg0p81vm40c_ccs
Wire Load Model Mode: segmented

  Startpoint: coreBWordReg_reg_59_
              (rising edge-triggered flip-flop clocked by clock_main)
  Endpoint: core/core4_1/s_w_6_reg_40_
            (rising edge-triggered flip-flop clocked by clock_main)
  Path Group: REG2REG
  Path Type: max

  Des/Clust/Port     Wire Load Model       Library
  ------------------------------------------------
  ToomCook1024       ZeroWireload          tcbn28hpcplusbwp40p140hvtssg0p81vm40c_ccs
  Eval_352_0_DP_OP_55J13_124_323_J13_0_90 ZeroWireload tcbn28hpcplusbwp40p140hvtssg0p81vm40c_ccs
  Eval_352_0_DP_OP_54J13_123_757_J13_0_90 ZeroWireload tcbn28hpcplusbwp40p140hvtssg0p81vm40c_ccs
  Eval_352_0_DP_OP_53J13_122_6766_J13_0_90 ZeroWireload tcbn28hpcplusbwp40p140hvtssg0p81vm40c_ccs
  Eval_352_90        ZeroWireload          tcbn28hpcplusbwp40p140hvtssg0p81vm40c_ccs
  core16             ZeroWireload          tcbn28hpcplusbwp40p140hvtssg0p81vm40c_ccs
  Eval_352_5         ZeroWireload          tcbn28hpcplusbwp40p140hvtssg0p81vm40c_ccs
  core4_5            ZeroWireload          tcbn28hpcplusbwp40p140hvtssg0p81vm40c_ccs
  Eval_352_0_DP_OP_55J13_124_323_J13_0_5 ZeroWireload tcbn28hpcplusbwp40p140hvtssg0p81vm40c_ccs
  Eval_352_0_DP_OP_54J13_123_757_J13_0_5 ZeroWireload tcbn28hpcplusbwp40p140hvtssg0p81vm40c_ccs
  Eval_352_0_DP_OP_53J13_122_6766_J13_0_5 ZeroWireload tcbn28hpcplusbwp40p140hvtssg0p81vm40c_ccs
  core4_0_DW_mult_tc_J11_0_1 ZeroWireload  tcbn28hpcplusbwp40p140hvtssg0p81vm40c_ccs

Attributes:
    d - dont_touch
    u - dont_use
   mo - map_only
   so - size_only
    i - ideal_net or ideal_network
  inf - infeasible path

  Point                                       Fanout     Trans      Incr       Path      Attributes
  ---------------------------------------------------------------------------------------------------------
  clock clock_main (rise edge)                                      0.00       0.00
  clock network delay (ideal)                                       0.00       0.00
  coreBWordReg_reg_59_/CP (DFQD1BWP40P140)                0.05      0.00 #     0.00 r
  coreBWordReg_reg_59_/Q (DFQD1BWP40P140)                 0.06      0.13       0.13 f
  core_io_b_2[1] (net)                          4                   0.00       0.13 f
  core/io_b_2[1] (core16)                                           0.00       0.13 f
  core/io_b_2[1] (net)                                              0.00       0.13 f
  core/evalB/io_in_2[1] (Eval_352_90)                               0.00       0.13 f
  core/evalB/io_in_2[1] (net)                                       0.00       0.13 f
  core/evalB/DP_OP_53J13_122_6766/I1[1] (Eval_352_0_DP_OP_53J13_122_6766_J13_0_90)     0.00     0.13 f
  core/evalB/DP_OP_53J13_122_6766/I1[1] (net)                       0.00       0.13 f
  core/evalB/DP_OP_53J13_122_6766/U158/CO (HA1D0BWP40P140)     0.02     0.05     0.18 f
  core/evalB/DP_OP_53J13_122_6766/n299 (net)     1                  0.00       0.18 f
  core/evalB/DP_OP_53J13_122_6766/U159/CO (FA1D1BWP40P140)     0.02     0.06     0.24 f
  core/evalB/DP_OP_53J13_122_6766/n302 (net)     1                  0.00       0.24 f
  core/evalB/DP_OP_53J13_122_6766/U123/CO (FA1D1BWP40P140LVT)     0.02     0.04     0.28 f
  core/evalB/DP_OP_53J13_122_6766/n304 (net)     1                  0.00       0.28 f
  core/evalB/DP_OP_53J13_122_6766/U161/CO (FA1D1BWP40P140)     0.02     0.05     0.34 f
  core/evalB/DP_OP_53J13_122_6766/n303 (net)     1                  0.00       0.34 f
  core/evalB/DP_OP_53J13_122_6766/U160/CO (FA1D1BWP40P140)     0.02     0.06     0.39 f
  core/evalB/DP_OP_53J13_122_6766/n317 (net)     2                  0.00       0.39 f
  core/evalB/DP_OP_53J13_122_6766/U104/ZN (ND2D0P7BWP40P140)     0.01     0.02     0.41 r
  core/evalB/DP_OP_53J13_122_6766/n280 (net)     1                  0.00       0.41 r
  core/evalB/DP_OP_53J13_122_6766/U103/ZN (ND2D1BWP40P140LVT)     0.02     0.02     0.43 f
  core/evalB/DP_OP_53J13_122_6766/n319 (net)     1                  0.00       0.43 f
  core/evalB/DP_OP_53J13_122_6766/U164/CO (FA1D1BWP40P140)     0.02     0.06     0.49 f
  core/evalB/DP_OP_53J13_122_6766/n318 (net)     2                  0.00       0.49 f
  core/evalB/DP_OP_53J13_122_6766/U100/ZN (ND2D0P7BWP40P140)     0.01     0.02     0.50 r
  core/evalB/DP_OP_53J13_122_6766/n284 (net)     1                  0.00       0.50 r
  core/evalB/DP_OP_53J13_122_6766/U99/ZN (ND2D1BWP40P140LVT)     0.02     0.02     0.52 f
  core/evalB/DP_OP_53J13_122_6766/n328 (net)     1                  0.00       0.52 f
  core/evalB/DP_OP_53J13_122_6766/U90/CO (FA1D0BWP40P140)     0.03     0.07     0.59 f
  core/evalB/DP_OP_53J13_122_6766/n342 (net)     1                  0.00       0.59 f
  core/evalB/DP_OP_53J13_122_6766/U114/CO (FA1D1BWP40P140)     0.02     0.06     0.65 f
  core/evalB/DP_OP_53J13_122_6766/n341 (net)     2                  0.00       0.65 f
  core/evalB/DP_OP_53J13_122_6766/U98/ZN (ND2D0P7BWP40P140)     0.01     0.02     0.67 r
  core/evalB/DP_OP_53J13_122_6766/n288 (net)     1                  0.00       0.67 r
  core/evalB/DP_OP_53J13_122_6766/U89/ZN (CKND2D1BWP40P140LVT)     0.02     0.02     0.69 f
  core/evalB/DP_OP_53J13_122_6766/n340 (net)     1                  0.00       0.69 f
  core/evalB/DP_OP_53J13_122_6766/U113/CO (FA1D1BWP40P140LVT)     0.02     0.04     0.73 f
  core/evalB/DP_OP_53J13_122_6766/n339 (net)     1                  0.00       0.73 f
  core/evalB/DP_OP_53J13_122_6766/U112/CO (FA1D1BWP40P140LVT)     0.02     0.04     0.77 f
  core/evalB/DP_OP_53J13_122_6766/n338 (net)     1                  0.00       0.77 f
  core/evalB/DP_OP_53J13_122_6766/U131/CO (FA1D0BWP40P140)     0.03     0.07     0.84 f
  core/evalB/DP_OP_53J13_122_6766/n337 (net)     1                  0.00       0.84 f
  core/evalB/DP_OP_53J13_122_6766/U171/CO (FA1D1BWP40P140)     0.02     0.06     0.90 f
  core/evalB/DP_OP_53J13_122_6766/n336 (net)     1                  0.00       0.90 f
  core/evalB/DP_OP_53J13_122_6766/U139/CO (FA1D0BWP40P140)     0.03     0.07     0.97 f
  core/evalB/DP_OP_53J13_122_6766/n335 (net)     2                  0.00       0.97 f
  core/evalB/DP_OP_53J13_122_6766/U95/ZN (ND2D0P7BWP40P140)     0.01     0.02     0.99 r
  core/evalB/DP_OP_53J13_122_6766/n292 (net)     1                  0.00       0.99 r
  core/evalB/DP_OP_53J13_122_6766/U91/ZN (ND2D0BWP40P140HVT)     0.05     0.04     1.03 f
  core/evalB/DP_OP_53J13_122_6766/n334 (net)     1                  0.00       1.03 f
  core/evalB/DP_OP_53J13_122_6766/U170/S (FA1D1BWP40P140)     0.03     0.12     1.15 r
  core/evalB/DP_OP_53J13_122_6766/n356 (net)     1                  0.00       1.15 r
  core/evalB/DP_OP_53J13_122_6766/U136/CO (FA1D0BWP40P140)     0.03     0.07     1.22 r
  core/evalB/DP_OP_53J13_122_6766/n353 (net)     1                  0.00       1.22 r
  core/evalB/DP_OP_53J13_122_6766/U134/CO (FA1D0BWP40P140)     0.03     0.07     1.29 r
  core/evalB/DP_OP_53J13_122_6766/n351 (net)     1                  0.00       1.29 r
  core/evalB/DP_OP_53J13_122_6766/U135/S (FA1D0BWP40P140)     0.03     0.11     1.41 f
  core/evalB/DP_OP_53J13_122_6766/n382 (net)     1                  0.00       1.41 f
  core/evalB/DP_OP_53J13_122_6766/U145/CO (FA1D0BWP40P140)     0.03     0.08     1.48 f
  core/evalB/DP_OP_53J13_122_6766/n379 (net)     1                  0.00       1.48 f
  core/evalB/DP_OP_53J13_122_6766/U141/S (FA1D0BWP40P140)     0.02     0.11     1.59 r
  core/evalB/DP_OP_53J13_122_6766/O1[23] (net)     1                0.00       1.59 r
  core/evalB/DP_OP_53J13_122_6766/O1[23] (Eval_352_0_DP_OP_53J13_122_6766_J13_0_90)     0.00     1.59 r
  core/evalB/io_out_1[23] (net)                                     0.00       1.59 r
  core/evalB/io_out_1[23] (Eval_352_90)                             0.00       1.59 r
  core/evalB_io_out_1[23] (net)                                     0.00       1.59 r
  core/core4_1/io_b_0[23] (core4_5)                                 0.00       1.59 r
  core/core4_1/io_b_0[23] (net)                                     0.00       1.59 r
  core/core4_1/evalB/io_in_0[23] (Eval_352_5)                       0.00       1.59 r
  core/core4_1/evalB/io_in_0[23] (net)                              0.00       1.59 r
  core/core4_1/evalB/U23/ZN (INVD0P7BWP40P140)            0.02      0.02       1.61 f
  core/core4_1/evalB/n27 (net)                  1                   0.00       1.61 f
  core/core4_1/evalB/U4/ZN (INVD2BWP40P140LVT)            0.05      0.04       1.65 r
  core/core4_1/evalB/io_out_6[23] (net)        26                   0.00       1.65 r
  core/core4_1/evalB/io_out_6[23] (Eval_352_5)                      0.00       1.65 r
  core/core4_1/evalB_io_out_6[23] (net)                             0.00       1.65 r
  core/core4_1/mult_x_7/b[23] (core4_0_DW_mult_tc_J11_0_1)          0.00       1.65 r
  core/core4_1/mult_x_7/b[23] (net)                                 0.00       1.65 r
  core/core4_1/mult_x_7/U1463/ZN (XNR2UD0BWP40P140)       0.06      0.05       1.70 r
  core/core4_1/mult_x_7/n1961 (net)             3                   0.00       1.70 r
  core/core4_1/mult_x_7/U1491/ZN (CKND0BWP40P140)         0.02      0.03       1.72 f
  core/core4_1/mult_x_7/n1852 (net)             1                   0.00       1.72 f
  core/core4_1/mult_x_7/U1545/ZN (IND3D0BWP40P140HVT)     0.39      0.26       1.99 f
  core/core4_1/mult_x_7/n3219 (net)            18                   0.00       1.99 f
  core/core4_1/mult_x_7/U1936/ZN (OAI222D0BWP40P140)      0.08      0.17       2.16 r
  core/core4_1/mult_x_7/n2038 (net)             1                   0.00       2.16 r
  core/core4_1/mult_x_7/U1937/ZN (AOI21D0BWP40P140)       0.04      0.04       2.21 f
  core/core4_1/mult_x_7/n2040 (net)             1                   0.00       2.21 f
  core/core4_1/mult_x_7/U1938/ZN (MUX2ND0BWP40P140)       0.06      0.05       2.25 r
  core/core4_1/mult_x_7/n2132 (net)             1                   0.00       2.25 r
  core/core4_1/mult_x_7/U1472/CO (HA1D0BWP40P140)         0.02      0.06       2.31 r
  core/core4_1/mult_x_7/n2126 (net)             1                   0.00       2.31 r
  core/core4_1/mult_x_7/U2002/S (FA1D1BWP40P140)          0.03      0.10       2.40 f
  core/core4_1/mult_x_7/n2237 (net)             1                   0.00       2.40 f
  core/core4_1/mult_x_7/U1592/S (FA1D0BWP40P140)          0.04      0.13       2.53 r
  core/core4_1/mult_x_7/n2357 (net)             1                   0.00       2.53 r
  core/core4_1/mult_x_7/U2172/S (FA1D1BWP40P140)          0.03      0.11       2.64 f
  core/core4_1/mult_x_7/n2506 (net)             1                   0.00       2.64 f
  core/core4_1/mult_x_7/U2272/S (FA1D1BWP40P140)          0.03      0.11       2.76 r
  core/core4_1/mult_x_7/n2672 (net)             1                   0.00       2.76 r
  core/core4_1/mult_x_7/U1629/CO (FA1D0BWP40P140)         0.03      0.08       2.83 r
  core/core4_1/mult_x_7/n2665 (net)             1                   0.00       2.83 r
  core/core4_1/mult_x_7/U2387/S (FA1D1BWP40P140)          0.03      0.10       2.93 f
  core/core4_1/mult_x_7/n2828 (net)             1                   0.00       2.93 f
  core/core4_1/mult_x_7/U2506/CO (FA1D1BWP40P140)         0.02      0.07       3.00 f
  core/core4_1/mult_x_7/n2821 (net)             1                   0.00       3.00 f
  core/core4_1/mult_x_7/U1640/CO (FA1D0BWP40P140)         0.03      0.07       3.07 f
  core/core4_1/mult_x_7/n2816 (net)             1                   0.00       3.07 f
  core/core4_1/mult_x_7/U2499/CO (FA1D1BWP40P140)         0.02      0.06       3.13 f
  core/core4_1/mult_x_7/n2811 (net)             1                   0.00       3.13 f
  core/core4_1/mult_x_7/U2495/CO (FA1D1BWP40P140)         0.02      0.06       3.18 f
  core/core4_1/mult_x_7/n2806 (net)             1                   0.00       3.18 f
  core/core4_1/mult_x_7/U1671/CO (FA1D0BWP40P140)         0.03      0.07       3.25 f
  core/core4_1/mult_x_7/n2801 (net)             1                   0.00       3.25 f
  core/core4_1/mult_x_7/U2526/S (FA1D0BWP40P140)          0.04      0.12       3.38 r
  core/core4_1/mult_x_7/n2977 (net)             1                   0.00       3.38 r
  core/core4_1/mult_x_7/U2647/S (FA1D0BWP40P140)          0.03      0.12       3.50 f
  core/core4_1/mult_x_7/n3304 (net)             1                   0.00       3.50 f
  core/core4_1/mult_x_7/U1709/CO (FA1D0BWP40P140)         0.03      0.08       3.58 f
  core/core4_1/mult_x_7/n3299 (net)             1                   0.00       3.58 f
  core/core4_1/mult_x_7/U1558/CO (FA1D1BWP40P140LVT)      0.02      0.05       3.63 f
  core/core4_1/mult_x_7/n3296 (net)             1                   0.00       3.63 f
  core/core4_1/mult_x_7/U1499/CO (FA1D1BWP40P140LVT)      0.02      0.04       3.67 f
  core/core4_1/mult_x_7/n3293 (net)             1                   0.00       3.67 f
  core/core4_1/mult_x_7/U1710/CO (FA1D0BWP40P140)         0.03      0.07       3.73 f
  core/core4_1/mult_x_7/n3290 (net)             1                   0.00       3.73 f
  core/core4_1/mult_x_7/U2747/CO (FA1D1BWP40P140)         0.02      0.06       3.79 f
  core/core4_1/mult_x_7/n3287 (net)             1                   0.00       3.79 f
  core/core4_1/mult_x_7/U2746/CO (FA1D1BWP40P140)         0.02      0.06       3.85 f
  core/core4_1/mult_x_7/n3284 (net)             1                   0.00       3.85 f
  core/core4_1/mult_x_7/U1711/CO (FA1D0BWP40P140)         0.03      0.07       3.92 f
  core/core4_1/mult_x_7/n3281 (net)             1                   0.00       3.92 f
  core/core4_1/mult_x_7/U2745/CO (FA1D1BWP40P140LVT)      0.02      0.05       3.97 f
  core/core4_1/mult_x_7/n3278 (net)             1                   0.00       3.97 f
  core/core4_1/mult_x_7/U2744/CO (FA1D1BWP40P140)         0.02      0.05       4.02 f
  core/core4_1/mult_x_7/n3275 (net)             1                   0.00       4.02 f
  core/core4_1/mult_x_7/U1712/CO (FA1D1BWP40P140LVT)      0.02      0.04       4.06 f
  core/core4_1/mult_x_7/n3198 (net)             2                   0.00       4.06 f
  core/core4_1/mult_x_7/U1476/ZN (ND2D1BWP40P140LVT)      0.03      0.01       4.08 r
  core/core4_1/mult_x_7/n1857 (net)             1                   0.00       4.08 r
  core/core4_1/mult_x_7/U1548/ZN (OAI21D1BWP40P140LVT)     0.05     0.03       4.11 f
  core/core4_1/mult_x_7/n1856 (net)             1                   0.00       4.11 f
  core/core4_1/mult_x_7/U1469/Z (XOR2UD1BWP40P140LVT)     0.03      0.04       4.14 f
  core/core4_1/mult_x_7/n3209 (net)             1                   0.00       4.14 f
  core/core4_1/mult_x_7/U1495/Z (XOR3UD1BWP40P140)        0.03      0.05       4.19 f
  core/core4_1/mult_x_7/n3232 (net)             1                   0.00       4.19 f
  core/core4_1/mult_x_7/U1475/Z (XOR2D0BWP40P140)         0.02      0.06       4.25 r
  core/core4_1/mult_x_7/n1859 (net)             1                   0.00       4.25 r
  core/core4_1/mult_x_7/U1494/Z (XOR3D0BWP40P140)         0.02      0.07       4.32 f
  core/core4_1/mult_x_7/n3262 (net)             2                   0.00       4.32 f
  core/core4_1/mult_x_7/U1474/ZN (OAI21D1BWP40P140LVT)     0.02     0.02       4.33 r
  core/core4_1/mult_x_7/n3259 (net)             1                   0.00       4.33 r
  core/core4_1/mult_x_7/U1493/ZN (OAI31D0BWP40P140LVT)     0.04     0.03       4.36 f
  core/core4_1/mult_x_7/n3270 (net)             1                   0.00       4.36 f
  core/core4_1/mult_x_7/U1576/Z (XOR2D0BWP40P140)         0.02      0.07       4.43 r
  core/core4_1/mult_x_7/n3272 (net)             2                   0.00       4.43 r
  core/core4_1/mult_x_7/U1559/ZN (OAI21D1BWP40P140LVT)     0.03     0.02       4.45 f
  core/core4_1/mult_x_7/n3271 (net)             1                   0.00       4.45 f
  core/core4_1/mult_x_7/U1713/ZN (OAI31D0BWP40P140LVT)     0.03     0.02       4.48 r
  core/core4_1/mult_x_7/product[40] (net)       1                   0.00       4.48 r
  core/core4_1/mult_x_7/product[40] (core4_0_DW_mult_tc_J11_0_1)     0.00      4.48 r
  core/core4_1/n_w_6_T_1[40] (net)                                  0.00       4.48 r
  core/core4_1/s_w_6_reg_40_/D (DFQD1BWP40P140)           0.03      0.00       4.48 r
  data arrival time                                                            4.48

  clock clock_main (rise edge)                                      5.00       5.00
  clock network delay (ideal)                                       0.00       5.00
  clock uncertainty                                                -0.50       4.50
  core/core4_1/s_w_6_reg_40_/CP (DFQD1BWP40P140)                    0.00       4.50 r
  library setup time                                               -0.02       4.48
  data required time                                                           4.48
  ---------------------------------------------------------------------------------------------------------
  data required time                                                           4.48
  data arrival time                                                           -4.48
  ---------------------------------------------------------------------------------------------------------
  slack (MET)                                                                  0.00


  Startpoint: io_b_we (input port clocked by clock_main)
  Endpoint: inBRam/GEN_16x512_u_ram/GEN_SRAM_32x96_0__u_sram
            (rising edge-triggered flip-flop clocked by clock_main)
  Path Group: REGIN
  Path Type: max

  Des/Clust/Port     Wire Load Model       Library
  ------------------------------------------------
  ToomCook1024       ZeroWireload          tcbn28hpcplusbwp40p140hvtssg0p81vm40c_ccs
  sp_ram_WIDTH512_DEPTH16 ZeroWireload     tcbn28hpcplusbwp40p140hvtssg0p81vm40c_ccs
  sp_ram_16x512      ZeroWireload          tcbn28hpcplusbwp40p140hvtssg0p81vm40c_ccs

Attributes:
    d - dont_touch
    u - dont_use
   mo - map_only
   so - size_only
    i - ideal_net or ideal_network
  inf - infeasible path

  Point                                       Fanout     Trans      Incr       Path      Attributes
  ---------------------------------------------------------------------------------------------------------
  clock clock_main (rise edge)                                      0.00       0.00
  clock network delay (ideal)                                       0.00       0.00
  input external delay                                              1.00       1.00 r
  io_b_we (in)                                            0.00      0.00       1.00 r
  io_b_we (net)                                 1                   0.00       1.00 r
  U81677/ZN (ND2D0BWP40P140HVT)                           0.17      0.10       1.10 f
  n16706 (net)                                  8                   0.00       1.10 f
  U81628/ZN (INVD0P7BWP40P140)                            0.62      0.44       1.55 r
  n62725 (net)                                133                   0.00       1.55 r
  U81794/Z (BUFFD0P7BWP40P140)                            0.61      0.45       2.00 r
  n61193 (net)                                135                   0.00       2.00 r
  U98150/Z (AN2D0BWP40P140)                               0.02      0.12       2.12 r
  inBRam_din[3] (net)                           1                   0.00       2.12 r
  inBRam/din[3] (sp_ram_WIDTH512_DEPTH16)                           0.00       2.12 r
  inBRam/din[3] (net)                                               0.00       2.12 r
  inBRam/GEN_16x512_u_ram/din[3] (sp_ram_16x512)                    0.00       2.12 r
  inBRam/GEN_16x512_u_ram/din[3] (net)                              0.00       2.12 r
  inBRam/GEN_16x512_u_ram/GEN_SRAM_32x96_0__u_sram/D[3] (TS1N28HPCPHVTB32X96M4S)     0.02     0.00     2.12 r d u mo 
  data arrival time                                                            2.12

  clock clock_main (rise edge)                                      5.00       5.00
  clock network delay (ideal)                                       0.00       5.00
  clock uncertainty                                                -0.50       4.50
  inBRam/GEN_16x512_u_ram/GEN_SRAM_32x96_0__u_sram/CLK (TS1N28HPCPHVTB32X96M4S)     0.00     4.50 r
  library setup time                                               -0.15       4.35
  data required time                                                           4.35
  ---------------------------------------------------------------------------------------------------------
  data required time                                                           4.35
  data arrival time                                                           -2.12
  ---------------------------------------------------------------------------------------------------------
  slack (MET)                                                                  2.23


  Startpoint: outRam/GEN_16x1536_u_ram/GEN_SRAM_32x96_0__u_sram
              (rising edge-triggered flip-flop clocked by clock_main)
  Endpoint: io_c_dout[0]
            (output port clocked by clock_main)
  Path Group: REGOUT
  Path Type: max

  Des/Clust/Port     Wire Load Model       Library
  ------------------------------------------------
  ToomCook1024       ZeroWireload          tcbn28hpcplusbwp40p140hvtssg0p81vm40c_ccs
  sp_ram_25x576_10   ZeroWireload          tcbn28hpcplusbwp40p140hvtssg0p81vm40c_ccs
  sp_ram_25x576_9    ZeroWireload          tcbn28hpcplusbwp40p140hvtssg0p81vm40c_ccs
  sp_ram_25x576_8    ZeroWireload          tcbn28hpcplusbwp40p140hvtssg0p81vm40c_ccs
  sp_ram_25x576_4    ZeroWireload          tcbn28hpcplusbwp40p140hvtssg0p81vm40c_ccs
  sp_ram_25x576_3    ZeroWireload          tcbn28hpcplusbwp40p140hvtssg0p81vm40c_ccs
  sp_ram_25x576_2    ZeroWireload          tcbn28hpcplusbwp40p140hvtssg0p81vm40c_ccs
  sp_ram_25x576_1    ZeroWireload          tcbn28hpcplusbwp40p140hvtssg0p81vm40c_ccs
  sp_ram_25x576_12   ZeroWireload          tcbn28hpcplusbwp40p140hvtssg0p81vm40c_ccs
  sp_ram_25x576_7    ZeroWireload          tcbn28hpcplusbwp40p140hvtssg0p81vm40c_ccs
  sp_ram_25x576_6    ZeroWireload          tcbn28hpcplusbwp40p140hvtssg0p81vm40c_ccs
  sp_ram_25x576_5    ZeroWireload          tcbn28hpcplusbwp40p140hvtssg0p81vm40c_ccs
  sp_ram_25x576_0    ZeroWireload          tcbn28hpcplusbwp40p140hvtssg0p81vm40c_ccs
  sp_ram_WIDTH576_DEPTH25_10 ZeroWireload  tcbn28hpcplusbwp40p140hvtssg0p81vm40c_ccs
  sp_ram_WIDTH576_DEPTH25_9 ZeroWireload   tcbn28hpcplusbwp40p140hvtssg0p81vm40c_ccs
  sp_ram_WIDTH576_DEPTH25_8 ZeroWireload   tcbn28hpcplusbwp40p140hvtssg0p81vm40c_ccs
  sp_ram_WIDTH576_DEPTH25_4 ZeroWireload   tcbn28hpcplusbwp40p140hvtssg0p81vm40c_ccs
  sp_ram_WIDTH576_DEPTH25_3 ZeroWireload   tcbn28hpcplusbwp40p140hvtssg0p81vm40c_ccs
  sp_ram_WIDTH576_DEPTH25_2 ZeroWireload   tcbn28hpcplusbwp40p140hvtssg0p81vm40c_ccs
  sp_ram_WIDTH576_DEPTH25_1 ZeroWireload   tcbn28hpcplusbwp40p140hvtssg0p81vm40c_ccs
  sp_ram_WIDTH576_DEPTH25_12 ZeroWireload  tcbn28hpcplusbwp40p140hvtssg0p81vm40c_ccs
  sp_ram_WIDTH576_DEPTH25_7 ZeroWireload   tcbn28hpcplusbwp40p140hvtssg0p81vm40c_ccs
  sp_ram_WIDTH576_DEPTH25_6 ZeroWireload   tcbn28hpcplusbwp40p140hvtssg0p81vm40c_ccs
  sp_ram_WIDTH576_DEPTH25_5 ZeroWireload   tcbn28hpcplusbwp40p140hvtssg0p81vm40c_ccs
  sp_ram_WIDTH576_DEPTH25_0 ZeroWireload   tcbn28hpcplusbwp40p140hvtssg0p81vm40c_ccs
  Interpolation_0    ZeroWireload          tcbn28hpcplusbwp40p140hvtssg0p81vm40c_ccs
  Interpolation_1    ZeroWireload          tcbn28hpcplusbwp40p140hvtssg0p81vm40c_ccs
  Interpolation_2    ZeroWireload          tcbn28hpcplusbwp40p140hvtssg0p81vm40c_ccs
  Interpolation_3    ZeroWireload          tcbn28hpcplusbwp40p140hvtssg0p81vm40c_ccs
  Interpolation_4    ZeroWireload          tcbn28hpcplusbwp40p140hvtssg0p81vm40c_ccs
  Interpolation_5    ZeroWireload          tcbn28hpcplusbwp40p140hvtssg0p81vm40c_ccs
  Interpolation_6    ZeroWireload          tcbn28hpcplusbwp40p140hvtssg0p81vm40c_ccs
  Interpolation_7    ZeroWireload          tcbn28hpcplusbwp40p140hvtssg0p81vm40c_ccs
  core4_0            ZeroWireload          tcbn28hpcplusbwp40p140hvtssg0p81vm40c_ccs
  core4_1            ZeroWireload          tcbn28hpcplusbwp40p140hvtssg0p81vm40c_ccs
  core4_2            ZeroWireload          tcbn28hpcplusbwp40p140hvtssg0p81vm40c_ccs
  core4_3            ZeroWireload          tcbn28hpcplusbwp40p140hvtssg0p81vm40c_ccs
  core4_4            ZeroWireload          tcbn28hpcplusbwp40p140hvtssg0p81vm40c_ccs
  core4_5            ZeroWireload          tcbn28hpcplusbwp40p140hvtssg0p81vm40c_ccs
  core4_6            ZeroWireload          tcbn28hpcplusbwp40p140hvtssg0p81vm40c_ccs
  sp_ram_25x576_11   ZeroWireload          tcbn28hpcplusbwp40p140hvtssg0p81vm40c_ccs
  sp_ram_25x576_13   ZeroWireload          tcbn28hpcplusbwp40p140hvtssg0p81vm40c_ccs
  sp_ram_172x464_0   ZeroWireload          tcbn28hpcplusbwp40p140hvtssg0p81vm40c_ccs
  sp_ram_172x464_1   ZeroWireload          tcbn28hpcplusbwp40p140hvtssg0p81vm40c_ccs
  sp_ram_172x624_0   ZeroWireload          tcbn28hpcplusbwp40p140hvtssg0p81vm40c_ccs
  sp_ram_172x624_1   ZeroWireload          tcbn28hpcplusbwp40p140hvtssg0p81vm40c_ccs
  sp_ram_16x1536_0   ZeroWireload          tcbn28hpcplusbwp40p140hvtssg0p81vm40c_ccs
  sp_ram_16x512      ZeroWireload          tcbn28hpcplusbwp40p140hvtssg0p81vm40c_ccs
  sp_ram_16x1536_1   ZeroWireload          tcbn28hpcplusbwp40p140hvtssg0p81vm40c_ccs
  core16             ZeroWireload          tcbn28hpcplusbwp40p140hvtssg0p81vm40c_ccs
  sp_ram_WIDTH576_DEPTH25_11 ZeroWireload  tcbn28hpcplusbwp40p140hvtssg0p81vm40c_ccs
  sp_ram_WIDTH576_DEPTH25_13 ZeroWireload  tcbn28hpcplusbwp40p140hvtssg0p81vm40c_ccs
  sp_ram_WIDTH464_DEPTH172_0 ZeroWireload  tcbn28hpcplusbwp40p140hvtssg0p81vm40c_ccs
  sp_ram_WIDTH464_DEPTH172_1 ZeroWireload  tcbn28hpcplusbwp40p140hvtssg0p81vm40c_ccs
  sp_ram_WIDTH624_DEPTH172_0 ZeroWireload  tcbn28hpcplusbwp40p140hvtssg0p81vm40c_ccs
  sp_ram_WIDTH624_DEPTH172_1 ZeroWireload  tcbn28hpcplusbwp40p140hvtssg0p81vm40c_ccs
  sp_ram_WIDTH1536_DEPTH16_0 ZeroWireload  tcbn28hpcplusbwp40p140hvtssg0p81vm40c_ccs
  sp_ram_WIDTH512_DEPTH16 ZeroWireload     tcbn28hpcplusbwp40p140hvtssg0p81vm40c_ccs
  sp_ram_WIDTH1536_DEPTH16_1 ZeroWireload  tcbn28hpcplusbwp40p140hvtssg0p81vm40c_ccs

Attributes:
    d - dont_touch
    u - dont_use
   mo - map_only
   so - size_only
    i - ideal_net or ideal_network
  inf - infeasible path

  Point                                       Fanout     Trans      Incr       Path      Attributes
  ---------------------------------------------------------------------------------------------------------
  clock clock_main (rise edge)                                      0.00       0.00
  clock network delay (ideal)                                       0.00       0.00
  outRam/GEN_16x1536_u_ram/GEN_SRAM_32x96_0__u_sram/CLK (TS1N28HPCPHVTB32X96M4S)     0.05     0.00 #     0.00 r d u mo i 
  outRam/GEN_16x1536_u_ram/GEN_SRAM_32x96_0__u_sram/Q[0] (TS1N28HPCPHVTB32X96M4S)     0.02     0.67     0.67 r d u mo 
  outRam/GEN_16x1536_u_ram/dout[0] (net)        1                   0.00       0.67 r
  outRam/GEN_16x1536_u_ram/dout[0] (sp_ram_16x1536_0)               0.00       0.67 r
  outRam/dout[0] (net)                                              0.00       0.67 r
  outRam/dout[0] (sp_ram_WIDTH1536_DEPTH16_0)                       0.00       0.67 r
  io_c_dout[0] (net)                                                0.00       0.67 r
  io_c_dout[0] (out)                                      0.02      0.00       0.67 r
  data arrival time                                                            0.67

  clock clock_main (rise edge)                                      5.00       5.00
  clock network delay (ideal)                                       0.00       5.00
  clock uncertainty                                                -0.50       4.50
  output external delay                                            -1.00       3.50
  data required time                                                           3.50
  ---------------------------------------------------------------------------------------------------------
  data required time                                                           3.50
  data arrival time                                                           -0.67
  ---------------------------------------------------------------------------------------------------------
  slack (MET)                                                                  2.83


  Startpoint: i2Correct_reg
              (rising edge-triggered flip-flop clocked by clock_main)
  Endpoint: clk_gate_w0Buf_3_0_0_reg/latch
            (gating element for clock clock_main)
  Path Group: clock_main
  Path Type: max

  Des/Clust/Port     Wire Load Model       Library
  ------------------------------------------------
  ToomCook1024       ZeroWireload          tcbn28hpcplusbwp40p140hvtssg0p81vm40c_ccs

Attributes:
    d - dont_touch
    u - dont_use
   mo - map_only
   so - size_only
    i - ideal_net or ideal_network
  inf - infeasible path

  Point                                       Fanout     Trans      Incr       Path      Attributes
  ---------------------------------------------------------------------------------------------------------
  clock clock_main (rise edge)                                      0.00       0.00
  clock network delay (ideal)                                       0.00       0.00
  i2Correct_reg/CP (DFQD1BWP40P140)                       0.05      0.00       0.00 r
  i2Correct_reg/Q (DFQD1BWP40P140)                        0.51      0.36       0.36 r
  i2Correct (net)                              73                   0.00       0.36 r
  U96869/ZN (CKND0BWP40P140)                              0.14      0.16       0.52 f
  n63814 (net)                                  5                   0.00       0.52 f
  U90978/ZN (INVD3BWP40P140)                              0.59      0.41       0.93 r
  n64708 (net)                                271                   0.00       0.93 r
  U95773/ZN (ND2D0BWP40P140HVT)                           0.16      0.21       1.13 f
  n63627 (net)                                  4                   0.00       1.13 f
  U108370/ZN (OAI31D0BWP40P140HVT)                        0.07      0.12       1.26 r
  N13523 (net)                                  1                   0.00       1.26 r
  clk_gate_w0Buf_3_0_0_reg/EN (SNPS_CLOCK_GATE_HIGH_ToomCook1024_169)     0.00     1.26 r
  clk_gate_w0Buf_3_0_0_reg/EN (net)                                 0.00       1.26 r
  clk_gate_w0Buf_3_0_0_reg/latch/E (CKLNQD1BWP40P140HVT)     0.07     0.00     1.26 r    so 
  data arrival time                                                            1.26

  clock clock_main (rise edge)                                      5.00       5.00
  clock network delay (ideal)                                       0.00       5.00
  clock uncertainty                                                -0.50       4.50
  clk_gate_w0Buf_3_0_0_reg/latch/CP (CKLNQD1BWP40P140HVT)           0.00       4.50 r
  clock gating setup time                                          -0.08       4.42
  data required time                                                           4.42
  ---------------------------------------------------------------------------------------------------------
  data required time                                                           4.42
  data arrival time                                                           -1.26
  ---------------------------------------------------------------------------------------------------------
  slack (MET)                                                                  3.17


1
