 
****************************************
Report : area
Design : core4_a36_b16_c36
Version: O-2018.06-SP5
Date   : Tue May 12 08:51:31 2026
****************************************

Library(s) Used:

    tcbn28hpcplusbwp40p140lvtssg0p81vm40c_ccs (File: /export1/Library/TN28HPC+/STD_CELL_ext/track9_200824/TSMCHOME/digital/Front_End/timing_power_noise/CCS/tcbn28hpcplusbwp40p140lvt_180a/tcbn28hpcplusbwp40p140lvtssg0p81vm40c_ccs.db)
    tcbn28hpcplusbwp40p140ssg0p81vm40c_ccs (File: /export1/Library/TN28HPC+/STD_CELL_ext/track9_200824/TSMCHOME/digital/Front_End/timing_power_noise/CCS/tcbn28hpcplusbwp40p140_180a/tcbn28hpcplusbwp40p140ssg0p81vm40c_ccs.db)
    tcbn28hpcplusbwp40p140hvtssg0p81vm40c_ccs (File: /export1/Library/TN28HPC+/STD_CELL_ext/track9_200824/TSMCHOME/digital/Front_End/timing_power_noise/CCS/tcbn28hpcplusbwp40p140hvt_180a/tcbn28hpcplusbwp40p140hvtssg0p81vm40c_ccs.db)

Number of ports:                         4226
Number of nets:                         15861
Number of cells:                         8886
Number of combinational cells:           8446
Number of sequential cells:               416
Number of macros/black boxes:               0
Number of buf/inv:                        833
Number of references:                      14

Combinational area:              10329.857831
Buf/Inv area:                      223.146002
Noncombinational area:             838.656013
Macro/Black Box area:                0.000000
Net Interconnect area:      undefined  (Wire load has zero net area)

Total cell area:                 11168.513845
Total area:                 undefined

Hierarchical area distribution
------------------------------

                                  Global cell area            Local cell area
                                  -------------------  ----------------------------- 
Hierarchical cell                 Absolute    Percent  Combi-      Noncombi-  Black-
                                  Total       Total    national    national   boxes   Design
--------------------------------  ----------  -------  ----------  ---------  ------  -------------------------------------------
core4_a36_b16_c36                 11168.5138    100.0      1.0080   546.3360  0.0000  core4_a36_b16_c36
evalA                               900.5220      8.1     28.0980     0.0000  0.0000  Eval
evalA/DP_OP_52J2_123_3307           231.3360      2.1    231.3360     0.0000  0.0000  Eval_DP_OP_52J2_123_3307_J2_0
evalA/DP_OP_53J2_124_7384           319.7880      2.9    319.7880     0.0000  0.0000  Eval_DP_OP_53J2_124_7384_J2_0
evalA/DP_OP_54J2_125_3435           321.3000      2.9    321.3000     0.0000  0.0000  Eval_DP_OP_54J2_125_3435_J2_0
evalB                               417.0600      3.7     14.4900     0.0000  0.0000  Eval_1
evalB/DP_OP_52J3_122_4926           108.3600      1.0    108.3600     0.0000  0.0000  Eval_1_DP_OP_52J3_122_4926_J3_0
evalB/DP_OP_53J3_123_4557           143.6400      1.3    143.6400     0.0000  0.0000  Eval_1_DP_OP_53J3_123_4557_J3_0
evalB/DP_OP_54J3_124_8477           150.5700      1.3    150.5700     0.0000  0.0000  Eval_1_DP_OP_54J3_124_8477_J3_0
interp                             2883.6360     25.8      0.7560   292.3200  0.0000  Interpolation
interp/interp                      2590.5600     23.2      0.2520     0.0000  0.0000  InterpolationComb
interp/interp/DP_OP_106J2_122_6288  2590.3080    23.2   2590.3080     0.0000  0.0000  InterpolationComb_DP_OP_106J2_122_6288_J2_0
mult_x_1                            807.4080      7.2    807.4080     0.0000  0.0000  core4_a36_b16_c36_DW_mult_uns_J3_2
mult_x_2                            934.0380      8.4    934.0380     0.0000  0.0000  core4_a36_b16_c36_DW_mult_tc_J3_3
mult_x_3                            933.0300      8.4    933.0300     0.0000  0.0000  core4_a36_b16_c36_DW_mult_uns_J3_1
mult_x_4                            913.6260      8.2    913.6260     0.0000  0.0000  core4_a36_b16_c36_DW_mult_tc_J3_2
mult_x_5                           1012.1580      9.1   1012.1580     0.0000  0.0000  core4_a36_b16_c36_DW_mult_tc_J3_1
mult_x_6                           1012.2840      9.1   1012.2840     0.0000  0.0000  core4_a36_b16_c36_DW_mult_tc_J3_0
mult_x_7                            807.4080      7.2    807.4080     0.0000  0.0000  core4_a36_b16_c36_DW_mult_uns_J3_0
--------------------------------  ----------  -------  ----------  ---------  ------  -------------------------------------------
Total                                                  10329.8578   838.6560  0.0000

1
