Information: Updating design information... (UID-85)
Warning: Design 'core64_a28_b8_c28' contains 3 high-fanout nets. A fanout number of 1000 will be used for delay calculations involving these nets. (TIM-134)
 
****************************************
Report : qor
Design : core64_a28_b8_c28
Version: O-2018.06-SP5
Date   : Wed May 13 01:49:22 2026
****************************************


  Timing Path Group 'clk'
  -----------------------------------
  Levels of Logic:              65.00
  Critical Path Length:          4.46
  Critical Path Slack:           0.00
  Critical Path Clk Period:      5.00
  Total Negative Slack:          0.00
  No. of Violating Paths:        0.00
  Worst Hold Violation:          0.00
  Total Hold Violation:          0.00
  No. of Hold Violations:        0.00
  -----------------------------------


  Cell Count
  -----------------------------------
  Hierarchical Cell Count:       1314
  Hierarchical Port Count:     330398
  Leaf Cell Count:             498929
  Buf/Inv Cell Count:           61059
  Buf Cell Count:                9514
  Inv Cell Count:               51545
  CT Buf/Inv Cell Count:            0
  Combinational Cell Count:    464471
  Sequential Cell Count:        34458
  Macro Count:                      0
  -----------------------------------


  Area
  -----------------------------------
  Combinational Area:   595318.616541
  Noncombinational Area: 67880.610529
  Buf/Inv Area:          16594.452125
  Total Buffer Area:          3596.29
  Total Inverter Area:       12998.16
  Macro/Black Box Area:      0.000000
  Net Area:                  0.000000
  -----------------------------------
  Cell Area:            663199.227070
  Design Area:          663199.227070


  Design Rules
  -----------------------------------
  Total Number of Nets:        708981
  Nets With Violations:             0
  Max Trans Violations:             0
  Max Cap Violations:               0
  -----------------------------------


  Hostname: inspur19

  Compile CPU Statistics
  -----------------------------------------
  Resource Sharing:                    0.00
  Logic Optimization:                  0.00
  Mapping Optimization:                0.00
  -----------------------------------------
  Overall Compile Time:             7936.28
  Overall Compile Wall Clock Time:   704.44

  --------------------------------------------------------------------

  Design  WNS: 0.00  TNS: 0.00  Number of Violating Paths: 0


  Design (Hold)  WNS: 0.00  TNS: 0.00  Number of Violating Paths: 0

  --------------------------------------------------------------------


1
