 
****************************************
Report : area
Design : core16_a32_b14_c32
Version: O-2018.06-SP5
Date   : Tue May 12 16:11:08 2026
****************************************

Library(s) Used:

    tcbn28hpcplusbwp40p140lvtssg0p81vm40c_ccs (File: /export1/Library/TN28HPC+/STD_CELL_ext/track9_200824/TSMCHOME/digital/Front_End/timing_power_noise/CCS/tcbn28hpcplusbwp40p140lvt_180a/tcbn28hpcplusbwp40p140lvtssg0p81vm40c_ccs.db)
    tcbn28hpcplusbwp40p140ssg0p81vm40c_ccs (File: /export1/Library/TN28HPC+/STD_CELL_ext/track9_200824/TSMCHOME/digital/Front_End/timing_power_noise/CCS/tcbn28hpcplusbwp40p140_180a/tcbn28hpcplusbwp40p140ssg0p81vm40c_ccs.db)
    tcbn28hpcplusbwp40p140hvtssg0p81vm40c_ccs (File: /export1/Library/TN28HPC+/STD_CELL_ext/track9_200824/TSMCHOME/digital/Front_End/timing_power_noise/CCS/tcbn28hpcplusbwp40p140hvt_180a/tcbn28hpcplusbwp40p140hvtssg0p81vm40c_ccs.db)

Number of ports:                        42600
Number of nets:                        139322
Number of cells:                        72919
Number of combinational cells:          67968
Number of sequential cells:              4305
Number of macros/black boxes:               0
Number of buf/inv:                       8025
Number of references:                      21

Combinational area:              85429.258635
Buf/Inv area:                     2172.618017
Noncombinational area:            8672.202137
Macro/Black Box area:                0.000000
Net Interconnect area:      undefined  (Wire load has zero net area)

Total cell area:                 94101.460772
Total area:                 undefined

Hierarchical area distribution
------------------------------

                                  Global cell area            Local cell area
                                  -------------------  ----------------------------- 
Hierarchical cell                 Absolute    Percent  Combi-      Noncombi-  Black-
                                  Total       Total    national    national   boxes   Design
--------------------------------  ----------  -------  ----------  ---------  ------  -------------------------------------------------
core16_a32_b14_c32                94101.4608    100.0      2.0160  1953.5040  0.0000  core16_a32_b14_c32
core4_0                           10201.4639     10.8      1.0080   531.4680  0.0000  core4_6
core4_0/evalA                       814.3380      0.9     24.6960     0.0000  0.0000  Eval_8_6
core4_0/evalA/DP_OP_54J8_125_3710   211.6800      0.2    211.6800     0.0000  0.0000  Eval_8_6_DP_OP_54J8_125_3710_J8_0
core4_0/evalA/DP_OP_55J8_126_189    286.0200      0.3    286.0200     0.0000  0.0000  Eval_8_6_DP_OP_55J8_126_189_J8_0
core4_0/evalA/DP_OP_56J8_127_7474   291.9420      0.3    291.9420     0.0000  0.0000  Eval_8_6_DP_OP_56J8_127_7474_J8_0
core4_0/evalB                       370.5660      0.4     11.8440     0.0000  0.0000  Eval_9_6
core4_0/evalB/DP_OP_54J6_122_9182    96.0120      0.1     96.0120     0.0000  0.0000  Eval_9_6_DP_OP_54J6_122_9182_J6_0
core4_0/evalB/DP_OP_55J6_123_1285   128.3940      0.1    128.3940     0.0000  0.0000  Eval_9_6_DP_OP_55J6_123_1285_J6_0
core4_0/evalB/DP_OP_56J6_124_8200   134.3160      0.1    134.3160     0.0000  0.0000  Eval_9_6_DP_OP_56J6_124_8200_J6_0
core4_0/interp                     2704.8420      2.9      0.7560   276.1920  0.0000  Interpolation_6
core4_0/interp/interp              2427.8940      2.6      0.2520     0.0000  0.0000  InterpolationComb_6
core4_0/interp/interp/DP_OP_106J11_122_6007  2427.6420     2.6  2427.6420    0.0000 0.0000 InterpolationComb_0_DP_OP_106J11_122_6007_J11_0_2
core4_0/mult_x_1                    686.3220      0.7    686.3220     0.0000  0.0000  core4_6_DW_mult_uns_J6_3
core4_0/mult_x_2                    894.0960      1.0    894.0960     0.0000  0.0000  core4_6_DW_mult_uns_J6_2
core4_0/mult_x_3                    797.9580      0.8    797.9580     0.0000  0.0000  core4_6_DW_mult_tc_J6_2
core4_0/mult_x_4                    850.7520      0.9    850.7520     0.0000  0.0000  core4_6_DW_mult_tc_J6_1
core4_0/mult_x_5                    911.7360      1.0    911.7360     0.0000  0.0000  core4_6_DW_mult_uns_J6_1
core4_0/mult_x_6                    952.0560      1.0    952.0560     0.0000  0.0000  core4_6_DW_mult_tc_J6_0
core4_0/mult_x_7                    686.3220      0.7    686.3220     0.0000  0.0000  core4_6_DW_mult_uns_J6_0
core4_1                           11532.0238     12.3      1.0080   531.0900  0.0000  core4_5
core4_1/evalA                       896.4900      1.0     28.4760     0.0000  0.0000  Eval_8_5
core4_1/evalA/DP_OP_53J8_122_3262   229.1940      0.2    229.1940     0.0000  0.0000  Eval_8_1_DP_OP_53J8_122_3262_J8_0_2
core4_1/evalA/DP_OP_54J8_123_2021   323.9460      0.3    323.9460     0.0000  0.0000  Eval_8_1_DP_OP_54J8_123_2021_J8_0_2
core4_1/evalA/DP_OP_55J8_124_534    314.8740      0.3    314.8740     0.0000  0.0000  Eval_8_1_DP_OP_55J8_124_534_J8_0_2
core4_1/evalB                       486.7380      0.5     15.7500     0.0000  0.0000  Eval_9_5
core4_1/evalB/DP_OP_54J11_126_6861   125.3700     0.1    125.3700     0.0000  0.0000  Eval_9_5_DP_OP_54J11_126_6861_J11_0
core4_1/evalB/DP_OP_55J11_127_7444   173.2500     0.2    173.2500     0.0000  0.0000  Eval_9_5_DP_OP_55J11_127_7444_J11_0
core4_1/evalB/DP_OP_56J11_128_3026   172.3680     0.2    172.3680     0.0000  0.0000  Eval_9_5_DP_OP_56J11_128_3026_J11_0
core4_1/interp                     2703.8340      2.9      0.7560   276.1920  0.0000  Interpolation_5
core4_1/interp/interp              2426.8860      2.6      0.2520     0.0000  0.0000  InterpolationComb_5
core4_1/interp/interp/DP_OP_106J11_122_6007  2426.6340     2.6  2426.6340    0.0000 0.0000 InterpolationComb_0_DP_OP_106J11_122_6007_J11_0_1
core4_1/mult_x_1                    894.0960      1.0    894.0960     0.0000  0.0000  core4_5_DW_mult_uns_J13_1
core4_1/mult_x_2                   1006.1100      1.1   1006.1100     0.0000  0.0000  core4_5_DW_mult_tc_J13_4
core4_1/mult_x_3                   1002.4560      1.1   1002.4560     0.0000  0.0000  core4_5_DW_mult_tc_J13_3
core4_1/mult_x_4                   1035.4680      1.1   1035.4680     0.0000  0.0000  core4_5_DW_mult_tc_J13_2
core4_1/mult_x_5                   1040.3820      1.1   1040.3820     0.0000  0.0000  core4_5_DW_mult_tc_J13_1
core4_1/mult_x_6                   1040.2560      1.1   1040.2560     0.0000  0.0000  core4_5_DW_mult_tc_J13_0
core4_1/mult_x_7                    894.0960      1.0    894.0960     0.0000  0.0000  core4_5_DW_mult_uns_J13_0
core4_2                           10876.6979     11.6      1.0080   530.5860  0.0000  core4_4
core4_2/evalA                       859.6980      0.9     26.2080     0.0000  0.0000  Eval_8_4
core4_2/evalA/DP_OP_54J11_123_6538   222.5160     0.2    222.5160     0.0000  0.0000  Eval_8_4_DP_OP_54J11_123_6538_J11_0
core4_2/evalA/DP_OP_55J11_124_9249   302.9040     0.3    302.9040     0.0000  0.0000  Eval_8_4_DP_OP_55J11_124_9249_J11_0
core4_2/evalA/DP_OP_56J11_125_8751   308.0700     0.3    308.0700     0.0000  0.0000  Eval_8_4_DP_OP_56J11_125_8751_J11_0
core4_2/evalB                       418.3200      0.4     12.8520     0.0000  0.0000  Eval_9_4
core4_2/evalB/DP_OP_54J8_128_9127   108.8640      0.1    108.8640     0.0000  0.0000  Eval_9_4_DP_OP_54J8_128_9127_J8_0
core4_2/evalB/DP_OP_55J8_129_5372   145.2780      0.2    145.2780     0.0000  0.0000  Eval_9_4_DP_OP_55J8_129_5372_J8_0
core4_2/evalB/DP_OP_56J8_130_271    151.3260      0.2    151.3260     0.0000  0.0000  Eval_9_4_DP_OP_56J8_130_271_J8_0
core4_2/interp                     2806.6500      3.0      0.7560   284.2560  0.0000  Interpolation_4
core4_2/interp/interp              2521.6380      2.7      0.2520     0.0000  0.0000  InterpolationComb_4
core4_2/interp/interp/DP_OP_106J9_122_7677  2521.3860     2.7  2521.3860    0.0000 0.0000 InterpolationComb_1_DP_OP_106J9_122_7677_J9_0_3
core4_2/mult_x_1                    781.0740      0.8    781.0740     0.0000  0.0000  core4_4_DW_mult_uns_J7_3
core4_2/mult_x_2                    942.6060      1.0    942.6060     0.0000  0.0000  core4_4_DW_mult_uns_J7_2
core4_2/mult_x_3                    902.2860      1.0    902.2860     0.0000  0.0000  core4_4_DW_mult_tc_J7_2
core4_2/mult_x_4                    884.3940      0.9    884.3940     0.0000  0.0000  core4_4_DW_mult_tc_J7_1
core4_2/mult_x_5                    993.8880      1.1    993.8880     0.0000  0.0000  core4_4_DW_mult_uns_J7_1
core4_2/mult_x_6                    975.1140      1.0    975.1140     0.0000  0.0000  core4_4_DW_mult_tc_J7_0
core4_2/mult_x_7                    781.0740      0.8    781.0740     0.0000  0.0000  core4_4_DW_mult_uns_J7_0
core4_3                           11608.7578     12.3      0.7560   531.5940  0.0000  core4_3
core4_3/evalA                       904.9320      1.0     29.2320     0.0000  0.0000  Eval_8_3
core4_3/evalA/DP_OP_53J8_122_3262   229.0680      0.2    229.0680     0.0000  0.0000  Eval_8_1_DP_OP_53J8_122_3262_J8_0_1
core4_3/evalA/DP_OP_54J8_123_2021   329.9940      0.4    329.9940     0.0000  0.0000  Eval_8_1_DP_OP_54J8_123_2021_J8_0_1
core4_3/evalA/DP_OP_55J8_124_534    316.6380      0.3    316.6380     0.0000  0.0000  Eval_8_1_DP_OP_55J8_124_534_J8_0_1
core4_3/evalB                       533.1060      0.6     18.1440     0.0000  0.0000  Eval_9_3
core4_3/evalB/DP_OP_53J9_126_4467   132.6780      0.1    132.6780     0.0000  0.0000  Eval_9_1_DP_OP_53J9_126_4467_J9_0_1
core4_3/evalB/DP_OP_54J9_127_1582   197.8200      0.2    197.8200     0.0000  0.0000  Eval_9_1_DP_OP_54J9_127_1582_J9_0_1
core4_3/evalB/DP_OP_55J9_128_5235   184.4640      0.2    184.4640     0.0000  0.0000  Eval_9_1_DP_OP_55J9_128_5235_J9_0_1
core4_3/interp                     2806.6500      3.0      0.7560   284.2560  0.0000  Interpolation_3
core4_3/interp/interp              2521.6380      2.7      0.2520     0.0000  0.0000  InterpolationComb_3
core4_3/interp/interp/DP_OP_106J9_122_7677  2521.3860     2.7  2521.3860    0.0000 0.0000 InterpolationComb_1_DP_OP_106J9_122_7677_J9_0_2
core4_3/mult_x_1                    833.1120      0.9    833.1120     0.0000  0.0000  core4_1_DW_mult_tc_J12_6_1
core4_3/mult_x_2                   1006.1100      1.1   1006.1100     0.0000  0.0000  core4_1_DW_mult_tc_J12_5_1
core4_3/mult_x_3                   1040.2560      1.1   1040.2560     0.0000  0.0000  core4_1_DW_mult_tc_J12_4_1
core4_3/mult_x_4                   1040.3820      1.1   1040.3820     0.0000  0.0000  core4_1_DW_mult_tc_J12_3_1
core4_3/mult_x_5                   1040.2560      1.1   1040.2560     0.0000  0.0000  core4_1_DW_mult_tc_J12_2_1
core4_3/mult_x_6                   1040.2560      1.1   1040.2560     0.0000  0.0000  core4_1_DW_mult_tc_J12_1_1
core4_3/mult_x_7                    831.3480      0.9    831.3480     0.0000  0.0000  core4_1_DW_mult_tc_J12_0_1
core4_4                           11550.6718     12.3      1.0080   531.3420  0.0000  core4_2
core4_4/evalA                       898.8840      1.0     28.4760     0.0000  0.0000  Eval_8_2
core4_4/evalA/DP_OP_55J10_122_395   228.1860      0.2    228.1860     0.0000  0.0000  Eval_8_2_DP_OP_55J10_122_395_J10_0
core4_4/evalA/DP_OP_56J10_123_4961   326.4660     0.3    326.4660     0.0000  0.0000  Eval_8_2_DP_OP_56J10_123_4961_J10_0
core4_4/evalA/DP_OP_57J10_124_2206   315.7560     0.3    315.7560     0.0000  0.0000  Eval_8_2_DP_OP_57J10_124_2206_J10_0
core4_4/evalB                       488.2500      0.5     15.6240     0.0000  0.0000  Eval_9_2
core4_4/evalB/DP_OP_54J10_128_4764   126.1260     0.1    126.1260     0.0000  0.0000  Eval_9_2_DP_OP_54J10_128_4764_J10_0
core4_4/evalB/DP_OP_55J10_129_4337   170.6040     0.2    170.6040     0.0000  0.0000  Eval_9_2_DP_OP_55J10_129_4337_J10_0
core4_4/evalB/DP_OP_56J10_130_3581   175.8960     0.2    175.8960     0.0000  0.0000  Eval_9_2_DP_OP_56J10_130_3581_J10_0
core4_4/interp                     2806.6500      3.0      0.7560   284.2560  0.0000  Interpolation_2
core4_4/interp/interp              2521.6380      2.7      0.2520     0.0000  0.0000  InterpolationComb_2
core4_4/interp/interp/DP_OP_106J9_122_7677  2521.3860     2.7  2521.3860    0.0000 0.0000 InterpolationComb_1_DP_OP_106J9_122_7677_J9_0_1
core4_4/mult_x_1                    883.1340      0.9    883.1340     0.0000  0.0000  core4_2_DW_mult_uns_J14_1
core4_4/mult_x_2                   1006.1100      1.1   1006.1100     0.0000  0.0000  core4_2_DW_mult_tc_J14_4
core4_4/mult_x_3                    996.5340      1.1    996.5340     0.0000  0.0000  core4_2_DW_mult_tc_J14_3
core4_4/mult_x_4                    974.9880      1.0    974.9880     0.0000  0.0000  core4_2_DW_mult_tc_J14_2
core4_4/mult_x_5                   1040.2560      1.1   1040.2560     0.0000  0.0000  core4_2_DW_mult_tc_J14_1
core4_4/mult_x_6                   1040.3820      1.1   1040.3820     0.0000  0.0000  core4_2_DW_mult_tc_J14_0
core4_4/mult_x_7                    883.1340      0.9    883.1340     0.0000  0.0000  core4_2_DW_mult_uns_J14_0
core4_5                           11786.0398     12.5      0.7560   531.2160  0.0000  core4_1
core4_5/evalA                       904.9320      1.0     29.2320     0.0000  0.0000  Eval_8_1
core4_5/evalA/DP_OP_53J8_122_3262   229.0680      0.2    229.0680     0.0000  0.0000  Eval_8_1_DP_OP_53J8_122_3262_J8_0_0
core4_5/evalA/DP_OP_54J8_123_2021   329.9940      0.4    329.9940     0.0000  0.0000  Eval_8_1_DP_OP_54J8_123_2021_J8_0_0
core4_5/evalA/DP_OP_55J8_124_534    316.6380      0.3    316.6380     0.0000  0.0000  Eval_8_1_DP_OP_55J8_124_534_J8_0_0
core4_5/evalB                       534.3660      0.6     18.7740     0.0000  0.0000  Eval_9_1
core4_5/evalB/DP_OP_53J9_126_4467   132.6780      0.1    132.6780     0.0000  0.0000  Eval_9_1_DP_OP_53J9_126_4467_J9_0_0
core4_5/evalB/DP_OP_54J9_127_1582   197.9460      0.2    197.9460     0.0000  0.0000  Eval_9_1_DP_OP_54J9_127_1582_J9_0_0
core4_5/evalB/DP_OP_55J9_128_5235   184.9680      0.2    184.9680     0.0000  0.0000  Eval_9_1_DP_OP_55J9_128_5235_J9_0_0
core4_5/interp                     2806.6500      3.0      0.7560   284.2560  0.0000  Interpolation_1
core4_5/interp/interp              2521.6380      2.7      0.2520     0.0000  0.0000  InterpolationComb_1
core4_5/interp/interp/DP_OP_106J9_122_7677  2521.3860     2.7  2521.3860    0.0000 0.0000 InterpolationComb_1_DP_OP_106J9_122_7677_J9_0_0
core4_5/mult_x_1                    920.3040      1.0    920.3040     0.0000  0.0000  core4_1_DW_mult_tc_J12_6_0
core4_5/mult_x_2                   1006.1100      1.1   1006.1100     0.0000  0.0000  core4_1_DW_mult_tc_J12_5_0
core4_5/mult_x_3                   1040.2560      1.1   1040.2560     0.0000  0.0000  core4_1_DW_mult_tc_J12_4_0
core4_5/mult_x_4                   1040.6340      1.1   1040.6340     0.0000  0.0000  core4_1_DW_mult_tc_J12_3_0
core4_5/mult_x_5                   1040.2560      1.1   1040.2560     0.0000  0.0000  core4_1_DW_mult_tc_J12_2_0
core4_5/mult_x_6                   1040.2560      1.1   1040.2560     0.0000  0.0000  core4_1_DW_mult_tc_J12_1_0
core4_5/mult_x_7                    920.3040      1.0    920.3040     0.0000  0.0000  core4_1_DW_mult_tc_J12_0_0
core4_6                           10201.8419     10.8      1.0080   531.5940  0.0000  core4_0
core4_6/evalA                       814.3380      0.9     24.6960     0.0000  0.0000  Eval_8_0
core4_6/evalA/DP_OP_54J9_123_5485   211.6800      0.2    211.6800     0.0000  0.0000  Eval_8_0_DP_OP_54J9_123_5485_J9_0
core4_6/evalA/DP_OP_55J9_124_5683   286.0200      0.3    286.0200     0.0000  0.0000  Eval_8_0_DP_OP_55J9_124_5683_J9_0
core4_6/evalA/DP_OP_56J9_125_1948   291.9420      0.3    291.9420     0.0000  0.0000  Eval_8_0_DP_OP_56J9_125_1948_J9_0
core4_6/evalB                       370.6920      0.4     11.8440     0.0000  0.0000  Eval_9_0
core4_6/evalB/DP_OP_54J5_122_990     96.0120      0.1     96.0120     0.0000  0.0000  Eval_9_0_DP_OP_54J5_122_990_J5_0
core4_6/evalB/DP_OP_55J5_123_6795   128.3940      0.1    128.3940     0.0000  0.0000  Eval_9_0_DP_OP_55J5_123_6795_J5_0
core4_6/evalB/DP_OP_56J5_124_568    134.4420      0.1    134.4420     0.0000  0.0000  Eval_9_0_DP_OP_56J5_124_568_J5_0
core4_6/interp                     2704.8420      2.9      0.7560   276.1920  0.0000  Interpolation_0
core4_6/interp/interp              2427.8940      2.6      0.2520     0.0000  0.0000  InterpolationComb_0
core4_6/interp/interp/DP_OP_106J11_122_6007  2427.6420     2.6  2427.6420    0.0000 0.0000 InterpolationComb_0_DP_OP_106J11_122_6007_J11_0_0
core4_6/mult_x_1                    686.3220      0.7    686.3220     0.0000  0.0000  core4_0_DW_mult_uns_J5_3
core4_6/mult_x_2                    894.0960      1.0    894.0960     0.0000  0.0000  core4_0_DW_mult_uns_J5_2
core4_6/mult_x_3                    798.0840      0.8    798.0840     0.0000  0.0000  core4_0_DW_mult_tc_J5_2
core4_6/mult_x_4                    850.7520      0.9    850.7520     0.0000  0.0000  core4_0_DW_mult_tc_J5_1
core4_6/mult_x_5                    911.7360      1.0    911.7360     0.0000  0.0000  core4_0_DW_mult_uns_J5_1
core4_6/mult_x_6                    952.0560      1.0    952.0560     0.0000  0.0000  core4_0_DW_mult_tc_J5_0
core4_6/mult_x_7                    686.3220      0.7    686.3220     0.0000  0.0000  core4_0_DW_mult_uns_J5_0
evalA                               814.3380      0.9     26.5860     0.0000  0.0000  Eval_4
evalA/DP_OP_52J10_125_9524          284.5080      0.3    284.5080     0.0000  0.0000  Eval_0_DP_OP_52J10_125_9524_J10_0_3
evalA/DP_OP_53J10_126_6299          291.5640      0.3    291.5640     0.0000  0.0000  Eval_0_DP_OP_53J10_126_6299_J10_0_3
evalA/DP_OP_54J10_127_1625          211.6800      0.2    211.6800     0.0000  0.0000  Eval_0_DP_OP_54J10_127_1625_J10_0_3
evalA_1                             814.2120      0.9     26.3340     0.0000  0.0000  Eval_3
evalA_1/DP_OP_52J10_125_9524        284.5080      0.3    284.5080     0.0000  0.0000  Eval_0_DP_OP_52J10_125_9524_J10_0_2
evalA_1/DP_OP_53J10_126_6299        291.6900      0.3    291.6900     0.0000  0.0000  Eval_0_DP_OP_53J10_126_6299_J10_0_2
evalA_1/DP_OP_54J10_127_1625        211.6800      0.2    211.6800     0.0000  0.0000  Eval_0_DP_OP_54J10_127_1625_J10_0_2
evalA_2                             814.2120      0.9     26.3340     0.0000  0.0000  Eval_2
evalA_2/DP_OP_52J10_125_9524        284.5080      0.3    284.5080     0.0000  0.0000  Eval_0_DP_OP_52J10_125_9524_J10_0_1
evalA_2/DP_OP_53J10_126_6299        291.6900      0.3    291.6900     0.0000  0.0000  Eval_0_DP_OP_53J10_126_6299_J10_0_1
evalA_2/DP_OP_54J10_127_1625        211.6800      0.2    211.6800     0.0000  0.0000  Eval_0_DP_OP_54J10_127_1625_J10_0_1
evalA_3                             814.3380      0.9     26.5860     0.0000  0.0000  Eval_0
evalA_3/DP_OP_52J10_125_9524        284.5080      0.3    284.5080     0.0000  0.0000  Eval_0_DP_OP_52J10_125_9524_J10_0_0
evalA_3/DP_OP_53J10_126_6299        291.5640      0.3    291.5640     0.0000  0.0000  Eval_0_DP_OP_53J10_126_6299_J10_0_0
evalA_3/DP_OP_54J10_127_1625        211.6800      0.2    211.6800     0.0000  0.0000  Eval_0_DP_OP_54J10_127_1625_J10_0_0
evalB                               370.5660      0.4     16.0020     0.0000  0.0000  Eval_1_3
evalB/DP_OP_52J7_122_4593            96.0120      0.1     96.0120     0.0000  0.0000  Eval_1_0_DP_OP_52J7_122_4593_J7_0_3
evalB/DP_OP_53J7_123_1321           125.7480      0.1    125.7480     0.0000  0.0000  Eval_1_0_DP_OP_53J7_123_1321_J7_0_3
evalB/DP_OP_54J7_124_2501           132.8040      0.1    132.8040     0.0000  0.0000  Eval_1_0_DP_OP_54J7_124_2501_J7_0_3
evalB_1                             369.6840      0.4     14.9940     0.0000  0.0000  Eval_1_2
evalB_1/DP_OP_52J7_122_4593          96.0120      0.1     96.0120     0.0000  0.0000  Eval_1_0_DP_OP_52J7_122_4593_J7_0_2
evalB_1/DP_OP_53J7_123_1321         125.7480      0.1    125.7480     0.0000  0.0000  Eval_1_0_DP_OP_53J7_123_1321_J7_0_2
evalB_1/DP_OP_54J7_124_2501         132.9300      0.1    132.9300     0.0000  0.0000  Eval_1_0_DP_OP_54J7_124_2501_J7_0_2
evalB_2                             369.6840      0.4     14.9940     0.0000  0.0000  Eval_1_1
evalB_2/DP_OP_52J7_122_4593          96.0120      0.1     96.0120     0.0000  0.0000  Eval_1_0_DP_OP_52J7_122_4593_J7_0_1
evalB_2/DP_OP_53J7_123_1321         125.7480      0.1    125.7480     0.0000  0.0000  Eval_1_0_DP_OP_53J7_123_1321_J7_0_1
evalB_2/DP_OP_54J7_124_2501         132.9300      0.1    132.9300     0.0000  0.0000  Eval_1_0_DP_OP_54J7_124_2501_J7_0_1
evalB_3                             370.8180      0.4     16.1280     0.0000  0.0000  Eval_1_0
evalB_3/DP_OP_52J7_122_4593          96.0120      0.1     96.0120     0.0000  0.0000  Eval_1_0_DP_OP_52J7_122_4593_J7_0_0
evalB_3/DP_OP_53J7_123_1321         125.7480      0.1    125.7480     0.0000  0.0000  Eval_1_0_DP_OP_53J7_123_1321_J7_0_0
evalB_3/DP_OP_54J7_124_2501         132.9300      0.1    132.9300     0.0000  0.0000  Eval_1_0_DP_OP_54J7_124_2501_J7_0_0
interp                             9650.5919     10.3      0.7560  1034.2080  0.0000  Interpolation_7
interp/interp                      8615.6279      9.2      0.2520     0.0000  0.0000  InterpolationComb_7
interp/interp/DP_OP_421J3_122_5484  8615.3759     9.2   8615.3759     0.0000  0.0000  InterpolationComb_7_DP_OP_421J3_122_5484_J3_0
--------------------------------  ----------  -------  ----------  ---------  ------  -------------------------------------------------
Total                                                  85429.2586  8672.2021  0.0000

1
