Information: Updating design information... (UID-85)
Warning: Design 'core16_a32_b8_c32' contains 1 high-fanout nets. A fanout number of 1000 will be used for delay calculations involving these nets. (TIM-134)
 
****************************************
Report : qor
Design : core16_a32_b8_c32
Version: O-2018.06-SP5
Date   : Tue May 12 16:46:31 2026
****************************************


  Timing Path Group 'clk'
  -----------------------------------
  Levels of Logic:              54.00
  Critical Path Length:          4.47
  Critical Path Slack:           0.00
  Critical Path Clk Period:      5.00
  Total Negative Slack:          0.00
  No. of Violating Paths:        0.00
  Worst Hold Violation:          0.00
  Total Hold Violation:          0.00
  No. of Hold Violations:        0.00
  -----------------------------------


  Cell Count
  -----------------------------------
  Hierarchical Cell Count:        168
  Hierarchical Port Count:      38744
  Leaf Cell Count:              61291
  Buf/Inv Cell Count:            7085
  Buf Cell Count:                1098
  Inv Cell Count:                5987
  CT Buf/Inv Cell Count:            0
  Combinational Cell Count:     56986
  Sequential Cell Count:         4305
  Macro Count:                      0
  -----------------------------------


  Area
  -----------------------------------
  Combinational Area:    73866.364783
  Noncombinational Area:  8671.950137
  Buf/Inv Area:           1924.650015
  Total Buffer Area:           415.04
  Total Inverter Area:        1509.61
  Macro/Black Box Area:      0.000000
  Net Area:                  0.000000
  -----------------------------------
  Cell Area:             82538.314920
  Design Area:           82538.314920


  Design Rules
  -----------------------------------
  Total Number of Nets:         87686
  Nets With Violations:             0
  Max Trans Violations:             0
  Max Cap Violations:               0
  -----------------------------------


  Hostname: inspur19

  Compile CPU Statistics
  -----------------------------------------
  Resource Sharing:                    0.00
  Logic Optimization:                  0.00
  Mapping Optimization:                0.00
  -----------------------------------------
  Overall Compile Time:              198.06
  Overall Compile Wall Clock Time:   371.92

  --------------------------------------------------------------------

  Design  WNS: 0.00  TNS: 0.00  Number of Violating Paths: 0


  Design (Hold)  WNS: 0.00  TNS: 0.00  Number of Violating Paths: 0

  --------------------------------------------------------------------


1
