Information: Updating design information... (UID-85)
Warning: Design 'core16_a28_b10_c28' contains 1 high-fanout nets. A fanout number of 1000 will be used for delay calculations involving these nets. (TIM-134)
 
****************************************
Report : qor
Design : core16_a28_b10_c28
Version: O-2018.06-SP5
Date   : Tue May 12 14:22:09 2026
****************************************


  Timing Path Group 'clk'
  -----------------------------------
  Levels of Logic:              49.00
  Critical Path Length:          4.46
  Critical Path Slack:           0.00
  Critical Path Clk Period:      5.00
  Total Negative Slack:          0.00
  No. of Violating Paths:        0.00
  Worst Hold Violation:          0.00
  Total Hold Violation:          0.00
  No. of Hold Violations:        0.00
  -----------------------------------


  Cell Count
  -----------------------------------
  Hierarchical Cell Count:        168
  Hierarchical Port Count:      36004
  Leaf Cell Count:              59814
  Buf/Inv Cell Count:            8497
  Buf Cell Count:                1012
  Inv Cell Count:                7485
  CT Buf/Inv Cell Count:            0
  Combinational Cell Count:     55993
  Sequential Cell Count:         3821
  Macro Count:                      0
  -----------------------------------


  Area
  -----------------------------------
  Combinational Area:    68998.228923
  Noncombinational Area:  7703.136124
  Buf/Inv Area:           2268.882021
  Total Buffer Area:           382.54
  Total Inverter Area:        1886.35
  Macro/Black Box Area:      0.000000
  Net Area:                  0.000000
  -----------------------------------
  Cell Area:             76701.365046
  Design Area:           76701.365046


  Design Rules
  -----------------------------------
  Total Number of Nets:         84253
  Nets With Violations:             0
  Max Trans Violations:             0
  Max Cap Violations:               0
  -----------------------------------


  Hostname: inspur19

  Compile CPU Statistics
  -----------------------------------------
  Resource Sharing:                    0.00
  Logic Optimization:                  0.00
  Mapping Optimization:                0.00
  -----------------------------------------
  Overall Compile Time:              203.77
  Overall Compile Wall Clock Time:   349.65

  --------------------------------------------------------------------

  Design  WNS: 0.00  TNS: 0.00  Number of Violating Paths: 0


  Design (Hold)  WNS: 0.00  TNS: 0.00  Number of Violating Paths: 0

  --------------------------------------------------------------------


1
