 
****************************************
Report : area
Design : core4_a36_b10_c36
Version: O-2018.06-SP5
Date   : Tue May 12 07:57:05 2026
****************************************

Library(s) Used:

    tcbn28hpcplusbwp40p140lvtssg0p81vm40c_ccs (File: /export1/Library/TN28HPC+/STD_CELL_ext/track9_200824/TSMCHOME/digital/Front_End/timing_power_noise/CCS/tcbn28hpcplusbwp40p140lvt_180a/tcbn28hpcplusbwp40p140lvtssg0p81vm40c_ccs.db)
    tcbn28hpcplusbwp40p140ssg0p81vm40c_ccs (File: /export1/Library/TN28HPC+/STD_CELL_ext/track9_200824/TSMCHOME/digital/Front_End/timing_power_noise/CCS/tcbn28hpcplusbwp40p140_180a/tcbn28hpcplusbwp40p140ssg0p81vm40c_ccs.db)
    tcbn28hpcplusbwp40p140hvtssg0p81vm40c_ccs (File: /export1/Library/TN28HPC+/STD_CELL_ext/track9_200824/TSMCHOME/digital/Front_End/timing_power_noise/CCS/tcbn28hpcplusbwp40p140hvt_180a/tcbn28hpcplusbwp40p140hvtssg0p81vm40c_ccs.db)

Number of ports:                         3950
Number of nets:                         13589
Number of cells:                         7257
Number of combinational cells:           6817
Number of sequential cells:               416
Number of macros/black boxes:               0
Number of buf/inv:                        720
Number of references:                      14

Combinational area:               8610.839856
Buf/Inv area:                      193.410002
Noncombinational area:             838.656013
Macro/Black Box area:                0.000000
Net Interconnect area:      undefined  (Wire load has zero net area)

Total cell area:                  9449.495870
Total area:                 undefined

Hierarchical area distribution
------------------------------

                                  Global cell area          Local cell area
                                  ------------------  ---------------------------- 
Hierarchical cell                 Absolute   Percent  Combi-     Noncombi-  Black-
                                  Total      Total    national   national   boxes   Design
--------------------------------  ---------  -------  ---------  ---------  ------  -------------------------------------------
core4_a36_b10_c36                 9449.4959    100.0     1.0080   546.3360  0.0000  core4_a36_b10_c36
evalA                              900.5220      9.5    28.0980     0.0000  0.0000  Eval
evalA/DP_OP_52J2_122_3307          231.3360      2.4   231.3360     0.0000  0.0000  Eval_DP_OP_52J2_122_3307_J2_0
evalA/DP_OP_53J2_123_7384          319.7880      3.4   319.7880     0.0000  0.0000  Eval_DP_OP_53J2_123_7384_J2_0
evalA/DP_OP_54J2_124_3435          321.3000      3.4   321.3000     0.0000  0.0000  Eval_DP_OP_54J2_124_3435_J2_0
evalB                              267.3720      2.8     9.4500     0.0000  0.0000  Eval_1
evalB/DP_OP_52J3_123_4539           69.8040      0.7    69.8040     0.0000  0.0000  Eval_1_DP_OP_52J3_123_4539_J3_0
evalB/DP_OP_53J3_124_9506           90.4680      1.0    90.4680     0.0000  0.0000  Eval_1_DP_OP_53J3_124_9506_J3_0
evalB/DP_OP_54J3_125_4915           97.6500      1.0    97.6500     0.0000  0.0000  Eval_1_DP_OP_54J3_125_4915_J3_0
interp                            2883.6360     30.5     0.7560   292.3200  0.0000  Interpolation
interp/interp                     2590.5600     27.4     0.2520     0.0000  0.0000  InterpolationComb
interp/interp/DP_OP_106J3_122_6288 2590.3080    27.4  2590.3080     0.0000  0.0000  InterpolationComb_DP_OP_106J3_122_6288_J3_0
mult_x_1                           566.3700      6.0   566.3700     0.0000  0.0000  core4_a36_b10_c36_DW_mult_uns_J2_2
mult_x_2                           724.8780      7.7   724.8780     0.0000  0.0000  core4_a36_b10_c36_DW_mult_tc_J2_3
mult_x_3                           704.2140      7.5   704.2140     0.0000  0.0000  core4_a36_b10_c36_DW_mult_uns_J2_1
mult_x_4                           674.1000      7.1   674.1000     0.0000  0.0000  core4_a36_b10_c36_DW_mult_tc_J2_2
mult_x_5                           807.2820      8.5   807.2820     0.0000  0.0000  core4_a36_b10_c36_DW_mult_tc_J2_1
mult_x_6                           807.4080      8.5   807.4080     0.0000  0.0000  core4_a36_b10_c36_DW_mult_tc_J2_0
mult_x_7                           566.3700      6.0   566.3700     0.0000  0.0000  core4_a36_b10_c36_DW_mult_uns_J2_0
--------------------------------  ---------  -------  ---------  ---------  ------  -------------------------------------------
Total                                                 8610.8399   838.6560  0.0000

1
