Information: Updating design information... (UID-85)
Warning: Design 'core16_a28_b14_c28' contains 1 high-fanout nets. A fanout number of 1000 will be used for delay calculations involving these nets. (TIM-134)
 
****************************************
Report : qor
Design : core16_a28_b14_c28
Version: O-2018.06-SP5
Date   : Tue May 12 14:42:52 2026
****************************************


  Timing Path Group 'clk'
  -----------------------------------
  Levels of Logic:              58.00
  Critical Path Length:          4.46
  Critical Path Slack:           0.00
  Critical Path Clk Period:      5.00
  Total Negative Slack:          0.00
  No. of Violating Paths:        0.00
  Worst Hold Violation:          0.00
  Total Hold Violation:          0.00
  No. of Hold Violations:        0.00
  -----------------------------------


  Cell Count
  -----------------------------------
  Hierarchical Cell Count:        168
  Hierarchical Port Count:      37740
  Leaf Cell Count:              62951
  Buf/Inv Cell Count:            7456
  Buf Cell Count:                1085
  Inv Cell Count:                6371
  CT Buf/Inv Cell Count:            0
  Combinational Cell Count:     59130
  Sequential Cell Count:         3821
  Macro Count:                      0
  -----------------------------------


  Area
  -----------------------------------
  Combinational Area:    73337.290855
  Noncombinational Area:  7696.710122
  Buf/Inv Area:           2016.756016
  Total Buffer Area:           410.13
  Total Inverter Area:        1606.63
  Macro/Black Box Area:      0.000000
  Net Area:                  0.000000
  -----------------------------------
  Cell Area:             81034.000976
  Design Area:           81034.000976


  Design Rules
  -----------------------------------
  Total Number of Nets:         88090
  Nets With Violations:             0
  Max Trans Violations:             0
  Max Cap Violations:               0
  -----------------------------------


  Hostname: inspur19

  Compile CPU Statistics
  -----------------------------------------
  Resource Sharing:                    0.00
  Logic Optimization:                  0.00
  Mapping Optimization:                0.00
  -----------------------------------------
  Overall Compile Time:              202.97
  Overall Compile Wall Clock Time:   374.13

  --------------------------------------------------------------------

  Design  WNS: 0.00  TNS: 0.00  Number of Violating Paths: 0


  Design (Hold)  WNS: 0.00  TNS: 0.00  Number of Violating Paths: 0

  --------------------------------------------------------------------


1
