 
****************************************
Report : area
Design : core4_a32_b14_c32
Version: O-2018.06-SP5
Date   : Tue May 12 07:40:18 2026
****************************************

Library(s) Used:

    tcbn28hpcplusbwp40p140lvtssg0p81vm40c_ccs (File: /export1/Library/TN28HPC+/STD_CELL_ext/track9_200824/TSMCHOME/digital/Front_End/timing_power_noise/CCS/tcbn28hpcplusbwp40p140lvt_180a/tcbn28hpcplusbwp40p140lvtssg0p81vm40c_ccs.db)
    tcbn28hpcplusbwp40p140ssg0p81vm40c_ccs (File: /export1/Library/TN28HPC+/STD_CELL_ext/track9_200824/TSMCHOME/digital/Front_End/timing_power_noise/CCS/tcbn28hpcplusbwp40p140_180a/tcbn28hpcplusbwp40p140ssg0p81vm40c_ccs.db)
    tcbn28hpcplusbwp40p140hvtssg0p81vm40c_ccs (File: /export1/Library/TN28HPC+/STD_CELL_ext/track9_200824/TSMCHOME/digital/Front_End/timing_power_noise/CCS/tcbn28hpcplusbwp40p140hvt_180a/tcbn28hpcplusbwp40p140hvtssg0p81vm40c_ccs.db)

Number of ports:                         3774
Number of nets:                         13748
Number of cells:                         7637
Number of combinational cells:           7241
Number of sequential cells:               372
Number of macros/black boxes:               0
Number of buf/inv:                        885
Number of references:                      14

Combinational area:               8666.279860
Buf/Inv area:                      234.360002
Noncombinational area:             749.952012
Macro/Black Box area:                0.000000
Net Interconnect area:      undefined  (Wire load has zero net area)

Total cell area:                  9416.231872
Total area:                 undefined

Hierarchical area distribution
------------------------------

                                  Global cell area          Local cell area
                                  ------------------  ---------------------------- 
Hierarchical cell                 Absolute   Percent  Combi-     Noncombi-  Black-
                                  Total      Total    national   national   boxes   Design
--------------------------------  ---------  -------  ---------  ---------  ------  -------------------------------------------
core4_a32_b14_c32                 9416.2319    100.0     1.0080   489.8880  0.0000  core4_a32_b14_c32
evalA                              801.2340      8.5    25.0740     0.0000  0.0000  Eval
evalA/DP_OP_52J2_123_8276          205.6320      2.2   205.6320     0.0000  0.0000  Eval_DP_OP_52J2_123_8276_J2_0
evalA/DP_OP_53J2_124_963           284.5080      3.0   284.5080     0.0000  0.0000  Eval_DP_OP_53J2_124_963_J2_0
evalA/DP_OP_54J2_125_7758          286.0200      3.0   286.0200     0.0000  0.0000  Eval_DP_OP_54J2_125_7758_J2_0
evalB                              367.0380      3.9    12.9780     0.0000  0.0000  Eval_1
evalB/DP_OP_52J3_122_4543           95.5080      1.0    95.5080     0.0000  0.0000  Eval_1_DP_OP_52J3_122_4543_J3_0
evalB/DP_OP_53J3_123_5215          125.7480      1.3   125.7480     0.0000  0.0000  Eval_1_DP_OP_53J3_123_5215_J3_0
evalB/DP_OP_54J3_124_1990          132.8040      1.4   132.8040     0.0000  0.0000  Eval_1_DP_OP_54J3_124_1990_J3_0
interp                            2304.7920     24.5     0.7560   260.0640  0.0000  Interpolation
interp/interp                     2043.9720     21.7     0.2520     0.0000  0.0000  InterpolationComb
interp/interp/DP_OP_106J2_122_9073 2043.7200    21.7  2043.7200     0.0000  0.0000  InterpolationComb_DP_OP_106J2_122_9073_J2_0
mult_x_1                           633.5280      6.7   633.5280     0.0000  0.0000  core4_a32_b14_c32_DW_mult_uns_J3_2
mult_x_2                           853.6500      9.1   853.6500     0.0000  0.0000  core4_a32_b14_c32_DW_mult_tc_J3_3
mult_x_3                           734.8320      7.8   734.8320     0.0000  0.0000  core4_a32_b14_c32_DW_mult_uns_J3_1
mult_x_4                           801.9900      8.5   801.9900     0.0000  0.0000  core4_a32_b14_c32_DW_mult_tc_J3_2
mult_x_5                           897.3720      9.5   897.3720     0.0000  0.0000  core4_a32_b14_c32_DW_mult_tc_J3_1
mult_x_6                           897.3720      9.5   897.3720     0.0000  0.0000  core4_a32_b14_c32_DW_mult_tc_J3_0
mult_x_7                           633.5280      6.7   633.5280     0.0000  0.0000  core4_a32_b14_c32_DW_mult_uns_J3_0
--------------------------------  ---------  -------  ---------  ---------  ------  -------------------------------------------
Total                                                 8666.2799   749.9520  0.0000

1
