Information: Updating design information... (UID-85)
Warning: Design 'core64_a24_b8_c24' contains 3 high-fanout nets. A fanout number of 1000 will be used for delay calculations involving these nets. (TIM-134)
 
****************************************
Report : qor
Design : core64_a24_b8_c24
Version: O-2018.06-SP5
Date   : Tue May 12 23:08:21 2026
****************************************


  Timing Path Group 'clk'
  -----------------------------------
  Levels of Logic:              56.00
  Critical Path Length:          4.45
  Critical Path Slack:           0.00
  Critical Path Clk Period:      5.00
  Total Negative Slack:          0.00
  No. of Violating Paths:        0.00
  Worst Hold Violation:          0.00
  Total Hold Violation:          0.00
  No. of Hold Violations:        0.00
  -----------------------------------


  Cell Count
  -----------------------------------
  Hierarchical Cell Count:       1314
  Hierarchical Port Count:     299894
  Leaf Cell Count:             430145
  Buf/Inv Cell Count:           54459
  Buf Cell Count:                8721
  Inv Cell Count:               45738
  CT Buf/Inv Cell Count:            0
  Combinational Cell Count:    399779
  Sequential Cell Count:        30366
  Macro Count:                      0
  -----------------------------------


  Area
  -----------------------------------
  Combinational Area:   509274.225893
  Noncombinational Area: 61215.336984
  Buf/Inv Area:          14828.184108
  Total Buffer Area:          3296.54
  Total Inverter Area:       11531.65
  Macro/Black Box Area:      0.000000
  Net Area:                  0.000000
  -----------------------------------
  Cell Area:            570489.562877
  Design Area:          570489.562877


  Design Rules
  -----------------------------------
  Total Number of Nets:        610380
  Nets With Violations:             0
  Max Trans Violations:             0
  Max Cap Violations:               0
  -----------------------------------


  Hostname: inspur19

  Compile CPU Statistics
  -----------------------------------------
  Resource Sharing:                    0.00
  Logic Optimization:                  0.00
  Mapping Optimization:                0.00
  -----------------------------------------
  Overall Compile Time:             6396.37
  Overall Compile Wall Clock Time:   591.91

  --------------------------------------------------------------------

  Design  WNS: 0.00  TNS: 0.00  Number of Violating Paths: 0


  Design (Hold)  WNS: 0.00  TNS: 0.00  Number of Violating Paths: 0

  --------------------------------------------------------------------


1
