 
****************************************
Report : area
Design : core16_a28_b14_c28
Version: O-2018.06-SP5
Date   : Tue May 12 14:42:53 2026
****************************************

Library(s) Used:

    tcbn28hpcplusbwp40p140lvtssg0p81vm40c_ccs (File: /export1/Library/TN28HPC+/STD_CELL_ext/track9_200824/TSMCHOME/digital/Front_End/timing_power_noise/CCS/tcbn28hpcplusbwp40p140lvt_180a/tcbn28hpcplusbwp40p140lvtssg0p81vm40c_ccs.db)
    tcbn28hpcplusbwp40p140ssg0p81vm40c_ccs (File: /export1/Library/TN28HPC+/STD_CELL_ext/track9_200824/TSMCHOME/digital/Front_End/timing_power_noise/CCS/tcbn28hpcplusbwp40p140_180a/tcbn28hpcplusbwp40p140ssg0p81vm40c_ccs.db)
    tcbn28hpcplusbwp40p140hvtssg0p81vm40c_ccs (File: /export1/Library/TN28HPC+/STD_CELL_ext/track9_200824/TSMCHOME/digital/Front_End/timing_power_noise/CCS/tcbn28hpcplusbwp40p140hvt_180a/tcbn28hpcplusbwp40p140hvtssg0p81vm40c_ccs.db)

Number of ports:                        38864
Number of nets:                        122362
Number of cells:                        63597
Number of combinational cells:          59130
Number of sequential cells:              3821
Number of macros/black boxes:               0
Number of buf/inv:                       7456
Number of references:                      21

Combinational area:              73337.290855
Buf/Inv area:                     2016.756016
Noncombinational area:            7696.710122
Macro/Black Box area:                0.000000
Net Interconnect area:      undefined  (Wire load has zero net area)

Total cell area:                 81034.000976
Total area:                 undefined

Hierarchical area distribution
------------------------------

                                  Global cell area            Local cell area
                                  -------------------  ----------------------------- 
Hierarchical cell                 Absolute    Percent  Combi-      Noncombi-  Black-
                                  Total       Total    national    national   boxes   Design
--------------------------------  ----------  -------  ----------  ---------  ------  -----------------------------------------------
core16_a28_b14_c28                81034.0010    100.0      2.0160  1727.7120  0.0000  core16_a28_b14_c28
core4_0                            8739.7379     10.8      1.0080   475.1460  0.0000  core4_6
core4_0/evalA                       715.0500      0.9     21.6720     0.0000  0.0000  Eval_8_6
core4_0/evalA/DP_OP_54J9_126_1209   185.9760      0.2    185.9760     0.0000  0.0000  Eval_8_6_DP_OP_54J9_126_1209_J9_0
core4_0/evalA/DP_OP_55J9_127_8322   250.7400      0.3    250.7400     0.0000  0.0000  Eval_8_6_DP_OP_55J9_127_8322_J9_0
core4_0/evalA/DP_OP_56J9_128_9131   256.6620      0.3    256.6620     0.0000  0.0000  Eval_8_6_DP_OP_56J9_128_9131_J9_0
core4_0/evalB                       370.5660      0.5     11.8440     0.0000  0.0000  Eval_9_6
core4_0/evalB/DP_OP_54J6_125_9182    96.0120      0.1     96.0120     0.0000  0.0000  Eval_9_6_DP_OP_54J6_125_9182_J6_0
core4_0/evalB/DP_OP_55J6_126_1285   128.3940      0.2    128.3940     0.0000  0.0000  Eval_9_6_DP_OP_55J6_126_1285_J6_0
core4_0/evalB/DP_OP_56J6_127_8200   134.3160      0.2    134.3160     0.0000  0.0000  Eval_9_6_DP_OP_56J6_127_8200_J6_0
core4_0/interp                     2129.5260      2.6      0.7560   243.9360  0.0000  Interpolation_6
core4_0/interp/interp              1884.8340      2.3      0.2520     0.0000  0.0000  InterpolationComb_6
core4_0/interp/interp/DP_OP_106J9_122_7394  1884.5820     2.3  1884.5820    0.0000 0.0000 InterpolationComb_0_DP_OP_106J9_122_7394_J9_0_2
core4_0/mult_x_1                    599.6340      0.7    599.6340     0.0000  0.0000  core4_6_DW_mult_uns_J5_3
core4_0/mult_x_2                    773.5140      1.0    773.5140     0.0000  0.0000  core4_6_DW_mult_uns_J5_2
core4_0/mult_x_3                    700.6860      0.9    700.6860     0.0000  0.0000  core4_6_DW_mult_tc_J5_2
core4_0/mult_x_4                    752.4720      0.9    752.4720     0.0000  0.0000  core4_6_DW_mult_tc_J5_1
core4_0/mult_x_5                    794.3040      1.0    794.3040     0.0000  0.0000  core4_6_DW_mult_uns_J5_1
core4_0/mult_x_6                    828.1980      1.0    828.1980     0.0000  0.0000  core4_6_DW_mult_tc_J5_0
core4_0/mult_x_7                    599.6340      0.7    599.6340     0.0000  0.0000  core4_6_DW_mult_uns_J5_0
core4_1                            9852.0659     12.2      1.0080   474.8940  0.0000  core4_5
core4_1/evalA                       797.2020      1.0     25.4520     0.0000  0.0000  Eval_8_5
core4_1/evalA/DP_OP_53J9_123_375    203.4900      0.3    203.4900     0.0000  0.0000  Eval_8_1_DP_OP_53J9_123_375_J9_0_2
core4_1/evalA/DP_OP_54J9_124_5567   288.6660      0.4    288.6660     0.0000  0.0000  Eval_8_1_DP_OP_54J9_124_5567_J9_0_2
core4_1/evalA/DP_OP_55J9_125_9053   279.5940      0.3    279.5940     0.0000  0.0000  Eval_8_1_DP_OP_55J9_125_9053_J9_0_2
core4_1/evalB                       486.8640      0.6     16.0020     0.0000  0.0000  Eval_9_5
core4_1/evalB/DP_OP_54J13_122_6861   125.3700     0.2    125.3700     0.0000  0.0000  Eval_9_5_DP_OP_54J13_122_6861_J13_0
core4_1/evalB/DP_OP_55J13_123_7444   173.2500     0.2    173.2500     0.0000  0.0000  Eval_9_5_DP_OP_55J13_123_7444_J13_0
core4_1/evalB/DP_OP_56J13_124_3026   172.2420     0.2    172.2420     0.0000  0.0000  Eval_9_5_DP_OP_56J13_124_3026_J13_0
core4_1/interp                     2130.5340      2.6      0.7560   243.9360  0.0000  Interpolation_5
core4_1/interp/interp              1885.8420      2.3      0.2520     0.0000  0.0000  InterpolationComb_5
core4_1/interp/interp/DP_OP_106J9_122_7394  1885.5900     2.3  1885.5900    0.0000 0.0000 InterpolationComb_0_DP_OP_106J9_122_7394_J9_0_1
core4_1/mult_x_1                    773.5140      1.0    773.5140     0.0000  0.0000  core4_5_DW_mult_uns_J12_1
core4_1/mult_x_2                    858.5640      1.1    858.5640     0.0000  0.0000  core4_5_DW_mult_tc_J12_4
core4_1/mult_x_3                    867.8880      1.1    867.8880     0.0000  0.0000  core4_5_DW_mult_tc_J12_3
core4_1/mult_x_4                    893.2140      1.1    893.2140     0.0000  0.0000  core4_5_DW_mult_tc_J12_2
core4_1/mult_x_5                    897.4980      1.1    897.4980     0.0000  0.0000  core4_5_DW_mult_tc_J12_1
core4_1/mult_x_6                    897.3720      1.1    897.3720     0.0000  0.0000  core4_5_DW_mult_tc_J12_0
core4_1/mult_x_7                    773.5140      1.0    773.5140     0.0000  0.0000  core4_5_DW_mult_uns_J12_0
core4_2                            9351.2159     11.5      1.0080   474.7680  0.0000  core4_4
core4_2/evalA                       760.4100      0.9     23.1840     0.0000  0.0000  Eval_8_4
core4_2/evalA/DP_OP_54J6_122_6534   196.8120      0.2    196.8120     0.0000  0.0000  Eval_8_4_DP_OP_54J6_122_6534_J6_0
core4_2/evalA/DP_OP_55J6_123_706    267.6240      0.3    267.6240     0.0000  0.0000  Eval_8_4_DP_OP_55J6_123_706_J6_0
core4_2/evalA/DP_OP_56J6_124_7308   272.7900      0.3    272.7900     0.0000  0.0000  Eval_8_4_DP_OP_56J6_124_7308_J6_0
core4_2/evalB                       418.5720      0.5     13.2300     0.0000  0.0000  Eval_9_4
core4_2/evalB/DP_OP_54J12_122_9127   108.8640     0.1    108.8640     0.0000  0.0000  Eval_9_4_DP_OP_54J12_122_9127_J12_0
core4_2/evalB/DP_OP_55J12_123_5372   145.2780     0.2    145.2780     0.0000  0.0000  Eval_9_4_DP_OP_55J12_123_5372_J12_0
core4_2/evalB/DP_OP_56J12_124_271   151.2000      0.2    151.2000     0.0000  0.0000  Eval_9_4_DP_OP_56J12_124_271_J12_0
core4_2/interp                     2225.5380      2.7      0.7560   252.0000  0.0000  Interpolation_4
core4_2/interp/interp              1972.7820      2.4      0.2520     0.0000  0.0000  InterpolationComb_4
core4_2/interp/interp/DP_OP_106J8_122_6990  1972.5300     2.4  1972.5300    0.0000 0.0000 InterpolationComb_1_DP_OP_106J8_122_6990_J8_0_3
core4_2/mult_x_1                    680.2740      0.8    680.2740     0.0000  0.0000  core4_4_DW_mult_uns_J13_3
core4_2/mult_x_2                    810.4320      1.0    810.4320     0.0000  0.0000  core4_4_DW_mult_uns_J13_2
core4_2/mult_x_3                    787.3740      1.0    787.3740     0.0000  0.0000  core4_4_DW_mult_tc_J13_2
core4_2/mult_x_4                    773.5140      1.0    773.5140     0.0000  0.0000  core4_4_DW_mult_tc_J13_1
core4_2/mult_x_5                    891.5760      1.1    891.5760     0.0000  0.0000  core4_4_DW_mult_uns_J13_1
core4_2/mult_x_6                    847.4760      1.0    847.4760     0.0000  0.0000  core4_4_DW_mult_tc_J13_0
core4_2/mult_x_7                    680.2740      0.8    680.2740     0.0000  0.0000  core4_4_DW_mult_uns_J13_0
core4_3                            9919.2239     12.2      0.7560   474.3900  0.0000  core4_3
core4_3/evalA                       805.6440      1.0     26.2080     0.0000  0.0000  Eval_8_3
core4_3/evalA/DP_OP_53J9_123_375    203.3640      0.3    203.3640     0.0000  0.0000  Eval_8_1_DP_OP_53J9_123_375_J9_0_1
core4_3/evalA/DP_OP_54J9_124_5567   294.7140      0.4    294.7140     0.0000  0.0000  Eval_8_1_DP_OP_54J9_124_5567_J9_0_1
core4_3/evalA/DP_OP_55J9_125_9053   281.3580      0.3    281.3580     0.0000  0.0000  Eval_8_1_DP_OP_55J9_125_9053_J9_0_1
core4_3/evalB                       533.4840      0.7     18.3960     0.0000  0.0000  Eval_9_3
core4_3/evalB/DP_OP_53J5_122_4467   132.6780      0.2    132.6780     0.0000  0.0000  Eval_9_1_DP_OP_53J5_122_4467_J5_0_1
core4_3/evalB/DP_OP_54J5_123_1582   197.8200      0.2    197.8200     0.0000  0.0000  Eval_9_1_DP_OP_54J5_123_1582_J5_0_1
core4_3/evalB/DP_OP_55J5_124_5235   184.5900      0.2    184.5900     0.0000  0.0000  Eval_9_1_DP_OP_55J5_124_5235_J5_0_1
core4_3/interp                     2225.5380      2.7      0.7560   252.0000  0.0000  Interpolation_3
core4_3/interp/interp              1972.7820      2.4      0.2520     0.0000  0.0000  InterpolationComb_3
core4_3/interp/interp/DP_OP_106J8_122_6990  1972.5300     2.4  1972.5300    0.0000 0.0000 InterpolationComb_1_DP_OP_106J8_122_6990_J8_0_2
core4_3/mult_x_1                    715.8060      0.9    715.8060     0.0000  0.0000  core4_1_DW_mult_tc_J10_6_1
core4_3/mult_x_2                    858.6900      1.1    858.6900     0.0000  0.0000  core4_1_DW_mult_tc_J10_5_1
core4_3/mult_x_3                    897.2460      1.1    897.2460     0.0000  0.0000  core4_1_DW_mult_tc_J10_4_1
core4_3/mult_x_4                    897.3720      1.1    897.3720     0.0000  0.0000  core4_1_DW_mult_tc_J10_3_1
core4_3/mult_x_5                    897.2460      1.1    897.2460     0.0000  0.0000  core4_1_DW_mult_tc_J10_2_1
core4_3/mult_x_6                    897.2460      1.1    897.2460     0.0000  0.0000  core4_1_DW_mult_tc_J10_1_1
core4_3/mult_x_7                    715.8060      0.9    715.8060     0.0000  0.0000  core4_1_DW_mult_tc_J10_0_1
core4_4                            9884.3219     12.2      1.0080   475.0200  0.0000  core4_2
core4_4/evalA                       799.5960      1.0     25.4520     0.0000  0.0000  Eval_8_2
core4_4/evalA/DP_OP_55J8_123_375    202.4820      0.2    202.4820     0.0000  0.0000  Eval_8_2_DP_OP_55J8_123_375_J8_0
core4_4/evalA/DP_OP_56J8_124_1407   291.1860      0.4    291.1860     0.0000  0.0000  Eval_8_2_DP_OP_56J8_124_1407_J8_0
core4_4/evalA/DP_OP_57J8_125_8619   280.4760      0.3    280.4760     0.0000  0.0000  Eval_8_2_DP_OP_57J8_125_8619_J8_0
core4_4/evalB                       488.6280      0.6     15.8760     0.0000  0.0000  Eval_9_2
core4_4/evalB/DP_OP_54J11_122_4764   126.1260     0.2    126.1260     0.0000  0.0000  Eval_9_2_DP_OP_54J11_122_4764_J11_0
core4_4/evalB/DP_OP_55J11_123_4337   170.6040     0.2    170.6040     0.0000  0.0000  Eval_9_2_DP_OP_55J11_123_4337_J11_0
core4_4/evalB/DP_OP_56J11_124_3581   176.0220     0.2    176.0220     0.0000  0.0000  Eval_9_2_DP_OP_56J11_124_3581_J11_0
core4_4/interp                     2225.5380      2.7      0.7560   252.0000  0.0000  Interpolation_2
core4_4/interp/interp              1972.7820      2.4      0.2520     0.0000  0.0000  InterpolationComb_2
core4_4/interp/interp/DP_OP_106J8_122_6990  1972.5300     2.4  1972.5300    0.0000 0.0000 InterpolationComb_1_DP_OP_106J8_122_6990_J8_0_1
core4_4/mult_x_1                    765.1980      0.9    765.1980     0.0000  0.0000  core4_2_DW_mult_uns_J11_1
core4_4/mult_x_2                    858.5640      1.1    858.5640     0.0000  0.0000  core4_2_DW_mult_tc_J11_4
core4_4/mult_x_3                    863.6040      1.1    863.6040     0.0000  0.0000  core4_2_DW_mult_tc_J11_3
core4_4/mult_x_4                    847.2240      1.0    847.2240     0.0000  0.0000  core4_2_DW_mult_tc_J11_2
core4_4/mult_x_5                    897.2460      1.1    897.2460     0.0000  0.0000  core4_2_DW_mult_tc_J11_1
core4_4/mult_x_6                    897.4980      1.1    897.4980     0.0000  0.0000  core4_2_DW_mult_tc_J11_0
core4_4/mult_x_7                    765.1980      0.9    765.1980     0.0000  0.0000  core4_2_DW_mult_uns_J11_0
core4_5                           10075.9679     12.4      0.7560   474.6420  0.0000  core4_1
core4_5/evalA                       805.7700      1.0     26.3340     0.0000  0.0000  Eval_8_1
core4_5/evalA/DP_OP_53J9_123_375    203.3640      0.3    203.3640     0.0000  0.0000  Eval_8_1_DP_OP_53J9_123_375_J9_0_0
core4_5/evalA/DP_OP_54J9_124_5567   294.7140      0.4    294.7140     0.0000  0.0000  Eval_8_1_DP_OP_54J9_124_5567_J9_0_0
core4_5/evalA/DP_OP_55J9_125_9053   281.3580      0.3    281.3580     0.0000  0.0000  Eval_8_1_DP_OP_55J9_125_9053_J9_0_0
core4_5/evalB                       533.8620      0.7     19.0260     0.0000  0.0000  Eval_9_1
core4_5/evalB/DP_OP_53J5_122_4467   132.6780      0.2    132.6780     0.0000  0.0000  Eval_9_1_DP_OP_53J5_122_4467_J5_0_0
core4_5/evalB/DP_OP_54J5_123_1582   197.8200      0.2    197.8200     0.0000  0.0000  Eval_9_1_DP_OP_54J5_123_1582_J5_0_0
core4_5/evalB/DP_OP_55J5_124_5235   184.3380      0.2    184.3380     0.0000  0.0000  Eval_9_1_DP_OP_55J5_124_5235_J5_0_0
core4_5/interp                     2225.5380      2.7      0.7560   252.0000  0.0000  Interpolation_1
core4_5/interp/interp              1972.7820      2.4      0.2520     0.0000  0.0000  InterpolationComb_1
core4_5/interp/interp/DP_OP_106J8_122_6990  1972.5300     2.4  1972.5300    0.0000 0.0000 InterpolationComb_1_DP_OP_106J8_122_6990_J8_0_0
core4_5/mult_x_1                    793.9260      1.0    793.9260     0.0000  0.0000  core4_1_DW_mult_tc_J10_6_0
core4_5/mult_x_2                    858.5640      1.1    858.5640     0.0000  0.0000  core4_1_DW_mult_tc_J10_5_0
core4_5/mult_x_3                    897.2460      1.1    897.2460     0.0000  0.0000  core4_1_DW_mult_tc_J10_4_0
core4_5/mult_x_4                    897.2460      1.1    897.2460     0.0000  0.0000  core4_1_DW_mult_tc_J10_3_0
core4_5/mult_x_5                    897.2460      1.1    897.2460     0.0000  0.0000  core4_1_DW_mult_tc_J10_2_0
core4_5/mult_x_6                    897.2460      1.1    897.2460     0.0000  0.0000  core4_1_DW_mult_tc_J10_1_0
core4_5/mult_x_7                    793.9260      1.0    793.9260     0.0000  0.0000  core4_1_DW_mult_tc_J10_0_0
core4_6                            8738.2259     10.8      1.0080   475.1460  0.0000  core4_0
core4_6/evalA                       715.0500      0.9     21.6720     0.0000  0.0000  Eval_8_0
core4_6/evalA/DP_OP_54J8_126_2984   185.9760      0.2    185.9760     0.0000  0.0000  Eval_8_0_DP_OP_54J8_126_2984_J8_0
core4_6/evalA/DP_OP_55J8_127_1759   250.7400      0.3    250.7400     0.0000  0.0000  Eval_8_0_DP_OP_55J8_127_1759_J8_0
core4_6/evalA/DP_OP_56J8_128_6780   256.6620      0.3    256.6620     0.0000  0.0000  Eval_8_0_DP_OP_56J8_128_6780_J8_0
core4_6/evalB                       370.6920      0.5     11.8440     0.0000  0.0000  Eval_9_0
core4_6/evalB/DP_OP_54J10_122_990    96.0120      0.1     96.0120     0.0000  0.0000  Eval_9_0_DP_OP_54J10_122_990_J10_0
core4_6/evalB/DP_OP_55J10_123_6795   128.3940     0.2    128.3940     0.0000  0.0000  Eval_9_0_DP_OP_55J10_123_6795_J10_0
core4_6/evalB/DP_OP_56J10_124_568   134.4420      0.2    134.4420     0.0000  0.0000  Eval_9_0_DP_OP_56J10_124_568_J10_0
core4_6/interp                     2130.5340      2.6      0.7560   243.9360  0.0000  Interpolation_0
core4_6/interp/interp              1885.8420      2.3      0.2520     0.0000  0.0000  InterpolationComb_0
core4_6/interp/interp/DP_OP_106J9_122_7394  1885.5900     2.3  1885.5900    0.0000 0.0000 InterpolationComb_0_DP_OP_106J9_122_7394_J9_0_0
core4_6/mult_x_1                    599.6340      0.7    599.6340     0.0000  0.0000  core4_0_DW_mult_uns_J7_3
core4_6/mult_x_2                    773.5140      1.0    773.5140     0.0000  0.0000  core4_0_DW_mult_uns_J7_2
core4_6/mult_x_3                    700.6860      0.9    700.6860     0.0000  0.0000  core4_0_DW_mult_tc_J7_2
core4_6/mult_x_4                    749.5740      0.9    749.5740     0.0000  0.0000  core4_0_DW_mult_tc_J7_1
core4_6/mult_x_5                    794.3040      1.0    794.3040     0.0000  0.0000  core4_0_DW_mult_uns_J7_1
core4_6/mult_x_6                    828.4500      1.0    828.4500     0.0000  0.0000  core4_0_DW_mult_tc_J7_0
core4_6/mult_x_7                    599.6340      0.7    599.6340     0.0000  0.0000  core4_0_DW_mult_uns_J7_0
evalA                               715.0500      0.9     23.5620     0.0000  0.0000  Eval_4
evalA/DP_OP_52J7_122_6653           249.2280      0.3    249.2280     0.0000  0.0000  Eval_0_DP_OP_52J7_122_6653_J7_0_3
evalA/DP_OP_53J7_123_5333           256.2840      0.3    256.2840     0.0000  0.0000  Eval_0_DP_OP_53J7_123_5333_J7_0_3
evalA/DP_OP_54J7_124_6891           185.9760      0.2    185.9760     0.0000  0.0000  Eval_0_DP_OP_54J7_124_6891_J7_0_3
evalA_1                             714.9240      0.9     23.3100     0.0000  0.0000  Eval_3
evalA_1/DP_OP_52J7_122_6653         249.2280      0.3    249.2280     0.0000  0.0000  Eval_0_DP_OP_52J7_122_6653_J7_0_2
evalA_1/DP_OP_53J7_123_5333         256.4100      0.3    256.4100     0.0000  0.0000  Eval_0_DP_OP_53J7_123_5333_J7_0_2
evalA_1/DP_OP_54J7_124_6891         185.9760      0.2    185.9760     0.0000  0.0000  Eval_0_DP_OP_54J7_124_6891_J7_0_2
evalA_2                             714.9240      0.9     23.3100     0.0000  0.0000  Eval_2
evalA_2/DP_OP_52J7_122_6653         249.2280      0.3    249.2280     0.0000  0.0000  Eval_0_DP_OP_52J7_122_6653_J7_0_1
evalA_2/DP_OP_53J7_123_5333         256.4100      0.3    256.4100     0.0000  0.0000  Eval_0_DP_OP_53J7_123_5333_J7_0_1
evalA_2/DP_OP_54J7_124_6891         185.9760      0.2    185.9760     0.0000  0.0000  Eval_0_DP_OP_54J7_124_6891_J7_0_1
evalA_3                             715.0500      0.9     23.5620     0.0000  0.0000  Eval_0
evalA_3/DP_OP_52J7_122_6653         249.2280      0.3    249.2280     0.0000  0.0000  Eval_0_DP_OP_52J7_122_6653_J7_0_0
evalA_3/DP_OP_53J7_123_5333         256.2840      0.3    256.2840     0.0000  0.0000  Eval_0_DP_OP_53J7_123_5333_J7_0_0
evalA_3/DP_OP_54J7_124_6891         185.9760      0.2    185.9760     0.0000  0.0000  Eval_0_DP_OP_54J7_124_6891_J7_0_0
evalB                               370.6920      0.5     16.1280     0.0000  0.0000  Eval_1_3
evalB/DP_OP_52J5_125_4593            96.0120      0.1     96.0120     0.0000  0.0000  Eval_1_0_DP_OP_52J5_125_4593_J5_0_3
evalB/DP_OP_53J5_126_1321           125.7480      0.2    125.7480     0.0000  0.0000  Eval_1_0_DP_OP_53J5_126_1321_J5_0_3
evalB/DP_OP_54J5_127_2501           132.8040      0.2    132.8040     0.0000  0.0000  Eval_1_0_DP_OP_54J5_127_2501_J5_0_3
evalB_1                             369.6840      0.5     14.9940     0.0000  0.0000  Eval_1_2
evalB_1/DP_OP_52J5_125_4593          96.0120      0.1     96.0120     0.0000  0.0000  Eval_1_0_DP_OP_52J5_125_4593_J5_0_2
evalB_1/DP_OP_53J5_126_1321         125.7480      0.2    125.7480     0.0000  0.0000  Eval_1_0_DP_OP_53J5_126_1321_J5_0_2
evalB_1/DP_OP_54J5_127_2501         132.9300      0.2    132.9300     0.0000  0.0000  Eval_1_0_DP_OP_54J5_127_2501_J5_0_2
evalB_2                             369.6840      0.5     14.9940     0.0000  0.0000  Eval_1_1
evalB_2/DP_OP_52J5_125_4593          96.0120      0.1     96.0120     0.0000  0.0000  Eval_1_0_DP_OP_52J5_125_4593_J5_0_1
evalB_2/DP_OP_53J5_126_1321         125.7480      0.2    125.7480     0.0000  0.0000  Eval_1_0_DP_OP_53J5_126_1321_J5_0_1
evalB_2/DP_OP_54J5_127_2501         132.9300      0.2    132.9300     0.0000  0.0000  Eval_1_0_DP_OP_54J5_127_2501_J5_0_1
evalB_3                             370.8180      0.5     16.2540     0.0000  0.0000  Eval_1_0
evalB_3/DP_OP_52J5_125_4593          96.0120      0.1     96.0120     0.0000  0.0000  Eval_1_0_DP_OP_52J5_125_4593_J5_0_0
evalB_3/DP_OP_53J5_126_1321         125.7480      0.2    125.7480     0.0000  0.0000  Eval_1_0_DP_OP_53J5_126_1321_J5_0_0
evalB_3/DP_OP_54J5_127_2501         132.8040      0.2    132.8040     0.0000  0.0000  Eval_1_0_DP_OP_54J5_127_2501_J5_0_0
interp                             8402.6879     10.4      0.7560   905.1840  0.0000  Interpolation_7
interp/interp                      7496.7479      9.3      0.2520     0.0000  0.0000  InterpolationComb_7
interp/interp/DP_OP_421J3_122_8897  7496.4959     9.3   7496.4959     0.0000  0.0000  InterpolationComb_7_DP_OP_421J3_122_8897_J3_0
--------------------------------  ----------  -------  ----------  ---------  ------  -----------------------------------------------
Total                                                  73337.2909  7696.7101  0.0000

1
