 
****************************************
Report : area
Design : core4_a28_b14_c28
Version: O-2018.06-SP5
Date   : Tue May 12 05:57:01 2026
****************************************

Library(s) Used:

    tcbn28hpcplusbwp40p140lvtssg0p81vm40c_ccs (File: /export1/Library/TN28HPC+/STD_CELL_ext/track9_200824/TSMCHOME/digital/Front_End/timing_power_noise/CCS/tcbn28hpcplusbwp40p140lvt_180a/tcbn28hpcplusbwp40p140lvtssg0p81vm40c_ccs.db)
    tcbn28hpcplusbwp40p140ssg0p81vm40c_ccs (File: /export1/Library/TN28HPC+/STD_CELL_ext/track9_200824/TSMCHOME/digital/Front_End/timing_power_noise/CCS/tcbn28hpcplusbwp40p140_180a/tcbn28hpcplusbwp40p140ssg0p81vm40c_ccs.db)
    tcbn28hpcplusbwp40p140hvtssg0p81vm40c_ccs (File: /export1/Library/TN28HPC+/STD_CELL_ext/track9_200824/TSMCHOME/digital/Front_End/timing_power_noise/CCS/tcbn28hpcplusbwp40p140hvt_180a/tcbn28hpcplusbwp40p140hvtssg0p81vm40c_ccs.db)

Number of ports:                         3414
Number of nets:                         12037
Number of cells:                         6630
Number of combinational cells:           6278
Number of sequential cells:               328
Number of macros/black boxes:               0
Number of buf/inv:                        794
Number of references:                      14

Combinational area:               7499.141879
Buf/Inv area:                      210.420002
Noncombinational area:             661.248011
Macro/Black Box area:                0.000000
Net Interconnect area:      undefined  (Wire load has zero net area)

Total cell area:                  8160.389890
Total area:                 undefined

Hierarchical area distribution
------------------------------

                                  Global cell area          Local cell area
                                  ------------------  ---------------------------- 
Hierarchical cell                 Absolute   Percent  Combi-     Noncombi-  Black-
                                  Total      Total    national   national   boxes   Design
--------------------------------  ---------  -------  ---------  ---------  ------  -------------------------------------------
core4_a28_b14_c28                 8160.3899    100.0     1.0080   433.4400  0.0000  core4_a28_b14_c28
evalA                              701.9460      8.6    22.0500     0.0000  0.0000  Eval
evalA/DP_OP_52J2_123_5748          179.9280      2.2   179.9280     0.0000  0.0000  Eval_DP_OP_52J2_123_5748_J2_0
evalA/DP_OP_53J2_124_6834          249.2280      3.1   249.2280     0.0000  0.0000  Eval_DP_OP_53J2_124_6834_J2_0
evalA/DP_OP_54J2_125_4743          250.7400      3.1   250.7400     0.0000  0.0000  Eval_DP_OP_54J2_125_4743_J2_0
evalB                              367.0380      4.5    12.9780     0.0000  0.0000  Eval_1
evalB/DP_OP_52J3_122_4543           95.5080      1.2    95.5080     0.0000  0.0000  Eval_1_DP_OP_52J3_122_4543_J3_0
evalB/DP_OP_53J3_123_5215          125.7480      1.5   125.7480     0.0000  0.0000  Eval_1_DP_OP_53J3_123_5215_J3_0
evalB/DP_OP_54J3_124_1990          132.8040      1.6   132.8040     0.0000  0.0000  Eval_1_DP_OP_54J3_124_1990_J3_0
interp                            2006.9280     24.6     0.7560   227.8080  0.0000  Interpolation
interp/interp                     1778.3640     21.8     0.2520     0.0000  0.0000  InterpolationComb
interp/interp/DP_OP_106J2_122_1947 1778.1120    21.8  1778.1120     0.0000  0.0000  InterpolationComb_DP_OP_106J2_122_1947_J2_0
mult_x_1                           546.8400      6.7   546.8400     0.0000  0.0000  core4_a28_b14_c28_DW_mult_uns_J3_2
mult_x_2                           717.5700      8.8   717.5700     0.0000  0.0000  core4_a28_b14_c28_DW_mult_tc_J3_3
mult_x_3                           634.6620      7.8   634.6620     0.0000  0.0000  core4_a28_b14_c28_DW_mult_uns_J3_1
mult_x_4                           684.5580      8.4   684.5580     0.0000  0.0000  core4_a28_b14_c28_DW_mult_tc_J3_2
mult_x_5                           759.7800      9.3   759.7800     0.0000  0.0000  core4_a28_b14_c28_DW_mult_tc_J3_1
mult_x_6                           759.7800      9.3   759.7800     0.0000  0.0000  core4_a28_b14_c28_DW_mult_tc_J3_0
mult_x_7                           546.8400      6.7   546.8400     0.0000  0.0000  core4_a28_b14_c28_DW_mult_uns_J3_0
--------------------------------  ---------  -------  ---------  ---------  ------  -------------------------------------------
Total                                                 7499.1419   661.2480  0.0000

1
