 
****************************************
Report : area
Design : core16_a36_b10_c36
Version: O-2018.06-SP5
Date   : Tue May 12 17:17:08 2026
****************************************

Library(s) Used:

    tcbn28hpcplusbwp40p140lvtssg0p81vm40c_ccs (File: /export1/Library/TN28HPC+/STD_CELL_ext/track9_200824/TSMCHOME/digital/Front_End/timing_power_noise/CCS/tcbn28hpcplusbwp40p140lvt_180a/tcbn28hpcplusbwp40p140lvtssg0p81vm40c_ccs.db)
    tcbn28hpcplusbwp40p140ssg0p81vm40c_ccs (File: /export1/Library/TN28HPC+/STD_CELL_ext/track9_200824/TSMCHOME/digital/Front_End/timing_power_noise/CCS/tcbn28hpcplusbwp40p140_180a/tcbn28hpcplusbwp40p140ssg0p81vm40c_ccs.db)
    tcbn28hpcplusbwp40p140hvtssg0p81vm40c_ccs (File: /export1/Library/TN28HPC+/STD_CELL_ext/track9_200824/TSMCHOME/digital/Front_End/timing_power_noise/CCS/tcbn28hpcplusbwp40p140hvt_180a/tcbn28hpcplusbwp40p140hvtssg0p81vm40c_ccs.db)

Number of ports:                        44536
Number of nets:                        150368
Number of cells:                        78604
Number of combinational cells:          73173
Number of sequential cells:              4789
Number of macros/black boxes:               0
Number of buf/inv:                      10430
Number of references:                      21

Combinational area:              91904.146551
Buf/Inv area:                     2791.278026
Noncombinational area:            9647.442153
Macro/Black Box area:                0.000000
Net Interconnect area:      undefined  (Wire load has zero net area)

Total cell area:                101551.588704
Total area:                 undefined

Hierarchical area distribution
------------------------------

                                  Global cell area             Local cell area
                                  --------------------  ----------------------------- 
Hierarchical cell                 Absolute     Percent  Combi-      Noncombi-  Black-
                                  Total        Total    national    national   boxes   Design
--------------------------------  -----------  -------  ----------  ---------  ------  -------------------------------------------------
core16_a36_b10_c36                101551.5887    100.0      2.0160  2179.2960  0.0000  core16_a36_b10_c36
core4_0                            10549.6019     10.4      1.0080   587.9160  0.0000  core4_6
core4_0/evalA                        913.6260      0.9     27.7200     0.0000  0.0000  Eval_8_6
core4_0/evalA/DP_OP_54J12_128_8677    237.3840     0.2    237.3840     0.0000  0.0000  Eval_8_6_DP_OP_54J12_128_8677_J12_0
core4_0/evalA/DP_OP_55J12_129_6253    321.3000     0.3    321.3000     0.0000  0.0000  Eval_8_6_DP_OP_55J12_129_6253_J12_0
core4_0/evalA/DP_OP_56J12_130_5010    327.2220     0.3    327.2220     0.0000  0.0000  Eval_8_6_DP_OP_56J12_130_5010_J12_0
core4_0/evalB                        271.2780      0.3      8.5680     0.0000  0.0000  Eval_9_6
core4_0/evalB/DP_OP_54J11_128_9172     70.5600     0.1     70.5600     0.0000  0.0000  Eval_9_6_DP_OP_54J11_128_9172_J11_0
core4_0/evalB/DP_OP_55J11_129_183     93.1140      0.1     93.1140     0.0000  0.0000  Eval_9_6_DP_OP_55J11_129_183_J11_0
core4_0/evalB/DP_OP_56J11_130_9282     99.0360     0.1     99.0360     0.0000  0.0000  Eval_9_6_DP_OP_56J11_130_9282_J11_0
core4_0/interp                      3073.8960      3.0      0.7560   308.4480  0.0000  Interpolation_6
core4_0/interp/interp               2764.6920      2.7      0.2520     0.0000  0.0000  InterpolationComb_6
core4_0/interp/interp/DP_OP_106J13_122_5029   2764.4400     2.7  2764.4400    0.0000 0.0000 InterpolationComb_0_DP_OP_106J13_122_5029_J13_0_2
core4_0/mult_x_1                     601.9020      0.6    601.9020     0.0000  0.0000  core4_6_DW_mult_uns_J10_3
core4_0/mult_x_2                     853.2720      0.8    853.2720     0.0000  0.0000  core4_6_DW_mult_uns_J10_2
core4_0/mult_x_3                     897.6240      0.9    897.6240     0.0000  0.0000  core4_6_DW_mult_tc_J10_2
core4_0/mult_x_4                     838.1520      0.8    838.1520     0.0000  0.0000  core4_6_DW_mult_tc_J10_1
core4_0/mult_x_5                     910.4760      0.9    910.4760     0.0000  0.0000  core4_6_DW_mult_uns_J10_1
core4_0/mult_x_6                     998.5500      1.0    998.5500     0.0000  0.0000  core4_6_DW_mult_tc_J10_0
core4_0/mult_x_7                     601.9020      0.6    601.9020     0.0000  0.0000  core4_6_DW_mult_uns_J10_0
core4_1                            12333.7618     12.1      1.0080   587.6640  0.0000  core4_5
core4_1/evalA                        995.7780      1.0     31.5000     0.0000  0.0000  Eval_8_5
core4_1/evalA/DP_OP_53J12_122_4700    254.8980     0.3    254.8980     0.0000  0.0000  Eval_8_1_DP_OP_53J12_122_4700_J12_0_2
core4_1/evalA/DP_OP_54J12_123_9540    359.2260     0.4    359.2260     0.0000  0.0000  Eval_8_1_DP_OP_54J12_123_9540_J12_0_2
core4_1/evalA/DP_OP_55J12_124_2689    350.1540     0.3    350.1540     0.0000  0.0000  Eval_8_1_DP_OP_55J12_124_2689_J12_0_2
core4_1/evalB                        387.7020      0.4     11.8440     0.0000  0.0000  Eval_9_5
core4_1/evalB/DP_OP_54J11_125_7920     99.9180     0.1     99.9180     0.0000  0.0000  Eval_9_5_DP_OP_54J11_125_7920_J11_0
core4_1/evalB/DP_OP_55J11_126_5659    138.2220     0.1    138.2220     0.0000  0.0000  Eval_9_5_DP_OP_55J11_126_5659_J11_0
core4_1/evalB/DP_OP_56J11_127_4421    137.7180     0.1    137.7180     0.0000  0.0000  Eval_9_5_DP_OP_56J11_127_4421_J11_0
core4_1/interp                      3074.2740      3.0      0.7560   308.4480  0.0000  Interpolation_5
core4_1/interp/interp               2765.0700      2.7      0.2520     0.0000  0.0000  InterpolationComb_5
core4_1/interp/interp/DP_OP_106J13_122_5029   2764.8180     2.7  2764.8180    0.0000 0.0000 InterpolationComb_0_DP_OP_106J13_122_5029_J13_0_1
core4_1/mult_x_1                     853.2720      0.8    853.2720     0.0000  0.0000  core4_5_DW_mult_uns_J6_1
core4_1/mult_x_2                    1106.1540      1.1   1106.1540     0.0000  0.0000  core4_5_DW_mult_tc_J6_4
core4_1/mult_x_3                    1128.5820      1.1   1128.5820     0.0000  0.0000  core4_5_DW_mult_tc_J6_3
core4_1/mult_x_4                    1067.5980      1.1   1067.5980     0.0000  0.0000  core4_5_DW_mult_tc_J6_2
core4_1/mult_x_5                    1139.4180      1.1   1139.4180     0.0000  0.0000  core4_5_DW_mult_tc_J6_1
core4_1/mult_x_6                    1138.9140      1.1   1138.9140     0.0000  0.0000  core4_5_DW_mult_tc_J6_0
core4_1/mult_x_7                     853.3980      0.8    853.3980     0.0000  0.0000  core4_5_DW_mult_uns_J6_0
core4_2                            11426.9398     11.3      1.0080   587.2860  0.0000  core4_4
core4_2/evalA                        958.9860      0.9     29.2320     0.0000  0.0000  Eval_8_4
core4_2/evalA/DP_OP_54J11_122_6548    248.2200     0.2    248.2200     0.0000  0.0000  Eval_8_4_DP_OP_54J11_122_6548_J11_0
core4_2/evalA/DP_OP_55J11_123_3996    338.1840     0.3    338.1840     0.0000  0.0000  Eval_8_4_DP_OP_55J11_123_3996_J11_0
core4_2/evalA/DP_OP_56J11_124_1718    343.3500     0.3    343.3500     0.0000  0.0000  Eval_8_4_DP_OP_56J11_124_1718_J11_0
core4_2/evalB                        318.7800      0.3      9.4500     0.0000  0.0000  Eval_9_4
core4_2/evalB/DP_OP_54J14_126_9894     83.1600     0.1     83.1600     0.0000  0.0000  Eval_9_4_DP_OP_54J14_126_9894_J14_0
core4_2/evalB/DP_OP_55J14_127_37     110.2500      0.1    110.2500     0.0000  0.0000  Eval_9_4_DP_OP_55J14_127_37_J14_0
core4_2/evalB/DP_OP_56J14_128_1958    115.9200     0.1    115.9200     0.0000  0.0000  Eval_9_4_DP_OP_56J14_128_1958_J14_0
core4_2/interp                      3179.9880      3.1      0.7560   316.5120  0.0000  Interpolation_4
core4_2/interp/interp               2862.7200      2.8      0.2520     0.0000  0.0000  InterpolationComb_4
core4_2/interp/interp/DP_OP_106J14_122_8869   2862.4680     2.8  2862.4680    0.0000 0.0000 InterpolationComb_1_DP_OP_106J14_122_8869_J14_0_3
core4_2/mult_x_1                     737.8560      0.7    737.8560     0.0000  0.0000  core4_4_DW_mult_uns_J8_3
core4_2/mult_x_2                     990.2340      1.0    990.2340     0.0000  0.0000  core4_4_DW_mult_uns_J8_2
core4_2/mult_x_3                     974.8620      1.0    974.8620     0.0000  0.0000  core4_4_DW_mult_tc_J8_2
core4_2/mult_x_4                     942.6060      0.9    942.6060     0.0000  0.0000  core4_4_DW_mult_tc_J8_1
core4_2/mult_x_5                     938.8260      0.9    938.8260     0.0000  0.0000  core4_4_DW_mult_uns_J8_1
core4_2/mult_x_6                    1058.6520      1.0   1058.6520     0.0000  0.0000  core4_4_DW_mult_tc_J8_0
core4_2/mult_x_7                     737.8560      0.7    737.8560     0.0000  0.0000  core4_4_DW_mult_uns_J8_0
core4_3                            12502.2238     12.3      0.7560   587.6640  0.0000  core4_3
core4_3/evalA                       1004.0940      1.0     32.1300     0.0000  0.0000  Eval_8_3
core4_3/evalA/DP_OP_53J12_122_4700    254.7720     0.3    254.7720     0.0000  0.0000  Eval_8_1_DP_OP_53J12_122_4700_J12_0_1
core4_3/evalA/DP_OP_54J12_123_9540    365.2740     0.4    365.2740     0.0000  0.0000  Eval_8_1_DP_OP_54J12_123_9540_J12_0_1
core4_3/evalA/DP_OP_55J12_124_2689    351.9180     0.3    351.9180     0.0000  0.0000  Eval_8_1_DP_OP_55J12_124_2689_J12_0_1
core4_3/evalB                        435.5820      0.4     14.8680     0.0000  0.0000  Eval_9_3
core4_3/evalB/DP_OP_53J14_123_4457    106.9740     0.1    106.9740     0.0000  0.0000  Eval_9_1_DP_OP_53J14_123_4457_J14_0_1
core4_3/evalB/DP_OP_54J14_124_110    163.9260      0.2    163.9260     0.0000  0.0000  Eval_9_1_DP_OP_54J14_124_110_J14_0_1
core4_3/evalB/DP_OP_55J14_125_5186    149.8140     0.1    149.8140     0.0000  0.0000  Eval_9_1_DP_OP_55J14_125_5186_J14_0_1
core4_3/interp                      3177.9720      3.1      0.7560   316.5120  0.0000  Interpolation_3
core4_3/interp/interp               2860.7040      2.8      0.2520     0.0000  0.0000  InterpolationComb_3
core4_3/interp/interp/DP_OP_106J14_122_8869   2860.4520     2.8  2860.4520    0.0000 0.0000 InterpolationComb_1_DP_OP_106J14_122_8869_J14_0_2
core4_3/mult_x_1                     814.7160      0.8    814.7160     0.0000  0.0000  core4_1_DW_mult_tc_J5_6_1
core4_3/mult_x_2                    1104.5160      1.1   1104.5160     0.0000  0.0000  core4_1_DW_mult_tc_J5_5_1
core4_3/mult_x_3                    1141.1820      1.1   1141.1820     0.0000  0.0000  core4_1_DW_mult_tc_J5_4_1
core4_3/mult_x_4                    1141.5600      1.1   1141.5600     0.0000  0.0000  core4_1_DW_mult_tc_J5_3_1
core4_3/mult_x_5                    1140.0480      1.1   1140.0480     0.0000  0.0000  core4_1_DW_mult_tc_J5_2_1
core4_3/mult_x_6                    1139.4180      1.1   1139.4180     0.0000  0.0000  core4_1_DW_mult_tc_J5_1_1
core4_3/mult_x_7                     814.7160      0.8    814.7160     0.0000  0.0000  core4_1_DW_mult_tc_J5_0_1
core4_4                            12414.5278     12.2      1.0080   587.4120  0.0000  core4_2
core4_4/evalA                        998.1720      1.0     31.5000     0.0000  0.0000  Eval_8_2
core4_4/evalA/DP_OP_55J12_125_1150    253.8900     0.3    253.8900     0.0000  0.0000  Eval_8_2_DP_OP_55J12_125_1150_J12_0
core4_4/evalA/DP_OP_56J12_126_9613    361.7460     0.4    361.7460     0.0000  0.0000  Eval_8_2_DP_OP_56J12_126_9613_J12_0
core4_4/evalA/DP_OP_57J12_127_6858    351.0360     0.3    351.0360     0.0000  0.0000  Eval_8_2_DP_OP_57J12_127_6858_J12_0
core4_4/evalB                        389.9700      0.4     12.2220     0.0000  0.0000  Eval_9_2
core4_4/evalB/DP_OP_54J15_125_795    100.4220      0.1    100.4220     0.0000  0.0000  Eval_9_2_DP_OP_54J15_125_795_J15_0
core4_4/evalB/DP_OP_55J15_126_3918    136.3320     0.1    136.3320     0.0000  0.0000  Eval_9_2_DP_OP_55J15_126_3918_J15_0
core4_4/evalB/DP_OP_56J15_127_6600    140.9940     0.1    140.9940     0.0000  0.0000  Eval_9_2_DP_OP_56J15_127_6600_J15_0
core4_4/interp                      3178.4760      3.1      0.7560   316.5120  0.0000  Interpolation_2
core4_4/interp/interp               2861.2080      2.8      0.2520     0.0000  0.0000  InterpolationComb_2
core4_4/interp/interp/DP_OP_106J14_122_8869   2860.9560     2.8  2860.9560    0.0000 0.0000 InterpolationComb_1_DP_OP_106J14_122_8869_J14_0_1
core4_4/mult_x_1                     885.7800      0.9    885.7800     0.0000  0.0000  core4_2_DW_mult_uns_J7_1
core4_4/mult_x_2                    1103.8860      1.1   1103.8860     0.0000  0.0000  core4_2_DW_mult_tc_J7_4
core4_4/mult_x_3                    1047.8160      1.0   1047.8160     0.0000  0.0000  core4_2_DW_mult_tc_J7_3
core4_4/mult_x_4                    1058.7780      1.0   1058.7780     0.0000  0.0000  core4_2_DW_mult_tc_J7_2
core4_4/mult_x_5                    1138.9140      1.1   1138.9140     0.0000  0.0000  core4_2_DW_mult_tc_J7_1
core4_4/mult_x_6                    1138.2840      1.1   1138.2840     0.0000  0.0000  core4_2_DW_mult_tc_J7_0
core4_4/mult_x_7                     886.0320      0.9    886.0320     0.0000  0.0000  core4_2_DW_mult_uns_J7_0
core4_5                            12803.2378     12.6      0.7560   587.6640  0.0000  core4_1
core4_5/evalA                       1004.2200      1.0     32.2560     0.0000  0.0000  Eval_8_1
core4_5/evalA/DP_OP_53J12_122_4700    254.7720     0.3    254.7720     0.0000  0.0000  Eval_8_1_DP_OP_53J12_122_4700_J12_0_0
core4_5/evalA/DP_OP_54J12_123_9540    365.2740     0.4    365.2740     0.0000  0.0000  Eval_8_1_DP_OP_54J12_123_9540_J12_0_0
core4_5/evalA/DP_OP_55J12_124_2689    351.9180     0.3    351.9180     0.0000  0.0000  Eval_8_1_DP_OP_55J12_124_2689_J12_0_0
core4_5/evalB                        434.0700      0.4     14.8680     0.0000  0.0000  Eval_9_1
core4_5/evalB/DP_OP_53J14_123_4457    107.2260     0.1    107.2260     0.0000  0.0000  Eval_9_1_DP_OP_53J14_123_4457_J14_0_0
core4_5/evalB/DP_OP_54J14_124_110    162.6660      0.2    162.6660     0.0000  0.0000  Eval_9_1_DP_OP_54J14_124_110_J14_0_0
core4_5/evalB/DP_OP_55J14_125_5186    149.3100     0.1    149.3100     0.0000  0.0000  Eval_9_1_DP_OP_55J14_125_5186_J14_0_0
core4_5/interp                      3178.9800      3.1      0.7560   316.5120  0.0000  Interpolation_1
core4_5/interp/interp               2861.7120      2.8      0.2520     0.0000  0.0000  InterpolationComb_1
core4_5/interp/interp/DP_OP_106J14_122_8869   2861.4600     2.8  2861.4600    0.0000 0.0000 InterpolationComb_1_DP_OP_106J14_122_8869_J14_0_0
core4_5/mult_x_1                     969.4440      1.0    969.4440     0.0000  0.0000  core4_1_DW_mult_tc_J5_6_0
core4_5/mult_x_2                    1103.7600      1.1   1103.7600     0.0000  0.0000  core4_1_DW_mult_tc_J5_5_0
core4_5/mult_x_3                    1138.0320      1.1   1138.0320     0.0000  0.0000  core4_1_DW_mult_tc_J5_4_0
core4_5/mult_x_4                    1138.6620      1.1   1138.6620     0.0000  0.0000  core4_1_DW_mult_tc_J5_3_0
core4_5/mult_x_5                    1139.0400      1.1   1139.0400     0.0000  0.0000  core4_1_DW_mult_tc_J5_2_0
core4_5/mult_x_6                    1139.1660      1.1   1139.1660     0.0000  0.0000  core4_1_DW_mult_tc_J5_1_0
core4_5/mult_x_7                     969.4440      1.0    969.4440     0.0000  0.0000  core4_1_DW_mult_tc_J5_0_0
core4_6                            10555.3979     10.4      1.0080   587.9160  0.0000  core4_0
core4_6/evalA                        913.6260      0.9     27.7200     0.0000  0.0000  Eval_8_0
core4_6/evalA/DP_OP_54J15_122_485    237.3840      0.2    237.3840     0.0000  0.0000  Eval_8_0_DP_OP_54J15_122_485_J15_0
core4_6/evalA/DP_OP_55J15_123_3918    321.3000     0.3    321.3000     0.0000  0.0000  Eval_8_0_DP_OP_55J15_123_3918_J15_0
core4_6/evalA/DP_OP_56J15_124_7345    327.2220     0.3    327.2220     0.0000  0.0000  Eval_8_0_DP_OP_56J15_124_7345_J15_0
core4_6/evalB                        271.0260      0.3      8.5680     0.0000  0.0000  Eval_9_0
core4_6/evalB/DP_OP_54J12_131_980     70.3080      0.1     70.3080     0.0000  0.0000  Eval_9_0_DP_OP_54J12_131_980_J12_0
core4_6/evalB/DP_OP_55J12_132_3603     93.1140     0.1     93.1140     0.0000  0.0000  Eval_9_0_DP_OP_55J12_132_3603_J12_0
core4_6/evalB/DP_OP_56J12_133_3788     99.0360     0.1     99.0360     0.0000  0.0000  Eval_9_0_DP_OP_56J12_133_3788_J12_0
core4_6/interp                      3074.2740      3.0      0.7560   308.4480  0.0000  Interpolation_0
core4_6/interp/interp               2765.0700      2.7      0.2520     0.0000  0.0000  InterpolationComb_0
core4_6/interp/interp/DP_OP_106J13_122_5029   2764.8180     2.7  2764.8180    0.0000 0.0000 InterpolationComb_0_DP_OP_106J13_122_5029_J13_0_0
core4_6/mult_x_1                     601.9020      0.6    601.9020     0.0000  0.0000  core4_0_DW_mult_uns_J9_3
core4_6/mult_x_2                     853.2720      0.8    853.2720     0.0000  0.0000  core4_0_DW_mult_uns_J9_2
core4_6/mult_x_3                     903.1680      0.9    903.1680     0.0000  0.0000  core4_0_DW_mult_tc_J9_2
core4_6/mult_x_4                     838.0260      0.8    838.0260     0.0000  0.0000  core4_0_DW_mult_tc_J9_1
core4_6/mult_x_5                     910.4760      0.9    910.4760     0.0000  0.0000  core4_0_DW_mult_uns_J9_1
core4_6/mult_x_6                     998.8020      1.0    998.8020     0.0000  0.0000  core4_0_DW_mult_tc_J9_0
core4_6/mult_x_7                     601.9020      0.6    601.9020     0.0000  0.0000  core4_0_DW_mult_uns_J9_0
evalA                                913.7520      0.9     29.7360     0.0000  0.0000  Eval_4
evalA/DP_OP_52J13_123_8845           319.7880      0.3    319.7880     0.0000  0.0000  Eval_0_DP_OP_52J13_123_8845_J13_0_3
evalA/DP_OP_53J13_124_1745           326.8440      0.3    326.8440     0.0000  0.0000  Eval_0_DP_OP_53J13_124_1745_J13_0_3
evalA/DP_OP_54J13_125_3730           237.3840      0.2    237.3840     0.0000  0.0000  Eval_0_DP_OP_54J13_125_3730_J13_0_3
evalA_1                              913.5000      0.9     29.3580     0.0000  0.0000  Eval_3
evalA_1/DP_OP_52J13_123_8845         319.7880      0.3    319.7880     0.0000  0.0000  Eval_0_DP_OP_52J13_123_8845_J13_0_2
evalA_1/DP_OP_53J13_124_1745         326.9700      0.3    326.9700     0.0000  0.0000  Eval_0_DP_OP_53J13_124_1745_J13_0_2
evalA_1/DP_OP_54J13_125_3730         237.3840      0.2    237.3840     0.0000  0.0000  Eval_0_DP_OP_54J13_125_3730_J13_0_2
evalA_2                              913.5000      0.9     29.3580     0.0000  0.0000  Eval_2
evalA_2/DP_OP_52J13_123_8845         319.7880      0.3    319.7880     0.0000  0.0000  Eval_0_DP_OP_52J13_123_8845_J13_0_1
evalA_2/DP_OP_53J13_124_1745         326.9700      0.3    326.9700     0.0000  0.0000  Eval_0_DP_OP_53J13_124_1745_J13_0_1
evalA_2/DP_OP_54J13_125_3730         237.3840      0.2    237.3840     0.0000  0.0000  Eval_0_DP_OP_54J13_125_3730_J13_0_1
evalA_3                              914.0040      0.9     29.9880     0.0000  0.0000  Eval_0
evalA_3/DP_OP_52J13_123_8845         319.7880      0.3    319.7880     0.0000  0.0000  Eval_0_DP_OP_52J13_123_8845_J13_0_0
evalA_3/DP_OP_53J13_124_1745         326.8440      0.3    326.8440     0.0000  0.0000  Eval_0_DP_OP_53J13_124_1745_J13_0_0
evalA_3/DP_OP_54J13_125_3730         237.3840      0.2    237.3840     0.0000  0.0000  Eval_0_DP_OP_54J13_125_3730_J13_0_0
evalB                                273.0420      0.3     14.7420     0.0000  0.0000  Eval_1_3
evalB/DP_OP_52J15_128_4583            70.3080      0.1     70.3080     0.0000  0.0000  Eval_1_0_DP_OP_52J15_128_4583_J15_0_3
evalB/DP_OP_53J15_129_8511            90.4680      0.1     90.4680     0.0000  0.0000  Eval_1_0_DP_OP_53J15_129_8511_J15_0_3
evalB/DP_OP_54J15_130_5286            97.5240      0.1     97.5240     0.0000  0.0000  Eval_1_0_DP_OP_54J15_130_5286_J15_0_3
evalB_1                              270.3960      0.3     11.9700     0.0000  0.0000  Eval_1_2
evalB_1/DP_OP_52J15_128_4583          70.3080      0.1     70.3080     0.0000  0.0000  Eval_1_0_DP_OP_52J15_128_4583_J15_0_2
evalB_1/DP_OP_53J15_129_8511          90.4680      0.1     90.4680     0.0000  0.0000  Eval_1_0_DP_OP_53J15_129_8511_J15_0_2
evalB_1/DP_OP_54J15_130_5286          97.6500      0.1     97.6500     0.0000  0.0000  Eval_1_0_DP_OP_54J15_130_5286_J15_0_2
evalB_2                              270.7740      0.3     11.9700     0.0000  0.0000  Eval_1_1
evalB_2/DP_OP_52J15_128_4583          70.3080      0.1     70.3080     0.0000  0.0000  Eval_1_0_DP_OP_52J15_128_4583_J15_0_1
evalB_2/DP_OP_53J15_129_8511          90.8460      0.1     90.8460     0.0000  0.0000  Eval_1_0_DP_OP_53J15_129_8511_J15_0_1
evalB_2/DP_OP_54J15_130_5286          97.6500      0.1     97.6500     0.0000  0.0000  Eval_1_0_DP_OP_54J15_130_5286_J15_0_1
evalB_3                              276.9480      0.3     16.1280     0.0000  0.0000  Eval_1_0
evalB_3/DP_OP_52J15_128_4583          70.3080      0.1     70.3080     0.0000  0.0000  Eval_1_0_DP_OP_52J15_128_4583_J15_0_0
evalB_3/DP_OP_53J15_129_8511          92.6100      0.1     92.6100     0.0000  0.0000  Eval_1_0_DP_OP_53J15_129_8511_J15_0_0
evalB_3/DP_OP_54J15_130_5286          97.9020      0.1     97.9020     0.0000  0.0000  Eval_1_0_DP_OP_54J15_130_5286_J15_0_0
interp                             12038.6698     11.9      0.7560  1163.2320  0.0000  Interpolation_7
interp/interp                      10874.6818     10.7      0.2520     0.0000  0.0000  InterpolationComb_7
interp/interp/DP_OP_421J3_122_7810  10874.4298    10.7  10874.4298     0.0000  0.0000  InterpolationComb_7_DP_OP_421J3_122_7810_J3_0
--------------------------------  -----------  -------  ----------  ---------  ------  -------------------------------------------------
Total                                                   91904.1466  9647.4422  0.0000

1
