Information: Updating design information... (UID-85)
 
****************************************
Report : qor
Design : core4_a32_b16_c32
Version: O-2018.06-SP5
Date   : Tue May 12 07:48:20 2026
****************************************


  Timing Path Group 'clk'
  -----------------------------------
  Levels of Logic:              54.00
  Critical Path Length:          4.44
  Critical Path Slack:           0.01
  Critical Path Clk Period:      5.00
  Total Negative Slack:          0.00
  No. of Violating Paths:        0.00
  Worst Hold Violation:          0.00
  Total Hold Violation:          0.00
  No. of Hold Violations:        0.00
  -----------------------------------


  Cell Count
  -----------------------------------
  Hierarchical Cell Count:         18
  Hierarchical Port Count:       3542
  Leaf Cell Count:               7711
  Buf/Inv Cell Count:             753
  Buf Cell Count:                  95
  Inv Cell Count:                 658
  CT Buf/Inv Cell Count:            0
  Combinational Cell Count:      7339
  Sequential Cell Count:          372
  Macro Count:                      0
  -----------------------------------


  Area
  -----------------------------------
  Combinational Area:     8868.761855
  Noncombinational Area:   749.952012
  Buf/Inv Area:            201.726002
  Total Buffer Area:            35.91
  Total Inverter Area:         165.82
  Macro/Black Box Area:      0.000000
  Net Area:                  0.000000
  -----------------------------------
  Cell Area:              9618.713867
  Design Area:            9618.713867


  Design Rules
  -----------------------------------
  Total Number of Nets:         10638
  Nets With Violations:             0
  Max Trans Violations:             0
  Max Cap Violations:               0
  -----------------------------------


  Hostname: inspur19

  Compile CPU Statistics
  -----------------------------------------
  Resource Sharing:                    0.00
  Logic Optimization:                  0.00
  Mapping Optimization:                0.00
  -----------------------------------------
  Overall Compile Time:              144.60
  Overall Compile Wall Clock Time:   359.01

  --------------------------------------------------------------------

  Design  WNS: 0.00  TNS: 0.00  Number of Violating Paths: 0


  Design (Hold)  WNS: 0.00  TNS: 0.00  Number of Violating Paths: 0

  --------------------------------------------------------------------


1
