 
****************************************
Report : area
Design : core4_a24_b16_c24
Version: O-2018.06-SP5
Date   : Tue May 12 04:59:12 2026
****************************************

Library(s) Used:

    tcbn28hpcplusbwp40p140lvtssg0p81vm40c_ccs (File: /export1/Library/TN28HPC+/STD_CELL_ext/track9_200824/TSMCHOME/digital/Front_End/timing_power_noise/CCS/tcbn28hpcplusbwp40p140lvt_180a/tcbn28hpcplusbwp40p140lvtssg0p81vm40c_ccs.db)
    tcbn28hpcplusbwp40p140ssg0p81vm40c_ccs (File: /export1/Library/TN28HPC+/STD_CELL_ext/track9_200824/TSMCHOME/digital/Front_End/timing_power_noise/CCS/tcbn28hpcplusbwp40p140_180a/tcbn28hpcplusbwp40p140ssg0p81vm40c_ccs.db)
    tcbn28hpcplusbwp40p140hvtssg0p81vm40c_ccs (File: /export1/Library/TN28HPC+/STD_CELL_ext/track9_200824/TSMCHOME/digital/Front_End/timing_power_noise/CCS/tcbn28hpcplusbwp40p140hvt_180a/tcbn28hpcplusbwp40p140hvtssg0p81vm40c_ccs.db)

Number of ports:                         3146
Number of nets:                         10493
Number of cells:                         5712
Number of combinational cells:           5404
Number of sequential cells:               284
Number of macros/black boxes:               0
Number of buf/inv:                        602
Number of references:                      14

Combinational area:               6508.277896
Buf/Inv area:                      161.658001
Noncombinational area:             572.544009
Macro/Black Box area:                0.000000
Net Interconnect area:      undefined  (Wire load has zero net area)

Total cell area:                  7080.821905
Total area:                 undefined

Hierarchical area distribution
------------------------------

                                  Global cell area          Local cell area
                                  ------------------  ---------------------------- 
Hierarchical cell                 Absolute   Percent  Combi-     Noncombi-  Black-
                                  Total      Total    national   national   boxes   Design
--------------------------------  ---------  -------  ---------  ---------  ------  -------------------------------------------
core4_a24_b16_c24                 7080.8219    100.0     1.0080   376.9920  0.0000  core4_a24_b16_c24
evalA                              602.6580      8.5    19.0260     0.0000  0.0000  Eval
evalA/DP_OP_52J3_123_5738          154.2240      2.2   154.2240     0.0000  0.0000  Eval_DP_OP_52J3_123_5738_J3_0
evalA/DP_OP_53J3_124_3642          213.9480      3.0   213.9480     0.0000  0.0000  Eval_DP_OP_53J3_124_3642_J3_0
evalA/DP_OP_54J3_125_276           215.4600      3.0   215.4600     0.0000  0.0000  Eval_DP_OP_54J3_125_276_J3_0
evalB                              416.8080      5.9    14.4900     0.0000  0.0000  Eval_1
evalB/DP_OP_52J2_122_4926          108.3600      1.5   108.3600     0.0000  0.0000  Eval_1_DP_OP_52J2_122_4926_J2_0
evalB/DP_OP_53J2_123_4557          143.3880      2.0   143.3880     0.0000  0.0000  Eval_1_DP_OP_53J2_123_4557_J2_0
evalB/DP_OP_54J2_124_8477          150.5700      2.1   150.5700     0.0000  0.0000  Eval_1_DP_OP_54J2_124_8477_J2_0
interp                            1707.0480     24.1     0.7560   195.5520  0.0000  Interpolation
interp/interp                     1510.7400     21.3     0.2520     0.0000  0.0000  InterpolationComb
interp/interp/DP_OP_106J3_122_5429 1510.4880    21.3  1510.4880     0.0000  0.0000  InterpolationComb_DP_OP_106J3_122_5429_J3_0
mult_x_1                           506.6460      7.2   506.6460     0.0000  0.0000  core4_a24_b16_c24_DW_mult_uns_J2_2
mult_x_2                           568.1340      8.0   568.1340     0.0000  0.0000  core4_a24_b16_c24_DW_mult_tc_J2_3
mult_x_3                           581.2380      8.2   581.2380     0.0000  0.0000  core4_a24_b16_c24_DW_mult_uns_J2_1
mult_x_4                           574.5600      8.1   574.5600     0.0000  0.0000  core4_a24_b16_c24_DW_mult_tc_J2_2
mult_x_5                           619.5420      8.7   619.5420     0.0000  0.0000  core4_a24_b16_c24_DW_mult_tc_J2_1
mult_x_6                           619.5420      8.7   619.5420     0.0000  0.0000  core4_a24_b16_c24_DW_mult_tc_J2_0
mult_x_7                           506.6460      7.2   506.6460     0.0000  0.0000  core4_a24_b16_c24_DW_mult_uns_J2_0
--------------------------------  ---------  -------  ---------  ---------  ------  -------------------------------------------
Total                                                 6508.2779   572.5440  0.0000

1
