Information: Updating design information... (UID-85)
Warning: Design 'core16_a24_b16_c24' contains 1 high-fanout nets. A fanout number of 1000 will be used for delay calculations involving these nets. (TIM-134)
 
****************************************
Report : qor
Design : core16_a24_b16_c24
Version: O-2018.06-SP5
Date   : Tue May 12 13:17:48 2026
****************************************


  Timing Path Group 'clk'
  -----------------------------------
  Levels of Logic:              57.00
  Critical Path Length:          4.45
  Critical Path Slack:           0.00
  Critical Path Clk Period:      5.00
  Total Negative Slack:          0.00
  No. of Violating Paths:        0.00
  Worst Hold Violation:          0.00
  Total Hold Violation:          0.00
  No. of Hold Violations:        0.00
  -----------------------------------


  Cell Count
  -----------------------------------
  Hierarchical Cell Count:        168
  Hierarchical Port Count:      35000
  Leaf Cell Count:              57936
  Buf/Inv Cell Count:            7891
  Buf Cell Count:                1037
  Inv Cell Count:                6854
  CT Buf/Inv Cell Count:            0
  Combinational Cell Count:     54599
  Sequential Cell Count:         3337
  Macro Count:                      0
  -----------------------------------


  Area
  -----------------------------------
  Combinational Area:    66784.030936
  Noncombinational Area:  6727.392108
  Buf/Inv Area:           2119.194019
  Total Buffer Area:           391.99
  Total Inverter Area:        1727.21
  Macro/Black Box Area:      0.000000
  Net Area:                  0.000000
  -----------------------------------
  Cell Area:             73511.423044
  Design Area:           73511.423044


  Design Rules
  -----------------------------------
  Total Number of Nets:         81219
  Nets With Violations:             0
  Max Trans Violations:             0
  Max Cap Violations:               0
  -----------------------------------


  Hostname: inspur19

  Compile CPU Statistics
  -----------------------------------------
  Resource Sharing:                    0.00
  Logic Optimization:                  0.00
  Mapping Optimization:                0.00
  -----------------------------------------
  Overall Compile Time:            11883.45
  Overall Compile Wall Clock Time:  2069.01

  --------------------------------------------------------------------

  Design  WNS: 0.00  TNS: 0.00  Number of Violating Paths: 0


  Design (Hold)  WNS: 0.00  TNS: 0.00  Number of Violating Paths: 0

  --------------------------------------------------------------------


1
