 
****************************************
Report : area
Design : core4_a28_b8_c28
Version: O-2018.06-SP5
Date   : Tue May 12 06:46:47 2026
****************************************

Library(s) Used:

    tcbn28hpcplusbwp40p140lvtssg0p81vm40c_ccs (File: /export1/Library/TN28HPC+/STD_CELL_ext/track9_200824/TSMCHOME/digital/Front_End/timing_power_noise/CCS/tcbn28hpcplusbwp40p140lvt_180a/tcbn28hpcplusbwp40p140lvtssg0p81vm40c_ccs.db)
    tcbn28hpcplusbwp40p140ssg0p81vm40c_ccs (File: /export1/Library/TN28HPC+/STD_CELL_ext/track9_200824/TSMCHOME/digital/Front_End/timing_power_noise/CCS/tcbn28hpcplusbwp40p140_180a/tcbn28hpcplusbwp40p140ssg0p81vm40c_ccs.db)
    tcbn28hpcplusbwp40p140hvtssg0p81vm40c_ccs (File: /export1/Library/TN28HPC+/STD_CELL_ext/track9_200824/TSMCHOME/digital/Front_End/timing_power_noise/CCS/tcbn28hpcplusbwp40p140hvt_180a/tcbn28hpcplusbwp40p140hvtssg0p81vm40c_ccs.db)

Number of ports:                         3138
Number of nets:                         10104
Number of cells:                         5289
Number of combinational cells:           4937
Number of sequential cells:               328
Number of macros/black boxes:               0
Number of buf/inv:                        647
Number of references:                      14

Combinational area:               6078.113902
Buf/Inv area:                      172.116002
Noncombinational area:             661.248011
Macro/Black Box area:                0.000000
Net Interconnect area:      undefined  (Wire load has zero net area)

Total cell area:                  6739.361913
Total area:                 undefined

Hierarchical area distribution
------------------------------

                                  Global cell area          Local cell area
                                  ------------------  ---------------------------- 
Hierarchical cell                 Absolute   Percent  Combi-     Noncombi-  Black-
                                  Total      Total    national   national   boxes   Design
--------------------------------  ---------  -------  ---------  ---------  ------  -------------------------------------------
core4_a28_b8_c28                  6739.3619    100.0     1.0080   433.4400  0.0000  core4_a28_b8_c28
evalA                              701.9460     10.4    22.0500     0.0000  0.0000  Eval
evalA/DP_OP_52J2_123_5748          179.9280      2.7   179.9280     0.0000  0.0000  Eval_DP_OP_52J2_123_5748_J2_0
evalA/DP_OP_53J2_124_6834          249.2280      3.7   249.2280     0.0000  0.0000  Eval_DP_OP_53J2_124_6834_J2_0
evalA/DP_OP_54J2_125_4743          250.7400      3.7   250.7400     0.0000  0.0000  Eval_DP_OP_54J2_125_4743_J2_0
evalB                              217.8540      3.2     8.1900     0.0000  0.0000  Eval_1
evalB/DP_OP_52J3_122_8122           56.9520      0.8    56.9520     0.0000  0.0000  Eval_1_DP_OP_52J3_122_8122_J3_0
evalB/DP_OP_53J3_123_1615           72.8280      1.1    72.8280     0.0000  0.0000  Eval_1_DP_OP_53J3_123_1615_J3_0
evalB/DP_OP_54J3_124_8645           79.8840      1.2    79.8840     0.0000  0.0000  Eval_1_DP_OP_54J3_124_8645_J3_0
interp                            2006.9280     29.8     0.7560   227.8080  0.0000  Interpolation
interp/interp                     1778.3640     26.4     0.2520     0.0000  0.0000  InterpolationComb
interp/interp/DP_OP_106J2_122_1947 1778.1120    26.4  1778.1120     0.0000  0.0000  InterpolationComb_DP_OP_106J2_122_1947_J2_0
mult_x_1                           351.0360      5.2   351.0360     0.0000  0.0000  core4_a28_b8_c28_DW_mult_uns_J3_2
mult_x_2                           562.2120      8.3   562.2120     0.0000  0.0000  core4_a28_b8_c28_DW_mult_tc_J3_3
mult_x_3                           455.6160      6.8   455.6160     0.0000  0.0000  core4_a28_b8_c28_DW_mult_uns_J3_1
mult_x_4                           466.0740      6.9   466.0740     0.0000  0.0000  core4_a28_b8_c28_DW_mult_tc_J3_2
mult_x_5                           596.1060      8.8   596.1060     0.0000  0.0000  core4_a28_b8_c28_DW_mult_tc_J3_1
mult_x_6                           596.1060      8.8   596.1060     0.0000  0.0000  core4_a28_b8_c28_DW_mult_tc_J3_0
mult_x_7                           351.0360      5.2   351.0360     0.0000  0.0000  core4_a28_b8_c28_DW_mult_uns_J3_0
--------------------------------  ---------  -------  ---------  ---------  ------  -------------------------------------------
Total                                                 6078.1139   661.2480  0.0000

1
