Information: Updating design information... (UID-85)
 
****************************************
Report : qor
Design : core4_a24_b16_c24
Version: O-2018.06-SP5
Date   : Tue May 12 04:59:12 2026
****************************************


  Timing Path Group 'clk'
  -----------------------------------
  Levels of Logic:              46.00
  Critical Path Length:          3.81
  Critical Path Slack:           0.64
  Critical Path Clk Period:      5.00
  Total Negative Slack:          0.00
  No. of Violating Paths:        0.00
  Worst Hold Violation:          0.00
  Total Hold Violation:          0.00
  No. of Hold Violations:        0.00
  -----------------------------------


  Cell Count
  -----------------------------------
  Hierarchical Cell Count:         18
  Hierarchical Port Count:       2886
  Leaf Cell Count:               5688
  Buf/Inv Cell Count:             602
  Buf Cell Count:                  79
  Inv Cell Count:                 523
  CT Buf/Inv Cell Count:            0
  Combinational Cell Count:      5404
  Sequential Cell Count:          284
  Macro Count:                      0
  -----------------------------------


  Area
  -----------------------------------
  Combinational Area:     6508.277896
  Noncombinational Area:   572.544009
  Buf/Inv Area:            161.658001
  Total Buffer Area:            29.86
  Total Inverter Area:         131.80
  Macro/Black Box Area:      0.000000
  Net Area:                  0.000000
  -----------------------------------
  Cell Area:              7080.821905
  Design Area:            7080.821905


  Design Rules
  -----------------------------------
  Total Number of Nets:          7875
  Nets With Violations:             0
  Max Trans Violations:             0
  Max Cap Violations:               0
  -----------------------------------


  Hostname: inspur19

  Compile CPU Statistics
  -----------------------------------------
  Resource Sharing:                    0.00
  Logic Optimization:                  0.00
  Mapping Optimization:                0.00
  -----------------------------------------
  Overall Compile Time:              816.22
  Overall Compile Wall Clock Time:   450.94

  --------------------------------------------------------------------

  Design  WNS: 0.00  TNS: 0.00  Number of Violating Paths: 0


  Design (Hold)  WNS: 0.00  TNS: 0.00  Number of Violating Paths: 0

  --------------------------------------------------------------------


1
