Information: Updating design information... (UID-85)
Warning: Design 'core64_a32_b8_c32' contains 10 high-fanout nets. A fanout number of 1000 will be used for delay calculations involving these nets. (TIM-134)
 
****************************************
Report : qor
Design : core64_a32_b8_c32
Version: O-2018.06-SP5
Date   : Wed May 13 05:00:55 2026
****************************************


  Timing Path Group 'clk'
  -----------------------------------
  Levels of Logic:              64.00
  Critical Path Length:          4.45
  Critical Path Slack:           0.00
  Critical Path Clk Period:      5.00
  Total Negative Slack:          0.00
  No. of Violating Paths:        0.00
  Worst Hold Violation:          0.00
  Total Hold Violation:          0.00
  No. of Hold Violations:        0.00
  -----------------------------------


  Cell Count
  -----------------------------------
  Hierarchical Cell Count:       1314
  Hierarchical Port Count:     360902
  Leaf Cell Count:             569012
  Buf/Inv Cell Count:           67731
  Buf Cell Count:               10389
  Inv Cell Count:               57342
  CT Buf/Inv Cell Count:            0
  Combinational Cell Count:    530462
  Sequential Cell Count:        38550
  Macro Count:                      0
  -----------------------------------


  Area
  -----------------------------------
  Combinational Area:   680311.663259
  Noncombinational Area: 77707.225246
  Buf/Inv Area:          18402.930140
  Total Buffer Area:          3927.42
  Total Inverter Area:       14475.51
  Macro/Black Box Area:      0.000000
  Net Area:                  0.000000
  -----------------------------------
  Cell Area:            758018.888506
  Design Area:          758018.888506


  Design Rules
  -----------------------------------
  Total Number of Nets:        807557
  Nets With Violations:             0
  Max Trans Violations:             0
  Max Cap Violations:               0
  -----------------------------------


  Hostname: inspur19

  Compile CPU Statistics
  -----------------------------------------
  Resource Sharing:                    0.00
  Logic Optimization:                  0.00
  Mapping Optimization:                0.00
  -----------------------------------------
  Overall Compile Time:             9406.26
  Overall Compile Wall Clock Time:   821.58

  --------------------------------------------------------------------

  Design  WNS: 0.00  TNS: 0.00  Number of Violating Paths: 0


  Design (Hold)  WNS: 0.00  TNS: 0.00  Number of Violating Paths: 0

  --------------------------------------------------------------------


1
