Information: Updating design information... (UID-85)
 
****************************************
Report : qor
Design : core4_a24_b12_c24
Version: O-2018.06-SP5
Date   : Tue May 12 04:49:47 2026
****************************************


  Timing Path Group 'clk'
  -----------------------------------
  Levels of Logic:              36.00
  Critical Path Length:          3.63
  Critical Path Slack:           0.83
  Critical Path Clk Period:      5.00
  Total Negative Slack:          0.00
  No. of Violating Paths:        0.00
  Worst Hold Violation:          0.00
  Total Hold Violation:          0.00
  No. of Hold Violations:        0.00
  -----------------------------------


  Cell Count
  -----------------------------------
  Hierarchical Cell Count:         18
  Hierarchical Port Count:       2718
  Leaf Cell Count:               5368
  Buf/Inv Cell Count:             701
  Buf Cell Count:                  66
  Inv Cell Count:                 635
  CT Buf/Inv Cell Count:            0
  Combinational Cell Count:      5084
  Sequential Cell Count:          284
  Macro Count:                      0
  -----------------------------------


  Area
  -----------------------------------
  Combinational Area:     6062.237904
  Noncombinational Area:   572.544009
  Buf/Inv Area:            184.968002
  Total Buffer Area:            24.95
  Total Inverter Area:         160.02
  Macro/Black Box Area:      0.000000
  Net Area:                  0.000000
  -----------------------------------
  Cell Area:              6634.781913
  Design Area:            6634.781913


  Design Rules
  -----------------------------------
  Total Number of Nets:          7483
  Nets With Violations:             0
  Max Trans Violations:             0
  Max Cap Violations:               0
  -----------------------------------


  Hostname: inspur19

  Compile CPU Statistics
  -----------------------------------------
  Resource Sharing:                    0.00
  Logic Optimization:                  0.00
  Mapping Optimization:                0.00
  -----------------------------------------
  Overall Compile Time:             2187.64
  Overall Compile Wall Clock Time:   673.14

  --------------------------------------------------------------------

  Design  WNS: 0.00  TNS: 0.00  Number of Violating Paths: 0


  Design (Hold)  WNS: 0.00  TNS: 0.00  Number of Violating Paths: 0

  --------------------------------------------------------------------


1
