Information: Updating design information... (UID-85)
Warning: Design 'core64_a24_b16_c24' contains 3 high-fanout nets. A fanout number of 1000 will be used for delay calculations involving these nets. (TIM-134)
 
****************************************
Report : qor
Design : core64_a24_b16_c24
Version: O-2018.06-SP5
Date   : Tue May 12 21:27:37 2026
****************************************


  Timing Path Group 'clk'
  -----------------------------------
  Levels of Logic:              60.00
  Critical Path Length:          4.46
  Critical Path Slack:           0.00
  Critical Path Clk Period:      5.00
  Total Negative Slack:          0.00
  No. of Violating Paths:        0.00
  Worst Hold Violation:          0.00
  Total Hold Violation:          0.00
  No. of Hold Violations:        0.00
  -----------------------------------


  Cell Count
  -----------------------------------
  Hierarchical Cell Count:       1314
  Hierarchical Port Count:     328678
  Leaf Cell Count:             508402
  Buf/Inv Cell Count:           64142
  Buf Cell Count:                9444
  Inv Cell Count:               54698
  CT Buf/Inv Cell Count:            0
  Combinational Cell Count:    478036
  Sequential Cell Count:        30366
  Macro Count:                      0
  -----------------------------------


  Area
  -----------------------------------
  Combinational Area:   584054.091004
  Noncombinational Area: 61207.902981
  Buf/Inv Area:          17365.068138
  Total Buffer Area:          3569.83
  Total Inverter Area:       13795.24
  Macro/Black Box Area:      0.000000
  Net Area:                  0.000000
  -----------------------------------
  Cell Area:            645261.993985
  Design Area:          645261.993985


  Design Rules
  -----------------------------------
  Total Number of Nets:        708321
  Nets With Violations:             0
  Max Trans Violations:             0
  Max Cap Violations:               0
  -----------------------------------


  Hostname: inspur19

  Compile CPU Statistics
  -----------------------------------------
  Resource Sharing:                    0.00
  Logic Optimization:                  0.00
  Mapping Optimization:                0.00
  -----------------------------------------
  Overall Compile Time:             6993.25
  Overall Compile Wall Clock Time:   645.51

  --------------------------------------------------------------------

  Design  WNS: 0.00  TNS: 0.00  Number of Violating Paths: 0


  Design (Hold)  WNS: 0.00  TNS: 0.00  Number of Violating Paths: 0

  --------------------------------------------------------------------


1
