 
****************************************
Report : area
Design : core4_a36_b12_c36
Version: O-2018.06-SP5
Date   : Tue May 12 08:41:26 2026
****************************************

Library(s) Used:

    tcbn28hpcplusbwp40p140lvtssg0p81vm40c_ccs (File: /export1/Library/TN28HPC+/STD_CELL_ext/track9_200824/TSMCHOME/digital/Front_End/timing_power_noise/CCS/tcbn28hpcplusbwp40p140lvt_180a/tcbn28hpcplusbwp40p140lvtssg0p81vm40c_ccs.db)
    tcbn28hpcplusbwp40p140ssg0p81vm40c_ccs (File: /export1/Library/TN28HPC+/STD_CELL_ext/track9_200824/TSMCHOME/digital/Front_End/timing_power_noise/CCS/tcbn28hpcplusbwp40p140_180a/tcbn28hpcplusbwp40p140ssg0p81vm40c_ccs.db)
    tcbn28hpcplusbwp40p140hvtssg0p81vm40c_ccs (File: /export1/Library/TN28HPC+/STD_CELL_ext/track9_200824/TSMCHOME/digital/Front_End/timing_power_noise/CCS/tcbn28hpcplusbwp40p140hvt_180a/tcbn28hpcplusbwp40p140hvtssg0p81vm40c_ccs.db)

Number of ports:                         4042
Number of nets:                         14476
Number of cells:                         7888
Number of combinational cells:           7448
Number of sequential cells:               416
Number of macros/black boxes:               0
Number of buf/inv:                        735
Number of references:                      15

Combinational area:               9298.169844
Buf/Inv area:                      197.442002
Noncombinational area:             836.892013
Macro/Black Box area:                0.000000
Net Interconnect area:      undefined  (Wire load has zero net area)

Total cell area:                 10135.061857
Total area:                 undefined

Hierarchical area distribution
------------------------------

                                  Global cell area           Local cell area
                                  -------------------  ---------------------------- 
Hierarchical cell                 Absolute    Percent  Combi-     Noncombi-  Black-
                                  Total       Total    national   national   boxes   Design
--------------------------------  ----------  -------  ---------  ---------  ------  -------------------------------------------
core4_a36_b12_c36                 10135.0619    100.0     1.0080   544.5720  0.0000  core4_a36_b12_c36
evalA                               900.5220      8.9    28.0980     0.0000  0.0000  Eval
evalA/DP_OP_52J2_122_3307           231.3360      2.3   231.3360     0.0000  0.0000  Eval_DP_OP_52J2_122_3307_J2_0
evalA/DP_OP_53J2_123_7384           319.7880      3.2   319.7880     0.0000  0.0000  Eval_DP_OP_53J2_123_7384_J2_0
evalA/DP_OP_54J2_124_3435           321.3000      3.2   321.3000     0.0000  0.0000  Eval_DP_OP_54J2_124_3435_J2_0
evalB                               317.5200      3.1    11.2140     0.0000  0.0000  Eval_1
evalB/DP_OP_52J3_123_9921            82.6560      0.8    82.6560     0.0000  0.0000  Eval_1_DP_OP_52J3_123_9921_J3_0
evalB/DP_OP_53J3_124_5236           108.3600      1.1   108.3600     0.0000  0.0000  Eval_1_DP_OP_53J3_124_5236_J3_0
evalB/DP_OP_54J3_125_3064           115.2900      1.1   115.2900     0.0000  0.0000  Eval_1_DP_OP_54J3_125_3064_J3_0
interp                             2883.6360     28.5     0.7560   292.3200  0.0000  Interpolation
interp/interp                      2590.5600     25.6     0.2520     0.0000  0.0000  InterpolationComb
interp/interp/DP_OP_106J3_122_6288  2590.3080    25.6  2590.3080     0.0000  0.0000  InterpolationComb_DP_OP_106J3_122_6288_J3_0
mult_x_1                            681.0300      6.7   681.0300     0.0000  0.0000  core4_a36_b12_c36_DW_mult_uns_J2_2
mult_x_2                            813.9600      8.0   813.9600     0.0000  0.0000  core4_a36_b12_c36_DW_mult_tc_J2_3
mult_x_3                            744.9120      7.3   744.9120     0.0000  0.0000  core4_a36_b12_c36_DW_mult_uns_J2_1
mult_x_4                            780.1920      7.7   780.1920     0.0000  0.0000  core4_a36_b12_c36_DW_mult_tc_J2_2
mult_x_5                            893.3400      8.8   893.3400     0.0000  0.0000  core4_a36_b12_c36_DW_mult_tc_J2_1
mult_x_6                            893.3400      8.8   893.3400     0.0000  0.0000  core4_a36_b12_c36_DW_mult_tc_J2_0
mult_x_7                            681.0300      6.7   681.0300     0.0000  0.0000  core4_a36_b12_c36_DW_mult_uns_J2_0
--------------------------------  ----------  -------  ---------  ---------  ------  -------------------------------------------
Total                                                  9298.1698   836.8920  0.0000

1
