 
****************************************
Report : timing
        -path full
        -delay max
        -nets
        -max_paths 1
        -transition_time
Design : poly_fast_split_mult_unit
Version: O-2018.06-SP5
Date   : Fri May 22 20:10:00 2026
****************************************

 # A fanout number of 1000 was used for high fanout net computations.

Operating Conditions: ssg0p81vm40c   Library: tcbn28hpcplusbwp40p140hvtssg0p81vm40c_ccs
Wire Load Model Mode: segmented

  Startpoint: poly_fast_split_mult_core/poly_fast_split_mult_postadd_core/cntl_ctr_0_delay_reg_0_
              (rising edge-triggered flip-flop clocked by clock_main)
  Endpoint: poly_fast_split_mult_core/poly_fast_split_mult_postadd_core/postadd_l1_regf_0_8_reg_23_
            (rising edge-triggered flip-flop clocked by clock_main)
  Path Group: clock_main
  Path Type: max

  Des/Clust/Port     Wire Load Model       Library
  ------------------------------------------------
  poly_fast_split_mult_unit ZeroWireload   tcbn28hpcplusbwp40p140hvtssg0p81vm40c_ccs
  poly_fast_split_mult_postadd_core_DW01_add_J2_23 ZeroWireload tcbn28hpcplusbwp40p140hvtssg0p81vm40c_ccs

Attributes:
    d - dont_touch
    u - dont_use
   mo - map_only
   so - size_only
    i - ideal_net or ideal_network
  inf - infeasible path

  Point                                       Fanout     Trans      Incr       Path      Attributes
  ---------------------------------------------------------------------------------------------------------
  clock clock_main (rise edge)                                      0.00       0.00
  clock network delay (ideal)                                       0.00       0.00
  poly_fast_split_mult_core/poly_fast_split_mult_postadd_core/cntl_ctr_0_delay_reg_0_/CP (DFCNQD1BWP40P140)     0.10     0.00 #     0.00 r i 
  poly_fast_split_mult_core/poly_fast_split_mult_postadd_core/cntl_ctr_0_delay_reg_0_/Q (DFCNQD1BWP40P140)     0.36     0.32     0.32 f
  poly_fast_split_mult_core/poly_fast_split_mult_postadd_core/cntl_ctr_0_delay[0] (net)    93     0.00     0.32 f
  poly_fast_split_mult_core/poly_fast_split_mult_postadd_core/U646/ZN (CKND2D1BWP40P140HVT)     0.38     0.40     0.72 r
  poly_fast_split_mult_core/poly_fast_split_mult_postadd_core/n1817 (net)    36     0.00     0.72 r
  poly_fast_split_mult_core/poly_fast_split_mult_postadd_core/U644/Z (DEL025D1BWP40P140)     0.44     0.34     1.07 r
  poly_fast_split_mult_core/poly_fast_split_mult_postadd_core/n65 (net)   111     0.00     1.07 r
  poly_fast_split_mult_core/poly_fast_split_mult_postadd_core/U647/ZN (CKND1BWP40P140)     0.54     0.50     1.56 f
  poly_fast_split_mult_core/poly_fast_split_mult_postadd_core/n68 (net)   161     0.00     1.56 f
  poly_fast_split_mult_core/poly_fast_split_mult_postadd_core/U2909/ZN (AOI21D1BWP40P140)     0.11     0.22     1.78 r
  poly_fast_split_mult_core/poly_fast_split_mult_postadd_core/n788 (net)     2     0.00     1.78 r
  poly_fast_split_mult_core/poly_fast_split_mult_postadd_core/U595/ZN (INVD3BWP40P140)     0.44     0.30     2.09 f
  poly_fast_split_mult_core/poly_fast_split_mult_postadd_core/n17 (net)   333     0.00     2.09 f
  poly_fast_split_mult_core/poly_fast_split_mult_postadd_core/U300/ZN (NR2OPTIBD1BWP40P140)     0.50     0.47     2.56 r
  poly_fast_split_mult_core/poly_fast_split_mult_postadd_core/n2616 (net)    62     0.00     2.56 r
  poly_fast_split_mult_core/poly_fast_split_mult_postadd_core/U691/Z (DEL025D1BWP40P140)     0.50     0.39     2.95 r
  poly_fast_split_mult_core/poly_fast_split_mult_postadd_core/n4199 (net)   119     0.00     2.95 r
  poly_fast_split_mult_core/poly_fast_split_mult_postadd_core/U690/Z (DEL025D1BWP40P140)     0.37     0.32     3.26 r
  poly_fast_split_mult_core/poly_fast_split_mult_postadd_core/n4198 (net)    87     0.00     3.26 r
  poly_fast_split_mult_core/poly_fast_split_mult_postadd_core/U11545/ZN (OAI22D1BWP40P140)     0.12     0.14     3.40 f
  poly_fast_split_mult_core/poly_fast_split_mult_postadd_core/postadd_l1_addend_8[1] (net)     1     0.00     3.40 f
  poly_fast_split_mult_core/poly_fast_split_mult_postadd_core/add_x_213/B[1] (poly_fast_split_mult_postadd_core_DW01_add_J2_23)     0.00     3.40 f
  poly_fast_split_mult_core/poly_fast_split_mult_postadd_core/add_x_213/B[1] (net)     0.00     3.40 f
  poly_fast_split_mult_core/poly_fast_split_mult_postadd_core/add_x_213/U31/CO (FA1D1BWP40P140)     0.02     0.10     3.50 f
  poly_fast_split_mult_core/poly_fast_split_mult_postadd_core/add_x_213/n105 (net)     1     0.00     3.50 f
  poly_fast_split_mult_core/poly_fast_split_mult_postadd_core/add_x_213/U32/CO (FA1D1BWP40P140)     0.02     0.06     3.56 f
  poly_fast_split_mult_core/poly_fast_split_mult_postadd_core/add_x_213/n106 (net)     1     0.00     3.56 f
  poly_fast_split_mult_core/poly_fast_split_mult_postadd_core/add_x_213/U33/CO (FA1D1BWP40P140)     0.02     0.06     3.62 f
  poly_fast_split_mult_core/poly_fast_split_mult_postadd_core/add_x_213/n107 (net)     1     0.00     3.62 f
  poly_fast_split_mult_core/poly_fast_split_mult_postadd_core/add_x_213/U34/CO (FA1D1BWP40P140)     0.02     0.06     3.67 f
  poly_fast_split_mult_core/poly_fast_split_mult_postadd_core/add_x_213/n108 (net)     1     0.00     3.67 f
  poly_fast_split_mult_core/poly_fast_split_mult_postadd_core/add_x_213/U35/CO (FA1D1BWP40P140)     0.02     0.06     3.73 f
  poly_fast_split_mult_core/poly_fast_split_mult_postadd_core/add_x_213/n109 (net)     1     0.00     3.73 f
  poly_fast_split_mult_core/poly_fast_split_mult_postadd_core/add_x_213/U36/CO (FA1D1BWP40P140)     0.02     0.06     3.78 f
  poly_fast_split_mult_core/poly_fast_split_mult_postadd_core/add_x_213/n110 (net)     1     0.00     3.78 f
  poly_fast_split_mult_core/poly_fast_split_mult_postadd_core/add_x_213/U37/CO (FA1D1BWP40P140)     0.02     0.06     3.84 f
  poly_fast_split_mult_core/poly_fast_split_mult_postadd_core/add_x_213/n111 (net)     1     0.00     3.84 f
  poly_fast_split_mult_core/poly_fast_split_mult_postadd_core/add_x_213/U38/CO (FA1D1BWP40P140)     0.02     0.06     3.89 f
  poly_fast_split_mult_core/poly_fast_split_mult_postadd_core/add_x_213/n112 (net)     1     0.00     3.89 f
  poly_fast_split_mult_core/poly_fast_split_mult_postadd_core/add_x_213/U39/CO (FA1D1BWP40P140)     0.02     0.06     3.95 f
  poly_fast_split_mult_core/poly_fast_split_mult_postadd_core/add_x_213/n113 (net)     1     0.00     3.95 f
  poly_fast_split_mult_core/poly_fast_split_mult_postadd_core/add_x_213/U40/CO (FA1D1BWP40P140)     0.02     0.06     4.00 f
  poly_fast_split_mult_core/poly_fast_split_mult_postadd_core/add_x_213/n114 (net)     1     0.00     4.00 f
  poly_fast_split_mult_core/poly_fast_split_mult_postadd_core/add_x_213/U41/CO (FA1D1BWP40P140)     0.02     0.06     4.06 f
  poly_fast_split_mult_core/poly_fast_split_mult_postadd_core/add_x_213/n115 (net)     1     0.00     4.06 f
  poly_fast_split_mult_core/poly_fast_split_mult_postadd_core/add_x_213/U42/CO (FA1D1BWP40P140)     0.02     0.06     4.11 f
  poly_fast_split_mult_core/poly_fast_split_mult_postadd_core/add_x_213/n116 (net)     1     0.00     4.11 f
  poly_fast_split_mult_core/poly_fast_split_mult_postadd_core/add_x_213/U43/CO (FA1D1BWP40P140)     0.02     0.06     4.17 f
  poly_fast_split_mult_core/poly_fast_split_mult_postadd_core/add_x_213/n117 (net)     1     0.00     4.17 f
  poly_fast_split_mult_core/poly_fast_split_mult_postadd_core/add_x_213/U44/CO (FA1D1BWP40P140)     0.02     0.06     4.23 f
  poly_fast_split_mult_core/poly_fast_split_mult_postadd_core/add_x_213/n118 (net)     1     0.00     4.23 f
  poly_fast_split_mult_core/poly_fast_split_mult_postadd_core/add_x_213/U45/CO (FA1D1BWP40P140)     0.02     0.06     4.28 f
  poly_fast_split_mult_core/poly_fast_split_mult_postadd_core/add_x_213/n119 (net)     1     0.00     4.28 f
  poly_fast_split_mult_core/poly_fast_split_mult_postadd_core/add_x_213/U46/CO (FA1D1BWP40P140)     0.02     0.06     4.34 f
  poly_fast_split_mult_core/poly_fast_split_mult_postadd_core/add_x_213/n120 (net)     1     0.00     4.34 f
  poly_fast_split_mult_core/poly_fast_split_mult_postadd_core/add_x_213/U47/CO (FA1D1BWP40P140)     0.02     0.06     4.39 f
  poly_fast_split_mult_core/poly_fast_split_mult_postadd_core/add_x_213/n121 (net)     1     0.00     4.39 f
  poly_fast_split_mult_core/poly_fast_split_mult_postadd_core/add_x_213/U48/CO (FA1D1BWP40P140)     0.02     0.06     4.45 f
  poly_fast_split_mult_core/poly_fast_split_mult_postadd_core/add_x_213/n122 (net)     1     0.00     4.45 f
  poly_fast_split_mult_core/poly_fast_split_mult_postadd_core/add_x_213/U49/CO (FA1D1BWP40P140)     0.02     0.06     4.50 f
  poly_fast_split_mult_core/poly_fast_split_mult_postadd_core/add_x_213/n123 (net)     1     0.00     4.50 f
  poly_fast_split_mult_core/poly_fast_split_mult_postadd_core/add_x_213/U50/CO (FA1D1BWP40P140)     0.02     0.06     4.56 f
  poly_fast_split_mult_core/poly_fast_split_mult_postadd_core/add_x_213/n124 (net)     1     0.00     4.56 f
  poly_fast_split_mult_core/poly_fast_split_mult_postadd_core/add_x_213/U51/CO (FA1D1BWP40P140)     0.02     0.06     4.61 f
  poly_fast_split_mult_core/poly_fast_split_mult_postadd_core/add_x_213/n125 (net)     1     0.00     4.61 f
  poly_fast_split_mult_core/poly_fast_split_mult_postadd_core/add_x_213/U52/CO (FA1D1BWP40P140)     0.02     0.05     4.67 f
  poly_fast_split_mult_core/poly_fast_split_mult_postadd_core/add_x_213/n103 (net)     1     0.00     4.67 f
  poly_fast_split_mult_core/poly_fast_split_mult_postadd_core/add_x_213/U29/Z (XOR3UD1BWP40P140)     0.05     0.07     4.74 r
  poly_fast_split_mult_core/poly_fast_split_mult_postadd_core/add_x_213/SUM[23] (net)     2     0.00     4.74 r
  poly_fast_split_mult_core/poly_fast_split_mult_postadd_core/add_x_213/SUM[23] (poly_fast_split_mult_postadd_core_DW01_add_J2_23)     0.00     4.74 r
  poly_fast_split_mult_core/poly_fast_split_mult_postadd_core/postadd_l1_adder_8[23] (net)     0.00     4.74 r
  poly_fast_split_mult_core/poly_fast_split_mult_postadd_core/U11537/ZN (CKND1BWP40P140)     0.02     0.03     4.77 f
  poly_fast_split_mult_core/poly_fast_split_mult_postadd_core/n2509 (net)     2     0.00     4.77 f
  poly_fast_split_mult_core/poly_fast_split_mult_postadd_core/U11542/ZN (OAI22D1BWP40P140)     0.10     0.03     4.80 r
  poly_fast_split_mult_core/poly_fast_split_mult_postadd_core/N1397 (net)     1     0.00     4.80 r
  poly_fast_split_mult_core/poly_fast_split_mult_postadd_core/postadd_l1_regf_0_8_reg_23_/D (DFCNQD1BWP40P140)     0.10     0.00     4.80 r
  data arrival time                                                            4.80

  clock clock_main (rise edge)                                      5.00       5.00
  clock network delay (ideal)                                       0.00       5.00
  clock uncertainty                                                -0.10       4.90
  poly_fast_split_mult_core/poly_fast_split_mult_postadd_core/postadd_l1_regf_0_8_reg_23_/CP (DFCNQD1BWP40P140)     0.00     4.90 r
  library setup time                                               -0.04       4.86
  data required time                                                           4.86
  ---------------------------------------------------------------------------------------------------------
  data required time                                                           4.86
  data arrival time                                                           -4.80
  ---------------------------------------------------------------------------------------------------------
  slack (MET)                                                                  0.06


1
