 
****************************************
Report : area
Design : core16_a32_b10_c32
Version: O-2018.06-SP5
Date   : Tue May 12 15:38:33 2026
****************************************

Library(s) Used:

    tcbn28hpcplusbwp40p140lvtssg0p81vm40c_ccs (File: /export1/Library/TN28HPC+/STD_CELL_ext/track9_200824/TSMCHOME/digital/Front_End/timing_power_noise/CCS/tcbn28hpcplusbwp40p140lvt_180a/tcbn28hpcplusbwp40p140lvtssg0p81vm40c_ccs.db)
    tcbn28hpcplusbwp40p140ssg0p81vm40c_ccs (File: /export1/Library/TN28HPC+/STD_CELL_ext/track9_200824/TSMCHOME/digital/Front_End/timing_power_noise/CCS/tcbn28hpcplusbwp40p140_180a/tcbn28hpcplusbwp40p140ssg0p81vm40c_ccs.db)
    tcbn28hpcplusbwp40p140hvtssg0p81vm40c_ccs (File: /export1/Library/TN28HPC+/STD_CELL_ext/track9_200824/TSMCHOME/digital/Front_End/timing_power_noise/CCS/tcbn28hpcplusbwp40p140hvt_180a/tcbn28hpcplusbwp40p140hvtssg0p81vm40c_ccs.db)

Number of ports:                        40800
Number of nets:                        133817
Number of cells:                        69587
Number of combinational cells:          64640
Number of sequential cells:              4305
Number of macros/black boxes:               0
Number of buf/inv:                       9485
Number of references:                      21

Combinational area:              80599.300735
Buf/Inv area:                     2533.104024
Noncombinational area:            8671.950137
Macro/Black Box area:                0.000000
Net Interconnect area:      undefined  (Wire load has zero net area)

Total cell area:                 89271.250872
Total area:                 undefined

Hierarchical area distribution
------------------------------

                                  Global cell area            Local cell area
                                  -------------------  ----------------------------- 
Hierarchical cell                 Absolute    Percent  Combi-      Noncombi-  Black-
                                  Total       Total    national    national   boxes   Design
--------------------------------  ----------  -------  ----------  ---------  ------  -------------------------------------------------
core16_a32_b10_c32                89271.2509    100.0      2.0160  1953.5040  0.0000  core16_a32_b10_c32
core4_0                            9381.0779     10.5      1.0080   531.4680  0.0000  core4_6
core4_0/evalA                       814.3380      0.9     24.6960     0.0000  0.0000  Eval_8_6
core4_0/evalA/DP_OP_54J7_125_3710   211.6800      0.2    211.6800     0.0000  0.0000  Eval_8_6_DP_OP_54J7_125_3710_J7_0
core4_0/evalA/DP_OP_55J7_126_189    286.0200      0.3    286.0200     0.0000  0.0000  Eval_8_6_DP_OP_55J7_126_189_J7_0
core4_0/evalA/DP_OP_56J7_127_7474   291.9420      0.3    291.9420     0.0000  0.0000  Eval_8_6_DP_OP_56J7_127_7474_J7_0
core4_0/evalB                       271.0260      0.3      8.5680     0.0000  0.0000  Eval_9_6
core4_0/evalB/DP_OP_54J6_122_9172    70.3080      0.1     70.3080     0.0000  0.0000  Eval_9_6_DP_OP_54J6_122_9172_J6_0
core4_0/evalB/DP_OP_55J6_123_183     93.1140      0.1     93.1140     0.0000  0.0000  Eval_9_6_DP_OP_55J6_123_183_J6_0
core4_0/evalB/DP_OP_56J6_124_9282    99.0360      0.1     99.0360     0.0000  0.0000  Eval_9_6_DP_OP_56J6_124_9282_J6_0
core4_0/interp                     2706.3540      3.0      0.7560   276.1920  0.0000  Interpolation_6
core4_0/interp/interp              2429.4060      2.7      0.2520     0.0000  0.0000  InterpolationComb_6
core4_0/interp/interp/DP_OP_106J11_122_6007  2429.1540     2.7  2429.1540    0.0000 0.0000 InterpolationComb_0_DP_OP_106J11_122_6007_J11_0_2
core4_0/mult_x_1                    536.8860      0.6    536.8860     0.0000  0.0000  core4_6_DW_mult_uns_J6_3
core4_0/mult_x_2                    756.5040      0.8    756.5040     0.0000  0.0000  core4_6_DW_mult_uns_J6_2
core4_0/mult_x_3                    792.7920      0.9    792.7920     0.0000  0.0000  core4_6_DW_mult_tc_J6_2
core4_0/mult_x_4                    743.4000      0.8    743.4000     0.0000  0.0000  core4_6_DW_mult_tc_J6_1
core4_0/mult_x_5                    808.2900      0.9    808.2900     0.0000  0.0000  core4_6_DW_mult_uns_J6_1
core4_0/mult_x_6                    882.1260      1.0    882.1260     0.0000  0.0000  core4_6_DW_mult_tc_J6_0
core4_0/mult_x_7                    536.8860      0.6    536.8860     0.0000  0.0000  core4_6_DW_mult_uns_J6_0
core4_1                           10934.5318     12.2      1.0080   531.3420  0.0000  core4_5
core4_1/evalA                       896.4900      1.0     28.4760     0.0000  0.0000  Eval_8_5
core4_1/evalA/DP_OP_53J7_122_3262   229.1940      0.3    229.1940     0.0000  0.0000  Eval_8_1_DP_OP_53J7_122_3262_J7_0_2
core4_1/evalA/DP_OP_54J7_123_2021   323.9460      0.4    323.9460     0.0000  0.0000  Eval_8_1_DP_OP_54J7_123_2021_J7_0_2
core4_1/evalA/DP_OP_55J7_124_534    314.8740      0.4    314.8740     0.0000  0.0000  Eval_8_1_DP_OP_55J7_124_534_J7_0_2
core4_1/evalB                       386.6940      0.4     12.0960     0.0000  0.0000  Eval_9_5
core4_1/evalB/DP_OP_54J11_126_7920    99.6660     0.1     99.6660     0.0000  0.0000  Eval_9_5_DP_OP_54J11_126_7920_J11_0
core4_1/evalB/DP_OP_55J11_127_5659   137.9700     0.2    137.9700     0.0000  0.0000  Eval_9_5_DP_OP_55J11_127_5659_J11_0
core4_1/evalB/DP_OP_56J11_128_4421   136.9620     0.2    136.9620     0.0000  0.0000  Eval_9_5_DP_OP_56J11_128_4421_J11_0
core4_1/interp                     2707.3620      3.0      0.7560   276.1920  0.0000  Interpolation_5
core4_1/interp/interp              2430.4140      2.7      0.2520     0.0000  0.0000  InterpolationComb_5
core4_1/interp/interp/DP_OP_106J11_122_6007  2430.1620     2.7  2430.1620    0.0000 0.0000 InterpolationComb_0_DP_OP_106J11_122_6007_J11_0_1
core4_1/mult_x_1                    756.5040      0.8    756.5040     0.0000  0.0000  core4_5_DW_mult_uns_J13_1
core4_1/mult_x_2                    966.1680      1.1    966.1680     0.0000  0.0000  core4_5_DW_mult_tc_J13_4
core4_1/mult_x_3                    990.1080      1.1    990.1080     0.0000  0.0000  core4_5_DW_mult_tc_J13_3
core4_1/mult_x_4                    941.2200      1.1    941.2200     0.0000  0.0000  core4_5_DW_mult_tc_J13_2
core4_1/mult_x_5                   1000.5660      1.1   1000.5660     0.0000  0.0000  core4_5_DW_mult_tc_J13_1
core4_1/mult_x_6                   1000.5660      1.1   1000.5660     0.0000  0.0000  core4_5_DW_mult_tc_J13_0
core4_1/mult_x_7                    756.5040      0.8    756.5040     0.0000  0.0000  core4_5_DW_mult_uns_J13_0
core4_2                           10164.2939     11.4      1.0080   530.8380  0.0000  core4_4
core4_2/evalA                       859.6980      1.0     26.2080     0.0000  0.0000  Eval_8_4
core4_2/evalA/DP_OP_54J11_123_6538   222.5160     0.2    222.5160     0.0000  0.0000  Eval_8_4_DP_OP_54J11_123_6538_J11_0
core4_2/evalA/DP_OP_55J11_124_9249   302.9040     0.3    302.9040     0.0000  0.0000  Eval_8_4_DP_OP_55J11_124_9249_J11_0
core4_2/evalA/DP_OP_56J11_125_8751   308.0700     0.3    308.0700     0.0000  0.0000  Eval_8_4_DP_OP_56J11_125_8751_J11_0
core4_2/evalB                       318.7800      0.4      9.7020     0.0000  0.0000  Eval_9_4
core4_2/evalB/DP_OP_54J7_128_9894    83.1600      0.1     83.1600     0.0000  0.0000  Eval_9_4_DP_OP_54J7_128_9894_J7_0
core4_2/evalB/DP_OP_55J7_129_37     109.9980      0.1    109.9980     0.0000  0.0000  Eval_9_4_DP_OP_55J7_129_37_J7_0
core4_2/evalB/DP_OP_56J7_130_1958   115.9200      0.1    115.9200     0.0000  0.0000  Eval_9_4_DP_OP_56J7_130_1958_J7_0
core4_2/interp                     2806.6500      3.1      0.7560   284.2560  0.0000  Interpolation_4
core4_2/interp/interp              2521.6380      2.8      0.2520     0.0000  0.0000  InterpolationComb_4
core4_2/interp/interp/DP_OP_106J9_122_7677  2521.3860     2.8  2521.3860    0.0000 0.0000 InterpolationComb_1_DP_OP_106J9_122_7677_J9_0_3
core4_2/mult_x_1                    656.3340      0.7    656.3340     0.0000  0.0000  core4_4_DW_mult_uns_J8_3
core4_2/mult_x_2                    873.4320      1.0    873.4320     0.0000  0.0000  core4_4_DW_mult_uns_J8_2
core4_2/mult_x_3                    861.0840      1.0    861.0840     0.0000  0.0000  core4_4_DW_mult_tc_J8_2
core4_2/mult_x_4                    831.4740      0.9    831.4740     0.0000  0.0000  core4_4_DW_mult_tc_J8_1
core4_2/mult_x_5                    833.9940      0.9    833.9940     0.0000  0.0000  core4_4_DW_mult_uns_J8_1
core4_2/mult_x_6                    934.6680      1.0    934.6680     0.0000  0.0000  core4_4_DW_mult_tc_J8_0
core4_2/mult_x_7                    656.3340      0.7    656.3340     0.0000  0.0000  core4_4_DW_mult_uns_J8_0
core4_3                           11084.3459     12.4      0.7560   531.0900  0.0000  core4_3
core4_3/evalA                       904.8060      1.0     29.1060     0.0000  0.0000  Eval_8_3
core4_3/evalA/DP_OP_53J7_122_3262   229.0680      0.3    229.0680     0.0000  0.0000  Eval_8_1_DP_OP_53J7_122_3262_J7_0_1
core4_3/evalA/DP_OP_54J7_123_2021   329.9940      0.4    329.9940     0.0000  0.0000  Eval_8_1_DP_OP_54J7_123_2021_J7_0_1
core4_3/evalA/DP_OP_55J7_124_534    316.6380      0.4    316.6380     0.0000  0.0000  Eval_8_1_DP_OP_55J7_124_534_J7_0_1
core4_3/evalB                       433.6920      0.5     15.2460     0.0000  0.0000  Eval_9_3
core4_3/evalB/DP_OP_53J9_126_4457   106.9740      0.1    106.9740     0.0000  0.0000  Eval_9_1_DP_OP_53J9_126_4457_J9_0_1
core4_3/evalB/DP_OP_54J9_127_110    162.4140      0.2    162.4140     0.0000  0.0000  Eval_9_1_DP_OP_54J9_127_110_J9_0_1
core4_3/evalB/DP_OP_55J9_128_5186   149.0580      0.2    149.0580     0.0000  0.0000  Eval_9_1_DP_OP_55J9_128_5186_J9_0_1
core4_3/interp                     2806.6500      3.1      0.7560   284.2560  0.0000  Interpolation_3
core4_3/interp/interp              2521.6380      2.8      0.2520     0.0000  0.0000  InterpolationComb_3
core4_3/interp/interp/DP_OP_106J9_122_7677  2521.3860     2.8  2521.3860    0.0000 0.0000 InterpolationComb_1_DP_OP_106J9_122_7677_J9_0_2
core4_3/mult_x_1                    717.8220      0.8    717.8220     0.0000  0.0000  core4_1_DW_mult_tc_J12_6_1
core4_3/mult_x_2                    966.2940      1.1    966.2940     0.0000  0.0000  core4_1_DW_mult_tc_J12_5_1
core4_3/mult_x_3                   1002.3300      1.1   1002.3300     0.0000  0.0000  core4_1_DW_mult_tc_J12_4_1
core4_3/mult_x_4                   1001.3220      1.1   1001.3220     0.0000  0.0000  core4_1_DW_mult_tc_J12_3_1
core4_3/mult_x_5                   1000.8180      1.1   1000.8180     0.0000  0.0000  core4_1_DW_mult_tc_J12_2_1
core4_3/mult_x_6                   1000.9440      1.1   1000.9440     0.0000  0.0000  core4_1_DW_mult_tc_J12_1_1
core4_3/mult_x_7                    717.8220      0.8    717.8220     0.0000  0.0000  core4_1_DW_mult_tc_J12_0_1
core4_4                           11019.5818     12.3      1.0080   531.2160  0.0000  core4_2
core4_4/evalA                       898.8840      1.0     28.4760     0.0000  0.0000  Eval_8_2
core4_4/evalA/DP_OP_55J10_122_395   228.1860      0.3    228.1860     0.0000  0.0000  Eval_8_2_DP_OP_55J10_122_395_J10_0
core4_4/evalA/DP_OP_56J10_123_4961   326.4660     0.4    326.4660     0.0000  0.0000  Eval_8_2_DP_OP_56J10_123_4961_J10_0
core4_4/evalA/DP_OP_57J10_124_2206   315.7560     0.4    315.7560     0.0000  0.0000  Eval_8_2_DP_OP_57J10_124_2206_J10_0
core4_4/evalB                       388.9620      0.4     12.6000     0.0000  0.0000  Eval_9_2
core4_4/evalB/DP_OP_54J10_128_795   100.4220      0.1    100.4220     0.0000  0.0000  Eval_9_2_DP_OP_54J10_128_795_J10_0
core4_4/evalB/DP_OP_55J10_129_3918   135.3240     0.2    135.3240     0.0000  0.0000  Eval_9_2_DP_OP_55J10_129_3918_J10_0
core4_4/evalB/DP_OP_56J10_130_6600   140.6160     0.2    140.6160     0.0000  0.0000  Eval_9_2_DP_OP_56J10_130_6600_J10_0
core4_4/interp                     2806.6500      3.1      0.7560   284.2560  0.0000  Interpolation_2
core4_4/interp/interp              2521.6380      2.8      0.2520     0.0000  0.0000  InterpolationComb_2
core4_4/interp/interp/DP_OP_106J9_122_7677  2521.3860     2.8  2521.3860    0.0000 0.0000 InterpolationComb_1_DP_OP_106J9_122_7677_J9_0_1
core4_4/mult_x_1                    783.5940      0.9    783.5940     0.0000  0.0000  core4_2_DW_mult_uns_J14_1
core4_4/mult_x_2                    966.1680      1.1    966.1680     0.0000  0.0000  core4_2_DW_mult_tc_J14_4
core4_4/mult_x_3                    923.9580      1.0    923.9580     0.0000  0.0000  core4_2_DW_mult_tc_J14_3
core4_4/mult_x_4                    934.0380      1.0    934.0380     0.0000  0.0000  core4_2_DW_mult_tc_J14_2
core4_4/mult_x_5                   1000.5660      1.1   1000.5660     0.0000  0.0000  core4_2_DW_mult_tc_J14_1
core4_4/mult_x_6                   1000.9440      1.1   1000.9440     0.0000  0.0000  core4_2_DW_mult_tc_J14_0
core4_4/mult_x_7                    783.5940      0.9    783.5940     0.0000  0.0000  core4_2_DW_mult_uns_J14_0
core4_5                           11352.2218     12.7      0.7560   531.2160  0.0000  core4_1
core4_5/evalA                       904.9320      1.0     29.2320     0.0000  0.0000  Eval_8_1
core4_5/evalA/DP_OP_53J7_122_3262   229.0680      0.3    229.0680     0.0000  0.0000  Eval_8_1_DP_OP_53J7_122_3262_J7_0_0
core4_5/evalA/DP_OP_54J7_123_2021   329.9940      0.4    329.9940     0.0000  0.0000  Eval_8_1_DP_OP_54J7_123_2021_J7_0_0
core4_5/evalA/DP_OP_55J7_124_534    316.6380      0.4    316.6380     0.0000  0.0000  Eval_8_1_DP_OP_55J7_124_534_J7_0_0
core4_5/evalB                       434.0700      0.5     15.6240     0.0000  0.0000  Eval_9_1
core4_5/evalB/DP_OP_53J9_126_4457   106.9740      0.1    106.9740     0.0000  0.0000  Eval_9_1_DP_OP_53J9_126_4457_J9_0_0
core4_5/evalB/DP_OP_54J9_127_110    162.4140      0.2    162.4140     0.0000  0.0000  Eval_9_1_DP_OP_54J9_127_110_J9_0_0
core4_5/evalB/DP_OP_55J9_128_5186   149.0580      0.2    149.0580     0.0000  0.0000  Eval_9_1_DP_OP_55J9_128_5186_J9_0_0
core4_5/interp                     2806.6500      3.1      0.7560   284.2560  0.0000  Interpolation_1
core4_5/interp/interp              2521.6380      2.8      0.2520     0.0000  0.0000  InterpolationComb_1
core4_5/interp/interp/DP_OP_106J9_122_7677  2521.3860     2.8  2521.3860    0.0000 0.0000 InterpolationComb_1_DP_OP_106J9_122_7677_J9_0_0
core4_5/mult_x_1                    853.0200      1.0    853.0200     0.0000  0.0000  core4_1_DW_mult_tc_J12_6_0
core4_5/mult_x_2                    966.2940      1.1    966.2940     0.0000  0.0000  core4_1_DW_mult_tc_J12_5_0
core4_5/mult_x_3                   1000.5660      1.1   1000.5660     0.0000  0.0000  core4_1_DW_mult_tc_J12_4_0
core4_5/mult_x_4                   1000.5660      1.1   1000.5660     0.0000  0.0000  core4_1_DW_mult_tc_J12_3_0
core4_5/mult_x_5                   1000.5660      1.1   1000.5660     0.0000  0.0000  core4_1_DW_mult_tc_J12_2_0
core4_5/mult_x_6                   1000.5660      1.1   1000.5660     0.0000  0.0000  core4_1_DW_mult_tc_J12_1_0
core4_5/mult_x_7                    853.0200      1.0    853.0200     0.0000  0.0000  core4_1_DW_mult_tc_J12_0_0
core4_6                            9382.0859     10.5      1.0080   531.4680  0.0000  core4_0
core4_6/evalA                       814.3380      0.9     24.6960     0.0000  0.0000  Eval_8_0
core4_6/evalA/DP_OP_54J9_123_5485   211.6800      0.2    211.6800     0.0000  0.0000  Eval_8_0_DP_OP_54J9_123_5485_J9_0
core4_6/evalA/DP_OP_55J9_124_5683   286.0200      0.3    286.0200     0.0000  0.0000  Eval_8_0_DP_OP_55J9_124_5683_J9_0
core4_6/evalA/DP_OP_56J9_125_1948   291.9420      0.3    291.9420     0.0000  0.0000  Eval_8_0_DP_OP_56J9_125_1948_J9_0
core4_6/evalB                       271.0260      0.3      8.5680     0.0000  0.0000  Eval_9_0
core4_6/evalB/DP_OP_54J5_122_980     70.3080      0.1     70.3080     0.0000  0.0000  Eval_9_0_DP_OP_54J5_122_980_J5_0
core4_6/evalB/DP_OP_55J5_123_3603    93.1140      0.1     93.1140     0.0000  0.0000  Eval_9_0_DP_OP_55J5_123_3603_J5_0
core4_6/evalB/DP_OP_56J5_124_3788    99.0360      0.1     99.0360     0.0000  0.0000  Eval_9_0_DP_OP_56J5_124_3788_J5_0
core4_6/interp                     2707.3620      3.0      0.7560   276.1920  0.0000  Interpolation_0
core4_6/interp/interp              2430.4140      2.7      0.2520     0.0000  0.0000  InterpolationComb_0
core4_6/interp/interp/DP_OP_106J11_122_6007  2430.1620     2.7  2430.1620    0.0000 0.0000 InterpolationComb_0_DP_OP_106J11_122_6007_J11_0_0
core4_6/mult_x_1                    536.8860      0.6    536.8860     0.0000  0.0000  core4_0_DW_mult_uns_J5_3
core4_6/mult_x_2                    756.5040      0.8    756.5040     0.0000  0.0000  core4_0_DW_mult_uns_J5_2
core4_6/mult_x_3                    792.7920      0.9    792.7920     0.0000  0.0000  core4_0_DW_mult_tc_J5_2
core4_6/mult_x_4                    743.4000      0.8    743.4000     0.0000  0.0000  core4_0_DW_mult_tc_J5_1
core4_6/mult_x_5                    808.2900      0.9    808.2900     0.0000  0.0000  core4_0_DW_mult_uns_J5_1
core4_6/mult_x_6                    882.1260      1.0    882.1260     0.0000  0.0000  core4_0_DW_mult_tc_J5_0
core4_6/mult_x_7                    536.8860      0.6    536.8860     0.0000  0.0000  core4_0_DW_mult_uns_J5_0
evalA                               814.3380      0.9     26.5860     0.0000  0.0000  Eval_4
evalA/DP_OP_52J10_125_9524          284.5080      0.3    284.5080     0.0000  0.0000  Eval_0_DP_OP_52J10_125_9524_J10_0_3
evalA/DP_OP_53J10_126_6299          291.5640      0.3    291.5640     0.0000  0.0000  Eval_0_DP_OP_53J10_126_6299_J10_0_3
evalA/DP_OP_54J10_127_1625          211.6800      0.2    211.6800     0.0000  0.0000  Eval_0_DP_OP_54J10_127_1625_J10_0_3
evalA_1                             814.2120      0.9     26.3340     0.0000  0.0000  Eval_3
evalA_1/DP_OP_52J10_125_9524        284.5080      0.3    284.5080     0.0000  0.0000  Eval_0_DP_OP_52J10_125_9524_J10_0_2
evalA_1/DP_OP_53J10_126_6299        291.6900      0.3    291.6900     0.0000  0.0000  Eval_0_DP_OP_53J10_126_6299_J10_0_2
evalA_1/DP_OP_54J10_127_1625        211.6800      0.2    211.6800     0.0000  0.0000  Eval_0_DP_OP_54J10_127_1625_J10_0_2
evalA_2                             814.2120      0.9     26.3340     0.0000  0.0000  Eval_2
evalA_2/DP_OP_52J10_125_9524        284.5080      0.3    284.5080     0.0000  0.0000  Eval_0_DP_OP_52J10_125_9524_J10_0_1
evalA_2/DP_OP_53J10_126_6299        291.6900      0.3    291.6900     0.0000  0.0000  Eval_0_DP_OP_53J10_126_6299_J10_0_1
evalA_2/DP_OP_54J10_127_1625        211.6800      0.2    211.6800     0.0000  0.0000  Eval_0_DP_OP_54J10_127_1625_J10_0_1
evalA_3                             814.3380      0.9     26.5860     0.0000  0.0000  Eval_0
evalA_3/DP_OP_52J10_125_9524        284.5080      0.3    284.5080     0.0000  0.0000  Eval_0_DP_OP_52J10_125_9524_J10_0_0
evalA_3/DP_OP_53J10_126_6299        291.5640      0.3    291.5640     0.0000  0.0000  Eval_0_DP_OP_53J10_126_6299_J10_0_0
evalA_3/DP_OP_54J10_127_1625        211.6800      0.2    211.6800     0.0000  0.0000  Eval_0_DP_OP_54J10_127_1625_J10_0_0
evalB                               271.9080      0.3     13.6080     0.0000  0.0000  Eval_1_3
evalB/DP_OP_52J8_122_4583            70.3080      0.1     70.3080     0.0000  0.0000  Eval_1_0_DP_OP_52J8_122_4583_J8_0_3
evalB/DP_OP_53J8_123_8511            90.4680      0.1     90.4680     0.0000  0.0000  Eval_1_0_DP_OP_53J8_123_8511_J8_0_3
evalB/DP_OP_54J8_124_5286            97.5240      0.1     97.5240     0.0000  0.0000  Eval_1_0_DP_OP_54J8_124_5286_J8_0_3
evalB_1                             270.3960      0.3     11.9700     0.0000  0.0000  Eval_1_2
evalB_1/DP_OP_52J8_122_4583          70.3080      0.1     70.3080     0.0000  0.0000  Eval_1_0_DP_OP_52J8_122_4583_J8_0_2
evalB_1/DP_OP_53J8_123_8511          90.4680      0.1     90.4680     0.0000  0.0000  Eval_1_0_DP_OP_53J8_123_8511_J8_0_2
evalB_1/DP_OP_54J8_124_5286          97.6500      0.1     97.6500     0.0000  0.0000  Eval_1_0_DP_OP_54J8_124_5286_J8_0_2
evalB_2                             270.3960      0.3     11.9700     0.0000  0.0000  Eval_1_1
evalB_2/DP_OP_52J8_122_4583          70.3080      0.1     70.3080     0.0000  0.0000  Eval_1_0_DP_OP_52J8_122_4583_J8_0_1
evalB_2/DP_OP_53J8_123_8511          90.4680      0.1     90.4680     0.0000  0.0000  Eval_1_0_DP_OP_53J8_123_8511_J8_0_1
evalB_2/DP_OP_54J8_124_5286          97.6500      0.1     97.6500     0.0000  0.0000  Eval_1_0_DP_OP_54J8_124_5286_J8_0_1
evalB_3                             272.6640      0.3     14.3640     0.0000  0.0000  Eval_1_0
evalB_3/DP_OP_52J8_122_4583          70.3080      0.1     70.3080     0.0000  0.0000  Eval_1_0_DP_OP_52J8_122_4583_J8_0_0
evalB_3/DP_OP_53J8_123_8511          90.4680      0.1     90.4680     0.0000  0.0000  Eval_1_0_DP_OP_53J8_123_8511_J8_0_0
evalB_3/DP_OP_54J8_124_5286          97.5240      0.1     97.5240     0.0000  0.0000  Eval_1_0_DP_OP_54J8_124_5286_J8_0_0
interp                             9655.1279     10.8      0.7560  1034.2080  0.0000  Interpolation_7
interp/interp                      8620.1639      9.7      0.2520     0.0000  0.0000  InterpolationComb_7
interp/interp/DP_OP_421J3_122_5484  8619.9119     9.7   8619.9119     0.0000  0.0000  InterpolationComb_7_DP_OP_421J3_122_5484_J3_0
--------------------------------  ----------  -------  ----------  ---------  ------  -------------------------------------------------
Total                                                  80599.3007  8671.9501  0.0000

1
