 
****************************************
Report : timing
        -path full
        -delay max
        -nets
        -max_paths 1
        -transition_time
Design : core16_a28_b12_c28
Version: O-2018.06-SP5
Date   : Tue May 12 14:25:25 2026
****************************************

 # A fanout number of 1000 was used for high fanout net computations.

Operating Conditions: ssg0p81vm40c   Library: tcbn28hpcplusbwp40p140hvtssg0p81vm40c_ccs
Wire Load Model Mode: segmented

  Startpoint: io_b_12[0] (input port clocked by clk)
  Endpoint: core4_2/s_w_4_reg_33_
            (rising edge-triggered flip-flop clocked by clk)
  Path Group: clk
  Path Type: max

  Des/Clust/Port     Wire Load Model       Library
  ------------------------------------------------
  core16_a28_b12_c28 ZeroWireload          tcbn28hpcplusbwp40p140hvtssg0p81vm40c_ccs
  Eval_1_0_DP_OP_52J5_125_7082_J5_0_0 ZeroWireload tcbn28hpcplusbwp40p140hvtssg0p81vm40c_ccs
  Eval_1_0_DP_OP_53J5_126_1358_J5_0_0 ZeroWireload tcbn28hpcplusbwp40p140hvtssg0p81vm40c_ccs
  Eval_1_0_DP_OP_54J5_127_7047_J5_0_0 ZeroWireload tcbn28hpcplusbwp40p140hvtssg0p81vm40c_ccs
  Eval_9_4_DP_OP_56J12_124_4817_J12_0 ZeroWireload tcbn28hpcplusbwp40p140hvtssg0p81vm40c_ccs
  Eval_9_4_DP_OP_55J12_123_3266_J12_0 ZeroWireload tcbn28hpcplusbwp40p140hvtssg0p81vm40c_ccs
  Eval_9_4_DP_OP_54J12_122_4538_J12_0 ZeroWireload tcbn28hpcplusbwp40p140hvtssg0p81vm40c_ccs
  core4_4_DW_mult_uns_J13_3 ZeroWireload   tcbn28hpcplusbwp40p140hvtssg0p81vm40c_ccs
  core4_4_DW_mult_uns_J13_1 ZeroWireload   tcbn28hpcplusbwp40p140hvtssg0p81vm40c_ccs

Attributes:
    d - dont_touch
    u - dont_use
   mo - map_only
   so - size_only
    i - ideal_net or ideal_network
  inf - infeasible path

  Point                                       Fanout     Trans      Incr       Path      Attributes
  ---------------------------------------------------------------------------------------------------------
  clock clk (rise edge)                                             0.00       0.00
  clock network delay (ideal)                                       0.00       0.00
  input external delay                                              0.50       0.50 r
  io_b_12[0] (in)                                         0.00      0.00       0.50 r
  io_b_12[0] (net)                              1                   0.00       0.50 r
  evalB_3/io_in_0[0] (Eval_1_0)                                     0.00       0.50 r
  evalB_3/io_in_0[0] (net)                                          0.00       0.50 r
  evalB_3/U40/ZN (CKND0BWP40P140)                         0.01      0.01       0.51 f
  evalB_3/n4 (net)                              1                   0.00       0.51 f
  evalB_3/U39/ZN (CKND0BWP40P140)                         0.06      0.04       0.55 r
  evalB_3/io_out_6[0] (net)                     4                   0.00       0.55 r
  evalB_3/DP_OP_53J5_126_1358/I2[0] (Eval_1_0_DP_OP_53J5_126_1358_J5_0_0)     0.00     0.55 r
  evalB_3/DP_OP_53J5_126_1358/I2[0] (net)                           0.00       0.55 r
  evalB_3/DP_OP_53J5_126_1358/U112/CO (HA1D0BWP40P140)     0.02     0.06       0.61 r
  evalB_3/DP_OP_53J5_126_1358/n188 (net)        1                   0.00       0.61 r
  evalB_3/DP_OP_53J5_126_1358/U96/CO (FA1D0BWP40P140)     0.03      0.07       0.68 r
  evalB_3/DP_OP_53J5_126_1358/n186 (net)        1                   0.00       0.68 r
  evalB_3/DP_OP_53J5_126_1358/U115/CO (FA1D0BWP40P140)     0.03     0.07       0.75 r
  evalB_3/DP_OP_53J5_126_1358/n184 (net)        1                   0.00       0.75 r
  evalB_3/DP_OP_53J5_126_1358/U79/CO (FA1D0BWP40P140)     0.03      0.07       0.82 r
  evalB_3/DP_OP_53J5_126_1358/n182 (net)        1                   0.00       0.82 r
  evalB_3/DP_OP_53J5_126_1358/U81/CO (FA1D0BWP40P140)     0.03      0.07       0.90 r
  evalB_3/DP_OP_53J5_126_1358/n180 (net)        1                   0.00       0.90 r
  evalB_3/DP_OP_53J5_126_1358/U94/CO (FA1D0BWP40P140)     0.03      0.07       0.97 r
  evalB_3/DP_OP_53J5_126_1358/n178 (net)        1                   0.00       0.97 r
  evalB_3/DP_OP_53J5_126_1358/U73/CO (FA1D0BWP40P140)     0.03      0.07       1.05 r
  evalB_3/DP_OP_53J5_126_1358/n176 (net)        1                   0.00       1.05 r
  evalB_3/DP_OP_53J5_126_1358/U75/S (FA1D0BWP40P140)      0.05      0.13       1.17 f
  evalB_3/DP_OP_53J5_126_1358/n249 (net)        2                   0.00       1.17 f
  evalB_3/DP_OP_53J5_126_1358/U82/CO (FA1D0BWP40P140)     0.03      0.08       1.26 f
  evalB_3/DP_OP_53J5_126_1358/n222 (net)        1                   0.00       1.26 f
  evalB_3/DP_OP_53J5_126_1358/U100/S (FA1D0BWP40P140)     0.02      0.11       1.37 r
  evalB_3/DP_OP_53J5_126_1358/O1[8] (net)       1                   0.00       1.37 r
  evalB_3/DP_OP_53J5_126_1358/O1[8] (Eval_1_0_DP_OP_53J5_126_1358_J5_0_0)     0.00     1.37 r
  evalB_3/io_out_2[8] (net)                                         0.00       1.37 r
  evalB_3/io_out_2[8] (Eval_1_0)                                    0.00       1.37 r
  evalB_3_io_out_2[8] (net)                                         0.00       1.37 r
  core4_2/io_b_3[8] (core4_4)                                       0.00       1.37 r
  core4_2/io_b_3[8] (net)                                           0.00       1.37 r
  core4_2/evalB/io_in_3[8] (Eval_9_4)                               0.00       1.37 r
  core4_2/evalB/io_in_3[8] (net)                                    0.00       1.37 r
  core4_2/evalB/U8/ZN (INVD1BWP40P140LVT)                 0.01      0.01       1.38 f
  core4_2/evalB/n34 (net)                       1                   0.00       1.38 f
  core4_2/evalB/U6/ZN (INVD2BWP40P140LVT)                 0.05      0.04       1.42 r
  core4_2/evalB/io_out_0[8] (net)              34                   0.00       1.42 r
  core4_2/evalB/DP_OP_56J12_124_4817/I3[8] (Eval_9_4_DP_OP_56J12_124_4817_J12_0)     0.00     1.42 r
  core4_2/evalB/DP_OP_56J12_124_4817/I3[8] (net)                    0.00       1.42 r
  core4_2/evalB/DP_OP_56J12_124_4817/U130/CO (FA1D0BWP40P140)     0.03     0.08     1.50 r
  core4_2/evalB/DP_OP_56J12_124_4817/n229 (net)     1               0.00       1.50 r
  core4_2/evalB/DP_OP_56J12_124_4817/U103/CO (FA1D0BWP40P140)     0.03     0.07     1.57 r
  core4_2/evalB/DP_OP_56J12_124_4817/n227 (net)     1               0.00       1.57 r
  core4_2/evalB/DP_OP_56J12_124_4817/U112/S (FA1D0BWP40P140)     0.03     0.12     1.69 f
  core4_2/evalB/DP_OP_56J12_124_4817/n301 (net)     2               0.00       1.69 f
  core4_2/evalB/DP_OP_56J12_124_4817/U123/CO (FA1D0BWP40P140)     0.03     0.08     1.77 f
  core4_2/evalB/DP_OP_56J12_124_4817/n297 (net)     1               0.00       1.77 f
  core4_2/evalB/DP_OP_56J12_124_4817/U142/S (FA1D0BWP40P140)     0.17     0.20     1.97 r
  core4_2/evalB/DP_OP_56J12_124_4817/O1[11] (net)    29             0.00       1.97 r
  core4_2/evalB/DP_OP_56J12_124_4817/O1[11] (Eval_9_4_DP_OP_56J12_124_4817_J12_0)     0.00     1.97 r
  core4_2/evalB/io_out_4[11] (net)                                  0.00       1.97 r
  core4_2/evalB/io_out_4[11] (Eval_9_4)                             0.00       1.97 r
  core4_2/evalB_io_out_4[11] (net)                                  0.00       1.97 r
  core4_2/mult_x_5/b[11] (core4_4_DW_mult_uns_J13_1)                0.00       1.97 r
  core4_2/mult_x_5/b[11] (net)                                      0.00       1.97 r
  core4_2/mult_x_5/U1177/ZN (CKND0BWP40P140)              0.17      0.16       2.13 f
  core4_2/mult_x_5/n2011 (net)                 27                   0.00       2.13 f
  core4_2/mult_x_5/U1255/ZN (MUX2ND0BWP40P140)            0.05      0.10       2.23 r
  core4_2/mult_x_5/n1217 (net)                  3                   0.00       2.23 r
  core4_2/mult_x_5/U1261/ZN (ND2D0BWP40P140HVT)           0.26      0.18       2.41 f
  core4_2/mult_x_5/n1943 (net)                 20                   0.00       2.41 f
  core4_2/mult_x_5/U967/ZN (CKND0BWP40P140)               0.07      0.10       2.51 r
  core4_2/mult_x_5/n2064 (net)                  2                   0.00       2.51 r
  core4_2/mult_x_5/U1316/ZN (AOI222D0BWP40P140)           0.08      0.05       2.56 f
  core4_2/mult_x_5/n1316 (net)                  1                   0.00       2.56 f
  core4_2/mult_x_5/U1317/ZN (MUX2ND0BWP40P140)            0.06      0.07       2.64 f
  core4_2/mult_x_5/n1412 (net)                  1                   0.00       2.64 f
  core4_2/mult_x_5/U944/S (HA1D0BWP40P140)                0.03      0.07       2.71 f
  core4_2/mult_x_5/n1518 (net)                  1                   0.00       2.71 f
  core4_2/mult_x_5/U1028/S (FA1D0BWP40P140)               0.04      0.13       2.84 r
  core4_2/mult_x_5/n1638 (net)                  1                   0.00       2.84 r
  core4_2/mult_x_5/U1053/CO (FA1D0BWP40P140)              0.03      0.08       2.92 r
  core4_2/mult_x_5/n1631 (net)                  1                   0.00       2.92 r
  core4_2/mult_x_5/U1059/S (FA1D0BWP40P140)               0.03      0.11       3.03 f
  core4_2/mult_x_5/n1773 (net)                  1                   0.00       3.03 f
  core4_2/mult_x_5/U1103/S (FA1D0BWP40P140)               0.04      0.13       3.16 r
  core4_2/mult_x_5/n1895 (net)                  1                   0.00       3.16 r
  core4_2/mult_x_5/U1155/CO (FA1D0BWP40P140)              0.03      0.08       3.24 r
  core4_2/mult_x_5/n1890 (net)                  1                   0.00       3.24 r
  core4_2/mult_x_5/U1156/CO (FA1D0BWP40P140)              0.03      0.07       3.32 r
  core4_2/mult_x_5/n1887 (net)                  1                   0.00       3.32 r
  core4_2/mult_x_5/U1157/CO (FA1D0BWP40P140)              0.03      0.07       3.39 r
  core4_2/mult_x_5/n1884 (net)                  1                   0.00       3.39 r
  core4_2/mult_x_5/U1158/CO (FA1D0BWP40P140)              0.03      0.07       3.46 r
  core4_2/mult_x_5/n1881 (net)                  1                   0.00       3.46 r
  core4_2/mult_x_5/U1159/CO (FA1D0BWP40P140)              0.03      0.07       3.54 r
  core4_2/mult_x_5/n1878 (net)                  1                   0.00       3.54 r
  core4_2/mult_x_5/U1160/CO (FA1D0BWP40P140)              0.03      0.07       3.61 r
  core4_2/mult_x_5/n1875 (net)                  1                   0.00       3.61 r
  core4_2/mult_x_5/U1161/CO (FA1D0BWP40P140)              0.03      0.07       3.69 r
  core4_2/mult_x_5/n1872 (net)                  1                   0.00       3.69 r
  core4_2/mult_x_5/U1162/CO (FA1D0BWP40P140)              0.03      0.07       3.76 r
  core4_2/mult_x_5/n1869 (net)                  1                   0.00       3.76 r
  core4_2/mult_x_5/U1163/CO (FA1D0BWP40P140)              0.03      0.07       3.83 r
  core4_2/mult_x_5/n1866 (net)                  1                   0.00       3.83 r
  core4_2/mult_x_5/U1164/CO (FA1D0BWP40P140)              0.03      0.07       3.91 r
  core4_2/mult_x_5/n1863 (net)                  1                   0.00       3.91 r
  core4_2/mult_x_5/U1165/CO (FA1D0BWP40P140)              0.03      0.07       3.98 r
  core4_2/mult_x_5/n1860 (net)                  1                   0.00       3.98 r
  core4_2/mult_x_5/U1166/CO (FA1D0BWP40P140)              0.03      0.07       4.06 r
  core4_2/mult_x_5/n1857 (net)                  1                   0.00       4.06 r
  core4_2/mult_x_5/U1167/CO (FA1D0BWP40P140)              0.03      0.07       4.13 r
  core4_2/mult_x_5/n1854 (net)                  1                   0.00       4.13 r
  core4_2/mult_x_5/U1168/CO (FA1D0BWP40P140)              0.03      0.07       4.20 r
  core4_2/mult_x_5/n1851 (net)                  1                   0.00       4.20 r
  core4_2/mult_x_5/U1144/CO (FA1D0BWP40P140)              0.03      0.07       4.28 r
  core4_2/mult_x_5/n1848 (net)                  1                   0.00       4.28 r
  core4_2/mult_x_5/U1169/CO (FA1D0BWP40P140)              0.03      0.07       4.35 r
  core4_2/mult_x_5/n1845 (net)                  1                   0.00       4.35 r
  core4_2/mult_x_5/U1170/CO (FA1D0BWP40P140)              0.03      0.07       4.43 r
  core4_2/mult_x_5/n1972 (net)                  1                   0.00       4.43 r
  core4_2/mult_x_5/U1171/CO (FA1D0BWP40P140)              0.03      0.07       4.50 r
  core4_2/mult_x_5/n2022 (net)                  1                   0.00       4.50 r
  core4_2/mult_x_5/U1172/CO (FA1D0BWP40P140)              0.02      0.07       4.57 r
  core4_2/mult_x_5/n2033 (net)                  1                   0.00       4.57 r
  core4_2/mult_x_5/U922/ZN (XNR4D0BWP40P140)              0.02      0.11       4.68 f
  core4_2/mult_x_5/n2042 (net)                  1                   0.00       4.68 f
  core4_2/mult_x_5/U1140/Z (XOR4D1BWP40P140)              0.02      0.10       4.78 r
  core4_2/mult_x_5/n2045 (net)                  1                   0.00       4.78 r
  core4_2/mult_x_5/U928/ZN (XNR3UD0BWP40P140)             0.04      0.06       4.84 r
  core4_2/mult_x_5/n2049 (net)                  2                   0.00       4.84 r
  core4_2/mult_x_5/U1139/ZN (OAI21D0BWP40P140HVT)         0.04      0.05       4.89 f
  core4_2/mult_x_5/n2048 (net)                  1                   0.00       4.89 f
  core4_2/mult_x_5/U1175/ZN (OAI31D0BWP40P140LVT)         0.05      0.03       4.92 r
  core4_2/mult_x_5/n2070 (net)                  1                   0.00       4.92 r
  core4_2/mult_x_5/U1173/Z (XOR2UD0BWP40P140)             0.05      0.04       4.96 r
  core4_2/mult_x_5/product[33] (net)            1                   0.00       4.96 r
  core4_2/mult_x_5/product[33] (core4_4_DW_mult_uns_J13_1)          0.00       4.96 r
  core4_2/n_w_4_T_1[33] (net)                                       0.00       4.96 r
  core4_2/s_w_4_reg_33_/D (DFQD1BWP40P140)                0.05      0.00       4.96 r
  data arrival time                                                            4.96

  clock clk (rise edge)                                             5.00       5.00
  clock network delay (ideal)                                       0.00       5.00
  core4_2/s_w_4_reg_33_/CP (DFQD1BWP40P140)                         0.00       5.00 r
  library setup time                                               -0.04       4.96
  data required time                                                           4.96
  ---------------------------------------------------------------------------------------------------------
  data required time                                                           4.96
  data arrival time                                                           -4.96
  ---------------------------------------------------------------------------------------------------------
  slack (MET)                                                                  0.00


1
