 
****************************************
Report : timing
        -path full
        -delay max
        -nets
        -max_paths 1
        -transition_time
Design : core64_a24_b14_c24
Version: O-2018.06-SP5
Date   : Tue May 12 21:23:49 2026
****************************************

 # A fanout number of 1000 was used for high fanout net computations.

Operating Conditions: ssg0p81vm40c   Library: tcbn28hpcplusbwp40p140hvtssg0p81vm40c_ccs
Wire Load Model Mode: segmented

  Startpoint: io_b_60[0] (input port clocked by clk)
  Endpoint: core16_6/core4_1/s_w_5_reg_32_
            (rising edge-triggered flip-flop clocked by clk)
  Path Group: clk
  Path Type: max

  Des/Clust/Port     Wire Load Model       Library
  ------------------------------------------------
  core64_a24_b14_c24 ZeroWireload          tcbn28hpcplusbwp40p140hvtssg0p81vm40c_ccs
  Eval_1_0_DP_OP_52J25_125_4593_J25_0_0 ZeroWireload tcbn28hpcplusbwp40p140hvtssg0p81vm40c_ccs
  Eval_1_0_DP_OP_53J25_126_1321_J25_0_0 ZeroWireload tcbn28hpcplusbwp40p140hvtssg0p81vm40c_ccs
  Eval_1_0_DP_OP_54J25_127_2501_J25_0_0 ZeroWireload tcbn28hpcplusbwp40p140hvtssg0p81vm40c_ccs
  Eval_33_49_DP_OP_56J23_127_6292_J23_0_0 ZeroWireload tcbn28hpcplusbwp40p140hvtssg0p81vm40c_ccs
  Eval_33_49_DP_OP_55J23_126_2557_J23_0_0 ZeroWireload tcbn28hpcplusbwp40p140hvtssg0p81vm40c_ccs
  Eval_33_49_DP_OP_54J23_125_8523_J23_0_0 ZeroWireload tcbn28hpcplusbwp40p140hvtssg0p81vm40c_ccs
  core4_5_DW_mult_uns_J31_3_0 ZeroWireload tcbn28hpcplusbwp40p140hvtssg0p81vm40c_ccs
  Eval_33_5_DP_OP_54J28_125_1059_J28_0_0 ZeroWireload tcbn28hpcplusbwp40p140hvtssg0p81vm40c_ccs
  Eval_33_5_DP_OP_55J28_126_7099_J28_0_0 ZeroWireload tcbn28hpcplusbwp40p140hvtssg0p81vm40c_ccs
  Eval_33_5_DP_OP_56J28_127_9781_J28_0_0 ZeroWireload tcbn28hpcplusbwp40p140hvtssg0p81vm40c_ccs
  core4_5_DW_mult_tc_J31_0_0 ZeroWireload  tcbn28hpcplusbwp40p140hvtssg0p81vm40c_ccs

Attributes:
    d - dont_touch
    u - dont_use
   mo - map_only
   so - size_only
    i - ideal_net or ideal_network
  inf - infeasible path

  Point                                       Fanout     Trans      Incr       Path      Attributes
  ---------------------------------------------------------------------------------------------------------
  clock clk (rise edge)                                             0.00       0.00
  clock network delay (ideal)                                       0.00       0.00
  input external delay                                              0.50       0.50 r
  io_b_60[0] (in)                                         0.00      0.00       0.50 r
  io_b_60[0] (net)                              1                   0.00       0.50 r
  evalB_15/io_in_0[0] (Eval_1_0)                                    0.00       0.50 r
  evalB_15/io_in_0[0] (net)                                         0.00       0.50 r
  evalB_15/U21/ZN (CKND2BWP40P140)                        0.01      0.01       0.51 f
  evalB_15/n9 (net)                             1                   0.00       0.51 f
  evalB_15/U17/ZN (INVD3BWP40P140LVT)                     0.01      0.01       0.52 r
  evalB_15/io_out_6[0] (net)                    5                   0.00       0.52 r
  evalB_15/io_out_6[0] (Eval_1_0)                                   0.00       0.52 r
  evalB_15_io_out_6[0] (net)                                        0.00       0.52 r
  core16_6/io_b_15[0] (core16_0)                                    0.00       0.52 r
  core16_6/io_b_15[0] (net)                                         0.00       0.52 r
  core16_6/evalB_3/io_in_3[0] (Eval_33_49)                          0.00       0.52 r
  core16_6/evalB_3/io_in_3[0] (net)                                 0.00       0.52 r
  core16_6/evalB_3/U3/ZN (CKND0BWP40P140)                 0.01      0.01       0.53 f
  core16_6/evalB_3/n68 (net)                    1                   0.00       0.53 f
  core16_6/evalB_3/U14/ZN (INVD1BWP40P140LVT)             0.03      0.02       0.55 r
  core16_6/evalB_3/io_out_0[0] (net)            4                   0.00       0.55 r
  core16_6/evalB_3/DP_OP_54J23_125_8523/I2[1] (Eval_33_49_DP_OP_54J23_125_8523_J23_0_0)     0.00     0.55 r
  core16_6/evalB_3/DP_OP_54J23_125_8523/I2[1] (net)                 0.00       0.55 r
  core16_6/evalB_3/DP_OP_54J23_125_8523/U107/CO (HA1D0BWP40P140LVT)     0.02     0.04     0.59 r
  core16_6/evalB_3/DP_OP_54J23_125_8523/n170 (net)     1            0.00       0.59 r
  core16_6/evalB_3/DP_OP_54J23_125_8523/U86/CO (FA1D0BWP40P140)     0.03     0.07     0.65 r
  core16_6/evalB_3/DP_OP_54J23_125_8523/n177 (net)     2            0.00       0.65 r
  core16_6/evalB_3/DP_OP_54J23_125_8523/U60/ZN (OAI21D0BWP40P140)     0.03     0.03     0.69 f
  core16_6/evalB_3/DP_OP_54J23_125_8523/n163 (net)     1            0.00       0.69 f
  core16_6/evalB_3/DP_OP_54J23_125_8523/U59/ZN (ND2D0P7BWP40P140)     0.02     0.03     0.71 r
  core16_6/evalB_3/DP_OP_54J23_125_8523/n179 (net)     1            0.00       0.71 r
  core16_6/evalB_3/DP_OP_54J23_125_8523/U82/CO (FA1D0BWP40P140)     0.04     0.07     0.79 r
  core16_6/evalB_3/DP_OP_54J23_125_8523/n178 (net)     2            0.00       0.79 r
  core16_6/evalB_3/DP_OP_54J23_125_8523/U57/ZN (MAOI222D0BWP40P140)     0.04     0.04     0.83 f
  core16_6/evalB_3/DP_OP_54J23_125_8523/n244 (net)     1            0.00       0.83 f
  core16_6/evalB_3/DP_OP_54J23_125_8523/U54/ZN (CKND0BWP40P140)     0.03     0.03     0.86 r
  core16_6/evalB_3/DP_OP_54J23_125_8523/n188 (net)     1            0.00       0.86 r
  core16_6/evalB_3/DP_OP_54J23_125_8523/U84/CO (FA1D0BWP40P140)     0.03     0.07     0.93 r
  core16_6/evalB_3/DP_OP_54J23_125_8523/n196 (net)     1            0.00       0.93 r
  core16_6/evalB_3/DP_OP_54J23_125_8523/U78/CO (FA1D0BWP40P140)     0.03     0.07     1.01 r
  core16_6/evalB_3/DP_OP_54J23_125_8523/n195 (net)     1            0.00       1.01 r
  core16_6/evalB_3/DP_OP_54J23_125_8523/U79/S (FA1D0BWP40P140)     0.03     0.12     1.12 f
  core16_6/evalB_3/DP_OP_54J23_125_8523/n214 (net)     1            0.00       1.12 f
  core16_6/evalB_3/DP_OP_54J23_125_8523/U55/S (FA1D1BWP40P140)     0.03     0.12     1.24 r
  core16_6/evalB_3/DP_OP_54J23_125_8523/n236 (net)     1            0.00       1.24 r
  core16_6/evalB_3/DP_OP_54J23_125_8523/U98/CO (FA1D0BWP40P140)     0.03     0.07     1.31 r
  core16_6/evalB_3/DP_OP_54J23_125_8523/n233 (net)     1            0.00       1.31 r
  core16_6/evalB_3/DP_OP_54J23_125_8523/U94/S (FA1D0BWP40P140)     0.02     0.10     1.42 f
  core16_6/evalB_3/DP_OP_54J23_125_8523/O1[11] (net)     1          0.00       1.42 f
  core16_6/evalB_3/DP_OP_54J23_125_8523/O1[11] (Eval_33_49_DP_OP_54J23_125_8523_J23_0_0)     0.00     1.42 f
  core16_6/evalB_3/io_out_1[11] (net)                               0.00       1.42 f
  core16_6/evalB_3/io_out_1[11] (Eval_33_49)                        0.00       1.42 f
  core16_6/evalB_3_io_out_1[11] (net)                               0.00       1.42 f
  core16_6/core4_1/io_b_3[11] (core4_5)                             0.00       1.42 f
  core16_6/core4_1/io_b_3[11] (net)                                 0.00       1.42 f
  core16_6/core4_1/evalB/io_in_3[11] (Eval_33_5)                    0.00       1.42 f
  core16_6/core4_1/evalB/io_in_3[11] (net)                          0.00       1.42 f
  core16_6/core4_1/evalB/U9/ZN (CKND0BWP40P140)           0.01      0.02       1.43 r
  core16_6/core4_1/evalB/n25 (net)              1                   0.00       1.43 r
  core16_6/core4_1/evalB/U5/ZN (CKND0BWP40P140)           0.21      0.13       1.56 f
  core16_6/core4_1/evalB/io_out_0[11] (net)    29                   0.00       1.56 f
  core16_6/core4_1/evalB/DP_OP_56J28_127_9781/I3[11] (Eval_33_5_DP_OP_56J28_127_9781_J28_0_0)     0.00     1.56 f
  core16_6/core4_1/evalB/DP_OP_56J28_127_9781/I3[11] (net)          0.00       1.56 f
  core16_6/core4_1/evalB/DP_OP_56J28_127_9781/U167/CO (FA1D0BWP40P140)     0.03     0.15     1.71 f
  core16_6/core4_1/evalB/DP_OP_56J28_127_9781/n316 (net)     1      0.00       1.71 f
  core16_6/core4_1/evalB/DP_OP_56J28_127_9781/U171/CO (FA1D0BWP40P140)     0.03     0.07     1.79 f
  core16_6/core4_1/evalB/DP_OP_56J28_127_9781/n314 (net)     1      0.00       1.79 f
  core16_6/core4_1/evalB/DP_OP_56J28_127_9781/U173/CO (FA1D0BWP40P140)     0.03     0.07     1.86 f
  core16_6/core4_1/evalB/DP_OP_56J28_127_9781/n312 (net)     1      0.00       1.86 f
  core16_6/core4_1/evalB/DP_OP_56J28_127_9781/U169/CO (FA1D0BWP40P140)     0.03     0.07     1.93 f
  core16_6/core4_1/evalB/DP_OP_56J28_127_9781/n310 (net)     1      0.00       1.93 f
  core16_6/core4_1/evalB/DP_OP_56J28_127_9781/U146/CO (FA1D0BWP40P140)     0.03     0.07     2.00 f
  core16_6/core4_1/evalB/DP_OP_56J28_127_9781/n308 (net)     1      0.00       2.00 f
  core16_6/core4_1/evalB/DP_OP_56J28_127_9781/U148/CO (FA1D0BWP40P140)     0.03     0.07     2.08 f
  core16_6/core4_1/evalB/DP_OP_56J28_127_9781/n306 (net)     1      0.00       2.08 f
  core16_6/core4_1/evalB/DP_OP_56J28_127_9781/U152/S (FA1D0BWP40P140)     0.04     0.12     2.20 r
  core16_6/core4_1/evalB/DP_OP_56J28_127_9781/n352 (net)     2      0.00       2.20 r
  core16_6/core4_1/evalB/DP_OP_56J28_127_9781/U129/ZN (CKND0BWP40P140)     0.03     0.04     2.24 f
  core16_6/core4_1/evalB/DP_OP_56J28_127_9781/n393 (net)     1      0.00       2.24 f
  core16_6/core4_1/evalB/DP_OP_56J28_127_9781/U235/CO (FA1D1BWP40P140)     0.02     0.07     2.31 f
  core16_6/core4_1/evalB/DP_OP_56J28_127_9781/n389 (net)     1      0.00       2.31 f
  core16_6/core4_1/evalB/DP_OP_56J28_127_9781/U157/CO (FA1D0BWP40P140)     0.03     0.07     2.37 f
  core16_6/core4_1/evalB/DP_OP_56J28_127_9781/n386 (net)     1      0.00       2.37 f
  core16_6/core4_1/evalB/DP_OP_56J28_127_9781/U127/CO (FA1D1BWP40P140LVT)     0.02     0.05     2.42 f
  core16_6/core4_1/evalB/DP_OP_56J28_127_9781/n383 (net)     1      0.00       2.42 f
  core16_6/core4_1/evalB/DP_OP_56J28_127_9781/U126/S (FA1D1BWP40P140LVT)     0.04     0.08     2.50 f
  core16_6/core4_1/evalB/DP_OP_56J28_127_9781/O2[20] (net)    12     0.00      2.50 f
  core16_6/core4_1/evalB/DP_OP_56J28_127_9781/O2[20] (Eval_33_5_DP_OP_56J28_127_9781_J28_0_0)     0.00     2.50 f
  core16_6/core4_1/evalB/io_out_5[20] (net)                         0.00       2.50 f
  core16_6/core4_1/evalB/io_out_5[20] (Eval_33_5)                   0.00       2.50 f
  core16_6/core4_1/evalB_io_out_5[20] (net)                         0.00       2.50 f
  core16_6/core4_1/mult_x_6/b[20] (core4_5_DW_mult_tc_J31_0_0)      0.00       2.50 f
  core16_6/core4_1/mult_x_6/b[20] (net)                             0.00       2.50 f
  core16_6/core4_1/mult_x_6/U1385/ZN (INVD0P7BWP40P140)     0.10     0.08      2.58 r
  core16_6/core4_1/mult_x_6/n2304 (net)        24                   0.00       2.58 r
  core16_6/core4_1/mult_x_6/U1095/ZN (MUX2ND0BWP40P140)     0.05     0.06      2.64 f
  core16_6/core4_1/mult_x_6/n1384 (net)         3                   0.00       2.64 f
  core16_6/core4_1/mult_x_6/U1153/ZN (INR2D0BWP40P140)     0.07     0.06       2.70 r
  core16_6/core4_1/mult_x_6/n2227 (net)         6                   0.00       2.70 r
  core16_6/core4_1/mult_x_6/U1340/ZN (CKND0BWP40P140)     0.06      0.06       2.76 f
  core16_6/core4_1/mult_x_6/n2376 (net)         9                   0.00       2.76 f
  core16_6/core4_1/mult_x_6/U1115/ZN (OAI222D0BWP40P140)     0.08     0.05     2.81 r
  core16_6/core4_1/mult_x_6/n1440 (net)         1                   0.00       2.81 r
  core16_6/core4_1/mult_x_6/U1372/ZN (MUX2ND0BWP40P140)     0.06     0.07      2.88 r
  core16_6/core4_1/mult_x_6/n1501 (net)         1                   0.00       2.88 r
  core16_6/core4_1/mult_x_6/U1134/CO (HA1D0BWP40P140)     0.03      0.06       2.94 r
  core16_6/core4_1/mult_x_6/n1496 (net)         1                   0.00       2.94 r
  core16_6/core4_1/mult_x_6/U1348/CO (HA1D0BWP40P140)     0.02      0.05       2.99 r
  core16_6/core4_1/mult_x_6/n1491 (net)         1                   0.00       2.99 r
  core16_6/core4_1/mult_x_6/U1135/CO (FA1D0BWP40P140)     0.03      0.07       3.06 r
  core16_6/core4_1/mult_x_6/n1486 (net)         1                   0.00       3.06 r
  core16_6/core4_1/mult_x_6/U1409/S (FA1D1BWP40P140)      0.03      0.10       3.16 f
  core16_6/core4_1/mult_x_6/n1559 (net)         1                   0.00       3.16 f
  core16_6/core4_1/mult_x_6/U1492/CO (FA1D0BWP40P140)     0.03      0.08       3.24 f
  core16_6/core4_1/mult_x_6/n1552 (net)         1                   0.00       3.24 f
  core16_6/core4_1/mult_x_6/U1473/S (FA1D1BWP40P140)      0.03      0.09       3.33 f
  core16_6/core4_1/mult_x_6/n1664 (net)         1                   0.00       3.33 f
  core16_6/core4_1/mult_x_6/U1147/S (FA1D0BWP40P140)      0.04      0.13       3.46 r
  core16_6/core4_1/mult_x_6/n1764 (net)         1                   0.00       3.46 r
  core16_6/core4_1/mult_x_6/U1628/S (FA1D1BWP40P140)      0.03      0.11       3.57 f
  core16_6/core4_1/mult_x_6/n1879 (net)         1                   0.00       3.57 f
  core16_6/core4_1/mult_x_6/U1722/S (FA1D1BWP40P140)      0.03      0.11       3.69 r
  core16_6/core4_1/mult_x_6/n2010 (net)         1                   0.00       3.69 r
  core16_6/core4_1/mult_x_6/U1204/CO (FA1D0BWP40P140)     0.03      0.08       3.76 r
  core16_6/core4_1/mult_x_6/n2002 (net)         1                   0.00       3.76 r
  core16_6/core4_1/mult_x_6/U1913/CO (FA1D0BWP40P140)     0.03      0.07       3.84 r
  core16_6/core4_1/mult_x_6/n1997 (net)         1                   0.00       3.84 r
  core16_6/core4_1/mult_x_6/U1207/CO (FA1D0BWP40P140)     0.03      0.07       3.91 r
  core16_6/core4_1/mult_x_6/n1992 (net)         1                   0.00       3.91 r
  core16_6/core4_1/mult_x_6/U1905/S (FA1D0BWP40P140)      0.03      0.12       4.03 f
  core16_6/core4_1/mult_x_6/n2138 (net)         1                   0.00       4.03 f
  core16_6/core4_1/mult_x_6/U1884/CO (FA1D1BWP40P140)     0.02      0.07       4.09 f
  core16_6/core4_1/mult_x_6/n2133 (net)         1                   0.00       4.09 f
  core16_6/core4_1/mult_x_6/U1230/CO (FA1D0BWP40P140)     0.03      0.07       4.16 f
  core16_6/core4_1/mult_x_6/n2130 (net)         1                   0.00       4.16 f
  core16_6/core4_1/mult_x_6/U1883/CO (FA1D1BWP40P140)     0.02      0.06       4.22 f
  core16_6/core4_1/mult_x_6/n2127 (net)         1                   0.00       4.22 f
  core16_6/core4_1/mult_x_6/U1231/CO (FA1D0BWP40P140)     0.03      0.07       4.29 f
  core16_6/core4_1/mult_x_6/n2267 (net)         1                   0.00       4.29 f
  core16_6/core4_1/mult_x_6/U1060/CO (FA1D1BWP40P140)     0.02      0.06       4.35 f
  core16_6/core4_1/mult_x_6/n2301 (net)         1                   0.00       4.35 f
  core16_6/core4_1/mult_x_6/U1058/CO (FA1D1BWP40P140LVT)     0.02     0.04     4.40 f
  core16_6/core4_1/mult_x_6/n2341 (net)         1                   0.00       4.40 f
  core16_6/core4_1/mult_x_6/U1076/Z (XOR4D1BWP40P140LVT)     0.02     0.06     4.46 f
  core16_6/core4_1/mult_x_6/n2345 (net)         1                   0.00       4.46 f
  core16_6/core4_1/mult_x_6/U1075/Z (XOR4D1BWP40P140LVT)     0.01     0.08     4.53 r
  core16_6/core4_1/mult_x_6/n2348 (net)         1                   0.00       4.53 r
  core16_6/core4_1/mult_x_6/U1057/Z (XOR3UD0BWP40P140)     0.04     0.05       4.58 r
  core16_6/core4_1/mult_x_6/n2362 (net)         2                   0.00       4.58 r
  core16_6/core4_1/mult_x_6/U1159/ZN (OAI21D0BWP40P140HVT)     0.04     0.05     4.63 f
  core16_6/core4_1/mult_x_6/n2359 (net)         1                   0.00       4.63 f
  core16_6/core4_1/mult_x_6/U1114/ZN (OAI31D0BWP40P140LVT)     0.05     0.03     4.67 r
  core16_6/core4_1/mult_x_6/n2370 (net)         1                   0.00       4.67 r
  core16_6/core4_1/mult_x_6/U1062/Z (XOR2UD0BWP40P140)     0.06     0.04       4.71 r
  core16_6/core4_1/mult_x_6/n2382 (net)         2                   0.00       4.71 r
  core16_6/core4_1/mult_x_6/U1168/ZN (OAI21D0BWP40P140HVT)     0.04     0.06     4.76 f
  core16_6/core4_1/mult_x_6/n2379 (net)         1                   0.00       4.76 f
  core16_6/core4_1/mult_x_6/U1074/ZN (OAI31D0BWP40P140LVT)     0.05     0.03     4.80 r
  core16_6/core4_1/mult_x_6/n2390 (net)         1                   0.00       4.80 r
  core16_6/core4_1/mult_x_6/U1061/Z (XOR2UD0BWP40P140)     0.06     0.04       4.84 r
  core16_6/core4_1/mult_x_6/n2395 (net)         2                   0.00       4.84 r
  core16_6/core4_1/mult_x_6/U1073/ZN (ND2D0BWP40P140)     0.02      0.03       4.87 f
  core16_6/core4_1/mult_x_6/n2393 (net)         1                   0.00       4.87 f
  core16_6/core4_1/mult_x_6/U1233/ZN (OAI21D0BWP40P140HVT)     0.04     0.03     4.90 r
  core16_6/core4_1/mult_x_6/n2396 (net)         1                   0.00       4.90 r
  core16_6/core4_1/mult_x_6/U1232/ZN (XNR3UD0BWP40P140)     0.04     0.06      4.96 r
  core16_6/core4_1/mult_x_6/product[32] (net)     1                 0.00       4.96 r
  core16_6/core4_1/mult_x_6/product[32] (core4_5_DW_mult_tc_J31_0_0)     0.00     4.96 r
  core16_6/core4_1/n_w_5_T_1[32] (net)                              0.00       4.96 r
  core16_6/core4_1/s_w_5_reg_32_/D (DFQD1BWP40P140)       0.04      0.00       4.96 r
  data arrival time                                                            4.96

  clock clk (rise edge)                                             5.00       5.00
  clock network delay (ideal)                                       0.00       5.00
  core16_6/core4_1/s_w_5_reg_32_/CP (DFQD1BWP40P140)                0.00       5.00 r
  library setup time                                               -0.04       4.96
  data required time                                                           4.96
  ---------------------------------------------------------------------------------------------------------
  data required time                                                           4.96
  data arrival time                                                           -4.96
  ---------------------------------------------------------------------------------------------------------
  slack (MET)                                                                  0.00


1
