 
****************************************
Report : area
Design : core16_a28_b14_c28
Version: O-2018.06-SP5
Date   : Tue May 12 14:42:56 2026
****************************************

Library(s) Used:

    tcbn28hpcplusbwp40p140lvtssg0p81vm40c_ccs (File: /export1/Library/TN28HPC+/STD_CELL_ext/track9_200824/TSMCHOME/digital/Front_End/timing_power_noise/CCS/tcbn28hpcplusbwp40p140lvt_180a/tcbn28hpcplusbwp40p140lvtssg0p81vm40c_ccs.db)
    tcbn28hpcplusbwp40p140ssg0p81vm40c_ccs (File: /export1/Library/TN28HPC+/STD_CELL_ext/track9_200824/TSMCHOME/digital/Front_End/timing_power_noise/CCS/tcbn28hpcplusbwp40p140_180a/tcbn28hpcplusbwp40p140ssg0p81vm40c_ccs.db)
    tcbn28hpcplusbwp40p140hvtssg0p81vm40c_ccs (File: /export1/Library/TN28HPC+/STD_CELL_ext/track9_200824/TSMCHOME/digital/Front_End/timing_power_noise/CCS/tcbn28hpcplusbwp40p140hvt_180a/tcbn28hpcplusbwp40p140hvtssg0p81vm40c_ccs.db)

Number of ports:                        38864
Number of nets:                        122362
Number of cells:                        63597
Number of combinational cells:          59130
Number of sequential cells:              3821
Number of macros/black boxes:               0
Number of buf/inv:                       7456
Number of references:                      21

Combinational area:              73337.290855
Buf/Inv area:                     2016.756016
Noncombinational area:            7696.710122
Macro/Black Box area:                0.000000
Net Interconnect area:      undefined  (Wire load has zero net area)

Total cell area:                 81034.000976
Total area:                 undefined

Area of detected synthetic parts
--------------------------------
                                                   Perc. of
  Module               Implem.  Count        Area cell area
  -------------------- -------  ----- ----------- ---------
  DP_OP_106J8_122_6990     str      4   7890.0811      9.7%
  DP_OP_106J9_122_7394     str      3   5655.7379      7.0%
  DP_OP_421J3_122_8897     str      1   7496.7471      9.3%
  DP_OP_52J5_125_4593      str      4    384.0479      0.5%
  DP_OP_52J7_122_6653      str      4    996.9114      1.2%
  DP_OP_53J5_122_4467      str      2    265.3559      0.3%
  DP_OP_53J5_126_1321      str      4    502.9917      0.6%
  DP_OP_53J7_123_5333      str      4   1025.3873      1.3%
  DP_OP_53J9_123_375       str      3    610.2176      0.8%
  DP_OP_54J10_122_990      str      1     96.0120      0.1%
  DP_OP_54J11_122_4764     str      1    126.1259      0.2%
  DP_OP_54J12_122_9127     str      1    108.8640      0.1%
  DP_OP_54J13_122_6861     str      1    125.3699      0.2%
  DP_OP_54J5_123_1582      str      2    395.6398      0.5%
  DP_OP_54J5_127_2501      str      4    531.4677      0.7%
  DP_OP_54J6_122_6534      str      1    196.8119      0.2%
  DP_OP_54J6_125_9182      str      1     96.0120      0.1%
  DP_OP_54J7_124_6891      str      4    743.9036      0.9%
  DP_OP_54J8_126_2984      str      1    185.9759      0.2%
  DP_OP_54J9_124_5567      str      3    878.0934      1.1%
  DP_OP_54J9_126_1209      str      1    185.9759      0.2%
  DP_OP_55J10_123_6795     str      1    128.3939      0.2%
  DP_OP_55J11_123_4337     str      1    170.6039      0.2%
  DP_OP_55J12_123_5372     str      1    145.2779      0.2%
  DP_OP_55J13_123_7444     str      1    173.2499      0.2%
  DP_OP_55J5_124_5235      str      2    368.9278      0.5%
  DP_OP_55J6_123_706       str      1    267.6238      0.3%
  DP_OP_55J6_126_1285      str      1    128.3939      0.2%
  DP_OP_55J8_123_375       str      1    202.4819      0.2%
  DP_OP_55J8_127_1759      str      1    250.7398      0.3%
  DP_OP_55J9_125_9053      str      3    842.3094      1.0%
  DP_OP_55J9_127_8322      str      1    250.7398      0.3%
  DP_OP_56J10_124_568      str      1    134.4419      0.2%
  DP_OP_56J11_124_3581     str      1    176.0219      0.2%
  DP_OP_56J12_124_271      str      1    151.1999      0.2%
  DP_OP_56J13_124_3026     str      1    172.2419      0.2%
  DP_OP_56J6_124_7308      str      1    272.7898      0.3%
  DP_OP_56J6_127_8200      str      1    134.3159      0.2%
  DP_OP_56J8_124_1407      str      1    291.1858      0.4%
  DP_OP_56J8_128_6780      str      1    256.6618      0.3%
  DP_OP_56J9_128_9131      str      1    256.6618      0.3%
  DP_OP_57J8_125_8619      str      1    280.4758      0.3%
  DW_mult_tc           apparch     33  27662.0518     34.1%
  DW_mult_uns          apparch     16  11674.1985     14.4%
  -------------------- -------  ----- ----------- ---------
  DP_OP Subtotal:                  74  33552.4688     41.4%
  Total:                          123  72888.7192     89.9%

Subtotal of datapath(DP_OP) cell area:  33552.4688  41.4%  
Total synthetic cell area:              72888.7192  89.9%  

1
