 
****************************************
Report : area
Design : core16_a36_b16_c36
Version: O-2018.06-SP5
Date   : Tue May 12 18:15:23 2026
****************************************

Library(s) Used:

    tcbn28hpcplusbwp40p140lvtssg0p81vm40c_ccs (File: /export1/Library/TN28HPC+/STD_CELL_ext/track9_200824/TSMCHOME/digital/Front_End/timing_power_noise/CCS/tcbn28hpcplusbwp40p140lvt_180a/tcbn28hpcplusbwp40p140lvtssg0p81vm40c_ccs.db)
    tcbn28hpcplusbwp40p140ssg0p81vm40c_ccs (File: /export1/Library/TN28HPC+/STD_CELL_ext/track9_200824/TSMCHOME/digital/Front_End/timing_power_noise/CCS/tcbn28hpcplusbwp40p140_180a/tcbn28hpcplusbwp40p140ssg0p81vm40c_ccs.db)
    tcbn28hpcplusbwp40p140hvtssg0p81vm40c_ccs (File: /export1/Library/TN28HPC+/STD_CELL_ext/track9_200824/TSMCHOME/digital/Front_End/timing_power_noise/CCS/tcbn28hpcplusbwp40p140hvt_180a/tcbn28hpcplusbwp40p140hvtssg0p81vm40c_ccs.db)

Number of ports:                        47236
Number of nets:                        162577
Number of cells:                        86451
Number of combinational cells:          81012
Number of sequential cells:              4789
Number of macros/black boxes:               0
Number of buf/inv:                       9190
Number of references:                      21

Combinational area:             102008.464395
Buf/Inv area:                     2490.012020
Noncombinational area:            9647.568153
Macro/Black Box area:                0.000000
Net Interconnect area:      undefined  (Wire load has zero net area)

Total cell area:                111656.032547
Total area:                 undefined

Hierarchical area distribution
------------------------------

                                  Global cell area             Local cell area
                                  --------------------  ------------------------------ 
Hierarchical cell                 Absolute     Percent  Combi-       Noncombi-  Black-
                                  Total        Total    national     national   boxes   Design
--------------------------------  -----------  -------  -----------  ---------  ------  -------------------------------------------------
core16_a36_b16_c36                111656.0325    100.0       2.0160  2179.2960  0.0000  core16_a36_b16_c36
core4_0                            12255.6418     11.0       1.0080   587.7900  0.0000  core4_6
core4_0/evalA                        913.6260      0.8      27.7200     0.0000  0.0000  Eval_8_6
core4_0/evalA/DP_OP_54J14_128_8677    237.3840     0.2     237.3840     0.0000  0.0000  Eval_8_6_DP_OP_54J14_128_8677_J14_0
core4_0/evalA/DP_OP_55J14_129_6253    321.3000     0.3     321.3000     0.0000  0.0000  Eval_8_6_DP_OP_55J14_129_6253_J14_0
core4_0/evalA/DP_OP_56J14_130_5010    327.2220     0.3     327.2220     0.0000  0.0000  Eval_8_6_DP_OP_56J14_130_5010_J14_0
core4_0/evalB                        420.5880      0.4      13.4820     0.0000  0.0000  Eval_9_6
core4_0/evalB/DP_OP_54J11_128_6671    109.1160     0.1     109.1160     0.0000  0.0000  Eval_9_6_DP_OP_54J11_128_6671_J11_0
core4_0/evalB/DP_OP_55J11_129_6987    146.0340     0.1     146.0340     0.0000  0.0000  Eval_9_6_DP_OP_55J11_129_6987_J11_0
core4_0/evalB/DP_OP_56J11_130_8611    151.9560     0.1     151.9560     0.0000  0.0000  Eval_9_6_DP_OP_56J11_130_8611_J11_0
core4_0/interp                      3075.7860      2.8       0.7560   308.4480  0.0000  Interpolation_6
core4_0/interp/interp               2766.5820      2.5       0.2520     0.0000  0.0000  InterpolationComb_6
core4_0/interp/interp/DP_OP_106J15_122_5029   2766.3300     2.5   2766.3300    0.0000 0.0000 InterpolationComb_0_DP_OP_106J15_122_5029_J15_0_2
core4_0/mult_x_1                     876.3300      0.8     876.3300     0.0000  0.0000  core4_6_DW_mult_uns_J10_3
core4_0/mult_x_2                    1073.3940      1.0    1073.3940     0.0000  0.0000  core4_6_DW_mult_uns_J10_2
core4_0/mult_x_3                    1014.3000      0.9    1014.3000     0.0000  0.0000  core4_6_DW_mult_tc_J10_2
core4_0/mult_x_4                    1110.6900      1.0    1110.6900     0.0000  0.0000  core4_6_DW_mult_tc_J10_1
core4_0/mult_x_5                    1127.9520      1.0    1127.9520     0.0000  0.0000  core4_6_DW_mult_uns_J10_1
core4_0/mult_x_6                    1177.8480      1.1    1177.8480     0.0000  0.0000  core4_6_DW_mult_tc_J10_0
core4_0/mult_x_7                     876.3300      0.8     876.3300     0.0000  0.0000  core4_6_DW_mult_uns_J10_0
core4_1                            13529.1238     12.1       1.0080   587.7900  0.0000  core4_5
core4_1/evalA                        995.9040      0.9      31.6260     0.0000  0.0000  Eval_8_5
core4_1/evalA/DP_OP_53J14_122_4700    254.8980     0.2     254.8980     0.0000  0.0000  Eval_8_1_DP_OP_53J14_122_4700_J14_0_2
core4_1/evalA/DP_OP_54J14_123_9540    359.2260     0.3     359.2260     0.0000  0.0000  Eval_8_1_DP_OP_54J14_123_9540_J14_0_2
core4_1/evalA/DP_OP_55J14_124_2689    350.1540     0.3     350.1540     0.0000  0.0000  Eval_8_1_DP_OP_55J14_124_2689_J14_0_2
core4_1/evalB                        537.2640      0.5      16.8840     0.0000  0.0000  Eval_9_5
core4_1/evalB/DP_OP_54J11_125_7041    139.2300     0.1     139.2300     0.0000  0.0000  Eval_9_5_DP_OP_54J11_125_7041_J11_0
core4_1/evalB/DP_OP_55J11_126_4988    191.0160     0.2     191.0160     0.0000  0.0000  Eval_9_5_DP_OP_55J11_126_4988_J11_0
core4_1/evalB/DP_OP_56J11_127_2989    190.1340     0.2     190.1340     0.0000  0.0000  Eval_9_5_DP_OP_56J11_127_2989_J11_0
core4_1/interp                      3075.7860      2.8       0.7560   308.4480  0.0000  Interpolation_5
core4_1/interp/interp               2766.5820      2.5       0.2520     0.0000  0.0000  InterpolationComb_5
core4_1/interp/interp/DP_OP_106J15_122_5029   2766.3300     2.5   2766.3300    0.0000 0.0000 InterpolationComb_0_DP_OP_106J15_122_5029_J15_0_1
core4_1/mult_x_1                    1073.2680      1.0    1073.2680     0.0000  0.0000  core4_5_DW_mult_uns_J6_1
core4_1/mult_x_2                    1218.2940      1.1    1218.2940     0.0000  0.0000  core4_5_DW_mult_tc_J6_4
core4_1/mult_x_3                    1222.8300      1.1    1222.8300     0.0000  0.0000  core4_5_DW_mult_tc_J6_3
core4_1/mult_x_4                    1232.0280      1.1    1232.0280     0.0000  0.0000  core4_5_DW_mult_tc_J6_2
core4_1/mult_x_5                    1255.8420      1.1    1255.8420     0.0000  0.0000  core4_5_DW_mult_tc_J6_1
core4_1/mult_x_6                    1255.9680      1.1    1255.9680     0.0000  0.0000  core4_5_DW_mult_tc_J6_0
core4_1/mult_x_7                    1073.1420      1.0    1073.1420     0.0000  0.0000  core4_5_DW_mult_uns_J6_0
core4_2                            12879.2158     11.5       1.0080   587.2860  0.0000  core4_4
core4_2/evalA                        958.9860      0.9      29.2320     0.0000  0.0000  Eval_8_4
core4_2/evalA/DP_OP_54J11_122_6548    248.2200     0.2     248.2200     0.0000  0.0000  Eval_8_4_DP_OP_54J11_122_6548_J11_0
core4_2/evalA/DP_OP_55J11_123_3996    338.1840     0.3     338.1840     0.0000  0.0000  Eval_8_4_DP_OP_55J11_123_3996_J11_0
core4_2/evalA/DP_OP_56J11_124_1718    343.3500     0.3     343.3500     0.0000  0.0000  Eval_8_4_DP_OP_56J11_124_1718_J11_0
core4_2/evalB                        468.0900      0.4      14.4900     0.0000  0.0000  Eval_9_4
core4_2/evalB/DP_OP_54J14_131_4542    121.7160     0.1     121.7160     0.0000  0.0000  Eval_9_4_DP_OP_54J14_131_4542_J14_0
core4_2/evalB/DP_OP_55J14_132_1863    162.9180     0.1     162.9180     0.0000  0.0000  Eval_9_4_DP_OP_55J14_132_1863_J14_0
core4_2/evalB/DP_OP_56J14_133_2317    168.9660     0.2     168.9660     0.0000  0.0000  Eval_9_4_DP_OP_56J14_133_2317_J14_0
core4_2/interp                      3178.9800      2.8       0.7560   316.5120  0.0000  Interpolation_4
core4_2/interp/interp               2861.7120      2.6       0.2520     0.0000  0.0000  InterpolationComb_4
core4_2/interp/interp/DP_OP_106J12_122_8869   2861.4600     2.6   2861.4600    0.0000 0.0000 InterpolationComb_1_DP_OP_106J12_122_8869_J12_0_3
core4_2/mult_x_1                     989.3520      0.9     989.3520     0.0000  0.0000  core4_4_DW_mult_uns_J8_3
core4_2/mult_x_2                    1183.0140      1.1    1183.0140     0.0000  0.0000  core4_4_DW_mult_uns_J8_2
core4_2/mult_x_3                    1056.5100      0.9    1056.5100     0.0000  0.0000  core4_4_DW_mult_tc_J8_2
core4_2/mult_x_4                    1094.5620      1.0    1094.5620     0.0000  0.0000  core4_4_DW_mult_tc_J8_1
core4_2/mult_x_5                    1159.3260      1.0    1159.3260     0.0000  0.0000  core4_4_DW_mult_uns_J8_1
core4_2/mult_x_6                    1212.7500      1.1    1212.7500     0.0000  0.0000  core4_4_DW_mult_tc_J8_0
core4_2/mult_x_7                     989.3520      0.9     989.3520     0.0000  0.0000  core4_4_DW_mult_uns_J8_0
core4_3                            13746.2218     12.3       0.7560   587.9160  0.0000  core4_3
core4_3/evalA                       1004.2200      0.9      32.2560     0.0000  0.0000  Eval_8_3
core4_3/evalA/DP_OP_53J14_122_4700    254.7720     0.2     254.7720     0.0000  0.0000  Eval_8_1_DP_OP_53J14_122_4700_J14_0_1
core4_3/evalA/DP_OP_54J14_123_9540    365.2740     0.3     365.2740     0.0000  0.0000  Eval_8_1_DP_OP_54J14_123_9540_J14_0_1
core4_3/evalA/DP_OP_55J14_124_2689    351.9180     0.3     351.9180     0.0000  0.0000  Eval_8_1_DP_OP_55J14_124_2689_J14_0_1
core4_3/evalB                        573.9300      0.5      19.6560     0.0000  0.0000  Eval_9_3
core4_3/evalB/DP_OP_53J12_123_7336    132.6780     0.1     132.6780     0.0000  0.0000  Eval_9_3_DP_OP_53J12_123_7336_0
core4_3/evalB/DP_OP_54J12_124_2306    217.7280     0.2     217.7280     0.0000  0.0000  Eval_9_1_DP_OP_54J12_124_2306_J12_0_1
core4_3/evalB/DP_OP_55J12_125_7382    203.8680     0.2     203.8680     0.0000  0.0000  Eval_9_1_DP_OP_55J12_125_7382_J12_0_1
core4_3/interp                      3178.9800      2.8       0.7560   316.5120  0.0000  Interpolation_3
core4_3/interp/interp               2861.7120      2.6       0.2520     0.0000  0.0000  InterpolationComb_3
core4_3/interp/interp/DP_OP_106J12_122_8869   2861.4600     2.6   2861.4600    0.0000 0.0000 InterpolationComb_1_DP_OP_106J12_122_8869_J12_0_2
core4_3/mult_x_1                    1080.5760      1.0    1080.5760     0.0000  0.0000  core4_1_DW_mult_tc_J5_6_1
core4_3/mult_x_2                    1218.2940      1.1    1218.2940     0.0000  0.0000  core4_1_DW_mult_tc_J5_5_1
core4_3/mult_x_3                    1256.2200      1.1    1256.2200     0.0000  0.0000  core4_1_DW_mult_tc_J5_4_1
core4_3/mult_x_4                    1256.2200      1.1    1256.2200     0.0000  0.0000  core4_1_DW_mult_tc_J5_3_1
core4_3/mult_x_5                    1255.8420      1.1    1255.8420     0.0000  0.0000  core4_1_DW_mult_tc_J5_2_1
core4_3/mult_x_6                    1256.0940      1.1    1256.0940     0.0000  0.0000  core4_1_DW_mult_tc_J5_1_1
core4_3/mult_x_7                    1077.1740      1.0    1077.1740     0.0000  0.0000  core4_1_DW_mult_tc_J5_0_1
core4_4                            13600.0618     12.2       1.3860   587.4120  0.0000  core4_2
core4_4/evalA                        998.2980      0.9      31.6260     0.0000  0.0000  Eval_8_2
core4_4/evalA/DP_OP_55J14_125_1150    253.8900     0.2     253.8900     0.0000  0.0000  Eval_8_2_DP_OP_55J14_125_1150_J14_0
core4_4/evalA/DP_OP_56J14_126_9613    361.7460     0.3     361.7460     0.0000  0.0000  Eval_8_2_DP_OP_56J14_126_9613_J14_0
core4_4/evalA/DP_OP_57J14_127_6858    351.0360     0.3     351.0360     0.0000  0.0000  Eval_8_2_DP_OP_57J14_127_6858_J14_0
core4_4/evalB                        538.2720      0.5      17.3880     0.0000  0.0000  Eval_9_2
core4_4/evalB/DP_OP_54J13_125_3674    138.9780     0.1     138.9780     0.0000  0.0000  Eval_9_2_DP_OP_54J13_125_3674_J13_0
core4_4/evalB/DP_OP_55J13_126_6114    188.4960     0.2     188.4960     0.0000  0.0000  Eval_9_2_DP_OP_55J13_126_6114_J13_0
core4_4/evalB/DP_OP_56J13_127_3823    193.4100     0.2     193.4100     0.0000  0.0000  Eval_9_2_DP_OP_56J13_127_3823_J13_0
core4_4/interp                      3178.9800      2.8       0.7560   316.5120  0.0000  Interpolation_2
core4_4/interp/interp               2861.7120      2.6       0.2520     0.0000  0.0000  InterpolationComb_2
core4_4/interp/interp/DP_OP_106J12_122_8869   2861.4600     2.6   2861.4600    0.0000 0.0000 InterpolationComb_1_DP_OP_106J12_122_8869_J12_0_1
core4_4/mult_x_1                    1095.0660      1.0    1095.0660     0.0000  0.0000  core4_2_DW_mult_uns_J7_1
core4_4/mult_x_2                    1218.7980      1.1    1218.7980     0.0000  0.0000  core4_2_DW_mult_tc_J7_4
core4_4/mult_x_3                    1160.8380      1.0    1160.8380     0.0000  0.0000  core4_2_DW_mult_tc_J7_3
core4_4/mult_x_4                    1213.8840      1.1    1213.8840     0.0000  0.0000  core4_2_DW_mult_tc_J7_2
core4_4/mult_x_5                    1255.8420      1.1    1255.8420     0.0000  0.0000  core4_2_DW_mult_tc_J7_1
core4_4/mult_x_6                    1256.2200      1.1    1256.2200     0.0000  0.0000  core4_2_DW_mult_tc_J7_0
core4_4/mult_x_7                    1095.0660      1.0    1095.0660     0.0000  0.0000  core4_2_DW_mult_uns_J7_0
core4_5                            13749.3718     12.3       0.7560   587.9160  0.0000  core4_1
core4_5/evalA                       1004.2200      0.9      32.2560     0.0000  0.0000  Eval_8_1
core4_5/evalA/DP_OP_53J14_122_4700    254.7720     0.2     254.7720     0.0000  0.0000  Eval_8_1_DP_OP_53J14_122_4700_J14_0_0
core4_5/evalA/DP_OP_54J14_123_9540    365.2740     0.3     365.2740     0.0000  0.0000  Eval_8_1_DP_OP_54J14_123_9540_J14_0_0
core4_5/evalA/DP_OP_55J14_124_2689    351.9180     0.3     351.9180     0.0000  0.0000  Eval_8_1_DP_OP_55J14_124_2689_J14_0_0
core4_5/evalB                        585.0180      0.5      20.6640     0.0000  0.0000  Eval_9_1
core4_5/evalB/DP_OP_53J12_123_7336    145.5300     0.1     145.5300     0.0000  0.0000  Eval_9_1_DP_OP_53J12_123_7336_J12_0_0
core4_5/evalB/DP_OP_54J12_124_2306    215.5860     0.2     215.5860     0.0000  0.0000  Eval_9_1_DP_OP_54J12_124_2306_J12_0_0
core4_5/evalB/DP_OP_55J12_125_7382    203.2380     0.2     203.2380     0.0000  0.0000  Eval_9_1_DP_OP_55J12_125_7382_J12_0_0
core4_5/interp                      3178.9800      2.8       0.7560   316.5120  0.0000  Interpolation_1
core4_5/interp/interp               2861.7120      2.6       0.2520     0.0000  0.0000  InterpolationComb_1
core4_5/interp/interp/DP_OP_106J12_122_8869   2861.4600     2.6   2861.4600    0.0000 0.0000 InterpolationComb_1_DP_OP_106J12_122_8869_J12_0_0
core4_5/mult_x_1                    1074.6540      1.0    1074.6540     0.0000  0.0000  core4_1_DW_mult_tc_J5_6_0
core4_5/mult_x_2                    1218.0420      1.1    1218.0420     0.0000  0.0000  core4_1_DW_mult_tc_J5_5_0
core4_5/mult_x_3                    1255.9680      1.1    1255.9680     0.0000  0.0000  core4_1_DW_mult_tc_J5_4_0
core4_5/mult_x_4                    1256.7240      1.1    1256.7240     0.0000  0.0000  core4_1_DW_mult_tc_J5_3_0
core4_5/mult_x_5                    1256.3460      1.1    1256.3460     0.0000  0.0000  core4_1_DW_mult_tc_J5_2_0
core4_5/mult_x_6                    1256.0940      1.1    1256.0940     0.0000  0.0000  core4_1_DW_mult_tc_J5_1_0
core4_5/mult_x_7                    1074.6540      1.0    1074.6540     0.0000  0.0000  core4_1_DW_mult_tc_J5_0_0
core4_6                            12258.2878     11.0       1.0080   587.5380  0.0000  core4_0
core4_6/evalA                        913.6260      0.8      27.7200     0.0000  0.0000  Eval_8_0
core4_6/evalA/DP_OP_54J13_122_485    237.3840      0.2     237.3840     0.0000  0.0000  Eval_8_0_DP_OP_54J13_122_485_J13_0
core4_6/evalA/DP_OP_55J13_123_3918    321.3000     0.3     321.3000     0.0000  0.0000  Eval_8_0_DP_OP_55J13_123_3918_J13_0
core4_6/evalA/DP_OP_56J13_124_7345    327.2220     0.3     327.2220     0.0000  0.0000  Eval_8_0_DP_OP_56J13_124_7345_J13_0
core4_6/evalB                        420.4620      0.4      13.6080     0.0000  0.0000  Eval_9_0
core4_6/evalB/DP_OP_54J12_126_8446    108.8640     0.1     108.8640     0.0000  0.0000  Eval_9_0_DP_OP_54J12_126_8446_J12_0
core4_6/evalB/DP_OP_55J12_127_4652    146.0340     0.1     146.0340     0.0000  0.0000  Eval_9_0_DP_OP_55J12_127_4652_J12_0
core4_6/evalB/DP_OP_56J12_128_979    151.9560      0.1     151.9560     0.0000  0.0000  Eval_9_0_DP_OP_56J12_128_979_J12_0
core4_6/interp                      3075.7860      2.8       0.7560   308.4480  0.0000  Interpolation_0
core4_6/interp/interp               2766.5820      2.5       0.2520     0.0000  0.0000  InterpolationComb_0
core4_6/interp/interp/DP_OP_106J15_122_5029   2766.3300     2.5   2766.3300    0.0000 0.0000 InterpolationComb_0_DP_OP_106J15_122_5029_J15_0_0
core4_6/mult_x_1                     876.3300      0.8     876.3300     0.0000  0.0000  core4_0_DW_mult_uns_J9_3
core4_6/mult_x_2                    1073.1420      1.0    1073.1420     0.0000  0.0000  core4_0_DW_mult_uns_J9_2
core4_6/mult_x_3                    1013.7960      0.9    1013.7960     0.0000  0.0000  core4_0_DW_mult_tc_J9_2
core4_6/mult_x_4                    1108.0440      1.0    1108.0440     0.0000  0.0000  core4_0_DW_mult_tc_J9_1
core4_6/mult_x_5                    1127.9520      1.0    1127.9520     0.0000  0.0000  core4_0_DW_mult_uns_J9_1
core4_6/mult_x_6                    1184.2740      1.1    1184.2740     0.0000  0.0000  core4_0_DW_mult_tc_J9_0
core4_6/mult_x_7                     876.3300      0.8     876.3300     0.0000  0.0000  core4_0_DW_mult_uns_J9_0
evalA                                913.6260      0.8      29.6100     0.0000  0.0000  Eval_4
evalA/DP_OP_52J15_123_8845           319.7880      0.3     319.7880     0.0000  0.0000  Eval_0_DP_OP_52J15_123_8845_J15_0_3
evalA/DP_OP_53J15_124_1745           326.8440      0.3     326.8440     0.0000  0.0000  Eval_0_DP_OP_53J15_124_1745_J15_0_3
evalA/DP_OP_54J15_125_3730           237.3840      0.2     237.3840     0.0000  0.0000  Eval_0_DP_OP_54J15_125_3730_J15_0_3
evalA_1                              913.5000      0.8      29.3580     0.0000  0.0000  Eval_3
evalA_1/DP_OP_52J15_123_8845         319.7880      0.3     319.7880     0.0000  0.0000  Eval_0_DP_OP_52J15_123_8845_J15_0_2
evalA_1/DP_OP_53J15_124_1745         326.9700      0.3     326.9700     0.0000  0.0000  Eval_0_DP_OP_53J15_124_1745_J15_0_2
evalA_1/DP_OP_54J15_125_3730         237.3840      0.2     237.3840     0.0000  0.0000  Eval_0_DP_OP_54J15_125_3730_J15_0_2
evalA_2                              913.5000      0.8      29.3580     0.0000  0.0000  Eval_2
evalA_2/DP_OP_52J15_123_8845         319.7880      0.3     319.7880     0.0000  0.0000  Eval_0_DP_OP_52J15_123_8845_J15_0_1
evalA_2/DP_OP_53J15_124_1745         326.9700      0.3     326.9700     0.0000  0.0000  Eval_0_DP_OP_53J15_124_1745_J15_0_1
evalA_2/DP_OP_54J15_125_3730         237.3840      0.2     237.3840     0.0000  0.0000  Eval_0_DP_OP_54J15_125_3730_J15_0_1
evalA_3                              913.6260      0.8      29.6100     0.0000  0.0000  Eval_0
evalA_3/DP_OP_52J15_123_8845         319.7880      0.3     319.7880     0.0000  0.0000  Eval_0_DP_OP_52J15_123_8845_J15_0_0
evalA_3/DP_OP_53J15_124_1745         326.8440      0.3     326.8440     0.0000  0.0000  Eval_0_DP_OP_53J15_124_1745_J15_0_0
evalA_3/DP_OP_54J15_125_3730         237.3840      0.2     237.3840     0.0000  0.0000  Eval_0_DP_OP_54J15_125_3730_J15_0_0
evalB                                422.3520      0.4      18.7740     0.0000  0.0000  Eval_1_3
evalB/DP_OP_52J13_128_2082           108.8640      0.1     108.8640     0.0000  0.0000  Eval_1_0_DP_OP_52J13_128_2082_J13_0_3
evalB/DP_OP_53J13_129_7779           143.3880      0.1     143.3880     0.0000  0.0000  Eval_1_0_DP_OP_53J13_129_7779_J13_0_3
evalB/DP_OP_54J13_130_2477           151.3260      0.1     151.3260     0.0000  0.0000  Eval_1_0_DP_OP_54J13_130_2477_J13_0_3
evalB_1                              421.4700      0.4      16.5060     0.0000  0.0000  Eval_1_2
evalB_1/DP_OP_52J13_128_2082         108.8640      0.1     108.8640     0.0000  0.0000  Eval_1_0_DP_OP_52J13_128_2082_J13_0_2
evalB_1/DP_OP_53J13_129_7779         143.7660      0.1     143.7660     0.0000  0.0000  Eval_1_0_DP_OP_53J13_129_7779_J13_0_2
evalB_1/DP_OP_54J13_130_2477         152.3340      0.1     152.3340     0.0000  0.0000  Eval_1_0_DP_OP_54J13_130_2477_J13_0_2
evalB_2                              487.8720      0.4      15.8760     0.0000  0.0000  Eval_1_1
evalB_2/DP_OP_52J13_128_2082         109.7460      0.1     109.7460     0.0000  0.0000  Eval_1_0_DP_OP_52J13_128_2082_J13_0_1
evalB_2/DP_OP_53J13_129_7779         211.6800      0.2     211.6800     0.0000  0.0000  Eval_1_1_DP_OP_53J13_129_7779_0
evalB_2/DP_OP_54J13_130_2477         150.5700      0.1     150.5700     0.0000  0.0000  Eval_1_0_DP_OP_54J13_130_2477_J13_0_1
evalB_3                              426.1320      0.4      19.6560     0.0000  0.0000  Eval_1_0
evalB_3/DP_OP_52J13_128_2082         108.8640      0.1     108.8640     0.0000  0.0000  Eval_1_0_DP_OP_52J13_128_2082_J13_0_0
evalB_3/DP_OP_53J13_129_7779         145.0260      0.1     145.0260     0.0000  0.0000  Eval_1_0_DP_OP_53J13_129_7779_J13_0_0
evalB_3/DP_OP_54J13_130_2477         152.5860      0.1     152.5860     0.0000  0.0000  Eval_1_0_DP_OP_54J13_130_2477_J13_0_0
interp                             12044.7178     10.8       0.7560  1163.2320  0.0000  Interpolation_7
interp/interp                      10880.7298      9.7       0.2520     0.0000  0.0000  InterpolationComb_7
interp/interp/DP_OP_421J3_122_7810  10880.4778     9.7   10880.4778     0.0000  0.0000  InterpolationComb_7_DP_OP_421J3_122_7810_J3_0
--------------------------------  -----------  -------  -----------  ---------  ------  -------------------------------------------------
Total                                                   102008.4644  9647.5682  0.0000

1
