 
****************************************
Report : area
Design : core64_a24_b14_c24
Version: O-2018.06-SP5
Date   : Tue May 12 21:23:59 2026
****************************************

Library(s) Used:

    tcbn28hpcplusbwp40p140lvtssg0p81vm40c_ccs (File: /export1/Library/TN28HPC+/STD_CELL_ext/track9_200824/TSMCHOME/digital/Front_End/timing_power_noise/CCS/tcbn28hpcplusbwp40p140lvt_180a/tcbn28hpcplusbwp40p140lvtssg0p81vm40c_ccs.db)
    tcbn28hpcplusbwp40p140ssg0p81vm40c_ccs (File: /export1/Library/TN28HPC+/STD_CELL_ext/track9_200824/TSMCHOME/digital/Front_End/timing_power_noise/CCS/tcbn28hpcplusbwp40p140_180a/tcbn28hpcplusbwp40p140ssg0p81vm40c_ccs.db)
    tcbn28hpcplusbwp40p140hvtssg0p81vm40c_ccs (File: /export1/Library/TN28HPC+/STD_CELL_ext/track9_200824/TSMCHOME/digital/Front_End/timing_power_noise/CCS/tcbn28hpcplusbwp40p140hvt_180a/tcbn28hpcplusbwp40p140hvtssg0p81vm40c_ccs.db)

Number of ports:                       325454
Number of nets:                        975591
Number of cells:                       499617
Number of combinational cells:         461771
Number of sequential cells:             30366
Number of macros/black boxes:               0
Number of buf/inv:                      62206
Number of references:                      45

Combinational area:             568490.319249
Buf/Inv area:                    16803.612138
Noncombinational area:           61207.272981
Macro/Black Box area:                0.000000
Net Interconnect area:      undefined  (Wire load has zero net area)

Total cell area:                629697.592230
Total area:                 undefined

Area of detected synthetic parts
--------------------------------
                                                     Perc. of
  Module                Implem.  Count         Area cell area
  --------------------- -------  ----- ------------ ---------
  DP_OP_106J26_122_5351     str     28   53353.7073      8.5%
  DP_OP_106J27_122_4702     str     21   38209.7301      6.1%
  DP_OP_1681J3_122_2968     str      1   25499.4297      4.0%
  DP_OP_421J11_122_5430     str      4   28837.3096      4.6%
  DP_OP_421J12_122_2675     str      3   20366.8955      3.2%
  DP_OP_52J14_125_6887      str     16    2564.3508      0.4%
  DP_OP_52J25_125_4593      str     16    1566.5577      0.2%
  DP_OP_53J14_126_2684      str     16    3423.1659      0.5%
  DP_OP_53J24_122_9164      str     37    5738.6677      0.9%
  DP_OP_53J25_126_1321      str     16    2064.7612      0.3%
  DP_OP_53J27_123_8507      str     41    8006.9172      1.3%
  DP_OP_54J14_122_4589      str      4     692.4957      0.1%
  DP_OP_54J14_127_8373      str     16    3537.0699      0.6%
  DP_OP_54J15_122_8893      str      4     761.5436      0.1%
  DP_OP_54J15_125_3067      str      1      96.0120      0.0%
  DP_OP_54J16_122_872       str      4     761.5436      0.1%
  DP_OP_54J16_125_2521      str      1      96.0120      0.0%
  DP_OP_54J17_122_624       str      2     346.2478      0.1%
  DP_OP_54J17_125_7163      str      1      96.0120      0.0%
  DP_OP_54J18_122_9023      str      1     140.9939      0.0%
  DP_OP_54J18_125_8890      str      4     516.3478      0.1%
  DP_OP_54J20_122_1014      str      1     146.5380      0.0%
  DP_OP_54J20_125_3335      str      2     217.7279      0.0%
  DP_OP_54J21_122_59        str      1     154.8539      0.0%
  DP_OP_54J21_125_7300      str      4     437.9759      0.1%
  DP_OP_54J22_122_1996      str      2     308.9519      0.0%
  DP_OP_54J22_125_8022      str      4     384.0479      0.1%
  DP_OP_54J23_125_8523      str      4     385.5599      0.1%
  DP_OP_54J24_123_1920      str     37    8339.1791      1.3%
  DP_OP_54J24_125_4842      str      1      96.0120      0.0%
  DP_OP_54J25_122_2387      str      4     641.0876      0.1%
  DP_OP_54J25_127_2501      str     16    2166.3174      0.3%
  DP_OP_54J26_126_5391      str      4     759.5276      0.1%
  DP_OP_54J26_129_883       str      4     527.4358      0.1%
  DP_OP_54J27_124_3738      str     41   11565.9105      1.8%
  DP_OP_54J27_126_7038      str      4     759.5276      0.1%
  DP_OP_54J27_129_6062      str      4     512.5677      0.1%
  DP_OP_54J28_122_594       str      1     194.6699      0.0%
  DP_OP_54J28_125_1059      str      4     526.1758      0.1%
  DP_OP_54J29_122_8676      str      1     160.2719      0.0%
  DP_OP_54J30_122_9222      str      1     160.2719      0.0%
  DP_OP_54J31_122_1030      str      1     160.2719      0.0%
  DP_OP_54J32_122_3351      str      1     160.2719      0.0%
  DP_OP_54J33_122_4711      str      4     641.0877      0.1%
  DP_OP_55J14_123_1041      str      4     933.9114      0.1%
  DP_OP_55J15_123_92        str      4    1035.2153      0.2%
  DP_OP_55J15_126_1456      str      1     129.9059      0.0%
  DP_OP_55J16_123_7403      str      4    1035.2153      0.2%
  DP_OP_55J16_126_5264      str      1     132.5519      0.0%
  DP_OP_55J17_123_8269      str      2     466.9557      0.1%
  DP_OP_55J17_126_6546      str      1     133.6860      0.0%
  DP_OP_55J18_123_8917      str      1     188.9999      0.0%
  DP_OP_55J18_126_7119      str      4     692.2437      0.1%
  DP_OP_55J20_123_7030      str      1     192.2759      0.0%
  DP_OP_55J20_126_8732      str      2     294.2099      0.0%
  DP_OP_55J21_123_5296      str      1     214.3259      0.0%
  DP_OP_55J21_126_1408      str      4     592.8299      0.1%
  DP_OP_55J22_123_2434      str      2     433.5658      0.1%
  DP_OP_55J22_126_4344      str      4     519.6238      0.1%
  DP_OP_55J23_122_6661      str      1     157.7519      0.0%
  DP_OP_55J23_126_2557      str      4     529.5778      0.1%
  DP_OP_55J24_124_2354      str     37    7955.5096      1.3%
  DP_OP_55J24_126_6966      str      1     131.4179      0.0%
  DP_OP_55J25_123_8268      str      4     866.3754      0.1%
  DP_OP_55J26_123_7806      str      1     195.6779      0.0%
  DP_OP_55J26_127_1056      str      4    1045.2953      0.2%
  DP_OP_55J26_130_2461      str      4     705.4737      0.1%
  DP_OP_55J27_125_1305      str     41   11083.9610      1.8%
  DP_OP_55J27_127_8376      str      4    1045.2953      0.2%
  DP_OP_55J27_130_8970      str      4     689.7236      0.1%
  DP_OP_55J28_123_9137      str      1     275.6878      0.0%
  DP_OP_55J28_126_7099      str      4     698.5436      0.1%
  DP_OP_55J29_123_1116      str      1     216.5939      0.0%
  DP_OP_55J30_123_7275      str      1     216.5939      0.0%
  DP_OP_55J31_123_2818      str      1     216.5939      0.0%
  DP_OP_55J32_123_2430      str      1     216.5939      0.0%
  DP_OP_55J33_123_8408      str      4     866.3754      0.1%
  DP_OP_56J14_124_6512      str      4     957.8514      0.2%
  DP_OP_56J15_124_3580      str      4    1055.8793      0.2%
  DP_OP_56J15_127_5191      str      1     138.3480      0.0%
  DP_OP_56J16_124_913       str      4    1055.8793      0.2%
  DP_OP_56J16_127_4771      str      1     137.7180      0.0%
  DP_OP_56J17_124_614       str      2     478.7997      0.1%
  DP_OP_56J17_127_3489      str      1     137.0879      0.0%
  DP_OP_56J18_124_2315      str      1     194.9219      0.0%
  DP_OP_56J18_127_7864      str      4     720.8457      0.1%
  DP_OP_56J20_124_2242      str      1     191.8979      0.0%
  DP_OP_56J20_127_6811      str      2     307.5659      0.0%
  DP_OP_56J21_124_4803      str      1     216.0899      0.0%
  DP_OP_56J21_127_2646      str      4     611.4778      0.1%
  DP_OP_56J22_124_4531      str      2     433.8178      0.1%
  DP_OP_56J22_127_8079      str      4     543.3117      0.1%
  DP_OP_56J23_123_6786      str      1     224.4059      0.0%
  DP_OP_56J23_127_6292      str      4     546.0838      0.1%
  DP_OP_56J24_127_9648      str      1     135.8279      0.0%
  DP_OP_56J25_124_2036      str      4     890.0634      0.1%
  DP_OP_56J26_124_3700      str      1     276.3178      0.0%
  DP_OP_56J26_128_3738      str      4    1041.7673      0.2%
  DP_OP_56J26_131_6196      str      4     703.5837      0.1%
  DP_OP_56J27_128_6512      str      4    1041.7673      0.2%
  DP_OP_56J27_131_2491      str      4     712.7816      0.1%
  DP_OP_56J28_124_1306      str      1     270.2698      0.0%
  DP_OP_56J28_127_9781      str      4     698.9217      0.1%
  DP_OP_56J29_124_7890      str      1     222.5159      0.0%
  DP_OP_56J30_124_8278      str      1     222.5159      0.0%
  DP_OP_56J31_124_2768      str      1     222.5159      0.0%
  DP_OP_56J32_124_6576      str      1     222.5159      0.0%
  DP_OP_56J33_124_9411      str      4     890.0635      0.1%
  DP_OP_57J23_124_1504      str      1     218.2319      0.0%
  DP_OP_57J26_125_9859      str      1     269.2618      0.0%
  DW_mult_tc            apparch    274  235876.9379     37.5%
  DW_mult_uns           apparch     69   52491.3264      8.3%
  --------------------- -------  ----- ------------ ---------
  DP_OP Subtotal:                  615  276181.4734     43.9%
  Total:                           958  564549.7377     89.7%

Subtotal of datapath(DP_OP) cell area:  276181.4734  43.9%  
Total synthetic cell area:              564549.7377  89.7%  

1
