 
****************************************
Report : timing
        -path full
        -delay max
        -max_paths 3
Design : core16_a24_b8_c24
Version: O-2018.06-SP5
Date   : Tue May 12 13:43:10 2026
****************************************

 # A fanout number of 1000 was used for high fanout net computations.

Operating Conditions: ssg0p81vm40c   Library: tcbn28hpcplusbwp40p140hvtssg0p81vm40c_ccs
Wire Load Model Mode: segmented

  Startpoint: io_b_0[0] (input port clocked by clk)
  Endpoint: core4_3/s_w_3_reg_29_
            (rising edge-triggered flip-flop clocked by clk)
  Path Group: clk
  Path Type: max

  Des/Clust/Port     Wire Load Model       Library
  ------------------------------------------------
  core16_a24_b8_c24  ZeroWireload          tcbn28hpcplusbwp40p140hvtssg0p81vm40c_ccs
  Eval_1_0_DP_OP_52J9_125_102_J9_0_3
                     ZeroWireload          tcbn28hpcplusbwp40p140hvtssg0p81vm40c_ccs
  Eval_1_0_DP_OP_53J9_126_6763_J9_0_3
                     ZeroWireload          tcbn28hpcplusbwp40p140hvtssg0p81vm40c_ccs
  Eval_1_0_DP_OP_54J9_127_2528_J9_0_3
                     ZeroWireload          tcbn28hpcplusbwp40p140hvtssg0p81vm40c_ccs
  core4_1_DW_mult_tc_J6_0_1
                     ZeroWireload          tcbn28hpcplusbwp40p140hvtssg0p81vm40c_ccs
  Eval_9_1_DP_OP_53J8_123_7322_J8_0_1
                     ZeroWireload          tcbn28hpcplusbwp40p140hvtssg0p81vm40c_ccs
  Eval_9_1_DP_OP_54J8_124_7247_J8_0_1
                     ZeroWireload          tcbn28hpcplusbwp40p140hvtssg0p81vm40c_ccs
  Eval_9_1_DP_OP_55J8_125_912_J8_0_1
                     ZeroWireload          tcbn28hpcplusbwp40p140hvtssg0p81vm40c_ccs
  core4_1_DW_mult_tc_J6_3_1
                     ZeroWireload          tcbn28hpcplusbwp40p140hvtssg0p81vm40c_ccs

  Point                                                   Incr       Path
  --------------------------------------------------------------------------
  clock clk (rise edge)                                   0.00       0.00
  clock network delay (ideal)                             0.00       0.00
  input external delay                                    0.50       0.50 r
  io_b_0[0] (in)                                          0.00       0.50 r
  evalB/io_in_0[0] (Eval_1_3)                             0.00       0.50 r
  evalB/U15/ZN (CKND0BWP40P140)                           0.01       0.51 f
  evalB/U14/ZN (CKND0BWP40P140)                           0.04       0.55 r
  evalB/DP_OP_53J9_126_6763/I2[0] (Eval_1_0_DP_OP_53J9_126_6763_J9_0_3)
                                                          0.00       0.55 r
  evalB/DP_OP_53J9_126_6763/U51/CO (HA1D0BWP40P140)       0.06       0.61 r
  evalB/DP_OP_53J9_126_6763/U71/CO (FA1D0BWP40P140)       0.07       0.68 r
  evalB/DP_OP_53J9_126_6763/U81/CO (FA1D0BWP40P140)       0.07       0.75 r
  evalB/DP_OP_53J9_126_6763/U61/CO (FA1D0BWP40P140)       0.07       0.82 r
  evalB/DP_OP_53J9_126_6763/U56/CO (FA1D0BWP40P140)       0.07       0.90 r
  evalB/DP_OP_53J9_126_6763/U64/CO (FA1D0BWP40P140)       0.07       0.97 r
  evalB/DP_OP_53J9_126_6763/U53/CO (FA1D0BWP40P140)       0.07       1.05 r
  evalB/DP_OP_53J9_126_6763/U66/S (FA1D0BWP40P140)        0.13       1.17 f
  evalB/DP_OP_53J9_126_6763/U72/S (FA1D0BWP40P140)        0.13       1.30 r
  evalB/DP_OP_53J9_126_6763/O2[7] (Eval_1_0_DP_OP_53J9_126_6763_J9_0_3)
                                                          0.00       1.30 r
  evalB/io_out_3[7] (Eval_1_3)                            0.00       1.30 r
  core4_3/io_b_0[7] (core4_3)                             0.00       1.30 r
  core4_3/evalB/io_in_0[7] (Eval_9_3)                     0.00       1.30 r
  core4_3/evalB/U9/ZN (CKND0BWP40P140)                    0.02       1.31 f
  core4_3/evalB/U6/ZN (INVD0P7BWP40P140)                  0.10       1.41 r
  core4_3/evalB/DP_OP_54J8_124_7247/I1[7] (Eval_9_1_DP_OP_54J8_124_7247_J8_0_1)
                                                          0.00       1.41 r
  core4_3/evalB/DP_OP_54J8_124_7247/U117/CO (FA1D0BWP40P140)
                                                          0.11       1.53 r
  core4_3/evalB/DP_OP_54J8_124_7247/U119/CO (FA1D0BWP40P140)
                                                          0.07       1.60 r
  core4_3/evalB/DP_OP_54J8_124_7247/U121/CO (FA1D0BWP40P140)
                                                          0.07       1.68 r
  core4_3/evalB/DP_OP_54J8_124_7247/U123/CO (FA1D0BWP40P140)
                                                          0.07       1.75 r
  core4_3/evalB/DP_OP_54J8_124_7247/U130/CO (FA1D0BWP40P140)
                                                          0.07       1.83 r
  core4_3/evalB/DP_OP_54J8_124_7247/U97/CO (FA1D0BWP40P140)
                                                          0.07       1.90 r
  core4_3/evalB/DP_OP_54J8_124_7247/U102/CO (FA1D0BWP40P140)
                                                          0.07       1.97 r
  core4_3/evalB/DP_OP_54J8_124_7247/U128/S (FA1D0BWP40P140)
                                                          0.13       2.10 f
  core4_3/evalB/DP_OP_54J8_124_7247/U142/S (FA1D0BWP40P140)
                                                          0.20       2.30 r
  core4_3/evalB/DP_OP_54J8_124_7247/O2[14] (Eval_9_1_DP_OP_54J8_124_7247_J8_0_1)
                                                          0.00       2.30 r
  core4_3/evalB/io_out_3[14] (Eval_9_3)                   0.00       2.30 r
  core4_3/mult_x_4/b[14] (core4_1_DW_mult_tc_J6_3_1)      0.00       2.30 r
  core4_3/mult_x_4/U795/ZN (INVD0P7BWP40P140)             0.11       2.40 f
  core4_3/mult_x_4/U1003/ZN (MUX2ND0BWP40P140)            0.07       2.47 r
  core4_3/mult_x_4/U853/ZN (ND2D0BWP40P140HVT)            0.14       2.62 f
  core4_3/mult_x_4/U1060/ZN (CKND0BWP40P140)              0.08       2.70 r
  core4_3/mult_x_4/U1061/ZN (AOI222D0BWP40P140)           0.04       2.74 f
  core4_3/mult_x_4/U1062/ZN (MUX2ND0BWP40P140)            0.07       2.82 f
  core4_3/mult_x_4/U782/S (HA1D0BWP40P140)                0.07       2.88 f
  core4_3/mult_x_4/U838/S (FA1D0BWP40P140)                0.13       3.01 r
  core4_3/mult_x_4/U859/CO (FA1D0BWP40P140)               0.08       3.09 r
  core4_3/mult_x_4/U860/CO (FA1D0BWP40P140)               0.07       3.17 r
  core4_3/mult_x_4/U861/CO (FA1D0BWP40P140)               0.07       3.24 r
  core4_3/mult_x_4/U862/CO (FA1D0BWP40P140)               0.07       3.31 r
  core4_3/mult_x_4/U863/CO (FA1D0BWP40P140)               0.07       3.39 r
  core4_3/mult_x_4/U854/S (FA1D0BWP40P140)                0.11       3.50 f
  core4_3/mult_x_4/U876/S (FA1D0BWP40P140)                0.13       3.63 r
  core4_3/mult_x_4/U930/CO (FA1D0BWP40P140)               0.08       3.71 r
  core4_3/mult_x_4/U945/CO (FA1D0BWP40P140)               0.07       3.79 r
  core4_3/mult_x_4/U946/CO (FA1D0BWP40P140)               0.07       3.86 r
  core4_3/mult_x_4/U947/CO (FA1D0BWP40P140)               0.07       3.93 r
  core4_3/mult_x_4/U948/CO (FA1D0BWP40P140)               0.07       4.01 r
  core4_3/mult_x_4/U949/CO (FA1D0BWP40P140)               0.07       4.08 r
  core4_3/mult_x_4/U950/CO (FA1D0BWP40P140)               0.07       4.16 r
  core4_3/mult_x_4/U951/CO (FA1D0BWP40P140)               0.07       4.23 r
  core4_3/mult_x_4/U952/CO (FA1D0BWP40P140)               0.07       4.31 r
  core4_3/mult_x_4/U953/CO (FA1D0BWP40P140)               0.07       4.38 r
  core4_3/mult_x_4/U954/CO (FA1D0BWP40P140)               0.07       4.45 r
  core4_3/mult_x_4/U768/Z (XOR4D1BWP40P140)               0.09       4.54 r
  core4_3/mult_x_4/U767/Z (XOR4D0BWP40P140)               0.11       4.65 r
  core4_3/mult_x_4/U874/Z (XOR4D0BWP40P140)               0.12       4.77 r
  core4_3/mult_x_4/U927/ZN (OAI21D0BWP40P140HVT)          0.04       4.81 f
  core4_3/mult_x_4/U926/ZN (OAI31D0BWP40P140LVT)          0.03       4.84 r
  core4_3/mult_x_4/U766/Z (XOR4D0BWP40P140)               0.12       4.96 r
  core4_3/mult_x_4/product[29] (core4_1_DW_mult_tc_J6_3_1)
                                                          0.00       4.96 r
  core4_3/s_w_3_reg_29_/D (DFKCNQD1BWP40P140)             0.00       4.96 r
  data arrival time                                                  4.96

  clock clk (rise edge)                                   5.00       5.00
  clock network delay (ideal)                             0.00       5.00
  core4_3/s_w_3_reg_29_/CP (DFKCNQD1BWP40P140)            0.00       5.00 r
  library setup time                                     -0.04       4.96
  data required time                                                 4.96
  --------------------------------------------------------------------------
  data required time                                                 4.96
  data arrival time                                                 -4.96
  --------------------------------------------------------------------------
  slack (MET)                                                        0.00


  Startpoint: io_b_15[2] (input port clocked by clk)
  Endpoint: core4_5/s_w_4_reg_29_
            (rising edge-triggered flip-flop clocked by clk)
  Path Group: clk
  Path Type: max

  Des/Clust/Port     Wire Load Model       Library
  ------------------------------------------------
  core16_a24_b8_c24  ZeroWireload          tcbn28hpcplusbwp40p140hvtssg0p81vm40c_ccs
  Eval_1_0_DP_OP_52J9_125_102_J9_0_0
                     ZeroWireload          tcbn28hpcplusbwp40p140hvtssg0p81vm40c_ccs
  Eval_1_0_DP_OP_53J9_126_6763_J9_0_0
                     ZeroWireload          tcbn28hpcplusbwp40p140hvtssg0p81vm40c_ccs
  Eval_1_0_DP_OP_54J9_127_2528_J9_0_0
                     ZeroWireload          tcbn28hpcplusbwp40p140hvtssg0p81vm40c_ccs
  Eval_9_6_DP_OP_54J5_125_5862_J5_0
                     ZeroWireload          tcbn28hpcplusbwp40p140hvtssg0p81vm40c_ccs
  Eval_9_6_DP_OP_55J5_126_2234_J5_0
                     ZeroWireload          tcbn28hpcplusbwp40p140hvtssg0p81vm40c_ccs
  Eval_9_6_DP_OP_56J5_127_2589_J5_0
                     ZeroWireload          tcbn28hpcplusbwp40p140hvtssg0p81vm40c_ccs
  core4_1_DW_mult_tc_J6_6_0
                     ZeroWireload          tcbn28hpcplusbwp40p140hvtssg0p81vm40c_ccs
  Eval_9_1_DP_OP_53J8_123_7322_J8_0_0
                     ZeroWireload          tcbn28hpcplusbwp40p140hvtssg0p81vm40c_ccs
  Eval_9_1_DP_OP_54J8_124_7247_J8_0_0
                     ZeroWireload          tcbn28hpcplusbwp40p140hvtssg0p81vm40c_ccs
  Eval_9_1_DP_OP_55J8_125_912_J8_0_0
                     ZeroWireload          tcbn28hpcplusbwp40p140hvtssg0p81vm40c_ccs
  core4_1_DW_mult_tc_J6_2_0
                     ZeroWireload          tcbn28hpcplusbwp40p140hvtssg0p81vm40c_ccs

  Point                                                   Incr       Path
  --------------------------------------------------------------------------
  clock clk (rise edge)                                   0.00       0.00
  clock network delay (ideal)                             0.00       0.00
  input external delay                                    0.50       0.50 r
  io_b_15[2] (in)                                         0.00       0.50 r
  evalB_3/io_in_3[2] (Eval_1_0)                           0.00       0.50 r
  evalB_3/U23/ZN (CKND0BWP40P140)                         0.01       0.51 f
  evalB_3/U35/ZN (CKND0BWP40P140)                         0.09       0.60 r
  evalB_3/DP_OP_54J9_127_2528/I3[2] (Eval_1_0_DP_OP_54J9_127_2528_J9_0_0)
                                                          0.00       0.60 r
  evalB_3/DP_OP_54J9_127_2528/U86/CO (HA1D0BWP40P140)     0.08       0.68 r
  evalB_3/DP_OP_54J9_127_2528/U74/CO (FA1D0BWP40P140)     0.07       0.75 r
  evalB_3/DP_OP_54J9_127_2528/U66/S (FA1D0BWP40P140)      0.12       0.87 f
  evalB_3/DP_OP_54J9_127_2528/U105/ZN (CKND0BWP40P140)
                                                          0.03       0.90 r
  evalB_3/DP_OP_54J9_127_2528/U70/CO (FA1D0BWP40P140)     0.07       0.98 r
  evalB_3/DP_OP_54J9_127_2528/U83/CO (FA1D0BWP40P140)     0.07       1.05 r
  evalB_3/DP_OP_54J9_127_2528/U68/CO (FA1D0BWP40P140)     0.07       1.12 r
  evalB_3/DP_OP_54J9_127_2528/U71/CO (FA1D0BWP40P140)     0.07       1.20 r
  evalB_3/DP_OP_54J9_127_2528/U84/CO (FA1D0BWP40P140)     0.07       1.27 r
  evalB_3/DP_OP_54J9_127_2528/U93/S (FA1D0BWP40P140)      0.10       1.38 f
  evalB_3/DP_OP_54J9_127_2528/O2[9] (Eval_1_0_DP_OP_54J9_127_2528_J9_0_0)
                                                          0.00       1.38 f
  evalB_3/io_out_5[9] (Eval_1_0)                          0.00       1.38 f
  core4_5/io_b_3[9] (core4_1)                             0.00       1.38 f
  core4_5/evalB/io_in_3[9] (Eval_9_1)                     0.00       1.38 f
  core4_5/evalB/U44/ZN (CKND0BWP40P140)                   0.02       1.39 r
  core4_5/evalB/U4/ZN (INVD0P7BWP40P140)                  0.08       1.48 f
  core4_5/evalB/DP_OP_55J8_125_912/I3[9] (Eval_9_1_DP_OP_55J8_125_912_J8_0_0)
                                                          0.00       1.48 f
  core4_5/evalB/DP_OP_55J8_125_912/U106/CO (FA1D0BWP40P140)
                                                          0.12       1.60 f
  core4_5/evalB/DP_OP_55J8_125_912/U108/S (FA1D0BWP40P140)
                                                          0.12       1.72 r
  core4_5/evalB/DP_OP_55J8_125_912/U134/CO (FA1D0BWP40P140)
                                                          0.08       1.80 r
  core4_5/evalB/DP_OP_55J8_125_912/U136/CO (FA1D0BWP40P140)
                                                          0.07       1.87 r
  core4_5/evalB/DP_OP_55J8_125_912/U110/CO (FA1D0BWP40P140)
                                                          0.07       1.95 r
  core4_5/evalB/DP_OP_55J8_125_912/U114/CO (FA1D0BWP40P140)
                                                          0.07       2.02 r
  core4_5/evalB/DP_OP_55J8_125_912/U135/S (FA1D0BWP40P140)
                                                          0.17       2.19 f
  core4_5/evalB/DP_OP_55J8_125_912/O1[14] (Eval_9_1_DP_OP_55J8_125_912_J8_0_0)
                                                          0.00       2.19 f
  core4_5/evalB/io_out_4[14] (Eval_9_1)                   0.00       2.19 f
  core4_5/mult_x_5/b[14] (core4_1_DW_mult_tc_J6_2_0)      0.00       2.19 f
  core4_5/mult_x_5/U792/ZN (INVD0P7BWP40P140)             0.11       2.30 r
  core4_5/mult_x_5/U994/ZN (MUX2ND0BWP40P140)             0.06       2.35 f
  core4_5/mult_x_5/U767/ZN (IND3D0BWP40P140HVT)           0.26       2.62 f
  core4_5/mult_x_5/U1052/ZN (OAI222D0BWP40P140)           0.17       2.78 r
  core4_5/mult_x_5/U1053/ZN (AOI21D0BWP40P140)            0.04       2.82 f
  core4_5/mult_x_5/U1054/ZN (MUX2ND0BWP40P140)            0.07       2.89 f
  core4_5/mult_x_5/U782/CO (HA1D0BWP40P140)               0.05       2.94 f
  core4_5/mult_x_5/U809/S (FA1D0BWP40P140)                0.12       3.06 r
  core4_5/mult_x_5/U827/CO (FA1D0BWP40P140)               0.08       3.13 r
  core4_5/mult_x_5/U828/S (FA1D0BWP40P140)                0.11       3.25 f
  core4_5/mult_x_5/U849/S (FA1D0BWP40P140)                0.13       3.38 r
  core4_5/mult_x_5/U889/CO (FA1D0BWP40P140)               0.08       3.46 r
  core4_5/mult_x_5/U891/CO (FA1D0BWP40P140)               0.07       3.53 r
  core4_5/mult_x_5/U893/CO (FA1D0BWP40P140)               0.07       3.61 r
  core4_5/mult_x_5/U895/CO (FA1D0BWP40P140)               0.07       3.68 r
  core4_5/mult_x_5/U897/CO (FA1D0BWP40P140)               0.07       3.76 r
  core4_5/mult_x_5/U899/CO (FA1D0BWP40P140)               0.07       3.83 r
  core4_5/mult_x_5/U901/CO (FA1D0BWP40P140)               0.07       3.90 r
  core4_5/mult_x_5/U903/CO (FA1D0BWP40P140)               0.07       3.98 r
  core4_5/mult_x_5/U905/CO (FA1D0BWP40P140)               0.07       4.05 r
  core4_5/mult_x_5/U907/CO (FA1D0BWP40P140)               0.07       4.13 r
  core4_5/mult_x_5/U909/CO (FA1D0BWP40P140)               0.07       4.20 r
  core4_5/mult_x_5/U911/CO (FA1D0BWP40P140)               0.07       4.27 r
  core4_5/mult_x_5/U913/S (FA1D0BWP40P140)                0.11       4.39 f
  core4_5/mult_x_5/U941/CO (FA1D0BWP40P140)               0.08       4.47 f
  core4_5/mult_x_5/U770/Z (XOR4D1BWP40P140)               0.09       4.56 r
  core4_5/mult_x_5/U769/Z (XOR4D1BWP40P140)               0.10       4.65 r
  core4_5/mult_x_5/U768/Z (XOR4D0BWP40P140)               0.12       4.77 r
  core4_5/mult_x_5/U866/ZN (OAI21D0BWP40P140HVT)          0.04       4.81 f
  core4_5/mult_x_5/U865/ZN (OAI31D0BWP40P140LVT)          0.03       4.84 r
  core4_5/mult_x_5/U916/Z (XOR4D0BWP40P140)               0.12       4.96 r
  core4_5/mult_x_5/product[29] (core4_1_DW_mult_tc_J6_2_0)
                                                          0.00       4.96 r
  core4_5/s_w_4_reg_29_/D (DFKCNQD1BWP40P140)             0.00       4.96 r
  data arrival time                                                  4.96

  clock clk (rise edge)                                   5.00       5.00
  clock network delay (ideal)                             0.00       5.00
  core4_5/s_w_4_reg_29_/CP (DFKCNQD1BWP40P140)            0.00       5.00 r
  library setup time                                     -0.04       4.96
  data required time                                                 4.96
  --------------------------------------------------------------------------
  data required time                                                 4.96
  data arrival time                                                 -4.96
  --------------------------------------------------------------------------
  slack (MET)                                                        0.00


  Startpoint: io_b_15[0] (input port clocked by clk)
  Endpoint: core4_3/s_w_4_reg_29_
            (rising edge-triggered flip-flop clocked by clk)
  Path Group: clk
  Path Type: max

  Des/Clust/Port     Wire Load Model       Library
  ------------------------------------------------
  core16_a24_b8_c24  ZeroWireload          tcbn28hpcplusbwp40p140hvtssg0p81vm40c_ccs
  Eval_1_0_DP_OP_52J9_125_102_J9_0_0
                     ZeroWireload          tcbn28hpcplusbwp40p140hvtssg0p81vm40c_ccs
  Eval_1_0_DP_OP_53J9_126_6763_J9_0_0
                     ZeroWireload          tcbn28hpcplusbwp40p140hvtssg0p81vm40c_ccs
  Eval_1_0_DP_OP_54J9_127_2528_J9_0_0
                     ZeroWireload          tcbn28hpcplusbwp40p140hvtssg0p81vm40c_ccs
  Eval_9_1_DP_OP_55J8_125_912_J8_0_1
                     ZeroWireload          tcbn28hpcplusbwp40p140hvtssg0p81vm40c_ccs
  Eval_9_1_DP_OP_54J8_124_7247_J8_0_1
                     ZeroWireload          tcbn28hpcplusbwp40p140hvtssg0p81vm40c_ccs
  Eval_9_1_DP_OP_53J8_123_7322_J8_0_1
                     ZeroWireload          tcbn28hpcplusbwp40p140hvtssg0p81vm40c_ccs
  core4_1_DW_mult_tc_J6_6_1
                     ZeroWireload          tcbn28hpcplusbwp40p140hvtssg0p81vm40c_ccs
  core4_1_DW_mult_tc_J6_2_1
                     ZeroWireload          tcbn28hpcplusbwp40p140hvtssg0p81vm40c_ccs

  Point                                                   Incr       Path
  --------------------------------------------------------------------------
  clock clk (rise edge)                                   0.00       0.00
  clock network delay (ideal)                             0.00       0.00
  input external delay                                    0.50       0.50 r
  io_b_15[0] (in)                                         0.00       0.50 r
  evalB_3/io_in_3[0] (Eval_1_0)                           0.00       0.50 r
  evalB_3/U21/ZN (CKND0BWP40P140)                         0.01       0.51 f
  evalB_3/U20/ZN (CKND0BWP40P140)                         0.04       0.55 r
  evalB_3/DP_OP_53J9_126_6763/I4[0] (Eval_1_0_DP_OP_53J9_126_6763_J9_0_0)
                                                          0.00       0.55 r
  evalB_3/DP_OP_53J9_126_6763/U86/CO (HA1D0BWP40P140)     0.06       0.60 r
  evalB_3/DP_OP_53J9_126_6763/U77/CO (FA1D0BWP40P140)     0.07       0.67 r
  evalB_3/DP_OP_53J9_126_6763/U79/S (FA1D0BWP40P140)      0.12       0.79 f
  evalB_3/DP_OP_53J9_126_6763/U92/ZN (CKND0BWP40P140)     0.04       0.82 r
  evalB_3/DP_OP_53J9_126_6763/U87/CO (FA1D0BWP40P140)     0.07       0.90 r
  evalB_3/DP_OP_53J9_126_6763/U74/CO (FA1D0BWP40P140)     0.07       0.97 r
  evalB_3/DP_OP_53J9_126_6763/U58/CO (FA1D0BWP40P140)     0.07       1.05 r
  evalB_3/DP_OP_53J9_126_6763/U70/CO (FA1D0BWP40P140)     0.07       1.12 r
  evalB_3/DP_OP_53J9_126_6763/U56/CO (FA1D0BWP40P140)     0.07       1.20 r
  evalB_3/DP_OP_53J9_126_6763/U72/S (FA1D0BWP40P140)      0.10       1.30 f
  evalB_3/DP_OP_53J9_126_6763/O2[7] (Eval_1_0_DP_OP_53J9_126_6763_J9_0_0)
                                                          0.00       1.30 f
  evalB_3/io_out_3[7] (Eval_1_0)                          0.00       1.30 f
  core4_3/io_b_3[7] (core4_3)                             0.00       1.30 f
  core4_3/evalB/io_in_3[7] (Eval_9_3)                     0.00       1.30 f
  core4_3/evalB/U10/ZN (CKND0BWP40P140)                   0.03       1.33 r
  core4_3/evalB/U5/ZN (INVD3BWP40P140)                    0.04       1.36 f
  core4_3/evalB/DP_OP_55J8_125_912/I3[7] (Eval_9_1_DP_OP_55J8_125_912_J8_0_1)
                                                          0.00       1.36 f
  core4_3/evalB/DP_OP_55J8_125_912/U109/CO (FA1D0BWP40P140)
                                                          0.08       1.44 f
  core4_3/evalB/DP_OP_55J8_125_912/U111/S (FA1D0BWP40P140)
                                                          0.12       1.57 r
  core4_3/evalB/DP_OP_55J8_125_912/U141/CO (FA1D0BWP40P140)
                                                          0.08       1.64 r
  core4_3/evalB/DP_OP_55J8_125_912/U142/CO (FA1D0BWP40P140)
                                                          0.07       1.72 r
  core4_3/evalB/DP_OP_55J8_125_912/U143/CO (FA1D0BWP40P140)
                                                          0.07       1.79 r
  core4_3/evalB/DP_OP_55J8_125_912/U145/CO (FA1D0BWP40P140)
                                                          0.07       1.87 r
  core4_3/evalB/DP_OP_55J8_125_912/U117/CO (FA1D0BWP40P140)
                                                          0.07       1.94 r
  core4_3/evalB/DP_OP_55J8_125_912/U121/CO (FA1D0BWP40P140)
                                                          0.07       2.01 r
  core4_3/evalB/DP_OP_55J8_125_912/U144/S (FA1D0BWP40P140)
                                                          0.17       2.18 f
  core4_3/evalB/DP_OP_55J8_125_912/O1[14] (Eval_9_1_DP_OP_55J8_125_912_J8_0_1)
                                                          0.00       2.18 f
  core4_3/evalB/io_out_4[14] (Eval_9_3)                   0.00       2.18 f
  core4_3/mult_x_5/b[14] (core4_1_DW_mult_tc_J6_2_1)      0.00       2.18 f
  core4_3/mult_x_5/U789/ZN (INVD0P7BWP40P140)             0.11       2.29 r
  core4_3/mult_x_5/U995/ZN (MUX2ND0BWP40P140)             0.06       2.34 f
  core4_3/mult_x_5/U1001/ZN (CKND0BWP40P140)              0.03       2.37 r
  core4_3/mult_x_5/U767/ZN (ND3D0BWP40P140HVT)            0.23       2.60 f
  core4_3/mult_x_5/U1053/ZN (OAI222D0BWP40P140)           0.17       2.77 r
  core4_3/mult_x_5/U1054/ZN (AOI21D0BWP40P140)            0.04       2.81 f
  core4_3/mult_x_5/U1055/ZN (MUX2ND0BWP40P140)            0.07       2.87 f
  core4_3/mult_x_5/U780/CO (HA1D0BWP40P140)               0.05       2.92 f
  core4_3/mult_x_5/U801/S (FA1D0BWP40P140)                0.12       3.04 r
  core4_3/mult_x_5/U819/CO (FA1D0BWP40P140)               0.08       3.12 r
  core4_3/mult_x_5/U820/S (FA1D0BWP40P140)                0.11       3.23 f
  core4_3/mult_x_5/U844/S (FA1D0BWP40P140)                0.13       3.36 r
  core4_3/mult_x_5/U882/CO (FA1D0BWP40P140)               0.08       3.44 r
  core4_3/mult_x_5/U884/CO (FA1D0BWP40P140)               0.07       3.52 r
  core4_3/mult_x_5/U857/CO (FA1D0BWP40P140)               0.07       3.59 r
  core4_3/mult_x_5/U886/CO (FA1D0BWP40P140)               0.07       3.67 r
  core4_3/mult_x_5/U888/CO (FA1D0BWP40P140)               0.07       3.74 r
  core4_3/mult_x_5/U889/CO (FA1D0BWP40P140)               0.07       3.81 r
  core4_3/mult_x_5/U891/CO (FA1D0BWP40P140)               0.07       3.89 r
  core4_3/mult_x_5/U893/CO (FA1D0BWP40P140)               0.07       3.96 r
  core4_3/mult_x_5/U895/CO (FA1D0BWP40P140)               0.07       4.04 r
  core4_3/mult_x_5/U897/CO (FA1D0BWP40P140)               0.07       4.11 r
  core4_3/mult_x_5/U899/CO (FA1D0BWP40P140)               0.07       4.18 r
  core4_3/mult_x_5/U901/CO (FA1D0BWP40P140)               0.07       4.26 r
  core4_3/mult_x_5/U903/S (FA1D0BWP40P140)                0.11       4.37 f
  core4_3/mult_x_5/U934/CO (FA1D0BWP40P140)               0.08       4.45 f
  core4_3/mult_x_5/U834/Z (XOR4D0BWP40P140)               0.10       4.55 r
  core4_3/mult_x_5/U833/Z (XOR4D0BWP40P140)               0.12       4.67 r
  core4_3/mult_x_5/U768/Z (XOR4D1BWP40P140)               0.10       4.77 r
  core4_3/mult_x_5/U908/ZN (OAI21D0BWP40P140HVT)          0.04       4.81 f
  core4_3/mult_x_5/U907/ZN (OAI31D0BWP40P140LVT)          0.03       4.84 r
  core4_3/mult_x_5/U935/Z (XOR4D0BWP40P140)               0.12       4.95 r
  core4_3/mult_x_5/product[29] (core4_1_DW_mult_tc_J6_2_1)
                                                          0.00       4.95 r
  core4_3/s_w_4_reg_29_/D (DFKCNQD1BWP40P140)             0.00       4.95 r
  data arrival time                                                  4.95

  clock clk (rise edge)                                   5.00       5.00
  clock network delay (ideal)                             0.00       5.00
  core4_3/s_w_4_reg_29_/CP (DFKCNQD1BWP40P140)            0.00       5.00 r
  library setup time                                     -0.04       4.96
  data required time                                                 4.96
  --------------------------------------------------------------------------
  data required time                                                 4.96
  data arrival time                                                 -4.95
  --------------------------------------------------------------------------
  slack (MET)                                                        0.00


1
