Information: Updating design information... (UID-85)
Warning: Design 'core64_a32_b14_c32' contains 10 high-fanout nets. A fanout number of 1000 will be used for delay calculations involving these nets. (TIM-134)
 
****************************************
Report : qor
Design : core64_a32_b14_c32
Version: O-2018.06-SP5
Date   : Wed May 13 04:29:43 2026
****************************************


  Timing Path Group 'clk'
  -----------------------------------
  Levels of Logic:              59.00
  Critical Path Length:          4.46
  Critical Path Slack:           0.00
  Critical Path Clk Period:      5.00
  Total Negative Slack:          0.00
  No. of Violating Paths:        0.00
  Worst Hold Violation:          0.00
  Total Hold Violation:          0.00
  No. of Hold Violations:        0.00
  -----------------------------------


  Cell Count
  -----------------------------------
  Hierarchical Cell Count:       1314
  Hierarchical Port Count:     382490
  Leaf Cell Count:             649698
  Buf/Inv Cell Count:           75327
  Buf Cell Count:               10006
  Inv Cell Count:               65321
  CT Buf/Inv Cell Count:            0
  Combinational Cell Count:    611148
  Sequential Cell Count:        38550
  Macro Count:                      0
  -----------------------------------


  Area
  -----------------------------------
  Combinational Area:   763984.230290
  Noncombinational Area: 75958.092598
  Buf/Inv Area:          20265.966176
  Total Buffer Area:          3783.91
  Total Inverter Area:       16482.06
  Macro/Black Box Area:      0.000000
  Net Area:                  0.000000
  -----------------------------------
  Cell Area:            839942.322888
  Design Area:          839942.322888


  Design Rules
  -----------------------------------
  Total Number of Nets:        909000
  Nets With Violations:             0
  Max Trans Violations:             0
  Max Cap Violations:               0
  -----------------------------------


  Hostname: inspur19

  Compile CPU Statistics
  -----------------------------------------
  Resource Sharing:                    0.00
  Logic Optimization:                  0.00
  Mapping Optimization:                0.00
  -----------------------------------------
  Overall Compile Time:            11248.22
  Overall Compile Wall Clock Time:   979.79

  --------------------------------------------------------------------

  Design  WNS: 0.00  TNS: 0.00  Number of Violating Paths: 0


  Design (Hold)  WNS: 0.00  TNS: 0.00  Number of Violating Paths: 0

  --------------------------------------------------------------------


1
