 
****************************************
Report : timing
        -path full
        -delay max
        -nets
        -max_paths 1
        -transition_time
Design : core16_a32_b10_c32
Version: O-2018.06-SP5
Date   : Tue May 12 15:38:33 2026
****************************************

 # A fanout number of 1000 was used for high fanout net computations.

Operating Conditions: ssg0p81vm40c   Library: tcbn28hpcplusbwp40p140hvtssg0p81vm40c_ccs
Wire Load Model Mode: segmented

  Startpoint: io_b_11[2] (input port clocked by clk)
  Endpoint: core4_5/s_w_1_reg_36_
            (rising edge-triggered flip-flop clocked by clk)
  Path Group: clk
  Path Type: max

  Des/Clust/Port     Wire Load Model       Library
  ------------------------------------------------
  Eval_1_0_DP_OP_54J8_124_5286_J8_0_1 ZeroWireload tcbn28hpcplusbwp40p140hvtssg0p81vm40c_ccs
  Eval_1_0_DP_OP_53J8_123_8511_J8_0_1 ZeroWireload tcbn28hpcplusbwp40p140hvtssg0p81vm40c_ccs
  Eval_1_0_DP_OP_52J8_122_4583_J8_0_1 ZeroWireload tcbn28hpcplusbwp40p140hvtssg0p81vm40c_ccs
  core16_a32_b10_c32 ZeroWireload          tcbn28hpcplusbwp40p140hvtssg0p81vm40c_ccs
  Eval_9_1_DP_OP_55J9_128_5186_J9_0_0 ZeroWireload tcbn28hpcplusbwp40p140hvtssg0p81vm40c_ccs
  Eval_9_1_DP_OP_54J9_127_110_J9_0_0 ZeroWireload tcbn28hpcplusbwp40p140hvtssg0p81vm40c_ccs
  Eval_9_1_DP_OP_53J9_126_4457_J9_0_0 ZeroWireload tcbn28hpcplusbwp40p140hvtssg0p81vm40c_ccs
  core4_1_DW_mult_tc_J12_5_0 ZeroWireload  tcbn28hpcplusbwp40p140hvtssg0p81vm40c_ccs

Attributes:
    d - dont_touch
    u - dont_use
   mo - map_only
   so - size_only
    i - ideal_net or ideal_network
  inf - infeasible path

  Point                                       Fanout     Trans      Incr       Path      Attributes
  ---------------------------------------------------------------------------------------------------------
  clock clk (rise edge)                                             0.00       0.00
  clock network delay (ideal)                                       0.00       0.00
  input external delay                                              0.50       0.50 f
  io_b_11[2] (in)                                         0.00      0.00       0.50 f
  io_b_11[2] (net)                              4                   0.00       0.50 f
  evalB_2/io_in_3[2] (Eval_1_1)                                     0.00       0.50 f
  evalB_2/io_in_3[2] (net)                                          0.00       0.50 f
  evalB_2/DP_OP_54J8_124_5286/I3[2] (Eval_1_0_DP_OP_54J8_124_5286_J8_0_1)     0.00     0.50 f
  evalB_2/DP_OP_54J8_124_5286/I3[2] (net)                           0.00       0.50 f
  evalB_2/DP_OP_54J8_124_5286/U116/CO (HA1D0BWP40P140)     0.02     0.02       0.52 f
  evalB_2/DP_OP_54J8_124_5286/n175 (net)        1                   0.00       0.52 f
  evalB_2/DP_OP_54J8_124_5286/U69/CO (FA1D0BWP40P140)     0.03      0.07       0.59 f
  evalB_2/DP_OP_54J8_124_5286/n174 (net)        1                   0.00       0.59 f
  evalB_2/DP_OP_54J8_124_5286/U67/CO (FA1D1BWP40P140)     0.02      0.06       0.65 f
  evalB_2/DP_OP_54J8_124_5286/n172 (net)        1                   0.00       0.65 f
  evalB_2/DP_OP_54J8_124_5286/U92/S (FA1D0BWP40P140)      0.04      0.12       0.77 r
  evalB_2/DP_OP_54J8_124_5286/n179 (net)        2                   0.00       0.77 r
  evalB_2/DP_OP_54J8_124_5286/U106/ZN (CKND0BWP40P140)     0.03     0.03       0.80 f
  evalB_2/DP_OP_54J8_124_5286/n187 (net)        1                   0.00       0.80 f
  evalB_2/DP_OP_54J8_124_5286/U105/CO (FA1D0BWP40P140)     0.03     0.07       0.88 f
  evalB_2/DP_OP_54J8_124_5286/n184 (net)        1                   0.00       0.88 f
  evalB_2/DP_OP_54J8_124_5286/U82/S (FA1D0BWP40P140)      0.08      0.15       1.03 r
  evalB_2/DP_OP_54J8_124_5286/O2[6] (net)       3                   0.00       1.03 r
  evalB_2/DP_OP_54J8_124_5286/O2[6] (Eval_1_0_DP_OP_54J8_124_5286_J8_0_1)     0.00     1.03 r
  evalB_2/io_out_5[6] (net)                                         0.00       1.03 r
  evalB_2/io_out_5[6] (Eval_1_1)                                    0.00       1.03 r
  evalB_2_io_out_5[6] (net)                                         0.00       1.03 r
  core4_5/io_b_2[6] (core4_1)                                       0.00       1.03 r
  core4_5/io_b_2[6] (net)                                           0.00       1.03 r
  core4_5/evalB/io_in_2[6] (Eval_9_1)                               0.00       1.03 r
  core4_5/evalB/io_in_2[6] (net)                                    0.00       1.03 r
  core4_5/evalB/DP_OP_53J9_126_4457/I1[6] (Eval_9_1_DP_OP_53J9_126_4457_J9_0_0)     0.00     1.03 r
  core4_5/evalB/DP_OP_53J9_126_4457/I1[6] (net)                     0.00       1.03 r
  core4_5/evalB/DP_OP_53J9_126_4457/U72/CO (FA1D0BWP40P140)     0.03     0.09     1.12 r
  core4_5/evalB/DP_OP_53J9_126_4457/n198 (net)     1                0.00       1.12 r
  core4_5/evalB/DP_OP_53J9_126_4457/U82/S (FA1D0BWP40P140)     0.03     0.11     1.23 f
  core4_5/evalB/DP_OP_53J9_126_4457/n201 (net)     1                0.00       1.23 f
  core4_5/evalB/DP_OP_53J9_126_4457/U94/CO (FA1D0BWP40P140)     0.03     0.08     1.31 f
  core4_5/evalB/DP_OP_53J9_126_4457/n202 (net)     1                0.00       1.31 f
  core4_5/evalB/DP_OP_53J9_126_4457/U85/S (FA1D0BWP40P140)     0.04     0.12     1.43 r
  core4_5/evalB/DP_OP_53J9_126_4457/n236 (net)     1                0.00       1.43 r
  core4_5/evalB/DP_OP_53J9_126_4457/U97/CO (FA1D0BWP40P140)     0.03     0.08     1.50 r
  core4_5/evalB/DP_OP_53J9_126_4457/n216 (net)     1                0.00       1.50 r
  core4_5/evalB/DP_OP_53J9_126_4457/U104/CO (FA1D0BWP40P140)     0.03     0.07     1.58 r
  core4_5/evalB/DP_OP_53J9_126_4457/n233 (net)     1                0.00       1.58 r
  core4_5/evalB/DP_OP_53J9_126_4457/U87/CO (FA1D0BWP40P140)     0.03     0.07     1.65 r
  core4_5/evalB/DP_OP_53J9_126_4457/n227 (net)     1                0.00       1.65 r
  core4_5/evalB/DP_OP_53J9_126_4457/U99/CO (FA1D0BWP40P140)     0.03     0.07     1.73 r
  core4_5/evalB/DP_OP_53J9_126_4457/n231 (net)     1                0.00       1.73 r
  core4_5/evalB/DP_OP_53J9_126_4457/U89/CO (FA1D0BWP40P140)     0.03     0.07     1.80 r
  core4_5/evalB/DP_OP_53J9_126_4457/n229 (net)     1                0.00       1.80 r
  core4_5/evalB/DP_OP_53J9_126_4457/U100/CO (FA1D0BWP40P140)     0.03     0.07     1.88 r
  core4_5/evalB/DP_OP_53J9_126_4457/n248 (net)     1                0.00       1.88 r
  core4_5/evalB/DP_OP_53J9_126_4457/U105/CO (FA1D0BWP40P140)     0.03     0.07     1.95 r
  core4_5/evalB/DP_OP_53J9_126_4457/n253 (net)     1                0.00       1.95 r
  core4_5/evalB/DP_OP_53J9_126_4457/U106/CO (FA1D0BWP40P140)     0.03     0.07     2.02 r
  core4_5/evalB/DP_OP_53J9_126_4457/n255 (net)     1                0.00       2.02 r
  core4_5/evalB/DP_OP_53J9_126_4457/U61/ZN (XNR4D0BWP40P140)     0.03     0.10     2.12 f
  core4_5/evalB/DP_OP_53J9_126_4457/n256 (net)     1                0.00       2.12 f
  core4_5/evalB/DP_OP_53J9_126_4457/U63/ZN (XNR4D0BWP40P140)     0.13     0.18     2.30 r
  core4_5/evalB/DP_OP_53J9_126_4457/O1[18] (net)    20              0.00       2.30 r
  core4_5/evalB/DP_OP_53J9_126_4457/O1[18] (Eval_9_1_DP_OP_53J9_126_4457_J9_0_0)     0.00     2.30 r
  core4_5/evalB/io_out_1[18] (net)                                  0.00       2.30 r
  core4_5/evalB/io_out_1[18] (Eval_9_1)                             0.00       2.30 r
  core4_5/evalB_io_out_1[18] (net)                                  0.00       2.30 r
  core4_5/mult_x_2/b[18] (core4_1_DW_mult_tc_J12_5_0)               0.00       2.30 r
  core4_5/mult_x_2/b[18] (net)                                      0.00       2.30 r
  core4_5/mult_x_2/U1245/ZN (CKND0BWP40P140)              0.13      0.13       2.42 f
  core4_5/mult_x_2/n2367 (net)                 20                   0.00       2.42 f
  core4_5/mult_x_2/U1244/ZN (AOI22D0BWP40P140)            0.28      0.23       2.65 r
  core4_5/mult_x_2/n2365 (net)                 19                   0.00       2.65 r
  core4_5/mult_x_2/U1031/ZN (NR2D0P7BWP40P140)            0.07      0.08       2.73 f
  core4_5/mult_x_2/n1845 (net)                  1                   0.00       2.73 f
  core4_5/mult_x_2/U1044/S (FA1D0BWP40P140)               0.04      0.15       2.88 r
  core4_5/mult_x_2/n1911 (net)                  1                   0.00       2.88 r
  core4_5/mult_x_2/U1123/S (FA1D0BWP40P140)               0.03      0.09       2.97 r
  core4_5/mult_x_2/n1937 (net)                  1                   0.00       2.97 r
  core4_5/mult_x_2/U1206/S (FA1D0BWP40P140)               0.03      0.11       3.08 f
  core4_5/mult_x_2/n1969 (net)                  1                   0.00       3.08 f
  core4_5/mult_x_2/U1261/S (FA1D0BWP40P140)               0.04      0.12       3.20 r
  core4_5/mult_x_2/n2233 (net)                  1                   0.00       3.20 r
  core4_5/mult_x_2/U1297/CO (FA1D0BWP40P140)              0.03      0.08       3.28 r
  core4_5/mult_x_2/n2229 (net)                  1                   0.00       3.28 r
  core4_5/mult_x_2/U1298/CO (FA1D0BWP40P140)              0.03      0.07       3.35 r
  core4_5/mult_x_2/n2226 (net)                  1                   0.00       3.35 r
  core4_5/mult_x_2/U1299/CO (FA1D0BWP40P140)              0.03      0.07       3.42 r
  core4_5/mult_x_2/n2223 (net)                  1                   0.00       3.42 r
  core4_5/mult_x_2/U1300/CO (FA1D0BWP40P140)              0.03      0.07       3.50 r
  core4_5/mult_x_2/n2220 (net)                  1                   0.00       3.50 r
  core4_5/mult_x_2/U1301/CO (FA1D0BWP40P140)              0.03      0.07       3.57 r
  core4_5/mult_x_2/n2217 (net)                  1                   0.00       3.57 r
  core4_5/mult_x_2/U1302/CO (FA1D0BWP40P140)              0.03      0.07       3.65 r
  core4_5/mult_x_2/n2214 (net)                  1                   0.00       3.65 r
  core4_5/mult_x_2/U1281/CO (FA1D0BWP40P140)              0.03      0.07       3.72 r
  core4_5/mult_x_2/n2211 (net)                  1                   0.00       3.72 r
  core4_5/mult_x_2/U1303/CO (FA1D0BWP40P140)              0.03      0.07       3.79 r
  core4_5/mult_x_2/n2208 (net)                  1                   0.00       3.79 r
  core4_5/mult_x_2/U1304/CO (FA1D0BWP40P140)              0.03      0.07       3.87 r
  core4_5/mult_x_2/n2205 (net)                  1                   0.00       3.87 r
  core4_5/mult_x_2/U1305/CO (FA1D0BWP40P140)              0.03      0.07       3.94 r
  core4_5/mult_x_2/n2202 (net)                  1                   0.00       3.94 r
  core4_5/mult_x_2/U1306/CO (FA1D0BWP40P140)              0.03      0.07       4.02 r
  core4_5/mult_x_2/n2199 (net)                  1                   0.00       4.02 r
  core4_5/mult_x_2/U1383/CO (FA1D0BWP40P140)              0.03      0.07       4.09 r
  core4_5/mult_x_2/n2196 (net)                  1                   0.00       4.09 r
  core4_5/mult_x_2/U1307/CO (FA1D0BWP40P140)              0.03      0.07       4.16 r
  core4_5/mult_x_2/n2193 (net)                  1                   0.00       4.16 r
  core4_5/mult_x_2/U1308/CO (FA1D0BWP40P140)              0.03      0.07       4.24 r
  core4_5/mult_x_2/n2190 (net)                  1                   0.00       4.24 r
  core4_5/mult_x_2/U1309/CO (FA1D0BWP40P140)              0.03      0.07       4.31 r
  core4_5/mult_x_2/n2187 (net)                  1                   0.00       4.31 r
  core4_5/mult_x_2/U1310/CO (FA1D0BWP40P140)              0.03      0.07       4.39 r
  core4_5/mult_x_2/n2337 (net)                  1                   0.00       4.39 r
  core4_5/mult_x_2/U1311/CO (FA1D0BWP40P140)              0.03      0.07       4.46 r
  core4_5/mult_x_2/n2385 (net)                  1                   0.00       4.46 r
  core4_5/mult_x_2/U1013/CO (FA1D1BWP40P140)              0.02      0.05       4.51 r
  core4_5/mult_x_2/n2396 (net)                  1                   0.00       4.51 r
  core4_5/mult_x_2/U1010/ZN (XNR4D0BWP40P140)             0.03      0.11       4.62 r
  core4_5/mult_x_2/n2405 (net)                  1                   0.00       4.62 r
  core4_5/mult_x_2/U1279/Z (XOR4D0BWP40P140)              0.03      0.12       4.74 r
  core4_5/mult_x_2/n2439 (net)                  1                   0.00       4.74 r
  core4_5/mult_x_2/U1009/Z (XOR4D0BWP40P140)              0.03      0.13       4.87 f
  core4_5/mult_x_2/n2442 (net)                  1                   0.00       4.87 f
  core4_5/mult_x_2/U1012/Z (XOR4D0BWP40P140)              0.03      0.10       4.96 r
  core4_5/mult_x_2/product[36] (net)            1                   0.00       4.96 r
  core4_5/mult_x_2/product[36] (core4_1_DW_mult_tc_J12_5_0)         0.00       4.96 r
  core4_5/n_w_1_T_1[36] (net)                                       0.00       4.96 r
  core4_5/s_w_1_reg_36_/D (DFQD1BWP40P140)                0.03      0.00       4.96 r
  data arrival time                                                            4.96

  clock clk (rise edge)                                             5.00       5.00
  clock network delay (ideal)                                       0.00       5.00
  core4_5/s_w_1_reg_36_/CP (DFQD1BWP40P140)                         0.00       5.00 r
  library setup time                                               -0.03       4.97
  data required time                                                           4.97
  ---------------------------------------------------------------------------------------------------------
  data required time                                                           4.97
  data arrival time                                                           -4.96
  ---------------------------------------------------------------------------------------------------------
  slack (MET)                                                                  0.00


1
