 
****************************************
Report : timing
        -path full
        -delay max
        -max_paths 3
Design : core64_a32_b10_c32
Version: O-2018.06-SP5
Date   : Wed May 13 02:27:26 2026
****************************************

 # A fanout number of 1000 was used for high fanout net computations.

Operating Conditions: ssg0p81vm40c   Library: tcbn28hpcplusbwp40p140hvtssg0p81vm40c_ccs
Wire Load Model Mode: segmented

  Startpoint: io_b_12[0] (input port clocked by clk)
  Endpoint: core16_6/core4_0/s_w_2_reg_40_
            (rising edge-triggered flip-flop clocked by clk)
  Path Group: clk
  Path Type: max

  Des/Clust/Port     Wire Load Model       Library
  ------------------------------------------------
  core64_a32_b10_c32 ZeroWireload          tcbn28hpcplusbwp40p140hvtssg0p81vm40c_ccs
  Eval_1_0_DP_OP_52J22_125_4583_J22_0_12
                     ZeroWireload          tcbn28hpcplusbwp40p140hvtssg0p81vm40c_ccs
  Eval_1_0_DP_OP_53J22_126_8511_J22_0_12
                     ZeroWireload          tcbn28hpcplusbwp40p140hvtssg0p81vm40c_ccs
  Eval_1_0_DP_OP_54J22_127_5286_J22_0_12
                     ZeroWireload          tcbn28hpcplusbwp40p140hvtssg0p81vm40c_ccs
  Eval_33_49_DP_OP_56J19_127_2738_J19_0_3
                     ZeroWireload          tcbn28hpcplusbwp40p140hvtssg0p81vm40c_ccs
  Eval_33_49_DP_OP_55J19_126_8970_J19_0_3
                     ZeroWireload          tcbn28hpcplusbwp40p140hvtssg0p81vm40c_ccs
  Eval_33_49_DP_OP_54J19_125_1419_J19_0_3
                     ZeroWireload          tcbn28hpcplusbwp40p140hvtssg0p81vm40c_ccs
  Eval_33_0_DP_OP_56J21_131_6631_J21_0_1
                     ZeroWireload          tcbn28hpcplusbwp40p140hvtssg0p81vm40c_ccs
  Eval_33_0_DP_OP_55J21_130_2896_J21_0_1
                     ZeroWireload          tcbn28hpcplusbwp40p140hvtssg0p81vm40c_ccs
  Eval_33_0_DP_OP_54J21_129_8018_J21_0_1
                     ZeroWireload          tcbn28hpcplusbwp40p140hvtssg0p81vm40c_ccs
  core4_0_DW_mult_uns_J16_0_1
                     ZeroWireload          tcbn28hpcplusbwp40p140hvtssg0p81vm40c_ccs
  core4_0_DW_mult_tc_J16_2_1
                     ZeroWireload          tcbn28hpcplusbwp40p140hvtssg0p81vm40c_ccs

  Point                                                   Incr       Path
  --------------------------------------------------------------------------
  clock clk (rise edge)                                   0.00       0.00
  clock network delay (ideal)                             0.00       0.00
  input external delay                                    0.50       0.50 r
  io_b_12[0] (in)                                         0.00       0.50 r
  evalB_3/io_in_0[0] (Eval_1_12)                          0.00       0.50 r
  evalB_3/U24/ZN (INVD2BWP40P140LVT)                      0.00       0.50 f
  evalB_3/U16/ZN (INVD2BWP40P140LVT)                      0.01       0.52 r
  evalB_3/io_out_6[0] (Eval_1_12)                         0.00       0.52 r
  core16_6/io_b_3[0] (core16_0)                           0.00       0.52 r
  core16_6/evalB/io_in_3[0] (Eval_33_52)                  0.00       0.52 r
  core16_6/evalB/U15/ZN (INVD1BWP40P140LVT)               0.01       0.53 f
  core16_6/evalB/U11/ZN (CKND2BWP40P140)                  0.02       0.55 r
  core16_6/evalB/io_out_0[0] (Eval_33_52)                 0.00       0.55 r
  core16_6/core4_0/io_b_0[0] (core4_6)                    0.00       0.55 r
  core16_6/core4_0/evalB/io_in_0[0] (Eval_33_6)           0.00       0.55 r
  core16_6/core4_0/evalB/U24/ZN (CKND0BWP40P140)          0.02       0.56 f
  core16_6/core4_0/evalB/U25/ZN (CKND0BWP40P140)          0.05       0.61 r
  core16_6/core4_0/evalB/DP_OP_55J21_130_2896/I2[0] (Eval_33_0_DP_OP_55J21_130_2896_J21_0_1)
                                                          0.00       0.61 r
  core16_6/core4_0/evalB/DP_OP_55J21_130_2896/U115/CO (HA1D0BWP40P140)
                                                          0.06       0.67 r
  core16_6/core4_0/evalB/DP_OP_55J21_130_2896/U110/ZN (MAOI222D0BWP40P140)
                                                          0.04       0.71 f
  core16_6/core4_0/evalB/DP_OP_55J21_130_2896/U100/ZN (CKND0BWP40P140)
                                                          0.04       0.75 r
  core16_6/core4_0/evalB/DP_OP_55J21_130_2896/U111/S (FA1D1BWP40P140)
                                                          0.10       0.85 r
  core16_6/core4_0/evalB/DP_OP_55J21_130_2896/U152/CO (FA1D2BWP40P140)
                                                          0.06       0.91 r
  core16_6/core4_0/evalB/DP_OP_55J21_130_2896/U143/CO (FA1D0BWP40P140)
                                                          0.07       0.98 r
  core16_6/core4_0/evalB/DP_OP_55J21_130_2896/U144/CO (FA1D0BWP40P140)
                                                          0.07       1.05 r
  core16_6/core4_0/evalB/DP_OP_55J21_130_2896/U103/CO (FA1D1BWP40P140)
                                                          0.06       1.11 r
  core16_6/core4_0/evalB/DP_OP_55J21_130_2896/U138/CO (FA1D0BWP40P140)
                                                          0.07       1.18 r
  core16_6/core4_0/evalB/DP_OP_55J21_130_2896/U141/CO (FA1D0BWP40P140)
                                                          0.07       1.25 r
  core16_6/core4_0/evalB/DP_OP_55J21_130_2896/U147/CO (FA1D0BWP40P140)
                                                          0.07       1.32 r
  core16_6/core4_0/evalB/DP_OP_55J21_130_2896/U151/CO (FA1D0BWP40P140)
                                                          0.07       1.40 r
  core16_6/core4_0/evalB/DP_OP_55J21_130_2896/U153/CO (FA1D0BWP40P140)
                                                          0.22       1.61 r
  core16_6/core4_0/evalB/DP_OP_55J21_130_2896/O1[11] (Eval_33_0_DP_OP_55J21_130_2896_J21_0_1)
                                                          0.00       1.61 r
  core16_6/core4_0/evalB/io_out_2[11] (Eval_33_6)         0.00       1.61 r
  core16_6/core4_0/mult_x_3/b[11] (core4_0_DW_mult_tc_J16_2_1)
                                                          0.00       1.61 r
  core16_6/core4_0/mult_x_3/U1308/ZN (INVD1BWP40P140LVT)
                                                          0.17       1.79 f
  core16_6/core4_0/mult_x_3/U1394/ZN (MOAI22D0BWP40P140)
                                                          0.10       1.89 f
  core16_6/core4_0/mult_x_3/U1484/ZN (NR2D0BWP40P140)     0.25       2.14 r
  core16_6/core4_0/mult_x_3/U1658/ZN (AOI222D0BWP40P140)
                                                          0.10       2.24 f
  core16_6/core4_0/mult_x_3/U1659/ZN (MUX2ND0BWP40P140)
                                                          0.08       2.32 r
  core16_6/core4_0/mult_x_3/U1329/CO (HA1D1BWP40P140)     0.06       2.38 r
  core16_6/core4_0/mult_x_3/U1338/CO (HA1D0BWP40P140)     0.04       2.43 r
  core16_6/core4_0/mult_x_3/U1757/CO (FA1D0BWP40P140)     0.07       2.50 r
  core16_6/core4_0/mult_x_3/U1377/ZN (OAI21D0BWP40P140)
                                                          0.03       2.53 f
  core16_6/core4_0/mult_x_3/U1375/ZN (IOA21D0BWP40P140)
                                                          0.03       2.56 r
  core16_6/core4_0/mult_x_3/U1751/CO (FA1D0BWP40P140)     0.07       2.64 r
  core16_6/core4_0/mult_x_3/U1373/ZN (MAOI222D0BWP40P140)
                                                          0.04       2.68 f
  core16_6/core4_0/mult_x_3/U1371/ZN (CKND0BWP40P140LVT)
                                                          0.03       2.71 r
  core16_6/core4_0/mult_x_3/U1744/CO (FA1D0BWP40P140)     0.07       2.78 r
  core16_6/core4_0/mult_x_3/U1366/Z (AO22D0BWP40P140)     0.06       2.84 r
  core16_6/core4_0/mult_x_3/U1737/CO (FA1D0BWP40P140)     0.07       2.92 r
  core16_6/core4_0/mult_x_3/U1363/ZN (OAI21D0BWP40P140)
                                                          0.03       2.95 f
  core16_6/core4_0/mult_x_3/U1318/ZN (ND2D0P7BWP40P140)
                                                          0.03       2.98 r
  core16_6/core4_0/mult_x_3/U1730/CO (FA1D0BWP40P140)     0.07       3.05 r
  core16_6/core4_0/mult_x_3/U1359/ZN (MAOI222D0BWP40P140)
                                                          0.04       3.09 f
  core16_6/core4_0/mult_x_3/U1356/ZN (CKND0BWP40P140)     0.04       3.13 r
  core16_6/core4_0/mult_x_3/U1724/CO (FA1D0BWP40P140)     0.08       3.21 r
  core16_6/core4_0/mult_x_3/U1351/Z (AO22D0BWP40P140LVT)
                                                          0.05       3.25 r
  core16_6/core4_0/mult_x_3/U1718/CO (FA1D0BWP40P140)     0.07       3.32 r
  core16_6/core4_0/mult_x_3/U1387/CO (FA1D0BWP40P140)     0.07       3.40 r
  core16_6/core4_0/mult_x_3/U1711/CO (FA1D0BWP40P140)     0.07       3.47 r
  core16_6/core4_0/mult_x_3/U1388/CO (FA1D0BWP40P140)     0.07       3.54 r
  core16_6/core4_0/mult_x_3/U1705/CO (FA1D1BWP40P140)     0.06       3.60 r
  core16_6/core4_0/mult_x_3/U1389/CO (FA1D0BWP40P140)     0.07       3.67 r
  core16_6/core4_0/mult_x_3/U1315/CO (FA1D0BWP40P140)     0.07       3.74 r
  core16_6/core4_0/mult_x_3/U1390/CO (FA1D0BWP40P140)     0.07       3.82 r
  core16_6/core4_0/mult_x_3/U1312/CO (FA1D0BWP40P140)     0.07       3.89 r
  core16_6/core4_0/mult_x_3/U1391/CO (FA1D0BWP40P140)     0.07       3.97 r
  core16_6/core4_0/mult_x_3/U1698/CO (FA1D0BWP40P140)     0.07       4.04 r
  core16_6/core4_0/mult_x_3/U1392/CO (FA1D0BWP40P140)     0.07       4.11 r
  core16_6/core4_0/mult_x_3/U1692/S (FA1D0BWP40P140)      0.11       4.23 f
  core16_6/core4_0/mult_x_3/U1408/S (FA1D0BWP40P140)      0.13       4.36 r
  core16_6/core4_0/mult_x_3/U1455/CO (FA1D0BWP40P140)     0.08       4.44 r
  core16_6/core4_0/mult_x_3/U1900/CO (FA1D0BWP40P140)     0.07       4.51 r
  core16_6/core4_0/mult_x_3/U1456/S (FA1D0BWP40P140)      0.11       4.63 f
  core16_6/core4_0/mult_x_3/U1478/CO (FA1D0BWP40P140)     0.08       4.71 f
  core16_6/core4_0/mult_x_3/U1457/CO (FA1D0BWP40P140)     0.07       4.78 f
  core16_6/core4_0/mult_x_3/U2024/ZN (MUX2ND0BWP40P140)
                                                          0.04       4.82 f
  core16_6/core4_0/mult_x_3/U1309/Z (XOR2UD0BWP40P140)
                                                          0.06       4.88 r
  core16_6/core4_0/mult_x_3/U1480/ZN (ND2D0BWP40P140HVT)
                                                          0.04       4.92 f
  core16_6/core4_0/mult_x_3/U1479/ZN (OAI21D0BWP40P140HVT)
                                                          0.03       4.95 r
  core16_6/core4_0/mult_x_3/product[40] (core4_0_DW_mult_tc_J16_2_1)
                                                          0.00       4.95 r
  core16_6/core4_0/s_w_2_reg_40_/D (DFKCNQD1BWP40P140)
                                                          0.00       4.95 r
  data arrival time                                                  4.95

  clock clk (rise edge)                                   5.00       5.00
  clock network delay (ideal)                             0.00       5.00
  core16_6/core4_0/s_w_2_reg_40_/CP (DFKCNQD1BWP40P140)
                                                          0.00       5.00 r
  library setup time                                     -0.05       4.95
  data required time                                                 4.95
  --------------------------------------------------------------------------
  data required time                                                 4.95
  data arrival time                                                 -4.95
  --------------------------------------------------------------------------
  slack (MET)                                                        0.00


  Startpoint: io_b_29[0] (input port clocked by clk)
  Endpoint: core16_2/core4_5/s_w_3_reg_40_
            (rising edge-triggered flip-flop clocked by clk)
  Path Group: clk
  Path Type: max

  Des/Clust/Port     Wire Load Model       Library
  ------------------------------------------------
  Eval_1_0_DP_OP_54J22_127_5286_J22_0_8
                     ZeroWireload          tcbn28hpcplusbwp40p140hvtssg0p81vm40c_ccs
  Eval_1_0_DP_OP_52J22_125_4583_J22_0_8
                     ZeroWireload          tcbn28hpcplusbwp40p140hvtssg0p81vm40c_ccs
  Eval_1_8_DP_OP_53J22_126_8511_0
                     ZeroWireload          tcbn28hpcplusbwp40p140hvtssg0p81vm40c_ccs
  core64_a32_b10_c32 ZeroWireload          tcbn28hpcplusbwp40p140hvtssg0p81vm40c_ccs
  Eval_33_65_DP_OP_55J20_130_7821_J20_0_2
                     ZeroWireload          tcbn28hpcplusbwp40p140hvtssg0p81vm40c_ccs
  Eval_33_65_DP_OP_54J20_129_4429_J20_0_2
                     ZeroWireload          tcbn28hpcplusbwp40p140hvtssg0p81vm40c_ccs
  Eval_33_67_DP_OP_56J20_131_1219_0
                     ZeroWireload          tcbn28hpcplusbwp40p140hvtssg0p81vm40c_ccs
  Eval_33_1_DP_OP_55J26_124_3794_J26_0_20
                     ZeroWireload          tcbn28hpcplusbwp40p140hvtssg0p81vm40c_ccs
  Eval_33_1_DP_OP_53J26_122_4171_J26_0_20
                     ZeroWireload          tcbn28hpcplusbwp40p140hvtssg0p81vm40c_ccs
  Eval_33_29_DP_OP_54J26_123_6227_0
                     ZeroWireload          tcbn28hpcplusbwp40p140hvtssg0p81vm40c_ccs
  core4_1_DW_mult_tc_J23_3_14
                     ZeroWireload          tcbn28hpcplusbwp40p140hvtssg0p81vm40c_ccs

  Point                                                   Incr       Path
  --------------------------------------------------------------------------
  clock clk (rise edge)                                   0.00       0.00
  clock network delay (ideal)                             0.00       0.00
  input external delay                                    0.50       0.50 f
  io_b_29[0] (in)                                         0.00       0.50 f
  evalB_7/io_in_1[0] (Eval_1_8)                           0.00       0.50 f
  evalB_7/DP_OP_53J22_126_8511/I3[0] (Eval_1_8_DP_OP_53J22_126_8511_0)
                                                          0.00       0.50 f
  evalB_7/DP_OP_53J22_126_8511/U137/CO (HA1D1BWP40P140LVT)
                                                          0.02       0.52 f
  evalB_7/DP_OP_53J22_126_8511/U183/S (FA1D1BWP40P140LVT)
                                                          0.07       0.59 r
  evalB_7/DP_OP_53J22_126_8511/U157/Z (OR2D0BWP40P140)
                                                          0.03       0.62 r
  evalB_7/DP_OP_53J22_126_8511/U217/ZN (ND2D0BWP40P140HVT)
                                                          0.04       0.66 f
  evalB_7/DP_OP_53J22_126_8511/U149/Z (XOR2UD1BWP40P140)
                                                          0.08       0.74 f
  evalB_7/DP_OP_53J22_126_8511/O1[1] (Eval_1_8_DP_OP_53J22_126_8511_0)
                                                          0.00       0.74 f
  evalB_7/io_out_2[1] (Eval_1_8)                          0.00       0.74 f
  core16_2/io_b_7[1] (core16_4)                           0.00       0.74 f
  core16_2/evalB_1/io_in_3[1] (Eval_33_67)                0.00       0.74 f
  core16_2/evalB_1/DP_OP_56J20_131_1219/I3[1] (Eval_33_67_DP_OP_56J20_131_1219_0)
                                                          0.00       0.74 f
  core16_2/evalB_1/DP_OP_56J20_131_1219/U241/ZN (CKND0BWP40P140)
                                                          0.06       0.80 r
  core16_2/evalB_1/DP_OP_56J20_131_1219/U245/S (FA1D1BWP40P140LVT)
                                                          0.09       0.89 f
  core16_2/evalB_1/DP_OP_56J20_131_1219/O2[1] (Eval_33_67_DP_OP_56J20_131_1219_0)
                                                          0.00       0.89 f
  core16_2/evalB_1/io_out_5[1] (Eval_33_67)               0.00       0.89 f
  core16_2/core4_5/io_b_1[1] (core4_29)                   0.00       0.89 f
  core16_2/core4_5/evalB/io_in_1[1] (Eval_33_29)          0.00       0.89 f
  core16_2/core4_5/evalB/DP_OP_54J26_123_6227/I3[1] (Eval_33_29_DP_OP_54J26_123_6227_0)
                                                          0.00       0.89 f
  core16_2/core4_5/evalB/DP_OP_54J26_123_6227/U268/ZN (CKND0BWP40P140)
                                                          0.03       0.92 r
  core16_2/core4_5/evalB/DP_OP_54J26_123_6227/U291/ZN (XNR2UD0BWP40P140)
                                                          0.06       0.99 r
  core16_2/core4_5/evalB/DP_OP_54J26_123_6227/U221/CO (FA1D1BWP40P140LVT)
                                                          0.06       1.04 r
  core16_2/core4_5/evalB/DP_OP_54J26_123_6227/U211/S (FA1D1BWP40P140LVT)
                                                          0.07       1.11 f
  core16_2/core4_5/evalB/DP_OP_54J26_123_6227/U228/CO (FA1D1BWP40P140LVT)
                                                          0.04       1.15 f
  core16_2/core4_5/evalB/DP_OP_54J26_123_6227/U246/CO (FA1D1BWP40P140)
                                                          0.06       1.21 f
  core16_2/core4_5/evalB/DP_OP_54J26_123_6227/U217/CO (FA1D1BWP40P140LVT)
                                                          0.05       1.27 f
  core16_2/core4_5/evalB/DP_OP_54J26_123_6227/U204/CO (FA1D1BWP40P140LVT)
                                                          0.05       1.32 f
  core16_2/core4_5/evalB/DP_OP_54J26_123_6227/U238/CO (FA1D1BWP40P140LVT)
                                                          0.05       1.37 f
  core16_2/core4_5/evalB/DP_OP_54J26_123_6227/U216/CO (FA1D1BWP40P140LVT)
                                                          0.05       1.42 f
  core16_2/core4_5/evalB/DP_OP_54J26_123_6227/U223/CO (FA1D1BWP40P140LVT)
                                                          0.05       1.47 f
  core16_2/core4_5/evalB/DP_OP_54J26_123_6227/U230/CO (FA1D1BWP40P140LVT)
                                                          0.05       1.53 f
  core16_2/core4_5/evalB/DP_OP_54J26_123_6227/U215/CO (FA1D1BWP40P140LVT)
                                                          0.05       1.58 f
  core16_2/core4_5/evalB/DP_OP_54J26_123_6227/U218/S (FA1D1BWP40P140LVT)
                                                          0.08       1.66 r
  core16_2/core4_5/evalB/DP_OP_54J26_123_6227/U269/S (FA1D1BWP40P140)
                                                          0.10       1.76 f
  core16_2/core4_5/evalB/DP_OP_54J26_123_6227/U314/S (FA1D1BWP40P140LVT)
                                                          0.13       1.89 r
  core16_2/core4_5/evalB/DP_OP_54J26_123_6227/O2[11] (Eval_33_29_DP_OP_54J26_123_6227_0)
                                                          0.00       1.89 r
  core16_2/core4_5/evalB/io_out_3[11] (Eval_33_29)        0.00       1.89 r
  core16_2/core4_5/mult_x_4/b[11] (core4_1_DW_mult_tc_J23_3_14)
                                                          0.00       1.89 r
  core16_2/core4_5/mult_x_4/U1475/ZN (CKND0BWP40P140)     0.15       2.04 f
  core16_2/core4_5/mult_x_4/U1336/ZN (MOAI22D0BWP40P140)
                                                          0.12       2.16 f
  core16_2/core4_5/mult_x_4/U1664/ZN (NR2D0BWP40P140)     0.25       2.41 r
  core16_2/core4_5/mult_x_4/U1712/ZN (AOI222D0BWP40P140)
                                                          0.10       2.51 f
  core16_2/core4_5/mult_x_4/U1713/ZN (MUX2ND0BWP40P140)
                                                          0.08       2.59 r
  core16_2/core4_5/mult_x_4/U1314/S (HA1D1BWP40P140)      0.08       2.67 f
  core16_2/core4_5/mult_x_4/U1848/S (FA1D1BWP40P140)      0.11       2.79 r
  core16_2/core4_5/mult_x_4/U1428/CO (FA1D0BWP40P140)     0.08       2.86 r
  core16_2/core4_5/mult_x_4/U1927/S (FA1D1BWP40P140)      0.10       2.97 f
  core16_2/core4_5/mult_x_4/U1971/CO (FA1D1BWP40P140)     0.07       3.03 f
  core16_2/core4_5/mult_x_4/U1460/CO (FA1D0BWP40P140)     0.07       3.10 f
  core16_2/core4_5/mult_x_4/U1970/CO (FA1D1BWP40P140)     0.06       3.16 f
  core16_2/core4_5/mult_x_4/U1969/CO (FA1D1BWP40P140)     0.06       3.22 f
  core16_2/core4_5/mult_x_4/U1461/CO (FA1D0BWP40P140)     0.07       3.28 f
  core16_2/core4_5/mult_x_4/U1968/CO (FA1D1BWP40P140)     0.06       3.35 f
  core16_2/core4_5/mult_x_4/U1967/CO (FA1D1BWP40P140)     0.06       3.40 f
  core16_2/core4_5/mult_x_4/U1462/CO (FA1D0BWP40P140)     0.07       3.47 f
  core16_2/core4_5/mult_x_4/U1966/CO (FA1D1BWP40P140)     0.06       3.53 f
  core16_2/core4_5/mult_x_4/U1965/CO (FA1D1BWP40P140)     0.06       3.58 f
  core16_2/core4_5/mult_x_4/U1463/CO (FA1D0BWP40P140)     0.07       3.65 f
  core16_2/core4_5/mult_x_4/U1964/CO (FA1D1BWP40P140)     0.06       3.71 f
  core16_2/core4_5/mult_x_4/U1963/CO (FA1D1BWP40P140)     0.06       3.77 f
  core16_2/core4_5/mult_x_4/U1464/CO (FA1D0BWP40P140)     0.07       3.84 f
  core16_2/core4_5/mult_x_4/U2403/CO (FA1D1BWP40P140)     0.06       3.90 f
  core16_2/core4_5/mult_x_4/U2405/CO (FA1D1BWP40P140)     0.06       3.95 f
  core16_2/core4_5/mult_x_4/U1342/CO (FA1D1BWP40P140)     0.06       4.01 f
  core16_2/core4_5/mult_x_4/U1309/CO (FA1D1BWP40P140LVT)
                                                          0.04       4.05 f
  core16_2/core4_5/mult_x_4/U2416/CO (FA1D1BWP40P140)     0.05       4.11 f
  core16_2/core4_5/mult_x_4/U1465/CO (FA1D0BWP40P140)     0.07       4.17 f
  core16_2/core4_5/mult_x_4/U2417/CO (FA1D1BWP40P140)     0.06       4.23 f
  core16_2/core4_5/mult_x_4/U2418/CO (FA1D1BWP40P140)     0.06       4.29 f
  core16_2/core4_5/mult_x_4/U1466/CO (FA1D0BWP40P140)     0.07       4.36 f
  core16_2/core4_5/mult_x_4/U2419/CO (FA1D1BWP40P140)     0.06       4.42 f
  core16_2/core4_5/mult_x_4/U2420/CO (FA1D1BWP40P140)     0.06       4.47 f
  core16_2/core4_5/mult_x_4/U1467/CO (FA1D0BWP40P140)     0.07       4.54 f
  core16_2/core4_5/mult_x_4/U2421/CO (FA1D1BWP40P140)     0.06       4.60 f
  core16_2/core4_5/mult_x_4/U2422/CO (FA1D1BWP40P140)     0.06       4.66 f
  core16_2/core4_5/mult_x_4/U1468/CO (FA1D0BWP40P140)     0.06       4.72 f
  core16_2/core4_5/mult_x_4/U2404/ZN (MUX2ND0BWP40P140)
                                                          0.04       4.76 f
  core16_2/core4_5/mult_x_4/U1308/Z (XOR2UD0BWP40P140)
                                                          0.07       4.83 r
  core16_2/core4_5/mult_x_4/U1317/Z (XOR2UD1BWP40P140)
                                                          0.05       4.88 r
  core16_2/core4_5/mult_x_4/U1338/Z (XOR2UD1BWP40P140)
                                                          0.05       4.92 r
  core16_2/core4_5/mult_x_4/U1316/ZN (OAI21D0P7BWP40P140LVT)
                                                          0.03       4.95 f
  core16_2/core4_5/mult_x_4/U2415/ZN (OAI31D0BWP40P140LVT)
                                                          0.02       4.97 r
  core16_2/core4_5/mult_x_4/product[40] (core4_1_DW_mult_tc_J23_3_14)
                                                          0.00       4.97 r
  core16_2/core4_5/s_w_3_reg_40_/D (DFQD1BWP40P140LVT)
                                                          0.00       4.97 r
  data arrival time                                                  4.97

  clock clk (rise edge)                                   5.00       5.00
  clock network delay (ideal)                             0.00       5.00
  core16_2/core4_5/s_w_3_reg_40_/CP (DFQD1BWP40P140LVT)
                                                          0.00       5.00 r
  library setup time                                     -0.03       4.97
  data required time                                                 4.97
  --------------------------------------------------------------------------
  data required time                                                 4.97
  data arrival time                                                 -4.97
  --------------------------------------------------------------------------
  slack (MET)                                                        0.00


  Startpoint: io_b_34[0] (input port clocked by clk)
  Endpoint: core16_2/core4_6/s_w_1_reg_39_
            (rising edge-triggered flip-flop clocked by clk)
  Path Group: clk
  Path Type: max

  Des/Clust/Port     Wire Load Model       Library
  ------------------------------------------------
  Eval_1_0_DP_OP_54J22_127_5286_J22_0_7
                     ZeroWireload          tcbn28hpcplusbwp40p140hvtssg0p81vm40c_ccs
  Eval_1_0_DP_OP_53J22_126_8511_J22_0_7
                     ZeroWireload          tcbn28hpcplusbwp40p140hvtssg0p81vm40c_ccs
  Eval_1_0_DP_OP_52J22_125_4583_J22_0_7
                     ZeroWireload          tcbn28hpcplusbwp40p140hvtssg0p81vm40c_ccs
  core64_a32_b10_c32 ZeroWireload          tcbn28hpcplusbwp40p140hvtssg0p81vm40c_ccs
  Eval_33_65_DP_OP_56J20_131_1219_J20_0_1
                     ZeroWireload          tcbn28hpcplusbwp40p140hvtssg0p81vm40c_ccs
  Eval_33_65_DP_OP_55J20_130_7821_J20_0_1
                     ZeroWireload          tcbn28hpcplusbwp40p140hvtssg0p81vm40c_ccs
  Eval_33_65_DP_OP_54J20_129_4429_J20_0_1
                     ZeroWireload          tcbn28hpcplusbwp40p140hvtssg0p81vm40c_ccs
  Eval_33_28_DP_OP_56J27_127_7490_J27_0_0
                     ZeroWireload          tcbn28hpcplusbwp40p140hvtssg0p81vm40c_ccs
  Eval_33_28_DP_OP_55J27_126_3056_J27_0_0
                     ZeroWireload          tcbn28hpcplusbwp40p140hvtssg0p81vm40c_ccs
  Eval_33_28_DP_OP_54J27_125_6198_J27_0_0
                     ZeroWireload          tcbn28hpcplusbwp40p140hvtssg0p81vm40c_ccs
  core4_28_DW_mult_uns_J15_2_0
                     ZeroWireload          tcbn28hpcplusbwp40p140hvtssg0p81vm40c_ccs

  Point                                                   Incr       Path
  --------------------------------------------------------------------------
  clock clk (rise edge)                                   0.00       0.00
  clock network delay (ideal)                             0.00       0.00
  input external delay                                    0.50       0.50 r
  io_b_34[0] (in)                                         0.00       0.50 r
  evalB_8/io_in_2[0] (Eval_1_7)                           0.00       0.50 r
  evalB_8/DP_OP_53J22_126_8511/I1[0] (Eval_1_0_DP_OP_53J22_126_8511_J22_0_7)
                                                          0.00       0.50 r
  evalB_8/DP_OP_53J22_126_8511/U137/CO (HA1D1BWP40P140LVT)
                                                          0.02       0.52 r
  evalB_8/DP_OP_53J22_126_8511/U64/S (FA1D1BWP40P140LVT)
                                                          0.08       0.60 f
  evalB_8/DP_OP_53J22_126_8511/U68/S (FA1D1BWP40P140)     0.12       0.72 r
  evalB_8/DP_OP_53J22_126_8511/O1[1] (Eval_1_0_DP_OP_53J22_126_8511_J22_0_7)
                                                          0.00       0.72 r
  evalB_8/io_out_2[1] (Eval_1_7)                          0.00       0.72 r
  core16_2/io_b_8[1] (core16_4)                           0.00       0.72 r
  core16_2/evalB_2/io_in_0[1] (Eval_33_66)                0.00       0.72 r
  core16_2/evalB_2/U23/Z (CKBD0BWP40P140)                 0.09       0.81 r
  core16_2/evalB_2/io_out_6[1] (Eval_33_66)               0.00       0.81 r
  core16_2/core4_6/io_b_2[1] (core4_28)                   0.00       0.81 r
  core16_2/core4_6/evalB/io_in_2[1] (Eval_33_28)          0.00       0.81 r
  core16_2/core4_6/evalB/DP_OP_54J27_125_6198/I1[1] (Eval_33_28_DP_OP_54J27_125_6198_J27_0_0)
                                                          0.00       0.81 r
  core16_2/core4_6/evalB/DP_OP_54J27_125_6198/U81/CO (HA1D0BWP40P140)
                                                          0.07       0.88 r
  core16_2/core4_6/evalB/DP_OP_54J27_125_6198/U82/S (FA1D0BWP40P140)
                                                          0.11       0.99 f
  core16_2/core4_6/evalB/DP_OP_54J27_125_6198/U88/S (FA1D0BWP40P140)
                                                          0.12       1.11 r
  core16_2/core4_6/evalB/DP_OP_54J27_125_6198/U96/CO (FA1D0BWP40P140)
                                                          0.08       1.19 r
  core16_2/core4_6/evalB/DP_OP_54J27_125_6198/U69/CO (FA1D0BWP40P140)
                                                          0.08       1.26 r
  core16_2/core4_6/evalB/DP_OP_54J27_125_6198/U91/CO (FA1D0BWP40P140)
                                                          0.07       1.34 r
  core16_2/core4_6/evalB/DP_OP_54J27_125_6198/U98/CO (FA1D0BWP40P140)
                                                          0.07       1.41 r
  core16_2/core4_6/evalB/DP_OP_54J27_125_6198/U103/CO (FA1D0BWP40P140)
                                                          0.07       1.48 r
  core16_2/core4_6/evalB/DP_OP_54J27_125_6198/U101/CO (FA1D0BWP40P140)
                                                          0.08       1.56 r
  core16_2/core4_6/evalB/DP_OP_54J27_125_6198/U102/CO (FA1D0BWP40P140)
                                                          0.07       1.63 r
  core16_2/core4_6/evalB/DP_OP_54J27_125_6198/U100/S (FA1D0BWP40P140)
                                                          0.20       1.83 f
  core16_2/core4_6/evalB/DP_OP_54J27_125_6198/O1[11] (Eval_33_28_DP_OP_54J27_125_6198_J27_0_0)
                                                          0.00       1.83 f
  core16_2/core4_6/evalB/io_out_1[11] (Eval_33_28)        0.00       1.83 f
  core16_2/core4_6/mult_x_2/b[11] (core4_28_DW_mult_uns_J15_2_0)
                                                          0.00       1.83 f
  core16_2/core4_6/mult_x_2/U1141/ZN (INVD0P7BWP40P140)
                                                          0.17       2.00 r
  core16_2/core4_6/mult_x_2/U1348/ZN (MUX2ND0BWP40P140)
                                                          0.07       2.07 f
  core16_2/core4_6/mult_x_2/U1354/ZN (INR3D0BWP40P140)
                                                          0.31       2.38 r
  core16_2/core4_6/mult_x_2/U1678/ZN (AOI221D0BWP40P140)
                                                          0.11       2.49 f
  core16_2/core4_6/mult_x_2/U1679/ZN (MUX2ND0BWP40P140)
                                                          0.09       2.58 f
  core16_2/core4_6/mult_x_2/U1155/CO (HA1D0BWP40P140)     0.05       2.63 f
  core16_2/core4_6/mult_x_2/U1202/CO (FA1D0BWP40P140)     0.07       2.70 f
  core16_2/core4_6/mult_x_2/U1763/CO (FA1D1BWP40P140)     0.06       2.76 f
  core16_2/core4_6/mult_x_2/U1203/CO (FA1D0BWP40P140)     0.07       2.83 f
  core16_2/core4_6/mult_x_2/U1756/CO (FA1D1BWP40P140)     0.06       2.89 f
  core16_2/core4_6/mult_x_2/U1204/CO (FA1D0BWP40P140)     0.07       2.95 f
  core16_2/core4_6/mult_x_2/U1750/CO (FA1D1BWP40P140)     0.06       3.01 f
  core16_2/core4_6/mult_x_2/U1205/CO (FA1D0BWP40P140)     0.07       3.08 f
  core16_2/core4_6/mult_x_2/U1744/CO (FA1D1BWP40P140)     0.06       3.14 f
  core16_2/core4_6/mult_x_2/U1740/CO (FA1D1BWP40P140)     0.06       3.20 f
  core16_2/core4_6/mult_x_2/U1206/CO (FA1D0BWP40P140)     0.07       3.27 f
  core16_2/core4_6/mult_x_2/U1734/CO (FA1D1BWP40P140)     0.06       3.33 f
  core16_2/core4_6/mult_x_2/U1207/CO (FA1D0BWP40P140)     0.07       3.39 f
  core16_2/core4_6/mult_x_2/U1693/CO (FA1D0BWP40P140)     0.07       3.47 f
  core16_2/core4_6/mult_x_2/U1208/CO (FA1D0BWP40P140)     0.07       3.54 f
  core16_2/core4_6/mult_x_2/U1721/CO (FA1D1BWP40P140)     0.06       3.60 f
  core16_2/core4_6/mult_x_2/U1209/CO (FA1D0BWP40P140)     0.07       3.67 f
  core16_2/core4_6/mult_x_2/U1715/CO (FA1D1BWP40P140)     0.06       3.73 f
  core16_2/core4_6/mult_x_2/U1210/CO (FA1D0BWP40P140)     0.07       3.80 f
  core16_2/core4_6/mult_x_2/U1686/S (FA1D0BWP40P140)      0.12       3.92 r
  core16_2/core4_6/mult_x_2/U1805/CO (FA1D0BWP40P140)     0.08       4.00 r
  core16_2/core4_6/mult_x_2/U1222/CO (FA1D0BWP40P140)     0.07       4.07 r
  core16_2/core4_6/mult_x_2/U1798/CO (FA1D0BWP40P140)     0.07       4.15 r
  core16_2/core4_6/mult_x_2/U1223/CO (FA1D0BWP40P140)     0.07       4.22 r
  core16_2/core4_6/mult_x_2/U1728/S (FA1D0BWP40P140)      0.12       4.34 f
  core16_2/core4_6/mult_x_2/U1921/CO (FA1D1BWP40P140)     0.07       4.41 f
  core16_2/core4_6/mult_x_2/U1917/CO (FA1D0BWP40P140)     0.07       4.47 f
  core16_2/core4_6/mult_x_2/U1277/CO (FA1D0BWP40P140)     0.07       4.55 f
  core16_2/core4_6/mult_x_2/U1910/CO (FA1D1BWP40P140)     0.06       4.61 f
  core16_2/core4_6/mult_x_2/U1280/S (FA1D0BWP40P140)      0.12       4.73 r
  core16_2/core4_6/mult_x_2/U1297/CO (FA1D0BWP40P140)     0.08       4.80 r
  core16_2/core4_6/mult_x_2/U1833/Z (XOR4D0BWP40P140)     0.10       4.90 r
  core16_2/core4_6/mult_x_2/U2038/Z (XOR3UD0BWP40P140)
                                                          0.05       4.95 r
  core16_2/core4_6/mult_x_2/product[39] (core4_28_DW_mult_uns_J15_2_0)
                                                          0.00       4.95 r
  core16_2/core4_6/s_w_1_reg_39_/D (DFKCNQD1BWP40P140)
                                                          0.00       4.95 r
  data arrival time                                                  4.95

  clock clk (rise edge)                                   5.00       5.00
  clock network delay (ideal)                             0.00       5.00
  core16_2/core4_6/s_w_1_reg_39_/CP (DFKCNQD1BWP40P140)
                                                          0.00       5.00 r
  library setup time                                     -0.05       4.95
  data required time                                                 4.95
  --------------------------------------------------------------------------
  data required time                                                 4.95
  data arrival time                                                 -4.95
  --------------------------------------------------------------------------
  slack (MET)                                                        0.00


1
