 
****************************************
Report : timing
        -path full
        -delay max
        -max_paths 3
Design : core16_a32_b10_c32
Version: O-2018.06-SP5
Date   : Tue May 12 15:38:45 2026
****************************************

 # A fanout number of 1000 was used for high fanout net computations.

Operating Conditions: ssg0p81vm40c   Library: tcbn28hpcplusbwp40p140hvtssg0p81vm40c_ccs
Wire Load Model Mode: segmented

  Startpoint: io_b_11[2] (input port clocked by clk)
  Endpoint: core4_5/s_w_1_reg_36_
            (rising edge-triggered flip-flop clocked by clk)
  Path Group: clk
  Path Type: max

  Des/Clust/Port     Wire Load Model       Library
  ------------------------------------------------
  Eval_1_0_DP_OP_54J8_124_5286_J8_0_1
                     ZeroWireload          tcbn28hpcplusbwp40p140hvtssg0p81vm40c_ccs
  Eval_1_0_DP_OP_53J8_123_8511_J8_0_1
                     ZeroWireload          tcbn28hpcplusbwp40p140hvtssg0p81vm40c_ccs
  Eval_1_0_DP_OP_52J8_122_4583_J8_0_1
                     ZeroWireload          tcbn28hpcplusbwp40p140hvtssg0p81vm40c_ccs
  core16_a32_b10_c32 ZeroWireload          tcbn28hpcplusbwp40p140hvtssg0p81vm40c_ccs
  Eval_9_1_DP_OP_55J9_128_5186_J9_0_0
                     ZeroWireload          tcbn28hpcplusbwp40p140hvtssg0p81vm40c_ccs
  Eval_9_1_DP_OP_54J9_127_110_J9_0_0
                     ZeroWireload          tcbn28hpcplusbwp40p140hvtssg0p81vm40c_ccs
  Eval_9_1_DP_OP_53J9_126_4457_J9_0_0
                     ZeroWireload          tcbn28hpcplusbwp40p140hvtssg0p81vm40c_ccs
  core4_1_DW_mult_tc_J12_5_0
                     ZeroWireload          tcbn28hpcplusbwp40p140hvtssg0p81vm40c_ccs

  Point                                                   Incr       Path
  --------------------------------------------------------------------------
  clock clk (rise edge)                                   0.00       0.00
  clock network delay (ideal)                             0.00       0.00
  input external delay                                    0.50       0.50 f
  io_b_11[2] (in)                                         0.00       0.50 f
  evalB_2/io_in_3[2] (Eval_1_1)                           0.00       0.50 f
  evalB_2/DP_OP_54J8_124_5286/I3[2] (Eval_1_0_DP_OP_54J8_124_5286_J8_0_1)
                                                          0.00       0.50 f
  evalB_2/DP_OP_54J8_124_5286/U116/CO (HA1D0BWP40P140)
                                                          0.02       0.52 f
  evalB_2/DP_OP_54J8_124_5286/U69/CO (FA1D0BWP40P140)     0.07       0.59 f
  evalB_2/DP_OP_54J8_124_5286/U67/CO (FA1D1BWP40P140)     0.06       0.65 f
  evalB_2/DP_OP_54J8_124_5286/U92/S (FA1D0BWP40P140)      0.12       0.77 r
  evalB_2/DP_OP_54J8_124_5286/U106/ZN (CKND0BWP40P140)
                                                          0.03       0.80 f
  evalB_2/DP_OP_54J8_124_5286/U105/CO (FA1D0BWP40P140)
                                                          0.07       0.88 f
  evalB_2/DP_OP_54J8_124_5286/U82/S (FA1D0BWP40P140)      0.15       1.03 r
  evalB_2/DP_OP_54J8_124_5286/O2[6] (Eval_1_0_DP_OP_54J8_124_5286_J8_0_1)
                                                          0.00       1.03 r
  evalB_2/io_out_5[6] (Eval_1_1)                          0.00       1.03 r
  core4_5/io_b_2[6] (core4_1)                             0.00       1.03 r
  core4_5/evalB/io_in_2[6] (Eval_9_1)                     0.00       1.03 r
  core4_5/evalB/DP_OP_53J9_126_4457/I1[6] (Eval_9_1_DP_OP_53J9_126_4457_J9_0_0)
                                                          0.00       1.03 r
  core4_5/evalB/DP_OP_53J9_126_4457/U72/CO (FA1D0BWP40P140)
                                                          0.09       1.12 r
  core4_5/evalB/DP_OP_53J9_126_4457/U82/S (FA1D0BWP40P140)
                                                          0.11       1.23 f
  core4_5/evalB/DP_OP_53J9_126_4457/U94/CO (FA1D0BWP40P140)
                                                          0.08       1.31 f
  core4_5/evalB/DP_OP_53J9_126_4457/U85/S (FA1D0BWP40P140)
                                                          0.12       1.43 r
  core4_5/evalB/DP_OP_53J9_126_4457/U97/CO (FA1D0BWP40P140)
                                                          0.08       1.50 r
  core4_5/evalB/DP_OP_53J9_126_4457/U104/CO (FA1D0BWP40P140)
                                                          0.07       1.58 r
  core4_5/evalB/DP_OP_53J9_126_4457/U87/CO (FA1D0BWP40P140)
                                                          0.07       1.65 r
  core4_5/evalB/DP_OP_53J9_126_4457/U99/CO (FA1D0BWP40P140)
                                                          0.07       1.73 r
  core4_5/evalB/DP_OP_53J9_126_4457/U89/CO (FA1D0BWP40P140)
                                                          0.07       1.80 r
  core4_5/evalB/DP_OP_53J9_126_4457/U100/CO (FA1D0BWP40P140)
                                                          0.07       1.88 r
  core4_5/evalB/DP_OP_53J9_126_4457/U105/CO (FA1D0BWP40P140)
                                                          0.07       1.95 r
  core4_5/evalB/DP_OP_53J9_126_4457/U106/CO (FA1D0BWP40P140)
                                                          0.07       2.02 r
  core4_5/evalB/DP_OP_53J9_126_4457/U61/ZN (XNR4D0BWP40P140)
                                                          0.10       2.12 f
  core4_5/evalB/DP_OP_53J9_126_4457/U63/ZN (XNR4D0BWP40P140)
                                                          0.18       2.30 r
  core4_5/evalB/DP_OP_53J9_126_4457/O1[18] (Eval_9_1_DP_OP_53J9_126_4457_J9_0_0)
                                                          0.00       2.30 r
  core4_5/evalB/io_out_1[18] (Eval_9_1)                   0.00       2.30 r
  core4_5/mult_x_2/b[18] (core4_1_DW_mult_tc_J12_5_0)     0.00       2.30 r
  core4_5/mult_x_2/U1245/ZN (CKND0BWP40P140)              0.13       2.42 f
  core4_5/mult_x_2/U1244/ZN (AOI22D0BWP40P140)            0.23       2.65 r
  core4_5/mult_x_2/U1031/ZN (NR2D0P7BWP40P140)            0.08       2.73 f
  core4_5/mult_x_2/U1044/S (FA1D0BWP40P140)               0.15       2.88 r
  core4_5/mult_x_2/U1123/S (FA1D0BWP40P140)               0.09       2.97 r
  core4_5/mult_x_2/U1206/S (FA1D0BWP40P140)               0.11       3.08 f
  core4_5/mult_x_2/U1261/S (FA1D0BWP40P140)               0.12       3.20 r
  core4_5/mult_x_2/U1297/CO (FA1D0BWP40P140)              0.08       3.28 r
  core4_5/mult_x_2/U1298/CO (FA1D0BWP40P140)              0.07       3.35 r
  core4_5/mult_x_2/U1299/CO (FA1D0BWP40P140)              0.07       3.42 r
  core4_5/mult_x_2/U1300/CO (FA1D0BWP40P140)              0.07       3.50 r
  core4_5/mult_x_2/U1301/CO (FA1D0BWP40P140)              0.07       3.57 r
  core4_5/mult_x_2/U1302/CO (FA1D0BWP40P140)              0.07       3.65 r
  core4_5/mult_x_2/U1281/CO (FA1D0BWP40P140)              0.07       3.72 r
  core4_5/mult_x_2/U1303/CO (FA1D0BWP40P140)              0.07       3.79 r
  core4_5/mult_x_2/U1304/CO (FA1D0BWP40P140)              0.07       3.87 r
  core4_5/mult_x_2/U1305/CO (FA1D0BWP40P140)              0.07       3.94 r
  core4_5/mult_x_2/U1306/CO (FA1D0BWP40P140)              0.07       4.02 r
  core4_5/mult_x_2/U1383/CO (FA1D0BWP40P140)              0.07       4.09 r
  core4_5/mult_x_2/U1307/CO (FA1D0BWP40P140)              0.07       4.16 r
  core4_5/mult_x_2/U1308/CO (FA1D0BWP40P140)              0.07       4.24 r
  core4_5/mult_x_2/U1309/CO (FA1D0BWP40P140)              0.07       4.31 r
  core4_5/mult_x_2/U1310/CO (FA1D0BWP40P140)              0.07       4.39 r
  core4_5/mult_x_2/U1311/CO (FA1D0BWP40P140)              0.07       4.46 r
  core4_5/mult_x_2/U1013/CO (FA1D1BWP40P140)              0.05       4.51 r
  core4_5/mult_x_2/U1010/ZN (XNR4D0BWP40P140)             0.11       4.62 r
  core4_5/mult_x_2/U1279/Z (XOR4D0BWP40P140)              0.12       4.74 r
  core4_5/mult_x_2/U1009/Z (XOR4D0BWP40P140)              0.13       4.87 f
  core4_5/mult_x_2/U1012/Z (XOR4D0BWP40P140)              0.10       4.96 r
  core4_5/mult_x_2/product[36] (core4_1_DW_mult_tc_J12_5_0)
                                                          0.00       4.96 r
  core4_5/s_w_1_reg_36_/D (DFQD1BWP40P140)                0.00       4.96 r
  data arrival time                                                  4.96

  clock clk (rise edge)                                   5.00       5.00
  clock network delay (ideal)                             0.00       5.00
  core4_5/s_w_1_reg_36_/CP (DFQD1BWP40P140)               0.00       5.00 r
  library setup time                                     -0.03       4.97
  data required time                                                 4.97
  --------------------------------------------------------------------------
  data required time                                                 4.97
  data arrival time                                                 -4.96
  --------------------------------------------------------------------------
  slack (MET)                                                        0.00


  Startpoint: io_b_3[2] (input port clocked by clk)
  Endpoint: core4_5/s_w_2_reg_37_
            (rising edge-triggered flip-flop clocked by clk)
  Path Group: clk
  Path Type: max

  Des/Clust/Port     Wire Load Model       Library
  ------------------------------------------------
  core16_a32_b10_c32 ZeroWireload          tcbn28hpcplusbwp40p140hvtssg0p81vm40c_ccs
  Eval_1_0_DP_OP_52J8_122_4583_J8_0_3
                     ZeroWireload          tcbn28hpcplusbwp40p140hvtssg0p81vm40c_ccs
  Eval_1_0_DP_OP_53J8_123_8511_J8_0_3
                     ZeroWireload          tcbn28hpcplusbwp40p140hvtssg0p81vm40c_ccs
  Eval_1_0_DP_OP_54J8_124_5286_J8_0_3
                     ZeroWireload          tcbn28hpcplusbwp40p140hvtssg0p81vm40c_ccs
  Eval_9_6_DP_OP_54J6_122_9172_J6_0
                     ZeroWireload          tcbn28hpcplusbwp40p140hvtssg0p81vm40c_ccs
  Eval_9_6_DP_OP_55J6_123_183_J6_0
                     ZeroWireload          tcbn28hpcplusbwp40p140hvtssg0p81vm40c_ccs
  Eval_9_6_DP_OP_56J6_124_9282_J6_0
                     ZeroWireload          tcbn28hpcplusbwp40p140hvtssg0p81vm40c_ccs
  Eval_9_1_DP_OP_55J9_128_5186_J9_0_0
                     ZeroWireload          tcbn28hpcplusbwp40p140hvtssg0p81vm40c_ccs
  Eval_9_1_DP_OP_54J9_127_110_J9_0_0
                     ZeroWireload          tcbn28hpcplusbwp40p140hvtssg0p81vm40c_ccs
  Eval_9_1_DP_OP_53J9_126_4457_J9_0_0
                     ZeroWireload          tcbn28hpcplusbwp40p140hvtssg0p81vm40c_ccs
  core4_1_DW_mult_tc_J12_4_0
                     ZeroWireload          tcbn28hpcplusbwp40p140hvtssg0p81vm40c_ccs

  Point                                                   Incr       Path
  --------------------------------------------------------------------------
  clock clk (rise edge)                                   0.00       0.00
  clock network delay (ideal)                             0.00       0.00
  input external delay                                    0.50       0.50 f
  io_b_3[2] (in)                                          0.00       0.50 f
  evalB/io_in_3[2] (Eval_1_3)                             0.00       0.50 f
  evalB/U2/ZN (INVD1BWP40P140LVT)                         0.01       0.51 r
  evalB/U7/ZN (INVD2BWP40P140LVT)                         0.02       0.53 f
  evalB/DP_OP_54J8_124_5286/I3[2] (Eval_1_0_DP_OP_54J8_124_5286_J8_0_3)
                                                          0.00       0.53 f
  evalB/DP_OP_54J8_124_5286/U98/CO (HA1D0BWP40P140)       0.04       0.57 f
  evalB/DP_OP_54J8_124_5286/U115/CO (FA1D0BWP40P140)      0.07       0.64 f
  evalB/DP_OP_54J8_124_5286/U100/S (FA1D0BWP40P140)       0.13       0.76 r
  evalB/DP_OP_54J8_124_5286/U106/ZN (CKND0BWP40P140)      0.03       0.80 f
  evalB/DP_OP_54J8_124_5286/U69/CO (FA1D0BWP40P140)       0.08       0.87 f
  evalB/DP_OP_54J8_124_5286/U120/S (FA1D0BWP40P140)       0.15       1.02 r
  evalB/DP_OP_54J8_124_5286/O2[5] (Eval_1_0_DP_OP_54J8_124_5286_J8_0_3)
                                                          0.00       1.02 r
  evalB/io_out_5[5] (Eval_1_3)                            0.00       1.02 r
  core4_5/io_b_0[5] (core4_1)                             0.00       1.02 r
  core4_5/evalB/io_in_0[5] (Eval_9_1)                     0.00       1.02 r
  core4_5/evalB/DP_OP_54J9_127_110/I1[5] (Eval_9_1_DP_OP_54J9_127_110_J9_0_0)
                                                          0.00       1.02 r
  core4_5/evalB/DP_OP_54J9_127_110/U154/CO (FA1D0BWP40P140)
                                                          0.09       1.12 r
  core4_5/evalB/DP_OP_54J9_127_110/U128/CO (FA1D0BWP40P140)
                                                          0.07       1.19 r
  core4_5/evalB/DP_OP_54J9_127_110/U140/CO (FA1D0BWP40P140)
                                                          0.07       1.27 r
  core4_5/evalB/DP_OP_54J9_127_110/U130/CO (FA1D0BWP40P140)
                                                          0.07       1.34 r
  core4_5/evalB/DP_OP_54J9_127_110/U160/CO (FA1D0BWP40P140)
                                                          0.07       1.41 r
  core4_5/evalB/DP_OP_54J9_127_110/U132/CO (FA1D0BWP40P140)
                                                          0.07       1.49 r
  core4_5/evalB/DP_OP_54J9_127_110/U163/S (FA1D0BWP40P140)
                                                          0.13       1.61 f
  core4_5/evalB/DP_OP_54J9_127_110/U182/S (FA1D0BWP40P140)
                                                          0.22       1.83 r
  core4_5/evalB/DP_OP_54J9_127_110/O1[11] (Eval_9_1_DP_OP_54J9_127_110_J9_0_0)
                                                          0.00       1.83 r
  core4_5/evalB/io_out_2[11] (Eval_9_1)                   0.00       1.83 r
  core4_5/mult_x_3/b[11] (core4_1_DW_mult_tc_J12_4_0)     0.00       1.83 r
  core4_5/mult_x_3/U1367/ZN (CKND0BWP40P140)              0.18       2.00 f
  core4_5/mult_x_3/U1226/ZN (AOI22D0BWP40P140)            0.13       2.14 r
  core4_5/mult_x_3/U1139/ZN (CKND0BWP40P140)              0.13       2.26 f
  core4_5/mult_x_3/U1451/ZN (AOI221D0BWP40P140)           0.28       2.55 r
  core4_5/mult_x_3/U1835/Z (AO22D0BWP40P140)              0.13       2.67 r
  core4_5/mult_x_3/U1147/S (FA1D0BWP40P140)               0.11       2.79 f
  core4_5/mult_x_3/U1252/S (FA1D0BWP40P140)               0.13       2.91 r
  core4_5/mult_x_3/U1313/S (FA1D0BWP40P140)               0.11       3.03 f
  core4_5/mult_x_3/U1349/CO (FA1D0BWP40P140)              0.08       3.10 f
  core4_5/mult_x_3/U1350/CO (FA1D0BWP40P140)              0.07       3.18 f
  core4_5/mult_x_3/U1351/CO (FA1D0BWP40P140)              0.07       3.25 f
  core4_5/mult_x_3/U1065/CO (FA1D1BWP40P140)              0.06       3.31 f
  core4_5/mult_x_3/U1064/CO (FA1D1BWP40P140)              0.06       3.36 f
  core4_5/mult_x_3/U1352/CO (FA1D0BWP40P140)              0.07       3.43 f
  core4_5/mult_x_3/U1353/CO (FA1D0BWP40P140)              0.07       3.51 f
  core4_5/mult_x_3/U1058/CO (FA1D1BWP40P140)              0.06       3.57 f
  core4_5/mult_x_3/U1056/CO (FA1D1BWP40P140)              0.06       3.62 f
  core4_5/mult_x_3/U1354/CO (FA1D0BWP40P140)              0.07       3.69 f
  core4_5/mult_x_3/U1355/CO (FA1D0BWP40P140)              0.07       3.76 f
  core4_5/mult_x_3/U1356/CO (FA1D0BWP40P140)              0.07       3.83 f
  core4_5/mult_x_3/U1357/CO (FA1D0BWP40P140)              0.07       3.91 f
  core4_5/mult_x_3/U1358/CO (FA1D0BWP40P140)              0.07       3.98 f
  core4_5/mult_x_3/U1359/CO (FA1D0BWP40P140)              0.07       4.05 f
  core4_5/mult_x_3/U1360/CO (FA1D0BWP40P140)              0.07       4.12 f
  core4_5/mult_x_3/U1361/CO (FA1D0BWP40P140)              0.07       4.20 f
  core4_5/mult_x_3/U1049/CO (FA1D1BWP40P140LVT)           0.05       4.25 f
  core4_5/mult_x_3/U1043/CO (FA1D1BWP40P140LVT)           0.04       4.29 f
  core4_5/mult_x_3/U1338/CO (FA1D0BWP40P140)              0.07       4.35 f
  core4_5/mult_x_3/U1362/CO (FA1D0BWP40P140)              0.07       4.43 f
  core4_5/mult_x_3/U1363/CO (FA1D0BWP40P140)              0.07       4.50 f
  core4_5/mult_x_3/U1048/CO (FA1D1BWP40P140LVT)           0.05       4.55 f
  core4_5/mult_x_3/U1042/CO (FA1D1BWP40P140LVT)           0.04       4.59 f
  core4_5/mult_x_3/U1047/Z (XOR4D1BWP40P140LVT)           0.06       4.65 r
  core4_5/mult_x_3/U1041/Z (XOR4D0BWP40P140)              0.12       4.77 f
  core4_5/mult_x_3/U1040/Z (XOR4D1BWP40P140)              0.10       4.87 f
  core4_5/mult_x_3/U1046/Z (XOR4D0BWP40P140)              0.10       4.96 r
  core4_5/mult_x_3/product[37] (core4_1_DW_mult_tc_J12_4_0)
                                                          0.00       4.96 r
  core4_5/s_w_2_reg_37_/D (DFQD1BWP40P140)                0.00       4.96 r
  data arrival time                                                  4.96

  clock clk (rise edge)                                   5.00       5.00
  clock network delay (ideal)                             0.00       5.00
  core4_5/s_w_2_reg_37_/CP (DFQD1BWP40P140)               0.00       5.00 r
  library setup time                                     -0.03       4.97
  data required time                                                 4.97
  --------------------------------------------------------------------------
  data required time                                                 4.97
  data arrival time                                                 -4.96
  --------------------------------------------------------------------------
  slack (MET)                                                        0.00


  Startpoint: io_b_9[0] (input port clocked by clk)
  Endpoint: core4_2/s_w_1_reg_36_
            (rising edge-triggered flip-flop clocked by clk)
  Path Group: clk
  Path Type: max

  Des/Clust/Port     Wire Load Model       Library
  ------------------------------------------------
  Eval_1_0_DP_OP_54J8_124_5286_J8_0_1
                     ZeroWireload          tcbn28hpcplusbwp40p140hvtssg0p81vm40c_ccs
  Eval_1_0_DP_OP_53J8_123_8511_J8_0_1
                     ZeroWireload          tcbn28hpcplusbwp40p140hvtssg0p81vm40c_ccs
  Eval_1_0_DP_OP_52J8_122_4583_J8_0_1
                     ZeroWireload          tcbn28hpcplusbwp40p140hvtssg0p81vm40c_ccs
  core16_a32_b10_c32 ZeroWireload          tcbn28hpcplusbwp40p140hvtssg0p81vm40c_ccs
  Eval_9_4_DP_OP_56J7_130_1958_J7_0
                     ZeroWireload          tcbn28hpcplusbwp40p140hvtssg0p81vm40c_ccs
  Eval_9_4_DP_OP_55J7_129_37_J7_0
                     ZeroWireload          tcbn28hpcplusbwp40p140hvtssg0p81vm40c_ccs
  Eval_9_4_DP_OP_54J7_128_9894_J7_0
                     ZeroWireload          tcbn28hpcplusbwp40p140hvtssg0p81vm40c_ccs
  core4_4_DW_mult_uns_J8_2
                     ZeroWireload          tcbn28hpcplusbwp40p140hvtssg0p81vm40c_ccs

  Point                                                   Incr       Path
  --------------------------------------------------------------------------
  clock clk (rise edge)                                   0.00       0.00
  clock network delay (ideal)                             0.00       0.00
  input external delay                                    0.50       0.50 r
  io_b_9[0] (in)                                          0.00       0.50 r
  evalB_2/io_in_1[0] (Eval_1_1)                           0.00       0.50 r
  evalB_2/DP_OP_53J8_123_8511/I3[0] (Eval_1_0_DP_OP_53J8_123_8511_J8_0_1)
                                                          0.00       0.50 r
  evalB_2/DP_OP_53J8_123_8511/U106/CO (HA1D0BWP40P140)
                                                          0.04       0.54 r
  evalB_2/DP_OP_53J8_123_8511/U65/S (FA1D1BWP40P140)      0.10       0.64 f
  evalB_2/DP_OP_53J8_123_8511/U62/CO (FA1D1BWP40P140)     0.07       0.70 f
  evalB_2/DP_OP_53J8_123_8511/U108/CO (FA1D0BWP40P140)
                                                          0.07       0.77 f
  evalB_2/DP_OP_53J8_123_8511/U102/S (FA1D0BWP40P140)     0.15       0.92 r
  evalB_2/DP_OP_53J8_123_8511/O1[3] (Eval_1_0_DP_OP_53J8_123_8511_J8_0_1)
                                                          0.00       0.92 r
  evalB_2/io_out_2[3] (Eval_1_1)                          0.00       0.92 r
  core4_2/io_b_2[3] (core4_4)                             0.00       0.92 r
  core4_2/evalB/io_in_2[3] (Eval_9_4)                     0.00       0.92 r
  core4_2/evalB/DP_OP_54J7_128_9894/I1[3] (Eval_9_4_DP_OP_54J7_128_9894_J7_0)
                                                          0.00       0.92 r
  core4_2/evalB/DP_OP_54J7_128_9894/U71/CO (FA1D0BWP40P140)
                                                          0.09       1.01 r
  core4_2/evalB/DP_OP_54J7_128_9894/U65/CO (FA1D0BWP40P140)
                                                          0.07       1.08 r
  core4_2/evalB/DP_OP_54J7_128_9894/U66/CO (FA1D0BWP40P140)
                                                          0.07       1.16 r
  core4_2/evalB/DP_OP_54J7_128_9894/U68/CO (FA1D0BWP40P140)
                                                          0.07       1.23 r
  core4_2/evalB/DP_OP_54J7_128_9894/U69/CO (FA1D0BWP40P140)
                                                          0.07       1.30 r
  core4_2/evalB/DP_OP_54J7_128_9894/U70/S (FA1D0BWP40P140)
                                                          0.11       1.42 f
  core4_2/evalB/DP_OP_54J7_128_9894/U78/CO (FA1D0BWP40P140)
                                                          0.08       1.49 f
  core4_2/evalB/DP_OP_54J7_128_9894/U76/S (FA1D0BWP40P140)
                                                          0.12       1.62 r
  core4_2/evalB/DP_OP_54J7_128_9894/U60/S (FA1D1BWP40P140LVT)
                                                          0.12       1.73 f
  core4_2/evalB/DP_OP_54J7_128_9894/O1[11] (Eval_9_4_DP_OP_54J7_128_9894_J7_0)
                                                          0.00       1.73 f
  core4_2/evalB/io_out_1[11] (Eval_9_4)                   0.00       1.73 f
  core4_2/mult_x_2/b[11] (core4_4_DW_mult_uns_J8_2)       0.00       1.73 f
  core4_2/mult_x_2/U1284/ZN (CKND0BWP40P140)              0.14       1.87 r
  core4_2/mult_x_2/U1456/ZN (MUX2ND0BWP40P140)            0.07       1.95 f
  core4_2/mult_x_2/U1457/ZN (INR3D0BWP40P140)             0.28       2.23 r
  core4_2/mult_x_2/U1075/ZN (AOI221D0BWP40P140)           0.10       2.33 f
  core4_2/mult_x_2/U1524/ZN (MUX2ND0BWP40P140)            0.08       2.41 r
  core4_2/mult_x_2/U1035/CO (HA1D0BWP40P140)              0.06       2.47 r
  core4_2/mult_x_2/U1139/CO (FA1D0BWP40P140)              0.07       2.54 r
  core4_2/mult_x_2/U1141/CO (FA1D0BWP40P140)              0.07       2.61 r
  core4_2/mult_x_2/U1142/CO (FA1D0BWP40P140)              0.07       2.68 r
  core4_2/mult_x_2/U1143/CO (FA1D0BWP40P140)              0.07       2.76 r
  core4_2/mult_x_2/U1144/CO (FA1D0BWP40P140)              0.07       2.83 r
  core4_2/mult_x_2/U1145/CO (FA1D0BWP40P140)              0.07       2.91 r
  core4_2/mult_x_2/U1146/CO (FA1D0BWP40P140)              0.07       2.98 r
  core4_2/mult_x_2/U1147/CO (FA1D0BWP40P140)              0.07       3.05 r
  core4_2/mult_x_2/U1148/CO (FA1D0BWP40P140)              0.07       3.13 r
  core4_2/mult_x_2/U1149/CO (FA1D0BWP40P140)              0.07       3.20 r
  core4_2/mult_x_2/U1150/CO (FA1D0BWP40P140)              0.07       3.28 r
  core4_2/mult_x_2/U1151/S (FA1D0BWP40P140)               0.12       3.39 f
  core4_2/mult_x_2/U1025/CO (FA1D1BWP40P140)              0.07       3.46 f
  core4_2/mult_x_2/U1012/CO (FA1D1BWP40P140)              0.06       3.52 f
  core4_2/mult_x_2/U1181/S (FA1D0BWP40P140)               0.12       3.64 r
  core4_2/mult_x_2/U1234/CO (FA1D0BWP40P140)              0.08       3.72 r
  core4_2/mult_x_2/U1236/CO (FA1D0BWP40P140)              0.07       3.79 r
  core4_2/mult_x_2/U1194/CO (FA1D0BWP40P140)              0.07       3.86 r
  core4_2/mult_x_2/U1238/CO (FA1D0BWP40P140)              0.07       3.94 r
  core4_2/mult_x_2/U1240/CO (FA1D0BWP40P140)              0.07       4.01 r
  core4_2/mult_x_2/U1242/CO (FA1D0BWP40P140)              0.07       4.09 r
  core4_2/mult_x_2/U1244/CO (FA1D0BWP40P140)              0.07       4.16 r
  core4_2/mult_x_2/U1246/CO (FA1D0BWP40P140)              0.07       4.23 r
  core4_2/mult_x_2/U1248/CO (FA1D0BWP40P140)              0.07       4.31 r
  core4_2/mult_x_2/U1250/CO (FA1D0BWP40P140)              0.07       4.38 r
  core4_2/mult_x_2/U1252/S (FA1D0BWP40P140)               0.12       4.50 f
  core4_2/mult_x_2/U1019/CO (FA1D1BWP40P140)              0.07       4.57 f
  core4_2/mult_x_2/U1018/Z (XOR4D1BWP40P140LVT)           0.06       4.63 r
  core4_2/mult_x_2/U1167/ZN (OAI21D0BWP40P140HVT)         0.04       4.66 f
  core4_2/mult_x_2/U1166/ZN (OAI31D0BWP40P140LVT)         0.04       4.70 r
  core4_2/mult_x_2/U1017/Z (XOR4D1BWP40P140LVT)           0.08       4.78 r
  core4_2/mult_x_2/U1013/ZN (OAI21D0BWP40P140HVT)         0.04       4.82 f
  core4_2/mult_x_2/U1254/ZN (OAI31D0BWP40P140LVT)         0.03       4.85 r
  core4_2/mult_x_2/U1016/Z (XOR4D0BWP40P140)              0.12       4.96 r
  core4_2/mult_x_2/product[36] (core4_4_DW_mult_uns_J8_2)
                                                          0.00       4.96 r
  core4_2/s_w_1_reg_36_/D (DFQD1BWP40P140)                0.00       4.96 r
  data arrival time                                                  4.96

  clock clk (rise edge)                                   5.00       5.00
  clock network delay (ideal)                             0.00       5.00
  core4_2/s_w_1_reg_36_/CP (DFQD1BWP40P140)               0.00       5.00 r
  library setup time                                     -0.03       4.97
  data required time                                                 4.97
  --------------------------------------------------------------------------
  data required time                                                 4.97
  data arrival time                                                 -4.96
  --------------------------------------------------------------------------
  slack (MET)                                                        0.00


1
