 
****************************************
Report : area
Design : core4_a24_b10_c24
Version: O-2018.06-SP5
Date   : Tue May 12 04:57:13 2026
****************************************

Library(s) Used:

    tcbn28hpcplusbwp40p140lvtssg0p81vm40c_ccs (File: /export1/Library/TN28HPC+/STD_CELL_ext/track9_200824/TSMCHOME/digital/Front_End/timing_power_noise/CCS/tcbn28hpcplusbwp40p140lvt_180a/tcbn28hpcplusbwp40p140lvtssg0p81vm40c_ccs.db)
    tcbn28hpcplusbwp40p140ssg0p81vm40c_ccs (File: /export1/Library/TN28HPC+/STD_CELL_ext/track9_200824/TSMCHOME/digital/Front_End/timing_power_noise/CCS/tcbn28hpcplusbwp40p140_180a/tcbn28hpcplusbwp40p140ssg0p81vm40c_ccs.db)
    tcbn28hpcplusbwp40p140hvtssg0p81vm40c_ccs (File: /export1/Library/TN28HPC+/STD_CELL_ext/track9_200824/TSMCHOME/digital/Front_End/timing_power_noise/CCS/tcbn28hpcplusbwp40p140hvt_180a/tcbn28hpcplusbwp40p140hvtssg0p81vm40c_ccs.db)

Number of ports:                         2870
Number of nets:                          9135
Number of cells:                         4818
Number of combinational cells:           4510
Number of sequential cells:               284
Number of macros/black boxes:               0
Number of buf/inv:                        547
Number of references:                      14

Combinational area:               5547.527910
Buf/Inv area:                      146.538001
Noncombinational area:             572.544009
Macro/Black Box area:                0.000000
Net Interconnect area:      undefined  (Wire load has zero net area)

Total cell area:                  6120.071919
Total area:                 undefined

Hierarchical area distribution
------------------------------

                                  Global cell area          Local cell area
                                  ------------------  ---------------------------- 
Hierarchical cell                 Absolute   Percent  Combi-     Noncombi-  Black-
                                  Total      Total    national   national   boxes   Design
--------------------------------  ---------  -------  ---------  ---------  ------  -------------------------------------------
core4_a24_b10_c24                 6120.0719    100.0     1.0080   376.9920  0.0000  core4_a24_b10_c24
evalA                              602.6580      9.8    19.0260     0.0000  0.0000  Eval
evalA/DP_OP_52J2_123_5738          154.2240      2.5   154.2240     0.0000  0.0000  Eval_DP_OP_52J2_123_5738_J2_0
evalA/DP_OP_53J2_124_3642          213.9480      3.5   213.9480     0.0000  0.0000  Eval_DP_OP_53J2_124_3642_J2_0
evalA/DP_OP_54J2_125_276           215.4600      3.5   215.4600     0.0000  0.0000  Eval_DP_OP_54J2_125_276_J2_0
evalB                              267.6240      4.4     9.7020     0.0000  0.0000  Eval_1
evalB/DP_OP_52J2_126_4539           69.8040      1.1    69.8040     0.0000  0.0000  Eval_1_DP_OP_52J2_126_4539_J2_0
evalB/DP_OP_53J2_127_9506           90.4680      1.5    90.4680     0.0000  0.0000  Eval_1_DP_OP_53J2_127_9506_J2_0
evalB/DP_OP_54J2_128_4915           97.6500      1.6    97.6500     0.0000  0.0000  Eval_1_DP_OP_54J2_128_4915_J2_0
interp                            1707.0480     27.9     0.7560   195.5520  0.0000  Interpolation
interp/interp                     1510.7400     24.7     0.2520     0.0000  0.0000  InterpolationComb
interp/interp/DP_OP_106J2_122_5429 1510.4880    24.7  1510.4880     0.0000  0.0000  InterpolationComb_DP_OP_106J2_122_5429_J2_0
mult_x_1                           371.3220      6.1   371.3220     0.0000  0.0000  core4_a24_b10_c24_DW_mult_uns_J2_2
mult_x_2                           464.8140      7.6   464.8140     0.0000  0.0000  core4_a24_b10_c24_DW_mult_tc_J2_3
mult_x_3                           470.7360      7.7   470.7360     0.0000  0.0000  core4_a24_b10_c24_DW_mult_uns_J2_1
mult_x_4                           445.5360      7.3   445.5360     0.0000  0.0000  core4_a24_b10_c24_DW_mult_tc_J2_2
mult_x_5                           520.5060      8.5   520.5060     0.0000  0.0000  core4_a24_b10_c24_DW_mult_tc_J2_1
mult_x_6                           520.5060      8.5   520.5060     0.0000  0.0000  core4_a24_b10_c24_DW_mult_tc_J2_0
mult_x_7                           371.3220      6.1   371.3220     0.0000  0.0000  core4_a24_b10_c24_DW_mult_uns_J2_0
--------------------------------  ---------  -------  ---------  ---------  ------  -------------------------------------------
Total                                                 5547.5279   572.5440  0.0000

1
