 
****************************************
Report : timing
        -path full
        -delay max
        -max_paths 3
Design : core64_a32_b8_c32
Version: O-2018.06-SP5
Date   : Wed May 13 05:01:28 2026
****************************************

 # A fanout number of 1000 was used for high fanout net computations.

Operating Conditions: ssg0p81vm40c   Library: tcbn28hpcplusbwp40p140hvtssg0p81vm40c_ccs
Wire Load Model Mode: segmented

  Startpoint: io_b_3[0] (input port clocked by clk)
  Endpoint: core16_4/core4_6/s_w_3_reg_40_
            (rising edge-triggered flip-flop clocked by clk)
  Path Group: clk
  Path Type: max

  Des/Clust/Port     Wire Load Model       Library
  ------------------------------------------------
  core64_a32_b8_c32  ZeroWireload          tcbn28hpcplusbwp40p140hvtssg0p81vm40c_ccs
  Eval_1_0_DP_OP_52J22_125_102_J22_0_15
                     ZeroWireload          tcbn28hpcplusbwp40p140hvtssg0p81vm40c_ccs
  Eval_1_0_DP_OP_53J22_126_6763_J22_0_15
                     ZeroWireload          tcbn28hpcplusbwp40p140hvtssg0p81vm40c_ccs
  Eval_1_0_DP_OP_54J22_127_2528_J22_0_15
                     ZeroWireload          tcbn28hpcplusbwp40p140hvtssg0p81vm40c_ccs
  Eval_33_57_DP_OP_56J26_127_6732_J26_0_3
                     ZeroWireload          tcbn28hpcplusbwp40p140hvtssg0p81vm40c_ccs
  Eval_33_57_DP_OP_55J26_126_6412_J26_0_3
                     ZeroWireload          tcbn28hpcplusbwp40p140hvtssg0p81vm40c_ccs
  Eval_33_57_DP_OP_54J26_125_5295_J26_0_3
                     ZeroWireload          tcbn28hpcplusbwp40p140hvtssg0p81vm40c_ccs
  core4_14_DW_mult_uns_J33_0_0
                     ZeroWireload          tcbn28hpcplusbwp40p140hvtssg0p81vm40c_ccs
  Eval_33_2_DP_OP_54J25_125_8201_J25_0_1
                     ZeroWireload          tcbn28hpcplusbwp40p140hvtssg0p81vm40c_ccs
  Eval_33_2_DP_OP_55J25_126_1455_J25_0_1
                     ZeroWireload          tcbn28hpcplusbwp40p140hvtssg0p81vm40c_ccs
  Eval_33_2_DP_OP_56J25_127_8740_J25_0_1
                     ZeroWireload          tcbn28hpcplusbwp40p140hvtssg0p81vm40c_ccs
  core4_14_DW_mult_tc_J33_1_0
                     ZeroWireload          tcbn28hpcplusbwp40p140hvtssg0p81vm40c_ccs

  Point                                                   Incr       Path
  --------------------------------------------------------------------------
  clock clk (rise edge)                                   0.00       0.00
  clock network delay (ideal)                             0.00       0.00
  input external delay                                    0.50       0.50 r
  io_b_3[0] (in)                                          0.00       0.50 r
  evalB/io_in_3[0] (Eval_1_15)                            0.00       0.50 r
  evalB/U5/ZN (INVD2BWP40P140LVT)                         0.00       0.50 f
  evalB/U9/ZN (INVD3BWP40P140LVT)                         0.01       0.51 r
  evalB/DP_OP_54J22_127_2528/I3[0] (Eval_1_0_DP_OP_54J22_127_2528_J22_0_15)
                                                          0.00       0.51 r
  evalB/DP_OP_54J22_127_2528/U112/ZN (CKND0BWP40P140)     0.02       0.54 f
  evalB/DP_OP_54J22_127_2528/U111/ZN (CKND0BWP40P140)     0.02       0.56 r
  evalB/DP_OP_54J22_127_2528/U78/Z (CKBD0BWP40P140)       0.03       0.59 r
  evalB/DP_OP_54J22_127_2528/O1[0] (Eval_1_0_DP_OP_54J22_127_2528_J22_0_15)
                                                          0.00       0.59 r
  evalB/io_out_4[0] (Eval_1_15)                           0.00       0.59 r
  core16_4/io_b_0[0] (core16_2)                           0.00       0.59 r
  core16_4/evalB/io_in_0[0] (Eval_33_60)                  0.00       0.59 r
  core16_4/evalB/U34/ZN (CKND0BWP40P140)                  0.01       0.60 f
  core16_4/evalB/U19/ZN (CKND0BWP40P140)                  0.04       0.64 r
  core16_4/evalB/io_out_6[0] (Eval_33_60)                 0.00       0.64 r
  core16_4/core4_6/io_b_0[0] (core4_14)                   0.00       0.64 r
  core16_4/core4_6/evalB/io_in_0[0] (Eval_33_14)          0.00       0.64 r
  core16_4/core4_6/evalB/U10/ZN (CKND0BWP40P140)          0.03       0.67 f
  core16_4/core4_6/evalB/U9/ZN (CKND0BWP40P140)           0.06       0.73 r
  core16_4/core4_6/evalB/DP_OP_55J25_126_1455/I2[0] (Eval_33_2_DP_OP_55J25_126_1455_J25_0_1)
                                                          0.00       0.73 r
  core16_4/core4_6/evalB/DP_OP_55J25_126_1455/U114/CO (HA1D0BWP40P140)
                                                          0.06       0.79 r
  core16_4/core4_6/evalB/DP_OP_55J25_126_1455/U133/CO (FA1D0BWP40P140)
                                                          0.07       0.86 r
  core16_4/core4_6/evalB/DP_OP_55J25_126_1455/U168/CO (FA1D0BWP40P140)
                                                          0.07       0.94 r
  core16_4/core4_6/evalB/DP_OP_55J25_126_1455/U123/CO (FA1D0BWP40P140)
                                                          0.07       1.01 r
  core16_4/core4_6/evalB/DP_OP_55J25_126_1455/U125/CO (FA1D0BWP40P140)
                                                          0.07       1.09 r
  core16_4/core4_6/evalB/DP_OP_55J25_126_1455/U134/CO (FA1D0BWP40P140)
                                                          0.07       1.16 r
  core16_4/core4_6/evalB/DP_OP_55J25_126_1455/U118/CO (FA1D0BWP40P140)
                                                          0.07       1.23 r
  core16_4/core4_6/evalB/DP_OP_55J25_126_1455/U96/ZN (OAI21D0BWP40P140)
                                                          0.03       1.26 f
  core16_4/core4_6/evalB/DP_OP_55J25_126_1455/U94/ZN (ND2D0P7BWP40P140)
                                                          0.03       1.29 r
  core16_4/core4_6/evalB/DP_OP_55J25_126_1455/U140/S (FA1D0BWP40P140)
                                                          0.12       1.41 f
  core16_4/core4_6/evalB/DP_OP_55J25_126_1455/U108/CO (FA1D0BWP40P140)
                                                          0.09       1.50 f
  core16_4/core4_6/evalB/DP_OP_55J25_126_1455/U100/CO (FA1D0BWP40P140)
                                                          0.07       1.58 f
  core16_4/core4_6/evalB/DP_OP_55J25_126_1455/U99/CO (FA1D0BWP40P140)
                                                          0.07       1.65 f
  core16_4/core4_6/evalB/DP_OP_55J25_126_1455/U144/S (FA1D0BWP40P140)
                                                          0.22       1.86 r
  core16_4/core4_6/evalB/DP_OP_55J25_126_1455/O2[11] (Eval_33_2_DP_OP_55J25_126_1455_J25_0_1)
                                                          0.00       1.86 r
  core16_4/core4_6/evalB/io_out_3[11] (Eval_33_14)        0.00       1.86 r
  core16_4/core4_6/mult_x_4/b[11] (core4_14_DW_mult_tc_J33_1_0)
                                                          0.00       1.86 r
  core16_4/core4_6/mult_x_4/U1210/ZN (CKND0BWP40P140)     0.20       2.07 f
  core16_4/core4_6/mult_x_4/U1580/ZN (MOAI22D0BWP40P140)
                                                          0.12       2.19 f
  core16_4/core4_6/mult_x_4/U1583/ZN (NR2D0BWP40P140)     0.26       2.45 r
  core16_4/core4_6/mult_x_4/U1683/ZN (AOI222D0BWP40P140)
                                                          0.11       2.56 f
  core16_4/core4_6/mult_x_4/U1684/ZN (MUX2ND0BWP40P140)
                                                          0.09       2.65 f
  core16_4/core4_6/mult_x_4/U1219/CO (HA1D0BWP40P140)     0.06       2.70 f
  core16_4/core4_6/mult_x_4/U1769/CO (HA1D0BWP40P140)     0.04       2.74 f
  core16_4/core4_6/mult_x_4/U1794/CO (FA1D1BWP40P140)     0.06       2.79 f
  core16_4/core4_6/mult_x_4/U1791/CO (FA1D1BWP40P140)     0.06       2.85 f
  core16_4/core4_6/mult_x_4/U1787/CO (FA1D1BWP40P140)     0.06       2.90 f
  core16_4/core4_6/mult_x_4/U1783/CO (FA1D1BWP40P140)     0.06       2.96 f
  core16_4/core4_6/mult_x_4/U1765/CO (FA1D0BWP40P140)     0.07       3.03 f
  core16_4/core4_6/mult_x_4/U1746/CO (FA1D0BWP40P140)     0.07       3.10 f
  core16_4/core4_6/mult_x_4/U1738/CO (FA1D0BWP40P140)     0.07       3.17 f
  core16_4/core4_6/mult_x_4/U1726/CO (FA1D0BWP40P140)     0.07       3.24 f
  core16_4/core4_6/mult_x_4/U1723/CO (FA1D0BWP40P140)     0.07       3.32 f
  core16_4/core4_6/mult_x_4/U1761/CO (FA1D1BWP40P140)     0.06       3.38 f
  core16_4/core4_6/mult_x_4/U1757/CO (FA1D1BWP40P140)     0.06       3.43 f
  core16_4/core4_6/mult_x_4/U1753/CO (FA1D1BWP40P140)     0.06       3.49 f
  core16_4/core4_6/mult_x_4/U1750/CO (FA1D1BWP40P140)     0.06       3.54 f
  core16_4/core4_6/mult_x_4/U1401/S (FA1D0BWP40P140)      0.12       3.66 r
  core16_4/core4_6/mult_x_4/U1873/CO (FA1D0BWP40P140)     0.08       3.74 r
  core16_4/core4_6/mult_x_4/U1869/CO (FA1D0BWP40P140)     0.07       3.82 r
  core16_4/core4_6/mult_x_4/U1885/CO (FA1D1BWP40P140)     0.06       3.87 r
  core16_4/core4_6/mult_x_4/U1779/CO (FA1D0BWP40P140)     0.07       3.94 r
  core16_4/core4_6/mult_x_4/U1877/CO (FA1D1BWP40P140)     0.06       4.00 r
  core16_4/core4_6/mult_x_4/U1776/CO (FA1D0BWP40P140)     0.07       4.06 r
  core16_4/core4_6/mult_x_4/U1773/S (FA1D0BWP40P140)      0.11       4.18 f
  core16_4/core4_6/mult_x_4/U1308/CO (FA1D0BWP40P140)     0.08       4.26 f
  core16_4/core4_6/mult_x_4/U2002/CO (FA1D1BWP40P140)     0.06       4.32 f
  core16_4/core4_6/mult_x_4/U1311/CO (FA1D0BWP40P140)     0.07       4.39 f
  core16_4/core4_6/mult_x_4/U1995/CO (FA1D1BWP40P140)     0.06       4.45 f
  core16_4/core4_6/mult_x_4/U1314/CO (FA1D0BWP40P140)     0.07       4.52 f
  core16_4/core4_6/mult_x_4/U1988/CO (FA1D1BWP40P140)     0.06       4.58 f
  core16_4/core4_6/mult_x_4/U1317/CO (FA1D0BWP40P140)     0.07       4.65 f
  core16_4/core4_6/mult_x_4/U1981/CO (FA1D1BWP40P140)     0.06       4.71 f
  core16_4/core4_6/mult_x_4/U1319/CO (FA1D0BWP40P140)     0.06       4.77 f
  core16_4/core4_6/mult_x_4/U1215/ZN (ND2D0BWP40P140HVT)
                                                          0.03       4.80 r
  core16_4/core4_6/mult_x_4/U1214/ZN (OAI21D0BWP40P140)
                                                          0.05       4.84 f
  core16_4/core4_6/mult_x_4/U1212/Z (XOR2UD0BWP40P140)
                                                          0.06       4.90 f
  core16_4/core4_6/mult_x_4/U1211/Z (XOR2UD0BWP40P140)
                                                          0.05       4.95 r
  core16_4/core4_6/mult_x_4/product[40] (core4_14_DW_mult_tc_J33_1_0)
                                                          0.00       4.95 r
  core16_4/core4_6/s_w_3_reg_40_/D (DFKCNQD1BWP40P140)
                                                          0.00       4.95 r
  data arrival time                                                  4.95

  clock clk (rise edge)                                   5.00       5.00
  clock network delay (ideal)                             0.00       5.00
  core16_4/core4_6/s_w_3_reg_40_/CP (DFKCNQD1BWP40P140)
                                                          0.00       5.00 r
  library setup time                                     -0.05       4.95
  data required time                                                 4.95
  --------------------------------------------------------------------------
  data required time                                                 4.95
  data arrival time                                                 -4.95
  --------------------------------------------------------------------------
  slack (MET)                                                        0.00


  Startpoint: io_b_26[0] (input port clocked by clk)
  Endpoint: core16_1/core4_1/s_w_3_reg_40_
            (rising edge-triggered flip-flop clocked by clk)
  Path Group: clk
  Path Type: max

  Des/Clust/Port     Wire Load Model       Library
  ------------------------------------------------
  Eval_1_0_DP_OP_54J22_127_2528_J22_0_9
                     ZeroWireload          tcbn28hpcplusbwp40p140hvtssg0p81vm40c_ccs
  Eval_1_0_DP_OP_53J22_126_6763_J22_0_9
                     ZeroWireload          tcbn28hpcplusbwp40p140hvtssg0p81vm40c_ccs
  Eval_1_0_DP_OP_52J22_125_102_J22_0_9
                     ZeroWireload          tcbn28hpcplusbwp40p140hvtssg0p81vm40c_ccs
  core64_a32_b8_c32  ZeroWireload          tcbn28hpcplusbwp40p140hvtssg0p81vm40c_ccs
  Eval_33_69_DP_OP_56J23_127_5098_J23_0_2
                     ZeroWireload          tcbn28hpcplusbwp40p140hvtssg0p81vm40c_ccs
  Eval_33_69_DP_OP_55J23_126_7780_J23_0_2
                     ZeroWireload          tcbn28hpcplusbwp40p140hvtssg0p81vm40c_ccs
  Eval_33_69_DP_OP_54J23_125_7977_J23_0_2
                     ZeroWireload          tcbn28hpcplusbwp40p140hvtssg0p81vm40c_ccs
  Eval_33_40_DP_OP_57J26_124_6823_J26_0
                     ZeroWireload          tcbn28hpcplusbwp40p140hvtssg0p81vm40c_ccs
  Eval_33_40_DP_OP_56J26_123_5121_J26_0
                     ZeroWireload          tcbn28hpcplusbwp40p140hvtssg0p81vm40c_ccs
  Eval_33_40_DP_OP_55J26_122_736_J26_0
                     ZeroWireload          tcbn28hpcplusbwp40p140hvtssg0p81vm40c_ccs
  core4_40_DW_mult_tc_J25_2
                     ZeroWireload          tcbn28hpcplusbwp40p140hvtssg0p81vm40c_ccs

  Point                                                   Incr       Path
  --------------------------------------------------------------------------
  clock clk (rise edge)                                   0.00       0.00
  clock network delay (ideal)                             0.00       0.00
  input external delay                                    0.50       0.50 r
  io_b_26[0] (in)                                         0.00       0.50 r
  evalB_6/io_in_2[0] (Eval_1_9)                           0.00       0.50 r
  evalB_6/DP_OP_52J22_125_102/I1[0] (Eval_1_0_DP_OP_52J22_125_102_J22_0_9)
                                                          0.00       0.50 r
  evalB_6/DP_OP_52J22_125_102/U54/Z (AN2D2BWP40P140)      0.03       0.53 r
  evalB_6/DP_OP_52J22_125_102/U59/Z (OR2D0BWP40P140)      0.03       0.56 r
  evalB_6/DP_OP_52J22_125_102/U49/ZN (ND2D1BWP40P140LVT)
                                                          0.01       0.57 f
  evalB_6/DP_OP_52J22_125_102/U41/ZN (CKND2D1BWP40P140LVT)
                                                          0.02       0.60 r
  evalB_6/DP_OP_52J22_125_102/U69/CO (FA1D0BWP40P140)     0.07       0.67 r
  evalB_6/DP_OP_52J22_125_102/U68/CO (FA1D0BWP40P140)     0.07       0.74 r
  evalB_6/DP_OP_52J22_125_102/U66/S (FA1D0BWP40P140)      0.11       0.85 f
  evalB_6/DP_OP_52J22_125_102/U72/S (FA1D0BWP40P140)      0.15       1.00 r
  evalB_6/DP_OP_52J22_125_102/O1[6] (Eval_1_0_DP_OP_52J22_125_102_J22_0_9)
                                                          0.00       1.00 r
  evalB_6/io_out_1[6] (Eval_1_9)                          0.00       1.00 r
  core16_1/io_b_6[6] (core16_5)                           0.00       1.00 r
  core16_1/evalB_1/io_in_2[6] (Eval_33_71)                0.00       1.00 r
  core16_1/evalB_1/DP_OP_54J23_125_7977/I1[6] (Eval_33_69_DP_OP_54J23_125_7977_J23_0_2)
                                                          0.00       1.00 r
  core16_1/evalB_1/DP_OP_54J23_125_7977/U76/CO (FA1D0BWP40P140)
                                                          0.09       1.09 r
  core16_1/evalB_1/DP_OP_54J23_125_7977/U72/CO (FA1D0BWP40P140)
                                                          0.07       1.17 r
  core16_1/evalB_1/DP_OP_54J23_125_7977/U80/S (FA1D0BWP40P140)
                                                          0.11       1.28 f
  core16_1/evalB_1/DP_OP_54J23_125_7977/U92/S (FA1D0BWP40P140)
                                                          0.12       1.40 r
  core16_1/evalB_1/DP_OP_54J23_125_7977/U104/S (FA1D0BWP40P140)
                                                          0.14       1.54 f
  core16_1/evalB_1/DP_OP_54J23_125_7977/O1[10] (Eval_33_69_DP_OP_54J23_125_7977_J23_0_2)
                                                          0.00       1.54 f
  core16_1/evalB_1/io_out_1[10] (Eval_33_71)              0.00       1.54 f
  core16_1/core4_1/io_b_1[10] (core4_40)                  0.00       1.54 f
  core16_1/core4_1/evalB/io_in_1[10] (Eval_33_40)         0.00       1.54 f
  core16_1/core4_1/evalB/DP_OP_56J26_123_5121/I3[10] (Eval_33_40_DP_OP_56J26_123_5121_J26_0)
                                                          0.00       1.54 f
  core16_1/core4_1/evalB/DP_OP_56J26_123_5121/U203/S (FA1D1BWP40P140)
                                                          0.14       1.68 r
  core16_1/core4_1/evalB/DP_OP_56J26_123_5121/U212/ZN (CKND0BWP40P140)
                                                          0.03       1.71 f
  core16_1/core4_1/evalB/DP_OP_56J26_123_5121/U215/CO (FA1D1BWP40P140)
                                                          0.07       1.78 f
  core16_1/core4_1/evalB/DP_OP_56J26_123_5121/U182/CO (FA1D0BWP40P140)
                                                          0.07       1.85 f
  core16_1/core4_1/evalB/DP_OP_56J26_123_5121/U214/CO (FA1D1BWP40P140)
                                                          0.06       1.91 f
  core16_1/core4_1/evalB/DP_OP_56J26_123_5121/U168/CO (FA1D0BWP40P140)
                                                          0.07       1.97 f
  core16_1/core4_1/evalB/DP_OP_56J26_123_5121/U180/S (FA1D0BWP40P140)
                                                          0.21       2.18 r
  core16_1/core4_1/evalB/DP_OP_56J26_123_5121/O2[14] (Eval_33_40_DP_OP_56J26_123_5121_J26_0)
                                                          0.00       2.18 r
  core16_1/core4_1/evalB/io_out_3[14] (Eval_33_40)        0.00       2.18 r
  core16_1/core4_1/mult_x_4/b[14] (core4_40_DW_mult_tc_J25_2)
                                                          0.00       2.18 r
  core16_1/core4_1/mult_x_4/U1251/ZN (INVD0P7BWP40P140)
                                                          0.15       2.33 f
  core16_1/core4_1/mult_x_4/U1589/ZN (MUX2ND0BWP40P140)
                                                          0.09       2.43 r
  core16_1/core4_1/mult_x_4/U1597/ZN (ND2D0BWP40P140HVT)
                                                          0.21       2.64 f
  core16_1/core4_1/mult_x_4/U1622/ZN (CKND0BWP40P140)     0.13       2.77 r
  core16_1/core4_1/mult_x_4/U1696/ZN (AOI222D0BWP40P140)
                                                          0.05       2.82 f
  core16_1/core4_1/mult_x_4/U1697/ZN (MUX2ND0BWP40P140)
                                                          0.08       2.90 f
  core16_1/core4_1/mult_x_4/U1283/CO (HA1D0BWP40P140)     0.05       2.95 f
  core16_1/core4_1/mult_x_4/U1247/CO (HA1D0BWP40P140)     0.04       2.99 f
  core16_1/core4_1/mult_x_4/U1791/CO (FA1D1BWP40P140)     0.06       3.04 f
  core16_1/core4_1/mult_x_4/U1240/CO (FA1D1BWP40P140LVT)
                                                          0.04       3.09 f
  core16_1/core4_1/mult_x_4/U1211/CO (FA1D1BWP40P140)     0.05       3.14 f
  core16_1/core4_1/mult_x_4/U1782/CO (FA1D1BWP40P140)     0.06       3.20 f
  core16_1/core4_1/mult_x_4/U1778/CO (FA1D1BWP40P140)     0.06       3.25 f
  core16_1/core4_1/mult_x_4/U1342/CO (FA1D0BWP40P140)     0.07       3.32 f
  core16_1/core4_1/mult_x_4/U1772/CO (FA1D1BWP40P140)     0.06       3.38 f
  core16_1/core4_1/mult_x_4/U1768/CO (FA1D1BWP40P140)     0.06       3.43 f
  core16_1/core4_1/mult_x_4/U1343/CO (FA1D0BWP40P140)     0.07       3.50 f
  core16_1/core4_1/mult_x_4/U1761/CO (FA1D1BWP40P140)     0.06       3.56 f
  core16_1/core4_1/mult_x_4/U1757/CO (FA1D1BWP40P140)     0.06       3.62 f
  core16_1/core4_1/mult_x_4/U1344/CO (FA1D0BWP40P140)     0.07       3.69 f
  core16_1/core4_1/mult_x_4/U1750/CO (FA1D1BWP40P140)     0.06       3.75 f
  core16_1/core4_1/mult_x_4/U1746/CO (FA1D1BWP40P140)     0.06       3.80 f
  core16_1/core4_1/mult_x_4/U1345/CO (FA1D0BWP40P140)     0.07       3.87 f
  core16_1/core4_1/mult_x_4/U1739/CO (FA1D1BWP40P140)     0.06       3.93 f
  core16_1/core4_1/mult_x_4/U1735/CO (FA1D1BWP40P140)     0.06       3.99 f
  core16_1/core4_1/mult_x_4/U1346/CO (FA1D0BWP40P140)     0.07       4.06 f
  core16_1/core4_1/mult_x_4/U1729/CO (FA1D1BWP40P140)     0.06       4.12 f
  core16_1/core4_1/mult_x_4/U1725/CO (FA1D1BWP40P140)     0.06       4.17 f
  core16_1/core4_1/mult_x_4/U1253/ZN (OAI21D0BWP40P140)
                                                          0.02       4.20 r
  core16_1/core4_1/mult_x_4/U1222/ZN (ND2D1BWP40P140LVT)
                                                          0.02       4.22 f
  core16_1/core4_1/mult_x_4/U1718/CO (FA1D0BWP40P140)     0.07       4.29 f
  core16_1/core4_1/mult_x_4/U1714/CO (FA1D1BWP40P140)     0.06       4.35 f
  core16_1/core4_1/mult_x_4/U1219/Z (AO22D0BWP40P140)     0.06       4.41 f
  core16_1/core4_1/mult_x_4/U1942/S (FA1D1BWP40P140)      0.10       4.51 r
  core16_1/core4_1/mult_x_4/U1810/S (FA1D1BWP40P140)      0.10       4.62 f
  core16_1/core4_1/mult_x_4/U1967/CO (FA1D1BWP40P140)     0.06       4.68 f
  core16_1/core4_1/mult_x_4/U1255/ZN (MUX2ND0BWP40P140)
                                                          0.04       4.72 f
  core16_1/core4_1/mult_x_4/U1254/Z (XOR4D1BWP40P140)     0.10       4.82 f
  core16_1/core4_1/mult_x_4/U1214/ZN (MUX2NUD1BWP40P140)
                                                          0.04       4.86 f
  core16_1/core4_1/mult_x_4/U1209/Z (XOR2UD1BWP40P140)
                                                          0.04       4.91 f
  core16_1/core4_1/mult_x_4/U1252/Z (CKXOR2D0BWP40P140)
                                                          0.06       4.97 r
  core16_1/core4_1/mult_x_4/product[40] (core4_40_DW_mult_tc_J25_2)
                                                          0.00       4.97 r
  core16_1/core4_1/s_w_3_reg_40_/D (DFQD1BWP40P140)       0.00       4.97 r
  data arrival time                                                  4.97

  clock clk (rise edge)                                   5.00       5.00
  clock network delay (ideal)                             0.00       5.00
  core16_1/core4_1/s_w_3_reg_40_/CP (DFQD1BWP40P140)      0.00       5.00 r
  library setup time                                     -0.03       4.97
  data required time                                                 4.97
  --------------------------------------------------------------------------
  data required time                                                 4.97
  data arrival time                                                 -4.97
  --------------------------------------------------------------------------
  slack (MET)                                                        0.00


  Startpoint: io_b_44[0] (input port clocked by clk)
  Endpoint: core16_4/core4_5/s_w_1_reg_39_
            (rising edge-triggered flip-flop clocked by clk)
  Path Group: clk
  Path Type: max

  Des/Clust/Port     Wire Load Model       Library
  ------------------------------------------------
  core64_a32_b8_c32  ZeroWireload          tcbn28hpcplusbwp40p140hvtssg0p81vm40c_ccs
  Eval_1_0_DP_OP_52J22_125_102_J22_0_4
                     ZeroWireload          tcbn28hpcplusbwp40p140hvtssg0p81vm40c_ccs
  Eval_1_0_DP_OP_53J22_126_6763_J22_0_4
                     ZeroWireload          tcbn28hpcplusbwp40p140hvtssg0p81vm40c_ccs
  Eval_1_0_DP_OP_54J22_127_2528_J22_0_4
                     ZeroWireload          tcbn28hpcplusbwp40p140hvtssg0p81vm40c_ccs
  Eval_33_57_DP_OP_56J26_127_6732_J26_0_1
                     ZeroWireload          tcbn28hpcplusbwp40p140hvtssg0p81vm40c_ccs
  Eval_33_57_DP_OP_55J26_126_6412_J26_0_1
                     ZeroWireload          tcbn28hpcplusbwp40p140hvtssg0p81vm40c_ccs
  Eval_33_57_DP_OP_54J26_125_5295_J26_0_1
                     ZeroWireload          tcbn28hpcplusbwp40p140hvtssg0p81vm40c_ccs
  Eval_33_1_DP_OP_55J27_124_8043_J27_0_10
                     ZeroWireload          tcbn28hpcplusbwp40p140hvtssg0p81vm40c_ccs
  Eval_33_1_DP_OP_54J27_123_8292_J27_0_10
                     ZeroWireload          tcbn28hpcplusbwp40p140hvtssg0p81vm40c_ccs
  Eval_33_1_DP_OP_53J27_122_4708_J27_0_10
                     ZeroWireload          tcbn28hpcplusbwp40p140hvtssg0p81vm40c_ccs
  core4_1_DW_mult_tc_J24_5_7
                     ZeroWireload          tcbn28hpcplusbwp40p140hvtssg0p81vm40c_ccs

  Point                                                   Incr       Path
  --------------------------------------------------------------------------
  clock clk (rise edge)                                   0.00       0.00
  clock network delay (ideal)                             0.00       0.00
  input external delay                                    0.50       0.50 r
  io_b_44[0] (in)                                         0.00       0.50 r
  evalB_11/io_in_0[0] (Eval_1_4)                          0.00       0.50 r
  evalB_11/U7/ZN (INVD4BWP40P140LVT)                      0.00       0.50 f
  evalB_11/U5/ZN (INVD4BWP40P140LVT)                      0.01       0.51 r
  evalB_11/DP_OP_54J22_127_2528/I1[2] (Eval_1_0_DP_OP_54J22_127_2528_J22_0_4)
                                                          0.00       0.51 r
  evalB_11/DP_OP_54J22_127_2528/U150/Z (AN2D0BWP40P140)
                                                          0.04       0.56 r
  evalB_11/DP_OP_54J22_127_2528/U100/ZN (OAI21D0P7BWP40P140LVT)
                                                          0.02       0.58 f
  evalB_11/DP_OP_54J22_127_2528/U65/ZN (ND2D1BWP40P140LVT)
                                                          0.02       0.60 r
  evalB_11/DP_OP_54J22_127_2528/U134/S (FA1D1BWP40P140)
                                                          0.10       0.70 f
  evalB_11/DP_OP_54J22_127_2528/U91/ZN (XNR2UD1BWP40P140)
                                                          0.04       0.74 f
  evalB_11/DP_OP_54J22_127_2528/U131/Z (XOR2UD1BWP40P140)
                                                          0.07       0.81 f
  evalB_11/DP_OP_54J22_127_2528/O1[5] (Eval_1_0_DP_OP_54J22_127_2528_J22_0_4)
                                                          0.00       0.81 f
  evalB_11/io_out_4[5] (Eval_1_4)                         0.00       0.81 f
  core16_4/io_b_11[5] (core16_2)                          0.00       0.81 f
  core16_4/evalB_2/io_in_3[5] (Eval_33_58)                0.00       0.81 f
  core16_4/evalB_2/DP_OP_56J26_127_6732/I3[5] (Eval_33_57_DP_OP_56J26_127_6732_J26_0_1)
                                                          0.00       0.81 f
  core16_4/evalB_2/DP_OP_56J26_127_6732/U155/Z (XOR2UD0BWP40P140)
                                                          0.06       0.87 f
  core16_4/evalB_2/DP_OP_56J26_127_6732/U148/Z (XOR2UD0BWP40P140)
                                                          0.07       0.94 r
  core16_4/evalB_2/DP_OP_56J26_127_6732/U129/ZN (CKND0BWP40P140)
                                                          0.05       0.99 f
  core16_4/evalB_2/DP_OP_56J26_127_6732/U172/S (FA1D0BWP40P140)
                                                          0.16       1.15 r
  core16_4/evalB_2/DP_OP_56J26_127_6732/O2[5] (Eval_33_57_DP_OP_56J26_127_6732_J26_0_1)
                                                          0.00       1.15 r
  core16_4/evalB_2/io_out_5[5] (Eval_33_58)               0.00       1.15 r
  core16_4/core4_5/io_b_2[5] (core4_15)                   0.00       1.15 r
  core16_4/core4_5/evalB/io_in_2[5] (Eval_33_15)          0.00       1.15 r
  core16_4/core4_5/evalB/DP_OP_53J27_122_4708/I1[5] (Eval_33_1_DP_OP_53J27_122_4708_J27_0_10)
                                                          0.00       1.15 r
  core16_4/core4_5/evalB/DP_OP_53J27_122_4708/U138/S (FA1D1BWP40P140)
                                                          0.12       1.27 f
  core16_4/core4_5/evalB/DP_OP_53J27_122_4708/U113/CO (FA1D0BWP40P140)
                                                          0.07       1.34 f
  core16_4/core4_5/evalB/DP_OP_53J27_122_4708/U83/ZN (MAOI222D0BWP40P140)
                                                          0.04       1.38 r
  core16_4/core4_5/evalB/DP_OP_53J27_122_4708/U82/ZN (CKND0BWP40P140)
                                                          0.03       1.41 f
  core16_4/core4_5/evalB/DP_OP_53J27_122_4708/U108/S (FA1D0BWP40P140)
                                                          0.12       1.53 r
  core16_4/core4_5/evalB/DP_OP_53J27_122_4708/U117/CO (FA1D0BWP40P140)
                                                          0.08       1.61 r
  core16_4/core4_5/evalB/DP_OP_53J27_122_4708/U128/CO (FA1D0BWP40P140)
                                                          0.07       1.68 r
  core16_4/core4_5/evalB/DP_OP_53J27_122_4708/U133/CO (FA1D0BWP40P140)
                                                          0.07       1.76 r
  core16_4/core4_5/evalB/DP_OP_53J27_122_4708/U118/CO (FA1D0BWP40P140)
                                                          0.07       1.83 r
  core16_4/core4_5/evalB/DP_OP_53J27_122_4708/U125/CO (FA1D0BWP40P140)
                                                          0.07       1.90 r
  core16_4/core4_5/evalB/DP_OP_53J27_122_4708/U132/S (FA1D0BWP40P140)
                                                          0.19       2.09 f
  core16_4/core4_5/evalB/DP_OP_53J27_122_4708/O1[14] (Eval_33_1_DP_OP_53J27_122_4708_J27_0_10)
                                                          0.00       2.09 f
  core16_4/core4_5/evalB/io_out_1[14] (Eval_33_15)        0.00       2.09 f
  core16_4/core4_5/mult_x_2/b[14] (core4_1_DW_mult_tc_J24_5_7)
                                                          0.00       2.09 f
  core16_4/core4_5/mult_x_2/U1217/ZN (INVD0P7BWP40P140)
                                                          0.15       2.25 r
  core16_4/core4_5/mult_x_2/U1269/ZN (MUX2ND0BWP40P140)
                                                          0.07       2.32 f
  core16_4/core4_5/mult_x_2/U1267/ZN (CKND0BWP40P140)     0.03       2.35 r
  core16_4/core4_5/mult_x_2/U1268/ZN (IND3D0BWP40P140)
                                                          0.23       2.58 f
  core16_4/core4_5/mult_x_2/U1678/ZN (OAI222D0BWP40P140)
                                                          0.17       2.75 r
  core16_4/core4_5/mult_x_2/U1679/ZN (AOI21D0BWP40P140)
                                                          0.04       2.79 f
  core16_4/core4_5/mult_x_2/U1680/ZN (MUX2ND0BWP40P140)
                                                          0.06       2.86 f
  core16_4/core4_5/mult_x_2/U1769/CO (FA1D1BWP40P140)     0.09       2.94 f
  core16_4/core4_5/mult_x_2/U1261/ZN (MAOI222D0BWP40P140)
                                                          0.04       2.98 r
  core16_4/core4_5/mult_x_2/U1256/ZN (CKND0BWP40P140)     0.03       3.01 f
  core16_4/core4_5/mult_x_2/U1764/CO (FA1D1BWP40P140)     0.06       3.07 f
  core16_4/core4_5/mult_x_2/U1760/CO (FA1D1BWP40P140)     0.06       3.13 f
  core16_4/core4_5/mult_x_2/U1231/ZN (MAOI222D0BWP40P140)
                                                          0.04       3.17 r
  core16_4/core4_5/mult_x_2/U1228/ZN (CKND0BWP40P140)     0.03       3.20 f
  core16_4/core4_5/mult_x_2/U1753/CO (FA1D1BWP40P140)     0.06       3.26 f
  core16_4/core4_5/mult_x_2/U1749/CO (FA1D1BWP40P140)     0.06       3.32 f
  core16_4/core4_5/mult_x_2/U1224/ZN (MAOI222D0BWP40P140)
                                                          0.04       3.36 r
  core16_4/core4_5/mult_x_2/U1208/ZN (CKND0BWP40P140)     0.03       3.39 f
  core16_4/core4_5/mult_x_2/U1742/CO (FA1D1BWP40P140)     0.06       3.45 f
  core16_4/core4_5/mult_x_2/U1739/CO (FA1D1BWP40P140)     0.06       3.50 f
  core16_4/core4_5/mult_x_2/U1198/ZN (MAOI222D0BWP40P140)
                                                          0.04       3.54 r
  core16_4/core4_5/mult_x_2/U1197/ZN (CKND0BWP40P140)     0.03       3.57 f
  core16_4/core4_5/mult_x_2/U1732/CO (FA1D1BWP40P140)     0.06       3.63 f
  core16_4/core4_5/mult_x_2/U1728/CO (FA1D1BWP40P140)     0.06       3.69 f
  core16_4/core4_5/mult_x_2/U1192/ZN (MAOI222D0BWP40P140)
                                                          0.04       3.73 r
  core16_4/core4_5/mult_x_2/U1191/ZN (CKND0BWP40P140)     0.03       3.76 f
  core16_4/core4_5/mult_x_2/U2073/CO (FA1D0BWP40P140)     0.07       3.83 f
  core16_4/core4_5/mult_x_2/U1717/CO (FA1D1BWP40P140)     0.06       3.89 f
  core16_4/core4_5/mult_x_2/U1183/ZN (OAI21D0BWP40P140)
                                                          0.02       3.92 r
  core16_4/core4_5/mult_x_2/U1181/ZN (ND2D1BWP40P140LVT)
                                                          0.02       3.94 f
  core16_4/core4_5/mult_x_2/U1967/CO (FA1D0BWP40P140)     0.07       4.01 f
  core16_4/core4_5/mult_x_2/U1706/CO (FA1D1BWP40P140)     0.06       4.07 f
  core16_4/core4_5/mult_x_2/U1855/CO (FA1D0BWP40P140)     0.07       4.14 f
  core16_4/core4_5/mult_x_2/U1699/CO (FA1D1BWP40P140)     0.06       4.20 f
  core16_4/core4_5/mult_x_2/U1314/CO (FA1D0BWP40P140)     0.07       4.27 f
  core16_4/core4_5/mult_x_2/U1721/S (FA1D0BWP40P140)      0.12       4.39 r
  core16_4/core4_5/mult_x_2/U2170/S (FA1D1BWP40P140)      0.11       4.50 f
  core16_4/core4_5/mult_x_2/U2174/CO (FA1D1BWP40P140)     0.07       4.57 f
  core16_4/core4_5/mult_x_2/U2207/CO (FA1D1BWP40P140)     0.05       4.62 f
  core16_4/core4_5/mult_x_2/U1180/ZN (ND2D1BWP40P140HVT)
                                                          0.02       4.64 r
  core16_4/core4_5/mult_x_2/U1179/ZN (OAI21D1BWP40P140LVT)
                                                          0.02       4.66 f
  core16_4/core4_5/mult_x_2/U2210/Z (XOR4D0BWP40P140)     0.12       4.78 r
  core16_4/core4_5/mult_x_2/U2211/ZN (MUX2ND0BWP40P140)
                                                          0.05       4.83 r
  core16_4/core4_5/mult_x_2/U1178/Z (XOR2UD1BWP40P140)
                                                          0.04       4.87 r
  core16_4/core4_5/mult_x_2/U1177/ZN (XNR2UD0BWP40P140)
                                                          0.04       4.92 r
  core16_4/core4_5/mult_x_2/U1176/ZN (XNR2UD0BWP40P140)
                                                          0.04       4.96 r
  core16_4/core4_5/mult_x_2/product[39] (core4_1_DW_mult_tc_J24_5_7)
                                                          0.00       4.96 r
  core16_4/core4_5/s_w_1_reg_39_/D (DFQD1BWP40P140)       0.00       4.96 r
  data arrival time                                                  4.96

  clock clk (rise edge)                                   5.00       5.00
  clock network delay (ideal)                             0.00       5.00
  core16_4/core4_5/s_w_1_reg_39_/CP (DFQD1BWP40P140)      0.00       5.00 r
  library setup time                                     -0.04       4.96
  data required time                                                 4.96
  --------------------------------------------------------------------------
  data required time                                                 4.96
  data arrival time                                                 -4.96
  --------------------------------------------------------------------------
  slack (MET)                                                        0.00


1
