 
****************************************
Report : timing
        -path full
        -delay max
        -nets
        -max_paths 1
        -transition_time
Design : core64_a28_b8_c28
Version: O-2018.06-SP5
Date   : Wed May 13 01:49:26 2026
****************************************

 # A fanout number of 1000 was used for high fanout net computations.

Operating Conditions: ssg0p81vm40c   Library: tcbn28hpcplusbwp40p140hvtssg0p81vm40c_ccs
Wire Load Model Mode: segmented

  Startpoint: io_b_63[0] (input port clocked by clk)
  Endpoint: core16_3/core4_5/s_w_5_reg_36_
            (rising edge-triggered flip-flop clocked by clk)
  Path Group: clk
  Path Type: max

  Des/Clust/Port     Wire Load Model       Library
  ------------------------------------------------
  core64_a28_b8_c28  ZeroWireload          tcbn28hpcplusbwp40p140hvtssg0p81vm40c_ccs
  Eval_1_0_DP_OP_52J22_125_102_J22_0_0 ZeroWireload tcbn28hpcplusbwp40p140hvtssg0p81vm40c_ccs
  Eval_1_0_DP_OP_53J22_126_6763_J22_0_0 ZeroWireload tcbn28hpcplusbwp40p140hvtssg0p81vm40c_ccs
  Eval_1_0_DP_OP_54J22_127_2528_J22_0_0 ZeroWireload tcbn28hpcplusbwp40p140hvtssg0p81vm40c_ccs
  Eval_33_1_DP_OP_53J26_122_4708_J26_0_33 ZeroWireload tcbn28hpcplusbwp40p140hvtssg0p81vm40c_ccs
  Eval_33_1_DP_OP_54J26_123_8292_J26_0_33 ZeroWireload tcbn28hpcplusbwp40p140hvtssg0p81vm40c_ccs
  Eval_33_1_DP_OP_55J26_124_8043_J26_0_33 ZeroWireload tcbn28hpcplusbwp40p140hvtssg0p81vm40c_ccs
  core4_1_DW_mult_tc_J23_6_10 ZeroWireload tcbn28hpcplusbwp40p140hvtssg0p81vm40c_ccs
  Eval_33_1_DP_OP_53J26_122_4708_J26_0_14 ZeroWireload tcbn28hpcplusbwp40p140hvtssg0p81vm40c_ccs
  Eval_33_1_DP_OP_54J26_123_8292_J26_0_14 ZeroWireload tcbn28hpcplusbwp40p140hvtssg0p81vm40c_ccs
  Eval_33_1_DP_OP_55J26_124_8043_J26_0_14 ZeroWireload tcbn28hpcplusbwp40p140hvtssg0p81vm40c_ccs
  core4_1_DW_mult_tc_J23_1_10 ZeroWireload tcbn28hpcplusbwp40p140hvtssg0p81vm40c_ccs

Attributes:
    d - dont_touch
    u - dont_use
   mo - map_only
   so - size_only
    i - ideal_net or ideal_network
  inf - infeasible path

  Point                                       Fanout     Trans      Incr       Path      Attributes
  ---------------------------------------------------------------------------------------------------------
  clock clk (rise edge)                                             0.00       0.00
  clock network delay (ideal)                                       0.00       0.00
  input external delay                                              0.50       0.50 f
  io_b_63[0] (in)                                         0.00      0.00       0.50 f
  io_b_63[0] (net)                              1                   0.00       0.50 f
  evalB_15/io_in_3[0] (Eval_1_0)                                    0.00       0.50 f
  evalB_15/io_in_3[0] (net)                                         0.00       0.50 f
  evalB_15/U14/ZN (INVD2BWP40P140LVT)                     0.00      0.00       0.50 r
  evalB_15/n1 (net)                             1                   0.00       0.50 r
  evalB_15/U13/ZN (CKND2BWP40P140)                        0.02      0.01       0.52 f
  evalB_15/io_out_0[0] (net)                    4                   0.00       0.52 f
  evalB_15/DP_OP_53J22_126_6763/I4[0] (Eval_1_0_DP_OP_53J22_126_6763_J22_0_0)     0.00     0.52 f
  evalB_15/DP_OP_53J22_126_6763/I4[0] (net)                         0.00       0.52 f
  evalB_15/DP_OP_53J22_126_6763/U79/CO (HA1D1BWP40P140LVT)     0.01     0.02     0.54 f
  evalB_15/DP_OP_53J22_126_6763/n129 (net)      1                   0.00       0.54 f
  evalB_15/DP_OP_53J22_126_6763/U51/CO (FA1D1BWP40P140LVT)     0.02     0.04     0.58 f
  evalB_15/DP_OP_53J22_126_6763/n127 (net)      1                   0.00       0.58 f
  evalB_15/DP_OP_53J22_126_6763/U50/CO (FA1D1BWP40P140LVT)     0.02     0.04     0.62 f
  evalB_15/DP_OP_53J22_126_6763/n125 (net)      1                   0.00       0.62 f
  evalB_15/DP_OP_53J22_126_6763/U62/S (FA1D1BWP40P140LVT)     0.03     0.08     0.70 r
  evalB_15/DP_OP_53J22_126_6763/n141 (net)      2                   0.00       0.70 r
  evalB_15/DP_OP_53J22_126_6763/U60/ZN (CKND1BWP40P140)     0.02     0.02      0.73 f
  evalB_15/DP_OP_53J22_126_6763/n148 (net)      1                   0.00       0.73 f
  evalB_15/DP_OP_53J22_126_6763/U71/CO (FA1D1BWP40P140)     0.02     0.06      0.79 f
  evalB_15/DP_OP_53J22_126_6763/n144 (net)      1                   0.00       0.79 f
  evalB_15/DP_OP_53J22_126_6763/U69/CO (FA1D1BWP40P140)     0.02     0.06      0.84 f
  evalB_15/DP_OP_53J22_126_6763/n158 (net)      1                   0.00       0.84 f
  evalB_15/DP_OP_53J22_126_6763/U67/CO (FA1D1BWP40P140)     0.02     0.06      0.90 f
  evalB_15/DP_OP_53J22_126_6763/n161 (net)      1                   0.00       0.90 f
  evalB_15/DP_OP_53J22_126_6763/U92/CO (FA1D1BWP40P140)     0.02     0.06      0.96 f
  evalB_15/DP_OP_53J22_126_6763/n167 (net)      1                   0.00       0.96 f
  evalB_15/DP_OP_53J22_126_6763/U93/CO (FA1D1BWP40P140LVT)     0.02     0.04     1.00 f
  evalB_15/DP_OP_53J22_126_6763/n170 (net)      1                   0.00       1.00 f
  evalB_15/DP_OP_53J22_126_6763/U65/S (FA1D1BWP40P140)     0.02     0.08       1.08 f
  evalB_15/DP_OP_53J22_126_6763/O2[8] (net)     1                   0.00       1.08 f
  evalB_15/DP_OP_53J22_126_6763/O2[8] (Eval_1_0_DP_OP_53J22_126_6763_J22_0_0)     0.00     1.08 f
  evalB_15/io_out_3[8] (net)                                        0.00       1.08 f
  evalB_15/io_out_3[8] (Eval_1_0)                                   0.00       1.08 f
  evalB_15_io_out_3[8] (net)                                        0.00       1.08 f
  core16_3/io_b_15[8] (core16_3)                                    0.00       1.08 f
  core16_3/io_b_15[8] (net)                                         0.00       1.08 f
  core16_3/evalB_3/io_in_3[8] (Eval_33_61)                          0.00       1.08 f
  core16_3/evalB_3/io_in_3[8] (net)                                 0.00       1.08 f
  core16_3/evalB_3/U19/ZN (INVD1BWP40P140)                0.01      0.01       1.09 r
  core16_3/evalB_3/n4 (net)                     1                   0.00       1.09 r
  core16_3/evalB_3/U2/ZN (INVD1BWP40P140LVT)              0.03      0.03       1.12 f
  core16_3/evalB_3/io_out_0[8] (net)            6                   0.00       1.12 f
  core16_3/evalB_3/DP_OP_55J26_124_8043/I3[8] (Eval_33_1_DP_OP_55J26_124_8043_J26_0_33)     0.00     1.12 f
  core16_3/evalB_3/DP_OP_55J26_124_8043/I3[8] (net)                 0.00       1.12 f
  core16_3/evalB_3/DP_OP_55J26_124_8043/U122/CO (FA1D1BWP40P140)     0.02     0.07     1.19 f
  core16_3/evalB_3/DP_OP_55J26_124_8043/n304 (net)     1            0.00       1.19 f
  core16_3/evalB_3/DP_OP_55J26_124_8043/U133/S (FA1D0BWP40P140)     0.04     0.12     1.31 r
  core16_3/evalB_3/DP_OP_55J26_124_8043/n383 (net)     2            0.00       1.31 r
  core16_3/evalB_3/DP_OP_55J26_124_8043/U204/ZN (CKND0BWP40P140)     0.03     0.04     1.34 f
  core16_3/evalB_3/DP_OP_55J26_124_8043/n350 (net)     1            0.00       1.34 f
  core16_3/evalB_3/DP_OP_55J26_124_8043/U208/CO (FA1D1BWP40P140)     0.02     0.07     1.41 f
  core16_3/evalB_3/DP_OP_55J26_124_8043/n347 (net)     1            0.00       1.41 f
  core16_3/evalB_3/DP_OP_55J26_124_8043/U207/CO (FA1D1BWP40P140)     0.02     0.06     1.47 f
  core16_3/evalB_3/DP_OP_55J26_124_8043/n323 (net)     1            0.00       1.47 f
  core16_3/evalB_3/DP_OP_55J26_124_8043/U206/S (FA1D1BWP40P140)     0.02     0.08     1.55 f
  core16_3/evalB_3/DP_OP_55J26_124_8043/O2[11] (net)     1          0.00       1.55 f
  core16_3/evalB_3/DP_OP_55J26_124_8043/O2[11] (Eval_33_1_DP_OP_55J26_124_8043_J26_0_33)     0.00     1.55 f
  core16_3/evalB_3/io_out_5[11] (net)                               0.00       1.55 f
  core16_3/evalB_3/io_out_5[11] (Eval_33_61)                        0.00       1.55 f
  core16_3/evalB_3_io_out_5[11] (net)                               0.00       1.55 f
  core16_3/core4_5/io_b_3[11] (core4_22)                            0.00       1.55 f
  core16_3/core4_5/io_b_3[11] (net)                                 0.00       1.55 f
  core16_3/core4_5/evalB/io_in_3[11] (Eval_33_22)                   0.00       1.55 f
  core16_3/core4_5/evalB/io_in_3[11] (net)                          0.00       1.55 f
  core16_3/core4_5/evalB/U14/ZN (INVD0P7BWP40P140)        0.01      0.01       1.56 r
  core16_3/core4_5/evalB/n2 (net)               1                   0.00       1.56 r
  core16_3/core4_5/evalB/U6/ZN (CKND0BWP40P140)           0.23      0.14       1.70 f
  core16_3/core4_5/evalB/io_out_0[11] (net)    34                   0.00       1.70 f
  core16_3/core4_5/evalB/DP_OP_55J26_124_8043/I3[11] (Eval_33_1_DP_OP_55J26_124_8043_J26_0_14)     0.00     1.70 f
  core16_3/core4_5/evalB/DP_OP_55J26_124_8043/I3[11] (net)          0.00       1.70 f
  core16_3/core4_5/evalB/DP_OP_55J26_124_8043/U146/CO (FA1D0BWP40P140)     0.03     0.16     1.86 f
  core16_3/core4_5/evalB/DP_OP_55J26_124_8043/n296 (net)     1      0.00       1.86 f
  core16_3/core4_5/evalB/DP_OP_55J26_124_8043/U188/CO (FA1D1BWP40P140)     0.02     0.06     1.92 f
  core16_3/core4_5/evalB/DP_OP_55J26_124_8043/n294 (net)     1      0.00       1.92 f
  core16_3/core4_5/evalB/DP_OP_55J26_124_8043/U126/CO (FA1D0BWP40P140)     0.03     0.07     1.99 f
  core16_3/core4_5/evalB/DP_OP_55J26_124_8043/n292 (net)     1      0.00       1.99 f
  core16_3/core4_5/evalB/DP_OP_55J26_124_8043/U141/CO (FA1D0BWP40P140)     0.03     0.07     2.06 f
  core16_3/core4_5/evalB/DP_OP_55J26_124_8043/n290 (net)     1      0.00       2.06 f
  core16_3/core4_5/evalB/DP_OP_55J26_124_8043/U119/CO (FA1D0BWP40P140)     0.03     0.07     2.13 f
  core16_3/core4_5/evalB/DP_OP_55J26_124_8043/n288 (net)     1      0.00       2.13 f
  core16_3/core4_5/evalB/DP_OP_55J26_124_8043/U128/CO (FA1D0BWP40P140)     0.03     0.07     2.21 f
  core16_3/core4_5/evalB/DP_OP_55J26_124_8043/n286 (net)     1      0.00       2.21 f
  core16_3/core4_5/evalB/DP_OP_55J26_124_8043/U143/CO (FA1D0BWP40P140)     0.03     0.07     2.28 f
  core16_3/core4_5/evalB/DP_OP_55J26_124_8043/n284 (net)     1      0.00       2.28 f
  core16_3/core4_5/evalB/DP_OP_55J26_124_8043/U123/S (FA1D0BWP40P140)     0.04     0.12     2.40 r
  core16_3/core4_5/evalB/DP_OP_55J26_124_8043/n387 (net)     2      0.00       2.40 r
  core16_3/core4_5/evalB/DP_OP_55J26_124_8043/U134/ZN (CKND0BWP40P140)     0.03     0.03     2.44 f
  core16_3/core4_5/evalB/DP_OP_55J26_124_8043/n314 (net)     1      0.00       2.44 f
  core16_3/core4_5/evalB/DP_OP_55J26_124_8043/U133/CO (FA1D0BWP40P140)     0.03     0.07     2.51 f
  core16_3/core4_5/evalB/DP_OP_55J26_124_8043/n311 (net)     1      0.00       2.51 f
  core16_3/core4_5/evalB/DP_OP_55J26_124_8043/U148/CO (FA1D0BWP40P140)     0.03     0.07     2.58 f
  core16_3/core4_5/evalB/DP_OP_55J26_124_8043/n310 (net)     1      0.00       2.58 f
  core16_3/core4_5/evalB/DP_OP_55J26_124_8043/U109/Z (XOR2UD1BWP40P140)     0.17     0.10     2.68 f
  core16_3/core4_5/evalB/DP_OP_55J26_124_8043/O2[20] (net)    22     0.00      2.68 f
  core16_3/core4_5/evalB/DP_OP_55J26_124_8043/O2[20] (Eval_33_1_DP_OP_55J26_124_8043_J26_0_14)     0.00     2.68 f
  core16_3/core4_5/evalB/io_out_5[20] (net)                         0.00       2.68 f
  core16_3/core4_5/evalB/io_out_5[20] (Eval_33_22)                  0.00       2.68 f
  core16_3/core4_5/evalB_io_out_5[20] (net)                         0.00       2.68 f
  core16_3/core4_5/mult_x_6/b[20] (core4_1_DW_mult_tc_J23_1_10)     0.00       2.68 f
  core16_3/core4_5/mult_x_6/b[20] (net)                             0.00       2.68 f
  core16_3/core4_5/mult_x_6/U1124/ZN (INVD1BWP40P140)     0.09      0.12       2.80 r
  core16_3/core4_5/mult_x_6/n2446 (net)        20                   0.00       2.80 r
  core16_3/core4_5/mult_x_6/U1083/ZN (MUX2ND0BWP40P140)     0.06     0.06      2.86 f
  core16_3/core4_5/mult_x_6/n1364 (net)         3                   0.00       2.86 f
  core16_3/core4_5/mult_x_6/U1087/ZN (NR2D0P7BWP40P140)     0.13     0.11      2.97 r
  core16_3/core4_5/mult_x_6/n2391 (net)        18                   0.00       2.97 r
  core16_3/core4_5/mult_x_6/U1118/ZN (AOI222D0BWP40P140)     0.06     0.07     3.04 f
  core16_3/core4_5/mult_x_6/n1381 (net)         1                   0.00       3.04 f
  core16_3/core4_5/mult_x_6/U1116/ZN (MUX2ND0BWP40P140)     0.06     0.07      3.11 f
  core16_3/core4_5/mult_x_6/n1479 (net)         1                   0.00       3.11 f
  core16_3/core4_5/mult_x_6/U1115/S (HA1D0BWP40P140)      0.03      0.07       3.18 f
  core16_3/core4_5/mult_x_6/n1581 (net)         1                   0.00       3.18 f
  core16_3/core4_5/mult_x_6/U1461/CO (FA1D1BWP40P140)     0.02      0.07       3.25 f
  core16_3/core4_5/mult_x_6/n1573 (net)         1                   0.00       3.25 f
  core16_3/core4_5/mult_x_6/U1459/CO (FA1D1BWP40P140)     0.02      0.06       3.30 f
  core16_3/core4_5/mult_x_6/n1567 (net)         1                   0.00       3.30 f
  core16_3/core4_5/mult_x_6/U1455/CO (FA1D1BWP40P140)     0.02      0.06       3.36 f
  core16_3/core4_5/mult_x_6/n1561 (net)         1                   0.00       3.36 f
  core16_3/core4_5/mult_x_6/U1437/CO (FA1D0BWP40P140)     0.03      0.07       3.43 f
  core16_3/core4_5/mult_x_6/n1555 (net)         1                   0.00       3.43 f
  core16_3/core4_5/mult_x_6/U1094/CO (FA1D0BWP40P140)     0.03      0.07       3.50 f
  core16_3/core4_5/mult_x_6/n1549 (net)         1                   0.00       3.50 f
  core16_3/core4_5/mult_x_6/U1443/S (FA1D1BWP40P140)      0.03      0.11       3.61 r
  core16_3/core4_5/mult_x_6/n1668 (net)         1                   0.00       3.61 r
  core16_3/core4_5/mult_x_6/U1167/CO (FA1D0BWP40P140)     0.03      0.08       3.68 r
  core16_3/core4_5/mult_x_6/n1661 (net)         1                   0.00       3.68 r
  core16_3/core4_5/mult_x_6/U1519/S (FA1D1BWP40P140)      0.03      0.10       3.79 f
  core16_3/core4_5/mult_x_6/n1783 (net)         1                   0.00       3.79 f
  core16_3/core4_5/mult_x_6/U1613/CO (FA1D1BWP40P140)     0.02      0.07       3.85 f
  core16_3/core4_5/mult_x_6/n1776 (net)         1                   0.00       3.85 f
  core16_3/core4_5/mult_x_6/U1609/CO (FA1D0BWP40P140)     0.03      0.07       3.92 f
  core16_3/core4_5/mult_x_6/n1771 (net)         1                   0.00       3.92 f
  core16_3/core4_5/mult_x_6/U1606/CO (FA1D1BWP40P140)     0.02      0.06       3.98 f
  core16_3/core4_5/mult_x_6/n1766 (net)         1                   0.00       3.98 f
  core16_3/core4_5/mult_x_6/U1620/CO (FA1D0BWP40P140)     0.03      0.07       4.05 f
  core16_3/core4_5/mult_x_6/n1761 (net)         1                   0.00       4.05 f
  core16_3/core4_5/mult_x_6/U1599/S (FA1D1BWP40P140)      0.03      0.11       4.16 r
  core16_3/core4_5/mult_x_6/n1898 (net)         1                   0.00       4.16 r
  core16_3/core4_5/mult_x_6/U1726/CO (FA1D0BWP40P140)     0.03      0.08       4.23 r
  core16_3/core4_5/mult_x_6/n1891 (net)         1                   0.00       4.23 r
  core16_3/core4_5/mult_x_6/U1703/S (FA1D1BWP40P140)      0.03      0.10       4.33 f
  core16_3/core4_5/mult_x_6/n2043 (net)         1                   0.00       4.33 f
  core16_3/core4_5/mult_x_6/U1815/CO (FA1D1BWP40P140)     0.02      0.07       4.40 f
  core16_3/core4_5/mult_x_6/n2035 (net)         1                   0.00       4.40 f
  core16_3/core4_5/mult_x_6/U1216/CO (FA1D0BWP40P140)     0.03      0.07       4.47 f
  core16_3/core4_5/mult_x_6/n2029 (net)         1                   0.00       4.47 f
  core16_3/core4_5/mult_x_6/U1808/CO (FA1D1BWP40P140)     0.02      0.06       4.53 f
  core16_3/core4_5/mult_x_6/n2023 (net)         1                   0.00       4.53 f
  core16_3/core4_5/mult_x_6/U1804/CO (FA1D1BWP40P140)     0.02      0.06       4.58 f
  core16_3/core4_5/mult_x_6/n2336 (net)         1                   0.00       4.58 f
  core16_3/core4_5/mult_x_6/U1220/CO (FA1D0BWP40P140)     0.03      0.07       4.65 f
  core16_3/core4_5/mult_x_6/n2362 (net)         1                   0.00       4.65 f
  core16_3/core4_5/mult_x_6/U1842/CO (FA1D0BWP40P140)     0.03      0.07       4.72 f
  core16_3/core4_5/mult_x_6/n2365 (net)         1                   0.00       4.72 f
  core16_3/core4_5/mult_x_6/U1078/Z (XOR4D0BWP40P140)     0.03      0.10       4.82 r
  core16_3/core4_5/mult_x_6/n2425 (net)         1                   0.00       4.82 r
  core16_3/core4_5/mult_x_6/U1096/Z (XOR4D1BWP40P140)     0.02      0.10       4.93 r
  core16_3/core4_5/mult_x_6/n2448 (net)         1                   0.00       4.93 r
  core16_3/core4_5/mult_x_6/U1238/Z (XOR2UD0BWP40P140)     0.05     0.03       4.96 r
  core16_3/core4_5/mult_x_6/product[36] (net)     1                 0.00       4.96 r
  core16_3/core4_5/mult_x_6/product[36] (core4_1_DW_mult_tc_J23_1_10)     0.00     4.96 r
  core16_3/core4_5/n_w_5_T_1[36] (net)                              0.00       4.96 r
  core16_3/core4_5/s_w_5_reg_36_/D (DFQD1BWP40P140)       0.05      0.00       4.96 r
  data arrival time                                                            4.96

  clock clk (rise edge)                                             5.00       5.00
  clock network delay (ideal)                                       0.00       5.00
  core16_3/core4_5/s_w_5_reg_36_/CP (DFQD1BWP40P140)                0.00       5.00 r
  library setup time                                               -0.04       4.96
  data required time                                                           4.96
  ---------------------------------------------------------------------------------------------------------
  data required time                                                           4.96
  data arrival time                                                           -4.96
  ---------------------------------------------------------------------------------------------------------
  slack (MET)                                                                  0.00


1
