 
****************************************
Report : area
Design : core16_a32_b16_c32
Version: O-2018.06-SP5
Date   : Tue May 12 16:44:08 2026
****************************************

Library(s) Used:

    tcbn28hpcplusbwp40p140lvtssg0p81vm40c_ccs (File: /export1/Library/TN28HPC+/STD_CELL_ext/track9_200824/TSMCHOME/digital/Front_End/timing_power_noise/CCS/tcbn28hpcplusbwp40p140lvt_180a/tcbn28hpcplusbwp40p140lvtssg0p81vm40c_ccs.db)
    tcbn28hpcplusbwp40p140ssg0p81vm40c_ccs (File: /export1/Library/TN28HPC+/STD_CELL_ext/track9_200824/TSMCHOME/digital/Front_End/timing_power_noise/CCS/tcbn28hpcplusbwp40p140_180a/tcbn28hpcplusbwp40p140ssg0p81vm40c_ccs.db)
    tcbn28hpcplusbwp40p140hvtssg0p81vm40c_ccs (File: /export1/Library/TN28HPC+/STD_CELL_ext/track9_200824/TSMCHOME/digital/Front_End/timing_power_noise/CCS/tcbn28hpcplusbwp40p140hvt_180a/tcbn28hpcplusbwp40p140hvtssg0p81vm40c_ccs.db)

Number of ports:                        43500
Number of nets:                        146061
Number of cells:                        77450
Number of combinational cells:          72503
Number of sequential cells:              4305
Number of macros/black boxes:               0
Number of buf/inv:                       8989
Number of references:                      21

Combinational area:              89870.632622
Buf/Inv area:                     2426.004020
Noncombinational area:            8672.076137
Macro/Black Box area:                0.000000
Net Interconnect area:      undefined  (Wire load has zero net area)

Total cell area:                 98542.708759
Total area:                 undefined

Area of detected synthetic parts
--------------------------------
                                                    Perc. of
  Module                Implem.  Count        Area cell area
  --------------------- -------  ----- ----------- ---------
  DP_OP_106J11_122_6007     str      3   7289.4819      7.4%
  DP_OP_106J9_122_7677      str      4  10085.5657     10.2%
  DP_OP_421J3_122_5484      str      1   8620.6006      8.7%
  DP_OP_52J10_125_9524      str      4   1138.0313      1.2%
  DP_OP_52J7_122_2082       str      4    435.4558      0.4%
  DP_OP_53J10_126_6299      str      4   1166.5073      1.2%
  DP_OP_53J7_123_7779       str      4    641.3396      0.7%
  DP_OP_53J8_122_3262       str      3    687.3296      0.7%
  DP_OP_53J9_126_7336       str      2    291.0598      0.3%
  DP_OP_54J10_127_1625      str      4    846.7195      0.9%
  DP_OP_54J10_128_3674      str      1    138.9779      0.1%
  DP_OP_54J11_123_6538      str      1    222.5159      0.2%
  DP_OP_54J11_126_7041      str      1    138.4739      0.1%
  DP_OP_54J5_122_8446       str      1    108.8640      0.1%
  DP_OP_54J6_122_6671       str      1    109.1160      0.1%
  DP_OP_54J7_124_2477       str      4    602.0277      0.6%
  DP_OP_54J8_123_2021       str      3    984.0593      1.0%
  DP_OP_54J8_125_3710       str      1    211.6799      0.2%
  DP_OP_54J8_128_4542       str      1    121.7160      0.1%
  DP_OP_54J9_123_5485       str      1    211.6799      0.2%
  DP_OP_54J9_127_2306       str      2    430.6677      0.4%
  DP_OP_55J10_122_395       str      1    228.1859      0.2%
  DP_OP_55J10_129_6114      str      1    188.2439      0.2%
  DP_OP_55J11_124_9249      str      1    302.9038      0.3%
  DP_OP_55J11_127_4988      str      1    190.8899      0.2%
  DP_OP_55J5_123_4652       str      1    146.0339      0.1%
  DP_OP_55J6_123_6987       str      1    146.0339      0.1%
  DP_OP_55J8_124_534        str      3    948.1494      1.0%
  DP_OP_55J8_126_189        str      1    286.0198      0.3%
  DP_OP_55J8_129_1863       str      1    162.9179      0.2%
  DP_OP_55J9_124_5683       str      1    286.0198      0.3%
  DP_OP_55J9_128_7382       str      2    404.3338      0.4%
  DP_OP_56J10_123_4961      str      1    326.4658      0.3%
  DP_OP_56J10_130_3823      str      1    193.6619      0.2%
  DP_OP_56J11_125_8751      str      1    308.0698      0.3%
  DP_OP_56J11_128_2989      str      1    189.8819      0.2%
  DP_OP_56J5_124_979        str      1    151.9559      0.2%
  DP_OP_56J6_124_8611       str      1    151.9559      0.2%
  DP_OP_56J8_127_7474       str      1    291.9418      0.3%
  DP_OP_56J8_130_2317       str      1    168.9659      0.2%
  DP_OP_56J9_125_1948       str      1    291.9418      0.3%
  DP_OP_57J10_124_2206      str      1    315.7558      0.3%
  DW_mult_tc            apparch     33  34642.9988     35.2%
  DW_mult_uns           apparch     16  14563.8003     14.8%
  --------------------- -------  ----- ----------- ---------
  DP_OP Subtotal:                   74  40162.1976     40.8%
  Total:                           123  89368.9968     90.7%

Subtotal of datapath(DP_OP) cell area:  40162.1976  40.8%  
Total synthetic cell area:              89368.9968  90.7%  

1
