 
****************************************
Report : timing
        -path full
        -delay max
        -nets
        -max_paths 1
        -transition_time
Design : core4_a36_b16_c36
Version: O-2018.06-SP5
Date   : Tue May 12 08:51:31 2026
****************************************

Operating Conditions: ssg0p81vm40c   Library: tcbn28hpcplusbwp40p140hvtssg0p81vm40c_ccs
Wire Load Model Mode: segmented

  Startpoint: io_b_2[0] (input port clocked by clk)
  Endpoint: s_w_2_reg_38_
            (rising edge-triggered flip-flop clocked by clk)
  Path Group: clk
  Path Type: max

  Des/Clust/Port     Wire Load Model       Library
  ------------------------------------------------
  Eval_1_DP_OP_54J3_124_8477_J3_0 ZeroWireload tcbn28hpcplusbwp40p140hvtssg0p81vm40c_ccs
  Eval_1_DP_OP_53J3_123_4557_J3_0 ZeroWireload tcbn28hpcplusbwp40p140hvtssg0p81vm40c_ccs
  Eval_1_DP_OP_52J3_122_4926_J3_0 ZeroWireload tcbn28hpcplusbwp40p140hvtssg0p81vm40c_ccs
  core4_a36_b16_c36  ZeroWireload          tcbn28hpcplusbwp40p140hvtssg0p81vm40c_ccs
  core4_a36_b16_c36_DW_mult_uns_J3_1 ZeroWireload tcbn28hpcplusbwp40p140hvtssg0p81vm40c_ccs

Attributes:
    d - dont_touch
    u - dont_use
   mo - map_only
   so - size_only
    i - ideal_net or ideal_network
  inf - infeasible path

  Point                                       Fanout     Trans      Incr       Path      Attributes
  ---------------------------------------------------------------------------------------------------------
  clock clk (rise edge)                                             0.00       0.00
  clock network delay (ideal)                                       0.00       0.00
  input external delay                                              0.50       0.50 f
  io_b_2[0] (in)                                          0.00      0.00       0.50 f
  io_b_2[0] (net)                               4                   0.00       0.50 f
  evalB/io_in_2[0] (Eval_1)                                         0.00       0.50 f
  evalB/io_in_2[0] (net)                                            0.00       0.50 f
  evalB/DP_OP_53J3_123_4557/I1[0] (Eval_1_DP_OP_53J3_123_4557_J3_0)     0.00     0.50 f
  evalB/DP_OP_53J3_123_4557/I1[0] (net)                             0.00       0.50 f
  evalB/DP_OP_53J3_123_4557/U152/CO (HA1D1BWP40P140)      0.01      0.02       0.52 f
  evalB/DP_OP_53J3_123_4557/n220 (net)          1                   0.00       0.52 f
  evalB/DP_OP_53J3_123_4557/U139/CO (FA1D0BWP40P140)      0.03      0.06       0.58 f
  evalB/DP_OP_53J3_123_4557/n222 (net)          1                   0.00       0.58 f
  evalB/DP_OP_53J3_123_4557/U154/S (FA1D0BWP40P140)       0.06      0.13       0.72 r
  evalB/DP_OP_53J3_123_4557/n287 (net)          2                   0.00       0.72 r
  evalB/DP_OP_53J3_123_4557/U158/CO (FA1D0BWP40P140)      0.03      0.08       0.80 r
  evalB/DP_OP_53J3_123_4557/n328 (net)          1                   0.00       0.80 r
  evalB/DP_OP_53J3_123_4557/U140/CO (FA1D0BWP40P140)      0.03      0.07       0.88 r
  evalB/DP_OP_53J3_123_4557/n325 (net)          1                   0.00       0.88 r
  evalB/DP_OP_53J3_123_4557/U141/CO (FA1D0BWP40P140)      0.03      0.07       0.95 r
  evalB/DP_OP_53J3_123_4557/n289 (net)          1                   0.00       0.95 r
  evalB/DP_OP_53J3_123_4557/U155/CO (FA1D0BWP40P140)      0.03      0.07       1.02 r
  evalB/DP_OP_53J3_123_4557/n322 (net)          1                   0.00       1.02 r
  evalB/DP_OP_53J3_123_4557/U143/CO (FA1D0BWP40P140)      0.03      0.07       1.10 r
  evalB/DP_OP_53J3_123_4557/n319 (net)          1                   0.00       1.10 r
  evalB/DP_OP_53J3_123_4557/U144/CO (FA1D0BWP40P140)      0.03      0.07       1.17 r
  evalB/DP_OP_53J3_123_4557/n316 (net)          1                   0.00       1.17 r
  evalB/DP_OP_53J3_123_4557/U142/S (FA1D0BWP40P140)       0.18      0.20       1.37 f
  evalB/DP_OP_53J3_123_4557/O1[8] (net)        37                   0.00       1.37 f
  evalB/DP_OP_53J3_123_4557/O1[8] (Eval_1_DP_OP_53J3_123_4557_J3_0)     0.00     1.37 f
  evalB/io_out_2[8] (net)                                           0.00       1.37 f
  evalB/io_out_2[8] (Eval_1)                                        0.00       1.37 f
  evalB_io_out_2[8] (net)                                           0.00       1.37 f
  mult_x_3/b[8] (core4_a36_b16_c36_DW_mult_uns_J3_1)                0.00       1.37 f
  mult_x_3/b[8] (net)                                               0.00       1.37 f
  mult_x_3/U1114/ZN (INVD1BWP40P140)                      0.13      0.15       1.52 r
  mult_x_3/n2263 (net)                         35                   0.00       1.52 r
  mult_x_3/U1435/ZN (MUX2ND0BWP40P140)                    0.06      0.07       1.59 f
  mult_x_3/n1359 (net)                          3                   0.00       1.59 f
  mult_x_3/U1370/ZN (NR2D0BWP40P140)                      0.37      0.25       1.85 r
  mult_x_3/n2414 (net)                         32                   0.00       1.85 r
  mult_x_3/U1731/ZN (AOI222D0BWP40P140)                   0.12      0.10       1.95 f
  mult_x_3/n1863 (net)                          1                   0.00       1.95 f
  mult_x_3/U1732/ZN (MUX2ND0BWP40P140)                    0.07      0.08       2.02 r
  mult_x_3/n2031 (net)                          1                   0.00       2.02 r
  mult_x_3/U1101/CO (HA1D0BWP40P140)                      0.03      0.06       2.09 r
  mult_x_3/n2026 (net)                          1                   0.00       2.09 r
  mult_x_3/U1095/CO (HA1D0BWP40P140)                      0.02      0.05       2.13 r
  mult_x_3/n2021 (net)                          1                   0.00       2.13 r
  mult_x_3/U1238/CO (FA1D0BWP40P140)                      0.03      0.07       2.20 r
  mult_x_3/n2016 (net)                          1                   0.00       2.20 r
  mult_x_3/U1239/CO (FA1D0BWP40P140)                      0.03      0.07       2.28 r
  mult_x_3/n2011 (net)                          1                   0.00       2.28 r
  mult_x_3/U1236/CO (FA1D0BWP40P140)                      0.03      0.07       2.35 r
  mult_x_3/n2006 (net)                          1                   0.00       2.35 r
  mult_x_3/U1240/CO (FA1D0BWP40P140)                      0.03      0.07       2.43 r
  mult_x_3/n2001 (net)                          1                   0.00       2.43 r
  mult_x_3/U1241/CO (FA1D0BWP40P140)                      0.03      0.07       2.50 r
  mult_x_3/n1996 (net)                          1                   0.00       2.50 r
  mult_x_3/U1242/CO (FA1D0BWP40P140)                      0.03      0.07       2.57 r
  mult_x_3/n1991 (net)                          1                   0.00       2.57 r
  mult_x_3/U1243/CO (FA1D0BWP40P140)                      0.03      0.07       2.65 r
  mult_x_3/n1986 (net)                          1                   0.00       2.65 r
  mult_x_3/U1244/CO (FA1D0BWP40P140)                      0.03      0.07       2.72 r
  mult_x_3/n1981 (net)                          1                   0.00       2.72 r
  mult_x_3/U1245/CO (FA1D0BWP40P140)                      0.03      0.07       2.80 r
  mult_x_3/n1976 (net)                          1                   0.00       2.80 r
  mult_x_3/U1246/CO (FA1D0BWP40P140)                      0.03      0.07       2.87 r
  mult_x_3/n1971 (net)                          1                   0.00       2.87 r
  mult_x_3/U1247/CO (FA1D0BWP40P140)                      0.03      0.07       2.94 r
  mult_x_3/n1966 (net)                          1                   0.00       2.94 r
  mult_x_3/U1248/CO (FA1D0BWP40P140)                      0.03      0.07       3.02 r
  mult_x_3/n1961 (net)                          1                   0.00       3.02 r
  mult_x_3/U1249/CO (FA1D0BWP40P140)                      0.03      0.07       3.09 r
  mult_x_3/n1956 (net)                          1                   0.00       3.09 r
  mult_x_3/U1250/CO (FA1D0BWP40P140)                      0.03      0.07       3.17 r
  mult_x_3/n1951 (net)                          1                   0.00       3.17 r
  mult_x_3/U1251/CO (FA1D0BWP40P140)                      0.03      0.07       3.24 r
  mult_x_3/n1946 (net)                          1                   0.00       3.24 r
  mult_x_3/U1252/CO (FA1D0BWP40P140)                      0.03      0.07       3.32 r
  mult_x_3/n1941 (net)                          1                   0.00       3.32 r
  mult_x_3/U1253/CO (FA1D0BWP40P140)                      0.03      0.07       3.39 r
  mult_x_3/n1936 (net)                          1                   0.00       3.39 r
  mult_x_3/U1237/CO (FA1D0BWP40P140)                      0.03      0.07       3.46 r
  mult_x_3/n1931 (net)                          1                   0.00       3.46 r
  mult_x_3/U1254/CO (FA1D0BWP40P140)                      0.03      0.07       3.54 r
  mult_x_3/n1926 (net)                          1                   0.00       3.54 r
  mult_x_3/U1255/CO (FA1D0BWP40P140)                      0.03      0.07       3.61 r
  mult_x_3/n1921 (net)                          1                   0.00       3.61 r
  mult_x_3/U1256/CO (FA1D0BWP40P140)                      0.03      0.07       3.69 r
  mult_x_3/n1916 (net)                          1                   0.00       3.69 r
  mult_x_3/U1257/CO (FA1D0BWP40P140)                      0.03      0.07       3.76 r
  mult_x_3/n1911 (net)                          1                   0.00       3.76 r
  mult_x_3/U1258/CO (FA1D0BWP40P140)                      0.03      0.07       3.83 r
  mult_x_3/n1906 (net)                          1                   0.00       3.83 r
  mult_x_3/U1259/CO (FA1D0BWP40P140)                      0.03      0.07       3.91 r
  mult_x_3/n1901 (net)                          1                   0.00       3.91 r
  mult_x_3/U1260/CO (FA1D0BWP40P140)                      0.03      0.07       3.98 r
  mult_x_3/n1896 (net)                          1                   0.00       3.98 r
  mult_x_3/U1261/CO (FA1D0BWP40P140)                      0.03      0.07       4.06 r
  mult_x_3/n1891 (net)                          1                   0.00       4.06 r
  mult_x_3/U1262/CO (FA1D0BWP40P140)                      0.03      0.07       4.13 r
  mult_x_3/n1885 (net)                          1                   0.00       4.13 r
  mult_x_3/U1263/S (FA1D0BWP40P140)                       0.03      0.11       4.24 f
  mult_x_3/n2054 (net)                          1                   0.00       4.24 f
  mult_x_3/U1341/S (FA1D0BWP40P140)                       0.04      0.13       4.38 r
  mult_x_3/n2309 (net)                          1                   0.00       4.38 r
  mult_x_3/U1119/CO (FA1D0BWP40P140)                      0.03      0.08       4.45 r
  mult_x_3/n2304 (net)                          1                   0.00       4.45 r
  mult_x_3/U1383/CO (FA1D0BWP40P140)                      0.03      0.07       4.53 r
  mult_x_3/n2270 (net)                          1                   0.00       4.53 r
  mult_x_3/U1069/ZN (XNR4D1BWP40P140)                     0.03      0.10       4.63 r
  mult_x_3/n2272 (net)                          2                   0.00       4.63 r
  mult_x_3/U1233/ZN (OAI21D1BWP40P140LVT)                 0.04      0.02       4.65 f
  mult_x_3/n2271 (net)                          1                   0.00       4.65 f
  mult_x_3/U1272/ZN (OAI31D0BWP40P140LVT)                 0.05      0.03       4.68 r
  mult_x_3/n2280 (net)                          1                   0.00       4.68 r
  mult_x_3/U1270/Z (XOR2UD0BWP40P140)                     0.07      0.04       4.73 r
  mult_x_3/n2287 (net)                          1                   0.00       4.73 r
  mult_x_3/U1077/Z (XOR4D1BWP40P140)                      0.02      0.12       4.85 f
  mult_x_3/n2300 (net)                          2                   0.00       4.85 f
  mult_x_3/U1346/ZN (OAI21D1BWP40P140LVT)                 0.02      0.02       4.87 r
  mult_x_3/n2297 (net)                          1                   0.00       4.87 r
  mult_x_3/U1384/ZN (OAI31D0BWP40P140LVT)                 0.03      0.02       4.89 f
  mult_x_3/n2301 (net)                          1                   0.00       4.89 f
  mult_x_3/U1076/Z (XOR3D0BWP40P140)                      0.02      0.07       4.96 r
  mult_x_3/product[38] (net)                    1                   0.00       4.96 r
  mult_x_3/product[38] (core4_a36_b16_c36_DW_mult_uns_J3_1)         0.00       4.96 r
  n_w_2_T_1[38] (net)                                               0.00       4.96 r
  s_w_2_reg_38_/D (DFKCNQD1BWP40P140)                     0.02      0.00       4.96 r
  data arrival time                                                            4.96

  clock clk (rise edge)                                             5.00       5.00
  clock network delay (ideal)                                       0.00       5.00
  s_w_2_reg_38_/CP (DFKCNQD1BWP40P140)                              0.00       5.00 r
  library setup time                                               -0.04       4.96
  data required time                                                           4.96
  ---------------------------------------------------------------------------------------------------------
  data required time                                                           4.96
  data arrival time                                                           -4.96
  ---------------------------------------------------------------------------------------------------------
  slack (MET)                                                                  0.00


1
