 
****************************************
Report : timing
        -path full
        -delay max
        -nets
        -max_paths 1
        -transition_time
Design : core64_a28_b10_c28
Version: O-2018.06-SP5
Date   : Tue May 12 23:41:29 2026
****************************************

 # A fanout number of 1000 was used for high fanout net computations.

Operating Conditions: ssg0p81vm40c   Library: tcbn28hpcplusbwp40p140hvtssg0p81vm40c_ccs
Wire Load Model Mode: segmented

  Startpoint: io_b_31[0] (input port clocked by clk)
  Endpoint: core16_0/core4_3/s_w_1_reg_35_
            (rising edge-triggered flip-flop clocked by clk)
  Path Group: clk
  Path Type: max

  Des/Clust/Port     Wire Load Model       Library
  ------------------------------------------------
  core64_a28_b10_c28 ZeroWireload          tcbn28hpcplusbwp40p140hvtssg0p81vm40c_ccs
  Eval_1_8_DP_OP_53J22_126_8511_0 ZeroWireload tcbn28hpcplusbwp40p140hvtssg0p81vm40c_ccs
  Eval_1_0_DP_OP_52J22_125_4583_J22_0_8 ZeroWireload tcbn28hpcplusbwp40p140hvtssg0p81vm40c_ccs
  Eval_1_0_DP_OP_54J22_127_5286_J22_0_8 ZeroWireload tcbn28hpcplusbwp40p140hvtssg0p81vm40c_ccs
  Eval_33_0_DP_OP_56J21_131_6631_J21_0_3 ZeroWireload tcbn28hpcplusbwp40p140hvtssg0p81vm40c_ccs
  Eval_33_0_DP_OP_55J21_130_2896_J21_0_3 ZeroWireload tcbn28hpcplusbwp40p140hvtssg0p81vm40c_ccs
  Eval_33_0_DP_OP_54J21_129_8018_J21_0_3 ZeroWireload tcbn28hpcplusbwp40p140hvtssg0p81vm40c_ccs
  Eval_33_75_DP_OP_56J17_127_1637_J17_0 ZeroWireload tcbn28hpcplusbwp40p140hvtssg0p81vm40c_ccs
  Eval_33_75_DP_OP_55J17_126_7869_J17_0 ZeroWireload tcbn28hpcplusbwp40p140hvtssg0p81vm40c_ccs
  Eval_33_75_DP_OP_54J17_125_5930_J17_0 ZeroWireload tcbn28hpcplusbwp40p140hvtssg0p81vm40c_ccs
  Eval_33_1_DP_OP_55J27_124_3794_J27_0_27 ZeroWireload tcbn28hpcplusbwp40p140hvtssg0p81vm40c_ccs
  Eval_33_1_DP_OP_54J27_123_6227_J27_0_27 ZeroWireload tcbn28hpcplusbwp40p140hvtssg0p81vm40c_ccs
  Eval_33_1_DP_OP_53J27_122_4171_J27_0_27 ZeroWireload tcbn28hpcplusbwp40p140hvtssg0p81vm40c_ccs
  core4_1_DW_mult_tc_J24_5_21 ZeroWireload tcbn28hpcplusbwp40p140hvtssg0p81vm40c_ccs

Attributes:
    d - dont_touch
    u - dont_use
   mo - map_only
   so - size_only
    i - ideal_net or ideal_network
  inf - infeasible path

  Point                                       Fanout     Trans      Incr       Path      Attributes
  ---------------------------------------------------------------------------------------------------------
  clock clk (rise edge)                                             0.00       0.00
  clock network delay (ideal)                                       0.00       0.00
  input external delay                                              0.50       0.50 r
  io_b_31[0] (in)                                         0.00      0.00       0.50 r
  io_b_31[0] (net)                              1                   0.00       0.50 r
  evalB_7/io_in_3[0] (Eval_1_8)                                     0.00       0.50 r
  evalB_7/io_in_3[0] (net)                                          0.00       0.50 r
  evalB_7/U6/ZN (INVD1BWP40P140LVT)                       0.01      0.01       0.51 f
  evalB_7/n2 (net)                              1                   0.00       0.51 f
  evalB_7/U4/ZN (INVD2BWP40P140LVT)                       0.02      0.01       0.52 r
  evalB_7/io_out_0[0] (net)                     6                   0.00       0.52 r
  evalB_7/io_out_0[0] (Eval_1_8)                                    0.00       0.52 r
  evalB_7_io_out_0[0] (net)                                         0.00       0.52 r
  core16_0/io_b_7[0] (core16_6)                                     0.00       0.52 r
  core16_0/io_b_7[0] (net)                                          0.00       0.52 r
  core16_0/evalB_1/io_in_3[0] (Eval_33_75)                          0.00       0.52 r
  core16_0/evalB_1/io_in_3[0] (net)                                 0.00       0.52 r
  core16_0/evalB_1/U6/ZN (INVD0P7BWP40P140)               0.01      0.01       0.53 f
  core16_0/evalB_1/n42 (net)                    1                   0.00       0.53 f
  core16_0/evalB_1/U4/ZN (CKND0BWP40P140)                 0.12      0.07       0.60 r
  core16_0/evalB_1/io_out_0[0] (net)            6                   0.00       0.60 r
  core16_0/evalB_1/DP_OP_55J17_126_7869/I4[0] (Eval_33_75_DP_OP_55J17_126_7869_J17_0)     0.00     0.60 r
  core16_0/evalB_1/DP_OP_55J17_126_7869/I4[0] (net)                 0.00       0.60 r
  core16_0/evalB_1/DP_OP_55J17_126_7869/U118/CO (HA1D0BWP40P140LVT)     0.02     0.05     0.66 r
  core16_0/evalB_1/DP_OP_55J17_126_7869/n213 (net)     1            0.00       0.66 r
  core16_0/evalB_1/DP_OP_55J17_126_7869/U141/CO (FA1D1BWP40P140)     0.02     0.05     0.71 r
  core16_0/evalB_1/DP_OP_55J17_126_7869/n211 (net)     1            0.00       0.71 r
  core16_0/evalB_1/DP_OP_55J17_126_7869/U140/S (FA1D1BWP40P140)     0.03     0.10     0.81 f
  core16_0/evalB_1/DP_OP_55J17_126_7869/n217 (net)     2            0.00       0.81 f
  core16_0/evalB_1/DP_OP_55J17_126_7869/U171/ZN (CKND0BWP40P140)     0.03     0.03     0.84 r
  core16_0/evalB_1/DP_OP_55J17_126_7869/n230 (net)     1            0.00       0.84 r
  core16_0/evalB_1/DP_OP_55J17_126_7869/U94/S (FA1D1BWP40P140)     0.05     0.12     0.96 f
  core16_0/evalB_1/DP_OP_55J17_126_7869/O2[2] (net)     3           0.00       0.96 f
  core16_0/evalB_1/DP_OP_55J17_126_7869/O2[2] (Eval_33_75_DP_OP_55J17_126_7869_J17_0)     0.00     0.96 f
  core16_0/evalB_1/io_out_3[2] (net)                                0.00       0.96 f
  core16_0/evalB_1/io_out_3[2] (Eval_33_75)                         0.00       0.96 f
  core16_0/evalB_1_io_out_3[2] (net)                                0.00       0.96 f
  core16_0/core4_3/io_b_1[2] (core4_45)                             0.00       0.96 f
  core16_0/core4_3/io_b_1[2] (net)                                  0.00       0.96 f
  core16_0/core4_3/evalB/io_in_1[2] (Eval_33_45)                    0.00       0.96 f
  core16_0/core4_3/evalB/io_in_1[2] (net)                           0.00       0.96 f
  core16_0/core4_3/evalB/DP_OP_53J27_122_4171/I3[2] (Eval_33_1_DP_OP_53J27_122_4171_J27_0_27)     0.00     0.96 f
  core16_0/core4_3/evalB/DP_OP_53J27_122_4171/I3[2] (net)           0.00       0.96 f
  core16_0/core4_3/evalB/DP_OP_53J27_122_4171/U107/CO (FA1D0BWP40P140)     0.03     0.09     1.05 f
  core16_0/core4_3/evalB/DP_OP_53J27_122_4171/n223 (net)     1      0.00       1.05 f
  core16_0/core4_3/evalB/DP_OP_53J27_122_4171/U108/CO (FA1D0BWP40P140)     0.03     0.08     1.12 f
  core16_0/core4_3/evalB/DP_OP_53J27_122_4171/n229 (net)     1      0.00       1.12 f
  core16_0/core4_3/evalB/DP_OP_53J27_122_4171/U129/CO (FA1D0BWP40P140)     0.03     0.07     1.20 f
  core16_0/core4_3/evalB/DP_OP_53J27_122_4171/n233 (net)     1      0.00       1.20 f
  core16_0/core4_3/evalB/DP_OP_53J27_122_4171/U104/S (FA1D0BWP40P140)     0.04     0.12     1.32 r
  core16_0/core4_3/evalB/DP_OP_53J27_122_4171/n300 (net)     1      0.00       1.32 r
  core16_0/core4_3/evalB/DP_OP_53J27_122_4171/U112/CO (FA1D0BWP40P140)     0.03     0.08     1.39 r
  core16_0/core4_3/evalB/DP_OP_53J27_122_4171/n297 (net)     1      0.00       1.39 r
  core16_0/core4_3/evalB/DP_OP_53J27_122_4171/U113/CO (FA1D0BWP40P140)     0.03     0.07     1.47 r
  core16_0/core4_3/evalB/DP_OP_53J27_122_4171/n273 (net)     1      0.00       1.47 r
  core16_0/core4_3/evalB/DP_OP_53J27_122_4171/U84/CO (FA1D0BWP40P140)     0.03     0.07     1.54 r
  core16_0/core4_3/evalB/DP_OP_53J27_122_4171/n295 (net)     1      0.00       1.54 r
  core16_0/core4_3/evalB/DP_OP_53J27_122_4171/U101/CO (FA1D0BWP40P140)     0.03     0.07     1.62 r
  core16_0/core4_3/evalB/DP_OP_53J27_122_4171/n293 (net)     1      0.00       1.62 r
  core16_0/core4_3/evalB/DP_OP_53J27_122_4171/U111/CO (FA1D0BWP40P140)     0.03     0.07     1.69 r
  core16_0/core4_3/evalB/DP_OP_53J27_122_4171/n291 (net)     1      0.00       1.69 r
  core16_0/core4_3/evalB/DP_OP_53J27_122_4171/U119/CO (FA1D0BWP40P140)     0.03     0.07     1.76 r
  core16_0/core4_3/evalB/DP_OP_53J27_122_4171/n289 (net)     1      0.00       1.76 r
  core16_0/core4_3/evalB/DP_OP_53J27_122_4171/U120/CO (FA1D0BWP40P140)     0.03     0.07     1.84 r
  core16_0/core4_3/evalB/DP_OP_53J27_122_4171/n287 (net)     1      0.00       1.84 r
  core16_0/core4_3/evalB/DP_OP_53J27_122_4171/U121/CO (FA1D0BWP40P140)     0.03     0.07     1.91 r
  core16_0/core4_3/evalB/DP_OP_53J27_122_4171/n285 (net)     1      0.00       1.91 r
  core16_0/core4_3/evalB/DP_OP_53J27_122_4171/U109/S (FA1D0BWP40P140)     0.13     0.17     2.09 f
  core16_0/core4_3/evalB/DP_OP_53J27_122_4171/O1[14] (net)    26     0.00      2.09 f
  core16_0/core4_3/evalB/DP_OP_53J27_122_4171/O1[14] (Eval_33_1_DP_OP_53J27_122_4171_J27_0_27)     0.00     2.09 f
  core16_0/core4_3/evalB/io_out_1[14] (net)                         0.00       2.09 f
  core16_0/core4_3/evalB/io_out_1[14] (Eval_33_45)                  0.00       2.09 f
  core16_0/core4_3/evalB_io_out_1[14] (net)                         0.00       2.09 f
  core16_0/core4_3/mult_x_2/b[14] (core4_1_DW_mult_tc_J24_5_21)     0.00       2.09 f
  core16_0/core4_3/mult_x_2/b[14] (net)                             0.00       2.09 f
  core16_0/core4_3/mult_x_2/U1195/ZN (CKND0BWP40P140)     0.17      0.16       2.25 r
  core16_0/core4_3/mult_x_2/n1783 (net)        28                   0.00       2.25 r
  core16_0/core4_3/mult_x_2/U1370/ZN (MUX2ND0BWP40P140)     0.05     0.06      2.31 f
  core16_0/core4_3/mult_x_2/n1447 (net)         2                   0.00       2.31 f
  core16_0/core4_3/mult_x_2/U1371/ZN (CKND0BWP40P140)     0.02      0.03       2.34 r
  core16_0/core4_3/mult_x_2/n1445 (net)         2                   0.00       2.34 r
  core16_0/core4_3/mult_x_2/U1161/ZN (ND3D0BWP40P140)     0.32      0.20       2.54 f
  core16_0/core4_3/mult_x_2/n1796 (net)        22                   0.00       2.54 f
  core16_0/core4_3/mult_x_2/U1673/ZN (OAI222D0BWP40P140)     0.07     0.15     2.69 r
  core16_0/core4_3/mult_x_2/n1799 (net)         1                   0.00       2.69 r
  core16_0/core4_3/mult_x_2/U1674/ZN (AOI21D0BWP40P140)     0.04     0.04      2.73 f
  core16_0/core4_3/mult_x_2/n1800 (net)         1                   0.00       2.73 f
  core16_0/core4_3/mult_x_2/U1675/ZN (MUX2ND0BWP40P140)     0.06     0.06      2.79 f
  core16_0/core4_3/mult_x_2/n1907 (net)         1                   0.00       2.79 f
  core16_0/core4_3/mult_x_2/U1157/CO (HA1D0BWP40P140)     0.02      0.05       2.84 f
  core16_0/core4_3/mult_x_2/n1901 (net)         1                   0.00       2.84 f
  core16_0/core4_3/mult_x_2/U1741/CO (FA1D1BWP40P140)     0.02      0.05       2.90 f
  core16_0/core4_3/mult_x_2/n1896 (net)         1                   0.00       2.90 f
  core16_0/core4_3/mult_x_2/U1236/CO (FA1D0BWP40P140)     0.03      0.07       2.96 f
  core16_0/core4_3/mult_x_2/n1891 (net)         1                   0.00       2.96 f
  core16_0/core4_3/mult_x_2/U1650/S (FA1D0BWP40P140)      0.04      0.12       3.09 r
  core16_0/core4_3/mult_x_2/n2013 (net)         1                   0.00       3.09 r
  core16_0/core4_3/mult_x_2/U1725/CO (FA1D0BWP40P140)     0.03      0.08       3.17 r
  core16_0/core4_3/mult_x_2/n2006 (net)         1                   0.00       3.17 r
  core16_0/core4_3/mult_x_2/U1244/CO (FA1D0BWP40P140)     0.03      0.07       3.24 r
  core16_0/core4_3/mult_x_2/n2001 (net)         1                   0.00       3.24 r
  core16_0/core4_3/mult_x_2/U1715/CO (FA1D0BWP40P140)     0.03      0.07       3.32 r
  core16_0/core4_3/mult_x_2/n1996 (net)         1                   0.00       3.32 r
  core16_0/core4_3/mult_x_2/U1806/CO (FA1D1BWP40P140)     0.02      0.06       3.37 r
  core16_0/core4_3/mult_x_2/n1991 (net)         1                   0.00       3.37 r
  core16_0/core4_3/mult_x_2/U1245/CO (FA1D0BWP40P140)     0.03      0.07       3.44 r
  core16_0/core4_3/mult_x_2/n1986 (net)         1                   0.00       3.44 r
  core16_0/core4_3/mult_x_2/U1799/CO (FA1D1BWP40P140)     0.02      0.06       3.50 r
  core16_0/core4_3/mult_x_2/n1981 (net)         1                   0.00       3.50 r
  core16_0/core4_3/mult_x_2/U1695/CO (FA1D0BWP40P140)     0.03      0.07       3.56 r
  core16_0/core4_3/mult_x_2/n1976 (net)         1                   0.00       3.56 r
  core16_0/core4_3/mult_x_2/U1246/S (FA1D0BWP40P140)      0.03      0.12       3.68 f
  core16_0/core4_3/mult_x_2/n2112 (net)         1                   0.00       3.68 f
  core16_0/core4_3/mult_x_2/U1887/CO (FA1D1BWP40P140)     0.02      0.07       3.75 f
  core16_0/core4_3/mult_x_2/n2105 (net)         1                   0.00       3.75 f
  core16_0/core4_3/mult_x_2/U1810/S (FA1D0BWP40P140)      0.04      0.12       3.87 r
  core16_0/core4_3/mult_x_2/n2267 (net)         1                   0.00       3.87 r
  core16_0/core4_3/mult_x_2/U1290/CO (FA1D0BWP40P140)     0.03      0.08       3.95 r
  core16_0/core4_3/mult_x_2/n2259 (net)         1                   0.00       3.95 r
  core16_0/core4_3/mult_x_2/U1981/S (FA1D1BWP40P140)      0.03      0.10       4.05 f
  core16_0/core4_3/mult_x_2/n2487 (net)         1                   0.00       4.05 f
  core16_0/core4_3/mult_x_2/U2072/CO (FA1D1BWP40P140)     0.02      0.07       4.12 f
  core16_0/core4_3/mult_x_2/n2482 (net)         1                   0.00       4.12 f
  core16_0/core4_3/mult_x_2/U1315/CO (FA1D0BWP40P140)     0.03      0.07       4.18 f
  core16_0/core4_3/mult_x_2/n2479 (net)         1                   0.00       4.18 f
  core16_0/core4_3/mult_x_2/U2071/CO (FA1D1BWP40P140)     0.02      0.06       4.24 f
  core16_0/core4_3/mult_x_2/n2476 (net)         1                   0.00       4.24 f
  core16_0/core4_3/mult_x_2/U2070/CO (FA1D1BWP40P140)     0.02      0.06       4.30 f
  core16_0/core4_3/mult_x_2/n2473 (net)         1                   0.00       4.30 f
  core16_0/core4_3/mult_x_2/U1316/CO (FA1D0BWP40P140)     0.03      0.07       4.37 f
  core16_0/core4_3/mult_x_2/n2470 (net)         1                   0.00       4.37 f
  core16_0/core4_3/mult_x_2/U2069/CO (FA1D1BWP40P140)     0.02      0.06       4.43 f
  core16_0/core4_3/mult_x_2/n2467 (net)         1                   0.00       4.43 f
  core16_0/core4_3/mult_x_2/U2068/CO (FA1D1BWP40P140)     0.02      0.06       4.48 f
  core16_0/core4_3/mult_x_2/n2464 (net)         1                   0.00       4.48 f
  core16_0/core4_3/mult_x_2/U1317/CO (FA1D0BWP40P140)     0.03      0.07       4.55 f
  core16_0/core4_3/mult_x_2/n2461 (net)         1                   0.00       4.55 f
  core16_0/core4_3/mult_x_2/U1164/CO (FA1D1BWP40P140LVT)     0.01     0.05     4.60 f
  core16_0/core4_3/mult_x_2/n2409 (net)         2                   0.00       4.60 f
  core16_0/core4_3/mult_x_2/U1119/ZN (ND2D0BWP40P140HVT)     0.05     0.02     4.62 r
  core16_0/core4_3/mult_x_2/n1437 (net)         1                   0.00       4.62 r
  core16_0/core4_3/mult_x_2/U1127/ZN (OAI21D0BWP40P140)     0.07     0.05      4.66 f
  core16_0/core4_3/mult_x_2/n1436 (net)         1                   0.00       4.66 f
  core16_0/core4_3/mult_x_2/U1126/Z (XOR2UD0BWP40P140)     0.03     0.05       4.72 f
  core16_0/core4_3/mult_x_2/n2420 (net)         1                   0.00       4.72 f
  core16_0/core4_3/mult_x_2/U1125/Z (XOR2UD0BWP40P140)     0.05     0.05       4.77 r
  core16_0/core4_3/mult_x_2/n2432 (net)         1                   0.00       4.77 r
  core16_0/core4_3/mult_x_2/U1736/Z (XOR3UD0BWP40P140)     0.06     0.08       4.84 r
  core16_0/core4_3/mult_x_2/n2453 (net)         1                   0.00       4.84 r
  core16_0/core4_3/mult_x_2/U1163/Z (XOR4D1BWP40P140LVT)     0.02     0.07     4.91 r
  core16_0/core4_3/mult_x_2/n2458 (net)         2                   0.00       4.91 r
  core16_0/core4_3/mult_x_2/U1123/ZN (OAI21D0P7BWP40P140LVT)     0.03     0.02     4.93 f
  core16_0/core4_3/mult_x_2/n2457 (net)         1                   0.00       4.93 f
  core16_0/core4_3/mult_x_2/U1369/ZN (OAI31D0BWP40P140LVT)     0.03     0.02     4.96 r
  core16_0/core4_3/mult_x_2/product[35] (net)     1                 0.00       4.96 r
  core16_0/core4_3/mult_x_2/product[35] (core4_1_DW_mult_tc_J24_5_21)     0.00     4.96 r
  core16_0/core4_3/n_w_1_T_1[35] (net)                              0.00       4.96 r
  core16_0/core4_3/s_w_1_reg_35_/D (DFKCNQD1BWP40P140)     0.03     0.00       4.96 r
  data arrival time                                                            4.96

  clock clk (rise edge)                                             5.00       5.00
  clock network delay (ideal)                                       0.00       5.00
  core16_0/core4_3/s_w_1_reg_35_/CP (DFKCNQD1BWP40P140)             0.00       5.00 r
  library setup time                                               -0.04       4.96
  data required time                                                           4.96
  ---------------------------------------------------------------------------------------------------------
  data required time                                                           4.96
  data arrival time                                                           -4.96
  ---------------------------------------------------------------------------------------------------------
  slack (MET)                                                                  0.00


1
