 
****************************************
Report : timing
        -path full
        -delay max
        -nets
        -max_paths 1
        -transition_time
Design : core4_a32_b16_c32
Version: O-2018.06-SP5
Date   : Tue May 12 07:48:20 2026
****************************************

Operating Conditions: ssg0p81vm40c   Library: tcbn28hpcplusbwp40p140hvtssg0p81vm40c_ccs
Wire Load Model Mode: segmented

  Startpoint: io_b_2[0] (input port clocked by clk)
  Endpoint: s_w_2_reg_34_
            (rising edge-triggered flip-flop clocked by clk)
  Path Group: clk
  Path Type: max

  Des/Clust/Port     Wire Load Model       Library
  ------------------------------------------------
  Eval_1_DP_OP_54J3_124_8477_J3_0 ZeroWireload tcbn28hpcplusbwp40p140hvtssg0p81vm40c_ccs
  Eval_1_DP_OP_53J3_123_4557_J3_0 ZeroWireload tcbn28hpcplusbwp40p140hvtssg0p81vm40c_ccs
  Eval_1_DP_OP_52J3_122_4926_J3_0 ZeroWireload tcbn28hpcplusbwp40p140hvtssg0p81vm40c_ccs
  core4_a32_b16_c32  ZeroWireload          tcbn28hpcplusbwp40p140hvtssg0p81vm40c_ccs
  core4_a32_b16_c32_DW_mult_uns_J3_1 ZeroWireload tcbn28hpcplusbwp40p140hvtssg0p81vm40c_ccs

Attributes:
    d - dont_touch
    u - dont_use
   mo - map_only
   so - size_only
    i - ideal_net or ideal_network
  inf - infeasible path

  Point                                       Fanout     Trans      Incr       Path      Attributes
  ---------------------------------------------------------------------------------------------------------
  clock clk (rise edge)                                             0.00       0.00
  clock network delay (ideal)                                       0.00       0.00
  input external delay                                              0.50       0.50 r
  io_b_2[0] (in)                                          0.00      0.00       0.50 r
  io_b_2[0] (net)                               4                   0.00       0.50 r
  evalB/io_in_2[0] (Eval_1)                                         0.00       0.50 r
  evalB/io_in_2[0] (net)                                            0.00       0.50 r
  evalB/DP_OP_53J3_123_4557/I1[0] (Eval_1_DP_OP_53J3_123_4557_J3_0)     0.00     0.50 r
  evalB/DP_OP_53J3_123_4557/I1[0] (net)                             0.00       0.50 r
  evalB/DP_OP_53J3_123_4557/U135/CO (HA1D0BWP40P140)      0.02      0.04       0.54 r
  evalB/DP_OP_53J3_123_4557/n248 (net)          1                   0.00       0.54 r
  evalB/DP_OP_53J3_123_4557/U138/CO (FA1D0BWP40P140)      0.03      0.07       0.61 r
  evalB/DP_OP_53J3_123_4557/n246 (net)          1                   0.00       0.61 r
  evalB/DP_OP_53J3_123_4557/U91/CO (FA1D0BWP40P140)       0.03      0.07       0.68 r
  evalB/DP_OP_53J3_123_4557/n244 (net)          1                   0.00       0.68 r
  evalB/DP_OP_53J3_123_4557/U131/CO (FA1D0BWP40P140)      0.03      0.07       0.76 r
  evalB/DP_OP_53J3_123_4557/n242 (net)          1                   0.00       0.76 r
  evalB/DP_OP_53J3_123_4557/U128/CO (FA1D0BWP40P140)      0.03      0.07       0.83 r
  evalB/DP_OP_53J3_123_4557/n240 (net)          1                   0.00       0.83 r
  evalB/DP_OP_53J3_123_4557/U125/CO (FA1D0BWP40P140)      0.04      0.07       0.90 r
  evalB/DP_OP_53J3_123_4557/n238 (net)          1                   0.00       0.90 r
  evalB/DP_OP_53J3_123_4557/U122/CO (FA1D0BWP40P140)      0.03      0.08       0.98 r
  evalB/DP_OP_53J3_123_4557/n236 (net)          1                   0.00       0.98 r
  evalB/DP_OP_53J3_123_4557/U119/CO (FA1D0BWP40P140)      0.03      0.07       1.05 r
  evalB/DP_OP_53J3_123_4557/n234 (net)          1                   0.00       1.05 r
  evalB/DP_OP_53J3_123_4557/U116/CO (FA1D0BWP40P140)      0.04      0.07       1.13 r
  evalB/DP_OP_53J3_123_4557/n232 (net)          1                   0.00       1.13 r
  evalB/DP_OP_53J3_123_4557/U113/CO (FA1D0BWP40P140)      0.03      0.08       1.20 r
  evalB/DP_OP_53J3_123_4557/n230 (net)          1                   0.00       1.20 r
  evalB/DP_OP_53J3_123_4557/U110/CO (FA1D0BWP40P140)      0.03      0.07       1.28 r
  evalB/DP_OP_53J3_123_4557/n228 (net)          1                   0.00       1.28 r
  evalB/DP_OP_53J3_123_4557/U107/CO (FA1D0BWP40P140)      0.04      0.07       1.35 r
  evalB/DP_OP_53J3_123_4557/n226 (net)          1                   0.00       1.35 r
  evalB/DP_OP_53J3_123_4557/U104/CO (FA1D0BWP40P140)      0.03      0.08       1.43 r
  evalB/DP_OP_53J3_123_4557/n224 (net)          1                   0.00       1.43 r
  evalB/DP_OP_53J3_123_4557/U101/CO (FA1D0BWP40P140)      0.03      0.07       1.50 r
  evalB/DP_OP_53J3_123_4557/n222 (net)          1                   0.00       1.50 r
  evalB/DP_OP_53J3_123_4557/U98/S (FA1D0BWP40P140)        0.05      0.13       1.63 f
  evalB/DP_OP_53J3_123_4557/n290 (net)          2                   0.00       1.63 f
  evalB/DP_OP_53J3_123_4557/U158/S (FA1D0BWP40P140)       0.16      0.20       1.83 r
  evalB/DP_OP_53J3_123_4557/O1[14] (net)       26                   0.00       1.83 r
  evalB/DP_OP_53J3_123_4557/O1[14] (Eval_1_DP_OP_53J3_123_4557_J3_0)     0.00     1.83 r
  evalB/io_out_2[14] (net)                                          0.00       1.83 r
  evalB/io_out_2[14] (Eval_1)                                       0.00       1.83 r
  evalB_io_out_2[14] (net)                                          0.00       1.83 r
  mult_x_3/b[14] (core4_a32_b16_c32_DW_mult_uns_J3_1)               0.00       1.83 r
  mult_x_3/b[14] (net)                                              0.00       1.83 r
  mult_x_3/U970/ZN (CKND0BWP40P140)                       0.16      0.16       1.98 f
  mult_x_3/n1983 (net)                         26                   0.00       1.98 f
  mult_x_3/U1220/ZN (MOAI22D0BWP40P140)                   0.07      0.11       2.09 f
  mult_x_3/n1290 (net)                          3                   0.00       2.09 f
  mult_x_3/U1223/ZN (NR2D0BWP40P140)                      0.26      0.19       2.28 r
  mult_x_3/n2006 (net)                         22                   0.00       2.28 r
  mult_x_3/U1274/ZN (AOI222D0BWP40P140)                   0.10      0.09       2.36 f
  mult_x_3/n1383 (net)                          1                   0.00       2.36 f
  mult_x_3/U1036/ZN (MUX2ND0BWP40P140)                    0.06      0.08       2.44 f
  mult_x_3/n1491 (net)                          1                   0.00       2.44 f
  mult_x_3/U1350/S (HA1D0BWP40P140)                       0.03      0.07       2.51 f
  mult_x_3/n1607 (net)                          1                   0.00       2.51 f
  mult_x_3/U1434/S (FA1D0BWP40P140)                       0.04      0.13       2.64 r
  mult_x_3/n1751 (net)                          1                   0.00       2.64 r
  mult_x_3/U1526/CO (FA1D0BWP40P140)                      0.03      0.08       2.72 r
  mult_x_3/n1744 (net)                          1                   0.00       2.72 r
  mult_x_3/U1523/S (FA1D0BWP40P140)                       0.03      0.11       2.83 f
  mult_x_3/n1909 (net)                          1                   0.00       2.83 f
  mult_x_3/U1630/S (FA1D0BWP40P140)                       0.04      0.13       2.97 r
  mult_x_3/n2088 (net)                          1                   0.00       2.97 r
  mult_x_3/U1709/CO (FA1D0BWP40P140)                      0.03      0.08       3.05 r
  mult_x_3/n2083 (net)                          1                   0.00       3.05 r
  mult_x_3/U1708/CO (FA1D0BWP40P140)                      0.03      0.07       3.12 r
  mult_x_3/n2080 (net)                          1                   0.00       3.12 r
  mult_x_3/U1707/CO (FA1D0BWP40P140)                      0.03      0.07       3.19 r
  mult_x_3/n2077 (net)                          1                   0.00       3.19 r
  mult_x_3/U1706/CO (FA1D0BWP40P140)                      0.03      0.07       3.27 r
  mult_x_3/n2074 (net)                          1                   0.00       3.27 r
  mult_x_3/U1705/CO (FA1D0BWP40P140)                      0.03      0.07       3.34 r
  mult_x_3/n2071 (net)                          1                   0.00       3.34 r
  mult_x_3/U1704/CO (FA1D0BWP40P140)                      0.03      0.07       3.42 r
  mult_x_3/n2068 (net)                          1                   0.00       3.42 r
  mult_x_3/U1703/CO (FA1D0BWP40P140)                      0.03      0.07       3.49 r
  mult_x_3/n2065 (net)                          1                   0.00       3.49 r
  mult_x_3/U1702/CO (FA1D0BWP40P140)                      0.03      0.07       3.56 r
  mult_x_3/n2062 (net)                          1                   0.00       3.56 r
  mult_x_3/U1701/CO (FA1D0BWP40P140)                      0.03      0.07       3.64 r
  mult_x_3/n2059 (net)                          1                   0.00       3.64 r
  mult_x_3/U1700/CO (FA1D0BWP40P140)                      0.03      0.07       3.71 r
  mult_x_3/n2056 (net)                          1                   0.00       3.71 r
  mult_x_3/U1699/CO (FA1D0BWP40P140)                      0.03      0.07       3.79 r
  mult_x_3/n2053 (net)                          1                   0.00       3.79 r
  mult_x_3/U1698/CO (FA1D0BWP40P140)                      0.03      0.07       3.86 r
  mult_x_3/n2050 (net)                          1                   0.00       3.86 r
  mult_x_3/U1697/CO (FA1D0BWP40P140)                      0.03      0.07       3.93 r
  mult_x_3/n2047 (net)                          1                   0.00       3.93 r
  mult_x_3/U1696/CO (FA1D0BWP40P140)                      0.03      0.07       4.01 r
  mult_x_3/n2044 (net)                          1                   0.00       4.01 r
  mult_x_3/U1695/CO (FA1D0BWP40P140)                      0.03      0.07       4.08 r
  mult_x_3/n2041 (net)                          1                   0.00       4.08 r
  mult_x_3/U1694/CO (FA1D0BWP40P140)                      0.03      0.07       4.16 r
  mult_x_3/n2038 (net)                          1                   0.00       4.16 r
  mult_x_3/U1693/CO (FA1D0BWP40P140)                      0.03      0.07       4.23 r
  mult_x_3/n2035 (net)                          1                   0.00       4.23 r
  mult_x_3/U1692/CO (FA1D0BWP40P140)                      0.03      0.07       4.30 r
  mult_x_3/n2032 (net)                          1                   0.00       4.30 r
  mult_x_3/U1691/CO (FA1D0BWP40P140)                      0.03      0.07       4.38 r
  mult_x_3/n2029 (net)                          1                   0.00       4.38 r
  mult_x_3/U1690/CO (FA1D0BWP40P140)                      0.03      0.07       4.45 r
  mult_x_3/n1994 (net)                          1                   0.00       4.45 r
  mult_x_3/U971/ZN (XNR4D0BWP40P140)                      0.03      0.10       4.55 r
  mult_x_3/n1997 (net)                          2                   0.00       4.55 r
  mult_x_3/U1682/ZN (OAI21D0BWP40P140HVT)                 0.06      0.04       4.59 f
  mult_x_3/n1995 (net)                          1                   0.00       4.59 f
  mult_x_3/U1683/ZN (OAI31D0BWP40P140LVT)                 0.08      0.04       4.63 r
  mult_x_3/n2005 (net)                          1                   0.00       4.63 r
  mult_x_3/U954/Z (XOR2UD0BWP40P140)                      0.07      0.05       4.68 r
  mult_x_3/n2013 (net)                          1                   0.00       4.68 r
  mult_x_3/U982/Z (XOR4D0BWP40P140)                       0.03      0.13       4.82 r
  mult_x_3/n2025 (net)                          2                   0.00       4.82 r
  mult_x_3/U1688/ZN (OAI21D0BWP40P140HVT)                 0.04      0.04       4.86 f
  mult_x_3/n2022 (net)                          1                   0.00       4.86 f
  mult_x_3/U1689/ZN (OAI31D0BWP40P140LVT)                 0.03      0.03       4.89 r
  mult_x_3/n2026 (net)                          1                   0.00       4.89 r
  mult_x_3/U952/Z (XOR3UD0BWP40P140)                      0.04      0.06       4.94 r
  mult_x_3/product[34] (net)                    1                   0.00       4.94 r
  mult_x_3/product[34] (core4_a32_b16_c32_DW_mult_uns_J3_1)         0.00       4.94 r
  n_w_2_T_1[34] (net)                                               0.00       4.94 r
  s_w_2_reg_34_/CN (DFKCNQD1BWP40P140)                    0.04      0.00       4.94 r
  data arrival time                                                            4.94

  clock clk (rise edge)                                             5.00       5.00
  clock network delay (ideal)                                       0.00       5.00
  s_w_2_reg_34_/CP (DFKCNQD1BWP40P140)                              0.00       5.00 r
  library setup time                                               -0.05       4.95
  data required time                                                           4.95
  ---------------------------------------------------------------------------------------------------------
  data required time                                                           4.95
  data arrival time                                                           -4.94
  ---------------------------------------------------------------------------------------------------------
  slack (MET)                                                                  0.01


1
