 
****************************************
Report : area
Design : core16_a36_b8_c36
Version: O-2018.06-SP5
Date   : Tue May 12 18:32:56 2026
****************************************

Library(s) Used:

    tcbn28hpcplusbwp40p140lvtssg0p81vm40c_ccs (File: /export1/Library/TN28HPC+/STD_CELL_ext/track9_200824/TSMCHOME/digital/Front_End/timing_power_noise/CCS/tcbn28hpcplusbwp40p140lvt_180a/tcbn28hpcplusbwp40p140lvtssg0p81vm40c_ccs.db)
    tcbn28hpcplusbwp40p140ssg0p81vm40c_ccs (File: /export1/Library/TN28HPC+/STD_CELL_ext/track9_200824/TSMCHOME/digital/Front_End/timing_power_noise/CCS/tcbn28hpcplusbwp40p140_180a/tcbn28hpcplusbwp40p140ssg0p81vm40c_ccs.db)
    tcbn28hpcplusbwp40p140hvtssg0p81vm40c_ccs (File: /export1/Library/TN28HPC+/STD_CELL_ext/track9_200824/TSMCHOME/digital/Front_End/timing_power_noise/CCS/tcbn28hpcplusbwp40p140hvt_180a/tcbn28hpcplusbwp40p140hvtssg0p81vm40c_ccs.db)

Number of ports:                        43636
Number of nets:                        138103
Number of cells:                        69745
Number of combinational cells:          64310
Number of sequential cells:              4789
Number of macros/black boxes:               0
Number of buf/inv:                       7802
Number of references:                      21

Combinational area:              83988.322606
Buf/Inv area:                     2120.832016
Noncombinational area:            9647.442153
Macro/Black Box area:                0.000000
Net Interconnect area:      undefined  (Wire load has zero net area)

Total cell area:                 93635.764758
Total area:                 undefined

Area of detected synthetic parts
--------------------------------
                                                    Perc. of
  Module                Implem.  Count        Area cell area
  --------------------- -------  ----- ----------- ---------
  DP_OP_106J11_122_5029     str      3   8298.5325      8.9%
  DP_OP_106J14_122_8869     str      4  11445.9189     12.2%
  DP_OP_421J3_122_7810      str      1  10882.2588     11.6%
  DP_OP_52J11_123_8845      str      4   1279.1512      1.4%
  DP_OP_52J15_128_102       str      4    229.8240      0.2%
  DP_OP_53J11_124_1745      str      4   1307.6270      1.4%
  DP_OP_53J12_122_4700      str      3    764.4415      0.8%
  DP_OP_53J14_123_7322      str      2    188.2439      0.2%
  DP_OP_53J15_129_6763      str      4    293.2019      0.3%
  DP_OP_54J11_125_3730      str      4    949.5355      1.0%
  DP_OP_54J12_123_9540      str      3   1089.7732      1.2%
  DP_OP_54J12_128_8677      str      1    237.3839      0.3%
  DP_OP_54J12_131_5862      str      1     57.4560      0.1%
  DP_OP_54J13_122_6548      str      1    248.2198      0.3%
  DP_OP_54J13_125_6849      str      1     87.1920      0.1%
  DP_OP_54J13_128_9944      str      1     57.4560      0.1%
  DP_OP_54J14_124_7247      str      2    290.1778      0.3%
  DP_OP_54J14_126_4528      str      1     70.3080      0.1%
  DP_OP_54J15_122_485       str      1    237.3839      0.3%
  DP_OP_54J15_125_110       str      1     87.5700      0.1%
  DP_OP_54J15_130_2528      str      4    319.7879      0.3%
  DP_OP_55J12_124_2689      str      3   1053.9893      1.1%
  DP_OP_55J12_125_1150      str      1    253.8898      0.3%
  DP_OP_55J12_129_6253      str      1    321.2998      0.3%
  DP_OP_55J12_132_2234      str      1     75.4740      0.1%
  DP_OP_55J13_123_3996      str      1    338.1838      0.4%
  DP_OP_55J13_126_8115      str      1    120.3299      0.1%
  DP_OP_55J13_129_3770      str      1     75.4740      0.1%
  DP_OP_55J14_125_912       str      2    263.4659      0.3%
  DP_OP_55J14_127_4307      str      1     92.6100      0.1%
  DP_OP_55J15_123_3918      str      1    321.2998      0.3%
  DP_OP_55J15_126_2141      str      1    117.6839      0.1%
  DP_OP_56J12_126_9613      str      1    361.7458      0.4%
  DP_OP_56J12_130_5010      str      1    327.2218      0.3%
  DP_OP_56J12_133_2589      str      1     81.5220      0.1%
  DP_OP_56J13_124_1718      str      1    343.3498      0.4%
  DP_OP_56J13_127_6564      str      1    119.4480      0.1%
  DP_OP_56J13_130_1088      str      1     81.3960      0.1%
  DP_OP_56J14_128_942       str      1     98.2800      0.1%
  DP_OP_56J15_124_7345      str      1    327.2218      0.3%
  DP_OP_56J15_127_8780      str      1    123.3539      0.1%
  DP_OP_57J12_127_6858      str      1    351.0357      0.4%
  DW_mult_tc            apparch     33  28778.9080     30.7%
  DW_mult_uns           apparch     16  11077.8418     11.8%
  --------------------- -------  ----- ----------- ---------
  DP_OP Subtotal:                   74  43669.7183     46.6%
  Total:                           123  83526.4681     89.2%

Subtotal of datapath(DP_OP) cell area:  43669.7183  46.6%  
Total synthetic cell area:              83526.4681  89.2%  

1
