 
****************************************
Report : area
Design : core16_a36_b10_c36
Version: O-2018.06-SP5
Date   : Tue May 12 17:17:11 2026
****************************************

Library(s) Used:

    tcbn28hpcplusbwp40p140lvtssg0p81vm40c_ccs (File: /export1/Library/TN28HPC+/STD_CELL_ext/track9_200824/TSMCHOME/digital/Front_End/timing_power_noise/CCS/tcbn28hpcplusbwp40p140lvt_180a/tcbn28hpcplusbwp40p140lvtssg0p81vm40c_ccs.db)
    tcbn28hpcplusbwp40p140ssg0p81vm40c_ccs (File: /export1/Library/TN28HPC+/STD_CELL_ext/track9_200824/TSMCHOME/digital/Front_End/timing_power_noise/CCS/tcbn28hpcplusbwp40p140_180a/tcbn28hpcplusbwp40p140ssg0p81vm40c_ccs.db)
    tcbn28hpcplusbwp40p140hvtssg0p81vm40c_ccs (File: /export1/Library/TN28HPC+/STD_CELL_ext/track9_200824/TSMCHOME/digital/Front_End/timing_power_noise/CCS/tcbn28hpcplusbwp40p140hvt_180a/tcbn28hpcplusbwp40p140hvtssg0p81vm40c_ccs.db)

Number of ports:                        44536
Number of nets:                        150368
Number of cells:                        78604
Number of combinational cells:          73173
Number of sequential cells:              4789
Number of macros/black boxes:               0
Number of buf/inv:                      10430
Number of references:                      21

Combinational area:              91904.146551
Buf/Inv area:                     2791.278026
Noncombinational area:            9647.442153
Macro/Black Box area:                0.000000
Net Interconnect area:      undefined  (Wire load has zero net area)

Total cell area:                101551.588704
Total area:                 undefined

Area of detected synthetic parts
--------------------------------
                                                    Perc. of
  Module                Implem.  Count        Area cell area
  --------------------- -------  ----- ----------- ---------
  DP_OP_106J13_122_5029     str      3   8294.1238      8.2%
  DP_OP_106J14_122_8869     str      4  11445.4153     11.3%
  DP_OP_421J3_122_7810      str      1  10874.1963     10.7%
  DP_OP_52J13_123_8845      str      4   1279.1511      1.3%
  DP_OP_52J15_128_4583      str      4    281.2319      0.3%
  DP_OP_53J12_122_4700      str      3    764.4415      0.8%
  DP_OP_53J13_124_1745      str      4   1307.6271      1.3%
  DP_OP_53J14_123_4457      str      2    214.1999      0.2%
  DP_OP_53J15_129_8511      str      4    364.3918      0.4%
  DP_OP_54J11_122_6548      str      1    248.2198      0.2%
  DP_OP_54J11_125_7920      str      1     99.9180      0.1%
  DP_OP_54J11_128_9172      str      1     70.5600      0.1%
  DP_OP_54J12_123_9540      str      3   1089.7734      1.1%
  DP_OP_54J12_128_8677      str      1    237.3839      0.2%
  DP_OP_54J12_131_980       str      1     70.3080      0.1%
  DP_OP_54J13_125_3730      str      4    949.5355      0.9%
  DP_OP_54J14_124_110       str      2    326.5918      0.3%
  DP_OP_54J14_126_9894      str      1     83.1600      0.1%
  DP_OP_54J15_122_485       str      1    237.3839      0.2%
  DP_OP_54J15_125_795       str      1    100.4220      0.1%
  DP_OP_54J15_130_5286      str      4    390.7259      0.4%
  DP_OP_55J11_123_3996      str      1    338.1838      0.3%
  DP_OP_55J11_126_5659      str      1    138.2219      0.1%
  DP_OP_55J11_129_183       str      1     93.1140      0.1%
  DP_OP_55J12_124_2689      str      3   1053.9893      1.0%
  DP_OP_55J12_125_1150      str      1    253.8898      0.3%
  DP_OP_55J12_129_6253      str      1    321.2998      0.3%
  DP_OP_55J12_132_3603      str      1     93.1140      0.1%
  DP_OP_55J14_125_5186      str      2    299.1239      0.3%
  DP_OP_55J14_127_37        str      1    110.2499      0.1%
  DP_OP_55J15_123_3918      str      1    321.2998      0.3%
  DP_OP_55J15_126_3918      str      1    136.3319      0.1%
  DP_OP_56J11_124_1718      str      1    343.3500      0.3%
  DP_OP_56J11_127_4421      str      1    137.7179      0.1%
  DP_OP_56J11_130_9282      str      1     99.0360      0.1%
  DP_OP_56J12_126_9613      str      1    361.7458      0.4%
  DP_OP_56J12_130_5010      str      1    327.2218      0.3%
  DP_OP_56J12_133_3788      str      1     99.0360      0.1%
  DP_OP_56J14_128_1958      str      1    115.9199      0.1%
  DP_OP_56J15_124_7345      str      1    327.2218      0.3%
  DP_OP_56J15_127_6600      str      1    140.9939      0.1%
  DP_OP_57J12_127_6858      str      1    351.0358      0.3%
  DW_mult_tc            apparch     33  34412.6933     33.9%
  DW_mult_uns           apparch     16  12818.4266     12.6%
  --------------------- -------  ----- ----------- ---------
  DP_OP Subtotal:                   74  44190.8576     43.5%
  Total:                           123  91421.9775     90.0%

Subtotal of datapath(DP_OP) cell area:  44190.8576  43.5%  
Total synthetic cell area:              91421.9775  90.0%  

1
