 
****************************************
Report : timing
        -path full
        -delay max
        -max_paths 3
Design : core16_a28_b16_c28
Version: O-2018.06-SP5
Date   : Tue May 12 14:54:12 2026
****************************************

 # A fanout number of 1000 was used for high fanout net computations.

Operating Conditions: ssg0p81vm40c   Library: tcbn28hpcplusbwp40p140hvtssg0p81vm40c_ccs
Wire Load Model Mode: segmented

  Startpoint: io_b_12[0] (input port clocked by clk)
  Endpoint: core4_2/s_w_1_reg_32_
            (rising edge-triggered flip-flop clocked by clk)
  Path Group: clk
  Path Type: max

  Des/Clust/Port     Wire Load Model       Library
  ------------------------------------------------
  core16_a28_b16_c28 ZeroWireload          tcbn28hpcplusbwp40p140hvtssg0p81vm40c_ccs
  Eval_1_0_DP_OP_52J5_129_2082_J5_0_0
                     ZeroWireload          tcbn28hpcplusbwp40p140hvtssg0p81vm40c_ccs
  Eval_1_0_DP_OP_53J5_130_7779_J5_0_0
                     ZeroWireload          tcbn28hpcplusbwp40p140hvtssg0p81vm40c_ccs
  Eval_1_0_DP_OP_54J5_131_2477_J5_0_0
                     ZeroWireload          tcbn28hpcplusbwp40p140hvtssg0p81vm40c_ccs
  Eval_9_4_DP_OP_56J10_124_2317_J10_0
                     ZeroWireload          tcbn28hpcplusbwp40p140hvtssg0p81vm40c_ccs
  Eval_9_4_DP_OP_55J10_123_1863_J10_0
                     ZeroWireload          tcbn28hpcplusbwp40p140hvtssg0p81vm40c_ccs
  Eval_9_4_DP_OP_54J10_122_4542_J10_0
                     ZeroWireload          tcbn28hpcplusbwp40p140hvtssg0p81vm40c_ccs
  core4_4_DW_mult_uns_J11_3
                     ZeroWireload          tcbn28hpcplusbwp40p140hvtssg0p81vm40c_ccs
  core4_4_DW_mult_uns_J11_2
                     ZeroWireload          tcbn28hpcplusbwp40p140hvtssg0p81vm40c_ccs

  Point                                                   Incr       Path
  --------------------------------------------------------------------------
  clock clk (rise edge)                                   0.00       0.00
  clock network delay (ideal)                             0.00       0.00
  input external delay                                    0.50       0.50 f
  io_b_12[0] (in)                                         0.00       0.50 f
  evalB_3/io_in_0[0] (Eval_1_0)                           0.00       0.50 f
  evalB_3/U39/ZN (CKND0BWP40P140)                         0.01       0.51 r
  evalB_3/U38/ZN (CKND0BWP40P140)                         0.04       0.55 f
  evalB_3/DP_OP_53J5_130_7779/I2[0] (Eval_1_0_DP_OP_53J5_130_7779_J5_0_0)
                                                          0.00       0.55 f
  evalB_3/DP_OP_53J5_130_7779/U161/CO (HA1D1BWP40P140)
                                                          0.04       0.59 f
  evalB_3/DP_OP_53J5_130_7779/U159/CO (FA1D0BWP40P140)
                                                          0.06       0.65 f
  evalB_3/DP_OP_53J5_130_7779/U164/S (FA1D0BWP40P140)     0.13       0.79 r
  evalB_3/DP_OP_53J5_130_7779/U171/CO (FA1D0BWP40P140)
                                                          0.08       0.87 r
  evalB_3/DP_OP_53J5_130_7779/U140/CO (FA1D0BWP40P140)
                                                          0.07       0.95 r
  evalB_3/DP_OP_53J5_130_7779/U141/CO (FA1D0BWP40P140)
                                                          0.07       1.02 r
  evalB_3/DP_OP_53J5_130_7779/U162/CO (FA1D0BWP40P140)
                                                          0.07       1.09 r
  evalB_3/DP_OP_53J5_130_7779/U108/CO (FA1D0BWP40P140)
                                                          0.07       1.17 r
  evalB_3/DP_OP_53J5_130_7779/U138/CO (FA1D0BWP40P140)
                                                          0.07       1.24 r
  evalB_3/DP_OP_53J5_130_7779/U145/CO (FA1D0BWP40P140)
                                                          0.07       1.32 r
  evalB_3/DP_OP_53J5_130_7779/U146/CO (FA1D0BWP40P140)
                                                          0.07       1.39 r
  evalB_3/DP_OP_53J5_130_7779/U147/CO (FA1D0BWP40P140)
                                                          0.07       1.46 r
  evalB_3/DP_OP_53J5_130_7779/U144/S (FA1D0BWP40P140)     0.11       1.57 f
  evalB_3/DP_OP_53J5_130_7779/O1[11] (Eval_1_0_DP_OP_53J5_130_7779_J5_0_0)
                                                          0.00       1.57 f
  evalB_3/io_out_2[11] (Eval_1_0)                         0.00       1.57 f
  core4_2/io_b_3[11] (core4_4)                            0.00       1.57 f
  core4_2/evalB/io_in_3[11] (Eval_9_4)                    0.00       1.57 f
  core4_2/evalB/U4/ZN (INVD1BWP40P140)                    0.02       1.59 r
  core4_2/evalB/U3/ZN (INVD2BWP40P140LVT)                 0.03       1.62 f
  core4_2/evalB/DP_OP_54J10_122_4542/I2[12] (Eval_9_4_DP_OP_54J10_122_4542_J10_0)
                                                          0.00       1.62 f
  core4_2/evalB/DP_OP_54J10_122_4542/U91/S (FA1D0BWP40P140)
                                                          0.14       1.76 r
  core4_2/evalB/DP_OP_54J10_122_4542/U106/CO (FA1D0BWP40P140)
                                                          0.08       1.84 r
  core4_2/evalB/DP_OP_54J10_122_4542/U85/CO (FA1D0BWP40P140)
                                                          0.07       1.91 r
  core4_2/evalB/DP_OP_54J10_122_4542/U97/CO (FA1D0BWP40P140)
                                                          0.07       1.98 r
  core4_2/evalB/DP_OP_54J10_122_4542/U112/S (FA1D0BWP40P140)
                                                          0.12       2.10 f
  core4_2/evalB/DP_OP_54J10_122_4542/U72/S (FA1D1BWP40P140LVT)
                                                          0.11       2.22 r
  core4_2/evalB/DP_OP_54J10_122_4542/O1[17] (Eval_9_4_DP_OP_54J10_122_4542_J10_0)
                                                          0.00       2.22 r
  core4_2/evalB/io_out_1[17] (Eval_9_4)                   0.00       2.22 r
  core4_2/mult_x_2/b[17] (core4_4_DW_mult_uns_J11_2)      0.00       2.22 r
  core4_2/mult_x_2/U1464/ZN (INVD0P7BWP40P140)            0.08       2.29 f
  core4_2/mult_x_2/U1411/ZN (MUX2ND0BWP40P140)            0.07       2.37 r
  core4_2/mult_x_2/U1153/Z (OR3D0BWP40P140)               0.09       2.46 r
  core4_2/mult_x_2/U1453/ZN (OAI222D0BWP40P140)           0.08       2.54 f
  core4_2/mult_x_2/U1047/ZN (AOI21D0P7BWP40P140)          0.05       2.59 r
  core4_2/mult_x_2/U1454/ZN (MUX2ND0BWP40P140)            0.06       2.64 r
  core4_2/mult_x_2/U1116/CO (HA1D0BWP40P140)              0.06       2.70 r
  core4_2/mult_x_2/U1117/S (FA1D0BWP40P140)               0.11       2.81 f
  core4_2/mult_x_2/U1140/S (FA1D0BWP40P140)               0.13       2.94 r
  core4_2/mult_x_2/U1168/CO (FA1D0BWP40P140)              0.08       3.02 r
  core4_2/mult_x_2/U1169/CO (FA1D0BWP40P140)              0.07       3.09 r
  core4_2/mult_x_2/U1170/CO (FA1D0BWP40P140)              0.07       3.17 r
  core4_2/mult_x_2/U1171/CO (FA1D0BWP40P140)              0.07       3.24 r
  core4_2/mult_x_2/U1172/CO (FA1D0BWP40P140)              0.07       3.32 r
  core4_2/mult_x_2/U1173/CO (FA1D0BWP40P140)              0.07       3.39 r
  core4_2/mult_x_2/U1174/CO (FA1D0BWP40P140)              0.07       3.46 r
  core4_2/mult_x_2/U1175/CO (FA1D0BWP40P140)              0.07       3.54 r
  core4_2/mult_x_2/U1176/CO (FA1D0BWP40P140)              0.07       3.61 r
  core4_2/mult_x_2/U1177/CO (FA1D0BWP40P140)              0.07       3.69 r
  core4_2/mult_x_2/U1178/S (FA1D0BWP40P140)               0.11       3.80 f
  core4_2/mult_x_2/U1205/S (FA1D0BWP40P140)               0.13       3.93 r
  core4_2/mult_x_2/U1265/CO (FA1D0BWP40P140)              0.08       4.01 r
  core4_2/mult_x_2/U1267/CO (FA1D0BWP40P140)              0.07       4.09 r
  core4_2/mult_x_2/U1269/CO (FA1D0BWP40P140)              0.07       4.16 r
  core4_2/mult_x_2/U1217/S (FA1D0BWP40P140)               0.11       4.27 f
  core4_2/mult_x_2/U1276/CO (FA1D0BWP40P140)              0.08       4.35 f
  core4_2/mult_x_2/U1135/Z (XOR4D0BWP40P140)              0.10       4.46 r
  core4_2/mult_x_2/U1158/ZN (XNR2UD0BWP40P140)            0.04       4.49 r
  core4_2/mult_x_2/U1157/ZN (OAI21D0BWP40P140HVT)         0.05       4.55 f
  core4_2/mult_x_2/U1156/ZN (OAI31D0BWP40P140LVT)         0.03       4.58 r
  core4_2/mult_x_2/U1026/Z (XOR4D1BWP40P140)              0.11       4.69 f
  core4_2/mult_x_2/U1025/Z (XOR4D1BWP40P140)              0.08       4.77 r
  core4_2/mult_x_2/U1209/ZN (OAI21D0BWP40P140HVT)         0.04       4.81 f
  core4_2/mult_x_2/U1274/ZN (OAI31D0BWP40P140LVT)         0.03       4.84 r
  core4_2/mult_x_2/U1272/Z (XOR2UD0BWP40P140)             0.04       4.88 r
  core4_2/mult_x_2/U1306/ZN (OAI21D0BWP40P140HVT)         0.06       4.94 f
  core4_2/mult_x_2/U1305/ZN (OAI31D0BWP40P140LVT)         0.03       4.96 r
  core4_2/mult_x_2/product[32] (core4_4_DW_mult_uns_J11_2)
                                                          0.00       4.96 r
  core4_2/s_w_1_reg_32_/D (DFQD1BWP40P140)                0.00       4.96 r
  data arrival time                                                  4.96

  clock clk (rise edge)                                   5.00       5.00
  clock network delay (ideal)                             0.00       5.00
  core4_2/s_w_1_reg_32_/CP (DFQD1BWP40P140)               0.00       5.00 r
  library setup time                                     -0.04       4.96
  data required time                                                 4.96
  --------------------------------------------------------------------------
  data required time                                                 4.96
  data arrival time                                                 -4.96
  --------------------------------------------------------------------------
  slack (MET)                                                        0.00


  Startpoint: io_b_15[2] (input port clocked by clk)
  Endpoint: core4_4/s_w_5_reg_33_
            (rising edge-triggered flip-flop clocked by clk)
  Path Group: clk
  Path Type: max

  Des/Clust/Port     Wire Load Model       Library
  ------------------------------------------------
  core16_a28_b16_c28 ZeroWireload          tcbn28hpcplusbwp40p140hvtssg0p81vm40c_ccs
  Eval_1_0_DP_OP_52J5_129_2082_J5_0_0
                     ZeroWireload          tcbn28hpcplusbwp40p140hvtssg0p81vm40c_ccs
  Eval_1_0_DP_OP_53J5_130_7779_J5_0_0
                     ZeroWireload          tcbn28hpcplusbwp40p140hvtssg0p81vm40c_ccs
  Eval_1_0_DP_OP_54J5_131_2477_J5_0_0
                     ZeroWireload          tcbn28hpcplusbwp40p140hvtssg0p81vm40c_ccs
  Eval_9_6_DP_OP_54J6_125_6671_J6_0
                     ZeroWireload          tcbn28hpcplusbwp40p140hvtssg0p81vm40c_ccs
  Eval_9_6_DP_OP_55J6_126_6987_J6_0
                     ZeroWireload          tcbn28hpcplusbwp40p140hvtssg0p81vm40c_ccs
  Eval_9_6_DP_OP_56J6_127_8611_J6_0
                     ZeroWireload          tcbn28hpcplusbwp40p140hvtssg0p81vm40c_ccs
  core4_2_DW_mult_uns_J9_1
                     ZeroWireload          tcbn28hpcplusbwp40p140hvtssg0p81vm40c_ccs
  Eval_9_2_DP_OP_54J9_122_3674_J9_0
                     ZeroWireload          tcbn28hpcplusbwp40p140hvtssg0p81vm40c_ccs
  Eval_9_2_DP_OP_55J9_123_6114_J9_0
                     ZeroWireload          tcbn28hpcplusbwp40p140hvtssg0p81vm40c_ccs
  Eval_9_2_DP_OP_56J9_124_3823_J9_0
                     ZeroWireload          tcbn28hpcplusbwp40p140hvtssg0p81vm40c_ccs
  core4_2_DW_mult_tc_J9_0
                     ZeroWireload          tcbn28hpcplusbwp40p140hvtssg0p81vm40c_ccs

  Point                                                   Incr       Path
  --------------------------------------------------------------------------
  clock clk (rise edge)                                   0.00       0.00
  clock network delay (ideal)                             0.00       0.00
  input external delay                                    0.50       0.50 f
  io_b_15[2] (in)                                         0.00       0.50 f
  evalB_3/io_in_3[2] (Eval_1_0)                           0.00       0.50 f
  evalB_3/U43/ZN (CKND0BWP40P140)                         0.01       0.51 r
  evalB_3/U13/ZN (INVD0P7BWP40P140)                       0.06       0.57 f
  evalB_3/DP_OP_54J5_131_2477/I3[2] (Eval_1_0_DP_OP_54J5_131_2477_J5_0_0)
                                                          0.00       0.57 f
  evalB_3/DP_OP_54J5_131_2477/U111/CO (HA1D0BWP40P140)
                                                          0.06       0.63 f
  evalB_3/DP_OP_54J5_131_2477/U151/S (FA1D0BWP40P140)     0.12       0.75 r
  evalB_3/DP_OP_54J5_131_2477/U173/S (FA1D0BWP40P140)     0.11       0.85 f
  evalB_3/DP_OP_54J5_131_2477/O1[3] (Eval_1_0_DP_OP_54J5_131_2477_J5_0_0)
                                                          0.00       0.85 f
  evalB_3/io_out_4[3] (Eval_1_0)                          0.00       0.85 f
  core4_4/io_b_3[3] (core4_2)                             0.00       0.85 f
  core4_4/evalB/io_in_3[3] (Eval_9_2)                     0.00       0.85 f
  core4_4/evalB/U21/ZN (CKND0BWP40P140)                   0.02       0.87 r
  core4_4/evalB/U48/ZN (CKND0BWP40P140)                   0.15       1.02 f
  core4_4/evalB/DP_OP_56J9_124_3823/I3[3] (Eval_9_2_DP_OP_56J9_124_3823_J9_0)
                                                          0.00       1.02 f
  core4_4/evalB/DP_OP_56J9_124_3823/U170/CO (FA1D0BWP40P140)
                                                          0.17       1.18 f
  core4_4/evalB/DP_OP_56J9_124_3823/U145/CO (FA1D0BWP40P140)
                                                          0.07       1.26 f
  core4_4/evalB/DP_OP_56J9_124_3823/U171/S (FA1D0BWP40P140)
                                                          0.12       1.38 r
  core4_4/evalB/DP_OP_56J9_124_3823/U199/ZN (CKND0BWP40P140)
                                                          0.03       1.41 f
  core4_4/evalB/DP_OP_56J9_124_3823/U198/CO (FA1D0BWP40P140)
                                                          0.07       1.49 f
  core4_4/evalB/DP_OP_56J9_124_3823/U155/CO (FA1D0BWP40P140)
                                                          0.07       1.56 f
  core4_4/evalB/DP_OP_56J9_124_3823/U203/CO (FA1D0BWP40P140)
                                                          0.07       1.63 f
  core4_4/evalB/DP_OP_56J9_124_3823/U149/CO (FA1D0BWP40P140)
                                                          0.07       1.71 f
  core4_4/evalB/DP_OP_56J9_124_3823/U165/S (FA1D0BWP40P140)
                                                          0.20       1.90 r
  core4_4/evalB/DP_OP_56J9_124_3823/O2[9] (Eval_9_2_DP_OP_56J9_124_3823_J9_0)
                                                          0.00       1.90 r
  core4_4/evalB/io_out_5[9] (Eval_9_2)                    0.00       1.90 r
  core4_4/mult_x_6/b[9] (core4_2_DW_mult_tc_J9_0)         0.00       1.90 r
  core4_4/mult_x_6/U1348/ZN (CKND0BWP40P140)              0.17       2.07 f
  core4_4/mult_x_6/U1078/ZN (AOI22D0P7BWP40P140)          0.12       2.19 r
  core4_4/mult_x_6/U1271/ZN (CKND0BWP40P140)              0.11       2.31 f
  core4_4/mult_x_6/U1073/ZN (AOI221D0BWP40P140)           0.26       2.57 r
  core4_4/mult_x_6/U1381/Z (AO22D0BWP40P140)              0.12       2.69 r
  core4_4/mult_x_6/U1143/S (FA1D0BWP40P140)               0.09       2.78 r
  core4_4/mult_x_6/U1227/S (FA1D0BWP40P140)               0.11       2.89 f
  core4_4/mult_x_6/U1289/S (FA1D0BWP40P140)               0.12       3.01 r
  core4_4/mult_x_6/U1324/CO (FA1D0BWP40P140)              0.08       3.09 r
  core4_4/mult_x_6/U1325/CO (FA1D0BWP40P140)              0.07       3.16 r
  core4_4/mult_x_6/U1326/CO (FA1D0BWP40P140)              0.07       3.24 r
  core4_4/mult_x_6/U1327/CO (FA1D0BWP40P140)              0.07       3.31 r
  core4_4/mult_x_6/U1328/CO (FA1D0BWP40P140)              0.07       3.39 r
  core4_4/mult_x_6/U1329/CO (FA1D0BWP40P140)              0.07       3.46 r
  core4_4/mult_x_6/U1330/CO (FA1D0BWP40P140)              0.07       3.53 r
  core4_4/mult_x_6/U1331/CO (FA1D0BWP40P140)              0.07       3.61 r
  core4_4/mult_x_6/U1332/CO (FA1D0BWP40P140)              0.07       3.68 r
  core4_4/mult_x_6/U1333/CO (FA1D0BWP40P140)              0.07       3.76 r
  core4_4/mult_x_6/U1334/CO (FA1D0BWP40P140)              0.07       3.83 r
  core4_4/mult_x_6/U1335/CO (FA1D0BWP40P140)              0.07       3.91 r
  core4_4/mult_x_6/U1336/CO (FA1D0BWP40P140)              0.07       3.98 r
  core4_4/mult_x_6/U1315/CO (FA1D0BWP40P140)              0.07       4.05 r
  core4_4/mult_x_6/U1337/CO (FA1D0BWP40P140)              0.07       4.13 r
  core4_4/mult_x_6/U1338/CO (FA1D0BWP40P140)              0.07       4.20 r
  core4_4/mult_x_6/U1339/CO (FA1D0BWP40P140)              0.07       4.28 r
  core4_4/mult_x_6/U1340/CO (FA1D0BWP40P140)              0.07       4.35 r
  core4_4/mult_x_6/U1341/CO (FA1D0BWP40P140)              0.07       4.42 r
  core4_4/mult_x_6/U1342/CO (FA1D0BWP40P140)              0.07       4.50 r
  core4_4/mult_x_6/U1343/CO (FA1D0BWP40P140)              0.07       4.57 r
  core4_4/mult_x_6/U1344/CO (FA1D0BWP40P140)              0.07       4.64 r
  core4_4/mult_x_6/U1051/ZN (XNR4D0BWP40P140)             0.10       4.74 r
  core4_4/mult_x_6/U1477/Z (XOR4D0BWP40P140)              0.13       4.87 f
  core4_4/mult_x_6/U1049/Z (XOR4D0BWP40P140)              0.10       4.96 r
  core4_4/mult_x_6/product[33] (core4_2_DW_mult_tc_J9_0)
                                                          0.00       4.96 r
  core4_4/s_w_5_reg_33_/D (DFQD1BWP40P140)                0.00       4.96 r
  data arrival time                                                  4.96

  clock clk (rise edge)                                   5.00       5.00
  clock network delay (ideal)                             0.00       5.00
  core4_4/s_w_5_reg_33_/CP (DFQD1BWP40P140)               0.00       5.00 r
  library setup time                                     -0.03       4.97
  data required time                                                 4.97
  --------------------------------------------------------------------------
  data required time                                                 4.97
  data arrival time                                                 -4.96
  --------------------------------------------------------------------------
  slack (MET)                                                        0.00


  Startpoint: io_b_15[0] (input port clocked by clk)
  Endpoint: core4_2/s_w_4_reg_33_
            (rising edge-triggered flip-flop clocked by clk)
  Path Group: clk
  Path Type: max

  Des/Clust/Port     Wire Load Model       Library
  ------------------------------------------------
  core16_a28_b16_c28 ZeroWireload          tcbn28hpcplusbwp40p140hvtssg0p81vm40c_ccs
  Eval_1_0_DP_OP_52J5_129_2082_J5_0_0
                     ZeroWireload          tcbn28hpcplusbwp40p140hvtssg0p81vm40c_ccs
  Eval_1_0_DP_OP_53J5_130_7779_J5_0_0
                     ZeroWireload          tcbn28hpcplusbwp40p140hvtssg0p81vm40c_ccs
  Eval_1_0_DP_OP_54J5_131_2477_J5_0_0
                     ZeroWireload          tcbn28hpcplusbwp40p140hvtssg0p81vm40c_ccs
  Eval_9_4_DP_OP_56J10_124_2317_J10_0
                     ZeroWireload          tcbn28hpcplusbwp40p140hvtssg0p81vm40c_ccs
  Eval_9_4_DP_OP_55J10_123_1863_J10_0
                     ZeroWireload          tcbn28hpcplusbwp40p140hvtssg0p81vm40c_ccs
  Eval_9_4_DP_OP_54J10_122_4542_J10_0
                     ZeroWireload          tcbn28hpcplusbwp40p140hvtssg0p81vm40c_ccs
  core4_4_DW_mult_uns_J11_1
                     ZeroWireload          tcbn28hpcplusbwp40p140hvtssg0p81vm40c_ccs

  Point                                                   Incr       Path
  --------------------------------------------------------------------------
  clock clk (rise edge)                                   0.00       0.00
  clock network delay (ideal)                             0.00       0.00
  input external delay                                    0.50       0.50 r
  io_b_15[0] (in)                                         0.00       0.50 r
  evalB_3/io_in_3[0] (Eval_1_0)                           0.00       0.50 r
  evalB_3/U42/ZN (CKND0BWP40P140)                         0.01       0.51 f
  evalB_3/U41/ZN (CKND0BWP40P140)                         0.04       0.55 r
  evalB_3/DP_OP_53J5_130_7779/I4[0] (Eval_1_0_DP_OP_53J5_130_7779_J5_0_0)
                                                          0.00       0.55 r
  evalB_3/DP_OP_53J5_130_7779/U160/CO (HA1D1BWP40P140)
                                                          0.05       0.60 r
  evalB_3/DP_OP_53J5_130_7779/U158/CO (FA1D0BWP40P140)
                                                          0.07       0.67 r
  evalB_3/DP_OP_53J5_130_7779/U163/CO (FA1D0BWP40P140)
                                                          0.07       0.74 r
  evalB_3/DP_OP_53J5_130_7779/U120/CO (FA1D0BWP40P140)
                                                          0.07       0.81 r
  evalB_3/DP_OP_53J5_130_7779/U109/CO (FA1D0BWP40P140)
                                                          0.07       0.89 r
  evalB_3/DP_OP_53J5_130_7779/U142/CO (FA1D0BWP40P140)
                                                          0.07       0.96 r
  evalB_3/DP_OP_53J5_130_7779/U100/CO (FA1D0BWP40P140)
                                                          0.07       1.04 r
  evalB_3/DP_OP_53J5_130_7779/U122/CO (FA1D0BWP40P140)
                                                          0.07       1.11 r
  evalB_3/DP_OP_53J5_130_7779/U114/CO (FA1D0BWP40P140)
                                                          0.07       1.18 r
  evalB_3/DP_OP_53J5_130_7779/U116/CO (FA1D0BWP40P140)
                                                          0.07       1.26 r
  evalB_3/DP_OP_53J5_130_7779/U118/CO (FA1D0BWP40P140)
                                                          0.07       1.33 r
  evalB_3/DP_OP_53J5_130_7779/U112/CO (FA1D0BWP40P140)
                                                          0.07       1.41 r
  evalB_3/DP_OP_53J5_130_7779/U104/CO (FA1D0BWP40P140)
                                                          0.07       1.48 r
  evalB_3/DP_OP_53J5_130_7779/U126/CO (FA1D0BWP40P140)
                                                          0.07       1.55 r
  evalB_3/DP_OP_53J5_130_7779/U105/CO (FA1D0BWP40P140)
                                                          0.07       1.63 r
  evalB_3/DP_OP_53J5_130_7779/U133/S (FA1D0BWP40P140)     0.12       1.75 f
  evalB_3/DP_OP_53J5_130_7779/U89/CO (FA1D1BWP40P140)     0.07       1.82 f
  evalB_3/DP_OP_53J5_130_7779/U95/S (FA1D0BWP40P140)      0.15       1.97 r
  evalB_3/DP_OP_53J5_130_7779/O1[16] (Eval_1_0_DP_OP_53J5_130_7779_J5_0_0)
                                                          0.00       1.97 r
  evalB_3/io_out_2[16] (Eval_1_0)                         0.00       1.97 r
  core4_2/io_b_3[16] (core4_4)                            0.00       1.97 r
  core4_2/evalB/io_in_3[16] (Eval_9_4)                    0.00       1.97 r
  core4_2/evalB/DP_OP_56J10_124_2317/I3[16] (Eval_9_4_DP_OP_56J10_124_2317_J10_0)
                                                          0.00       1.97 r
  core4_2/evalB/DP_OP_56J10_124_2317/U139/CO (FA1D0BWP40P140)
                                                          0.09       2.06 r
  core4_2/evalB/DP_OP_56J10_124_2317/U168/S (FA1D0BWP40P140)
                                                          0.12       2.18 f
  core4_2/evalB/DP_OP_56J10_124_2317/U117/CO (FA1D1BWP40P140LVT)
                                                          0.05       2.23 f
  core4_2/evalB/DP_OP_56J10_124_2317/U156/CO (FA1D0BWP40P140)
                                                          0.07       2.30 f
  core4_2/evalB/DP_OP_56J10_124_2317/U185/CO (FA1D0BWP40P140)
                                                          0.07       2.37 f
  core4_2/evalB/DP_OP_56J10_124_2317/U124/S (FA1D1BWP40P140LVT)
                                                          0.10       2.47 f
  core4_2/evalB/DP_OP_56J10_124_2317/O1[20] (Eval_9_4_DP_OP_56J10_124_2317_J10_0)
                                                          0.00       2.47 f
  core4_2/evalB/io_out_4[20] (Eval_9_4)                   0.00       2.47 f
  core4_2/mult_x_5/b[20] (core4_4_DW_mult_uns_J11_1)      0.00       2.47 f
  core4_2/mult_x_5/U1020/ZN (INVD2BWP40P140LVT)           0.04       2.51 r
  core4_2/mult_x_5/U1054/ZN (MUX2NUD1BWP40P140LVT)        0.03       2.54 f
  core4_2/mult_x_5/U1025/ZN (NR2D0BWP40P140)              0.13       2.66 r
  core4_2/mult_x_5/U1088/ZN (AOI222D1BWP40P140LVT)        0.05       2.72 f
  core4_2/mult_x_5/U1039/ZN (MUX2NUD1BWP40P140LVT)        0.04       2.76 r
  core4_2/mult_x_5/U1032/S (HA1D0BWP40P140)               0.07       2.83 f
  core4_2/mult_x_5/U1121/S (FA1D0BWP40P140)               0.13       2.96 r
  core4_2/mult_x_5/U1140/CO (FA1D0BWP40P140)              0.08       3.04 r
  core4_2/mult_x_5/U1141/CO (FA1D0BWP40P140)              0.07       3.11 r
  core4_2/mult_x_5/U1142/CO (FA1D0BWP40P140)              0.07       3.18 r
  core4_2/mult_x_5/U1143/CO (FA1D0BWP40P140)              0.07       3.26 r
  core4_2/mult_x_5/U1144/CO (FA1D0BWP40P140)              0.07       3.33 r
  core4_2/mult_x_5/U1145/S (FA1D0BWP40P140)               0.11       3.45 f
  core4_2/mult_x_5/U1168/S (FA1D0BWP40P140)               0.13       3.58 r
  core4_2/mult_x_5/U1196/CO (FA1D0BWP40P140)              0.08       3.66 r
  core4_2/mult_x_5/U1197/S (FA1D0BWP40P140)               0.11       3.77 f
  core4_2/mult_x_5/U1255/S (FA1D0BWP40P140)               0.13       3.90 r
  core4_2/mult_x_5/U1298/CO (FA1D0BWP40P140)              0.08       3.98 r
  core4_2/mult_x_5/U1299/CO (FA1D0BWP40P140)              0.07       4.06 r
  core4_2/mult_x_5/U1300/CO (FA1D0BWP40P140)              0.07       4.13 r
  core4_2/mult_x_5/U1276/CO (FA1D0BWP40P140)              0.07       4.21 r
  core4_2/mult_x_5/U1301/CO (FA1D0BWP40P140)              0.07       4.28 r
  core4_2/mult_x_5/U1302/CO (FA1D0BWP40P140)              0.07       4.35 r
  core4_2/mult_x_5/U1303/CO (FA1D0BWP40P140)              0.07       4.43 r
  core4_2/mult_x_5/U1304/CO (FA1D0BWP40P140)              0.07       4.50 r
  core4_2/mult_x_5/U1029/Z (XOR4D1BWP40P140)              0.09       4.59 r
  core4_2/mult_x_5/U1028/Z (XOR4D1BWP40P140)              0.09       4.68 f
  core4_2/mult_x_5/U1207/Z (XOR4D1BWP40P140)              0.08       4.76 r
  core4_2/mult_x_5/U1206/ZN (OAI21D0BWP40P140HVT)         0.04       4.80 f
  core4_2/mult_x_5/U1274/ZN (OAI31D0BWP40P140LVT)         0.03       4.83 r
  core4_2/mult_x_5/U1272/Z (XOR2UD0BWP40P140)             0.04       4.88 r
  core4_2/mult_x_5/U1306/ZN (OAI21D0BWP40P140HVT)         0.06       4.93 f
  core4_2/mult_x_5/U1305/ZN (OAI31D0BWP40P140LVT)         0.03       4.96 r
  core4_2/mult_x_5/product[33] (core4_4_DW_mult_uns_J11_1)
                                                          0.00       4.96 r
  core4_2/s_w_4_reg_33_/D (DFQD1BWP40P140)                0.00       4.96 r
  data arrival time                                                  4.96

  clock clk (rise edge)                                   5.00       5.00
  clock network delay (ideal)                             0.00       5.00
  core4_2/s_w_4_reg_33_/CP (DFQD1BWP40P140)               0.00       5.00 r
  library setup time                                     -0.04       4.96
  data required time                                                 4.96
  --------------------------------------------------------------------------
  data required time                                                 4.96
  data arrival time                                                 -4.96
  --------------------------------------------------------------------------
  slack (MET)                                                        0.00


1
