 
****************************************
Report : timing
        -path full
        -delay max
        -max_paths 3
Design : core4_a36_b14_c36
Version: O-2018.06-SP5
Date   : Tue May 12 08:49:08 2026
****************************************

Operating Conditions: ssg0p81vm40c   Library: tcbn28hpcplusbwp40p140hvtssg0p81vm40c_ccs
Wire Load Model Mode: segmented

  Startpoint: io_b_3[0] (input port clocked by clk)
  Endpoint: s_w_2_reg_38_
            (rising edge-triggered flip-flop clocked by clk)
  Path Group: clk
  Path Type: max

  Des/Clust/Port     Wire Load Model       Library
  ------------------------------------------------
  core4_a36_b14_c36  ZeroWireload          tcbn28hpcplusbwp40p140hvtssg0p81vm40c_ccs
  core4_a36_b14_c36_DW_mult_uns_J3_2
                     ZeroWireload          tcbn28hpcplusbwp40p140hvtssg0p81vm40c_ccs
  Eval_1_DP_OP_52J3_122_4543_J3_0
                     ZeroWireload          tcbn28hpcplusbwp40p140hvtssg0p81vm40c_ccs
  Eval_1_DP_OP_53J3_123_5215_J3_0
                     ZeroWireload          tcbn28hpcplusbwp40p140hvtssg0p81vm40c_ccs
  Eval_1_DP_OP_54J3_124_1990_J3_0
                     ZeroWireload          tcbn28hpcplusbwp40p140hvtssg0p81vm40c_ccs
  core4_a36_b14_c36_DW_mult_uns_J3_1
                     ZeroWireload          tcbn28hpcplusbwp40p140hvtssg0p81vm40c_ccs

  Point                                                   Incr       Path
  --------------------------------------------------------------------------
  clock clk (rise edge)                                   0.00       0.00
  clock network delay (ideal)                             0.00       0.00
  input external delay                                    0.50       0.50 r
  io_b_3[0] (in)                                          0.00       0.50 r
  evalB/io_in_3[0] (Eval_1)                               0.00       0.50 r
  evalB/U4/ZN (INVD1BWP40P140LVT)                         0.01       0.51 f
  evalB/U11/ZN (CKND2BWP40P140)                           0.02       0.53 r
  evalB/DP_OP_53J3_123_5215/I4[0] (Eval_1_DP_OP_53J3_123_5215_J3_0)
                                                          0.00       0.53 r
  evalB/DP_OP_53J3_123_5215/U91/CO (HA1D0BWP40P140)       0.05       0.57 r
  evalB/DP_OP_53J3_123_5215/U124/CO (FA1D0BWP40P140)      0.07       0.64 r
  evalB/DP_OP_53J3_123_5215/U87/CO (FA1D1BWP40P140)       0.06       0.70 r
  evalB/DP_OP_53J3_123_5215/U119/CO (FA1D0BWP40P140)      0.07       0.77 r
  evalB/DP_OP_53J3_123_5215/U117/CO (FA1D0BWP40P140)      0.07       0.84 r
  evalB/DP_OP_53J3_123_5215/U114/CO (FA1D0BWP40P140)      0.07       0.91 r
  evalB/DP_OP_53J3_123_5215/U112/CO (FA1D0BWP40P140)      0.08       0.99 r
  evalB/DP_OP_53J3_123_5215/U109/CO (FA1D0BWP40P140)      0.07       1.06 r
  evalB/DP_OP_53J3_123_5215/U107/S (FA1D0BWP40P140)       0.12       1.18 f
  evalB/DP_OP_53J3_123_5215/U145/S (FA1D0BWP40P140)       0.23       1.41 r
  evalB/DP_OP_53J3_123_5215/O1[8] (Eval_1_DP_OP_53J3_123_5215_J3_0)
                                                          0.00       1.41 r
  evalB/io_out_2[8] (Eval_1)                              0.00       1.41 r
  mult_x_3/b[8] (core4_a36_b14_c36_DW_mult_uns_J3_1)      0.00       1.41 r
  mult_x_3/U1260/ZN (CKND0BWP40P140)                      0.20       1.62 f
  mult_x_3/U1309/ZN (MUX2ND0BWP40P140)                    0.12       1.74 r
  mult_x_3/U1312/ZN (INR2D0BWP40P140)                     0.23       1.97 r
  mult_x_3/U1414/ZN (AOI222D0BWP40P140)                   0.10       2.06 f
  mult_x_3/U1415/ZN (MUX2ND0BWP40P140)                    0.09       2.15 f
  mult_x_3/U1045/S (HA1D0BWP40P140LVT)                    0.06       2.21 f
  mult_x_3/U1651/S (FA1D0BWP40P140)                       0.13       2.34 r
  mult_x_3/U1705/CO (FA1D0BWP40P140)                      0.08       2.42 r
  mult_x_3/U1704/CO (FA1D0BWP40P140)                      0.07       2.49 r
  mult_x_3/U1703/CO (FA1D0BWP40P140)                      0.07       2.56 r
  mult_x_3/U1702/CO (FA1D0BWP40P140)                      0.07       2.64 r
  mult_x_3/U1701/CO (FA1D0BWP40P140)                      0.07       2.71 r
  mult_x_3/U1700/CO (FA1D0BWP40P140)                      0.07       2.79 r
  mult_x_3/U1699/CO (FA1D0BWP40P140)                      0.07       2.86 r
  mult_x_3/U1698/CO (FA1D0BWP40P140)                      0.07       2.93 r
  mult_x_3/U1697/CO (FA1D0BWP40P140)                      0.07       3.01 r
  mult_x_3/U1696/CO (FA1D0BWP40P140)                      0.07       3.08 r
  mult_x_3/U1695/CO (FA1D0BWP40P140)                      0.07       3.16 r
  mult_x_3/U1694/CO (FA1D0BWP40P140)                      0.07       3.23 r
  mult_x_3/U1693/CO (FA1D0BWP40P140)                      0.07       3.30 r
  mult_x_3/U1692/CO (FA1D0BWP40P140)                      0.07       3.38 r
  mult_x_3/U1691/CO (FA1D0BWP40P140)                      0.07       3.45 r
  mult_x_3/U1690/CO (FA1D0BWP40P140)                      0.07       3.53 r
  mult_x_3/U1689/CO (FA1D0BWP40P140)                      0.07       3.60 r
  mult_x_3/U1688/CO (FA1D0BWP40P140)                      0.07       3.67 r
  mult_x_3/U1687/CO (FA1D0BWP40P140)                      0.07       3.75 r
  mult_x_3/U1686/CO (FA1D0BWP40P140)                      0.07       3.82 r
  mult_x_3/U1685/CO (FA1D0BWP40P140)                      0.07       3.90 r
  mult_x_3/U1684/CO (FA1D0BWP40P140)                      0.07       3.97 r
  mult_x_3/U1683/CO (FA1D0BWP40P140)                      0.07       4.04 r
  mult_x_3/U1682/CO (FA1D0BWP40P140)                      0.07       4.12 r
  mult_x_3/U1681/CO (FA1D0BWP40P140)                      0.07       4.19 r
  mult_x_3/U1680/CO (FA1D0BWP40P140)                      0.07       4.27 r
  mult_x_3/U1679/CO (FA1D0BWP40P140)                      0.07       4.34 r
  mult_x_3/U1678/CO (FA1D0BWP40P140)                      0.07       4.41 r
  mult_x_3/U1677/CO (FA1D0BWP40P140)                      0.07       4.49 r
  mult_x_3/U1729/CO (FA1D0BWP40P140)                      0.07       4.56 r
  mult_x_3/U1099/CO (FA1D0BWP40P140)                      0.07       4.64 r
  mult_x_3/U977/Z (XOR4D1BWP40P140LVT)                    0.07       4.70 r
  mult_x_3/U961/Z (XOR4D1BWP40P140)                       0.09       4.79 f
  mult_x_3/U1743/ZN (OAI21D0BWP40P140HVT)                 0.03       4.82 r
  mult_x_3/U1744/ZN (OAI31D0BWP40P140LVT)                 0.03       4.85 f
  mult_x_3/U1101/Z (XOR4D1BWP40P140)                      0.11       4.96 r
  mult_x_3/product[38] (core4_a36_b14_c36_DW_mult_uns_J3_1)
                                                          0.00       4.96 r
  s_w_2_reg_38_/D (DFKCNQD1BWP40P140)                     0.00       4.96 r
  data arrival time                                                  4.96

  clock clk (rise edge)                                   5.00       5.00
  clock network delay (ideal)                             0.00       5.00
  s_w_2_reg_38_/CP (DFKCNQD1BWP40P140)                    0.00       5.00 r
  library setup time                                     -0.04       4.96
  data required time                                                 4.96
  --------------------------------------------------------------------------
  data required time                                                 4.96
  data arrival time                                                 -4.96
  --------------------------------------------------------------------------
  slack (MET)                                                        0.00


  Startpoint: io_b_3[0] (input port clocked by clk)
  Endpoint: s_w_3_reg_38_
            (rising edge-triggered flip-flop clocked by clk)
  Path Group: clk
  Path Type: max

  Des/Clust/Port     Wire Load Model       Library
  ------------------------------------------------
  core4_a36_b14_c36  ZeroWireload          tcbn28hpcplusbwp40p140hvtssg0p81vm40c_ccs
  core4_a36_b14_c36_DW_mult_uns_J3_2
                     ZeroWireload          tcbn28hpcplusbwp40p140hvtssg0p81vm40c_ccs
  Eval_1_DP_OP_52J3_122_4543_J3_0
                     ZeroWireload          tcbn28hpcplusbwp40p140hvtssg0p81vm40c_ccs
  Eval_1_DP_OP_53J3_123_5215_J3_0
                     ZeroWireload          tcbn28hpcplusbwp40p140hvtssg0p81vm40c_ccs
  Eval_1_DP_OP_54J3_124_1990_J3_0
                     ZeroWireload          tcbn28hpcplusbwp40p140hvtssg0p81vm40c_ccs
  core4_a36_b14_c36_DW_mult_tc_J3_2
                     ZeroWireload          tcbn28hpcplusbwp40p140hvtssg0p81vm40c_ccs

  Point                                                   Incr       Path
  --------------------------------------------------------------------------
  clock clk (rise edge)                                   0.00       0.00
  clock network delay (ideal)                             0.00       0.00
  input external delay                                    0.50       0.50 f
  io_b_3[0] (in)                                          0.00       0.50 f
  evalB/io_in_3[0] (Eval_1)                               0.00       0.50 f
  evalB/U4/ZN (INVD1BWP40P140LVT)                         0.01       0.51 r
  evalB/U11/ZN (CKND2BWP40P140)                           0.02       0.52 f
  evalB/DP_OP_53J3_123_5215/I4[0] (Eval_1_DP_OP_53J3_123_5215_J3_0)
                                                          0.00       0.52 f
  evalB/DP_OP_53J3_123_5215/U91/CO (HA1D0BWP40P140)       0.03       0.56 f
  evalB/DP_OP_53J3_123_5215/U124/S (FA1D0BWP40P140)       0.12       0.68 r
  evalB/DP_OP_53J3_123_5215/U125/ZN (CKND0BWP40P140)      0.03       0.71 f
  evalB/DP_OP_53J3_123_5215/U140/CO (FA1D0BWP40P140)      0.07       0.78 f
  evalB/DP_OP_53J3_123_5215/U139/CO (FA1D0BWP40P140)      0.07       0.85 f
  evalB/DP_OP_53J3_123_5215/U138/CO (FA1D0BWP40P140)      0.07       0.92 f
  evalB/DP_OP_53J3_123_5215/U137/CO (FA1D0BWP40P140)      0.07       0.99 f
  evalB/DP_OP_53J3_123_5215/U136/CO (FA1D0BWP40P140)      0.07       1.07 f
  evalB/DP_OP_53J3_123_5215/U135/CO (FA1D0BWP40P140)      0.07       1.14 f
  evalB/DP_OP_53J3_123_5215/U134/CO (FA1D0BWP40P140)      0.07       1.21 f
  evalB/DP_OP_53J3_123_5215/U133/CO (FA1D0BWP40P140)      0.07       1.28 f
  evalB/DP_OP_53J3_123_5215/U132/CO (FA1D0BWP40P140)      0.07       1.36 f
  evalB/DP_OP_53J3_123_5215/U131/CO (FA1D0BWP40P140)      0.07       1.43 f
  evalB/DP_OP_53J3_123_5215/U130/S (FA1D0BWP40P140)       0.21       1.64 r
  evalB/DP_OP_53J3_123_5215/O2[11] (Eval_1_DP_OP_53J3_123_5215_J3_0)
                                                          0.00       1.64 r
  evalB/io_out_3[11] (Eval_1)                             0.00       1.64 r
  mult_x_4/b[11] (core4_a36_b14_c36_DW_mult_tc_J3_2)      0.00       1.64 r
  mult_x_4/U1186/ZN (CKND0BWP40P140)                      0.18       1.82 f
  mult_x_4/U1226/ZN (AOI22D0BWP40P140)                    0.13       1.96 r
  mult_x_4/U1227/ZN (CKND0BWP40P140)                      0.13       2.09 f
  mult_x_4/U1076/ZN (AOI221D0BWP40P140LVT)                0.23       2.31 r
  mult_x_4/U1098/Z (AO22D0BWP40P140)                      0.12       2.43 r
  mult_x_4/U1848/S (FA1D0BWP40P140)                       0.11       2.55 f
  mult_x_4/U1868/S (FA1D0BWP40P140)                       0.13       2.67 r
  mult_x_4/U1884/S (FA1D0BWP40P140)                       0.09       2.77 r
  mult_x_4/U1990/CO (FA1D0BWP40P140)                      0.08       2.84 r
  mult_x_4/U1989/CO (FA1D0BWP40P140)                      0.07       2.92 r
  mult_x_4/U1988/CO (FA1D0BWP40P140)                      0.07       2.99 r
  mult_x_4/U1987/CO (FA1D0BWP40P140)                      0.07       3.06 r
  mult_x_4/U1986/CO (FA1D0BWP40P140)                      0.07       3.14 r
  mult_x_4/U1985/CO (FA1D0BWP40P140)                      0.07       3.21 r
  mult_x_4/U1984/CO (FA1D0BWP40P140)                      0.07       3.29 r
  mult_x_4/U1983/CO (FA1D0BWP40P140)                      0.07       3.36 r
  mult_x_4/U1982/CO (FA1D0BWP40P140)                      0.07       3.43 r
  mult_x_4/U1981/CO (FA1D0BWP40P140)                      0.07       3.51 r
  mult_x_4/U1980/CO (FA1D0BWP40P140)                      0.07       3.58 r
  mult_x_4/U1979/CO (FA1D0BWP40P140)                      0.07       3.66 r
  mult_x_4/U1978/CO (FA1D0BWP40P140)                      0.07       3.73 r
  mult_x_4/U1977/CO (FA1D0BWP40P140)                      0.07       3.80 r
  mult_x_4/U1976/CO (FA1D0BWP40P140)                      0.07       3.88 r
  mult_x_4/U1975/CO (FA1D0BWP40P140)                      0.07       3.95 r
  mult_x_4/U1974/CO (FA1D0BWP40P140)                      0.07       4.03 r
  mult_x_4/U1973/CO (FA1D0BWP40P140)                      0.07       4.10 r
  mult_x_4/U1972/CO (FA1D0BWP40P140)                      0.07       4.17 r
  mult_x_4/U1971/CO (FA1D0BWP40P140)                      0.07       4.25 r
  mult_x_4/U1970/CO (FA1D0BWP40P140)                      0.07       4.32 r
  mult_x_4/U1969/CO (FA1D0BWP40P140)                      0.07       4.40 r
  mult_x_4/U1968/CO (FA1D0BWP40P140)                      0.07       4.47 r
  mult_x_4/U2031/CO (FA1D0BWP40P140)                      0.07       4.54 r
  mult_x_4/U2051/CO (FA1D0BWP40P140)                      0.07       4.61 r
  mult_x_4/U1073/ZN (XNR4D0BWP40P140)                     0.12       4.73 r
  mult_x_4/U1127/ZN (XNR2UD0BWP40P140)                    0.06       4.78 r
  mult_x_4/U1072/ZN (XNR2UD0BWP40P140)                    0.04       4.82 r
  mult_x_4/U1230/ZN (XNR2UD0BWP40P140)                    0.06       4.88 r
  mult_x_4/U1078/ZN (XNR2UD0BWP40P140)                    0.06       4.94 r
  mult_x_4/product[38] (core4_a36_b14_c36_DW_mult_tc_J3_2)
                                                          0.00       4.94 r
  s_w_3_reg_38_/CN (DFKCNQD1BWP40P140)                    0.00       4.94 r
  data arrival time                                                  4.94

  clock clk (rise edge)                                   5.00       5.00
  clock network delay (ideal)                             0.00       5.00
  s_w_3_reg_38_/CP (DFKCNQD1BWP40P140)                    0.00       5.00 r
  library setup time                                     -0.05       4.95
  data required time                                                 4.95
  --------------------------------------------------------------------------
  data required time                                                 4.95
  data arrival time                                                 -4.94
  --------------------------------------------------------------------------
  slack (MET)                                                        0.01


  Startpoint: io_b_3[0] (input port clocked by clk)
  Endpoint: s_w_1_reg_37_
            (rising edge-triggered flip-flop clocked by clk)
  Path Group: clk
  Path Type: max

  Des/Clust/Port     Wire Load Model       Library
  ------------------------------------------------
  core4_a36_b14_c36  ZeroWireload          tcbn28hpcplusbwp40p140hvtssg0p81vm40c_ccs
  core4_a36_b14_c36_DW_mult_uns_J3_2
                     ZeroWireload          tcbn28hpcplusbwp40p140hvtssg0p81vm40c_ccs
  Eval_1_DP_OP_52J3_122_4543_J3_0
                     ZeroWireload          tcbn28hpcplusbwp40p140hvtssg0p81vm40c_ccs
  Eval_1_DP_OP_53J3_123_5215_J3_0
                     ZeroWireload          tcbn28hpcplusbwp40p140hvtssg0p81vm40c_ccs
  Eval_1_DP_OP_54J3_124_1990_J3_0
                     ZeroWireload          tcbn28hpcplusbwp40p140hvtssg0p81vm40c_ccs
  core4_a36_b14_c36_DW_mult_tc_J3_3
                     ZeroWireload          tcbn28hpcplusbwp40p140hvtssg0p81vm40c_ccs

  Point                                                   Incr       Path
  --------------------------------------------------------------------------
  clock clk (rise edge)                                   0.00       0.00
  clock network delay (ideal)                             0.00       0.00
  input external delay                                    0.50       0.50 f
  io_b_3[0] (in)                                          0.00       0.50 f
  evalB/io_in_3[0] (Eval_1)                               0.00       0.50 f
  evalB/U4/ZN (INVD1BWP40P140LVT)                         0.01       0.51 r
  evalB/U11/ZN (CKND2BWP40P140)                           0.02       0.52 f
  evalB/DP_OP_52J3_122_4543/I2[1] (Eval_1_DP_OP_52J3_122_4543_J3_0)
                                                          0.00       0.52 f
  evalB/DP_OP_52J3_122_4543/U65/CO (HA1D0BWP40P140)       0.03       0.56 f
  evalB/DP_OP_52J3_122_4543/U66/S (FA1D0BWP40P140)        0.11       0.67 r
  evalB/DP_OP_52J3_122_4543/U81/S (FA1D0BWP40P140)        0.11       0.78 f
  evalB/DP_OP_52J3_122_4543/U96/CO (FA1D0BWP40P140)       0.07       0.86 f
  evalB/DP_OP_52J3_122_4543/U95/S (FA1D0BWP40P140)        0.23       1.08 r
  evalB/DP_OP_52J3_122_4543/O1[5] (Eval_1_DP_OP_52J3_122_4543_J3_0)
                                                          0.00       1.08 r
  evalB/io_out_1[5] (Eval_1)                              0.00       1.08 r
  mult_x_2/b[5] (core4_a36_b14_c36_DW_mult_tc_J3_3)       0.00       1.08 r
  mult_x_2/U1178/ZN (CKND0BWP40P140)                      0.21       1.29 f
  mult_x_2/U1196/ZN (AOI22D0BWP40P140)                    0.15       1.44 r
  mult_x_2/U1197/ZN (CKND0BWP40P140)                      0.15       1.59 f
  mult_x_2/U1181/ZN (AOI221D0BWP40P140)                   0.34       1.92 r
  mult_x_2/U1836/Z (AO22D0BWP40P140)                      0.14       2.06 r
  mult_x_2/U1847/S (FA1D0BWP40P140)                       0.11       2.17 f
  mult_x_2/U1854/S (FA1D0BWP40P140)                       0.12       2.29 r
  mult_x_2/U1905/CO (FA1D0BWP40P140)                      0.08       2.37 r
  mult_x_2/U1904/CO (FA1D0BWP40P140)                      0.07       2.44 r
  mult_x_2/U1903/CO (FA1D0BWP40P140)                      0.07       2.52 r
  mult_x_2/U1902/CO (FA1D0BWP40P140)                      0.07       2.59 r
  mult_x_2/U1901/CO (FA1D0BWP40P140)                      0.07       2.66 r
  mult_x_2/U1900/CO (FA1D0BWP40P140)                      0.07       2.74 r
  mult_x_2/U1899/CO (FA1D0BWP40P140)                      0.07       2.81 r
  mult_x_2/U1898/CO (FA1D0BWP40P140)                      0.07       2.89 r
  mult_x_2/U1897/CO (FA1D0BWP40P140)                      0.07       2.96 r
  mult_x_2/U1896/CO (FA1D0BWP40P140)                      0.07       3.03 r
  mult_x_2/U1895/CO (FA1D0BWP40P140)                      0.07       3.11 r
  mult_x_2/U1894/CO (FA1D0BWP40P140)                      0.07       3.18 r
  mult_x_2/U1893/CO (FA1D0BWP40P140)                      0.07       3.26 r
  mult_x_2/U1892/CO (FA1D0BWP40P140)                      0.07       3.33 r
  mult_x_2/U1891/CO (FA1D0BWP40P140)                      0.07       3.40 r
  mult_x_2/U1890/CO (FA1D0BWP40P140)                      0.07       3.48 r
  mult_x_2/U1889/CO (FA1D0BWP40P140)                      0.07       3.55 r
  mult_x_2/U1888/CO (FA1D0BWP40P140)                      0.07       3.63 r
  mult_x_2/U1887/CO (FA1D0BWP40P140)                      0.07       3.70 r
  mult_x_2/U1886/CO (FA1D0BWP40P140)                      0.07       3.77 r
  mult_x_2/U1885/CO (FA1D0BWP40P140)                      0.07       3.85 r
  mult_x_2/U1884/CO (FA1D0BWP40P140)                      0.07       3.92 r
  mult_x_2/U1883/CO (FA1D0BWP40P140)                      0.07       4.00 r
  mult_x_2/U1882/CO (FA1D0BWP40P140)                      0.07       4.07 r
  mult_x_2/U1881/CO (FA1D0BWP40P140)                      0.07       4.14 r
  mult_x_2/U1880/CO (FA1D0BWP40P140)                      0.07       4.22 r
  mult_x_2/U1879/CO (FA1D0BWP40P140)                      0.07       4.29 r
  mult_x_2/U1878/CO (FA1D0BWP40P140)                      0.07       4.37 r
  mult_x_2/U1938/CO (FA1D0BWP40P140)                      0.07       4.44 r
  mult_x_2/U1960/CO (FA1D0BWP40P140)                      0.07       4.51 r
  mult_x_2/U1085/Z (XOR4D0BWP40P140)                      0.11       4.62 r
  mult_x_2/U1046/Z (XOR4D0BWP40P140)                      0.12       4.74 f
  mult_x_2/U1045/Z (XOR4D1BWP40P140)                      0.10       4.85 f
  mult_x_2/U1088/Z (XOR4D0BWP40P140)                      0.10       4.94 r
  mult_x_2/product[37] (core4_a36_b14_c36_DW_mult_tc_J3_3)
                                                          0.00       4.94 r
  s_w_1_reg_37_/D (DFKCNQD1BWP40P140)                     0.00       4.94 r
  data arrival time                                                  4.94

  clock clk (rise edge)                                   5.00       5.00
  clock network delay (ideal)                             0.00       5.00
  s_w_1_reg_37_/CP (DFKCNQD1BWP40P140)                    0.00       5.00 r
  library setup time                                     -0.04       4.96
  data required time                                                 4.96
  --------------------------------------------------------------------------
  data required time                                                 4.96
  data arrival time                                                 -4.94
  --------------------------------------------------------------------------
  slack (MET)                                                        0.02


1
