 
****************************************
Report : timing
        -path full
        -delay max
        -max_paths 3
Design : core64_a28_b10_c28
Version: O-2018.06-SP5
Date   : Tue May 12 23:41:56 2026
****************************************

 # A fanout number of 1000 was used for high fanout net computations.

Operating Conditions: ssg0p81vm40c   Library: tcbn28hpcplusbwp40p140hvtssg0p81vm40c_ccs
Wire Load Model Mode: segmented

  Startpoint: io_b_31[0] (input port clocked by clk)
  Endpoint: core16_0/core4_3/s_w_1_reg_35_
            (rising edge-triggered flip-flop clocked by clk)
  Path Group: clk
  Path Type: max

  Des/Clust/Port     Wire Load Model       Library
  ------------------------------------------------
  core64_a28_b10_c28 ZeroWireload          tcbn28hpcplusbwp40p140hvtssg0p81vm40c_ccs
  Eval_1_8_DP_OP_53J22_126_8511_0
                     ZeroWireload          tcbn28hpcplusbwp40p140hvtssg0p81vm40c_ccs
  Eval_1_0_DP_OP_52J22_125_4583_J22_0_8
                     ZeroWireload          tcbn28hpcplusbwp40p140hvtssg0p81vm40c_ccs
  Eval_1_0_DP_OP_54J22_127_5286_J22_0_8
                     ZeroWireload          tcbn28hpcplusbwp40p140hvtssg0p81vm40c_ccs
  Eval_33_0_DP_OP_56J21_131_6631_J21_0_3
                     ZeroWireload          tcbn28hpcplusbwp40p140hvtssg0p81vm40c_ccs
  Eval_33_0_DP_OP_55J21_130_2896_J21_0_3
                     ZeroWireload          tcbn28hpcplusbwp40p140hvtssg0p81vm40c_ccs
  Eval_33_0_DP_OP_54J21_129_8018_J21_0_3
                     ZeroWireload          tcbn28hpcplusbwp40p140hvtssg0p81vm40c_ccs
  Eval_33_75_DP_OP_56J17_127_1637_J17_0
                     ZeroWireload          tcbn28hpcplusbwp40p140hvtssg0p81vm40c_ccs
  Eval_33_75_DP_OP_55J17_126_7869_J17_0
                     ZeroWireload          tcbn28hpcplusbwp40p140hvtssg0p81vm40c_ccs
  Eval_33_75_DP_OP_54J17_125_5930_J17_0
                     ZeroWireload          tcbn28hpcplusbwp40p140hvtssg0p81vm40c_ccs
  Eval_33_1_DP_OP_55J27_124_3794_J27_0_27
                     ZeroWireload          tcbn28hpcplusbwp40p140hvtssg0p81vm40c_ccs
  Eval_33_1_DP_OP_54J27_123_6227_J27_0_27
                     ZeroWireload          tcbn28hpcplusbwp40p140hvtssg0p81vm40c_ccs
  Eval_33_1_DP_OP_53J27_122_4171_J27_0_27
                     ZeroWireload          tcbn28hpcplusbwp40p140hvtssg0p81vm40c_ccs
  core4_1_DW_mult_tc_J24_5_21
                     ZeroWireload          tcbn28hpcplusbwp40p140hvtssg0p81vm40c_ccs

  Point                                                   Incr       Path
  --------------------------------------------------------------------------
  clock clk (rise edge)                                   0.00       0.00
  clock network delay (ideal)                             0.00       0.00
  input external delay                                    0.50       0.50 r
  io_b_31[0] (in)                                         0.00       0.50 r
  evalB_7/io_in_3[0] (Eval_1_8)                           0.00       0.50 r
  evalB_7/U6/ZN (INVD1BWP40P140LVT)                       0.01       0.51 f
  evalB_7/U4/ZN (INVD2BWP40P140LVT)                       0.01       0.52 r
  evalB_7/io_out_0[0] (Eval_1_8)                          0.00       0.52 r
  core16_0/io_b_7[0] (core16_6)                           0.00       0.52 r
  core16_0/evalB_1/io_in_3[0] (Eval_33_75)                0.00       0.52 r
  core16_0/evalB_1/U6/ZN (INVD0P7BWP40P140)               0.01       0.53 f
  core16_0/evalB_1/U4/ZN (CKND0BWP40P140)                 0.07       0.60 r
  core16_0/evalB_1/DP_OP_55J17_126_7869/I4[0] (Eval_33_75_DP_OP_55J17_126_7869_J17_0)
                                                          0.00       0.60 r
  core16_0/evalB_1/DP_OP_55J17_126_7869/U118/CO (HA1D0BWP40P140LVT)
                                                          0.05       0.66 r
  core16_0/evalB_1/DP_OP_55J17_126_7869/U141/CO (FA1D1BWP40P140)
                                                          0.05       0.71 r
  core16_0/evalB_1/DP_OP_55J17_126_7869/U140/S (FA1D1BWP40P140)
                                                          0.10       0.81 f
  core16_0/evalB_1/DP_OP_55J17_126_7869/U171/ZN (CKND0BWP40P140)
                                                          0.03       0.84 r
  core16_0/evalB_1/DP_OP_55J17_126_7869/U94/S (FA1D1BWP40P140)
                                                          0.12       0.96 f
  core16_0/evalB_1/DP_OP_55J17_126_7869/O2[2] (Eval_33_75_DP_OP_55J17_126_7869_J17_0)
                                                          0.00       0.96 f
  core16_0/evalB_1/io_out_3[2] (Eval_33_75)               0.00       0.96 f
  core16_0/core4_3/io_b_1[2] (core4_45)                   0.00       0.96 f
  core16_0/core4_3/evalB/io_in_1[2] (Eval_33_45)          0.00       0.96 f
  core16_0/core4_3/evalB/DP_OP_53J27_122_4171/I3[2] (Eval_33_1_DP_OP_53J27_122_4171_J27_0_27)
                                                          0.00       0.96 f
  core16_0/core4_3/evalB/DP_OP_53J27_122_4171/U107/CO (FA1D0BWP40P140)
                                                          0.09       1.05 f
  core16_0/core4_3/evalB/DP_OP_53J27_122_4171/U108/CO (FA1D0BWP40P140)
                                                          0.08       1.12 f
  core16_0/core4_3/evalB/DP_OP_53J27_122_4171/U129/CO (FA1D0BWP40P140)
                                                          0.07       1.20 f
  core16_0/core4_3/evalB/DP_OP_53J27_122_4171/U104/S (FA1D0BWP40P140)
                                                          0.12       1.32 r
  core16_0/core4_3/evalB/DP_OP_53J27_122_4171/U112/CO (FA1D0BWP40P140)
                                                          0.08       1.39 r
  core16_0/core4_3/evalB/DP_OP_53J27_122_4171/U113/CO (FA1D0BWP40P140)
                                                          0.07       1.47 r
  core16_0/core4_3/evalB/DP_OP_53J27_122_4171/U84/CO (FA1D0BWP40P140)
                                                          0.07       1.54 r
  core16_0/core4_3/evalB/DP_OP_53J27_122_4171/U101/CO (FA1D0BWP40P140)
                                                          0.07       1.62 r
  core16_0/core4_3/evalB/DP_OP_53J27_122_4171/U111/CO (FA1D0BWP40P140)
                                                          0.07       1.69 r
  core16_0/core4_3/evalB/DP_OP_53J27_122_4171/U119/CO (FA1D0BWP40P140)
                                                          0.07       1.76 r
  core16_0/core4_3/evalB/DP_OP_53J27_122_4171/U120/CO (FA1D0BWP40P140)
                                                          0.07       1.84 r
  core16_0/core4_3/evalB/DP_OP_53J27_122_4171/U121/CO (FA1D0BWP40P140)
                                                          0.07       1.91 r
  core16_0/core4_3/evalB/DP_OP_53J27_122_4171/U109/S (FA1D0BWP40P140)
                                                          0.17       2.09 f
  core16_0/core4_3/evalB/DP_OP_53J27_122_4171/O1[14] (Eval_33_1_DP_OP_53J27_122_4171_J27_0_27)
                                                          0.00       2.09 f
  core16_0/core4_3/evalB/io_out_1[14] (Eval_33_45)        0.00       2.09 f
  core16_0/core4_3/mult_x_2/b[14] (core4_1_DW_mult_tc_J24_5_21)
                                                          0.00       2.09 f
  core16_0/core4_3/mult_x_2/U1195/ZN (CKND0BWP40P140)     0.16       2.25 r
  core16_0/core4_3/mult_x_2/U1370/ZN (MUX2ND0BWP40P140)
                                                          0.06       2.31 f
  core16_0/core4_3/mult_x_2/U1371/ZN (CKND0BWP40P140)     0.03       2.34 r
  core16_0/core4_3/mult_x_2/U1161/ZN (ND3D0BWP40P140)     0.20       2.54 f
  core16_0/core4_3/mult_x_2/U1673/ZN (OAI222D0BWP40P140)
                                                          0.15       2.69 r
  core16_0/core4_3/mult_x_2/U1674/ZN (AOI21D0BWP40P140)
                                                          0.04       2.73 f
  core16_0/core4_3/mult_x_2/U1675/ZN (MUX2ND0BWP40P140)
                                                          0.06       2.79 f
  core16_0/core4_3/mult_x_2/U1157/CO (HA1D0BWP40P140)     0.05       2.84 f
  core16_0/core4_3/mult_x_2/U1741/CO (FA1D1BWP40P140)     0.05       2.90 f
  core16_0/core4_3/mult_x_2/U1236/CO (FA1D0BWP40P140)     0.07       2.96 f
  core16_0/core4_3/mult_x_2/U1650/S (FA1D0BWP40P140)      0.12       3.09 r
  core16_0/core4_3/mult_x_2/U1725/CO (FA1D0BWP40P140)     0.08       3.17 r
  core16_0/core4_3/mult_x_2/U1244/CO (FA1D0BWP40P140)     0.07       3.24 r
  core16_0/core4_3/mult_x_2/U1715/CO (FA1D0BWP40P140)     0.07       3.32 r
  core16_0/core4_3/mult_x_2/U1806/CO (FA1D1BWP40P140)     0.06       3.37 r
  core16_0/core4_3/mult_x_2/U1245/CO (FA1D0BWP40P140)     0.07       3.44 r
  core16_0/core4_3/mult_x_2/U1799/CO (FA1D1BWP40P140)     0.06       3.50 r
  core16_0/core4_3/mult_x_2/U1695/CO (FA1D0BWP40P140)     0.07       3.56 r
  core16_0/core4_3/mult_x_2/U1246/S (FA1D0BWP40P140)      0.12       3.68 f
  core16_0/core4_3/mult_x_2/U1887/CO (FA1D1BWP40P140)     0.07       3.75 f
  core16_0/core4_3/mult_x_2/U1810/S (FA1D0BWP40P140)      0.12       3.87 r
  core16_0/core4_3/mult_x_2/U1290/CO (FA1D0BWP40P140)     0.08       3.95 r
  core16_0/core4_3/mult_x_2/U1981/S (FA1D1BWP40P140)      0.10       4.05 f
  core16_0/core4_3/mult_x_2/U2072/CO (FA1D1BWP40P140)     0.07       4.12 f
  core16_0/core4_3/mult_x_2/U1315/CO (FA1D0BWP40P140)     0.07       4.18 f
  core16_0/core4_3/mult_x_2/U2071/CO (FA1D1BWP40P140)     0.06       4.24 f
  core16_0/core4_3/mult_x_2/U2070/CO (FA1D1BWP40P140)     0.06       4.30 f
  core16_0/core4_3/mult_x_2/U1316/CO (FA1D0BWP40P140)     0.07       4.37 f
  core16_0/core4_3/mult_x_2/U2069/CO (FA1D1BWP40P140)     0.06       4.43 f
  core16_0/core4_3/mult_x_2/U2068/CO (FA1D1BWP40P140)     0.06       4.48 f
  core16_0/core4_3/mult_x_2/U1317/CO (FA1D0BWP40P140)     0.07       4.55 f
  core16_0/core4_3/mult_x_2/U1164/CO (FA1D1BWP40P140LVT)
                                                          0.05       4.60 f
  core16_0/core4_3/mult_x_2/U1119/ZN (ND2D0BWP40P140HVT)
                                                          0.02       4.62 r
  core16_0/core4_3/mult_x_2/U1127/ZN (OAI21D0BWP40P140)
                                                          0.05       4.66 f
  core16_0/core4_3/mult_x_2/U1126/Z (XOR2UD0BWP40P140)
                                                          0.05       4.72 f
  core16_0/core4_3/mult_x_2/U1125/Z (XOR2UD0BWP40P140)
                                                          0.05       4.77 r
  core16_0/core4_3/mult_x_2/U1736/Z (XOR3UD0BWP40P140)
                                                          0.08       4.84 r
  core16_0/core4_3/mult_x_2/U1163/Z (XOR4D1BWP40P140LVT)
                                                          0.07       4.91 r
  core16_0/core4_3/mult_x_2/U1123/ZN (OAI21D0P7BWP40P140LVT)
                                                          0.02       4.93 f
  core16_0/core4_3/mult_x_2/U1369/ZN (OAI31D0BWP40P140LVT)
                                                          0.02       4.96 r
  core16_0/core4_3/mult_x_2/product[35] (core4_1_DW_mult_tc_J24_5_21)
                                                          0.00       4.96 r
  core16_0/core4_3/s_w_1_reg_35_/D (DFKCNQD1BWP40P140)
                                                          0.00       4.96 r
  data arrival time                                                  4.96

  clock clk (rise edge)                                   5.00       5.00
  clock network delay (ideal)                             0.00       5.00
  core16_0/core4_3/s_w_1_reg_35_/CP (DFKCNQD1BWP40P140)
                                                          0.00       5.00 r
  library setup time                                     -0.04       4.96
  data required time                                                 4.96
  --------------------------------------------------------------------------
  data required time                                                 4.96
  data arrival time                                                 -4.96
  --------------------------------------------------------------------------
  slack (MET)                                                        0.00


  Startpoint: io_b_60[2] (input port clocked by clk)
  Endpoint: core16_6/core4_5/s_w_4_reg_36_
            (rising edge-triggered flip-flop clocked by clk)
  Path Group: clk
  Path Type: max

  Des/Clust/Port     Wire Load Model       Library
  ------------------------------------------------
  core64_a28_b10_c28 ZeroWireload          tcbn28hpcplusbwp40p140hvtssg0p81vm40c_ccs
  Eval_1_0_DP_OP_52J22_125_4583_J22_0_0
                     ZeroWireload          tcbn28hpcplusbwp40p140hvtssg0p81vm40c_ccs
  Eval_1_0_DP_OP_53J22_126_8511_J22_0_0
                     ZeroWireload          tcbn28hpcplusbwp40p140hvtssg0p81vm40c_ccs
  Eval_1_0_DP_OP_54J22_127_5286_J22_0_0
                     ZeroWireload          tcbn28hpcplusbwp40p140hvtssg0p81vm40c_ccs
  Eval_33_0_DP_OP_56J21_131_6631_J21_0_1
                     ZeroWireload          tcbn28hpcplusbwp40p140hvtssg0p81vm40c_ccs
  Eval_33_0_DP_OP_55J21_130_2896_J21_0_1
                     ZeroWireload          tcbn28hpcplusbwp40p140hvtssg0p81vm40c_ccs
  Eval_33_0_DP_OP_54J21_129_8018_J21_0_1
                     ZeroWireload          tcbn28hpcplusbwp40p140hvtssg0p81vm40c_ccs
  Eval_33_49_DP_OP_56J19_127_2738_J19_0_0
                     ZeroWireload          tcbn28hpcplusbwp40p140hvtssg0p81vm40c_ccs
  Eval_33_49_DP_OP_55J19_126_8970_J19_0_0
                     ZeroWireload          tcbn28hpcplusbwp40p140hvtssg0p81vm40c_ccs
  Eval_33_49_DP_OP_54J19_125_1419_J19_0_0
                     ZeroWireload          tcbn28hpcplusbwp40p140hvtssg0p81vm40c_ccs
  Eval_33_1_DP_OP_55J27_124_3794_J27_0_0
                     ZeroWireload          tcbn28hpcplusbwp40p140hvtssg0p81vm40c_ccs
  Eval_33_1_DP_OP_54J27_123_6227_J27_0_0
                     ZeroWireload          tcbn28hpcplusbwp40p140hvtssg0p81vm40c_ccs
  Eval_33_1_DP_OP_53J27_122_4171_J27_0_0
                     ZeroWireload          tcbn28hpcplusbwp40p140hvtssg0p81vm40c_ccs
  core4_1_DW_mult_tc_J24_2_0
                     ZeroWireload          tcbn28hpcplusbwp40p140hvtssg0p81vm40c_ccs

  Point                                                   Incr       Path
  --------------------------------------------------------------------------
  clock clk (rise edge)                                   0.00       0.00
  clock network delay (ideal)                             0.00       0.00
  input external delay                                    0.50       0.50 f
  io_b_60[2] (in)                                         0.00       0.50 f
  evalB_15/io_in_0[2] (Eval_1_0)                          0.00       0.50 f
  evalB_15/U5/ZN (INVD0P7BWP40P140)                       0.01       0.51 r
  evalB_15/U12/ZN (INVD1BWP40P140LVT)                     0.03       0.53 f
  evalB_15/io_out_6[2] (Eval_1_0)                         0.00       0.53 f
  core16_6/io_b_15[2] (core16_0)                          0.00       0.53 f
  core16_6/evalB_3/io_in_3[2] (Eval_33_49)                0.00       0.53 f
  core16_6/evalB_3/U8/ZN (CKND0BWP40P140)                 0.03       0.57 r
  core16_6/evalB_3/U3/ZN (INVD2BWP40P140LVT)              0.03       0.60 f
  core16_6/evalB_3/DP_OP_56J19_127_2738/I3[2] (Eval_33_49_DP_OP_56J19_127_2738_J19_0_0)
                                                          0.00       0.60 f
  core16_6/evalB_3/DP_OP_56J19_127_2738/U110/CO (HA1D0BWP40P140)
                                                          0.04       0.64 f
  core16_6/evalB_3/DP_OP_56J19_127_2738/U91/ZN (OAI21D0P7BWP40P140)
                                                          0.02       0.66 r
  core16_6/evalB_3/DP_OP_56J19_127_2738/U108/ZN (ND2D0P7BWP40P140)
                                                          0.03       0.69 f
  core16_6/evalB_3/DP_OP_56J19_127_2738/U164/CO (FA1D1BWP40P140LVT)
                                                          0.05       0.74 f
  core16_6/evalB_3/DP_OP_56J19_127_2738/U94/S (FA1D1BWP40P140)
                                                          0.10       0.84 r
  core16_6/evalB_3/DP_OP_56J19_127_2738/U162/ZN (CKND0BWP40P140)
                                                          0.03       0.87 f
  core16_6/evalB_3/DP_OP_56J19_127_2738/U126/CO (FA1D1BWP40P140)
                                                          0.07       0.94 f
  core16_6/evalB_3/DP_OP_56J19_127_2738/U172/CO (FA1D1BWP40P140)
                                                          0.06       0.99 f
  core16_6/evalB_3/DP_OP_56J19_127_2738/U144/CO (FA1D0BWP40P140)
                                                          0.07       1.06 f
  core16_6/evalB_3/DP_OP_56J19_127_2738/U124/CO (FA1D1BWP40P140)
                                                          0.06       1.12 f
  core16_6/evalB_3/DP_OP_56J19_127_2738/U142/CO (FA1D0BWP40P140)
                                                          0.07       1.19 f
  core16_6/evalB_3/DP_OP_56J19_127_2738/U148/S (FA1D0BWP40P140)
                                                          0.15       1.34 r
  core16_6/evalB_3/DP_OP_56J19_127_2738/O2[10] (Eval_33_49_DP_OP_56J19_127_2738_J19_0_0)
                                                          0.00       1.34 r
  core16_6/evalB_3/io_out_5[10] (Eval_33_49)              0.00       1.34 r
  core16_6/core4_5/io_b_3[10] (core4_1)                   0.00       1.34 r
  core16_6/core4_5/evalB/io_in_3[10] (Eval_33_1)          0.00       1.34 r
  core16_6/core4_5/evalB/DP_OP_55J27_124_3794/I3[10] (Eval_33_1_DP_OP_55J27_124_3794_J27_0_0)
                                                          0.00       1.34 r
  core16_6/core4_5/evalB/DP_OP_55J27_124_3794/U160/S (FA1D0BWP40P140)
                                                          0.13       1.48 f
  core16_6/core4_5/evalB/DP_OP_55J27_124_3794/U177/CO (FA1D0BWP40P140)
                                                          0.08       1.55 f
  core16_6/core4_5/evalB/DP_OP_55J27_124_3794/U189/CO (FA1D0BWP40P140)
                                                          0.07       1.62 f
  core16_6/core4_5/evalB/DP_OP_55J27_124_3794/U190/CO (FA1D0BWP40P140)
                                                          0.07       1.70 f
  core16_6/core4_5/evalB/DP_OP_55J27_124_3794/U191/CO (FA1D0BWP40P140)
                                                          0.07       1.77 f
  core16_6/core4_5/evalB/DP_OP_55J27_124_3794/U176/CO (FA1D0BWP40P140)
                                                          0.07       1.84 f
  core16_6/core4_5/evalB/DP_OP_55J27_124_3794/U154/CO (FA1D0BWP40P140)
                                                          0.07       1.91 f
  core16_6/core4_5/evalB/DP_OP_55J27_124_3794/U164/CO (FA1D0BWP40P140)
                                                          0.07       1.99 f
  core16_6/core4_5/evalB/DP_OP_55J27_124_3794/U183/CO (FA1D0BWP40P140)
                                                          0.07       2.06 f
  core16_6/core4_5/evalB/DP_OP_55J27_124_3794/U156/CO (FA1D0BWP40P140)
                                                          0.07       2.13 f
  core16_6/core4_5/evalB/DP_OP_55J27_124_3794/U214/CO (FA1D1BWP40P140)
                                                          0.06       2.19 f
  core16_6/core4_5/evalB/DP_OP_55J27_124_3794/U123/S (FA1D1BWP40P140)
                                                          0.14       2.33 r
  core16_6/core4_5/evalB/DP_OP_55J27_124_3794/O1[20] (Eval_33_1_DP_OP_55J27_124_3794_J27_0_0)
                                                          0.00       2.33 r
  core16_6/core4_5/evalB/io_out_4[20] (Eval_33_1)         0.00       2.33 r
  core16_6/core4_5/mult_x_5/b[20] (core4_1_DW_mult_tc_J24_2_0)
                                                          0.00       2.33 r
  core16_6/core4_5/mult_x_5/U1157/ZN (CKND0BWP40P140)     0.11       2.44 f
  core16_6/core4_5/mult_x_5/U1264/ZN (MUX2ND0BWP40P140)
                                                          0.09       2.53 r
  core16_6/core4_5/mult_x_5/U1216/ZN (ND3D0P7BWP40P140LVT)
                                                          0.11       2.64 f
  core16_6/core4_5/mult_x_5/U1255/ZN (NR2D0BWP40P140)     0.07       2.70 r
  core16_6/core4_5/mult_x_5/U1248/ZN (AOI21D0BWP40P140)
                                                          0.03       2.73 f
  core16_6/core4_5/mult_x_5/U1253/ZN (OAI21D0BWP40P140HVT)
                                                          0.03       2.76 r
  core16_6/core4_5/mult_x_5/U1252/ZN (AOI21D0BWP40P140)
                                                          0.03       2.80 f
  core16_6/core4_5/mult_x_5/U1568/ZN (MUX2ND0BWP40P140)
                                                          0.06       2.86 f
  core16_6/core4_5/mult_x_5/U1205/CO (HA1D0BWP40P140)     0.05       2.91 f
  core16_6/core4_5/mult_x_5/U1633/CO (FA1D1BWP40P140)     0.06       2.96 f
  core16_6/core4_5/mult_x_5/U1207/ZN (MAOI222D0BWP40P140)
                                                          0.04       3.00 r
  core16_6/core4_5/mult_x_5/U1203/ZN (CKND0BWP40P140)     0.03       3.03 f
  core16_6/core4_5/mult_x_5/U1275/CO (FA1D0BWP40P140)     0.07       3.11 f
  core16_6/core4_5/mult_x_5/U1182/ZN (OAI21D0BWP40P140)
                                                          0.03       3.13 r
  core16_6/core4_5/mult_x_5/U1171/ZN (ND2D0P7BWP40P140)
                                                          0.03       3.17 f
  core16_6/core4_5/mult_x_5/U1224/CO (FA1D0BWP40P140)     0.07       3.24 f
  core16_6/core4_5/mult_x_5/U1181/ZN (OAI21D0BWP40P140)
                                                          0.03       3.27 r
  core16_6/core4_5/mult_x_5/U1167/ZN (ND2D0P7BWP40P140)
                                                          0.03       3.30 f
  core16_6/core4_5/mult_x_5/U1615/CO (FA1D1BWP40P140)     0.06       3.36 f
  core16_6/core4_5/mult_x_5/U1611/CO (FA1D1BWP40P140)     0.06       3.42 f
  core16_6/core4_5/mult_x_5/U1189/CO (FA1D0BWP40P140)     0.07       3.48 f
  core16_6/core4_5/mult_x_5/U1276/CO (FA1D0BWP40P140)     0.07       3.56 f
  core16_6/core4_5/mult_x_5/U1600/CO (FA1D1BWP40P140)     0.06       3.62 f
  core16_6/core4_5/mult_x_5/U1596/CO (FA1D1BWP40P140)     0.06       3.67 f
  core16_6/core4_5/mult_x_5/U1262/CO (FA1D0BWP40P140)     0.07       3.74 f
  core16_6/core4_5/mult_x_5/U1621/CO (FA1D0BWP40P140)     0.07       3.81 f
  core16_6/core4_5/mult_x_5/U1292/S (FA1D0BWP40P140)      0.12       3.94 r
  core16_6/core4_5/mult_x_5/U1481/S (FA1D0BWP40P140)      0.12       4.06 f
  core16_6/core4_5/mult_x_5/U1289/S (FA1D0BWP40P140)      0.13       4.19 r
  core16_6/core4_5/mult_x_5/U2128/S (FA1D1BWP40P140)      0.11       4.30 f
  core16_6/core4_5/mult_x_5/U1313/S (FA1D0BWP40P140)      0.13       4.42 r
  core16_6/core4_5/mult_x_5/U2089/S (FA1D0BWP40P140)      0.12       4.55 f
  core16_6/core4_5/mult_x_5/U1263/CO (FA1D1BWP40P140LVT)
                                                          0.05       4.60 f
  core16_6/core4_5/mult_x_5/U1163/ZN (NR2OPTIBD1BWP40P140)
                                                          0.02       4.62 r
  core16_6/core4_5/mult_x_5/U1156/ZN (AOI21D1BWP40P140)
                                                          0.03       4.65 f
  core16_6/core4_5/mult_x_5/U1162/Z (XOR2UD0BWP40P140)
                                                          0.04       4.69 f
  core16_6/core4_5/mult_x_5/U1161/Z (XOR2UD0BWP40P140)
                                                          0.06       4.75 f
  core16_6/core4_5/mult_x_5/U1160/ZN (OAI21D0BWP40P140)
                                                          0.03       4.78 r
  core16_6/core4_5/mult_x_5/U1302/ZN (OAI31D0BWP40P140LVT)
                                                          0.03       4.81 f
  core16_6/core4_5/mult_x_5/U1191/Z (XOR4D1BWP40P140)     0.11       4.92 r
  core16_6/core4_5/mult_x_5/U1159/Z (XOR2UD0BWP40P140)
                                                          0.03       4.95 r
  core16_6/core4_5/mult_x_5/product[36] (core4_1_DW_mult_tc_J24_2_0)
                                                          0.00       4.95 r
  core16_6/core4_5/s_w_4_reg_36_/D (DFKCNQD1BWP40P140)
                                                          0.00       4.95 r
  data arrival time                                                  4.95

  clock clk (rise edge)                                   5.00       5.00
  clock network delay (ideal)                             0.00       5.00
  core16_6/core4_5/s_w_4_reg_36_/CP (DFKCNQD1BWP40P140)
                                                          0.00       5.00 r
  library setup time                                     -0.05       4.95
  data required time                                                 4.95
  --------------------------------------------------------------------------
  data required time                                                 4.95
  data arrival time                                                 -4.95
  --------------------------------------------------------------------------
  slack (MET)                                                        0.00


  Startpoint: io_b_15[0] (input port clocked by clk)
  Endpoint: core16_1/core4_5/s_w_6_reg_35_
            (rising edge-triggered flip-flop clocked by clk)
  Path Group: clk
  Path Type: max

  Des/Clust/Port     Wire Load Model       Library
  ------------------------------------------------
  core64_a28_b10_c28 ZeroWireload          tcbn28hpcplusbwp40p140hvtssg0p81vm40c_ccs
  Eval_1_0_DP_OP_52J22_125_4583_J22_0_12
                     ZeroWireload          tcbn28hpcplusbwp40p140hvtssg0p81vm40c_ccs
  Eval_1_0_DP_OP_53J22_126_8511_J22_0_12
                     ZeroWireload          tcbn28hpcplusbwp40p140hvtssg0p81vm40c_ccs
  Eval_1_0_DP_OP_54J22_127_5286_J22_0_12
                     ZeroWireload          tcbn28hpcplusbwp40p140hvtssg0p81vm40c_ccs
  Eval_33_69_DP_OP_54J23_125_879_J23_0_3
                     ZeroWireload          tcbn28hpcplusbwp40p140hvtssg0p81vm40c_ccs
  Eval_33_69_DP_OP_55J23_126_8874_J23_0_3
                     ZeroWireload          tcbn28hpcplusbwp40p140hvtssg0p81vm40c_ccs
  Eval_33_69_DP_OP_56J23_127_5139_J23_0_3
                     ZeroWireload          tcbn28hpcplusbwp40p140hvtssg0p81vm40c_ccs
  Eval_33_1_DP_OP_55J27_124_3794_J27_0_23
                     ZeroWireload          tcbn28hpcplusbwp40p140hvtssg0p81vm40c_ccs
  Eval_33_1_DP_OP_54J27_123_6227_J27_0_23
                     ZeroWireload          tcbn28hpcplusbwp40p140hvtssg0p81vm40c_ccs
  Eval_33_1_DP_OP_53J27_122_4171_J27_0_23
                     ZeroWireload          tcbn28hpcplusbwp40p140hvtssg0p81vm40c_ccs
  core4_1_DW_mult_tc_J24_0_17
                     ZeroWireload          tcbn28hpcplusbwp40p140hvtssg0p81vm40c_ccs

  Point                                                   Incr       Path
  --------------------------------------------------------------------------
  clock clk (rise edge)                                   0.00       0.00
  clock network delay (ideal)                             0.00       0.00
  input external delay                                    0.50       0.50 f
  io_b_15[0] (in)                                         0.00       0.50 f
  evalB_3/io_in_3[0] (Eval_1_12)                          0.00       0.50 f
  evalB_3/U6/ZN (INVD2BWP40P140LVT)                       0.00       0.50 r
  evalB_3/U11/ZN (INVD2BWP40P140LVT)                      0.01       0.52 f
  evalB_3/DP_OP_52J22_125_4583/I2[1] (Eval_1_0_DP_OP_52J22_125_4583_J22_0_12)
                                                          0.00       0.52 f
  evalB_3/DP_OP_52J22_125_4583/U55/CO (HA1D1BWP40P140LVT)
                                                          0.02       0.54 f
  evalB_3/DP_OP_52J22_125_4583/U53/ZN (OAI21D1BWP40P140LVT)
                                                          0.01       0.55 r
  evalB_3/DP_OP_52J22_125_4583/U51/ZN (ND2D1BWP40P140LVT)
                                                          0.02       0.57 f
  evalB_3/DP_OP_52J22_125_4583/U81/CO (FA1D1BWP40P140LVT)
                                                          0.04       0.61 f
  evalB_3/DP_OP_52J22_125_4583/U74/S (FA1D0BWP40P140)     0.11       0.73 r
  evalB_3/DP_OP_52J22_125_4583/U75/S (FA1D0BWP40P140)     0.12       0.84 f
  evalB_3/DP_OP_52J22_125_4583/U67/CO (FA1D1BWP40P140)
                                                          0.07       0.91 f
  evalB_3/DP_OP_52J22_125_4583/U66/CO (FA1D1BWP40P140)
                                                          0.06       0.97 f
  evalB_3/DP_OP_52J22_125_4583/U79/S (FA1D1BWP40P140)     0.09       1.06 r
  evalB_3/DP_OP_52J22_125_4583/O1[8] (Eval_1_0_DP_OP_52J22_125_4583_J22_0_12)
                                                          0.00       1.06 r
  evalB_3/io_out_1[8] (Eval_1_12)                         0.00       1.06 r
  core16_1/io_b_3[8] (core16_5)                           0.00       1.06 r
  core16_1/evalB/io_in_3[8] (Eval_33_72)                  0.00       1.06 r
  core16_1/evalB/U12/ZN (CKND0BWP40P140)                  0.02       1.08 f
  core16_1/evalB/U10/ZN (INVD1BWP40P140LVT)               0.03       1.11 r
  core16_1/evalB/DP_OP_56J23_127_5139/I3[8] (Eval_33_69_DP_OP_56J23_127_5139_J23_0_3)
                                                          0.00       1.11 r
  core16_1/evalB/DP_OP_56J23_127_5139/U143/S (FA1D1BWP40P140)
                                                          0.10       1.21 f
  core16_1/evalB/DP_OP_56J23_127_5139/U190/ZN (CKND0BWP40P140)
                                                          0.03       1.24 r
  core16_1/evalB/DP_OP_56J23_127_5139/U139/CO (FA1D1BWP40P140)
                                                          0.06       1.30 r
  core16_1/evalB/DP_OP_56J23_127_5139/U207/CO (FA1D1BWP40P140)
                                                          0.05       1.35 r
  core16_1/evalB/DP_OP_56J23_127_5139/U206/CO (FA1D1BWP40P140)
                                                          0.05       1.40 r
  core16_1/evalB/DP_OP_56J23_127_5139/U104/CO (FA1D1BWP40P140)
                                                          0.05       1.45 r
  core16_1/evalB/DP_OP_56J23_127_5139/U172/CO (FA1D0BWP40P140)
                                                          0.07       1.52 r
  core16_1/evalB/DP_OP_56J23_127_5139/U174/CO (FA1D0BWP40P140)
                                                          0.07       1.60 r
  core16_1/evalB/DP_OP_56J23_127_5139/U161/S (FA1D0BWP40P140)
                                                          0.10       1.70 f
  core16_1/evalB/DP_OP_56J23_127_5139/O2[14] (Eval_33_69_DP_OP_56J23_127_5139_J23_0_3)
                                                          0.00       1.70 f
  core16_1/evalB/io_out_5[14] (Eval_33_72)                0.00       1.70 f
  core16_1/core4_5/io_b_0[14] (core4_36)                  0.00       1.70 f
  core16_1/core4_5/evalB/io_in_0[14] (Eval_33_36)         0.00       1.70 f
  core16_1/core4_5/evalB/U11/ZN (CKND0BWP40P140)          0.02       1.72 r
  core16_1/core4_5/evalB/U2/ZN (INVD1BWP40P140LVT)        0.06       1.78 f
  core16_1/core4_5/evalB/io_out_6[14] (Eval_33_36)        0.00       1.78 f
  core16_1/core4_5/mult_x_7/b[14] (core4_1_DW_mult_tc_J24_0_17)
                                                          0.00       1.78 f
  core16_1/core4_5/mult_x_7/U1119/ZN (CKND0BWP40P140)     0.14       1.92 r
  core16_1/core4_5/mult_x_7/U1311/ZN (MUX2ND0BWP40P140)
                                                          0.06       1.98 f
  core16_1/core4_5/mult_x_7/U1312/ZN (CKND0BWP40P140)     0.03       2.02 r
  core16_1/core4_5/mult_x_7/U1316/ZN (ND3D0BWP40P140HVT)
                                                          0.29       2.31 f
  core16_1/core4_5/mult_x_7/U1626/ZN (OAI222D0BWP40P140)
                                                          0.20       2.51 r
  core16_1/core4_5/mult_x_7/U1627/ZN (AOI21D0BWP40P140)
                                                          0.04       2.55 f
  core16_1/core4_5/mult_x_7/U1628/ZN (MUX2ND0BWP40P140)
                                                          0.06       2.61 f
  core16_1/core4_5/mult_x_7/U1135/CO (HA1D0BWP40P140)     0.05       2.66 f
  core16_1/core4_5/mult_x_7/U1699/CO (FA1D1BWP40P140)     0.06       2.71 f
  core16_1/core4_5/mult_x_7/U1695/CO (FA1D1BWP40P140)     0.06       2.77 f
  core16_1/core4_5/mult_x_7/U1175/CO (FA1D0BWP40P140)     0.07       2.84 f
  core16_1/core4_5/mult_x_7/U1689/CO (FA1D1BWP40P140)     0.06       2.90 f
  core16_1/core4_5/mult_x_7/U1685/CO (FA1D1BWP40P140)     0.06       2.95 f
  core16_1/core4_5/mult_x_7/U1176/S (FA1D0BWP40P140)      0.12       3.07 r
  core16_1/core4_5/mult_x_7/U1768/S (FA1D1BWP40P140)      0.11       3.18 f
  core16_1/core4_5/mult_x_7/U1861/CO (FA1D1BWP40P140)     0.07       3.25 f
  core16_1/core4_5/mult_x_7/U1199/CO (FA1D0BWP40P140)     0.07       3.31 f
  core16_1/core4_5/mult_x_7/U1657/CO (FA1D0BWP40P140)     0.07       3.39 f
  core16_1/core4_5/mult_x_7/U1851/CO (FA1D1BWP40P140)     0.06       3.45 f
  core16_1/core4_5/mult_x_7/U1200/CO (FA1D0BWP40P140)     0.07       3.52 f
  core16_1/core4_5/mult_x_7/U1844/CO (FA1D1BWP40P140)     0.06       3.58 f
  core16_1/core4_5/mult_x_7/U1840/CO (FA1D1BWP40P140)     0.06       3.63 f
  core16_1/core4_5/mult_x_7/U1194/CO (FA1D0BWP40P140)     0.07       3.70 f
  core16_1/core4_5/mult_x_7/U1642/CO (FA1D0BWP40P140)     0.07       3.77 f
  core16_1/core4_5/mult_x_7/U1830/CO (FA1D1BWP40P140)     0.06       3.83 f
  core16_1/core4_5/mult_x_7/U1201/S (FA1D0BWP40P140)      0.12       3.95 r
  core16_1/core4_5/mult_x_7/U1930/S (FA1D1BWP40P140)      0.11       4.06 f
  core16_1/core4_5/mult_x_7/U2042/CO (FA1D1BWP40P140)     0.07       4.13 f
  core16_1/core4_5/mult_x_7/U1258/CO (FA1D0BWP40P140)     0.07       4.19 f
  core16_1/core4_5/mult_x_7/U2041/CO (FA1D1BWP40P140)     0.06       4.25 f
  core16_1/core4_5/mult_x_7/U2040/CO (FA1D1BWP40P140)     0.06       4.31 f
  core16_1/core4_5/mult_x_7/U1259/CO (FA1D0BWP40P140)     0.06       4.37 f
  core16_1/core4_5/mult_x_7/U1129/ZN (MUX2ND0BWP40P140)
                                                          0.04       4.42 f
  core16_1/core4_5/mult_x_7/U2033/Z (XOR4D1BWP40P140)     0.10       4.51 f
  core16_1/core4_5/mult_x_7/U1151/Z (XOR2UD0BWP40P140)
                                                          0.04       4.56 r
  core16_1/core4_5/mult_x_7/U1120/ZN (OAI21D0BWP40P140HVT)
                                                          0.05       4.61 f
  core16_1/core4_5/mult_x_7/U1193/ZN (OAI31D0BWP40P140LVT)
                                                          0.03       4.64 r
  core16_1/core4_5/mult_x_7/U1192/ZN (XNR2UD0BWP40P140)
                                                          0.06       4.70 r
  core16_1/core4_5/mult_x_7/U1161/ZN (XNR2UD0BWP40P140)
                                                          0.04       4.74 r
  core16_1/core4_5/mult_x_7/U1160/ZN (XNR2UD0BWP40P140)
                                                          0.06       4.80 r
  core16_1/core4_5/mult_x_7/U1128/Z (XOR4D1BWP40P140)     0.10       4.90 r
  core16_1/core4_5/mult_x_7/U1127/ZN (OAI21D0BWP40P140)
                                                          0.03       4.93 f
  core16_1/core4_5/mult_x_7/U1260/ZN (OAI31D0BWP40P140LVT)
                                                          0.03       4.96 r
  core16_1/core4_5/mult_x_7/product[35] (core4_1_DW_mult_tc_J24_0_17)
                                                          0.00       4.96 r
  core16_1/core4_5/s_w_6_reg_35_/D (DFKCNQD1BWP40P140)
                                                          0.00       4.96 r
  data arrival time                                                  4.96

  clock clk (rise edge)                                   5.00       5.00
  clock network delay (ideal)                             0.00       5.00
  core16_1/core4_5/s_w_6_reg_35_/CP (DFKCNQD1BWP40P140)
                                                          0.00       5.00 r
  library setup time                                     -0.04       4.96
  data required time                                                 4.96
  --------------------------------------------------------------------------
  data required time                                                 4.96
  data arrival time                                                 -4.96
  --------------------------------------------------------------------------
  slack (MET)                                                        0.00


1
