 
****************************************
Report : area
Design : core64_a24_b8_c24
Version: O-2018.06-SP5
Date   : Tue May 12 23:08:34 2026
****************************************

Library(s) Used:

    tcbn28hpcplusbwp40p140lvtssg0p81vm40c_ccs (File: /export1/Library/TN28HPC+/STD_CELL_ext/track9_200824/TSMCHOME/digital/Front_End/timing_power_noise/CCS/tcbn28hpcplusbwp40p140lvt_180a/tcbn28hpcplusbwp40p140lvtssg0p81vm40c_ccs.db)
    tcbn28hpcplusbwp40p140ssg0p81vm40c_ccs (File: /export1/Library/TN28HPC+/STD_CELL_ext/track9_200824/TSMCHOME/digital/Front_End/timing_power_noise/CCS/tcbn28hpcplusbwp40p140_180a/tcbn28hpcplusbwp40p140ssg0p81vm40c_ccs.db)
    tcbn28hpcplusbwp40p140hvtssg0p81vm40c_ccs (File: /export1/Library/TN28HPC+/STD_CELL_ext/track9_200824/TSMCHOME/digital/Front_End/timing_power_noise/CCS/tcbn28hpcplusbwp40p140hvt_180a/tcbn28hpcplusbwp40p140hvtssg0p81vm40c_ccs.db)

Number of ports:                       303482
Number of nets:                        878973
Number of cells:                       437549
Number of combinational cells:         399779
Number of sequential cells:             30366
Number of macros/black boxes:               0
Number of buf/inv:                      54459
Number of references:                      45

Combinational area:             509274.225893
Buf/Inv area:                    14828.184108
Noncombinational area:           61215.336984
Macro/Black Box area:                0.000000
Net Interconnect area:      undefined  (Wire load has zero net area)

Total cell area:                570489.562877
Total area:                 undefined

Area of detected synthetic parts
--------------------------------
                                                     Perc. of
  Module                Implem.  Count         Area cell area
  --------------------- -------  ----- ------------ ---------
  DP_OP_106J20_122_5351     str     28   53349.1655      9.4%
  DP_OP_106J21_122_4702     str     21   38237.5737      6.7%
  DP_OP_1681J3_122_2968     str      1   25499.4258      4.5%
  DP_OP_421J11_122_5430     str      4   28837.3057      5.1%
  DP_OP_421J12_122_2675     str      3   20391.0874      3.6%
  DP_OP_52J19_122_6887      str     16    2564.3508      0.4%
  DP_OP_52J22_128_102       str     16     919.2959      0.2%
  DP_OP_53J19_123_2684      str     16    3423.1658      0.6%
  DP_OP_53J21_123_8507      str     41    8006.9172      1.4%
  DP_OP_53J22_129_6763      str     16    1166.0035      0.2%
  DP_OP_53J27_122_4708      str     37    3999.6161      0.7%
  DP_OP_54J15_122_4589      str      4     692.4957      0.1%
  DP_OP_54J15_125_1287      str      1      57.4560      0.0%
  DP_OP_54J16_122_8893      str      4     761.5436      0.1%
  DP_OP_54J16_125_8975      str      1      57.4560      0.0%
  DP_OP_54J17_122_872       str      4     761.5436      0.1%
  DP_OP_54J17_125_5131      str      1      57.4560      0.0%
  DP_OP_54J18_122_624       str      2     346.2478      0.1%
  DP_OP_54J18_125_9213      str      1      57.4560      0.0%
  DP_OP_54J19_124_8373      str     16    3537.0699      0.6%
  DP_OP_54J19_125_2881      str      4     229.8240      0.0%
  DP_OP_54J20_126_5391      str      4     759.5276      0.1%
  DP_OP_54J20_129_194       str      4     281.2319      0.0%
  DP_OP_54J21_124_3738      str     41   11565.9105      2.0%
  DP_OP_54J21_126_7038      str      4     759.5276      0.1%
  DP_OP_54J21_129_7149      str      4     229.8240      0.0%
  DP_OP_54J22_122_594       str      1     194.6699      0.0%
  DP_OP_54J22_125_2840      str      1     102.4380      0.0%
  DP_OP_54J22_130_2528      str     16    1279.4036      0.2%
  DP_OP_54J23_122_53        str      1     115.6680      0.0%
  DP_OP_54J23_125_7977      str      4     371.9519      0.1%
  DP_OP_54J24_122_1008      str      1     105.3360      0.0%
  DP_OP_54J24_125_1053      str      4     371.4479      0.1%
  DP_OP_54J25_122_2735      str      2     229.4459      0.0%
  DP_OP_54J25_125_8201      str      4     358.3439      0.1%
  DP_OP_54J26_125_5295      str      4     358.3439      0.1%
  DP_OP_54J27_123_8292      str     37    6338.3005      1.1%
  DP_OP_54J27_125_6879      str      2     140.6160      0.0%
  DP_OP_54J28_122_8676      str      1     160.2719      0.0%
  DP_OP_54J29_122_9222      str      1     160.2719      0.0%
  DP_OP_54J30_122_1030      str      1     160.2719      0.0%
  DP_OP_54J31_122_3351      str      1     160.2719      0.0%
  DP_OP_54J32_122_4711      str      4     641.0877      0.1%
  DP_OP_54J33_122_2387      str      4     641.0877      0.1%
  DP_OP_55J15_123_1041      str      4     933.9114      0.2%
  DP_OP_55J15_126_1161      str      1      76.9860      0.0%
  DP_OP_55J16_123_92        str      4    1035.2153      0.2%
  DP_OP_55J16_126_8568      str      1      76.9860      0.0%
  DP_OP_55J17_123_7403      str      4    1035.2153      0.2%
  DP_OP_55J17_126_393       str      1      76.9860      0.0%
  DP_OP_55J18_123_8269      str      2     466.9557      0.1%
  DP_OP_55J18_126_9848      str      1      76.9860      0.0%
  DP_OP_55J19_126_9882      str      4     307.9439      0.1%
  DP_OP_55J20_123_7806      str      1     195.6779      0.0%
  DP_OP_55J20_127_1056      str      4    1045.2953      0.2%
  DP_OP_55J20_130_6727      str      4     375.4798      0.1%
  DP_OP_55J21_125_1305      str     41   11083.9604      1.9%
  DP_OP_55J21_127_8376      str      4    1045.2953      0.2%
  DP_OP_55J21_130_8220      str      4     307.9439      0.1%
  DP_OP_55J22_123_9137      str      1     275.6878      0.0%
  DP_OP_55J22_126_7954      str      1     136.0799      0.0%
  DP_OP_55J23_123_8509      str      1     161.4059      0.0%
  DP_OP_55J23_126_7780      str      4     487.3678      0.1%
  DP_OP_55J24_123_2382      str      1     138.7259      0.0%
  DP_OP_55J24_126_2451      str      4     487.3678      0.1%
  DP_OP_55J25_123_575       str      2     325.2058      0.1%
  DP_OP_55J25_126_1455      str      4     476.7838      0.1%
  DP_OP_55J26_122_736       str      1     118.5659      0.0%
  DP_OP_55J26_126_6412      str      4     476.7837      0.1%
  DP_OP_55J27_124_8043      str     37    5936.7389      1.0%
  DP_OP_55J27_126_3031      str      2     187.7399      0.0%
  DP_OP_55J28_123_1116      str      1     216.5939      0.0%
  DP_OP_55J29_123_7275      str      1     216.5939      0.0%
  DP_OP_55J30_123_2818      str      1     216.5939      0.0%
  DP_OP_55J31_123_2430      str      1     216.5939      0.0%
  DP_OP_55J32_123_8408      str      4     866.3754      0.2%
  DP_OP_55J33_123_8268      str      4     866.3754      0.2%
  DP_OP_56J15_124_6512      str      4     957.8514      0.2%
  DP_OP_56J15_127_9194      str      1      82.9080      0.0%
  DP_OP_56J16_124_3580      str      4    1055.8793      0.2%
  DP_OP_56J16_127_7693      str      1      82.9080      0.0%
  DP_OP_56J17_124_913       str      4    1055.8793      0.2%
  DP_OP_56J17_127_4961      str      1      82.9080      0.0%
  DP_OP_56J18_124_614       str      2     478.7997      0.1%
  DP_OP_56J18_127_3460      str      1      82.9080      0.0%
  DP_OP_56J19_127_2673      str      4     331.6319      0.1%
  DP_OP_56J20_124_3700      str      1     276.3178      0.0%
  DP_OP_56J20_128_3738      str      4    1041.7673      0.2%
  DP_OP_56J20_131_4045      str      4     399.4198      0.1%
  DP_OP_56J21_128_6512      str      4    1041.7673      0.2%
  DP_OP_56J21_131_9312      str      4     331.6319      0.1%
  DP_OP_56J22_124_1306      str      1     270.2698      0.0%
  DP_OP_56J22_127_8379      str      1     142.0019      0.0%
  DP_OP_56J23_124_9233      str      1     162.5399      0.0%
  DP_OP_56J23_127_5098      str      4     485.0998      0.1%
  DP_OP_56J24_124_6117      str      1     138.2219      0.0%
  DP_OP_56J24_127_8683      str      4     485.2258      0.1%
  DP_OP_56J25_124_2549      str      2     323.5679      0.1%
  DP_OP_56J25_127_8740      str      4     500.4717      0.1%
  DP_OP_56J26_123_5121      str      1     170.7299      0.0%
  DP_OP_56J26_127_6732      str      4     500.4717      0.1%
  DP_OP_56J27_127_9263      str      2     199.5840      0.0%
  DP_OP_56J28_124_7890      str      1     222.5159      0.0%
  DP_OP_56J29_124_8278      str      1     222.5159      0.0%
  DP_OP_56J30_124_2768      str      1     222.5159      0.0%
  DP_OP_56J31_124_6576      str      1     222.5159      0.0%
  DP_OP_56J32_124_9411      str      4     890.0635      0.2%
  DP_OP_56J33_124_2036      str      4     890.0635      0.2%
  DP_OP_57J20_125_9859      str      1     269.2618      0.0%
  DP_OP_57J26_124_6823      str      1     163.4219      0.0%
  DW_mult_tc            apparch    274  201675.8921     35.4%
  DW_mult_uns           apparch     69   42014.6600      7.4%
  --------------------- -------  ----- ------------ ---------
  DP_OP Subtotal:                  615  262169.7599     46.0%
  Total:                           958  505860.3120     88.7%

Subtotal of datapath(DP_OP) cell area:  262169.7599  46.0%  
Total synthetic cell area:              505860.3120  88.7%  

1
