Information: Updating design information... (UID-85)
 
****************************************
Report : qor
Design : core4_a36_b10_c36
Version: O-2018.06-SP5
Date   : Tue May 12 07:57:04 2026
****************************************


  Timing Path Group 'clk'
  -----------------------------------
  Levels of Logic:              54.00
  Critical Path Length:          4.45
  Critical Path Slack:           0.01
  Critical Path Clk Period:      5.00
  Total Negative Slack:          0.00
  No. of Violating Paths:        0.00
  Worst Hold Violation:          0.00
  Total Hold Violation:          0.00
  No. of Hold Violations:        0.00
  -----------------------------------


  Cell Count
  -----------------------------------
  Hierarchical Cell Count:         18
  Hierarchical Port Count:       3618
  Leaf Cell Count:               7233
  Buf/Inv Cell Count:             720
  Buf Cell Count:                  95
  Inv Cell Count:                 625
  CT Buf/Inv Cell Count:            0
  Combinational Cell Count:      6817
  Sequential Cell Count:          416
  Macro Count:                      0
  -----------------------------------


  Area
  -----------------------------------
  Combinational Area:     8610.839856
  Noncombinational Area:   838.656013
  Buf/Inv Area:            193.410002
  Total Buffer Area:            35.91
  Total Inverter Area:         157.50
  Macro/Black Box Area:      0.000000
  Net Area:                  0.000000
  -----------------------------------
  Cell Area:              9449.495870
  Design Area:            9449.495870


  Design Rules
  -----------------------------------
  Total Number of Nets:         10231
  Nets With Violations:             0
  Max Trans Violations:             0
  Max Cap Violations:               0
  -----------------------------------


  Hostname: inspur19

  Compile CPU Statistics
  -----------------------------------------
  Resource Sharing:                    0.00
  Logic Optimization:                  0.00
  Mapping Optimization:                0.00
  -----------------------------------------
  Overall Compile Time:              147.79
  Overall Compile Wall Clock Time:   372.95

  --------------------------------------------------------------------

  Design  WNS: 0.00  TNS: 0.00  Number of Violating Paths: 0


  Design (Hold)  WNS: 0.00  TNS: 0.00  Number of Violating Paths: 0

  --------------------------------------------------------------------


1
