 
****************************************
Report : timing
        -path full
        -delay max
        -nets
        -max_paths 1
        -transition_time
Design : core16_a24_b10_c24
Version: O-2018.06-SP5
Date   : Tue May 12 13:13:22 2026
****************************************

 # A fanout number of 1000 was used for high fanout net computations.

Operating Conditions: ssg0p81vm40c   Library: tcbn28hpcplusbwp40p140hvtssg0p81vm40c_ccs
Wire Load Model Mode: segmented

  Startpoint: io_b_15[0] (input port clocked by clk)
  Endpoint: core4_3/s_w_2_reg_29_
            (rising edge-triggered flip-flop clocked by clk)
  Path Group: clk
  Path Type: max

  Des/Clust/Port     Wire Load Model       Library
  ------------------------------------------------
  core16_a24_b10_c24 ZeroWireload          tcbn28hpcplusbwp40p140hvtssg0p81vm40c_ccs
  Eval_1_0_DP_OP_52J9_125_4583_J9_0_0 ZeroWireload tcbn28hpcplusbwp40p140hvtssg0p81vm40c_ccs
  Eval_1_0_DP_OP_53J9_126_8511_J9_0_0 ZeroWireload tcbn28hpcplusbwp40p140hvtssg0p81vm40c_ccs
  Eval_1_0_DP_OP_54J9_127_5286_J9_0_0 ZeroWireload tcbn28hpcplusbwp40p140hvtssg0p81vm40c_ccs
  core4_1_DW_mult_tc_J7_6_1 ZeroWireload   tcbn28hpcplusbwp40p140hvtssg0p81vm40c_ccs
  Eval_9_1_DP_OP_53J8_123_4457_J8_0_1 ZeroWireload tcbn28hpcplusbwp40p140hvtssg0p81vm40c_ccs
  Eval_9_1_DP_OP_54J8_124_110_J8_0_1 ZeroWireload tcbn28hpcplusbwp40p140hvtssg0p81vm40c_ccs
  Eval_9_1_DP_OP_55J8_125_5186_J8_0_1 ZeroWireload tcbn28hpcplusbwp40p140hvtssg0p81vm40c_ccs
  core4_1_DW_mult_tc_J7_4_1 ZeroWireload   tcbn28hpcplusbwp40p140hvtssg0p81vm40c_ccs

Attributes:
    d - dont_touch
    u - dont_use
   mo - map_only
   so - size_only
    i - ideal_net or ideal_network
  inf - infeasible path

  Point                                       Fanout     Trans      Incr       Path      Attributes
  ---------------------------------------------------------------------------------------------------------
  clock clk (rise edge)                                             0.00       0.00
  clock network delay (ideal)                                       0.00       0.00
  input external delay                                              0.50       0.50 r
  io_b_15[0] (in)                                         0.00      0.00       0.50 r
  io_b_15[0] (net)                              1                   0.00       0.50 r
  evalB_3/io_in_3[0] (Eval_1_0)                                     0.00       0.50 r
  evalB_3/io_in_3[0] (net)                                          0.00       0.50 r
  evalB_3/U27/ZN (CKND0BWP40P140)                         0.01      0.01       0.51 f
  evalB_3/n5 (net)                              1                   0.00       0.51 f
  evalB_3/U26/ZN (CKND0BWP40P140)                         0.06      0.04       0.55 r
  evalB_3/io_out_0[0] (net)                     4                   0.00       0.55 r
  evalB_3/DP_OP_53J9_126_8511/I4[0] (Eval_1_0_DP_OP_53J9_126_8511_J9_0_0)     0.00     0.55 r
  evalB_3/DP_OP_53J9_126_8511/I4[0] (net)                           0.00       0.55 r
  evalB_3/DP_OP_53J9_126_8511/U60/CO (HA1D0BWP40P140)     0.02      0.06       0.60 r
  evalB_3/DP_OP_53J9_126_8511/n158 (net)        1                   0.00       0.60 r
  evalB_3/DP_OP_53J9_126_8511/U64/S (FA1D0BWP40P140)      0.03      0.11       0.71 f
  evalB_3/DP_OP_53J9_126_8511/n179 (net)        2                   0.00       0.71 f
  evalB_3/DP_OP_53J9_126_8511/U102/ZN (CKND0BWP40P140)     0.03     0.03       0.75 r
  evalB_3/DP_OP_53J9_126_8511/n211 (net)        1                   0.00       0.75 r
  evalB_3/DP_OP_53J9_126_8511/U112/S (FA1D0BWP40P140)     0.02      0.10       0.85 f
  evalB_3/DP_OP_53J9_126_8511/O2[1] (net)       1                   0.00       0.85 f
  evalB_3/DP_OP_53J9_126_8511/O2[1] (Eval_1_0_DP_OP_53J9_126_8511_J9_0_0)     0.00     0.85 f
  evalB_3/io_out_3[1] (net)                                         0.00       0.85 f
  evalB_3/io_out_3[1] (Eval_1_0)                                    0.00       0.85 f
  evalB_3_io_out_3[1] (net)                                         0.00       0.85 f
  core4_3/io_b_3[1] (core4_3)                                       0.00       0.85 f
  core4_3/io_b_3[1] (net)                                           0.00       0.85 f
  core4_3/evalB/io_in_3[1] (Eval_9_3)                               0.00       0.85 f
  core4_3/evalB/io_in_3[1] (net)                                    0.00       0.85 f
  core4_3/evalB/U47/ZN (CKND0BWP40P140)                   0.01      0.02       0.86 r
  core4_3/evalB/n7 (net)                        1                   0.00       0.86 r
  core4_3/evalB/U31/ZN (CKND0BWP40P140)                   0.24      0.14       1.00 f
  core4_3/evalB/io_out_0[1] (net)              35                   0.00       1.00 f
  core4_3/evalB/DP_OP_54J8_124_110/I4[1] (Eval_9_1_DP_OP_54J8_124_110_J8_0_1)     0.00     1.00 f
  core4_3/evalB/DP_OP_54J8_124_110/I4[1] (net)                      0.00       1.00 f
  core4_3/evalB/DP_OP_54J8_124_110/U158/S (FA1D0BWP40P140)     0.04     0.22     1.22 r
  core4_3/evalB/DP_OP_54J8_124_110/n367 (net)     2                 0.00       1.22 r
  core4_3/evalB/DP_OP_54J8_124_110/U193/S (FA1D0BWP40P140)     0.19     0.19     1.41 r
  core4_3/evalB/DP_OP_54J8_124_110/O1[1] (net)    32                0.00       1.41 r
  core4_3/evalB/DP_OP_54J8_124_110/O1[1] (Eval_9_1_DP_OP_54J8_124_110_J8_0_1)     0.00     1.41 r
  core4_3/evalB/io_out_2[1] (net)                                   0.00       1.41 r
  core4_3/evalB/io_out_2[1] (Eval_9_3)                              0.00       1.41 r
  core4_3/evalB_io_out_2[1] (net)                                   0.00       1.41 r
  core4_3/mult_x_3/b[1] (core4_1_DW_mult_tc_J7_4_1)                 0.00       1.41 r
  core4_3/mult_x_3/b[1] (net)                                       0.00       1.41 r
  core4_3/mult_x_3/U821/ZN (CKND0BWP40P140)               0.33      0.27       1.68 f
  core4_3/mult_x_3/n1705 (net)                 59                   0.00       1.68 f
  core4_3/mult_x_3/U847/ZN (AOI22D0BWP40P140)             0.09      0.19       1.87 r
  core4_3/mult_x_3/n1739 (net)                  4                   0.00       1.87 r
  core4_3/mult_x_3/U848/ZN (CKND0BWP40P140)               0.18      0.14       2.01 f
  core4_3/mult_x_3/n1732 (net)                 28                   0.00       2.01 f
  core4_3/mult_x_3/U884/ZN (AOI221D0BWP40P140)            0.36      0.30       2.31 r
  core4_3/mult_x_3/n1743 (net)                 27                   0.00       2.31 r
  core4_3/mult_x_3/U815/Z (AO22D0BWP40P140)               0.04      0.13       2.44 r
  core4_3/mult_x_3/n1598 (net)                  1                   0.00       2.44 r
  core4_3/mult_x_3/U1356/S (HA1D0BWP40P140)               0.03      0.05       2.49 r
  core4_3/mult_x_3/n1677 (net)                  1                   0.00       2.49 r
  core4_3/mult_x_3/U1387/CO (FA1D0BWP40P140)              0.03      0.07       2.56 r
  core4_3/mult_x_3/n1673 (net)                  1                   0.00       2.56 r
  core4_3/mult_x_3/U1386/CO (FA1D0BWP40P140)              0.03      0.07       2.64 r
  core4_3/mult_x_3/n1670 (net)                  1                   0.00       2.64 r
  core4_3/mult_x_3/U1385/CO (FA1D0BWP40P140)              0.03      0.07       2.71 r
  core4_3/mult_x_3/n1667 (net)                  1                   0.00       2.71 r
  core4_3/mult_x_3/U1384/CO (FA1D0BWP40P140)              0.03      0.07       2.78 r
  core4_3/mult_x_3/n1664 (net)                  1                   0.00       2.78 r
  core4_3/mult_x_3/U1383/CO (FA1D0BWP40P140)              0.03      0.07       2.86 r
  core4_3/mult_x_3/n1661 (net)                  1                   0.00       2.86 r
  core4_3/mult_x_3/U1382/CO (FA1D0BWP40P140)              0.03      0.07       2.93 r
  core4_3/mult_x_3/n1658 (net)                  1                   0.00       2.93 r
  core4_3/mult_x_3/U1381/CO (FA1D0BWP40P140)              0.03      0.07       3.01 r
  core4_3/mult_x_3/n1655 (net)                  1                   0.00       3.01 r
  core4_3/mult_x_3/U1380/CO (FA1D0BWP40P140)              0.03      0.07       3.08 r
  core4_3/mult_x_3/n1652 (net)                  1                   0.00       3.08 r
  core4_3/mult_x_3/U1379/CO (FA1D0BWP40P140)              0.03      0.07       3.15 r
  core4_3/mult_x_3/n1649 (net)                  1                   0.00       3.15 r
  core4_3/mult_x_3/U1378/CO (FA1D0BWP40P140)              0.03      0.07       3.23 r
  core4_3/mult_x_3/n1646 (net)                  1                   0.00       3.23 r
  core4_3/mult_x_3/U1377/CO (FA1D0BWP40P140)              0.03      0.07       3.30 r
  core4_3/mult_x_3/n1643 (net)                  1                   0.00       3.30 r
  core4_3/mult_x_3/U1376/CO (FA1D0BWP40P140)              0.03      0.07       3.38 r
  core4_3/mult_x_3/n1640 (net)                  1                   0.00       3.38 r
  core4_3/mult_x_3/U1375/CO (FA1D0BWP40P140)              0.03      0.07       3.45 r
  core4_3/mult_x_3/n1637 (net)                  1                   0.00       3.45 r
  core4_3/mult_x_3/U1374/CO (FA1D0BWP40P140)              0.03      0.07       3.52 r
  core4_3/mult_x_3/n1634 (net)                  1                   0.00       3.52 r
  core4_3/mult_x_3/U1373/CO (FA1D0BWP40P140)              0.03      0.07       3.60 r
  core4_3/mult_x_3/n1631 (net)                  1                   0.00       3.60 r
  core4_3/mult_x_3/U1372/CO (FA1D0BWP40P140)              0.03      0.07       3.67 r
  core4_3/mult_x_3/n1628 (net)                  1                   0.00       3.67 r
  core4_3/mult_x_3/U1371/CO (FA1D0BWP40P140)              0.03      0.07       3.75 r
  core4_3/mult_x_3/n1625 (net)                  1                   0.00       3.75 r
  core4_3/mult_x_3/U1370/CO (FA1D0BWP40P140)              0.03      0.07       3.82 r
  core4_3/mult_x_3/n1622 (net)                  1                   0.00       3.82 r
  core4_3/mult_x_3/U1369/CO (FA1D0BWP40P140)              0.03      0.07       3.89 r
  core4_3/mult_x_3/n1619 (net)                  1                   0.00       3.89 r
  core4_3/mult_x_3/U1368/CO (FA1D0BWP40P140)              0.03      0.07       3.97 r
  core4_3/mult_x_3/n1616 (net)                  1                   0.00       3.97 r
  core4_3/mult_x_3/U1367/CO (FA1D0BWP40P140)              0.03      0.07       4.04 r
  core4_3/mult_x_3/n1613 (net)                  1                   0.00       4.04 r
  core4_3/mult_x_3/U1366/CO (FA1D0BWP40P140)              0.03      0.07       4.12 r
  core4_3/mult_x_3/n1610 (net)                  1                   0.00       4.12 r
  core4_3/mult_x_3/U1365/CO (FA1D0BWP40P140)              0.03      0.07       4.19 r
  core4_3/mult_x_3/n1607 (net)                  1                   0.00       4.19 r
  core4_3/mult_x_3/U1364/CO (FA1D0BWP40P140)              0.03      0.07       4.26 r
  core4_3/mult_x_3/n1736 (net)                  1                   0.00       4.26 r
  core4_3/mult_x_3/U1415/CO (FA1D0BWP40P140)              0.03      0.07       4.34 r
  core4_3/mult_x_3/n1814 (net)                  1                   0.00       4.34 r
  core4_3/mult_x_3/U1440/CO (FA1D0BWP40P140)              0.02      0.07       4.40 r
  core4_3/mult_x_3/n1821 (net)                  1                   0.00       4.40 r
  core4_3/mult_x_3/U767/Z (XOR4D0BWP40P140)               0.02      0.12       4.52 f
  core4_3/mult_x_3/n1831 (net)                  1                   0.00       4.52 f
  core4_3/mult_x_3/U766/Z (XOR4D0BWP40P140)               0.03      0.11       4.63 r
  core4_3/mult_x_3/n1838 (net)                  1                   0.00       4.63 r
  core4_3/mult_x_3/U891/Z (XOR4D0BWP40P140)               0.03      0.13       4.76 f
  core4_3/mult_x_3/n1841 (net)                  1                   0.00       4.76 f
  core4_3/mult_x_3/U794/Z (XOR4D0BWP40P140)               0.03      0.10       4.86 r
  core4_3/mult_x_3/product[29] (net)            1                   0.00       4.86 r
  core4_3/mult_x_3/product[29] (core4_1_DW_mult_tc_J7_4_1)          0.00       4.86 r
  core4_3/n_w_2_T_1[29] (net)                                       0.00       4.86 r
  core4_3/s_w_2_reg_29_/D (DFKCNQD1BWP40P140)             0.03      0.00       4.86 r
  data arrival time                                                            4.86

  clock clk (rise edge)                                             5.00       5.00
  clock network delay (ideal)                                       0.00       5.00
  core4_3/s_w_2_reg_29_/CP (DFKCNQD1BWP40P140)                      0.00       5.00 r
  library setup time                                               -0.04       4.96
  data required time                                                           4.96
  ---------------------------------------------------------------------------------------------------------
  data required time                                                           4.96
  data arrival time                                                           -4.86
  ---------------------------------------------------------------------------------------------------------
  slack (MET)                                                                  0.10


1
