 
****************************************
Report : constraint
        -all_violators
        -verbose
Design : core4_a36_b12_c36
Version: O-2018.06-SP5
Date   : Tue May 12 08:41:31 2026
****************************************


    Net: io_c_0[0]

    Capacitance            0.00
  - min_capacitance        0.00
  ------------------------------
    Slack                  0.00  (VIOLATED: increase significant digits)


    Net: io_c_0[1]

    Capacitance            0.00
  - min_capacitance        0.00
  ------------------------------
    Slack                  0.00  (VIOLATED: increase significant digits)


    Net: io_c_0[2]

    Capacitance            0.00
  - min_capacitance        0.00
  ------------------------------
    Slack                  0.00  (VIOLATED: increase significant digits)


    Net: io_c_0[3]

    Capacitance            0.00
  - min_capacitance        0.00
  ------------------------------
    Slack                  0.00  (VIOLATED: increase significant digits)


    Net: io_c_0[4]

    Capacitance            0.00
  - min_capacitance        0.00
  ------------------------------
    Slack                  0.00  (VIOLATED: increase significant digits)


    Net: io_c_0[5]

    Capacitance            0.00
  - min_capacitance        0.00
  ------------------------------
    Slack                  0.00  (VIOLATED: increase significant digits)


    Net: io_c_0[6]

    Capacitance            0.00
  - min_capacitance        0.00
  ------------------------------
    Slack                  0.00  (VIOLATED: increase significant digits)


    Net: io_c_0[7]

    Capacitance            0.00
  - min_capacitance        0.00
  ------------------------------
    Slack                  0.00  (VIOLATED: increase significant digits)


    Net: io_c_0[8]

    Capacitance            0.00
  - min_capacitance        0.00
  ------------------------------
    Slack                  0.00  (VIOLATED: increase significant digits)


    Net: io_c_0[9]

    Capacitance            0.00
  - min_capacitance        0.00
  ------------------------------
    Slack                  0.00  (VIOLATED: increase significant digits)


    Net: io_c_0[10]

    Capacitance            0.00
  - min_capacitance        0.00
  ------------------------------
    Slack                  0.00  (VIOLATED: increase significant digits)


    Net: io_c_0[11]

    Capacitance            0.00
  - min_capacitance        0.00
  ------------------------------
    Slack                  0.00  (VIOLATED: increase significant digits)


    Net: io_c_0[12]

    Capacitance            0.00
  - min_capacitance        0.00
  ------------------------------
    Slack                  0.00  (VIOLATED: increase significant digits)


    Net: io_c_0[13]

    Capacitance            0.00
  - min_capacitance        0.00
  ------------------------------
    Slack                  0.00  (VIOLATED: increase significant digits)


    Net: io_c_0[14]

    Capacitance            0.00
  - min_capacitance        0.00
  ------------------------------
    Slack                  0.00  (VIOLATED: increase significant digits)


    Net: io_c_0[15]

    Capacitance            0.00
  - min_capacitance        0.00
  ------------------------------
    Slack                  0.00  (VIOLATED: increase significant digits)


    Net: io_c_0[16]

    Capacitance            0.00
  - min_capacitance        0.00
  ------------------------------
    Slack                  0.00  (VIOLATED: increase significant digits)


    Net: io_c_0[17]

    Capacitance            0.00
  - min_capacitance        0.00
  ------------------------------
    Slack                  0.00  (VIOLATED: increase significant digits)


    Net: io_c_0[18]

    Capacitance            0.00
  - min_capacitance        0.00
  ------------------------------
    Slack                  0.00  (VIOLATED: increase significant digits)


    Net: io_c_0[19]

    Capacitance            0.00
  - min_capacitance        0.00
  ------------------------------
    Slack                  0.00  (VIOLATED: increase significant digits)


    Net: io_c_0[20]

    Capacitance            0.00
  - min_capacitance        0.00
  ------------------------------
    Slack                  0.00  (VIOLATED: increase significant digits)


    Net: io_c_0[21]

    Capacitance            0.00
  - min_capacitance        0.00
  ------------------------------
    Slack                  0.00  (VIOLATED: increase significant digits)


    Net: io_c_0[22]

    Capacitance            0.00
  - min_capacitance        0.00
  ------------------------------
    Slack                  0.00  (VIOLATED: increase significant digits)


    Net: io_c_0[23]

    Capacitance            0.00
  - min_capacitance        0.00
  ------------------------------
    Slack                  0.00  (VIOLATED: increase significant digits)


    Net: io_c_0[24]

    Capacitance            0.00
  - min_capacitance        0.00
  ------------------------------
    Slack                  0.00  (VIOLATED: increase significant digits)


    Net: io_c_0[25]

    Capacitance            0.00
  - min_capacitance        0.00
  ------------------------------
    Slack                  0.00  (VIOLATED: increase significant digits)


    Net: io_c_0[26]

    Capacitance            0.00
  - min_capacitance        0.00
  ------------------------------
    Slack                  0.00  (VIOLATED: increase significant digits)


    Net: io_c_0[27]

    Capacitance            0.00
  - min_capacitance        0.00
  ------------------------------
    Slack                  0.00  (VIOLATED: increase significant digits)


    Net: io_c_0[28]

    Capacitance            0.00
  - min_capacitance        0.00
  ------------------------------
    Slack                  0.00  (VIOLATED: increase significant digits)


    Net: io_c_0[29]

    Capacitance            0.00
  - min_capacitance        0.00
  ------------------------------
    Slack                  0.00  (VIOLATED: increase significant digits)


    Net: io_c_0[30]

    Capacitance            0.00
  - min_capacitance        0.00
  ------------------------------
    Slack                  0.00  (VIOLATED: increase significant digits)


    Net: io_c_0[31]

    Capacitance            0.00
  - min_capacitance        0.00
  ------------------------------
    Slack                  0.00  (VIOLATED: increase significant digits)


    Net: io_c_0[32]

    Capacitance            0.00
  - min_capacitance        0.00
  ------------------------------
    Slack                  0.00  (VIOLATED: increase significant digits)


    Net: io_c_0[33]

    Capacitance            0.00
  - min_capacitance        0.00
  ------------------------------
    Slack                  0.00  (VIOLATED: increase significant digits)


    Net: io_c_0[34]

    Capacitance            0.00
  - min_capacitance        0.00
  ------------------------------
    Slack                  0.00  (VIOLATED: increase significant digits)


    Net: io_c_0[35]

    Capacitance            0.00
  - min_capacitance        0.00
  ------------------------------
    Slack                  0.00  (VIOLATED: increase significant digits)


    Net: io_c_1[0]

    Capacitance            0.00
  - min_capacitance        0.00
  ------------------------------
    Slack                  0.00  (VIOLATED: increase significant digits)


    Net: io_c_1[1]

    Capacitance            0.00
  - min_capacitance        0.00
  ------------------------------
    Slack                  0.00  (VIOLATED: increase significant digits)


    Net: io_c_1[2]

    Capacitance            0.00
  - min_capacitance        0.00
  ------------------------------
    Slack                  0.00  (VIOLATED: increase significant digits)


    Net: io_c_1[3]

    Capacitance            0.00
  - min_capacitance        0.00
  ------------------------------
    Slack                  0.00  (VIOLATED: increase significant digits)


    Net: io_c_1[4]

    Capacitance            0.00
  - min_capacitance        0.00
  ------------------------------
    Slack                  0.00  (VIOLATED: increase significant digits)


    Net: io_c_1[5]

    Capacitance            0.00
  - min_capacitance        0.00
  ------------------------------
    Slack                  0.00  (VIOLATED: increase significant digits)


    Net: io_c_1[6]

    Capacitance            0.00
  - min_capacitance        0.00
  ------------------------------
    Slack                  0.00  (VIOLATED: increase significant digits)


    Net: io_c_1[7]

    Capacitance            0.00
  - min_capacitance        0.00
  ------------------------------
    Slack                  0.00  (VIOLATED: increase significant digits)


    Net: io_c_1[8]

    Capacitance            0.00
  - min_capacitance        0.00
  ------------------------------
    Slack                  0.00  (VIOLATED: increase significant digits)


    Net: io_c_1[9]

    Capacitance            0.00
  - min_capacitance        0.00
  ------------------------------
    Slack                  0.00  (VIOLATED: increase significant digits)


    Net: io_c_1[10]

    Capacitance            0.00
  - min_capacitance        0.00
  ------------------------------
    Slack                  0.00  (VIOLATED: increase significant digits)


    Net: io_c_1[11]

    Capacitance            0.00
  - min_capacitance        0.00
  ------------------------------
    Slack                  0.00  (VIOLATED: increase significant digits)


    Net: io_c_1[12]

    Capacitance            0.00
  - min_capacitance        0.00
  ------------------------------
    Slack                  0.00  (VIOLATED: increase significant digits)


    Net: io_c_1[13]

    Capacitance            0.00
  - min_capacitance        0.00
  ------------------------------
    Slack                  0.00  (VIOLATED: increase significant digits)


    Net: io_c_1[14]

    Capacitance            0.00
  - min_capacitance        0.00
  ------------------------------
    Slack                  0.00  (VIOLATED: increase significant digits)


    Net: io_c_1[15]

    Capacitance            0.00
  - min_capacitance        0.00
  ------------------------------
    Slack                  0.00  (VIOLATED: increase significant digits)


    Net: io_c_1[16]

    Capacitance            0.00
  - min_capacitance        0.00
  ------------------------------
    Slack                  0.00  (VIOLATED: increase significant digits)


    Net: io_c_1[17]

    Capacitance            0.00
  - min_capacitance        0.00
  ------------------------------
    Slack                  0.00  (VIOLATED: increase significant digits)


    Net: io_c_1[18]

    Capacitance            0.00
  - min_capacitance        0.00
  ------------------------------
    Slack                  0.00  (VIOLATED: increase significant digits)


    Net: io_c_1[19]

    Capacitance            0.00
  - min_capacitance        0.00
  ------------------------------
    Slack                  0.00  (VIOLATED: increase significant digits)


    Net: io_c_1[20]

    Capacitance            0.00
  - min_capacitance        0.00
  ------------------------------
    Slack                  0.00  (VIOLATED: increase significant digits)


    Net: io_c_1[21]

    Capacitance            0.00
  - min_capacitance        0.00
  ------------------------------
    Slack                  0.00  (VIOLATED: increase significant digits)


    Net: io_c_1[22]

    Capacitance            0.00
  - min_capacitance        0.00
  ------------------------------
    Slack                  0.00  (VIOLATED: increase significant digits)


    Net: io_c_1[23]

    Capacitance            0.00
  - min_capacitance        0.00
  ------------------------------
    Slack                  0.00  (VIOLATED: increase significant digits)


    Net: io_c_1[24]

    Capacitance            0.00
  - min_capacitance        0.00
  ------------------------------
    Slack                  0.00  (VIOLATED: increase significant digits)


    Net: io_c_1[25]

    Capacitance            0.00
  - min_capacitance        0.00
  ------------------------------
    Slack                  0.00  (VIOLATED: increase significant digits)


    Net: io_c_1[26]

    Capacitance            0.00
  - min_capacitance        0.00
  ------------------------------
    Slack                  0.00  (VIOLATED: increase significant digits)


    Net: io_c_1[27]

    Capacitance            0.00
  - min_capacitance        0.00
  ------------------------------
    Slack                  0.00  (VIOLATED: increase significant digits)


    Net: io_c_1[28]

    Capacitance            0.00
  - min_capacitance        0.00
  ------------------------------
    Slack                  0.00  (VIOLATED: increase significant digits)


    Net: io_c_1[29]

    Capacitance            0.00
  - min_capacitance        0.00
  ------------------------------
    Slack                  0.00  (VIOLATED: increase significant digits)


    Net: io_c_1[30]

    Capacitance            0.00
  - min_capacitance        0.00
  ------------------------------
    Slack                  0.00  (VIOLATED: increase significant digits)


    Net: io_c_1[31]

    Capacitance            0.00
  - min_capacitance        0.00
  ------------------------------
    Slack                  0.00  (VIOLATED: increase significant digits)


    Net: io_c_1[32]

    Capacitance            0.00
  - min_capacitance        0.00
  ------------------------------
    Slack                  0.00  (VIOLATED: increase significant digits)


    Net: io_c_1[33]

    Capacitance            0.00
  - min_capacitance        0.00
  ------------------------------
    Slack                  0.00  (VIOLATED: increase significant digits)


    Net: io_c_1[34]

    Capacitance            0.00
  - min_capacitance        0.00
  ------------------------------
    Slack                  0.00  (VIOLATED: increase significant digits)


    Net: io_c_1[35]

    Capacitance            0.00
  - min_capacitance        0.00
  ------------------------------
    Slack                  0.00  (VIOLATED: increase significant digits)


    Net: io_c_2[0]

    Capacitance            0.00
  - min_capacitance        0.00
  ------------------------------
    Slack                  0.00  (VIOLATED: increase significant digits)


    Net: io_c_2[1]

    Capacitance            0.00
  - min_capacitance        0.00
  ------------------------------
    Slack                  0.00  (VIOLATED: increase significant digits)


    Net: io_c_2[2]

    Capacitance            0.00
  - min_capacitance        0.00
  ------------------------------
    Slack                  0.00  (VIOLATED: increase significant digits)


    Net: io_c_2[3]

    Capacitance            0.00
  - min_capacitance        0.00
  ------------------------------
    Slack                  0.00  (VIOLATED: increase significant digits)


    Net: io_c_2[4]

    Capacitance            0.00
  - min_capacitance        0.00
  ------------------------------
    Slack                  0.00  (VIOLATED: increase significant digits)


    Net: io_c_2[5]

    Capacitance            0.00
  - min_capacitance        0.00
  ------------------------------
    Slack                  0.00  (VIOLATED: increase significant digits)


    Net: io_c_2[6]

    Capacitance            0.00
  - min_capacitance        0.00
  ------------------------------
    Slack                  0.00  (VIOLATED: increase significant digits)


    Net: io_c_2[7]

    Capacitance            0.00
  - min_capacitance        0.00
  ------------------------------
    Slack                  0.00  (VIOLATED: increase significant digits)


    Net: io_c_2[8]

    Capacitance            0.00
  - min_capacitance        0.00
  ------------------------------
    Slack                  0.00  (VIOLATED: increase significant digits)


    Net: io_c_2[9]

    Capacitance            0.00
  - min_capacitance        0.00
  ------------------------------
    Slack                  0.00  (VIOLATED: increase significant digits)


    Net: io_c_2[10]

    Capacitance            0.00
  - min_capacitance        0.00
  ------------------------------
    Slack                  0.00  (VIOLATED: increase significant digits)


    Net: io_c_2[11]

    Capacitance            0.00
  - min_capacitance        0.00
  ------------------------------
    Slack                  0.00  (VIOLATED: increase significant digits)


    Net: io_c_2[12]

    Capacitance            0.00
  - min_capacitance        0.00
  ------------------------------
    Slack                  0.00  (VIOLATED: increase significant digits)


    Net: io_c_2[13]

    Capacitance            0.00
  - min_capacitance        0.00
  ------------------------------
    Slack                  0.00  (VIOLATED: increase significant digits)


    Net: io_c_2[14]

    Capacitance            0.00
  - min_capacitance        0.00
  ------------------------------
    Slack                  0.00  (VIOLATED: increase significant digits)


    Net: io_c_2[15]

    Capacitance            0.00
  - min_capacitance        0.00
  ------------------------------
    Slack                  0.00  (VIOLATED: increase significant digits)


    Net: io_c_2[16]

    Capacitance            0.00
  - min_capacitance        0.00
  ------------------------------
    Slack                  0.00  (VIOLATED: increase significant digits)


    Net: io_c_2[17]

    Capacitance            0.00
  - min_capacitance        0.00
  ------------------------------
    Slack                  0.00  (VIOLATED: increase significant digits)


    Net: io_c_2[18]

    Capacitance            0.00
  - min_capacitance        0.00
  ------------------------------
    Slack                  0.00  (VIOLATED: increase significant digits)


    Net: io_c_2[19]

    Capacitance            0.00
  - min_capacitance        0.00
  ------------------------------
    Slack                  0.00  (VIOLATED: increase significant digits)


    Net: io_c_2[20]

    Capacitance            0.00
  - min_capacitance        0.00
  ------------------------------
    Slack                  0.00  (VIOLATED: increase significant digits)


    Net: io_c_2[21]

    Capacitance            0.00
  - min_capacitance        0.00
  ------------------------------
    Slack                  0.00  (VIOLATED: increase significant digits)


    Net: io_c_2[22]

    Capacitance            0.00
  - min_capacitance        0.00
  ------------------------------
    Slack                  0.00  (VIOLATED: increase significant digits)


    Net: io_c_2[23]

    Capacitance            0.00
  - min_capacitance        0.00
  ------------------------------
    Slack                  0.00  (VIOLATED: increase significant digits)


    Net: io_c_2[24]

    Capacitance            0.00
  - min_capacitance        0.00
  ------------------------------
    Slack                  0.00  (VIOLATED: increase significant digits)


    Net: io_c_2[25]

    Capacitance            0.00
  - min_capacitance        0.00
  ------------------------------
    Slack                  0.00  (VIOLATED: increase significant digits)


    Net: io_c_2[26]

    Capacitance            0.00
  - min_capacitance        0.00
  ------------------------------
    Slack                  0.00  (VIOLATED: increase significant digits)


    Net: io_c_2[27]

    Capacitance            0.00
  - min_capacitance        0.00
  ------------------------------
    Slack                  0.00  (VIOLATED: increase significant digits)


    Net: io_c_2[28]

    Capacitance            0.00
  - min_capacitance        0.00
  ------------------------------
    Slack                  0.00  (VIOLATED: increase significant digits)


    Net: io_c_2[29]

    Capacitance            0.00
  - min_capacitance        0.00
  ------------------------------
    Slack                  0.00  (VIOLATED: increase significant digits)


    Net: io_c_2[30]

    Capacitance            0.00
  - min_capacitance        0.00
  ------------------------------
    Slack                  0.00  (VIOLATED: increase significant digits)


    Net: io_c_2[31]

    Capacitance            0.00
  - min_capacitance        0.00
  ------------------------------
    Slack                  0.00  (VIOLATED: increase significant digits)


    Net: io_c_2[32]

    Capacitance            0.00
  - min_capacitance        0.00
  ------------------------------
    Slack                  0.00  (VIOLATED: increase significant digits)


    Net: io_c_2[33]

    Capacitance            0.00
  - min_capacitance        0.00
  ------------------------------
    Slack                  0.00  (VIOLATED: increase significant digits)


    Net: io_c_2[34]

    Capacitance            0.00
  - min_capacitance        0.00
  ------------------------------
    Slack                  0.00  (VIOLATED: increase significant digits)


    Net: io_c_2[35]

    Capacitance            0.00
  - min_capacitance        0.00
  ------------------------------
    Slack                  0.00  (VIOLATED: increase significant digits)


    Net: io_c_3[0]

    Capacitance            0.00
  - min_capacitance        0.00
  ------------------------------
    Slack                  0.00  (VIOLATED: increase significant digits)


    Net: io_c_3[1]

    Capacitance            0.00
  - min_capacitance        0.00
  ------------------------------
    Slack                  0.00  (VIOLATED: increase significant digits)


    Net: io_c_3[2]

    Capacitance            0.00
  - min_capacitance        0.00
  ------------------------------
    Slack                  0.00  (VIOLATED: increase significant digits)


    Net: io_c_3[3]

    Capacitance            0.00
  - min_capacitance        0.00
  ------------------------------
    Slack                  0.00  (VIOLATED: increase significant digits)


    Net: io_c_3[4]

    Capacitance            0.00
  - min_capacitance        0.00
  ------------------------------
    Slack                  0.00  (VIOLATED: increase significant digits)


    Net: io_c_3[5]

    Capacitance            0.00
  - min_capacitance        0.00
  ------------------------------
    Slack                  0.00  (VIOLATED: increase significant digits)


    Net: io_c_3[6]

    Capacitance            0.00
  - min_capacitance        0.00
  ------------------------------
    Slack                  0.00  (VIOLATED: increase significant digits)


    Net: io_c_3[7]

    Capacitance            0.00
  - min_capacitance        0.00
  ------------------------------
    Slack                  0.00  (VIOLATED: increase significant digits)


    Net: io_c_3[8]

    Capacitance            0.00
  - min_capacitance        0.00
  ------------------------------
    Slack                  0.00  (VIOLATED: increase significant digits)


    Net: io_c_3[9]

    Capacitance            0.00
  - min_capacitance        0.00
  ------------------------------
    Slack                  0.00  (VIOLATED: increase significant digits)


    Net: io_c_3[10]

    Capacitance            0.00
  - min_capacitance        0.00
  ------------------------------
    Slack                  0.00  (VIOLATED: increase significant digits)


    Net: io_c_3[11]

    Capacitance            0.00
  - min_capacitance        0.00
  ------------------------------
    Slack                  0.00  (VIOLATED: increase significant digits)


    Net: io_c_3[12]

    Capacitance            0.00
  - min_capacitance        0.00
  ------------------------------
    Slack                  0.00  (VIOLATED: increase significant digits)


    Net: io_c_3[13]

    Capacitance            0.00
  - min_capacitance        0.00
  ------------------------------
    Slack                  0.00  (VIOLATED: increase significant digits)


    Net: io_c_3[14]

    Capacitance            0.00
  - min_capacitance        0.00
  ------------------------------
    Slack                  0.00  (VIOLATED: increase significant digits)


    Net: io_c_3[15]

    Capacitance            0.00
  - min_capacitance        0.00
  ------------------------------
    Slack                  0.00  (VIOLATED: increase significant digits)


    Net: io_c_3[16]

    Capacitance            0.00
  - min_capacitance        0.00
  ------------------------------
    Slack                  0.00  (VIOLATED: increase significant digits)


    Net: io_c_3[17]

    Capacitance            0.00
  - min_capacitance        0.00
  ------------------------------
    Slack                  0.00  (VIOLATED: increase significant digits)


    Net: io_c_3[18]

    Capacitance            0.00
  - min_capacitance        0.00
  ------------------------------
    Slack                  0.00  (VIOLATED: increase significant digits)


    Net: io_c_3[19]

    Capacitance            0.00
  - min_capacitance        0.00
  ------------------------------
    Slack                  0.00  (VIOLATED: increase significant digits)


    Net: io_c_3[20]

    Capacitance            0.00
  - min_capacitance        0.00
  ------------------------------
    Slack                  0.00  (VIOLATED: increase significant digits)


    Net: io_c_3[21]

    Capacitance            0.00
  - min_capacitance        0.00
  ------------------------------
    Slack                  0.00  (VIOLATED: increase significant digits)


    Net: io_c_3[22]

    Capacitance            0.00
  - min_capacitance        0.00
  ------------------------------
    Slack                  0.00  (VIOLATED: increase significant digits)


    Net: io_c_3[23]

    Capacitance            0.00
  - min_capacitance        0.00
  ------------------------------
    Slack                  0.00  (VIOLATED: increase significant digits)


    Net: io_c_3[24]

    Capacitance            0.00
  - min_capacitance        0.00
  ------------------------------
    Slack                  0.00  (VIOLATED: increase significant digits)


    Net: io_c_3[25]

    Capacitance            0.00
  - min_capacitance        0.00
  ------------------------------
    Slack                  0.00  (VIOLATED: increase significant digits)


    Net: io_c_3[26]

    Capacitance            0.00
  - min_capacitance        0.00
  ------------------------------
    Slack                  0.00  (VIOLATED: increase significant digits)


    Net: io_c_3[27]

    Capacitance            0.00
  - min_capacitance        0.00
  ------------------------------
    Slack                  0.00  (VIOLATED: increase significant digits)


    Net: io_c_3[28]

    Capacitance            0.00
  - min_capacitance        0.00
  ------------------------------
    Slack                  0.00  (VIOLATED: increase significant digits)


    Net: io_c_3[29]

    Capacitance            0.00
  - min_capacitance        0.00
  ------------------------------
    Slack                  0.00  (VIOLATED: increase significant digits)


    Net: io_c_3[30]

    Capacitance            0.00
  - min_capacitance        0.00
  ------------------------------
    Slack                  0.00  (VIOLATED: increase significant digits)


    Net: io_c_3[31]

    Capacitance            0.00
  - min_capacitance        0.00
  ------------------------------
    Slack                  0.00  (VIOLATED: increase significant digits)


    Net: io_c_3[32]

    Capacitance            0.00
  - min_capacitance        0.00
  ------------------------------
    Slack                  0.00  (VIOLATED: increase significant digits)


    Net: io_c_3[33]

    Capacitance            0.00
  - min_capacitance        0.00
  ------------------------------
    Slack                  0.00  (VIOLATED: increase significant digits)


    Net: io_c_3[34]

    Capacitance            0.00
  - min_capacitance        0.00
  ------------------------------
    Slack                  0.00  (VIOLATED: increase significant digits)


    Net: io_c_3[35]

    Capacitance            0.00
  - min_capacitance        0.00
  ------------------------------
    Slack                  0.00  (VIOLATED: increase significant digits)


    Net: io_valid_out

    Capacitance            0.00
  - min_capacitance        0.00
  ------------------------------
    Slack                  0.00  (VIOLATED: increase significant digits)


    Design: core4_a36_b12_c36

    max_area               0.00
  - Current Area       10135.06
  ------------------------------
    Slack              -10135.06  (VIOLATED)


    Design: core4_a36_b12_c36

    max_leakage_power          0.00
  - Current Leakage Power    386.89
  ----------------------------------
    Slack                   -386.89  (VIOLATED)


1
