 
****************************************
Report : area
Design : core64_a36_b16_c36
Version: O-2018.06-SP5
Date   : Wed May 13 09:02:18 2026
****************************************

Library(s) Used:

    tcbn28hpcplusbwp40p140lvtssg0p81vm40c_ccs (File: /export1/Library/TN28HPC+/STD_CELL_ext/track9_200824/TSMCHOME/digital/Front_End/timing_power_noise/CCS/tcbn28hpcplusbwp40p140lvt_180a/tcbn28hpcplusbwp40p140lvtssg0p81vm40c_ccs.db)
    tcbn28hpcplusbwp40p140ssg0p81vm40c_ccs (File: /export1/Library/TN28HPC+/STD_CELL_ext/track9_200824/TSMCHOME/digital/Front_End/timing_power_noise/CCS/tcbn28hpcplusbwp40p140_180a/tcbn28hpcplusbwp40p140ssg0p81vm40c_ccs.db)
    tcbn28hpcplusbwp40p140hvtssg0p81vm40c_ccs (File: /export1/Library/TN28HPC+/STD_CELL_ext/track9_200824/TSMCHOME/digital/Front_End/timing_power_noise/CCS/tcbn28hpcplusbwp40p140hvt_180a/tcbn28hpcplusbwp40p140hvtssg0p81vm40c_ccs.db)

Number of ports:                       425826
Number of nets:                       1441365
Number of cells:                       767880
Number of combinational cells:         717730
Number of sequential cells:             42642
Number of macros/black boxes:               0
Number of buf/inv:                      84809
Number of references:                      45

Combinational area:             888540.898442
Buf/Inv area:                    22824.900197
Noncombinational area:           85937.293372
Macro/Black Box area:                0.000000
Net Interconnect area:      undefined  (Wire load has zero net area)

Total cell area:                974478.191813
Total area:                 undefined

Area of detected synthetic parts
--------------------------------
                                                     Perc. of
  Module                Implem.  Count         Area cell area
  --------------------- -------  ----- ------------ ---------
  DP_OP_106J21_122_8999     str     28   87372.2891      9.0%
  DP_OP_106J22_122_6228     str     21   63439.1658      6.5%
  DP_OP_1681J3_122_1523     str      1   43540.7812      4.5%
  DP_OP_421J11_122_4043     str      4   48018.8447      4.9%
  DP_OP_421J12_122_3346     str      3   34457.6885      3.5%
  DP_OP_52J19_122_3730      str     16    3859.6307      0.4%
  DP_OP_52J20_125_2082      str     16    1783.6555      0.2%
  DP_OP_53J19_123_8845      str     16    5209.9711      0.5%
  DP_OP_53J20_126_7779      str     16    2722.9857      0.3%
  DP_OP_53J22_123_9578      str     41   11188.6662      1.1%
  DP_OP_53J27_122_8097      str     37    6265.2222      0.6%
  DP_OP_54J15_122_639       str      4    1003.4634      0.1%
  DP_OP_54J15_125_8940      str      1     113.7780      0.0%
  DP_OP_54J16_122_854       str      4    1069.9913      0.1%
  DP_OP_54J16_125_748       str      1     110.3760      0.0%
  DP_OP_54J17_122_4682      str      4    1074.9052      0.1%
  DP_OP_54J17_125_3069      str      1     108.8640      0.0%
  DP_OP_54J18_122_3091      str      2     500.4717      0.1%
  DP_OP_54J18_125_1977      str      1     111.5100      0.0%
  DP_OP_54J19_124_1745      str     16    5277.0025      0.5%
  DP_OP_54J19_125_1425      str      4     439.3618      0.0%
  DP_OP_54J20_122_5955      str      4     949.5354      0.1%
  DP_OP_54J20_127_2477      str     16    2539.4043      0.3%
  DP_OP_54J21_126_8276      str      4    1067.9753      0.1%
  DP_OP_54J21_129_4435      str      4     501.4799      0.1%
  DP_OP_54J22_124_907       str     41   15985.2280      1.6%
  DP_OP_54J22_126_7364      str      4    1067.9753      0.1%
  DP_OP_54J22_129_1607      str      4     440.1179      0.0%
  DP_OP_54J23_122_6478      str      1     171.2340      0.0%
  DP_OP_54J23_125_7985      str      4     579.2218      0.1%
  DP_OP_54J24_122_3883      str      1     157.2480      0.0%
  DP_OP_54J24_125_3928      str      4     580.1039      0.1%
  DP_OP_54J25_122_246       str      2     337.9319      0.0%
  DP_OP_54J25_125_6473      str      4     566.3698      0.1%
  DP_OP_54J26_125_4250      str      4     575.1899      0.1%
  DP_OP_54J27_123_1200      str     37    9211.7292      0.9%
  DP_OP_54J27_125_6887      str      2     252.2520      0.0%
  DP_OP_54J28_122_580       str      1     271.7818      0.0%
  DP_OP_54J28_125_5297      str      1     156.9960      0.0%
  DP_OP_54J29_122_6213      str      1     237.3839      0.0%
  DP_OP_54J30_122_342       str      1     237.3839      0.0%
  DP_OP_54J31_122_9217      str      1     237.3839      0.0%
  DP_OP_54J32_122_7988      str      1     237.3839      0.0%
  DP_OP_54J33_122_8665      str      4     952.4335      0.1%
  DP_OP_55J15_123_1301      str      4    1364.2009      0.1%
  DP_OP_55J15_126_2438      str      1     149.4359      0.0%
  DP_OP_55J16_123_7587      str      4    1462.3549      0.2%
  DP_OP_55J16_126_5842      str      1     153.9720      0.0%
  DP_OP_55J17_123_3462      str      4    1484.4044      0.2%
  DP_OP_55J17_126_9650      str      1     155.8621      0.0%
  DP_OP_55J18_123_7508      str      2     678.6356      0.1%
  DP_OP_55J18_126_5193      str      1     155.1060      0.0%
  DP_OP_55J19_126_784       str      4     625.4642      0.1%
  DP_OP_55J20_123_5437      str      4    1289.7352      0.1%
  DP_OP_55J21_123_4242      str      1     272.7898      0.0%
  DP_OP_55J21_127_5033      str      4    1482.1367      0.2%
  DP_OP_55J21_130_9602      str      4     674.1000      0.1%
  DP_OP_55J22_125_2024      str     41   15503.6564      1.6%
  DP_OP_55J22_127_1671      str      4    1471.8049      0.2%
  DP_OP_55J22_130_5730      str      4     600.3897      0.1%
  DP_OP_55J23_123_2470      str      1     231.9658      0.0%
  DP_OP_55J23_126_688       str      4     774.6477      0.1%
  DP_OP_55J24_123_5257      str      1     212.4359      0.0%
  DP_OP_55J24_126_5326      str      4     784.9797      0.1%
  DP_OP_55J25_123_8053      str      2     595.0975      0.1%
  DP_OP_55J25_126_780       str      4     776.5377      0.1%
  DP_OP_55J26_122_5594      str      1     171.3599      0.0%
  DP_OP_55J26_126_8896      str      4     763.8117      0.1%
  DP_OP_55J27_124_5184      str     37    8677.7420      0.9%
  DP_OP_55J27_126_5906      str      2     334.1518      0.0%
  DP_OP_55J28_123_5196      str      1     382.1577      0.0%
  DP_OP_55J28_126_4277      str      1     206.1359      0.0%
  DP_OP_55J29_123_6224      str      1     322.4338      0.0%
  DP_OP_55J30_123_3469      str      1     322.4338      0.0%
  DP_OP_55J31_123_8979      str      1     323.6938      0.0%
  DP_OP_55J32_123_9628      str      1     323.0638      0.0%
  DP_OP_55J33_123_4570      str      4    1292.6331      0.1%
  DP_OP_56J15_124_7812      str      4    1393.6846      0.1%
  DP_OP_56J15_127_2998      str      1     155.2319      0.0%
  DP_OP_56J16_124_7642      str      4    1479.2390      0.2%
  DP_OP_56J16_127_9577      str      1     157.6260      0.0%
  DP_OP_56J17_124_6905      str      4    1496.8786      0.2%
  DP_OP_56J17_127_4471      str      1     158.1300      0.0%
  DP_OP_56J18_124_8232      str      2     690.6056      0.1%
  DP_OP_56J18_127_8928      str      1     158.2560      0.0%
  DP_OP_56J19_127_3466      str      4     635.2921      0.1%
  DP_OP_56J20_124_5252      str      4    1313.4231      0.1%
  DP_OP_56J21_124_6859      str      1     384.2997      0.0%
  DP_OP_56J21_128_5140      str      4    1474.4509      0.2%
  DP_OP_56J21_131_412       str      4     768.9776      0.1%
  DP_OP_56J22_128_2247      str      4    1468.6549      0.2%
  DP_OP_56J22_131_8412      str      4     622.5657      0.1%
  DP_OP_56J23_124_3030      str      1     234.1079      0.0%
  DP_OP_56J23_127_8364      str      4     878.4715      0.1%
  DP_OP_56J24_124_1522      str      1     216.9720      0.0%
  DP_OP_56J24_127_8300      str      4     975.9953      0.1%
  DP_OP_56J25_124_8414      str      2     475.6498      0.0%
  DP_OP_56J25_127_9714      str      4     802.1158      0.1%
  DP_OP_56J26_123_7996      str      1     241.5419      0.0%
  DP_OP_56J26_127_6605      str      4     795.5637      0.1%
  DP_OP_56J27_127_896       str      2     344.4838      0.0%
  DP_OP_56J28_124_4835      str      1     376.8657      0.0%
  DP_OP_56J28_127_7329      str      1     209.9159      0.0%
  DP_OP_56J29_124_1050      str      1     328.3558      0.0%
  DP_OP_56J30_124_2523      str      1     328.3558      0.0%
  DP_OP_56J31_124_6980      str      1     331.6318      0.0%
  DP_OP_56J32_124_7629      str      1     328.3558      0.0%
  DP_OP_56J33_124_1518      str      4    1316.5732      0.1%
  DP_OP_57J21_125_4104      str      1     375.1017      0.0%
  DP_OP_57J26_124_9698      str      1     238.2659      0.0%
  DW_mult_tc            apparch    274  378766.7279     38.9%
  DW_mult_uns           apparch     69   84636.7591      8.7%
  --------------------- -------  ----- ------------ ---------
  DP_OP Subtotal:                  615  420157.3373     43.1%
  Total:                           958  883560.8243     90.7%

Subtotal of datapath(DP_OP) cell area:  420157.3373  43.1%  
Total synthetic cell area:              883560.8243  90.7%  

1
