 
****************************************
Report : area
Design : core16_a28_b12_c28
Version: O-2018.06-SP5
Date   : Tue May 12 14:25:28 2026
****************************************

Library(s) Used:

    tcbn28hpcplusbwp40p140lvtssg0p81vm40c_ccs (File: /export1/Library/TN28HPC+/STD_CELL_ext/track9_200824/TSMCHOME/digital/Front_End/timing_power_noise/CCS/tcbn28hpcplusbwp40p140lvt_180a/tcbn28hpcplusbwp40p140lvtssg0p81vm40c_ccs.db)
    tcbn28hpcplusbwp40p140ssg0p81vm40c_ccs (File: /export1/Library/TN28HPC+/STD_CELL_ext/track9_200824/TSMCHOME/digital/Front_End/timing_power_noise/CCS/tcbn28hpcplusbwp40p140_180a/tcbn28hpcplusbwp40p140ssg0p81vm40c_ccs.db)
    tcbn28hpcplusbwp40p140hvtssg0p81vm40c_ccs (File: /export1/Library/TN28HPC+/STD_CELL_ext/track9_200824/TSMCHOME/digital/Front_End/timing_power_noise/CCS/tcbn28hpcplusbwp40p140hvt_180a/tcbn28hpcplusbwp40p140hvtssg0p81vm40c_ccs.db)

Number of ports:                        37964
Number of nets:                        117618
Number of cells:                        60475
Number of combinational cells:          56008
Number of sequential cells:              3821
Number of macros/black boxes:               0
Number of buf/inv:                       7003
Number of references:                      21

Combinational area:              70228.996872
Buf/Inv area:                     1898.190015
Noncombinational area:            7696.710122
Macro/Black Box area:                0.000000
Net Interconnect area:      undefined  (Wire load has zero net area)

Total cell area:                 77925.706993
Total area:                 undefined

Area of detected synthetic parts
--------------------------------
                                                   Perc. of
  Module               Implem.  Count        Area cell area
  -------------------- -------  ----- ----------- ---------
  DP_OP_106J8_122_6990     str      4   7888.0652     10.1%
  DP_OP_106J9_122_7394     str      3   5653.7220      7.3%
  DP_OP_421J3_122_8897     str      1   7496.7461      9.6%
  DP_OP_52J5_125_7082      str      4    332.6399      0.4%
  DP_OP_52J7_122_6653      str      4    996.9114      1.3%
  DP_OP_53J5_122_3190      str      2    239.6519      0.3%
  DP_OP_53J5_126_1358      str      4    432.4318      0.6%
  DP_OP_53J7_123_5333      str      4   1025.3873      1.3%
  DP_OP_53J9_123_375       str      3    610.2176      0.8%
  DP_OP_54J10_122_3485     str      1     83.1600      0.1%
  DP_OP_54J11_122_120      str      1    113.2740      0.1%
  DP_OP_54J12_122_4538     str      1     96.0120      0.1%
  DP_OP_54J13_122_6859     str      1    112.5180      0.1%
  DP_OP_54J5_123_2985      str      2    360.1078      0.5%
  DP_OP_54J5_127_7047      str      4    460.9078      0.6%
  DP_OP_54J6_122_6534      str      1    196.8119      0.3%
  DP_OP_54J6_125_1710      str      1     83.1600      0.1%
  DP_OP_54J7_124_6891      str      4    743.9036      1.0%
  DP_OP_54J8_126_2984      str      1    185.9759      0.2%
  DP_OP_54J9_124_5567      str      3    878.0934      1.1%
  DP_OP_54J9_126_1209      str      1    185.9759      0.2%
  DP_OP_55J10_123_3965     str      1    110.7539      0.1%
  DP_OP_55J11_123_6793     str      1    152.9639      0.2%
  DP_OP_55J12_123_3266     str      1    127.6379      0.2%
  DP_OP_55J13_123_4984     str      1    155.6099      0.2%
  DP_OP_55J5_124_8061      str      2    333.6478      0.4%
  DP_OP_55J6_123_706       str      1    267.6238      0.3%
  DP_OP_55J6_126_8406      str      1    110.7539      0.1%
  DP_OP_55J8_123_375       str      1    202.4819      0.3%
  DP_OP_55J8_127_1759      str      1    250.7398      0.3%
  DP_OP_55J9_125_9053      str      3    842.3094      1.1%
  DP_OP_55J9_127_8322      str      1    250.7398      0.3%
  DP_OP_56J10_124_9514     str      1    116.6759      0.1%
  DP_OP_56J11_124_5617     str      1    158.1299      0.2%
  DP_OP_56J12_124_4817     str      1    133.6859      0.2%
  DP_OP_56J13_124_9671     str      1    154.6019      0.2%
  DP_OP_56J6_124_7308      str      1    272.7898      0.4%
  DP_OP_56J6_127_5041      str      1    116.6759      0.1%
  DP_OP_56J8_124_1407      str      1    291.1858      0.4%
  DP_OP_56J8_128_6780      str      1    256.6618      0.3%
  DP_OP_56J9_128_9131      str      1    256.6618      0.3%
  DP_OP_57J8_125_8619      str      1    280.4758      0.4%
  DW_mult_tc           apparch     33  25839.0606     33.2%
  DW_mult_uns          apparch     16  10941.3682     14.0%
  -------------------- -------  ----- ----------- ---------
  DP_OP Subtotal:                  74  33018.4805     42.4%
  Total:                          123  69798.9093     89.6%

Subtotal of datapath(DP_OP) cell area:  33018.4805  42.4%  
Total synthetic cell area:              69798.9093  89.6%  

1
