 
****************************************
Report : area
Design : core4_a28_b14_c28
Version: O-2018.06-SP5
Date   : Tue May 12 05:57:02 2026
****************************************

Library(s) Used:

    tcbn28hpcplusbwp40p140lvtssg0p81vm40c_ccs (File: /export1/Library/TN28HPC+/STD_CELL_ext/track9_200824/TSMCHOME/digital/Front_End/timing_power_noise/CCS/tcbn28hpcplusbwp40p140lvt_180a/tcbn28hpcplusbwp40p140lvtssg0p81vm40c_ccs.db)
    tcbn28hpcplusbwp40p140ssg0p81vm40c_ccs (File: /export1/Library/TN28HPC+/STD_CELL_ext/track9_200824/TSMCHOME/digital/Front_End/timing_power_noise/CCS/tcbn28hpcplusbwp40p140_180a/tcbn28hpcplusbwp40p140ssg0p81vm40c_ccs.db)
    tcbn28hpcplusbwp40p140hvtssg0p81vm40c_ccs (File: /export1/Library/TN28HPC+/STD_CELL_ext/track9_200824/TSMCHOME/digital/Front_End/timing_power_noise/CCS/tcbn28hpcplusbwp40p140hvt_180a/tcbn28hpcplusbwp40p140hvtssg0p81vm40c_ccs.db)

Number of ports:                         3414
Number of nets:                         12037
Number of cells:                         6630
Number of combinational cells:           6278
Number of sequential cells:               328
Number of macros/black boxes:               0
Number of buf/inv:                        794
Number of references:                      14

Combinational area:               7499.141879
Buf/Inv area:                      210.420002
Noncombinational area:             661.248011
Macro/Black Box area:                0.000000
Net Interconnect area:      undefined  (Wire load has zero net area)

Total cell area:                  8160.389890
Total area:                 undefined

Area of detected synthetic parts
--------------------------------
                                                  Perc. of
  Module               Implem.  Count       Area cell area
  -------------------- -------  ----- ---------- ---------
  DP_OP_106J2_122_1947     str      1  1778.1008     21.8%
  DP_OP_52J2_123_5748      str      1   179.9279      2.2%
  DP_OP_52J3_122_4543      str      1    95.5080      1.2%
  DP_OP_53J2_124_6834      str      1   249.2278      3.1%
  DP_OP_53J3_123_5215      str      1   125.7479      1.5%
  DP_OP_54J2_125_4743      str      1   250.7398      3.1%
  DP_OP_54J3_124_1990      str      1   132.8039      1.6%
  DW_mult_tc           apparch      4  2921.6929     35.8%
  DW_mult_uns          apparch      3  1728.3453     21.2%
  -------------------- -------  ----- ---------- ---------
  DP_OP Subtotal:                   7  2812.0562     34.5%
  Total:                           14  7462.0944     91.4%

Subtotal of datapath(DP_OP) cell area:  2812.0562  34.5%  
Total synthetic cell area:              7462.0944  91.4%  

1
