Information: Updating design information... (UID-85)
Warning: Design 'core64_a28_b12_c28' contains 3 high-fanout nets. A fanout number of 1000 will be used for delay calculations involving these nets. (TIM-134)
 
****************************************
Report : qor
Design : core64_a28_b12_c28
Version: O-2018.06-SP5
Date   : Tue May 12 23:49:38 2026
****************************************


  Timing Path Group 'clk'
  -----------------------------------
  Levels of Logic:              66.00
  Critical Path Length:          4.46
  Critical Path Slack:           0.00
  Critical Path Clk Period:      5.00
  Total Negative Slack:          0.00
  No. of Violating Paths:        0.00
  Worst Hold Violation:          0.00
  Total Hold Violation:          0.00
  No. of Hold Violations:        0.00
  -----------------------------------


  Cell Count
  -----------------------------------
  Hierarchical Cell Count:       1314
  Hierarchical Port Count:     344790
  Leaf Cell Count:             560872
  Buf/Inv Cell Count:           71036
  Buf Cell Count:                9353
  Inv Cell Count:               61683
  CT Buf/Inv Cell Count:            0
  Combinational Cell Count:    526414
  Sequential Cell Count:        34458
  Macro Count:                      0
  -----------------------------------


  Area
  -----------------------------------
  Combinational Area:   657445.814108
  Noncombinational Area: 69453.847112
  Buf/Inv Area:          19105.380167
  Total Buffer Area:          3537.45
  Total Inverter Area:       15567.93
  Macro/Black Box Area:      0.000000
  Net Area:                  0.000000
  -----------------------------------
  Cell Area:            726899.661220
  Design Area:          726899.661220


  Design Rules
  -----------------------------------
  Total Number of Nets:        789324
  Nets With Violations:             0
  Max Trans Violations:             0
  Max Cap Violations:               0
  -----------------------------------


  Hostname: inspur19

  Compile CPU Statistics
  -----------------------------------------
  Resource Sharing:                    0.00
  Logic Optimization:                  0.00
  Mapping Optimization:                0.00
  -----------------------------------------
  Overall Compile Time:             9715.96
  Overall Compile Wall Clock Time:   857.36

  --------------------------------------------------------------------

  Design  WNS: 0.00  TNS: 0.00  Number of Violating Paths: 0


  Design (Hold)  WNS: 0.00  TNS: 0.00  Number of Violating Paths: 0

  --------------------------------------------------------------------


1
