 
****************************************
Report : area
Design : core16_a24_b14_c24
Version: O-2018.06-SP5
Date   : Tue May 12 13:31:34 2026
****************************************

Library(s) Used:

    tcbn28hpcplusbwp40p140lvtssg0p81vm40c_ccs (File: /export1/Library/TN28HPC+/STD_CELL_ext/track9_200824/TSMCHOME/digital/Front_End/timing_power_noise/CCS/tcbn28hpcplusbwp40p140lvt_180a/tcbn28hpcplusbwp40p140lvtssg0p81vm40c_ccs.db)
    tcbn28hpcplusbwp40p140ssg0p81vm40c_ccs (File: /export1/Library/TN28HPC+/STD_CELL_ext/track9_200824/TSMCHOME/digital/Front_End/timing_power_noise/CCS/tcbn28hpcplusbwp40p140_180a/tcbn28hpcplusbwp40p140ssg0p81vm40c_ccs.db)
    tcbn28hpcplusbwp40p140hvtssg0p81vm40c_ccs (File: /export1/Library/TN28HPC+/STD_CELL_ext/track9_200824/TSMCHOME/digital/Front_End/timing_power_noise/CCS/tcbn28hpcplusbwp40p140hvt_180a/tcbn28hpcplusbwp40p140hvtssg0p81vm40c_ccs.db)

Number of ports:                        35128
Number of nets:                        107345
Number of cells:                        55305
Number of combinational cells:          51322
Number of sequential cells:              3337
Number of macros/black boxes:               0
Number of buf/inv:                       6832
Number of references:                      21

Combinational area:              63354.185024
Buf/Inv area:                     1846.152015
Noncombinational area:            6727.392108
Macro/Black Box area:                0.000000
Net Interconnect area:      undefined  (Wire load has zero net area)

Total cell area:                 70081.577132
Total area:                 undefined

Area of detected synthetic parts
--------------------------------
                                                    Perc. of
  Module                Implem.  Count        Area cell area
  --------------------- -------  ----- ----------- ---------
  DP_OP_106J13_122_4067     str      3   4864.4707      6.9%
  DP_OP_106J5_122_8896      str      4   6819.6030      9.7%
  DP_OP_421J3_122_8434      str      1   6365.7173      9.1%
  DP_OP_52J5_129_4593       str      4    384.0479      0.5%
  DP_OP_52J7_122_2684       str      4    855.7914      1.2%
  DP_OP_53J12_122_4467      str      2    265.3559      0.4%
  DP_OP_53J13_123_4273      str      3    533.1057      0.8%
  DP_OP_53J5_130_1321       str      4    503.3697      0.7%
  DP_OP_53J7_123_8373       str      4    884.2675      1.3%
  DP_OP_54J10_122_9127      str      1    108.8640      0.2%
  DP_OP_54J11_122_6861      str      1    125.3699      0.2%
  DP_OP_54J12_123_1582      str      2    395.3878      0.6%
  DP_OP_54J13_124_4880      str      3    772.2535      1.1%
  DP_OP_54J13_126_1205      str      1    160.2719      0.2%
  DP_OP_54J5_126_2980       str      1    160.2719      0.2%
  DP_OP_54J5_131_2501       str      4    531.4677      0.8%
  DP_OP_54J6_122_1278       str      1    171.1079      0.2%
  DP_OP_54J6_125_9182       str      1     96.0120      0.1%
  DP_OP_54J7_124_6887       str      4    641.0877      0.9%
  DP_OP_54J8_122_990        str      1     96.0120      0.1%
  DP_OP_54J9_122_4764       str      1    126.1259      0.2%
  DP_OP_55J10_123_5372      str      1    145.2779      0.2%
  DP_OP_55J11_123_7444      str      1    173.2499      0.2%
  DP_OP_55J12_124_5235      str      2    368.6758      0.5%
  DP_OP_55J13_125_524       str      3    736.4695      1.1%
  DP_OP_55J13_127_7635      str      1    215.4599      0.3%
  DP_OP_55J5_123_1132       str      1    176.7779      0.3%
  DP_OP_55J5_127_3178       str      1    215.4599      0.3%
  DP_OP_55J6_123_4892       str      1    232.3438      0.3%
  DP_OP_55J6_126_1285       str      1    128.3940      0.2%
  DP_OP_55J8_123_6795       str      1    128.3940      0.2%
  DP_OP_55J9_123_4337       str      1    170.6039      0.2%
  DP_OP_56J10_124_271       str      1    151.1999      0.2%
  DP_OP_56J11_124_3026      str      1    172.2419      0.2%
  DP_OP_56J13_128_620       str      1    221.3819      0.3%
  DP_OP_56J5_124_2086       str      1    255.9058      0.4%
  DP_OP_56J5_128_2987       str      1    221.3819      0.3%
  DP_OP_56J6_124_887        str      1    237.5099      0.3%
  DP_OP_56J6_127_8200       str      1    134.3159      0.2%
  DP_OP_56J8_124_568        str      1    134.3159      0.2%
  DP_OP_56J9_124_3581       str      1    175.7699      0.3%
  DP_OP_57J5_125_2783       str      1    245.1958      0.3%
  DW_mult_tc            apparch     33  23541.7915     33.6%
  DW_mult_uns           apparch     16   9895.6781     14.1%
  --------------------- -------  ----- ----------- ---------
  DP_OP Subtotal:                   74  29500.2867     42.1%
  Total:                           123  62937.7563     89.8%

Subtotal of datapath(DP_OP) cell area:  29500.2867  42.1%  
Total synthetic cell area:              62937.7563  89.8%  

1
