 
****************************************
Report : timing
        -path full
        -delay max
        -max_paths 3
Design : core64_a24_b16_c24
Version: O-2018.06-SP5
Date   : Tue May 12 21:28:05 2026
****************************************

 # A fanout number of 1000 was used for high fanout net computations.

Operating Conditions: ssg0p81vm40c   Library: tcbn28hpcplusbwp40p140hvtssg0p81vm40c_ccs
Wire Load Model Mode: segmented

  Startpoint: io_b_63[2] (input port clocked by clk)
  Endpoint: core16_5/core4_0/s_w_4_reg_32_
            (rising edge-triggered flip-flop clocked by clk)
  Path Group: clk
  Path Type: max

  Des/Clust/Port     Wire Load Model       Library
  ------------------------------------------------
  core64_a24_b16_c24 ZeroWireload          tcbn28hpcplusbwp40p140hvtssg0p81vm40c_ccs
  Eval_1_0_DP_OP_52J25_125_2082_J25_0_0
                     ZeroWireload          tcbn28hpcplusbwp40p140hvtssg0p81vm40c_ccs
  Eval_1_0_DP_OP_53J25_126_7779_J25_0_0
                     ZeroWireload          tcbn28hpcplusbwp40p140hvtssg0p81vm40c_ccs
  Eval_1_0_DP_OP_54J25_127_2477_J25_0_0
                     ZeroWireload          tcbn28hpcplusbwp40p140hvtssg0p81vm40c_ccs
  Eval_33_1_DP_OP_53J23_122_8097_J23_0_29
                     ZeroWireload          tcbn28hpcplusbwp40p140hvtssg0p81vm40c_ccs
  Eval_33_1_DP_OP_54J23_123_1200_J23_0_29
                     ZeroWireload          tcbn28hpcplusbwp40p140hvtssg0p81vm40c_ccs
  Eval_33_1_DP_OP_55J23_124_5184_J23_0_29
                     ZeroWireload          tcbn28hpcplusbwp40p140hvtssg0p81vm40c_ccs
  Eval_33_1_DP_OP_55J23_124_5184_J23_0_9
                     ZeroWireload          tcbn28hpcplusbwp40p140hvtssg0p81vm40c_ccs
  Eval_33_1_DP_OP_54J23_123_1200_J23_0_9
                     ZeroWireload          tcbn28hpcplusbwp40p140hvtssg0p81vm40c_ccs
  Eval_33_1_DP_OP_53J23_122_8097_J23_0_9
                     ZeroWireload          tcbn28hpcplusbwp40p140hvtssg0p81vm40c_ccs
  core4_7_DW_mult_tc_J19_6_2
                     ZeroWireload          tcbn28hpcplusbwp40p140hvtssg0p81vm40c_ccs
  core4_7_DW_mult_tc_J19_2_2
                     ZeroWireload          tcbn28hpcplusbwp40p140hvtssg0p81vm40c_ccs

  Point                                                   Incr       Path
  --------------------------------------------------------------------------
  clock clk (rise edge)                                   0.00       0.00
  clock network delay (ideal)                             0.00       0.00
  input external delay                                    0.50       0.50 r
  io_b_63[2] (in)                                         0.00       0.50 r
  evalB_15/io_in_3[2] (Eval_1_0)                          0.00       0.50 r
  evalB_15/U26/ZN (INVD4BWP40P140LVT)                     0.00       0.50 f
  evalB_15/U14/ZN (INVD3BWP40P140LVT)                     0.01       0.51 r
  evalB_15/DP_OP_54J25_127_2477/I3[2] (Eval_1_0_DP_OP_54J25_127_2477_J25_0_0)
                                                          0.00       0.51 r
  evalB_15/DP_OP_54J25_127_2477/U204/Z (XOR2UD1BWP40P140)
                                                          0.03       0.55 r
  evalB_15/DP_OP_54J25_127_2477/U164/ZN (CKND0BWP40P140)
                                                          0.04       0.58 f
  evalB_15/DP_OP_54J25_127_2477/U198/CO (FA1D1BWP40P140)
                                                          0.07       0.66 f
  evalB_15/DP_OP_54J25_127_2477/U245/CO (FA1D1BWP40P140LVT)
                                                          0.05       0.71 f
  evalB_15/DP_OP_54J25_127_2477/U244/CO (FA1D1BWP40P140LVT)
                                                          0.04       0.75 f
  evalB_15/DP_OP_54J25_127_2477/U190/S (FA1D1BWP40P140)
                                                          0.09       0.84 r
  evalB_15/DP_OP_54J25_127_2477/O2[5] (Eval_1_0_DP_OP_54J25_127_2477_J25_0_0)
                                                          0.00       0.84 r
  evalB_15/io_out_5[5] (Eval_1_0)                         0.00       0.84 r
  core16_5/io_b_15[5] (core16_1)                          0.00       0.84 r
  core16_5/evalB_3/io_in_3[5] (Eval_33_53)                0.00       0.84 r
  core16_5/evalB_3/U23/ZN (CKND0BWP40P140)                0.02       0.86 f
  core16_5/evalB_3/U29/ZN (CKND1BWP40P140)                0.04       0.90 r
  core16_5/evalB_3/io_out_0[5] (Eval_33_53)               0.00       0.90 r
  core16_5/core4_0/io_b_3[5] (core4_13)                   0.00       0.90 r
  core16_5/core4_0/evalB/io_in_3[5] (Eval_33_13)          0.00       0.90 r
  core16_5/core4_0/evalB/U60/ZN (CKND0BWP40P140)          0.03       0.92 f
  core16_5/core4_0/evalB/U9/ZN (INVD1BWP40P140)           0.09       1.02 r
  core16_5/core4_0/evalB/DP_OP_55J23_124_5184/I3[5] (Eval_33_1_DP_OP_55J23_124_5184_J23_0_9)
                                                          0.00       1.02 r
  core16_5/core4_0/evalB/DP_OP_55J23_124_5184/U155/CO (FA1D1BWP40P140)
                                                          0.09       1.11 r
  core16_5/core4_0/evalB/DP_OP_55J23_124_5184/U215/CO (FA1D0BWP40P140)
                                                          0.07       1.18 r
  core16_5/core4_0/evalB/DP_OP_55J23_124_5184/U217/CO (FA1D0BWP40P140)
                                                          0.07       1.25 r
  core16_5/core4_0/evalB/DP_OP_55J23_124_5184/U219/CO (FA1D0BWP40P140)
                                                          0.07       1.33 r
  core16_5/core4_0/evalB/DP_OP_55J23_124_5184/U223/CO (FA1D0BWP40P140)
                                                          0.07       1.40 r
  core16_5/core4_0/evalB/DP_OP_55J23_124_5184/U225/CO (FA1D0BWP40P140)
                                                          0.07       1.48 r
  core16_5/core4_0/evalB/DP_OP_55J23_124_5184/U221/CO (FA1D0BWP40P140)
                                                          0.07       1.55 r
  core16_5/core4_0/evalB/DP_OP_55J23_124_5184/U162/CO (FA1D0BWP40P140)
                                                          0.07       1.63 r
  core16_5/core4_0/evalB/DP_OP_55J23_124_5184/U175/CO (FA1D0BWP40P140)
                                                          0.07       1.70 r
  core16_5/core4_0/evalB/DP_OP_55J23_124_5184/U201/CO (FA1D0BWP40P140)
                                                          0.07       1.77 r
  core16_5/core4_0/evalB/DP_OP_55J23_124_5184/U165/CO (FA1D0BWP40P140)
                                                          0.07       1.85 r
  core16_5/core4_0/evalB/DP_OP_55J23_124_5184/U169/CO (FA1D0BWP40P140)
                                                          0.07       1.92 r
  core16_5/core4_0/evalB/DP_OP_55J23_124_5184/U190/CO (FA1D0BWP40P140)
                                                          0.07       2.00 r
  core16_5/core4_0/evalB/DP_OP_55J23_124_5184/U186/CO (FA1D0BWP40P140)
                                                          0.07       2.07 r
  core16_5/core4_0/evalB/DP_OP_55J23_124_5184/U188/CO (FA1D0BWP40P140)
                                                          0.07       2.15 r
  core16_5/core4_0/evalB/DP_OP_55J23_124_5184/U193/CO (FA1D0BWP40P140)
                                                          0.07       2.22 r
  core16_5/core4_0/evalB/DP_OP_55J23_124_5184/U167/CO (FA1D0BWP40P140)
                                                          0.07       2.29 r
  core16_5/core4_0/evalB/DP_OP_55J23_124_5184/U173/CO (FA1D0BWP40P140)
                                                          0.07       2.37 r
  core16_5/core4_0/evalB/DP_OP_55J23_124_5184/U196/CO (FA1D0BWP40P140)
                                                          0.07       2.44 r
  core16_5/core4_0/evalB/DP_OP_55J23_124_5184/U182/CO (FA1D0BWP40P140)
                                                          0.07       2.52 r
  core16_5/core4_0/evalB/DP_OP_55J23_124_5184/U184/CO (FA1D0BWP40P140)
                                                          0.07       2.59 r
  core16_5/core4_0/evalB/DP_OP_55J23_124_5184/U199/S (FA1D0BWP40P140)
                                                          0.12       2.71 f
  core16_5/core4_0/evalB/DP_OP_55J23_124_5184/U231/S (FA1D0BWP40P140)
                                                          0.15       2.86 r
  core16_5/core4_0/evalB/DP_OP_55J23_124_5184/O1[26] (Eval_33_1_DP_OP_55J23_124_5184_J23_0_9)
                                                          0.00       2.86 r
  core16_5/core4_0/evalB/io_out_4[26] (Eval_33_13)        0.00       2.86 r
  core16_5/core4_0/mult_x_5/b[26] (core4_7_DW_mult_tc_J19_2_2)
                                                          0.00       2.86 r
  core16_5/core4_0/mult_x_5/U1331/ZN (INVD0P7BWP40P140)
                                                          0.07       2.93 f
  core16_5/core4_0/mult_x_5/U1347/ZN (MUX2ND0BWP40P140)
                                                          0.06       2.99 r
  core16_5/core4_0/mult_x_5/U1204/ZN (ND2D0BWP40P140HVT)
                                                          0.09       3.07 f
  core16_5/core4_0/mult_x_5/U1380/ZN (OAI222D0BWP40P140)
                                                          0.08       3.15 r
  core16_5/core4_0/mult_x_5/U1381/ZN (MUX2ND0BWP40P140)
                                                          0.07       3.22 r
  core16_5/core4_0/mult_x_5/U1124/CO (HA1D0BWP40P140)     0.06       3.28 r
  core16_5/core4_0/mult_x_5/U1412/CO (HA1D0BWP40P140LVT)
                                                          0.04       3.31 r
  core16_5/core4_0/mult_x_5/U1129/S (FA1D0BWP40P140)      0.11       3.43 f
  core16_5/core4_0/mult_x_5/U1452/CO (FA1D1BWP40P140)     0.07       3.49 f
  core16_5/core4_0/mult_x_5/U1130/CO (FA1D0BWP40P140)     0.07       3.56 f
  core16_5/core4_0/mult_x_5/U1443/S (FA1D1BWP40P140)      0.11       3.67 r
  core16_5/core4_0/mult_x_5/U1137/CO (FA1D0BWP40P140)     0.08       3.75 r
  core16_5/core4_0/mult_x_5/U1517/CO (FA1D0BWP40P140)     0.07       3.82 r
  core16_5/core4_0/mult_x_5/U1163/S (FA1D0BWP40P140)      0.11       3.94 f
  core16_5/core4_0/mult_x_5/U1164/S (FA1D0BWP40P140)      0.13       4.07 r
  core16_5/core4_0/mult_x_5/U1183/S (FA1D0BWP40P140)      0.12       4.19 f
  core16_5/core4_0/mult_x_5/U1184/S (FA1D0BWP40P140)      0.13       4.32 r
  core16_5/core4_0/mult_x_5/U1203/S (FA1D0BWP40P140)      0.12       4.44 f
  core16_5/core4_0/mult_x_5/U1256/S (FA1D0BWP40P140)      0.13       4.57 r
  core16_5/core4_0/mult_x_5/U1283/CO (FA1D0BWP40P140)     0.08       4.65 r
  core16_5/core4_0/mult_x_5/U1097/ZN (XNR4D0BWP40P140)
                                                          0.10       4.75 r
  core16_5/core4_0/mult_x_5/U1123/ZN (XNR2UD0BWP40P140)
                                                          0.04       4.79 r
  core16_5/core4_0/mult_x_5/U1095/ZN (OAI21D0BWP40P140LVT)
                                                          0.03       4.82 f
  core16_5/core4_0/mult_x_5/U1258/ZN (OAI31D0BWP40P140LVT)
                                                          0.02       4.84 r
  core16_5/core4_0/mult_x_5/U2029/Z (XOR4D0BWP40P140)     0.12       4.96 r
  core16_5/core4_0/mult_x_5/product[32] (core4_7_DW_mult_tc_J19_2_2)
                                                          0.00       4.96 r
  core16_5/core4_0/s_w_4_reg_32_/D (DFKCNQD1BWP40P140)
                                                          0.00       4.96 r
  data arrival time                                                  4.96

  clock clk (rise edge)                                   5.00       5.00
  clock network delay (ideal)                             0.00       5.00
  core16_5/core4_0/s_w_4_reg_32_/CP (DFKCNQD1BWP40P140)
                                                          0.00       5.00 r
  library setup time                                     -0.04       4.96
  data required time                                                 4.96
  --------------------------------------------------------------------------
  data required time                                                 4.96
  data arrival time                                                 -4.96
  --------------------------------------------------------------------------
  slack (MET)                                                        0.00


  Startpoint: io_b_0[0] (input port clocked by clk)
  Endpoint: core16_2/core4_3/s_w_2_reg_32_
            (rising edge-triggered flip-flop clocked by clk)
  Path Group: clk
  Path Type: max

  Des/Clust/Port     Wire Load Model       Library
  ------------------------------------------------
  core64_a24_b16_c24 ZeroWireload          tcbn28hpcplusbwp40p140hvtssg0p81vm40c_ccs
  Eval_1_0_DP_OP_52J25_125_2082_J25_0_15
                     ZeroWireload          tcbn28hpcplusbwp40p140hvtssg0p81vm40c_ccs
  Eval_1_0_DP_OP_53J25_126_7779_J25_0_15
                     ZeroWireload          tcbn28hpcplusbwp40p140hvtssg0p81vm40c_ccs
  Eval_1_0_DP_OP_54J25_127_2477_J25_0_15
                     ZeroWireload          tcbn28hpcplusbwp40p140hvtssg0p81vm40c_ccs
  Eval_33_65_DP_OP_56J20_127_412_J20_0_3
                     ZeroWireload          tcbn28hpcplusbwp40p140hvtssg0p81vm40c_ccs
  Eval_33_65_DP_OP_55J20_126_9602_J20_0_3
                     ZeroWireload          tcbn28hpcplusbwp40p140hvtssg0p81vm40c_ccs
  Eval_33_65_DP_OP_54J20_125_4435_J20_0_3
                     ZeroWireload          tcbn28hpcplusbwp40p140hvtssg0p81vm40c_ccs
  core4_1_DW_mult_tc_J18_0_15
                     ZeroWireload          tcbn28hpcplusbwp40p140hvtssg0p81vm40c_ccs
  Eval_33_1_DP_OP_53J23_122_8097_J23_0_21
                     ZeroWireload          tcbn28hpcplusbwp40p140hvtssg0p81vm40c_ccs
  Eval_33_1_DP_OP_54J23_123_1200_J23_0_21
                     ZeroWireload          tcbn28hpcplusbwp40p140hvtssg0p81vm40c_ccs
  Eval_33_1_DP_OP_55J23_124_5184_J23_0_21
                     ZeroWireload          tcbn28hpcplusbwp40p140hvtssg0p81vm40c_ccs
  core4_1_DW_mult_tc_J18_4_15
                     ZeroWireload          tcbn28hpcplusbwp40p140hvtssg0p81vm40c_ccs

  Point                                                   Incr       Path
  --------------------------------------------------------------------------
  clock clk (rise edge)                                   0.00       0.00
  clock network delay (ideal)                             0.00       0.00
  input external delay                                    0.50       0.50 f
  io_b_0[0] (in)                                          0.00       0.50 f
  evalB/io_in_0[0] (Eval_1_15)                            0.00       0.50 f
  evalB/U7/ZN (INVD2BWP40P140LVT)                         0.01       0.51 r
  evalB/U13/ZN (INVD4BWP40P140)                           0.01       0.52 f
  evalB/DP_OP_53J25_126_7779/I2[0] (Eval_1_0_DP_OP_53J25_126_7779_J25_0_15)
                                                          0.00       0.52 f
  evalB/DP_OP_53J25_126_7779/U108/ZN (ND2D1BWP40P140LVT)
                                                          0.01       0.52 r
  evalB/DP_OP_53J25_126_7779/U107/ZN (INVD1BWP40P140)     0.01       0.54 f
  evalB/DP_OP_53J25_126_7779/U143/CO (FA1D1BWP40P140)     0.05       0.59 f
  evalB/DP_OP_53J25_126_7779/U166/CO (FA1D1BWP40P140LVT)
                                                          0.04       0.63 f
  evalB/DP_OP_53J25_126_7779/U104/S (FA1D1BWP40P140)      0.11       0.74 r
  evalB/DP_OP_53J25_126_7779/U139/S (FA1D1BWP40P140)      0.12       0.87 f
  evalB/DP_OP_53J25_126_7779/O1[3] (Eval_1_0_DP_OP_53J25_126_7779_J25_0_15)
                                                          0.00       0.87 f
  evalB/io_out_2[3] (Eval_1_15)                           0.00       0.87 f
  core16_2/io_b_0[3] (core16_4)                           0.00       0.87 f
  core16_2/evalB/io_in_0[3] (Eval_33_68)                  0.00       0.87 f
  core16_2/evalB/DP_OP_55J20_126_9602/I2[3] (Eval_33_65_DP_OP_55J20_126_9602_J20_0_3)
                                                          0.00       0.87 f
  core16_2/evalB/DP_OP_55J20_126_9602/U146/CO (FA1D1BWP40P140)
                                                          0.08       0.94 f
  core16_2/evalB/DP_OP_55J20_126_9602/U216/S (FA1D0BWP40P140)
                                                          0.13       1.08 r
  core16_2/evalB/DP_OP_55J20_126_9602/U127/CO (FA1D1BWP40P140)
                                                          0.07       1.14 r
  core16_2/evalB/DP_OP_55J20_126_9602/U187/CO (FA1D0BWP40P140)
                                                          0.07       1.21 r
  core16_2/evalB/DP_OP_55J20_126_9602/U226/CO (FA1D1BWP40P140)
                                                          0.06       1.27 r
  core16_2/evalB/DP_OP_55J20_126_9602/U175/CO (FA1D0BWP40P140)
                                                          0.07       1.34 r
  core16_2/evalB/DP_OP_55J20_126_9602/U221/S (FA1D1BWP40P140)
                                                          0.09       1.43 f
  core16_2/evalB/DP_OP_55J20_126_9602/O2[8] (Eval_33_65_DP_OP_55J20_126_9602_J20_0_3)
                                                          0.00       1.43 f
  core16_2/evalB/io_out_3[8] (Eval_33_68)                 0.00       1.43 f
  core16_2/core4_3/io_b_0[8] (core4_31)                   0.00       1.43 f
  core16_2/core4_3/evalB/io_in_0[8] (Eval_33_31)          0.00       1.43 f
  core16_2/core4_3/evalB/U11/ZN (CKND0BWP40P140)          0.02       1.45 r
  core16_2/core4_3/evalB/U10/ZN (INVD0P7BWP40P140)        0.10       1.54 f
  core16_2/core4_3/evalB/DP_OP_54J23_123_1200/I1[8] (Eval_33_1_DP_OP_54J23_123_1200_J23_0_21)
                                                          0.00       1.54 f
  core16_2/core4_3/evalB/DP_OP_54J23_123_1200/U246/S (FA1D0BWP40P140)
                                                          0.19       1.73 r
  core16_2/core4_3/evalB/DP_OP_54J23_123_1200/U262/CO (FA1D0BWP40P140)
                                                          0.08       1.82 r
  core16_2/core4_3/evalB/DP_OP_54J23_123_1200/U259/CO (FA1D0BWP40P140)
                                                          0.07       1.89 r
  core16_2/core4_3/evalB/DP_OP_54J23_123_1200/U260/CO (FA1D0BWP40P140)
                                                          0.07       1.97 r
  core16_2/core4_3/evalB/DP_OP_54J23_123_1200/U261/CO (FA1D0BWP40P140)
                                                          0.07       2.04 r
  core16_2/core4_3/evalB/DP_OP_54J23_123_1200/U211/CO (FA1D0BWP40P140)
                                                          0.07       2.11 r
  core16_2/core4_3/evalB/DP_OP_54J23_123_1200/U249/CO (FA1D0BWP40P140)
                                                          0.07       2.19 r
  core16_2/core4_3/evalB/DP_OP_54J23_123_1200/U263/CO (FA1D0BWP40P140)
                                                          0.07       2.26 r
  core16_2/core4_3/evalB/DP_OP_54J23_123_1200/U200/CO (FA1D0BWP40P140)
                                                          0.07       2.34 r
  core16_2/core4_3/evalB/DP_OP_54J23_123_1200/U213/CO (FA1D0BWP40P140)
                                                          0.07       2.41 r
  core16_2/core4_3/evalB/DP_OP_54J23_123_1200/U250/CO (FA1D0BWP40P140)
                                                          0.07       2.48 r
  core16_2/core4_3/evalB/DP_OP_54J23_123_1200/U243/CO (FA1D0BWP40P140)
                                                          0.07       2.56 r
  core16_2/core4_3/evalB/DP_OP_54J23_123_1200/U242/CO (FA1D0BWP40P140)
                                                          0.07       2.63 r
  core16_2/core4_3/evalB/DP_OP_54J23_123_1200/U251/CO (FA1D0BWP40P140)
                                                          0.07       2.71 r
  core16_2/core4_3/evalB/DP_OP_54J23_123_1200/U201/CO (FA1D0BWP40P140)
                                                          0.08       2.78 r
  core16_2/core4_3/evalB/DP_OP_54J23_123_1200/U168/CO (FA1D1BWP40P140LVT)
                                                          0.04       2.83 r
  core16_2/core4_3/evalB/DP_OP_54J23_123_1200/U166/CO (FA1D1BWP40P140LVT)
                                                          0.04       2.86 r
  core16_2/core4_3/evalB/DP_OP_54J23_123_1200/U235/CO (FA1D0BWP40P140)
                                                          0.07       2.93 r
  core16_2/core4_3/evalB/DP_OP_54J23_123_1200/U236/CO (FA1D0BWP40P140)
                                                          0.07       3.00 r
  core16_2/core4_3/evalB/DP_OP_54J23_123_1200/U252/CO (FA1D0BWP40P140)
                                                          0.07       3.08 r
  core16_2/core4_3/evalB/DP_OP_54J23_123_1200/U221/CO (FA1D0BWP40P140)
                                                          0.07       3.15 r
  core16_2/core4_3/evalB/DP_OP_54J23_123_1200/U154/ZN (XNR2UD0BWP40P140)
                                                          0.07       3.22 f
  core16_2/core4_3/evalB/DP_OP_54J23_123_1200/O1[28] (Eval_33_1_DP_OP_54J23_123_1200_J23_0_21)
                                                          0.00       3.22 f
  core16_2/core4_3/evalB/io_out_2[28] (Eval_33_31)        0.00       3.22 f
  core16_2/core4_3/mult_x_3/b[28] (core4_1_DW_mult_tc_J18_4_15)
                                                          0.00       3.22 f
  core16_2/core4_3/mult_x_3/U1126/ZN (CKND0BWP40P140)     0.08       3.30 r
  core16_2/core4_3/mult_x_3/U1154/ZN (AOI221D0BWP40P140)
                                                          0.07       3.38 f
  core16_2/core4_3/mult_x_3/U1424/ZN (AOI22D0BWP40P140)
                                                          0.07       3.45 r
  core16_2/core4_3/mult_x_3/U1146/ZN (MUX2ND0BWP40P140)
                                                          0.06       3.51 r
  core16_2/core4_3/mult_x_3/U1145/S (HA1D0BWP40P140)      0.08       3.59 f
  core16_2/core4_3/mult_x_3/U1460/S (FA1D1BWP40P140)      0.12       3.70 r
  core16_2/core4_3/mult_x_3/U1238/S (FA1D0BWP40P140)      0.12       3.82 f
  core16_2/core4_3/mult_x_3/U1252/CO (FA1D0BWP40P140)     0.08       3.90 f
  core16_2/core4_3/mult_x_3/U1514/CO (FA1D1BWP40P140)     0.06       3.96 f
  core16_2/core4_3/mult_x_3/U1260/S (FA1D0BWP40P140)      0.12       4.08 r
  core16_2/core4_3/mult_x_3/U1262/CO (FA1D0BWP40P140)     0.08       4.16 r
  core16_2/core4_3/mult_x_3/U1135/S (FA1D0BWP40P140)      0.11       4.27 f
  core16_2/core4_3/mult_x_3/U1289/S (FA1D0BWP40P140)      0.13       4.41 r
  core16_2/core4_3/mult_x_3/U1290/S (FA1D0BWP40P140)      0.12       4.53 f
  core16_2/core4_3/mult_x_3/U1303/S (FA1D0BWP40P140)      0.13       4.66 r
  core16_2/core4_3/mult_x_3/U1206/S (FA1D1BWP40P140LVT)
                                                          0.08       4.74 f
  core16_2/core4_3/mult_x_3/U1369/CO (FA1D0BWP40P140)     0.07       4.82 f
  core16_2/core4_3/mult_x_3/U1100/Z (XOR2UD0BWP40P140)
                                                          0.03       4.85 f
  core16_2/core4_3/mult_x_3/U1370/Z (XOR4D1BWP40P140)     0.11       4.96 r
  core16_2/core4_3/mult_x_3/product[32] (core4_1_DW_mult_tc_J18_4_15)
                                                          0.00       4.96 r
  core16_2/core4_3/s_w_2_reg_32_/D (DFKCNQD1BWP40P140)
                                                          0.00       4.96 r
  data arrival time                                                  4.96

  clock clk (rise edge)                                   5.00       5.00
  clock network delay (ideal)                             0.00       5.00
  core16_2/core4_3/s_w_2_reg_32_/CP (DFKCNQD1BWP40P140)
                                                          0.00       5.00 r
  library setup time                                     -0.04       4.96
  data required time                                                 4.96
  --------------------------------------------------------------------------
  data required time                                                 4.96
  data arrival time                                                 -4.96
  --------------------------------------------------------------------------
  slack (MET)                                                        0.00


  Startpoint: io_b_57[0] (input port clocked by clk)
  Endpoint: core16_4/core4_1/s_w_4_reg_32_
            (rising edge-triggered flip-flop clocked by clk)
  Path Group: clk
  Path Type: max

  Des/Clust/Port     Wire Load Model       Library
  ------------------------------------------------
  Eval_1_0_DP_OP_54J25_127_2477_J25_0_1
                     ZeroWireload          tcbn28hpcplusbwp40p140hvtssg0p81vm40c_ccs
  Eval_1_0_DP_OP_53J25_126_7779_J25_0_1
                     ZeroWireload          tcbn28hpcplusbwp40p140hvtssg0p81vm40c_ccs
  Eval_1_0_DP_OP_52J25_125_2082_J25_0_1
                     ZeroWireload          tcbn28hpcplusbwp40p140hvtssg0p81vm40c_ccs
  core64_a24_b16_c24 ZeroWireload          tcbn28hpcplusbwp40p140hvtssg0p81vm40c_ccs
  Eval_33_57_DP_OP_56J18_127_6605_J18_0_0
                     ZeroWireload          tcbn28hpcplusbwp40p140hvtssg0p81vm40c_ccs
  Eval_33_57_DP_OP_55J18_126_8896_J18_0_0
                     ZeroWireload          tcbn28hpcplusbwp40p140hvtssg0p81vm40c_ccs
  Eval_33_57_DP_OP_54J18_125_4250_J18_0_0
                     ZeroWireload          tcbn28hpcplusbwp40p140hvtssg0p81vm40c_ccs
  core4_19_DW_mult_uns_J22_1
                     ZeroWireload          tcbn28hpcplusbwp40p140hvtssg0p81vm40c_ccs
  Eval_33_19_DP_OP_54J21_122_246_J21_0_0
                     ZeroWireload          tcbn28hpcplusbwp40p140hvtssg0p81vm40c_ccs
  Eval_33_19_DP_OP_55J21_123_8053_J21_0_0
                     ZeroWireload          tcbn28hpcplusbwp40p140hvtssg0p81vm40c_ccs
  Eval_33_19_DP_OP_56J21_124_8414_J21_0_0
                     ZeroWireload          tcbn28hpcplusbwp40p140hvtssg0p81vm40c_ccs
  core4_19_DW_mult_tc_J22_1
                     ZeroWireload          tcbn28hpcplusbwp40p140hvtssg0p81vm40c_ccs

  Point                                                   Incr       Path
  --------------------------------------------------------------------------
  clock clk (rise edge)                                   0.00       0.00
  clock network delay (ideal)                             0.00       0.00
  input external delay                                    0.50       0.50 f
  io_b_57[0] (in)                                         0.00       0.50 f
  evalB_14/io_in_1[0] (Eval_1_1)                          0.00       0.50 f
  evalB_14/DP_OP_54J25_127_2477/I4[2] (Eval_1_0_DP_OP_54J25_127_2477_J25_0_1)
                                                          0.00       0.50 f
  evalB_14/DP_OP_54J25_127_2477/U147/Z (XOR2UD0BWP40P140)
                                                          0.05       0.55 f
  evalB_14/DP_OP_54J25_127_2477/U175/S (FA1D1BWP40P140)
                                                          0.13       0.68 r
  evalB_14/DP_OP_54J25_127_2477/O1[2] (Eval_1_0_DP_OP_54J25_127_2477_J25_0_1)
                                                          0.00       0.68 r
  evalB_14/io_out_4[2] (Eval_1_1)                         0.00       0.68 r
  core16_4/io_b_14[2] (core16_2)                          0.00       0.68 r
  core16_4/evalB_3/io_in_2[2] (Eval_33_57)                0.00       0.68 r
  core16_4/evalB_3/DP_OP_54J18_125_4250/I1[2] (Eval_33_57_DP_OP_54J18_125_4250_J18_0_0)
                                                          0.00       0.68 r
  core16_4/evalB_3/DP_OP_54J18_125_4250/U118/CO (FA1D0BWP40P140)
                                                          0.08       0.76 r
  core16_4/evalB_3/DP_OP_54J18_125_4250/U154/CO (FA1D1BWP40P140)
                                                          0.06       0.82 r
  core16_4/evalB_3/DP_OP_54J18_125_4250/U119/S (FA1D0BWP40P140)
                                                          0.11       0.93 f
  core16_4/evalB_3/DP_OP_54J18_125_4250/U136/S (FA1D0BWP40P140)
                                                          0.12       1.05 r
  core16_4/evalB_3/DP_OP_54J18_125_4250/U97/CO (FA1D0BWP40P140)
                                                          0.08       1.12 r
  core16_4/evalB_3/DP_OP_54J18_125_4250/U91/S (FA1D0BWP40P140)
                                                          0.10       1.23 f
  core16_4/evalB_3/DP_OP_54J18_125_4250/O1[7] (Eval_33_57_DP_OP_54J18_125_4250_J18_0_0)
                                                          0.00       1.23 f
  core16_4/evalB_3/io_out_1[7] (Eval_33_57)               0.00       1.23 f
  core16_4/core4_1/io_b_3[7] (core4_19)                   0.00       1.23 f
  core16_4/core4_1/evalB/io_in_3[7] (Eval_33_19)          0.00       1.23 f
  core16_4/core4_1/evalB/U15/ZN (CKND0BWP40P140)          0.02       1.25 r
  core16_4/core4_1/evalB/U7/ZN (INVD1BWP40P140LVT)        0.06       1.31 f
  core16_4/core4_1/evalB/DP_OP_56J21_124_8414/I3[7] (Eval_33_19_DP_OP_56J21_124_8414_J21_0_0)
                                                          0.00       1.31 f
  core16_4/core4_1/evalB/DP_OP_56J21_124_8414/U246/CO (FA1D0BWP40P140)
                                                          0.10       1.41 f
  core16_4/core4_1/evalB/DP_OP_56J21_124_8414/U256/S (FA1D0BWP40P140)
                                                          0.12       1.54 r
  core16_4/core4_1/evalB/DP_OP_56J21_124_8414/U275/CO (FA1D0BWP40P140)
                                                          0.08       1.62 r
  core16_4/core4_1/evalB/DP_OP_56J21_124_8414/U272/CO (FA1D0BWP40P140)
                                                          0.07       1.69 r
  core16_4/core4_1/evalB/DP_OP_56J21_124_8414/U273/CO (FA1D0BWP40P140)
                                                          0.07       1.76 r
  core16_4/core4_1/evalB/DP_OP_56J21_124_8414/U274/CO (FA1D0BWP40P140)
                                                          0.07       1.84 r
  core16_4/core4_1/evalB/DP_OP_56J21_124_8414/U211/CO (FA1D0BWP40P140)
                                                          0.07       1.91 r
  core16_4/core4_1/evalB/DP_OP_56J21_124_8414/U260/CO (FA1D0BWP40P140)
                                                          0.07       1.99 r
  core16_4/core4_1/evalB/DP_OP_56J21_124_8414/U276/CO (FA1D0BWP40P140)
                                                          0.07       2.06 r
  core16_4/core4_1/evalB/DP_OP_56J21_124_8414/U201/CO (FA1D0BWP40P140)
                                                          0.07       2.13 r
  core16_4/core4_1/evalB/DP_OP_56J21_124_8414/U213/CO (FA1D0BWP40P140)
                                                          0.07       2.21 r
  core16_4/core4_1/evalB/DP_OP_56J21_124_8414/U261/CO (FA1D0BWP40P140)
                                                          0.07       2.28 r
  core16_4/core4_1/evalB/DP_OP_56J21_124_8414/U253/CO (FA1D0BWP40P140)
                                                          0.07       2.36 r
  core16_4/core4_1/evalB/DP_OP_56J21_124_8414/U252/CO (FA1D0BWP40P140)
                                                          0.07       2.43 r
  core16_4/core4_1/evalB/DP_OP_56J21_124_8414/U262/CO (FA1D0BWP40P140)
                                                          0.07       2.50 r
  core16_4/core4_1/evalB/DP_OP_56J21_124_8414/U202/CO (FA1D0BWP40P140)
                                                          0.07       2.58 r
  core16_4/core4_1/evalB/DP_OP_56J21_124_8414/U217/CO (FA1D0BWP40P140)
                                                          0.07       2.65 r
  core16_4/core4_1/evalB/DP_OP_56J21_124_8414/U263/CO (FA1D0BWP40P140)
                                                          0.07       2.73 r
  core16_4/core4_1/evalB/DP_OP_56J21_124_8414/U242/CO (FA1D0BWP40P140)
                                                          0.07       2.80 r
  core16_4/core4_1/evalB/DP_OP_56J21_124_8414/U243/CO (FA1D0BWP40P140)
                                                          0.07       2.88 r
  core16_4/core4_1/evalB/DP_OP_56J21_124_8414/U264/S (FA1D0BWP40P140)
                                                          0.13       3.00 r
  core16_4/core4_1/evalB/DP_OP_56J21_124_8414/O1[26] (Eval_33_19_DP_OP_56J21_124_8414_J21_0_0)
                                                          0.00       3.00 r
  core16_4/core4_1/evalB/io_out_4[26] (Eval_33_19)        0.00       3.00 r
  core16_4/core4_1/mult_x_5/b[26] (core4_19_DW_mult_tc_J22_1)
                                                          0.00       3.00 r
  core16_4/core4_1/mult_x_5/U1097/ZN (CKND0BWP40P140)     0.08       3.08 f
  core16_4/core4_1/mult_x_5/U1120/ZN (MUX2ND0BWP40P140LVT)
                                                          0.05       3.14 r
  core16_4/core4_1/mult_x_5/U1099/ZN (ND2D0BWP40P140HVT)
                                                          0.08       3.22 f
  core16_4/core4_1/mult_x_5/U1178/ZN (OAI222D0BWP40P140)
                                                          0.08       3.30 r
  core16_4/core4_1/mult_x_5/U1116/ZN (MUX2ND0BWP40P140LVT)
                                                          0.05       3.35 r
  core16_4/core4_1/mult_x_5/U1130/S (HA1D0BWP40P140)      0.08       3.43 f
  core16_4/core4_1/mult_x_5/U1502/CO (FA1D1BWP40P140)     0.07       3.49 f
  core16_4/core4_1/mult_x_5/U1188/S (FA1D0BWP40P140)      0.12       3.61 r
  core16_4/core4_1/mult_x_5/U1208/S (FA1D0BWP40P140)      0.12       3.73 f
  core16_4/core4_1/mult_x_5/U1218/S (FA1D0BWP40P140)      0.13       3.86 r
  core16_4/core4_1/mult_x_5/U1235/S (FA1D0BWP40P140)      0.12       3.98 f
  core16_4/core4_1/mult_x_5/U1256/CO (FA1D0BWP40P140)     0.08       4.06 f
  core16_4/core4_1/mult_x_5/U1734/CO (FA1D1BWP40P140)     0.06       4.12 f
  core16_4/core4_1/mult_x_5/U1730/CO (FA1D0BWP40P140)     0.07       4.19 f
  core16_4/core4_1/mult_x_5/U1257/S (FA1D0BWP40P140)      0.12       4.32 r
  core16_4/core4_1/mult_x_5/U1292/S (FA1D0BWP40P140)      0.12       4.44 f
  core16_4/core4_1/mult_x_5/U1348/CO (FA1D0BWP40P140)     0.08       4.52 f
  core16_4/core4_1/mult_x_5/U2005/CO (FA1D1BWP40P140)     0.06       4.58 f
  core16_4/core4_1/mult_x_5/U1351/S (FA1D0BWP40P140)      0.12       4.70 r
  core16_4/core4_1/mult_x_5/U1378/CO (FA1D0BWP40P140)     0.08       4.77 r
  core16_4/core4_1/mult_x_5/U1101/Z (XOR2UD1BWP40P140)
                                                          0.03       4.81 r
  core16_4/core4_1/mult_x_5/U1100/ZN (OAI21D0P7BWP40P140)
                                                          0.03       4.84 f
  core16_4/core4_1/mult_x_5/U1172/ZN (OAI31D0BWP40P140LVT)
                                                          0.02       4.87 r
  core16_4/core4_1/mult_x_5/U1126/Z (XOR4D1BWP40P140)     0.10       4.97 r
  core16_4/core4_1/mult_x_5/product[32] (core4_19_DW_mult_tc_J22_1)
                                                          0.00       4.97 r
  core16_4/core4_1/s_w_4_reg_32_/D (DFQD1BWP40P140)       0.00       4.97 r
  data arrival time                                                  4.97

  clock clk (rise edge)                                   5.00       5.00
  clock network delay (ideal)                             0.00       5.00
  core16_4/core4_1/s_w_4_reg_32_/CP (DFQD1BWP40P140)      0.00       5.00 r
  library setup time                                     -0.03       4.97
  data required time                                                 4.97
  --------------------------------------------------------------------------
  data required time                                                 4.97
  data arrival time                                                 -4.97
  --------------------------------------------------------------------------
  slack (MET)                                                        0.00


1
