 
****************************************
Report : area
Design : core64_a24_b16_c24
Version: O-2018.06-SP5
Date   : Tue May 12 21:27:51 2026
****************************************

Library(s) Used:

    tcbn28hpcplusbwp40p140lvtssg0p81vm40c_ccs (File: /export1/Library/TN28HPC+/STD_CELL_ext/track9_200824/TSMCHOME/digital/Front_End/timing_power_noise/CCS/tcbn28hpcplusbwp40p140lvt_180a/tcbn28hpcplusbwp40p140lvtssg0p81vm40c_ccs.db)
    tcbn28hpcplusbwp40p140ssg0p81vm40c_ccs (File: /export1/Library/TN28HPC+/STD_CELL_ext/track9_200824/TSMCHOME/digital/Front_End/timing_power_noise/CCS/tcbn28hpcplusbwp40p140_180a/tcbn28hpcplusbwp40p140ssg0p81vm40c_ccs.db)
    tcbn28hpcplusbwp40p140hvtssg0p81vm40c_ccs (File: /export1/Library/TN28HPC+/STD_CELL_ext/track9_200824/TSMCHOME/digital/Front_End/timing_power_noise/CCS/tcbn28hpcplusbwp40p140hvt_180a/tcbn28hpcplusbwp40p140hvtssg0p81vm40c_ccs.db)

Number of ports:                       332778
Number of nets:                       1002928
Number of cells:                       515914
Number of combinational cells:         478036
Number of sequential cells:             30366
Number of macros/black boxes:               0
Number of buf/inv:                      64142
Number of references:                      45

Combinational area:             584054.091004
Buf/Inv area:                    17365.068138
Noncombinational area:           61207.902981
Macro/Black Box area:                0.000000
Net Interconnect area:      undefined  (Wire load has zero net area)

Total cell area:                645261.993985
Total area:                 undefined

Area of detected synthetic parts
--------------------------------
                                                     Perc. of
  Module                Implem.  Count         Area cell area
  --------------------- -------  ----- ------------ ---------
  DP_OP_106J26_122_5351     str     28   53351.1808      8.3%
  DP_OP_106J27_122_4702     str     21   38237.5742      5.9%
  DP_OP_1681J3_122_2968     str      1   25499.4258      4.0%
  DP_OP_421J11_122_5430     str      4   28837.3062      4.5%
  DP_OP_421J12_122_2675     str      3   20391.0874      3.2%
  DP_OP_52J16_125_6887      str     16    2564.3508      0.4%
  DP_OP_52J25_125_2082      str     16    1772.3156      0.3%
  DP_OP_53J16_126_2684      str     16    3423.1658      0.5%
  DP_OP_53J23_122_8097      str     37    6198.8191      1.0%
  DP_OP_53J25_126_7779      str     16    2341.2050      0.4%
  DP_OP_53J27_123_8507      str     41    8006.9172      1.2%
  DP_OP_54J13_122_8893      str      4     761.5436      0.1%
  DP_OP_54J13_125_3069      str      1     110.1240      0.0%
  DP_OP_54J14_122_872       str      4     761.5436      0.1%
  DP_OP_54J14_125_8940      str      1     109.7460      0.0%
  DP_OP_54J15_122_624       str      2     346.2478      0.1%
  DP_OP_54J15_125_748       str      1     108.8640      0.0%
  DP_OP_54J16_122_4589      str      4     692.4957      0.1%
  DP_OP_54J16_127_8373      str     16    3537.0699      0.5%
  DP_OP_54J18_122_5297      str      1     156.9960      0.0%
  DP_OP_54J18_125_4250      str      4     569.6458      0.1%
  DP_OP_54J19_122_3883      str      1     156.6179      0.0%
  DP_OP_54J19_125_6887      str      2     243.4319      0.0%
  DP_OP_54J20_122_6478      str      1     167.0759      0.0%
  DP_OP_54J20_125_4435      str      4     488.1238      0.1%
  DP_OP_54J21_122_246       str      2     332.2618      0.1%
  DP_OP_54J21_125_1607      str      4     435.4558      0.1%
  DP_OP_54J22_125_1425      str      4     435.4558      0.1%
  DP_OP_54J23_123_1200      str     37    8982.5345      1.4%
  DP_OP_54J23_125_1977      str      1     111.6360      0.0%
  DP_OP_54J25_122_2387      str      4     641.0877      0.1%
  DP_OP_54J25_127_2477      str     16    2457.7554      0.4%
  DP_OP_54J26_126_5391      str      4     759.5276      0.1%
  DP_OP_54J26_129_7985      str      4     579.4737      0.1%
  DP_OP_54J27_124_3738      str     41   11565.9105      1.8%
  DP_OP_54J27_126_7038      str      4     759.5276      0.1%
  DP_OP_54J27_129_6473      str      4     563.9757      0.1%
  DP_OP_54J28_122_594       str      1     194.6699      0.0%
  DP_OP_54J28_125_3928      str      4     578.0877      0.1%
  DP_OP_54J29_122_8676      str      1     160.2719      0.0%
  DP_OP_54J30_122_9222      str      1     160.2719      0.0%
  DP_OP_54J31_122_1030      str      1     160.2719      0.0%
  DP_OP_54J32_122_3351      str      1     160.2719      0.0%
  DP_OP_54J33_122_4711      str      4     641.0877      0.1%
  DP_OP_55J13_123_92        str      4    1035.2153      0.2%
  DP_OP_55J13_126_9650      str      1     147.5459      0.0%
  DP_OP_55J14_123_7403      str      4    1035.2153      0.2%
  DP_OP_55J14_126_2438      str      1     151.5780      0.0%
  DP_OP_55J15_123_8269      str      2     466.9557      0.1%
  DP_OP_55J15_126_5842      str      1     150.5700      0.0%
  DP_OP_55J16_123_1041      str      4     933.9114      0.1%
  DP_OP_55J18_123_4277      str      1     206.6398      0.0%
  DP_OP_55J18_126_8896      str      4     769.2297      0.1%
  DP_OP_55J19_123_5257      str      1     210.9239      0.0%
  DP_OP_55J19_126_5906      str      2     329.4898      0.1%
  DP_OP_55J20_123_2470      str      1     235.2419      0.0%
  DP_OP_55J20_126_9602      str      4     664.5238      0.1%
  DP_OP_55J21_123_8053      str      2     471.3657      0.1%
  DP_OP_55J21_126_5730      str      4     590.1837      0.1%
  DP_OP_55J22_122_5594      str      1     170.6039      0.0%
  DP_OP_55J22_126_784       str      4     596.6098      0.1%
  DP_OP_55J23_124_5184      str     37    8591.3051      1.3%
  DP_OP_55J23_126_5193      str      1     147.5459      0.0%
  DP_OP_55J25_123_8268      str      4     866.3754      0.1%
  DP_OP_55J26_123_7806      str      1     195.6779      0.0%
  DP_OP_55J26_127_1056      str      4    1045.2953      0.2%
  DP_OP_55J26_130_688       str      4     774.5216      0.1%
  DP_OP_55J27_125_1305      str     41   11084.0866      1.7%
  DP_OP_55J27_127_8376      str      4    1045.2953      0.2%
  DP_OP_55J27_130_780       str      4     765.5757      0.1%
  DP_OP_55J28_123_9137      str      1     275.6878      0.0%
  DP_OP_55J28_126_5326      str      4     770.8676      0.1%
  DP_OP_55J29_123_1116      str      1     216.5939      0.0%
  DP_OP_55J30_123_7275      str      1     216.5939      0.0%
  DP_OP_55J31_123_2818      str      1     216.5939      0.0%
  DP_OP_55J32_123_2430      str      1     216.5939      0.0%
  DP_OP_55J33_123_8408      str      4     866.3754      0.1%
  DP_OP_56J13_124_3580      str      4    1055.8793      0.2%
  DP_OP_56J13_127_4471      str      1     153.4679      0.0%
  DP_OP_56J14_124_913       str      4    1055.8793      0.2%
  DP_OP_56J14_127_2998      str      1     154.0979      0.0%
  DP_OP_56J15_124_614       str      2     478.9257      0.1%
  DP_OP_56J15_127_9577      str      1     153.4679      0.0%
  DP_OP_56J16_124_6512      str      4     957.9774      0.1%
  DP_OP_56J18_124_7329      str      1     212.5619      0.0%
  DP_OP_56J18_127_6605      str      4     794.9337      0.1%
  DP_OP_56J19_124_1522      str      1     211.4279      0.0%
  DP_OP_56J19_127_896       str      2     341.3338      0.1%
  DP_OP_56J20_124_3030      str      1     233.7299      0.0%
  DP_OP_56J20_127_412       str      4     684.0536      0.1%
  DP_OP_56J21_124_8414      str      2     468.8458      0.1%
  DP_OP_56J21_127_8412      str      4     615.1317      0.1%
  DP_OP_56J22_123_7996      str      1     241.6679      0.0%
  DP_OP_56J22_127_3466      str      4     617.3998      0.1%
  DP_OP_56J23_127_8928      str      1     157.8780      0.0%
  DP_OP_56J25_124_2036      str      4     890.0635      0.1%
  DP_OP_56J26_124_3700      str      1     276.3178      0.0%
  DP_OP_56J26_128_3738      str      4    1041.7673      0.2%
  DP_OP_56J26_131_8364      str      4     775.0256      0.1%
  DP_OP_56J27_128_6512      str      4    1041.7673      0.2%
  DP_OP_56J27_131_9714      str      4     782.7117      0.1%
  DP_OP_56J28_124_1306      str      1     270.3958      0.0%
  DP_OP_56J28_127_8300      str      4     767.9697      0.1%
  DP_OP_56J29_124_7890      str      1     222.5159      0.0%
  DP_OP_56J30_124_8278      str      1     222.5159      0.0%
  DP_OP_56J31_124_2768      str      1     222.5159      0.0%
  DP_OP_56J32_124_6576      str      1     222.5159      0.0%
  DP_OP_56J33_124_9411      str      4     890.0635      0.1%
  DP_OP_57J22_124_9698      str      1     234.3599      0.0%
  DP_OP_57J26_125_9859      str      1     269.2618      0.0%
  DW_mult_tc            apparch    274  243654.2394     37.8%
  DW_mult_uns           apparch     69   55665.4620      8.6%
  --------------------- -------  ----- ------------ ---------
  DP_OP Subtotal:                  615  280691.6245     43.5%
  Total:                           958  580011.3259     89.9%

Subtotal of datapath(DP_OP) cell area:  280691.6245  43.5%  
Total synthetic cell area:              580011.3259  89.9%  

1
