 
****************************************
Report : area
Design : core64_a32_b16_c32
Version: O-2018.06-SP5
Date   : Wed May 13 04:45:02 2026
****************************************

Library(s) Used:

    tcbn28hpcplusbwp40p140lvtssg0p81vm40c_ccs (File: /export1/Library/TN28HPC+/STD_CELL_ext/track9_200824/TSMCHOME/digital/Front_End/timing_power_noise/CCS/tcbn28hpcplusbwp40p140lvt_180a/tcbn28hpcplusbwp40p140lvtssg0p81vm40c_ccs.db)
    tcbn28hpcplusbwp40p140ssg0p81vm40c_ccs (File: /export1/Library/TN28HPC+/STD_CELL_ext/track9_200824/TSMCHOME/digital/Front_End/timing_power_noise/CCS/tcbn28hpcplusbwp40p140_180a/tcbn28hpcplusbwp40p140ssg0p81vm40c_ccs.db)
    tcbn28hpcplusbwp40p140hvtssg0p81vm40c_ccs (File: /export1/Library/TN28HPC+/STD_CELL_ext/track9_200824/TSMCHOME/digital/Front_End/timing_power_noise/CCS/tcbn28hpcplusbwp40p140hvt_180a/tcbn28hpcplusbwp40p140hvtssg0p81vm40c_ccs.db)

Number of ports:                       394810
Number of nets:                       1293263
Number of cells:                       682464
Number of combinational cells:         636396
Number of sequential cells:             38550
Number of macros/black boxes:               0
Number of buf/inv:                      77418
Number of references:                      44

Combinational area:             788156.952252
Buf/Inv area:                    20892.564173
Noncombinational area:           72859.751449
Macro/Black Box area:                0.000000
Net Interconnect area:      undefined  (Wire load has zero net area)

Total cell area:                861016.703701
Total area:                 undefined

Area of detected synthetic parts
--------------------------------
                                                     Perc. of
  Module                Implem.  Count         Area cell area
  --------------------- -------  ----- ------------ ---------
  DP_OP_106J26_122_5359     str     28   77657.2769      9.0%
  DP_OP_106J27_122_4710     str     21   56286.7188      6.5%
  DP_OP_1681J3_122_8765     str      1   34525.5117      4.0%
  DP_OP_421J11_122_5960     str      4   42381.1387      4.9%
  DP_OP_421J12_122_1083     str      3   30311.9160      3.5%
  DP_OP_52J19_122_1625      str     16    3387.0041      0.4%
  DP_OP_52J20_125_2082      str     16    1851.3179      0.2%
  DP_OP_53J19_123_9524      str     16    4571.4034      0.5%
  DP_OP_53J20_126_7779      str     16    2612.4841      0.3%
  DP_OP_53J24_122_8097      str     37    6317.8907      0.7%
  DP_OP_53J27_123_9060      str     41   10116.5336      1.2%
  DP_OP_54J15_122_3502      str      4     898.7575      0.1%
  DP_OP_54J15_125_8940      str      1     111.8880      0.0%
  DP_OP_54J16_122_2586      str      4     967.1754      0.1%
  DP_OP_54J16_125_748       str      1     114.5340      0.0%
  DP_OP_54J17_122_4678      str      4     967.1754      0.1%
  DP_OP_54J17_125_3069      str      1     113.5260      0.0%
  DP_OP_54J18_122_3087      str      2     449.0638      0.1%
  DP_OP_54J18_125_1977      str      1     110.7540      0.0%
  DP_OP_54J19_124_6299      str     16    4671.8251      0.5%
  DP_OP_54J19_125_1425      str      4     443.6459      0.1%
  DP_OP_54J20_122_3084      str      4     846.7195      0.1%
  DP_OP_54J20_127_2477      str     16    2561.8323      0.3%
  DP_OP_54J21_122_3883      str      1     160.7760      0.0%
  DP_OP_54J21_125_6473      str      4     566.7477      0.1%
  DP_OP_54J22_122_6478      str      1     170.3520      0.0%
  DP_OP_54J22_125_4250      str      4     600.5162      0.1%
  DP_OP_54J23_122_246       str      2     340.3259      0.0%
  DP_OP_54J23_125_6887      str      2     255.1500      0.0%
  DP_OP_54J24_123_1200      str     37    9193.9644      1.1%
  DP_OP_54J24_125_4435      str      4     510.6780      0.1%
  DP_OP_54J25_125_1607      str      4     441.7559      0.1%
  DP_OP_54J26_126_5405      str      4     965.1594      0.1%
  DP_OP_54J26_129_3928      str      4     583.3798      0.1%
  DP_OP_54J27_124_1586      str     41   14462.6483      1.7%
  DP_OP_54J27_126_7052      str      4     965.1594      0.1%
  DP_OP_54J27_129_7985      str      4     596.4840      0.1%
  DP_OP_54J28_122_576       str      1     246.0779      0.0%
  DP_OP_54J28_125_5297      str      1     157.3740      0.0%
  DP_OP_54J29_122_5448      str      1     211.6799      0.0%
  DP_OP_54J30_122_9544      str      1     211.6799      0.0%
  DP_OP_54J31_122_1352      str      1     211.6799      0.0%
  DP_OP_54J32_122_7223      str      1     211.6799      0.0%
  DP_OP_54J33_122_7900      str      4     846.7195      0.1%
  DP_OP_55J15_123_4847      str      4    1217.4113      0.1%
  DP_OP_55J15_126_2438      str      1     149.1839      0.0%
  DP_OP_55J16_123_4716      str      4    1317.4552      0.2%
  DP_OP_55J16_126_5842      str      1     158.0041      0.0%
  DP_OP_55J17_123_8822      str      4    1318.0851      0.2%
  DP_OP_55J17_126_9650      str      1     153.3420      0.0%
  DP_OP_55J18_123_1087      str      2     608.0756      0.1%
  DP_OP_55J18_126_5193      str      1     154.6020      0.0%
  DP_OP_55J19_126_784       str      4     610.2179      0.1%
  DP_OP_55J20_123_6116      str      4    1148.6154      0.1%
  DP_OP_55J21_123_5257      str      1     214.3259      0.0%
  DP_OP_55J21_126_780       str      4     764.1895      0.1%
  DP_OP_55J22_123_2470      str      1     238.1399      0.0%
  DP_OP_55J22_126_8896      str      4     779.6879      0.1%
  DP_OP_55J23_123_8053      str      2     476.1538      0.1%
  DP_OP_55J23_126_5906      str      2     331.2538      0.0%
  DP_OP_55J24_124_5184      str     37    8705.5884      1.0%
  DP_OP_55J24_126_9602      str      4     682.2899      0.1%
  DP_OP_55J25_122_5594      str      1     175.1400      0.0%
  DP_OP_55J25_126_5730      str      4     593.3337      0.1%
  DP_OP_55J26_123_2333      str      1     247.0858      0.0%
  DP_OP_55J26_127_5712      str      4    1327.5352      0.2%
  DP_OP_55J26_130_5326      str      4     776.1596      0.1%
  DP_OP_55J27_125_1337      str     41   13979.5648      1.6%
  DP_OP_55J27_127_5900      str      4    1327.5351      0.2%
  DP_OP_55J27_130_688       str      4     795.8159      0.1%
  DP_OP_55J28_123_1642      str      1     346.2478      0.0%
  DP_OP_55J28_126_4277      str      1     212.5620      0.0%
  DP_OP_55J29_123_9770      str      1     287.1539      0.0%
  DP_OP_55J30_123_7015      str      1     287.1538      0.0%
  DP_OP_55J31_123_2558      str      1     287.1538      0.0%
  DP_OP_55J32_123_5313      str      1     287.1539      0.0%
  DP_OP_55J33_123_8116      str      4    1148.6154      0.1%
  DP_OP_56J15_124_7899      str      4    1241.4772      0.1%
  DP_OP_56J15_127_2998      str      1     154.9799      0.0%
  DP_OP_56J16_124_4901      str      4    1338.1191      0.2%
  DP_OP_56J16_127_9577      str      1     158.5080      0.0%
  DP_OP_56J17_124_406       str      4    1340.6390      0.2%
  DP_OP_56J17_127_4471      str      1     160.5240      0.0%
  DP_OP_56J18_124_3086      str      2     620.0456      0.1%
  DP_OP_56J18_127_8928      str      1     156.4919      0.0%
  DP_OP_56J19_127_3466      str      4     633.1499      0.1%
  DP_OP_56J20_124_9559      str      4    1172.3032      0.1%
  DP_OP_56J21_124_1522      str      1     217.0980      0.0%
  DP_OP_56J21_127_9714      str      4     791.1537      0.1%
  DP_OP_56J22_124_3030      str      1     240.1559      0.0%
  DP_OP_56J22_127_6605      str      4     813.9600      0.1%
  DP_OP_56J23_124_8414      str      2     475.1458      0.1%
  DP_OP_56J23_127_896       str      2     344.7359      0.0%
  DP_OP_56J24_127_412       str      4     761.7957      0.1%
  DP_OP_56J25_123_7996      str      1     247.9679      0.0%
  DP_OP_56J25_127_8412      str      4     620.4237      0.1%
  DP_OP_56J26_124_438       str      1     346.8778      0.0%
  DP_OP_56J26_128_4935      str      4    1324.0071      0.2%
  DP_OP_56J26_131_8300      str      4     772.3796      0.1%
  DP_OP_56J27_128_8178      str      4    1324.0071      0.2%
  DP_OP_56J27_131_8364      str      4     799.8479      0.1%
  DP_OP_56J28_124_4708      str      1     340.9558      0.0%
  DP_OP_56J28_127_7329      str      1     210.7979      0.0%
  DP_OP_56J29_124_9585      str      1     293.0758      0.0%
  DP_OP_56J30_124_6830      str      1     293.0758      0.0%
  DP_OP_56J31_124_1320      str      1     293.0758      0.0%
  DP_OP_56J32_124_4075      str      1     293.0758      0.0%
  DP_OP_56J33_124_5825      str      4    1172.3033      0.1%
  DP_OP_57J25_124_9698      str      1     241.6680      0.0%
  DP_OP_57J26_125_7650      str      1     339.8218      0.0%
  DW_mult_tc            apparch    274  333774.7521     38.8%
  DW_mult_uns           apparch     69   74951.8943      8.7%
  --------------------- -------  ----- ------------ ---------
  DP_OP Subtotal:                  615  374824.5570     43.5%
  Total:                           958  783551.2033     91.0%

Subtotal of datapath(DP_OP) cell area:  374824.5570  43.5%  
Total synthetic cell area:              783551.2033  91.0%  

1
