 
****************************************
Report : timing
        -path full
        -delay max
        -nets
        -max_paths 1
        -transition_time
Design : core4_a24_b10_c24
Version: O-2018.06-SP5
Date   : Tue May 12 04:57:13 2026
****************************************

Operating Conditions: ssg0p81vm40c   Library: tcbn28hpcplusbwp40p140hvtssg0p81vm40c_ccs
Wire Load Model Mode: segmented

  Startpoint: io_b_0[2] (input port clocked by clk)
  Endpoint: s_w_2_reg_26_
            (rising edge-triggered flip-flop clocked by clk)
  Path Group: clk
  Path Type: max

  Des/Clust/Port     Wire Load Model       Library
  ------------------------------------------------
  core4_a24_b10_c24  ZeroWireload          tcbn28hpcplusbwp40p140hvtssg0p81vm40c_ccs
  core4_a24_b10_c24_DW_mult_uns_J2_0 ZeroWireload tcbn28hpcplusbwp40p140hvtssg0p81vm40c_ccs
  Eval_1_DP_OP_52J2_126_4539_J2_0 ZeroWireload tcbn28hpcplusbwp40p140hvtssg0p81vm40c_ccs
  Eval_1_DP_OP_53J2_127_9506_J2_0 ZeroWireload tcbn28hpcplusbwp40p140hvtssg0p81vm40c_ccs
  Eval_1_DP_OP_54J2_128_4915_J2_0 ZeroWireload tcbn28hpcplusbwp40p140hvtssg0p81vm40c_ccs
  core4_a24_b10_c24_DW_mult_uns_J2_1 ZeroWireload tcbn28hpcplusbwp40p140hvtssg0p81vm40c_ccs

Attributes:
    d - dont_touch
    u - dont_use
   mo - map_only
   so - size_only
    i - ideal_net or ideal_network
  inf - infeasible path

  Point                                       Fanout     Trans      Incr       Path      Attributes
  ---------------------------------------------------------------------------------------------------------
  clock clk (rise edge)                                             0.00       0.00
  clock network delay (ideal)                                       0.00       0.00
  input external delay                                              0.50       0.50 f
  io_b_0[2] (in)                                          0.00      0.00       0.50 f
  io_b_0[2] (net)                               1                   0.00       0.50 f
  evalB/io_in_0[2] (Eval_1)                                         0.00       0.50 f
  evalB/io_in_0[2] (net)                                            0.00       0.50 f
  evalB/U27/ZN (CKND0BWP40P140)                           0.01      0.01       0.51 r
  evalB/n3 (net)                                1                   0.00       0.51 r
  evalB/U5/ZN (CKND0BWP40P140)                            0.23      0.14       0.64 f
  evalB/io_out_6[2] (net)                      33                   0.00       0.64 f
  evalB/DP_OP_53J2_127_9506/I2[2] (Eval_1_DP_OP_53J2_127_9506_J2_0)     0.00     0.64 f
  evalB/DP_OP_53J2_127_9506/I2[2] (net)                             0.00       0.64 f
  evalB/DP_OP_53J2_127_9506/U82/S (FA1D0BWP40P140)        0.06      0.23       0.87 r
  evalB/DP_OP_53J2_127_9506/n206 (net)          2                   0.00       0.87 r
  evalB/DP_OP_53J2_127_9506/U109/CO (FA1D0BWP40P140)      0.03      0.08       0.95 r
  evalB/DP_OP_53J2_127_9506/n202 (net)          1                   0.00       0.95 r
  evalB/DP_OP_53J2_127_9506/U108/CO (FA1D0BWP40P140)      0.03      0.07       1.03 r
  evalB/DP_OP_53J2_127_9506/n199 (net)          1                   0.00       1.03 r
  evalB/DP_OP_53J2_127_9506/U107/CO (FA1D0BWP40P140)      0.03      0.07       1.10 r
  evalB/DP_OP_53J2_127_9506/n196 (net)          1                   0.00       1.10 r
  evalB/DP_OP_53J2_127_9506/U106/S (FA1D0BWP40P140)       0.15      0.17       1.27 r
  evalB/DP_OP_53J2_127_9506/O1[5] (net)        26                   0.00       1.27 r
  evalB/DP_OP_53J2_127_9506/O1[5] (Eval_1_DP_OP_53J2_127_9506_J2_0)     0.00     1.27 r
  evalB/io_out_2[5] (net)                                           0.00       1.27 r
  evalB/io_out_2[5] (Eval_1)                                        0.00       1.27 r
  evalB_io_out_2[5] (net)                                           0.00       1.27 r
  mult_x_3/b[5] (core4_a24_b10_c24_DW_mult_uns_J2_1)                0.00       1.27 r
  mult_x_3/b[5] (net)                                               0.00       1.27 r
  mult_x_3/U540/ZN (CKND0BWP40P140)                       0.16      0.15       1.42 f
  mult_x_3/n1203 (net)                         26                   0.00       1.42 f
  mult_x_3/U542/ZN (AOI22D0BWP40P140)                     0.07      0.12       1.54 r
  mult_x_3/n1179 (net)                          4                   0.00       1.54 r
  mult_x_3/U543/ZN (CKND0BWP40P140)                       0.13      0.11       1.65 f
  mult_x_3/n1131 (net)                         21                   0.00       1.65 f
  mult_x_3/U547/ZN (AOI221D0BWP40P140)                    0.28      0.23       1.88 r
  mult_x_3/n1183 (net)                         20                   0.00       1.88 r
  mult_x_3/U872/Z (AO22D0BWP40P140)                       0.03      0.12       2.00 r
  mult_x_3/n1015 (net)                          1                   0.00       2.00 r
  mult_x_3/U883/S (FA1D0BWP40P140)                        0.03      0.11       2.11 f
  mult_x_3/n1026 (net)                          1                   0.00       2.11 f
  mult_x_3/U890/S (FA1D0BWP40P140)                        0.04      0.12       2.23 r
  mult_x_3/n1107 (net)                          1                   0.00       2.23 r
  mult_x_3/U931/CO (FA1D0BWP40P140)                       0.03      0.08       2.30 r
  mult_x_3/n1103 (net)                          1                   0.00       2.30 r
  mult_x_3/U930/CO (FA1D0BWP40P140)                       0.03      0.07       2.38 r
  mult_x_3/n1100 (net)                          1                   0.00       2.38 r
  mult_x_3/U929/CO (FA1D0BWP40P140)                       0.03      0.07       2.45 r
  mult_x_3/n1097 (net)                          1                   0.00       2.45 r
  mult_x_3/U928/CO (FA1D0BWP40P140)                       0.03      0.07       2.53 r
  mult_x_3/n1094 (net)                          1                   0.00       2.53 r
  mult_x_3/U927/CO (FA1D0BWP40P140)                       0.03      0.07       2.60 r
  mult_x_3/n1091 (net)                          1                   0.00       2.60 r
  mult_x_3/U926/CO (FA1D0BWP40P140)                       0.03      0.07       2.67 r
  mult_x_3/n1088 (net)                          1                   0.00       2.67 r
  mult_x_3/U925/CO (FA1D0BWP40P140)                       0.03      0.07       2.75 r
  mult_x_3/n1085 (net)                          1                   0.00       2.75 r
  mult_x_3/U924/CO (FA1D0BWP40P140)                       0.03      0.07       2.82 r
  mult_x_3/n1082 (net)                          1                   0.00       2.82 r
  mult_x_3/U923/CO (FA1D0BWP40P140)                       0.03      0.07       2.90 r
  mult_x_3/n1079 (net)                          1                   0.00       2.90 r
  mult_x_3/U922/CO (FA1D0BWP40P140)                       0.03      0.07       2.97 r
  mult_x_3/n1076 (net)                          1                   0.00       2.97 r
  mult_x_3/U921/CO (FA1D0BWP40P140)                       0.03      0.07       3.04 r
  mult_x_3/n1073 (net)                          1                   0.00       3.04 r
  mult_x_3/U920/CO (FA1D0BWP40P140)                       0.03      0.07       3.12 r
  mult_x_3/n1070 (net)                          1                   0.00       3.12 r
  mult_x_3/U919/CO (FA1D0BWP40P140)                       0.03      0.07       3.19 r
  mult_x_3/n1067 (net)                          1                   0.00       3.19 r
  mult_x_3/U918/CO (FA1D0BWP40P140)                       0.03      0.07       3.27 r
  mult_x_3/n1064 (net)                          1                   0.00       3.27 r
  mult_x_3/U917/CO (FA1D0BWP40P140)                       0.03      0.07       3.34 r
  mult_x_3/n1061 (net)                          1                   0.00       3.34 r
  mult_x_3/U916/CO (FA1D0BWP40P140)                       0.03      0.07       3.41 r
  mult_x_3/n1058 (net)                          1                   0.00       3.41 r
  mult_x_3/U915/CO (FA1D0BWP40P140)                       0.03      0.07       3.49 r
  mult_x_3/n1159 (net)                          1                   0.00       3.49 r
  mult_x_3/U955/CO (FA1D0BWP40P140)                       0.03      0.07       3.56 r
  mult_x_3/n1212 (net)                          1                   0.00       3.56 r
  mult_x_3/U973/CO (FA1D0BWP40P140)                       0.02      0.07       3.63 r
  mult_x_3/n1223 (net)                          1                   0.00       3.63 r
  mult_x_3/U535/ZN (XNR4D0BWP40P140)                      0.03      0.12       3.75 r
  mult_x_3/n1225 (net)                          1                   0.00       3.75 r
  mult_x_3/U537/Z (XOR4D0BWP40P140)                       0.03      0.10       3.85 r
  mult_x_3/product[26] (net)                    1                   0.00       3.85 r
  mult_x_3/product[26] (core4_a24_b10_c24_DW_mult_uns_J2_1)         0.00       3.85 r
  n_w_2_T_1[26] (net)                                               0.00       3.85 r
  s_w_2_reg_26_/D (DFKCNQD1BWP40P140)                     0.03      0.00       3.85 r
  data arrival time                                                            3.85

  clock clk (rise edge)                                             5.00       5.00
  clock network delay (ideal)                                       0.00       5.00
  s_w_2_reg_26_/CP (DFKCNQD1BWP40P140)                              0.00       5.00 r
  library setup time                                               -0.04       4.96
  data required time                                                           4.96
  ---------------------------------------------------------------------------------------------------------
  data required time                                                           4.96
  data arrival time                                                           -3.85
  ---------------------------------------------------------------------------------------------------------
  slack (MET)                                                                  1.11


1
