Information: Updating design information... (UID-85)
 
****************************************
Report : qor
Design : core4_a24_b8_c24
Version: O-2018.06-SP5
Date   : Tue May 12 05:43:43 2026
****************************************


  Timing Path Group 'clk'
  -----------------------------------
  Levels of Logic:              40.00
  Critical Path Length:          3.04
  Critical Path Slack:           1.41
  Critical Path Clk Period:      5.00
  Total Negative Slack:          0.00
  No. of Violating Paths:        0.00
  Worst Hold Violation:          0.00
  Total Hold Violation:          0.00
  No. of Hold Violations:        0.00
  -----------------------------------


  Cell Count
  -----------------------------------
  Hierarchical Cell Count:         18
  Hierarchical Port Count:       2550
  Leaf Cell Count:               4524
  Buf/Inv Cell Count:             571
  Buf Cell Count:                  64
  Inv Cell Count:                 507
  CT Buf/Inv Cell Count:            0
  Combinational Cell Count:      4240
  Sequential Cell Count:          284
  Macro Count:                      0
  -----------------------------------


  Area
  -----------------------------------
  Combinational Area:     5186.033918
  Noncombinational Area:   572.544009
  Buf/Inv Area:            151.956001
  Total Buffer Area:            24.19
  Total Inverter Area:         127.76
  Macro/Black Box Area:      0.000000
  Net Area:                  0.000000
  -----------------------------------
  Cell Area:              5758.577927
  Design Area:            5758.577927


  Design Rules
  -----------------------------------
  Total Number of Nets:          6387
  Nets With Violations:             0
  Max Trans Violations:             0
  Max Cap Violations:               0
  -----------------------------------


  Hostname: inspur19

  Compile CPU Statistics
  -----------------------------------------
  Resource Sharing:                    0.00
  Logic Optimization:                  0.00
  Mapping Optimization:                0.00
  -----------------------------------------
  Overall Compile Time:              134.85
  Overall Compile Wall Clock Time:   333.67

  --------------------------------------------------------------------

  Design  WNS: 0.00  TNS: 0.00  Number of Violating Paths: 0


  Design (Hold)  WNS: 0.00  TNS: 0.00  Number of Violating Paths: 0

  --------------------------------------------------------------------


1
