 
****************************************
Report : timing
        -path full
        -delay max
        -nets
        -max_paths 1
        -transition_time
Design : core4_a32_b12_c32
Version: O-2018.06-SP5
Date   : Tue May 12 06:55:30 2026
****************************************

Operating Conditions: ssg0p81vm40c   Library: tcbn28hpcplusbwp40p140hvtssg0p81vm40c_ccs
Wire Load Model Mode: segmented

  Startpoint: io_b_3[5] (input port clocked by clk)
  Endpoint: s_w_5_reg_34_
            (rising edge-triggered flip-flop clocked by clk)
  Path Group: clk
  Path Type: max

  Des/Clust/Port     Wire Load Model       Library
  ------------------------------------------------
  core4_a32_b12_c32  ZeroWireload          tcbn28hpcplusbwp40p140hvtssg0p81vm40c_ccs
  core4_a32_b12_c32_DW_mult_uns_J3_2 ZeroWireload tcbn28hpcplusbwp40p140hvtssg0p81vm40c_ccs
  Eval_1_DP_OP_52J3_122_9921_J3_0 ZeroWireload tcbn28hpcplusbwp40p140hvtssg0p81vm40c_ccs
  Eval_1_DP_OP_53J3_123_5236_J3_0 ZeroWireload tcbn28hpcplusbwp40p140hvtssg0p81vm40c_ccs
  Eval_1_DP_OP_54J3_124_3064_J3_0 ZeroWireload tcbn28hpcplusbwp40p140hvtssg0p81vm40c_ccs
  core4_a32_b12_c32_DW_mult_tc_J3_0 ZeroWireload tcbn28hpcplusbwp40p140hvtssg0p81vm40c_ccs

Attributes:
    d - dont_touch
    u - dont_use
   mo - map_only
   so - size_only
    i - ideal_net or ideal_network
  inf - infeasible path

  Point                                       Fanout     Trans      Incr       Path      Attributes
  ---------------------------------------------------------------------------------------------------------
  clock clk (rise edge)                                             0.00       0.00
  clock network delay (ideal)                                       0.00       0.00
  input external delay                                              0.50       0.50 f
  io_b_3[5] (in)                                          0.00      0.00       0.50 f
  io_b_3[5] (net)                               1                   0.00       0.50 f
  evalB/io_in_3[5] (Eval_1)                                         0.00       0.50 f
  evalB/io_in_3[5] (net)                                            0.00       0.50 f
  evalB/U16/ZN (CKND0BWP40P140)                           0.01      0.01       0.51 r
  evalB/n1 (net)                                1                   0.00       0.51 r
  evalB/U7/ZN (CKND0BWP40P140)                            0.25      0.15       0.66 f
  evalB/io_out_0[5] (net)                      38                   0.00       0.66 f
  evalB/DP_OP_54J3_124_3064/I3[5] (Eval_1_DP_OP_54J3_124_3064_J3_0)     0.00     0.66 f
  evalB/DP_OP_54J3_124_3064/I3[5] (net)                             0.00       0.66 f
  evalB/DP_OP_54J3_124_3064/U103/CO (FA1D0BWP40P140)      0.03      0.17       0.82 f
  evalB/DP_OP_54J3_124_3064/n200 (net)          1                   0.00       0.82 f
  evalB/DP_OP_54J3_124_3064/U101/CO (FA1D0BWP40P140)      0.03      0.07       0.90 f
  evalB/DP_OP_54J3_124_3064/n198 (net)          1                   0.00       0.90 f
  evalB/DP_OP_54J3_124_3064/U99/CO (FA1D0BWP40P140)       0.03      0.07       0.97 f
  evalB/DP_OP_54J3_124_3064/n196 (net)          1                   0.00       0.97 f
  evalB/DP_OP_54J3_124_3064/U97/CO (FA1D0BWP40P140)       0.03      0.07       1.04 f
  evalB/DP_OP_54J3_124_3064/n194 (net)          1                   0.00       1.04 f
  evalB/DP_OP_54J3_124_3064/U95/CO (FA1D0BWP40P140)       0.03      0.07       1.11 f
  evalB/DP_OP_54J3_124_3064/n192 (net)          1                   0.00       1.11 f
  evalB/DP_OP_54J3_124_3064/U93/CO (FA1D0BWP40P140)       0.03      0.07       1.19 f
  evalB/DP_OP_54J3_124_3064/n190 (net)          1                   0.00       1.19 f
  evalB/DP_OP_54J3_124_3064/U91/S (FA1D0BWP40P140)        0.04      0.12       1.31 r
  evalB/DP_OP_54J3_124_3064/n223 (net)          2                   0.00       1.31 r
  evalB/DP_OP_54J3_124_3064/U125/ZN (CKND0BWP40P140)      0.03      0.03       1.35 f
  evalB/DP_OP_54J3_124_3064/n243 (net)          1                   0.00       1.35 f
  evalB/DP_OP_54J3_124_3064/U139/CO (FA1D0BWP40P140)      0.03      0.08       1.42 f
  evalB/DP_OP_54J3_124_3064/n239 (net)          1                   0.00       1.42 f
  evalB/DP_OP_54J3_124_3064/U138/CO (FA1D0BWP40P140)      0.03      0.07       1.49 f
  evalB/DP_OP_54J3_124_3064/n236 (net)          1                   0.00       1.49 f
  evalB/DP_OP_54J3_124_3064/U137/CO (FA1D0BWP40P140)      0.03      0.07       1.57 f
  evalB/DP_OP_54J3_124_3064/n233 (net)          1                   0.00       1.57 f
  evalB/DP_OP_54J3_124_3064/U78/S (FA1D1BWP40P140)        0.09      0.15       1.71 r
  evalB/DP_OP_54J3_124_3064/O2[14] (net)       26                   0.00       1.71 r
  evalB/DP_OP_54J3_124_3064/O2[14] (Eval_1_DP_OP_54J3_124_3064_J3_0)     0.00     1.71 r
  evalB/io_out_5[14] (net)                                          0.00       1.71 r
  evalB/io_out_5[14] (Eval_1)                                       0.00       1.71 r
  evalB_io_out_5[14] (net)                                          0.00       1.71 r
  mult_x_6/b[14] (core4_a32_b12_c32_DW_mult_tc_J3_0)                0.00       1.71 r
  mult_x_6/b[14] (net)                                              0.00       1.71 r
  mult_x_6/U950/ZN (INVD1BWP40P140)                       0.09      0.09       1.80 f
  mult_x_6/n2003 (net)                         26                   0.00       1.80 f
  mult_x_6/U1063/ZN (MAOI22D0BWP40P140)                   0.04      0.07       1.88 f
  mult_x_6/n1191 (net)                          3                   0.00       1.88 f
  mult_x_6/U1069/ZN (CKND0BWP40P140)                      0.02      0.03       1.90 r
  mult_x_6/n1194 (net)                          1                   0.00       1.90 r
  mult_x_6/U927/ZN (ND3D0BWP40P140HVT)                    0.47      0.29       2.19 f
  mult_x_6/n2050 (net)                         21                   0.00       2.19 f
  mult_x_6/U1160/ZN (OAI222D0BWP40P140)                   0.09      0.20       2.39 r
  mult_x_6/n1301 (net)                          1                   0.00       2.39 r
  mult_x_6/U1161/ZN (AOI21D0BWP40P140)                    0.07      0.04       2.43 f
  mult_x_6/n1302 (net)                          1                   0.00       2.43 f
  mult_x_6/U932/ZN (MUX2ND0BWP40P140)                     0.06      0.06       2.49 r
  mult_x_6/n1402 (net)                          1                   0.00       2.49 r
  mult_x_6/U1236/CO (HA1D0BWP40P140)                      0.02      0.06       2.55 r
  mult_x_6/n1396 (net)                          1                   0.00       2.55 r
  mult_x_6/U1233/S (FA1D0BWP40P140)                       0.03      0.11       2.66 f
  mult_x_6/n1510 (net)                          1                   0.00       2.66 f
  mult_x_6/U1324/S (FA1D0BWP40P140)                       0.04      0.13       2.79 r
  mult_x_6/n1634 (net)                          1                   0.00       2.79 r
  mult_x_6/U1425/CO (FA1D0BWP40P140)                      0.03      0.08       2.87 r
  mult_x_6/n1627 (net)                          1                   0.00       2.87 r
  mult_x_6/U1421/CO (FA1D0BWP40P140)                      0.03      0.07       2.94 r
  mult_x_6/n1622 (net)                          1                   0.00       2.94 r
  mult_x_6/U1418/CO (FA1D0BWP40P140)                      0.03      0.07       3.02 r
  mult_x_6/n1617 (net)                          1                   0.00       3.02 r
  mult_x_6/U1414/CO (FA1D0BWP40P140)                      0.03      0.07       3.09 r
  mult_x_6/n1612 (net)                          1                   0.00       3.09 r
  mult_x_6/U1411/CO (FA1D0BWP40P140)                      0.03      0.07       3.17 r
  mult_x_6/n1607 (net)                          1                   0.00       3.17 r
  mult_x_6/U1407/CO (FA1D0BWP40P140)                      0.03      0.07       3.24 r
  mult_x_6/n1602 (net)                          1                   0.00       3.24 r
  mult_x_6/U1403/CO (FA1D0BWP40P140)                      0.03      0.07       3.31 r
  mult_x_6/n1597 (net)                          1                   0.00       3.31 r
  mult_x_6/U1399/CO (FA1D0BWP40P140)                      0.03      0.07       3.39 r
  mult_x_6/n1592 (net)                          1                   0.00       3.39 r
  mult_x_6/U1395/CO (FA1D0BWP40P140)                      0.03      0.07       3.46 r
  mult_x_6/n1587 (net)                          1                   0.00       3.46 r
  mult_x_6/U1392/CO (FA1D0BWP40P140)                      0.03      0.07       3.54 r
  mult_x_6/n1582 (net)                          1                   0.00       3.54 r
  mult_x_6/U1388/CO (FA1D0BWP40P140)                      0.03      0.07       3.61 r
  mult_x_6/n1577 (net)                          1                   0.00       3.61 r
  mult_x_6/U1385/CO (FA1D0BWP40P140)                      0.03      0.07       3.68 r
  mult_x_6/n1572 (net)                          1                   0.00       3.68 r
  mult_x_6/U1381/CO (FA1D0BWP40P140)                      0.03      0.07       3.76 r
  mult_x_6/n1567 (net)                          1                   0.00       3.76 r
  mult_x_6/U1377/CO (FA1D0BWP40P140)                      0.03      0.07       3.83 r
  mult_x_6/n1562 (net)                          1                   0.00       3.83 r
  mult_x_6/U1376/CO (FA1D0BWP40P140)                      0.03      0.07       3.91 r
  mult_x_6/n1556 (net)                          1                   0.00       3.91 r
  mult_x_6/U1372/CO (FA1D0BWP40P140)                      0.03      0.07       3.98 r
  mult_x_6/n1550 (net)                          1                   0.00       3.98 r
  mult_x_6/U1368/CO (FA1D0BWP40P140)                      0.03      0.07       4.05 r
  mult_x_6/n1973 (net)                          1                   0.00       4.05 r
  mult_x_6/U1634/S (FA1D0BWP40P140)                       0.03      0.11       4.17 f
  mult_x_6/n1981 (net)                          1                   0.00       4.17 f
  mult_x_6/U1637/S (FA1D0BWP40P140)                       0.04      0.13       4.30 r
  mult_x_6/n1988 (net)                          1                   0.00       4.30 r
  mult_x_6/U1641/CO (FA1D0BWP40P140)                      0.03      0.08       4.38 r
  mult_x_6/n2020 (net)                          1                   0.00       4.38 r
  mult_x_6/U1653/CO (FA1D0BWP40P140)                      0.03      0.07       4.45 r
  mult_x_6/n2023 (net)                          1                   0.00       4.45 r
  mult_x_6/U930/Z (XOR4D0BWP40P140)                       0.03      0.10       4.55 r
  mult_x_6/n2033 (net)                          1                   0.00       4.55 r
  mult_x_6/U929/Z (XOR4D1BWP40P140)                       0.02      0.10       4.65 r
  mult_x_6/n2045 (net)                          1                   0.00       4.65 r
  mult_x_6/U958/Z (XOR4D0BWP40P140)                       0.03      0.12       4.76 r
  mult_x_6/n2056 (net)                          2                   0.00       4.76 r
  mult_x_6/U1659/ZN (OAI21D0BWP40P140HVT)                 0.05      0.04       4.81 f
  mult_x_6/n2053 (net)                          1                   0.00       4.81 f
  mult_x_6/U1660/ZN (OAI31D0BWP40P140LVT)                 0.03      0.03       4.84 r
  mult_x_6/n2062 (net)                          1                   0.00       4.84 r
  mult_x_6/U993/Z (XOR4D0BWP40P140)                       0.03      0.12       4.95 r
  mult_x_6/product[34] (net)                    1                   0.00       4.95 r
  mult_x_6/product[34] (core4_a32_b12_c32_DW_mult_tc_J3_0)          0.00       4.95 r
  n_w_5_T_1[34] (net)                                               0.00       4.95 r
  s_w_5_reg_34_/D (DFKCNQD1BWP40P140)                     0.03      0.00       4.95 r
  data arrival time                                                            4.95

  clock clk (rise edge)                                             5.00       5.00
  clock network delay (ideal)                                       0.00       5.00
  s_w_5_reg_34_/CP (DFKCNQD1BWP40P140)                              0.00       5.00 r
  library setup time                                               -0.04       4.96
  data required time                                                           4.96
  ---------------------------------------------------------------------------------------------------------
  data required time                                                           4.96
  data arrival time                                                           -4.95
  ---------------------------------------------------------------------------------------------------------
  slack (MET)                                                                  0.00


1
