 
****************************************
Report : area
Design : core4_a24_b10_c24
Version: O-2018.06-SP5
Date   : Tue May 12 04:57:14 2026
****************************************

Library(s) Used:

    tcbn28hpcplusbwp40p140lvtssg0p81vm40c_ccs (File: /export1/Library/TN28HPC+/STD_CELL_ext/track9_200824/TSMCHOME/digital/Front_End/timing_power_noise/CCS/tcbn28hpcplusbwp40p140lvt_180a/tcbn28hpcplusbwp40p140lvtssg0p81vm40c_ccs.db)
    tcbn28hpcplusbwp40p140ssg0p81vm40c_ccs (File: /export1/Library/TN28HPC+/STD_CELL_ext/track9_200824/TSMCHOME/digital/Front_End/timing_power_noise/CCS/tcbn28hpcplusbwp40p140_180a/tcbn28hpcplusbwp40p140ssg0p81vm40c_ccs.db)
    tcbn28hpcplusbwp40p140hvtssg0p81vm40c_ccs (File: /export1/Library/TN28HPC+/STD_CELL_ext/track9_200824/TSMCHOME/digital/Front_End/timing_power_noise/CCS/tcbn28hpcplusbwp40p140hvt_180a/tcbn28hpcplusbwp40p140hvtssg0p81vm40c_ccs.db)

Number of ports:                         2870
Number of nets:                          9135
Number of cells:                         4818
Number of combinational cells:           4510
Number of sequential cells:               284
Number of macros/black boxes:               0
Number of buf/inv:                        547
Number of references:                      14

Combinational area:               5547.527910
Buf/Inv area:                      146.538001
Noncombinational area:             572.544009
Macro/Black Box area:                0.000000
Net Interconnect area:      undefined  (Wire load has zero net area)

Total cell area:                  6120.071919
Total area:                 undefined

Area of detected synthetic parts
--------------------------------
                                                  Perc. of
  Module               Implem.  Count       Area cell area
  -------------------- -------  ----- ---------- ---------
  DP_OP_106J2_122_5429     str      1  1510.4834     24.7%
  DP_OP_52J2_123_5738      str      1   154.2239      2.5%
  DP_OP_52J2_126_4539      str      1    69.8040      1.1%
  DP_OP_53J2_124_3642      str      1   213.9478      3.5%
  DP_OP_53J2_127_9506      str      1    90.4679      1.5%
  DP_OP_54J2_125_276       str      1   215.4598      3.5%
  DP_OP_54J2_128_4915      str      1    97.6500      1.6%
  DW_mult_tc           apparch      4  1951.3665     31.9%
  DW_mult_uns          apparch      3  1213.3828     19.8%
  -------------------- -------  ----- ---------- ---------
  DP_OP Subtotal:                   7  2352.0369     38.4%
  Total:                           14  5516.7862     90.1%

Subtotal of datapath(DP_OP) cell area:  2352.0369  38.4%  
Total synthetic cell area:              5516.7862  90.1%  

1
