 
****************************************
Report : area
Design : core64_a36_b14_c36
Version: O-2018.06-SP5
Date   : Wed May 13 08:41:21 2026
****************************************

Library(s) Used:

    tcbn28hpcplusbwp40p140lvtssg0p81vm40c_ccs (File: /export1/Library/TN28HPC+/STD_CELL_ext/track9_200824/TSMCHOME/digital/Front_End/timing_power_noise/CCS/tcbn28hpcplusbwp40p140lvt_180a/tcbn28hpcplusbwp40p140lvtssg0p81vm40c_ccs.db)
    tcbn28hpcplusbwp40p140ssg0p81vm40c_ccs (File: /export1/Library/TN28HPC+/STD_CELL_ext/track9_200824/TSMCHOME/digital/Front_End/timing_power_noise/CCS/tcbn28hpcplusbwp40p140_180a/tcbn28hpcplusbwp40p140ssg0p81vm40c_ccs.db)
    tcbn28hpcplusbwp40p140hvtssg0p81vm40c_ccs (File: /export1/Library/TN28HPC+/STD_CELL_ext/track9_200824/TSMCHOME/digital/Front_End/timing_power_noise/CCS/tcbn28hpcplusbwp40p140hvt_180a/tcbn28hpcplusbwp40p140hvtssg0p81vm40c_ccs.db)

Number of ports:                       418502
Number of nets:                       1407995
Number of cells:                       749444
Number of combinational cells:         699212
Number of sequential cells:             42642
Number of macros/black boxes:               0
Number of buf/inv:                      84329
Number of references:                      44

Combinational area:             864751.595559
Buf/Inv area:                    22680.630200
Noncombinational area:           80601.695393
Macro/Black Box area:                0.000000
Net Interconnect area:      undefined  (Wire load has zero net area)

Total cell area:                945353.290952
Total area:                 undefined

Area of detected synthetic parts
--------------------------------
                                                     Perc. of
  Module                Implem.  Count         Area cell area
  --------------------- -------  ----- ------------ ---------
  DP_OP_106J21_122_8999     str     28   87491.2107      9.3%
  DP_OP_106J22_122_6228     str     21   63441.0557      6.7%
  DP_OP_1681J3_122_1523     str      1   43599.2188      4.6%
  DP_OP_421J11_122_4043     str      4   48055.1270      5.1%
  DP_OP_421J12_122_3346     str      3   34460.0762      3.6%
  DP_OP_52J19_122_3730      str     16    3810.4899      0.4%
  DP_OP_52J20_125_4593      str     16    1703.8971      0.2%
  DP_OP_53J19_123_8845      str     16    5175.5727      0.5%
  DP_OP_53J20_126_1321      str     16    3208.3385      0.3%
  DP_OP_53J22_123_9578      str     41   11192.0685      1.2%
  DP_OP_53J27_122_9164      str     37    5647.3179      0.6%
  DP_OP_54J15_122_639       str      4    1007.8735      0.1%
  DP_OP_54J15_125_2521      str      1      96.0120      0.0%
  DP_OP_54J16_122_854       str      4    1069.9913      0.1%
  DP_OP_54J16_125_7163      str      1      96.3900      0.0%
  DP_OP_54J17_122_4682      str      4    1069.9913      0.1%
  DP_OP_54J17_125_3067      str      1      95.7600      0.0%
  DP_OP_54J18_122_3091      str      2     500.4717      0.1%
  DP_OP_54J18_125_4842      str      1      96.3900      0.0%
  DP_OP_54J19_124_1745      str     16    5236.1786      0.6%
  DP_OP_54J19_125_8523      str      4     393.3719      0.0%
  DP_OP_54J20_122_5955      str      4     949.5354      0.1%
  DP_OP_54J20_127_2501      str     16    3485.4134      0.4%
  DP_OP_54J21_126_8276      str      4    1067.9753      0.1%
  DP_OP_54J21_129_7300      str      4     441.3779      0.0%
  DP_OP_54J22_124_907       str     41   15971.3690      1.7%
  DP_OP_54J22_126_7364      str      4    1067.9753      0.1%
  DP_OP_54J22_129_8022      str      4     390.2219      0.0%
  DP_OP_54J23_122_59        str      1     153.3419      0.0%
  DP_OP_54J23_125_883       str      4     531.2158      0.1%
  DP_OP_54J24_122_1014      str      1     144.7740      0.0%
  DP_OP_54J24_125_1059      str      4     530.3339      0.1%
  DP_OP_54J25_122_1996      str      2     313.8660      0.0%
  DP_OP_54J25_125_6062      str      4     504.6298      0.1%
  DP_OP_54J26_125_8890      str      4     496.1878      0.1%
  DP_OP_54J27_123_1920      str     37    8993.8763      1.0%
  DP_OP_54J27_125_3335      str      2     221.2559      0.0%
  DP_OP_54J28_122_580       str      1     271.7818      0.0%
  DP_OP_54J28_125_9023      str      1     140.7420      0.0%
  DP_OP_54J29_122_6213      str      1     237.3839      0.0%
  DP_OP_54J30_122_342       str      1     239.2739      0.0%
  DP_OP_54J31_122_9217      str      1     237.3839      0.0%
  DP_OP_54J32_122_7988      str      1     237.3839      0.0%
  DP_OP_54J33_122_8665      str      4     949.5354      0.1%
  DP_OP_55J15_123_1301      str      4    1378.6906      0.1%
  DP_OP_55J15_126_5264      str      1     136.8360      0.0%
  DP_OP_55J16_123_7587      str      4    1459.2051      0.2%
  DP_OP_55J16_126_6546      str      1     142.2540      0.0%
  DP_OP_55J17_123_3462      str      4    1462.9850      0.2%
  DP_OP_55J17_126_1456      str      1     140.6160      0.0%
  DP_OP_55J18_123_7508      str      2     678.6355      0.1%
  DP_OP_55J18_126_6966      str      1     133.8120      0.0%
  DP_OP_55J19_126_2557      str      4     544.5719      0.1%
  DP_OP_55J20_123_5437      str      4    1289.7352      0.1%
  DP_OP_55J21_123_4242      str      1     272.7898      0.0%
  DP_OP_55J21_127_5033      str      4    1472.4349      0.2%
  DP_OP_55J21_130_1408      str      4     760.9139      0.1%
  DP_OP_55J22_125_2024      str     41   15455.0222      1.6%
  DP_OP_55J22_127_1671      str      4    1469.2850      0.2%
  DP_OP_55J22_130_4344      str      4     531.2158      0.1%
  DP_OP_55J23_123_5296      str      1     217.9800      0.0%
  DP_OP_55J23_126_2461      str      4     713.6638      0.1%
  DP_OP_55J24_123_7030      str      1     192.6539      0.0%
  DP_OP_55J24_126_7099      str      4     699.5517      0.1%
  DP_OP_55J25_123_2434      str      2     426.6358      0.0%
  DP_OP_55J25_126_8970      str      4     680.6517      0.1%
  DP_OP_55J26_122_6661      str      1     154.6019      0.0%
  DP_OP_55J26_126_7119      str      4     836.8917      0.1%
  DP_OP_55J27_124_2354      str     37    8589.4158      0.9%
  DP_OP_55J27_126_8732      str      2     296.9818      0.0%
  DP_OP_55J28_123_5196      str      1     382.1577      0.0%
  DP_OP_55J28_126_8917      str      1     187.8659      0.0%
  DP_OP_55J29_123_6224      str      1     322.4338      0.0%
  DP_OP_55J30_123_3469      str      1     322.4337      0.0%
  DP_OP_55J31_123_8979      str      1     324.9538      0.0%
  DP_OP_55J32_123_9628      str      1     323.0638      0.0%
  DP_OP_55J33_123_4570      str      4    1294.0192      0.1%
  DP_OP_56J15_124_7812      str      4    1393.3066      0.1%
  DP_OP_56J15_127_4771      str      1     140.7420      0.0%
  DP_OP_56J16_124_7642      str      4    1479.2390      0.2%
  DP_OP_56J16_127_3489      str      1     140.9940      0.0%
  DP_OP_56J17_124_6905      str      4    1480.4990      0.2%
  DP_OP_56J17_127_5191      str      1     135.8279      0.0%
  DP_OP_56J18_124_8232      str      2     690.6055      0.1%
  DP_OP_56J18_127_9648      str      1     141.4980      0.0%
  DP_OP_56J19_127_6292      str      4     558.9358      0.1%
  DP_OP_56J20_124_5252      str      4    1313.4230      0.1%
  DP_OP_56J21_124_6859      str      1     382.1577      0.0%
  DP_OP_56J21_128_5140      str      4    1465.1270      0.2%
  DP_OP_56J21_131_2646      str      4     763.0557      0.1%
  DP_OP_56J22_128_2247      str      4    1466.3869      0.2%
  DP_OP_56J22_131_8079      str      4     548.2257      0.1%
  DP_OP_56J23_124_4803      str      1     211.4279      0.0%
  DP_OP_56J23_127_6196      str      4     918.1616      0.1%
  DP_OP_56J24_124_2242      str      1     191.2679      0.0%
  DP_OP_56J24_127_9781      str      4     715.5538      0.1%
  DP_OP_56J25_124_4531      str      2     642.2216      0.1%
  DP_OP_56J25_127_2491      str      4     705.4738      0.1%
  DP_OP_56J26_123_6786      str      1     331.7578      0.0%
  DP_OP_56J26_127_7864      str      4     957.4739      0.1%
  DP_OP_56J27_127_6811      str      2     308.4479      0.0%
  DP_OP_56J28_124_4835      str      1     381.5276      0.0%
  DP_OP_56J28_127_2315      str      1     193.0319      0.0%
  DP_OP_56J29_124_1050      str      1     328.3557      0.0%
  DP_OP_56J30_124_2523      str      1     328.3558      0.0%
  DP_OP_56J31_124_6980      str      1     328.9858      0.0%
  DP_OP_56J32_124_7629      str      1     328.3558      0.0%
  DP_OP_56J33_124_1518      str      4    1313.4232      0.1%
  DP_OP_57J21_125_4104      str      1     375.7317      0.0%
  DP_OP_57J26_124_1504      str      1     327.2219      0.0%
  DW_mult_tc            apparch    274  362134.4761     38.3%
  DW_mult_uns           apparch     69   78474.1179      8.3%
  --------------------- -------  ----- ------------ ---------
  DP_OP Subtotal:                  615  419305.3957     44.4%
  Total:                           958  859913.9898     91.0%

Subtotal of datapath(DP_OP) cell area:  419305.3957  44.4%  
Total synthetic cell area:              859913.9898  91.0%  

1
