 
****************************************
Report : timing
        -path full
        -delay max
        -max_paths 3
Design : core64_a28_b8_c28
Version: O-2018.06-SP5
Date   : Wed May 13 01:49:52 2026
****************************************

 # A fanout number of 1000 was used for high fanout net computations.

Operating Conditions: ssg0p81vm40c   Library: tcbn28hpcplusbwp40p140hvtssg0p81vm40c_ccs
Wire Load Model Mode: segmented

  Startpoint: io_b_63[0] (input port clocked by clk)
  Endpoint: core16_3/core4_5/s_w_5_reg_36_
            (rising edge-triggered flip-flop clocked by clk)
  Path Group: clk
  Path Type: max

  Des/Clust/Port     Wire Load Model       Library
  ------------------------------------------------
  core64_a28_b8_c28  ZeroWireload          tcbn28hpcplusbwp40p140hvtssg0p81vm40c_ccs
  Eval_1_0_DP_OP_52J22_125_102_J22_0_0
                     ZeroWireload          tcbn28hpcplusbwp40p140hvtssg0p81vm40c_ccs
  Eval_1_0_DP_OP_53J22_126_6763_J22_0_0
                     ZeroWireload          tcbn28hpcplusbwp40p140hvtssg0p81vm40c_ccs
  Eval_1_0_DP_OP_54J22_127_2528_J22_0_0
                     ZeroWireload          tcbn28hpcplusbwp40p140hvtssg0p81vm40c_ccs
  Eval_33_1_DP_OP_53J26_122_4708_J26_0_33
                     ZeroWireload          tcbn28hpcplusbwp40p140hvtssg0p81vm40c_ccs
  Eval_33_1_DP_OP_54J26_123_8292_J26_0_33
                     ZeroWireload          tcbn28hpcplusbwp40p140hvtssg0p81vm40c_ccs
  Eval_33_1_DP_OP_55J26_124_8043_J26_0_33
                     ZeroWireload          tcbn28hpcplusbwp40p140hvtssg0p81vm40c_ccs
  core4_1_DW_mult_tc_J23_6_10
                     ZeroWireload          tcbn28hpcplusbwp40p140hvtssg0p81vm40c_ccs
  Eval_33_1_DP_OP_53J26_122_4708_J26_0_14
                     ZeroWireload          tcbn28hpcplusbwp40p140hvtssg0p81vm40c_ccs
  Eval_33_1_DP_OP_54J26_123_8292_J26_0_14
                     ZeroWireload          tcbn28hpcplusbwp40p140hvtssg0p81vm40c_ccs
  Eval_33_1_DP_OP_55J26_124_8043_J26_0_14
                     ZeroWireload          tcbn28hpcplusbwp40p140hvtssg0p81vm40c_ccs
  core4_1_DW_mult_tc_J23_1_10
                     ZeroWireload          tcbn28hpcplusbwp40p140hvtssg0p81vm40c_ccs

  Point                                                   Incr       Path
  --------------------------------------------------------------------------
  clock clk (rise edge)                                   0.00       0.00
  clock network delay (ideal)                             0.00       0.00
  input external delay                                    0.50       0.50 f
  io_b_63[0] (in)                                         0.00       0.50 f
  evalB_15/io_in_3[0] (Eval_1_0)                          0.00       0.50 f
  evalB_15/U14/ZN (INVD2BWP40P140LVT)                     0.00       0.50 r
  evalB_15/U13/ZN (CKND2BWP40P140)                        0.01       0.52 f
  evalB_15/DP_OP_53J22_126_6763/I4[0] (Eval_1_0_DP_OP_53J22_126_6763_J22_0_0)
                                                          0.00       0.52 f
  evalB_15/DP_OP_53J22_126_6763/U79/CO (HA1D1BWP40P140LVT)
                                                          0.02       0.54 f
  evalB_15/DP_OP_53J22_126_6763/U51/CO (FA1D1BWP40P140LVT)
                                                          0.04       0.58 f
  evalB_15/DP_OP_53J22_126_6763/U50/CO (FA1D1BWP40P140LVT)
                                                          0.04       0.62 f
  evalB_15/DP_OP_53J22_126_6763/U62/S (FA1D1BWP40P140LVT)
                                                          0.08       0.70 r
  evalB_15/DP_OP_53J22_126_6763/U60/ZN (CKND1BWP40P140)
                                                          0.02       0.73 f
  evalB_15/DP_OP_53J22_126_6763/U71/CO (FA1D1BWP40P140)
                                                          0.06       0.79 f
  evalB_15/DP_OP_53J22_126_6763/U69/CO (FA1D1BWP40P140)
                                                          0.06       0.84 f
  evalB_15/DP_OP_53J22_126_6763/U67/CO (FA1D1BWP40P140)
                                                          0.06       0.90 f
  evalB_15/DP_OP_53J22_126_6763/U92/CO (FA1D1BWP40P140)
                                                          0.06       0.96 f
  evalB_15/DP_OP_53J22_126_6763/U93/CO (FA1D1BWP40P140LVT)
                                                          0.04       1.00 f
  evalB_15/DP_OP_53J22_126_6763/U65/S (FA1D1BWP40P140)
                                                          0.08       1.08 f
  evalB_15/DP_OP_53J22_126_6763/O2[8] (Eval_1_0_DP_OP_53J22_126_6763_J22_0_0)
                                                          0.00       1.08 f
  evalB_15/io_out_3[8] (Eval_1_0)                         0.00       1.08 f
  core16_3/io_b_15[8] (core16_3)                          0.00       1.08 f
  core16_3/evalB_3/io_in_3[8] (Eval_33_61)                0.00       1.08 f
  core16_3/evalB_3/U19/ZN (INVD1BWP40P140)                0.01       1.09 r
  core16_3/evalB_3/U2/ZN (INVD1BWP40P140LVT)              0.03       1.12 f
  core16_3/evalB_3/DP_OP_55J26_124_8043/I3[8] (Eval_33_1_DP_OP_55J26_124_8043_J26_0_33)
                                                          0.00       1.12 f
  core16_3/evalB_3/DP_OP_55J26_124_8043/U122/CO (FA1D1BWP40P140)
                                                          0.07       1.19 f
  core16_3/evalB_3/DP_OP_55J26_124_8043/U133/S (FA1D0BWP40P140)
                                                          0.12       1.31 r
  core16_3/evalB_3/DP_OP_55J26_124_8043/U204/ZN (CKND0BWP40P140)
                                                          0.04       1.34 f
  core16_3/evalB_3/DP_OP_55J26_124_8043/U208/CO (FA1D1BWP40P140)
                                                          0.07       1.41 f
  core16_3/evalB_3/DP_OP_55J26_124_8043/U207/CO (FA1D1BWP40P140)
                                                          0.06       1.47 f
  core16_3/evalB_3/DP_OP_55J26_124_8043/U206/S (FA1D1BWP40P140)
                                                          0.08       1.55 f
  core16_3/evalB_3/DP_OP_55J26_124_8043/O2[11] (Eval_33_1_DP_OP_55J26_124_8043_J26_0_33)
                                                          0.00       1.55 f
  core16_3/evalB_3/io_out_5[11] (Eval_33_61)              0.00       1.55 f
  core16_3/core4_5/io_b_3[11] (core4_22)                  0.00       1.55 f
  core16_3/core4_5/evalB/io_in_3[11] (Eval_33_22)         0.00       1.55 f
  core16_3/core4_5/evalB/U14/ZN (INVD0P7BWP40P140)        0.01       1.56 r
  core16_3/core4_5/evalB/U6/ZN (CKND0BWP40P140)           0.14       1.70 f
  core16_3/core4_5/evalB/DP_OP_55J26_124_8043/I3[11] (Eval_33_1_DP_OP_55J26_124_8043_J26_0_14)
                                                          0.00       1.70 f
  core16_3/core4_5/evalB/DP_OP_55J26_124_8043/U146/CO (FA1D0BWP40P140)
                                                          0.16       1.86 f
  core16_3/core4_5/evalB/DP_OP_55J26_124_8043/U188/CO (FA1D1BWP40P140)
                                                          0.06       1.92 f
  core16_3/core4_5/evalB/DP_OP_55J26_124_8043/U126/CO (FA1D0BWP40P140)
                                                          0.07       1.99 f
  core16_3/core4_5/evalB/DP_OP_55J26_124_8043/U141/CO (FA1D0BWP40P140)
                                                          0.07       2.06 f
  core16_3/core4_5/evalB/DP_OP_55J26_124_8043/U119/CO (FA1D0BWP40P140)
                                                          0.07       2.13 f
  core16_3/core4_5/evalB/DP_OP_55J26_124_8043/U128/CO (FA1D0BWP40P140)
                                                          0.07       2.21 f
  core16_3/core4_5/evalB/DP_OP_55J26_124_8043/U143/CO (FA1D0BWP40P140)
                                                          0.07       2.28 f
  core16_3/core4_5/evalB/DP_OP_55J26_124_8043/U123/S (FA1D0BWP40P140)
                                                          0.12       2.40 r
  core16_3/core4_5/evalB/DP_OP_55J26_124_8043/U134/ZN (CKND0BWP40P140)
                                                          0.03       2.44 f
  core16_3/core4_5/evalB/DP_OP_55J26_124_8043/U133/CO (FA1D0BWP40P140)
                                                          0.07       2.51 f
  core16_3/core4_5/evalB/DP_OP_55J26_124_8043/U148/CO (FA1D0BWP40P140)
                                                          0.07       2.58 f
  core16_3/core4_5/evalB/DP_OP_55J26_124_8043/U109/Z (XOR2UD1BWP40P140)
                                                          0.10       2.68 f
  core16_3/core4_5/evalB/DP_OP_55J26_124_8043/O2[20] (Eval_33_1_DP_OP_55J26_124_8043_J26_0_14)
                                                          0.00       2.68 f
  core16_3/core4_5/evalB/io_out_5[20] (Eval_33_22)        0.00       2.68 f
  core16_3/core4_5/mult_x_6/b[20] (core4_1_DW_mult_tc_J23_1_10)
                                                          0.00       2.68 f
  core16_3/core4_5/mult_x_6/U1124/ZN (INVD1BWP40P140)     0.12       2.80 r
  core16_3/core4_5/mult_x_6/U1083/ZN (MUX2ND0BWP40P140)
                                                          0.06       2.86 f
  core16_3/core4_5/mult_x_6/U1087/ZN (NR2D0P7BWP40P140)
                                                          0.11       2.97 r
  core16_3/core4_5/mult_x_6/U1118/ZN (AOI222D0BWP40P140)
                                                          0.07       3.04 f
  core16_3/core4_5/mult_x_6/U1116/ZN (MUX2ND0BWP40P140)
                                                          0.07       3.11 f
  core16_3/core4_5/mult_x_6/U1115/S (HA1D0BWP40P140)      0.07       3.18 f
  core16_3/core4_5/mult_x_6/U1461/CO (FA1D1BWP40P140)     0.07       3.25 f
  core16_3/core4_5/mult_x_6/U1459/CO (FA1D1BWP40P140)     0.06       3.30 f
  core16_3/core4_5/mult_x_6/U1455/CO (FA1D1BWP40P140)     0.06       3.36 f
  core16_3/core4_5/mult_x_6/U1437/CO (FA1D0BWP40P140)     0.07       3.43 f
  core16_3/core4_5/mult_x_6/U1094/CO (FA1D0BWP40P140)     0.07       3.50 f
  core16_3/core4_5/mult_x_6/U1443/S (FA1D1BWP40P140)      0.11       3.61 r
  core16_3/core4_5/mult_x_6/U1167/CO (FA1D0BWP40P140)     0.08       3.68 r
  core16_3/core4_5/mult_x_6/U1519/S (FA1D1BWP40P140)      0.10       3.79 f
  core16_3/core4_5/mult_x_6/U1613/CO (FA1D1BWP40P140)     0.07       3.85 f
  core16_3/core4_5/mult_x_6/U1609/CO (FA1D0BWP40P140)     0.07       3.92 f
  core16_3/core4_5/mult_x_6/U1606/CO (FA1D1BWP40P140)     0.06       3.98 f
  core16_3/core4_5/mult_x_6/U1620/CO (FA1D0BWP40P140)     0.07       4.05 f
  core16_3/core4_5/mult_x_6/U1599/S (FA1D1BWP40P140)      0.11       4.16 r
  core16_3/core4_5/mult_x_6/U1726/CO (FA1D0BWP40P140)     0.08       4.23 r
  core16_3/core4_5/mult_x_6/U1703/S (FA1D1BWP40P140)      0.10       4.33 f
  core16_3/core4_5/mult_x_6/U1815/CO (FA1D1BWP40P140)     0.07       4.40 f
  core16_3/core4_5/mult_x_6/U1216/CO (FA1D0BWP40P140)     0.07       4.47 f
  core16_3/core4_5/mult_x_6/U1808/CO (FA1D1BWP40P140)     0.06       4.53 f
  core16_3/core4_5/mult_x_6/U1804/CO (FA1D1BWP40P140)     0.06       4.58 f
  core16_3/core4_5/mult_x_6/U1220/CO (FA1D0BWP40P140)     0.07       4.65 f
  core16_3/core4_5/mult_x_6/U1842/CO (FA1D0BWP40P140)     0.07       4.72 f
  core16_3/core4_5/mult_x_6/U1078/Z (XOR4D0BWP40P140)     0.10       4.82 r
  core16_3/core4_5/mult_x_6/U1096/Z (XOR4D1BWP40P140)     0.10       4.93 r
  core16_3/core4_5/mult_x_6/U1238/Z (XOR2UD0BWP40P140)
                                                          0.03       4.96 r
  core16_3/core4_5/mult_x_6/product[36] (core4_1_DW_mult_tc_J23_1_10)
                                                          0.00       4.96 r
  core16_3/core4_5/s_w_5_reg_36_/D (DFQD1BWP40P140)       0.00       4.96 r
  data arrival time                                                  4.96

  clock clk (rise edge)                                   5.00       5.00
  clock network delay (ideal)                             0.00       5.00
  core16_3/core4_5/s_w_5_reg_36_/CP (DFQD1BWP40P140)      0.00       5.00 r
  library setup time                                     -0.04       4.96
  data required time                                                 4.96
  --------------------------------------------------------------------------
  data required time                                                 4.96
  data arrival time                                                 -4.96
  --------------------------------------------------------------------------
  slack (MET)                                                        0.00


  Startpoint: io_b_59[0] (input port clocked by clk)
  Endpoint: core16_1/core4_5/s_w_4_reg_36_
            (rising edge-triggered flip-flop clocked by clk)
  Path Group: clk
  Path Type: max

  Des/Clust/Port     Wire Load Model       Library
  ------------------------------------------------
  Eval_1_0_DP_OP_54J22_127_2528_J22_0_1
                     ZeroWireload          tcbn28hpcplusbwp40p140hvtssg0p81vm40c_ccs
  Eval_1_0_DP_OP_53J22_126_6763_J22_0_1
                     ZeroWireload          tcbn28hpcplusbwp40p140hvtssg0p81vm40c_ccs
  Eval_1_0_DP_OP_52J22_125_102_J22_0_1
                     ZeroWireload          tcbn28hpcplusbwp40p140hvtssg0p81vm40c_ccs
  core64_a28_b8_c28  ZeroWireload          tcbn28hpcplusbwp40p140hvtssg0p81vm40c_ccs
  Eval_33_69_DP_OP_56J24_127_5098_J24_0_0
                     ZeroWireload          tcbn28hpcplusbwp40p140hvtssg0p81vm40c_ccs
  Eval_33_69_DP_OP_55J24_126_7780_J24_0_0
                     ZeroWireload          tcbn28hpcplusbwp40p140hvtssg0p81vm40c_ccs
  Eval_33_69_DP_OP_54J24_125_7977_J24_0_0
                     ZeroWireload          tcbn28hpcplusbwp40p140hvtssg0p81vm40c_ccs
  core4_1_DW_mult_tc_J23_6_17
                     ZeroWireload          tcbn28hpcplusbwp40p140hvtssg0p81vm40c_ccs
  Eval_33_1_DP_OP_53J26_122_4708_J26_0_23
                     ZeroWireload          tcbn28hpcplusbwp40p140hvtssg0p81vm40c_ccs
  Eval_33_1_DP_OP_54J26_123_8292_J26_0_23
                     ZeroWireload          tcbn28hpcplusbwp40p140hvtssg0p81vm40c_ccs
  Eval_33_1_DP_OP_55J26_124_8043_J26_0_23
                     ZeroWireload          tcbn28hpcplusbwp40p140hvtssg0p81vm40c_ccs
  core4_1_DW_mult_tc_J23_2_17
                     ZeroWireload          tcbn28hpcplusbwp40p140hvtssg0p81vm40c_ccs

  Point                                                   Incr       Path
  --------------------------------------------------------------------------
  clock clk (rise edge)                                   0.00       0.00
  clock network delay (ideal)                             0.00       0.00
  input external delay                                    0.50       0.50 r
  io_b_59[0] (in)                                         0.00       0.50 r
  evalB_14/io_in_3[0] (Eval_1_1)                          0.00       0.50 r
  evalB_14/DP_OP_52J22_125_102/I2[1] (Eval_1_0_DP_OP_52J22_125_102_J22_0_1)
                                                          0.00       0.50 r
  evalB_14/DP_OP_52J22_125_102/U56/S (HA1D1BWP40P140)     0.05       0.55 f
  evalB_14/DP_OP_52J22_125_102/U60/CO (FA1D0BWP40P140)
                                                          0.07       0.62 f
  evalB_14/DP_OP_52J22_125_102/U61/CO (FA1D0BWP40P140)
                                                          0.08       0.70 f
  evalB_14/DP_OP_52J22_125_102/U62/CO (FA1D0BWP40P140)
                                                          0.07       0.77 f
  evalB_14/DP_OP_52J22_125_102/U59/S (FA1D0BWP40P140)     0.12       0.90 r
  evalB_14/DP_OP_52J22_125_102/U37/S (FA1D1BWP40P140)     0.12       1.01 f
  evalB_14/DP_OP_52J22_125_102/O1[6] (Eval_1_0_DP_OP_52J22_125_102_J22_0_1)
                                                          0.00       1.01 f
  evalB_14/io_out_1[6] (Eval_1_1)                         0.00       1.01 f
  core16_1/io_b_14[6] (core16_5)                          0.00       1.01 f
  core16_1/evalB_3/io_in_2[6] (Eval_33_69)                0.00       1.01 f
  core16_1/evalB_3/DP_OP_56J24_127_5098/I2[6] (Eval_33_69_DP_OP_56J24_127_5098_J24_0_0)
                                                          0.00       1.01 f
  core16_1/evalB_3/DP_OP_56J24_127_5098/U159/CO (FA1D1BWP40P140)
                                                          0.08       1.09 f
  core16_1/evalB_3/DP_OP_56J24_127_5098/U112/CO (FA1D1BWP40P140)
                                                          0.06       1.15 f
  core16_1/evalB_3/DP_OP_56J24_127_5098/U124/CO (FA1D0BWP40P140)
                                                          0.07       1.21 f
  core16_1/evalB_3/DP_OP_56J24_127_5098/U129/CO (FA1D0BWP40P140)
                                                          0.07       1.29 f
  core16_1/evalB_3/DP_OP_56J24_127_5098/U139/S (FA1D0BWP40P140)
                                                          0.14       1.42 r
  core16_1/evalB_3/DP_OP_56J24_127_5098/U171/S (FA1D1BWP40P140)
                                                          0.11       1.53 f
  core16_1/evalB_3/DP_OP_56J24_127_5098/O2[11] (Eval_33_69_DP_OP_56J24_127_5098_J24_0_0)
                                                          0.00       1.53 f
  core16_1/evalB_3/io_out_5[11] (Eval_33_69)              0.00       1.53 f
  core16_1/core4_5/io_b_3[11] (core4_36)                  0.00       1.53 f
  core16_1/core4_5/evalB/io_in_3[11] (Eval_33_36)         0.00       1.53 f
  core16_1/core4_5/evalB/U15/ZN (CKND0BWP40P140)          0.02       1.55 r
  core16_1/core4_5/evalB/U2/ZN (INVD1BWP40P140LVT)        0.06       1.61 f
  core16_1/core4_5/evalB/DP_OP_55J26_124_8043/I3[11] (Eval_33_1_DP_OP_55J26_124_8043_J26_0_23)
                                                          0.00       1.61 f
  core16_1/core4_5/evalB/DP_OP_55J26_124_8043/U162/CO (FA1D0BWP40P140)
                                                          0.11       1.72 f
  core16_1/core4_5/evalB/DP_OP_55J26_124_8043/U130/CO (FA1D0BWP40P140)
                                                          0.07       1.79 f
  core16_1/core4_5/evalB/DP_OP_55J26_124_8043/U140/CO (FA1D0BWP40P140)
                                                          0.07       1.86 f
  core16_1/core4_5/evalB/DP_OP_55J26_124_8043/U158/S (FA1D0BWP40P140)
                                                          0.12       1.99 r
  core16_1/core4_5/evalB/DP_OP_55J26_124_8043/U171/CO (FA1D0BWP40P140)
                                                          0.08       2.07 r
  core16_1/core4_5/evalB/DP_OP_55J26_124_8043/U144/CO (FA1D0BWP40P140)
                                                          0.07       2.14 r
  core16_1/core4_5/evalB/DP_OP_55J26_124_8043/U161/CO (FA1D0BWP40P140)
                                                          0.07       2.21 r
  core16_1/core4_5/evalB/DP_OP_55J26_124_8043/U172/CO (FA1D0BWP40P140)
                                                          0.07       2.29 r
  core16_1/core4_5/evalB/DP_OP_55J26_124_8043/U154/CO (FA1D0BWP40P140)
                                                          0.07       2.36 r
  core16_1/core4_5/evalB/DP_OP_55J26_124_8043/U170/CO (FA1D0BWP40P140)
                                                          0.07       2.44 r
  core16_1/core4_5/evalB/DP_OP_55J26_124_8043/U207/ZN (XNR2UD0BWP40P140)
                                                          0.12       2.55 f
  core16_1/core4_5/evalB/DP_OP_55J26_124_8043/O1[20] (Eval_33_1_DP_OP_55J26_124_8043_J26_0_23)
                                                          0.00       2.55 f
  core16_1/core4_5/evalB/io_out_4[20] (Eval_33_36)        0.00       2.55 f
  core16_1/core4_5/mult_x_5/b[20] (core4_1_DW_mult_tc_J23_2_17)
                                                          0.00       2.55 f
  core16_1/core4_5/mult_x_5/U1080/ZN (CKND0BWP40P140)     0.18       2.73 r
  core16_1/core4_5/mult_x_5/U1113/ZN (MUX2NUD1BWP40P140)
                                                          0.06       2.80 f
  core16_1/core4_5/mult_x_5/U1212/ZN (NR2D0BWP40P140)     0.14       2.94 r
  core16_1/core4_5/mult_x_5/U1341/ZN (AOI222D0BWP40P140)
                                                          0.09       3.03 f
  core16_1/core4_5/mult_x_5/U1342/ZN (MUX2ND0BWP40P140)
                                                          0.07       3.10 f
  core16_1/core4_5/mult_x_5/U1137/S (HA1D0BWP40P140)      0.08       3.18 r
  core16_1/core4_5/mult_x_5/U1503/S (FA1D1BWP40P140)      0.10       3.28 f
  core16_1/core4_5/mult_x_5/U1181/CO (FA1D0BWP40P140)     0.08       3.36 f
  core16_1/core4_5/mult_x_5/U1580/CO (FA1D1BWP40P140)     0.06       3.42 f
  core16_1/core4_5/mult_x_5/U1576/CO (FA1D1BWP40P140)     0.06       3.48 f
  core16_1/core4_5/mult_x_5/U1182/CO (FA1D0BWP40P140)     0.07       3.55 f
  core16_1/core4_5/mult_x_5/U1569/CO (FA1D1BWP40P140)     0.06       3.61 f
  core16_1/core4_5/mult_x_5/U1565/CO (FA1D0BWP40P140)     0.07       3.68 f
  core16_1/core4_5/mult_x_5/U1183/CO (FA1D0BWP40P140)     0.07       3.75 f
  core16_1/core4_5/mult_x_5/U1558/CO (FA1D1BWP40P140)     0.06       3.81 f
  core16_1/core4_5/mult_x_5/U1554/CO (FA1D1BWP40P140)     0.06       3.86 f
  core16_1/core4_5/mult_x_5/U1184/CO (FA1D0BWP40P140)     0.07       3.93 f
  core16_1/core4_5/mult_x_5/U1632/CO (FA1D0BWP40P140)     0.07       4.00 f
  core16_1/core4_5/mult_x_5/U1544/S (FA1D1BWP40P140)      0.11       4.11 r
  core16_1/core4_5/mult_x_5/U1191/CO (FA1D0BWP40P140)     0.08       4.19 r
  core16_1/core4_5/mult_x_5/U1691/S (FA1D0BWP40P140)      0.11       4.30 f
  core16_1/core4_5/mult_x_5/U1855/S (FA1D0BWP40P140)      0.13       4.43 r
  core16_1/core4_5/mult_x_5/U1255/S (FA1D0BWP40P140)      0.12       4.55 f
  core16_1/core4_5/mult_x_5/U1992/CO (FA1D0BWP40P140)     0.08       4.64 f
  core16_1/core4_5/mult_x_5/U1941/CO (FA1D1BWP40P140)     0.06       4.70 f
  core16_1/core4_5/mult_x_5/U1279/CO (FA1D0BWP40P140)     0.07       4.76 f
  core16_1/core4_5/mult_x_5/U1975/CO (FA1D1BWP40P140)     0.06       4.83 f
  core16_1/core4_5/mult_x_5/U2000/CO (FA1D1BWP40P140)     0.05       4.88 f
  core16_1/core4_5/mult_x_5/U1082/Z (XOR2UD0BWP40P140)
                                                          0.03       4.91 r
  core16_1/core4_5/mult_x_5/U1280/Z (XOR2UD0BWP40P140)
                                                          0.05       4.96 r
  core16_1/core4_5/mult_x_5/product[36] (core4_1_DW_mult_tc_J23_2_17)
                                                          0.00       4.96 r
  core16_1/core4_5/s_w_4_reg_36_/D (DFQD1BWP40P140)       0.00       4.96 r
  data arrival time                                                  4.96

  clock clk (rise edge)                                   5.00       5.00
  clock network delay (ideal)                             0.00       5.00
  core16_1/core4_5/s_w_4_reg_36_/CP (DFQD1BWP40P140)      0.00       5.00 r
  library setup time                                     -0.04       4.96
  data required time                                                 4.96
  --------------------------------------------------------------------------
  data required time                                                 4.96
  data arrival time                                                 -4.96
  --------------------------------------------------------------------------
  slack (MET)                                                        0.00


  Startpoint: io_b_63[0] (input port clocked by clk)
  Endpoint: core16_5/core4_5/s_w_4_reg_36_
            (rising edge-triggered flip-flop clocked by clk)
  Path Group: clk
  Path Type: max

  Des/Clust/Port     Wire Load Model       Library
  ------------------------------------------------
  core64_a28_b8_c28  ZeroWireload          tcbn28hpcplusbwp40p140hvtssg0p81vm40c_ccs
  Eval_1_0_DP_OP_52J22_125_102_J22_0_0
                     ZeroWireload          tcbn28hpcplusbwp40p140hvtssg0p81vm40c_ccs
  Eval_1_0_DP_OP_53J22_126_6763_J22_0_0
                     ZeroWireload          tcbn28hpcplusbwp40p140hvtssg0p81vm40c_ccs
  Eval_1_0_DP_OP_54J22_127_2528_J22_0_0
                     ZeroWireload          tcbn28hpcplusbwp40p140hvtssg0p81vm40c_ccs
  Eval_33_1_DP_OP_55J26_124_8043_J26_0_29
                     ZeroWireload          tcbn28hpcplusbwp40p140hvtssg0p81vm40c_ccs
  Eval_33_1_DP_OP_54J26_123_8292_J26_0_29
                     ZeroWireload          tcbn28hpcplusbwp40p140hvtssg0p81vm40c_ccs
  Eval_33_1_DP_OP_53J26_122_4708_J26_0_29
                     ZeroWireload          tcbn28hpcplusbwp40p140hvtssg0p81vm40c_ccs
  Eval_33_1_DP_OP_55J26_124_8043_J26_0_4
                     ZeroWireload          tcbn28hpcplusbwp40p140hvtssg0p81vm40c_ccs
  Eval_33_1_DP_OP_54J26_123_8292_J26_0_4
                     ZeroWireload          tcbn28hpcplusbwp40p140hvtssg0p81vm40c_ccs
  Eval_33_1_DP_OP_53J26_122_4708_J26_0_4
                     ZeroWireload          tcbn28hpcplusbwp40p140hvtssg0p81vm40c_ccs
  core4_1_DW_mult_tc_J23_2_3
                     ZeroWireload          tcbn28hpcplusbwp40p140hvtssg0p81vm40c_ccs

  Point                                                   Incr       Path
  --------------------------------------------------------------------------
  clock clk (rise edge)                                   0.00       0.00
  clock network delay (ideal)                             0.00       0.00
  input external delay                                    0.50       0.50 r
  io_b_63[0] (in)                                         0.00       0.50 r
  evalB_15/io_in_3[0] (Eval_1_0)                          0.00       0.50 r
  evalB_15/U14/ZN (INVD2BWP40P140LVT)                     0.00       0.50 f
  evalB_15/U13/ZN (CKND2BWP40P140)                        0.02       0.52 r
  evalB_15/DP_OP_54J22_127_2528/I3[0] (Eval_1_0_DP_OP_54J22_127_2528_J22_0_0)
                                                          0.00       0.52 r
  evalB_15/DP_OP_54J22_127_2528/U104/ZN (CKND0BWP40P140)
                                                          0.03       0.55 f
  evalB_15/DP_OP_54J22_127_2528/U65/CO (FA1D1BWP40P140)
                                                          0.06       0.60 f
  evalB_15/DP_OP_54J22_127_2528/U67/CO (FA1D1BWP40P140)
                                                          0.06       0.66 f
  evalB_15/DP_OP_54J22_127_2528/U102/S (FA1D1BWP40P140)
                                                          0.11       0.77 f
  evalB_15/DP_OP_54J22_127_2528/O2[3] (Eval_1_0_DP_OP_54J22_127_2528_J22_0_0)
                                                          0.00       0.77 f
  evalB_15/io_out_5[3] (Eval_1_0)                         0.00       0.77 f
  core16_5/io_b_15[3] (core16_1)                          0.00       0.77 f
  core16_5/evalB_3/io_in_3[3] (Eval_33_53)                0.00       0.77 f
  core16_5/evalB_3/DP_OP_55J26_124_8043/I3[3] (Eval_33_1_DP_OP_55J26_124_8043_J26_0_29)
                                                          0.00       0.77 f
  core16_5/evalB_3/DP_OP_55J26_124_8043/U177/CO (FA1D1BWP40P140)
                                                          0.08       0.84 f
  core16_5/evalB_3/DP_OP_55J26_124_8043/U107/S (FA1D1BWP40P140)
                                                          0.10       0.95 r
  core16_5/evalB_3/DP_OP_55J26_124_8043/U171/ZN (CKND0BWP40P140)
                                                          0.03       0.98 f
  core16_5/evalB_3/DP_OP_55J26_124_8043/U189/S (FA1D0BWP40P140)
                                                          0.16       1.13 r
  core16_5/evalB_3/DP_OP_55J26_124_8043/O2[4] (Eval_33_1_DP_OP_55J26_124_8043_J26_0_29)
                                                          0.00       1.13 r
  core16_5/evalB_3/io_out_5[4] (Eval_33_53)               0.00       1.13 r
  core16_5/core4_5/io_b_3[4] (core4_8)                    0.00       1.13 r
  core16_5/core4_5/evalB/io_in_3[4] (Eval_33_8)           0.00       1.13 r
  core16_5/core4_5/evalB/DP_OP_55J26_124_8043/I3[4] (Eval_33_1_DP_OP_55J26_124_8043_J26_0_4)
                                                          0.00       1.13 r
  core16_5/core4_5/evalB/DP_OP_55J26_124_8043/U122/S (FA1D0BWP40P140)
                                                          0.13       1.27 f
  core16_5/core4_5/evalB/DP_OP_55J26_124_8043/U142/CO (FA1D0BWP40P140)
                                                          0.08       1.34 f
  core16_5/core4_5/evalB/DP_OP_55J26_124_8043/U203/CO (FA1D0BWP40P140)
                                                          0.07       1.41 f
  core16_5/core4_5/evalB/DP_OP_55J26_124_8043/U128/CO (FA1D0BWP40P140)
                                                          0.07       1.49 f
  core16_5/core4_5/evalB/DP_OP_55J26_124_8043/U147/CO (FA1D0BWP40P140)
                                                          0.07       1.56 f
  core16_5/core4_5/evalB/DP_OP_55J26_124_8043/U164/CO (FA1D0BWP40P140)
                                                          0.07       1.63 f
  core16_5/core4_5/evalB/DP_OP_55J26_124_8043/U135/CO (FA1D0BWP40P140)
                                                          0.07       1.70 f
  core16_5/core4_5/evalB/DP_OP_55J26_124_8043/U154/CO (FA1D0BWP40P140)
                                                          0.07       1.78 f
  core16_5/core4_5/evalB/DP_OP_55J26_124_8043/U167/CO (FA1D0BWP40P140)
                                                          0.07       1.85 f
  core16_5/core4_5/evalB/DP_OP_55J26_124_8043/U136/CO (FA1D0BWP40P140)
                                                          0.07       1.92 f
  core16_5/core4_5/evalB/DP_OP_55J26_124_8043/U207/CO (FA1D1BWP40P140)
                                                          0.06       1.98 f
  core16_5/core4_5/evalB/DP_OP_55J26_124_8043/U165/S (FA1D0BWP40P140)
                                                          0.19       2.18 r
  core16_5/core4_5/evalB/DP_OP_55J26_124_8043/O1[14] (Eval_33_1_DP_OP_55J26_124_8043_J26_0_4)
                                                          0.00       2.18 r
  core16_5/core4_5/evalB/io_out_4[14] (Eval_33_8)         0.00       2.18 r
  core16_5/core4_5/mult_x_5/b[14] (core4_1_DW_mult_tc_J23_2_3)
                                                          0.00       2.18 r
  core16_5/core4_5/mult_x_5/U1119/ZN (CKND0BWP40P140)     0.16       2.34 f
  core16_5/core4_5/mult_x_5/U1446/ZN (MUX2ND0BWP40P140)
                                                          0.10       2.44 r
  core16_5/core4_5/mult_x_5/U1448/ZN (ND2D0BWP40P140HVT)
                                                          0.19       2.62 f
  core16_5/core4_5/mult_x_5/U1311/ZN (CKND0BWP40P140)     0.11       2.74 r
  core16_5/core4_5/mult_x_5/U1291/ZN (AOI222D0BWP40P140)
                                                          0.05       2.79 f
  core16_5/core4_5/mult_x_5/U1522/ZN (MUX2ND0BWP40P140)
                                                          0.07       2.85 r
  core16_5/core4_5/mult_x_5/U1176/CO (HA1D0BWP40P140)     0.06       2.91 r
  core16_5/core4_5/mult_x_5/U1115/CO (HA1D0BWP40P140)     0.05       2.96 r
  core16_5/core4_5/mult_x_5/U1538/CO (FA1D0BWP40P140)     0.07       3.03 r
  core16_5/core4_5/mult_x_5/U1177/CO (FA1D0BWP40P140)     0.07       3.11 r
  core16_5/core4_5/mult_x_5/U1598/CO (FA1D0BWP40P140)     0.07       3.18 r
  core16_5/core4_5/mult_x_5/U1542/CO (FA1D0BWP40P140)     0.07       3.25 r
  core16_5/core4_5/mult_x_5/U1178/CO (FA1D0BWP40P140)     0.07       3.33 r
  core16_5/core4_5/mult_x_5/U1550/S (FA1D0BWP40P140)      0.11       3.44 f
  core16_5/core4_5/mult_x_5/U1644/CO (FA1D0BWP40P140)     0.08       3.52 f
  core16_5/core4_5/mult_x_5/U1186/CO (FA1D0BWP40P140)     0.07       3.60 f
  core16_5/core4_5/mult_x_5/U1666/CO (FA1D1BWP40P140)     0.06       3.66 f
  core16_5/core4_5/mult_x_5/U1651/CO (FA1D0BWP40P140)     0.07       3.72 f
  core16_5/core4_5/mult_x_5/U1187/CO (FA1D0BWP40P140)     0.07       3.80 f
  core16_5/core4_5/mult_x_5/U1655/CO (FA1D1BWP40P140)     0.06       3.86 f
  core16_5/core4_5/mult_x_5/U1662/CO (FA1D0BWP40P140)     0.07       3.93 f
  core16_5/core4_5/mult_x_5/U1188/CO (FA1D0BWP40P140)     0.07       4.00 f
  core16_5/core4_5/mult_x_5/U1671/CO (FA1D0BWP40P140)     0.07       4.07 f
  core16_5/core4_5/mult_x_5/U1640/CO (FA1D1BWP40P140)     0.06       4.13 f
  core16_5/core4_5/mult_x_5/U1189/CO (FA1D0BWP40P140)     0.07       4.20 f
  core16_5/core4_5/mult_x_5/U1682/CO (FA1D0BWP40P140)     0.07       4.27 f
  core16_5/core4_5/mult_x_5/U1756/S (FA1D0BWP40P140)      0.12       4.39 r
  core16_5/core4_5/mult_x_5/U1196/CO (FA1D0BWP40P140)     0.08       4.47 r
  core16_5/core4_5/mult_x_5/U1729/S (FA1D1BWP40P140)      0.10       4.58 f
  core16_5/core4_5/mult_x_5/U1831/CO (FA1D1BWP40P140)     0.07       4.64 f
  core16_5/core4_5/mult_x_5/U1256/CO (FA1D0BWP40P140)     0.07       4.71 f
  core16_5/core4_5/mult_x_5/U1978/S (FA1D1BWP40P140)      0.11       4.82 r
  core16_5/core4_5/mult_x_5/U1996/CO (FA1D1BWP40P140)     0.06       4.88 r
  core16_5/core4_5/mult_x_5/U1079/Z (XOR2UD0BWP40P140)
                                                          0.03       4.91 r
  core16_5/core4_5/mult_x_5/U1277/Z (XOR2UD0BWP40P140)
                                                          0.05       4.96 r
  core16_5/core4_5/mult_x_5/product[36] (core4_1_DW_mult_tc_J23_2_3)
                                                          0.00       4.96 r
  core16_5/core4_5/s_w_4_reg_36_/D (DFQD1BWP40P140)       0.00       4.96 r
  data arrival time                                                  4.96

  clock clk (rise edge)                                   5.00       5.00
  clock network delay (ideal)                             0.00       5.00
  core16_5/core4_5/s_w_4_reg_36_/CP (DFQD1BWP40P140)      0.00       5.00 r
  library setup time                                     -0.04       4.96
  data required time                                                 4.96
  --------------------------------------------------------------------------
  data required time                                                 4.96
  data arrival time                                                 -4.96
  --------------------------------------------------------------------------
  slack (MET)                                                        0.00


1
