 
****************************************
Report : timing
        -path full
        -delay max
        -nets
        -max_paths 1
        -transition_time
Design : core4_a36_b14_c36
Version: O-2018.06-SP5
Date   : Tue May 12 08:49:03 2026
****************************************

Operating Conditions: ssg0p81vm40c   Library: tcbn28hpcplusbwp40p140hvtssg0p81vm40c_ccs
Wire Load Model Mode: segmented

  Startpoint: io_b_3[0] (input port clocked by clk)
  Endpoint: s_w_2_reg_38_
            (rising edge-triggered flip-flop clocked by clk)
  Path Group: clk
  Path Type: max

  Des/Clust/Port     Wire Load Model       Library
  ------------------------------------------------
  core4_a36_b14_c36  ZeroWireload          tcbn28hpcplusbwp40p140hvtssg0p81vm40c_ccs
  core4_a36_b14_c36_DW_mult_uns_J3_2 ZeroWireload tcbn28hpcplusbwp40p140hvtssg0p81vm40c_ccs
  Eval_1_DP_OP_52J3_122_4543_J3_0 ZeroWireload tcbn28hpcplusbwp40p140hvtssg0p81vm40c_ccs
  Eval_1_DP_OP_53J3_123_5215_J3_0 ZeroWireload tcbn28hpcplusbwp40p140hvtssg0p81vm40c_ccs
  Eval_1_DP_OP_54J3_124_1990_J3_0 ZeroWireload tcbn28hpcplusbwp40p140hvtssg0p81vm40c_ccs
  core4_a36_b14_c36_DW_mult_uns_J3_1 ZeroWireload tcbn28hpcplusbwp40p140hvtssg0p81vm40c_ccs

Attributes:
    d - dont_touch
    u - dont_use
   mo - map_only
   so - size_only
    i - ideal_net or ideal_network
  inf - infeasible path

  Point                                       Fanout     Trans      Incr       Path      Attributes
  ---------------------------------------------------------------------------------------------------------
  clock clk (rise edge)                                             0.00       0.00
  clock network delay (ideal)                                       0.00       0.00
  input external delay                                              0.50       0.50 r
  io_b_3[0] (in)                                          0.00      0.00       0.50 r
  io_b_3[0] (net)                               1                   0.00       0.50 r
  evalB/io_in_3[0] (Eval_1)                                         0.00       0.50 r
  evalB/io_in_3[0] (net)                                            0.00       0.50 r
  evalB/U4/ZN (INVD1BWP40P140LVT)                         0.01      0.01       0.51 f
  evalB/n3 (net)                                1                   0.00       0.51 f
  evalB/U11/ZN (CKND2BWP40P140)                           0.02      0.02       0.53 r
  evalB/io_out_0[0] (net)                       8                   0.00       0.53 r
  evalB/DP_OP_53J3_123_5215/I4[0] (Eval_1_DP_OP_53J3_123_5215_J3_0)     0.00     0.53 r
  evalB/DP_OP_53J3_123_5215/I4[0] (net)                             0.00       0.53 r
  evalB/DP_OP_53J3_123_5215/U91/CO (HA1D0BWP40P140)       0.02      0.05       0.57 r
  evalB/DP_OP_53J3_123_5215/n219 (net)          1                   0.00       0.57 r
  evalB/DP_OP_53J3_123_5215/U124/CO (FA1D0BWP40P140)      0.03      0.07       0.64 r
  evalB/DP_OP_53J3_123_5215/n217 (net)          1                   0.00       0.64 r
  evalB/DP_OP_53J3_123_5215/U87/CO (FA1D1BWP40P140)       0.02      0.06       0.70 r
  evalB/DP_OP_53J3_123_5215/n215 (net)          1                   0.00       0.70 r
  evalB/DP_OP_53J3_123_5215/U119/CO (FA1D0BWP40P140)      0.03      0.07       0.77 r
  evalB/DP_OP_53J3_123_5215/n213 (net)          1                   0.00       0.77 r
  evalB/DP_OP_53J3_123_5215/U117/CO (FA1D0BWP40P140)      0.03      0.07       0.84 r
  evalB/DP_OP_53J3_123_5215/n211 (net)          1                   0.00       0.84 r
  evalB/DP_OP_53J3_123_5215/U114/CO (FA1D0BWP40P140)      0.04      0.07       0.91 r
  evalB/DP_OP_53J3_123_5215/n209 (net)          1                   0.00       0.91 r
  evalB/DP_OP_53J3_123_5215/U112/CO (FA1D0BWP40P140)      0.03      0.08       0.99 r
  evalB/DP_OP_53J3_123_5215/n207 (net)          1                   0.00       0.99 r
  evalB/DP_OP_53J3_123_5215/U109/CO (FA1D0BWP40P140)      0.03      0.07       1.06 r
  evalB/DP_OP_53J3_123_5215/n205 (net)          1                   0.00       1.06 r
  evalB/DP_OP_53J3_123_5215/U107/S (FA1D0BWP40P140)       0.04      0.12       1.18 f
  evalB/DP_OP_53J3_123_5215/n269 (net)          2                   0.00       1.18 f
  evalB/DP_OP_53J3_123_5215/U145/S (FA1D0BWP40P140)       0.21      0.23       1.41 r
  evalB/DP_OP_53J3_123_5215/O1[8] (net)        37                   0.00       1.41 r
  evalB/DP_OP_53J3_123_5215/O1[8] (Eval_1_DP_OP_53J3_123_5215_J3_0)     0.00     1.41 r
  evalB/io_out_2[8] (net)                                           0.00       1.41 r
  evalB/io_out_2[8] (Eval_1)                                        0.00       1.41 r
  evalB_io_out_2[8] (net)                                           0.00       1.41 r
  mult_x_3/b[8] (core4_a36_b14_c36_DW_mult_uns_J3_1)                0.00       1.41 r
  mult_x_3/b[8] (net)                                               0.00       1.41 r
  mult_x_3/U1260/ZN (CKND0BWP40P140)                      0.22      0.20       1.62 f
  mult_x_3/n2096 (net)                         35                   0.00       1.62 f
  mult_x_3/U1309/ZN (MUX2ND0BWP40P140)                    0.06      0.12       1.74 r
  mult_x_3/n1443 (net)                          3                   0.00       1.74 r
  mult_x_3/U1312/ZN (INR2D0BWP40P140)                     0.34      0.23       1.97 r
  mult_x_3/n2152 (net)                         32                   0.00       1.97 r
  mult_x_3/U1414/ZN (AOI222D0BWP40P140)                   0.12      0.10       2.06 f
  mult_x_3/n1582 (net)                          1                   0.00       2.06 f
  mult_x_3/U1415/ZN (MUX2ND0BWP40P140)                    0.07      0.09       2.15 f
  mult_x_3/n1734 (net)                          1                   0.00       2.15 f
  mult_x_3/U1045/S (HA1D0BWP40P140LVT)                    0.02      0.06       2.21 f
  mult_x_3/n1915 (net)                          1                   0.00       2.21 f
  mult_x_3/U1651/S (FA1D0BWP40P140)                       0.04      0.13       2.34 r
  mult_x_3/n2031 (net)                          1                   0.00       2.34 r
  mult_x_3/U1705/CO (FA1D0BWP40P140)                      0.03      0.08       2.42 r
  mult_x_3/n2026 (net)                          1                   0.00       2.42 r
  mult_x_3/U1704/CO (FA1D0BWP40P140)                      0.03      0.07       2.49 r
  mult_x_3/n2023 (net)                          1                   0.00       2.49 r
  mult_x_3/U1703/CO (FA1D0BWP40P140)                      0.03      0.07       2.56 r
  mult_x_3/n2020 (net)                          1                   0.00       2.56 r
  mult_x_3/U1702/CO (FA1D0BWP40P140)                      0.03      0.07       2.64 r
  mult_x_3/n2017 (net)                          1                   0.00       2.64 r
  mult_x_3/U1701/CO (FA1D0BWP40P140)                      0.03      0.07       2.71 r
  mult_x_3/n2014 (net)                          1                   0.00       2.71 r
  mult_x_3/U1700/CO (FA1D0BWP40P140)                      0.03      0.07       2.79 r
  mult_x_3/n2011 (net)                          1                   0.00       2.79 r
  mult_x_3/U1699/CO (FA1D0BWP40P140)                      0.03      0.07       2.86 r
  mult_x_3/n2008 (net)                          1                   0.00       2.86 r
  mult_x_3/U1698/CO (FA1D0BWP40P140)                      0.03      0.07       2.93 r
  mult_x_3/n2005 (net)                          1                   0.00       2.93 r
  mult_x_3/U1697/CO (FA1D0BWP40P140)                      0.03      0.07       3.01 r
  mult_x_3/n2002 (net)                          1                   0.00       3.01 r
  mult_x_3/U1696/CO (FA1D0BWP40P140)                      0.03      0.07       3.08 r
  mult_x_3/n1999 (net)                          1                   0.00       3.08 r
  mult_x_3/U1695/CO (FA1D0BWP40P140)                      0.03      0.07       3.16 r
  mult_x_3/n1996 (net)                          1                   0.00       3.16 r
  mult_x_3/U1694/CO (FA1D0BWP40P140)                      0.03      0.07       3.23 r
  mult_x_3/n1993 (net)                          1                   0.00       3.23 r
  mult_x_3/U1693/CO (FA1D0BWP40P140)                      0.03      0.07       3.30 r
  mult_x_3/n1990 (net)                          1                   0.00       3.30 r
  mult_x_3/U1692/CO (FA1D0BWP40P140)                      0.03      0.07       3.38 r
  mult_x_3/n1987 (net)                          1                   0.00       3.38 r
  mult_x_3/U1691/CO (FA1D0BWP40P140)                      0.03      0.07       3.45 r
  mult_x_3/n1984 (net)                          1                   0.00       3.45 r
  mult_x_3/U1690/CO (FA1D0BWP40P140)                      0.03      0.07       3.53 r
  mult_x_3/n1981 (net)                          1                   0.00       3.53 r
  mult_x_3/U1689/CO (FA1D0BWP40P140)                      0.03      0.07       3.60 r
  mult_x_3/n1978 (net)                          1                   0.00       3.60 r
  mult_x_3/U1688/CO (FA1D0BWP40P140)                      0.03      0.07       3.67 r
  mult_x_3/n1975 (net)                          1                   0.00       3.67 r
  mult_x_3/U1687/CO (FA1D0BWP40P140)                      0.03      0.07       3.75 r
  mult_x_3/n1972 (net)                          1                   0.00       3.75 r
  mult_x_3/U1686/CO (FA1D0BWP40P140)                      0.03      0.07       3.82 r
  mult_x_3/n1969 (net)                          1                   0.00       3.82 r
  mult_x_3/U1685/CO (FA1D0BWP40P140)                      0.03      0.07       3.90 r
  mult_x_3/n1966 (net)                          1                   0.00       3.90 r
  mult_x_3/U1684/CO (FA1D0BWP40P140)                      0.03      0.07       3.97 r
  mult_x_3/n1963 (net)                          1                   0.00       3.97 r
  mult_x_3/U1683/CO (FA1D0BWP40P140)                      0.03      0.07       4.04 r
  mult_x_3/n1960 (net)                          1                   0.00       4.04 r
  mult_x_3/U1682/CO (FA1D0BWP40P140)                      0.03      0.07       4.12 r
  mult_x_3/n1957 (net)                          1                   0.00       4.12 r
  mult_x_3/U1681/CO (FA1D0BWP40P140)                      0.03      0.07       4.19 r
  mult_x_3/n1954 (net)                          1                   0.00       4.19 r
  mult_x_3/U1680/CO (FA1D0BWP40P140)                      0.03      0.07       4.27 r
  mult_x_3/n1951 (net)                          1                   0.00       4.27 r
  mult_x_3/U1679/CO (FA1D0BWP40P140)                      0.03      0.07       4.34 r
  mult_x_3/n1948 (net)                          1                   0.00       4.34 r
  mult_x_3/U1678/CO (FA1D0BWP40P140)                      0.03      0.07       4.41 r
  mult_x_3/n1945 (net)                          1                   0.00       4.41 r
  mult_x_3/U1677/CO (FA1D0BWP40P140)                      0.03      0.07       4.49 r
  mult_x_3/n2080 (net)                          1                   0.00       4.49 r
  mult_x_3/U1729/CO (FA1D0BWP40P140)                      0.03      0.07       4.56 r
  mult_x_3/n2126 (net)                          1                   0.00       4.56 r
  mult_x_3/U1099/CO (FA1D0BWP40P140)                      0.03      0.07       4.64 r
  mult_x_3/n2129 (net)                          1                   0.00       4.64 r
  mult_x_3/U977/Z (XOR4D1BWP40P140LVT)                    0.02      0.07       4.70 r
  mult_x_3/n2133 (net)                          1                   0.00       4.70 r
  mult_x_3/U961/Z (XOR4D1BWP40P140)                       0.02      0.09       4.79 f
  mult_x_3/n2147 (net)                          2                   0.00       4.79 f
  mult_x_3/U1743/ZN (OAI21D0BWP40P140HVT)                 0.04      0.03       4.82 r
  mult_x_3/n2144 (net)                          1                   0.00       4.82 r
  mult_x_3/U1744/ZN (OAI31D0BWP40P140LVT)                 0.03      0.03       4.85 f
  mult_x_3/n2155 (net)                          1                   0.00       4.85 f
  mult_x_3/U1101/Z (XOR4D1BWP40P140)                      0.02      0.11       4.96 r
  mult_x_3/product[38] (net)                    1                   0.00       4.96 r
  mult_x_3/product[38] (core4_a36_b14_c36_DW_mult_uns_J3_1)         0.00       4.96 r
  n_w_2_T_1[38] (net)                                               0.00       4.96 r
  s_w_2_reg_38_/D (DFKCNQD1BWP40P140)                     0.02      0.00       4.96 r
  data arrival time                                                            4.96

  clock clk (rise edge)                                             5.00       5.00
  clock network delay (ideal)                                       0.00       5.00
  s_w_2_reg_38_/CP (DFKCNQD1BWP40P140)                              0.00       5.00 r
  library setup time                                               -0.04       4.96
  data required time                                                           4.96
  ---------------------------------------------------------------------------------------------------------
  data required time                                                           4.96
  data arrival time                                                           -4.96
  ---------------------------------------------------------------------------------------------------------
  slack (MET)                                                                  0.00


1
