 
****************************************
Report : timing
        -path full
        -delay max
        -nets
        -max_paths 1
        -transition_time
Design : core16_a28_b16_c28
Version: O-2018.06-SP5
Date   : Tue May 12 14:54:01 2026
****************************************

 # A fanout number of 1000 was used for high fanout net computations.

Operating Conditions: ssg0p81vm40c   Library: tcbn28hpcplusbwp40p140hvtssg0p81vm40c_ccs
Wire Load Model Mode: segmented

  Startpoint: io_b_12[0] (input port clocked by clk)
  Endpoint: core4_2/s_w_1_reg_32_
            (rising edge-triggered flip-flop clocked by clk)
  Path Group: clk
  Path Type: max

  Des/Clust/Port     Wire Load Model       Library
  ------------------------------------------------
  core16_a28_b16_c28 ZeroWireload          tcbn28hpcplusbwp40p140hvtssg0p81vm40c_ccs
  Eval_1_0_DP_OP_52J5_129_2082_J5_0_0 ZeroWireload tcbn28hpcplusbwp40p140hvtssg0p81vm40c_ccs
  Eval_1_0_DP_OP_53J5_130_7779_J5_0_0 ZeroWireload tcbn28hpcplusbwp40p140hvtssg0p81vm40c_ccs
  Eval_1_0_DP_OP_54J5_131_2477_J5_0_0 ZeroWireload tcbn28hpcplusbwp40p140hvtssg0p81vm40c_ccs
  Eval_9_4_DP_OP_56J10_124_2317_J10_0 ZeroWireload tcbn28hpcplusbwp40p140hvtssg0p81vm40c_ccs
  Eval_9_4_DP_OP_55J10_123_1863_J10_0 ZeroWireload tcbn28hpcplusbwp40p140hvtssg0p81vm40c_ccs
  Eval_9_4_DP_OP_54J10_122_4542_J10_0 ZeroWireload tcbn28hpcplusbwp40p140hvtssg0p81vm40c_ccs
  core4_4_DW_mult_uns_J11_3 ZeroWireload   tcbn28hpcplusbwp40p140hvtssg0p81vm40c_ccs
  core4_4_DW_mult_uns_J11_2 ZeroWireload   tcbn28hpcplusbwp40p140hvtssg0p81vm40c_ccs

Attributes:
    d - dont_touch
    u - dont_use
   mo - map_only
   so - size_only
    i - ideal_net or ideal_network
  inf - infeasible path

  Point                                       Fanout     Trans      Incr       Path      Attributes
  ---------------------------------------------------------------------------------------------------------
  clock clk (rise edge)                                             0.00       0.00
  clock network delay (ideal)                                       0.00       0.00
  input external delay                                              0.50       0.50 f
  io_b_12[0] (in)                                         0.00      0.00       0.50 f
  io_b_12[0] (net)                              1                   0.00       0.50 f
  evalB_3/io_in_0[0] (Eval_1_0)                                     0.00       0.50 f
  evalB_3/io_in_0[0] (net)                                          0.00       0.50 f
  evalB_3/U39/ZN (CKND0BWP40P140)                         0.01      0.01       0.51 r
  evalB_3/n3 (net)                              1                   0.00       0.51 r
  evalB_3/U38/ZN (CKND0BWP40P140)                         0.06      0.04       0.55 f
  evalB_3/io_out_6[0] (net)                     4                   0.00       0.55 f
  evalB_3/DP_OP_53J5_130_7779/I2[0] (Eval_1_0_DP_OP_53J5_130_7779_J5_0_0)     0.00     0.55 f
  evalB_3/DP_OP_53J5_130_7779/I2[0] (net)                           0.00       0.55 f
  evalB_3/DP_OP_53J5_130_7779/U161/CO (HA1D1BWP40P140)     0.01     0.04       0.59 f
  evalB_3/DP_OP_53J5_130_7779/n248 (net)        1                   0.00       0.59 f
  evalB_3/DP_OP_53J5_130_7779/U159/CO (FA1D0BWP40P140)     0.03     0.06       0.65 f
  evalB_3/DP_OP_53J5_130_7779/n246 (net)        1                   0.00       0.65 f
  evalB_3/DP_OP_53J5_130_7779/U164/S (FA1D0BWP40P140)     0.06      0.13       0.79 r
  evalB_3/DP_OP_53J5_130_7779/n264 (net)        2                   0.00       0.79 r
  evalB_3/DP_OP_53J5_130_7779/U171/CO (FA1D0BWP40P140)     0.03     0.08       0.87 r
  evalB_3/DP_OP_53J5_130_7779/n287 (net)        1                   0.00       0.87 r
  evalB_3/DP_OP_53J5_130_7779/U140/CO (FA1D0BWP40P140)     0.03     0.07       0.95 r
  evalB_3/DP_OP_53J5_130_7779/n284 (net)        1                   0.00       0.95 r
  evalB_3/DP_OP_53J5_130_7779/U141/CO (FA1D0BWP40P140)     0.03     0.07       1.02 r
  evalB_3/DP_OP_53J5_130_7779/n281 (net)        1                   0.00       1.02 r
  evalB_3/DP_OP_53J5_130_7779/U162/CO (FA1D0BWP40P140)     0.03     0.07       1.09 r
  evalB_3/DP_OP_53J5_130_7779/n329 (net)        1                   0.00       1.09 r
  evalB_3/DP_OP_53J5_130_7779/U108/CO (FA1D0BWP40P140)     0.03     0.07       1.17 r
  evalB_3/DP_OP_53J5_130_7779/n326 (net)        1                   0.00       1.17 r
  evalB_3/DP_OP_53J5_130_7779/U138/CO (FA1D0BWP40P140)     0.03     0.07       1.24 r
  evalB_3/DP_OP_53J5_130_7779/n299 (net)        1                   0.00       1.24 r
  evalB_3/DP_OP_53J5_130_7779/U145/CO (FA1D0BWP40P140)     0.03     0.07       1.32 r
  evalB_3/DP_OP_53J5_130_7779/n323 (net)        1                   0.00       1.32 r
  evalB_3/DP_OP_53J5_130_7779/U146/CO (FA1D0BWP40P140)     0.03     0.07       1.39 r
  evalB_3/DP_OP_53J5_130_7779/n320 (net)        1                   0.00       1.39 r
  evalB_3/DP_OP_53J5_130_7779/U147/CO (FA1D0BWP40P140)     0.03     0.07       1.46 r
  evalB_3/DP_OP_53J5_130_7779/n302 (net)        1                   0.00       1.46 r
  evalB_3/DP_OP_53J5_130_7779/U144/S (FA1D0BWP40P140)     0.02      0.11       1.57 f
  evalB_3/DP_OP_53J5_130_7779/O1[11] (net)      1                   0.00       1.57 f
  evalB_3/DP_OP_53J5_130_7779/O1[11] (Eval_1_0_DP_OP_53J5_130_7779_J5_0_0)     0.00     1.57 f
  evalB_3/io_out_2[11] (net)                                        0.00       1.57 f
  evalB_3/io_out_2[11] (Eval_1_0)                                   0.00       1.57 f
  evalB_3_io_out_2[11] (net)                                        0.00       1.57 f
  core4_2/io_b_3[11] (core4_4)                                      0.00       1.57 f
  core4_2/io_b_3[11] (net)                                          0.00       1.57 f
  core4_2/evalB/io_in_3[11] (Eval_9_4)                              0.00       1.57 f
  core4_2/evalB/io_in_3[11] (net)                                   0.00       1.57 f
  core4_2/evalB/U4/ZN (INVD1BWP40P140)                    0.01      0.02       1.59 r
  core4_2/evalB/n35 (net)                       1                   0.00       1.59 r
  core4_2/evalB/U3/ZN (INVD2BWP40P140LVT)                 0.05      0.03       1.62 f
  core4_2/evalB/io_out_0[11] (net)             31                   0.00       1.62 f
  core4_2/evalB/DP_OP_54J10_122_4542/I2[12] (Eval_9_4_DP_OP_54J10_122_4542_J10_0)     0.00     1.62 f
  core4_2/evalB/DP_OP_54J10_122_4542/I2[12] (net)                   0.00       1.62 f
  core4_2/evalB/DP_OP_54J10_122_4542/U91/S (FA1D0BWP40P140)     0.04     0.14     1.76 r
  core4_2/evalB/DP_OP_54J10_122_4542/n248 (net)     1               0.00       1.76 r
  core4_2/evalB/DP_OP_54J10_122_4542/U106/CO (FA1D0BWP40P140)     0.03     0.08     1.84 r
  core4_2/evalB/DP_OP_54J10_122_4542/n245 (net)     1               0.00       1.84 r
  core4_2/evalB/DP_OP_54J10_122_4542/U85/CO (FA1D0BWP40P140)     0.03     0.07     1.91 r
  core4_2/evalB/DP_OP_54J10_122_4542/n243 (net)     1               0.00       1.91 r
  core4_2/evalB/DP_OP_54J10_122_4542/U97/CO (FA1D0BWP40P140)     0.03     0.07     1.98 r
  core4_2/evalB/DP_OP_54J10_122_4542/n241 (net)     1               0.00       1.98 r
  core4_2/evalB/DP_OP_54J10_122_4542/U112/S (FA1D0BWP40P140)     0.03     0.12     2.10 f
  core4_2/evalB/DP_OP_54J10_122_4542/n272 (net)     1               0.00       2.10 f
  core4_2/evalB/DP_OP_54J10_122_4542/U72/S (FA1D1BWP40P140LVT)     0.06     0.11     2.22 r
  core4_2/evalB/DP_OP_54J10_122_4542/O1[17] (net)    20             0.00       2.22 r
  core4_2/evalB/DP_OP_54J10_122_4542/O1[17] (Eval_9_4_DP_OP_54J10_122_4542_J10_0)     0.00     2.22 r
  core4_2/evalB/io_out_1[17] (net)                                  0.00       2.22 r
  core4_2/evalB/io_out_1[17] (Eval_9_4)                             0.00       2.22 r
  core4_2/evalB_io_out_1[17] (net)                                  0.00       2.22 r
  core4_2/mult_x_2/b[17] (core4_4_DW_mult_uns_J11_2)                0.00       2.22 r
  core4_2/mult_x_2/b[17] (net)                                      0.00       2.22 r
  core4_2/mult_x_2/U1464/ZN (INVD0P7BWP40P140)            0.09      0.08       2.29 f
  core4_2/mult_x_2/n2119 (net)                 22                   0.00       2.29 f
  core4_2/mult_x_2/U1411/ZN (MUX2ND0BWP40P140)            0.05      0.07       2.37 r
  core4_2/mult_x_2/n1378 (net)                  3                   0.00       2.37 r
  core4_2/mult_x_2/U1153/Z (OR3D0BWP40P140)               0.09      0.09       2.46 r
  core4_2/mult_x_2/n2156 (net)                 16                   0.00       2.46 r
  core4_2/mult_x_2/U1453/ZN (OAI222D0BWP40P140)           0.06      0.08       2.54 f
  core4_2/mult_x_2/n1455 (net)                  1                   0.00       2.54 f
  core4_2/mult_x_2/U1047/ZN (AOI21D0P7BWP40P140)          0.04      0.05       2.59 r
  core4_2/mult_x_2/n1456 (net)                  1                   0.00       2.59 r
  core4_2/mult_x_2/U1454/ZN (MUX2ND0BWP40P140)            0.05      0.06       2.64 r
  core4_2/mult_x_2/n1538 (net)                  1                   0.00       2.64 r
  core4_2/mult_x_2/U1116/CO (HA1D0BWP40P140)              0.02      0.06       2.70 r
  core4_2/mult_x_2/n1532 (net)                  1                   0.00       2.70 r
  core4_2/mult_x_2/U1117/S (FA1D0BWP40P140)               0.03      0.11       2.81 f
  core4_2/mult_x_2/n1623 (net)                  1                   0.00       2.81 f
  core4_2/mult_x_2/U1140/S (FA1D0BWP40P140)               0.04      0.13       2.94 r
  core4_2/mult_x_2/n1729 (net)                  1                   0.00       2.94 r
  core4_2/mult_x_2/U1168/CO (FA1D0BWP40P140)              0.03      0.08       3.02 r
  core4_2/mult_x_2/n1722 (net)                  1                   0.00       3.02 r
  core4_2/mult_x_2/U1169/CO (FA1D0BWP40P140)              0.03      0.07       3.09 r
  core4_2/mult_x_2/n1717 (net)                  1                   0.00       3.09 r
  core4_2/mult_x_2/U1170/CO (FA1D0BWP40P140)              0.03      0.07       3.17 r
  core4_2/mult_x_2/n1712 (net)                  1                   0.00       3.17 r
  core4_2/mult_x_2/U1171/CO (FA1D0BWP40P140)              0.03      0.07       3.24 r
  core4_2/mult_x_2/n1707 (net)                  1                   0.00       3.24 r
  core4_2/mult_x_2/U1172/CO (FA1D0BWP40P140)              0.03      0.07       3.32 r
  core4_2/mult_x_2/n1702 (net)                  1                   0.00       3.32 r
  core4_2/mult_x_2/U1173/CO (FA1D0BWP40P140)              0.03      0.07       3.39 r
  core4_2/mult_x_2/n1697 (net)                  1                   0.00       3.39 r
  core4_2/mult_x_2/U1174/CO (FA1D0BWP40P140)              0.03      0.07       3.46 r
  core4_2/mult_x_2/n1692 (net)                  1                   0.00       3.46 r
  core4_2/mult_x_2/U1175/CO (FA1D0BWP40P140)              0.03      0.07       3.54 r
  core4_2/mult_x_2/n1687 (net)                  1                   0.00       3.54 r
  core4_2/mult_x_2/U1176/CO (FA1D0BWP40P140)              0.03      0.07       3.61 r
  core4_2/mult_x_2/n1682 (net)                  1                   0.00       3.61 r
  core4_2/mult_x_2/U1177/CO (FA1D0BWP40P140)              0.03      0.07       3.69 r
  core4_2/mult_x_2/n1677 (net)                  1                   0.00       3.69 r
  core4_2/mult_x_2/U1178/S (FA1D0BWP40P140)               0.03      0.11       3.80 f
  core4_2/mult_x_2/n1812 (net)                  1                   0.00       3.80 f
  core4_2/mult_x_2/U1205/S (FA1D0BWP40P140)               0.04      0.13       3.93 r
  core4_2/mult_x_2/n1950 (net)                  1                   0.00       3.93 r
  core4_2/mult_x_2/U1265/CO (FA1D0BWP40P140)              0.03      0.08       4.01 r
  core4_2/mult_x_2/n1942 (net)                  1                   0.00       4.01 r
  core4_2/mult_x_2/U1267/CO (FA1D0BWP40P140)              0.03      0.07       4.09 r
  core4_2/mult_x_2/n1935 (net)                  1                   0.00       4.09 r
  core4_2/mult_x_2/U1269/CO (FA1D0BWP40P140)              0.03      0.07       4.16 r
  core4_2/mult_x_2/n1926 (net)                  1                   0.00       4.16 r
  core4_2/mult_x_2/U1217/S (FA1D0BWP40P140)               0.03      0.11       4.27 f
  core4_2/mult_x_2/n2202 (net)                  1                   0.00       4.27 f
  core4_2/mult_x_2/U1276/CO (FA1D0BWP40P140)              0.03      0.08       4.35 f
  core4_2/mult_x_2/n2102 (net)                  1                   0.00       4.35 f
  core4_2/mult_x_2/U1135/Z (XOR4D0BWP40P140)              0.03      0.10       4.46 r
  core4_2/mult_x_2/n2109 (net)                  1                   0.00       4.46 r
  core4_2/mult_x_2/U1158/ZN (XNR2UD0BWP40P140)            0.06      0.04       4.49 r
  core4_2/mult_x_2/n2112 (net)                  2                   0.00       4.49 r
  core4_2/mult_x_2/U1157/ZN (OAI21D0BWP40P140HVT)         0.04      0.05       4.55 f
  core4_2/mult_x_2/n2110 (net)                  1                   0.00       4.55 f
  core4_2/mult_x_2/U1156/ZN (OAI31D0BWP40P140LVT)         0.04      0.03       4.58 r
  core4_2/mult_x_2/n2131 (net)                  1                   0.00       4.58 r
  core4_2/mult_x_2/U1026/Z (XOR4D1BWP40P140)              0.02      0.11       4.69 f
  core4_2/mult_x_2/n2175 (net)                  1                   0.00       4.69 f
  core4_2/mult_x_2/U1025/Z (XOR4D1BWP40P140)              0.02      0.08       4.77 r
  core4_2/mult_x_2/n2187 (net)                  2                   0.00       4.77 r
  core4_2/mult_x_2/U1209/ZN (OAI21D0BWP40P140HVT)         0.04      0.04       4.81 f
  core4_2/mult_x_2/n2184 (net)                  1                   0.00       4.81 f
  core4_2/mult_x_2/U1274/ZN (OAI31D0BWP40P140LVT)         0.05      0.03       4.84 r
  core4_2/mult_x_2/n2195 (net)                  1                   0.00       4.84 r
  core4_2/mult_x_2/U1272/Z (XOR2UD0BWP40P140)             0.06      0.04       4.88 r
  core4_2/mult_x_2/n2197 (net)                  2                   0.00       4.88 r
  core4_2/mult_x_2/U1306/ZN (OAI21D0BWP40P140HVT)         0.04      0.06       4.94 f
  core4_2/mult_x_2/n2196 (net)                  1                   0.00       4.94 f
  core4_2/mult_x_2/U1305/ZN (OAI31D0BWP40P140LVT)         0.03      0.03       4.96 r
  core4_2/mult_x_2/product[32] (net)            1                   0.00       4.96 r
  core4_2/mult_x_2/product[32] (core4_4_DW_mult_uns_J11_2)          0.00       4.96 r
  core4_2/n_w_1_T_1[32] (net)                                       0.00       4.96 r
  core4_2/s_w_1_reg_32_/D (DFQD1BWP40P140)                0.03      0.00       4.96 r
  data arrival time                                                            4.96

  clock clk (rise edge)                                             5.00       5.00
  clock network delay (ideal)                                       0.00       5.00
  core4_2/s_w_1_reg_32_/CP (DFQD1BWP40P140)                         0.00       5.00 r
  library setup time                                               -0.04       4.96
  data required time                                                           4.96
  ---------------------------------------------------------------------------------------------------------
  data required time                                                           4.96
  data arrival time                                                           -4.96
  ---------------------------------------------------------------------------------------------------------
  slack (MET)                                                                  0.00


1
