 
****************************************
Report : timing
        -path full
        -delay max
        -max_paths 3
Design : core64_a32_b16_c32
Version: O-2018.06-SP5
Date   : Wed May 13 04:45:19 2026
****************************************

 # A fanout number of 1000 was used for high fanout net computations.

Operating Conditions: ssg0p81vm40c   Library: tcbn28hpcplusbwp40p140hvtssg0p81vm40c_ccs
Wire Load Model Mode: segmented

  Startpoint: io_a_3[0] (input port clocked by clk)
  Endpoint: core16_1/core4_2/s_w_2_reg_40_
            (rising edge-triggered flip-flop clocked by clk)
  Path Group: clk
  Path Type: max

  Des/Clust/Port     Wire Load Model       Library
  ------------------------------------------------
  core64_a32_b16_c32 ZeroWireload          tcbn28hpcplusbwp40p140hvtssg0p81vm40c_ccs
  Eval_0_DP_OP_52J19_122_1625_J19_0_15
                     ZeroWireload          tcbn28hpcplusbwp40p140hvtssg0p81vm40c_ccs
  Eval_0_DP_OP_53J19_123_9524_J19_0_15
                     ZeroWireload          tcbn28hpcplusbwp40p140hvtssg0p81vm40c_ccs
  Eval_0_DP_OP_54J19_124_6299_J19_0_15
                     ZeroWireload          tcbn28hpcplusbwp40p140hvtssg0p81vm40c_ccs
  Eval_32_69_DP_OP_54J27_126_7052_J27_0_3
                     ZeroWireload          tcbn28hpcplusbwp40p140hvtssg0p81vm40c_ccs
  Eval_32_69_DP_OP_55J27_127_5900_J27_0_3
                     ZeroWireload          tcbn28hpcplusbwp40p140hvtssg0p81vm40c_ccs
  Eval_32_69_DP_OP_56J27_128_8178_J27_0_3
                     ZeroWireload          tcbn28hpcplusbwp40p140hvtssg0p81vm40c_ccs
  Eval_32_1_DP_OP_55J27_125_1337_J27_0_28
                     ZeroWireload          tcbn28hpcplusbwp40p140hvtssg0p81vm40c_ccs
  Eval_32_1_DP_OP_54J27_124_1586_J27_0_28
                     ZeroWireload          tcbn28hpcplusbwp40p140hvtssg0p81vm40c_ccs
  Eval_32_1_DP_OP_53J27_123_9060_J27_0_28
                     ZeroWireload          tcbn28hpcplusbwp40p140hvtssg0p81vm40c_ccs
  core4_1_DW_mult_tc_J21_4_19
                     ZeroWireload          tcbn28hpcplusbwp40p140hvtssg0p81vm40c_ccs

  Point                                                   Incr       Path
  --------------------------------------------------------------------------
  clock clk (rise edge)                                   0.00       0.00
  clock network delay (ideal)                             0.00       0.00
  input external delay                                    0.50       0.50 f
  io_a_3[0] (in)                                          0.00       0.50 f
  evalA/io_in_3[0] (Eval_16)                              0.00       0.50 f
  evalA/U72/ZN (CKND0BWP40P140)                           0.01       0.51 r
  evalA/U12/ZN (INVD1BWP40P140LVT)                        0.02       0.53 f
  evalA/DP_OP_52J19_122_1625/I2[1] (Eval_0_DP_OP_52J19_122_1625_J19_0_15)
                                                          0.00       0.53 f
  evalA/DP_OP_52J19_122_1625/U144/CO (HA1D1BWP40P140)     0.03       0.56 f
  evalA/DP_OP_52J19_122_1625/U145/CO (FA1D0BWP40P140)     0.06       0.63 f
  evalA/DP_OP_52J19_122_1625/U147/S (FA1D0BWP40P140)      0.12       0.75 r
  evalA/DP_OP_52J19_122_1625/U157/CO (FA1D0BWP40P140)     0.08       0.82 r
  evalA/DP_OP_52J19_122_1625/U156/S (FA1D0BWP40P140)      0.11       0.94 f
  evalA/DP_OP_52J19_122_1625/U181/CO (FA1D0BWP40P140)     0.08       1.01 f
  evalA/DP_OP_52J19_122_1625/U183/S (FA1D0BWP40P140)      0.11       1.12 r
  evalA/DP_OP_52J19_122_1625/O1[7] (Eval_0_DP_OP_52J19_122_1625_J19_0_15)
                                                          0.00       1.12 r
  evalA/io_out_1[7] (Eval_16)                             0.00       1.12 r
  core16_1/io_a_0[7] (core16_5)                           0.00       1.12 r
  core16_1/evalA/io_in_0[7] (Eval_32_72)                  0.00       1.12 r
  core16_1/evalA/U96/ZN (CKND0BWP40P140)                  0.02       1.14 f
  core16_1/evalA/U97/ZN (CKND0BWP40P140)                  0.05       1.19 r
  core16_1/evalA/DP_OP_55J27_127_5900/I2[7] (Eval_32_69_DP_OP_55J27_127_5900_J27_0_3)
                                                          0.00       1.19 r
  core16_1/evalA/DP_OP_55J27_127_5900/U219/CO (FA1D0BWP40P140)
                                                          0.09       1.28 r
  core16_1/evalA/DP_OP_55J27_127_5900/U221/S (FA1D0BWP40P140)
                                                          0.13       1.41 f
  core16_1/evalA/DP_OP_55J27_127_5900/U321/S (FA1D0BWP40P140)
                                                          0.16       1.57 r
  core16_1/evalA/DP_OP_55J27_127_5900/O1[8] (Eval_32_69_DP_OP_55J27_127_5900_J27_0_3)
                                                          0.00       1.57 r
  core16_1/evalA/io_out_2[8] (Eval_32_72)                 0.00       1.57 r
  core16_1/core4_2/io_a_0[8] (core4_39)                   0.00       1.57 r
  core16_1/core4_2/evalA/io_in_0[8] (Eval_32_39)          0.00       1.57 r
  core16_1/core4_2/evalA/DP_OP_54J27_124_1586/I1[8] (Eval_32_1_DP_OP_54J27_124_1586_J27_0_28)
                                                          0.00       1.57 r
  core16_1/core4_2/evalA/DP_OP_54J27_124_1586/U228/CO (FA1D0BWP40P140)
                                                          0.09       1.66 r
  core16_1/core4_2/evalA/DP_OP_54J27_124_1586/U232/S (FA1D0BWP40P140)
                                                          0.13       1.78 f
  core16_1/core4_2/evalA/DP_OP_54J27_124_1586/U342/S (FA1D0BWP40P140)
                                                          0.20       1.98 r
  core16_1/core4_2/evalA/DP_OP_54J27_124_1586/O1[9] (Eval_32_1_DP_OP_54J27_124_1586_J27_0_28)
                                                          0.00       1.98 r
  core16_1/core4_2/evalA/io_out_2[9] (Eval_32_39)         0.00       1.98 r
  core16_1/core4_2/mult_x_3/a[9] (core4_1_DW_mult_tc_J21_4_19)
                                                          0.00       1.98 r
  core16_1/core4_2/mult_x_3/U1730/CO (FA1D0BWP40P140)     0.11       2.10 r
  core16_1/core4_2/mult_x_3/U1717/CO (FA1D0BWP40P140)     0.07       2.17 r
  core16_1/core4_2/mult_x_3/U1731/CO (FA1D0BWP40P140)     0.07       2.25 r
  core16_1/core4_2/mult_x_3/U1732/CO (FA1D0BWP40P140)     0.07       2.32 r
  core16_1/core4_2/mult_x_3/U1734/CO (FA1D0BWP40P140)     0.07       2.40 r
  core16_1/core4_2/mult_x_3/U1735/CO (FA1D0BWP40P140)     0.07       2.47 r
  core16_1/core4_2/mult_x_3/U1736/CO (FA1D0BWP40P140)     0.07       2.55 r
  core16_1/core4_2/mult_x_3/U1738/CO (FA1D0BWP40P140)     0.07       2.62 r
  core16_1/core4_2/mult_x_3/U1739/CO (FA1D0BWP40P140)     0.07       2.70 r
  core16_1/core4_2/mult_x_3/U1740/CO (FA1D0BWP40P140)     0.07       2.77 r
  core16_1/core4_2/mult_x_3/U1742/CO (FA1D0BWP40P140)     0.07       2.84 r
  core16_1/core4_2/mult_x_3/U1743/CO (FA1D0BWP40P140)     0.07       2.92 r
  core16_1/core4_2/mult_x_3/U1744/CO (FA1D0BWP40P140)     0.07       2.99 r
  core16_1/core4_2/mult_x_3/U1745/CO (FA1D0BWP40P140)     0.07       3.07 r
  core16_1/core4_2/mult_x_3/U1746/CO (FA1D0BWP40P140)     0.07       3.14 r
  core16_1/core4_2/mult_x_3/U1747/CO (FA1D0BWP40P140)     0.07       3.22 r
  core16_1/core4_2/mult_x_3/U1719/CO (FA1D0BWP40P140)     0.07       3.29 r
  core16_1/core4_2/mult_x_3/U1748/CO (FA1D0BWP40P140)     0.07       3.37 r
  core16_1/core4_2/mult_x_3/U1749/CO (FA1D0BWP40P140)     0.07       3.44 r
  core16_1/core4_2/mult_x_3/U1751/CO (FA1D0BWP40P140)     0.07       3.52 r
  core16_1/core4_2/mult_x_3/U1752/CO (FA1D0BWP40P140)     0.07       3.59 r
  core16_1/core4_2/mult_x_3/U1753/CO (FA1D0BWP40P140)     0.07       3.66 r
  core16_1/core4_2/mult_x_3/U1755/CO (FA1D0BWP40P140)     0.07       3.74 r
  core16_1/core4_2/mult_x_3/U1756/CO (FA1D0BWP40P140)     0.07       3.81 r
  core16_1/core4_2/mult_x_3/U1757/CO (FA1D0BWP40P140)     0.07       3.89 r
  core16_1/core4_2/mult_x_3/U1758/CO (FA1D0BWP40P140)     0.07       3.96 r
  core16_1/core4_2/mult_x_3/U1759/CO (FA1D0BWP40P140)     0.07       4.04 r
  core16_1/core4_2/mult_x_3/U1760/CO (FA1D0BWP40P140)     0.07       4.11 r
  core16_1/core4_2/mult_x_3/U1761/CO (FA1D0BWP40P140)     0.07       4.19 r
  core16_1/core4_2/mult_x_3/U1762/CO (FA1D0BWP40P140)     0.07       4.26 r
  core16_1/core4_2/mult_x_3/U1763/CO (FA1D0BWP40P140)     0.07       4.33 r
  core16_1/core4_2/mult_x_3/U1580/Z (XOR3UD1BWP40P140)
                                                          0.05       4.37 r
  core16_1/core4_2/mult_x_3/U2683/Z (AO22D0BWP40P140)     0.05       4.42 r
  core16_1/core4_2/mult_x_3/U2684/ZN (AOI221D0BWP40P140)
                                                          0.02       4.45 f
  core16_1/core4_2/mult_x_3/U2690/Z (XOR3UD0BWP40P140)
                                                          0.14       4.59 f
  core16_1/core4_2/mult_x_3/U2693/ZN (OAI21D0BWP40P140HVT)
                                                          0.04       4.63 r
  core16_1/core4_2/mult_x_3/U2694/ZN (OAI31D0BWP40P140LVT)
                                                          0.04       4.66 f
  core16_1/core4_2/mult_x_3/U2697/Z (XOR2UD0BWP40P140)
                                                          0.03       4.70 r
  core16_1/core4_2/mult_x_3/U2700/ZN (OAI21D0BWP40P140HVT)
                                                          0.06       4.75 f
  core16_1/core4_2/mult_x_3/U2701/ZN (OAI31D0BWP40P140LVT)
                                                          0.03       4.78 r
  core16_1/core4_2/mult_x_3/U1575/Z (XOR2UD1BWP40P140)
                                                          0.05       4.83 r
  core16_1/core4_2/mult_x_3/U1463/ZN (XNR2UD0BWP40P140)
                                                          0.04       4.87 r
  core16_1/core4_2/mult_x_3/U1462/Z (XOR2UD0BWP40P140)
                                                          0.06       4.93 r
  core16_1/core4_2/mult_x_3/U1557/Z (XOR2UD1BWP40P140LVT)
                                                          0.03       4.97 r
  core16_1/core4_2/mult_x_3/product[40] (core4_1_DW_mult_tc_J21_4_19)
                                                          0.00       4.97 r
  core16_1/core4_2/s_w_2_reg_40_/D (DFQD1BWP40P140)       0.00       4.97 r
  data arrival time                                                  4.97

  clock clk (rise edge)                                   5.00       5.00
  clock network delay (ideal)                             0.00       5.00
  core16_1/core4_2/s_w_2_reg_40_/CP (DFQD1BWP40P140)      0.00       5.00 r
  library setup time                                     -0.03       4.97
  data required time                                                 4.97
  --------------------------------------------------------------------------
  data required time                                                 4.97
  data arrival time                                                 -4.97
  --------------------------------------------------------------------------
  slack (MET)                                                        0.00


  Startpoint: io_b_11[2] (input port clocked by clk)
  Endpoint: core16_5/core4_1/s_w_2_reg_40_
            (rising edge-triggered flip-flop clocked by clk)
  Path Group: clk
  Path Type: max

  Des/Clust/Port     Wire Load Model       Library
  ------------------------------------------------
  Eval_1_0_DP_OP_54J20_127_2477_J20_0_13
                     ZeroWireload          tcbn28hpcplusbwp40p140hvtssg0p81vm40c_ccs
  Eval_1_0_DP_OP_53J20_126_7779_J20_0_13
                     ZeroWireload          tcbn28hpcplusbwp40p140hvtssg0p81vm40c_ccs
  Eval_1_0_DP_OP_52J20_125_2082_J20_0_13
                     ZeroWireload          tcbn28hpcplusbwp40p140hvtssg0p81vm40c_ccs
  core64_a32_b16_c32 ZeroWireload          tcbn28hpcplusbwp40p140hvtssg0p81vm40c_ccs
  Eval_33_1_DP_OP_55J24_124_5184_J24_0_32
                     ZeroWireload          tcbn28hpcplusbwp40p140hvtssg0p81vm40c_ccs
  Eval_33_1_DP_OP_54J24_123_1200_J24_0_32
                     ZeroWireload          tcbn28hpcplusbwp40p140hvtssg0p81vm40c_ccs
  Eval_33_1_DP_OP_53J24_122_8097_J24_0_32
                     ZeroWireload          tcbn28hpcplusbwp40p140hvtssg0p81vm40c_ccs
  Eval_33_1_DP_OP_54J24_123_1200_J24_0_8
                     ZeroWireload          tcbn28hpcplusbwp40p140hvtssg0p81vm40c_ccs
  Eval_33_1_DP_OP_53J24_122_8097_J24_0_8
                     ZeroWireload          tcbn28hpcplusbwp40p140hvtssg0p81vm40c_ccs
  core4_7_DW_mult_tc_J22_4_1
                     ZeroWireload          tcbn28hpcplusbwp40p140hvtssg0p81vm40c_ccs

  Point                                                   Incr       Path
  --------------------------------------------------------------------------
  clock clk (rise edge)                                   0.00       0.00
  clock network delay (ideal)                             0.00       0.00
  input external delay                                    0.50       0.50 f
  io_b_11[2] (in)                                         0.00       0.50 f
  evalB_2/io_in_3[2] (Eval_1_13)                          0.00       0.50 f
  evalB_2/DP_OP_54J20_127_2477/I3[2] (Eval_1_0_DP_OP_54J20_127_2477_J20_0_13)
                                                          0.00       0.50 f
  evalB_2/DP_OP_54J20_127_2477/U123/Z (CKAN2D1BWP40P140LVT)
                                                          0.02       0.52 f
  evalB_2/DP_OP_54J20_127_2477/U187/CO (FA1OPTCD2BWP40P140LVT)
                                                          0.03       0.55 f
  evalB_2/DP_OP_54J20_127_2477/U209/CO (FA1D1BWP40P140LVT)
                                                          0.04       0.59 f
  evalB_2/DP_OP_54J20_127_2477/U100/S (FA1D1BWP40P140LVT)
                                                          0.08       0.67 r
  evalB_2/DP_OP_54J20_127_2477/U177/ZN (CKND0BWP40P140)
                                                          0.03       0.70 f
  evalB_2/DP_OP_54J20_127_2477/U175/Z (XOR2UD0BWP40P140)
                                                          0.03       0.73 f
  evalB_2/DP_OP_54J20_127_2477/U174/Z (XOR2UD0BWP40P140)
                                                          0.11       0.84 f
  evalB_2/DP_OP_54J20_127_2477/O2[5] (Eval_1_0_DP_OP_54J20_127_2477_J20_0_13)
                                                          0.00       0.84 f
  evalB_2/io_out_5[5] (Eval_1_13)                         0.00       0.84 f
  core16_5/io_b_2[5] (core16_1)                           0.00       0.84 f
  core16_5/evalB/io_in_2[5] (Eval_33_56)                  0.00       0.84 f
  core16_5/evalB/DP_OP_53J24_122_8097/I1[5] (Eval_33_1_DP_OP_53J24_122_8097_J24_0_32)
                                                          0.00       0.84 f
  core16_5/evalB/DP_OP_53J24_122_8097/U164/CO (FA1D1BWP40P140)
                                                          0.12       0.96 f
  core16_5/evalB/DP_OP_53J24_122_8097/U165/CO (FA1D1BWP40P140)
                                                          0.06       1.01 f
  core16_5/evalB/DP_OP_53J24_122_8097/U167/CO (FA1D1BWP40P140)
                                                          0.06       1.07 f
  core16_5/evalB/DP_OP_53J24_122_8097/U166/CO (FA1D1BWP40P140)
                                                          0.06       1.12 f
  core16_5/evalB/DP_OP_53J24_122_8097/U108/ZN (OAI21D0BWP40P140LVT)
                                                          0.02       1.14 r
  core16_5/evalB/DP_OP_53J24_122_8097/U112/ZN (ND2D0BWP40P140)
                                                          0.04       1.18 f
  core16_5/evalB/DP_OP_53J24_122_8097/U171/CO (FA1D1BWP40P140)
                                                          0.07       1.25 f
  core16_5/evalB/DP_OP_53J24_122_8097/U97/ZN (OAI21D0P7BWP40P140)
                                                          0.02       1.27 r
  core16_5/evalB/DP_OP_53J24_122_8097/U93/ZN (ND2D0BWP40P140)
                                                          0.03       1.30 f
  core16_5/evalB/DP_OP_53J24_122_8097/U125/S (FA1D0BWP40P140)
                                                          0.12       1.42 r
  core16_5/evalB/DP_OP_53J24_122_8097/U139/CO (FA1D0BWP40P140)
                                                          0.08       1.50 r
  core16_5/evalB/DP_OP_53J24_122_8097/U126/CO (FA1D0BWP40P140)
                                                          0.07       1.57 r
  core16_5/evalB/DP_OP_53J24_122_8097/U133/CO (FA1D0BWP40P140)
                                                          0.07       1.65 r
  core16_5/evalB/DP_OP_53J24_122_8097/U136/CO (FA1D0BWP40P140)
                                                          0.07       1.72 r
  core16_5/evalB/DP_OP_53J24_122_8097/U144/CO (FA1D0BWP40P140)
                                                          0.07       1.80 r
  core16_5/evalB/DP_OP_53J24_122_8097/U145/CO (FA1D0BWP40P140)
                                                          0.07       1.87 r
  core16_5/evalB/DP_OP_53J24_122_8097/U137/CO (FA1D0BWP40P140)
                                                          0.07       1.95 r
  core16_5/evalB/DP_OP_53J24_122_8097/U127/CO (FA1D0BWP40P140)
                                                          0.07       2.02 r
  core16_5/evalB/DP_OP_53J24_122_8097/U134/CO (FA1D0BWP40P140)
                                                          0.07       2.09 r
  core16_5/evalB/DP_OP_53J24_122_8097/U138/CO (FA1D0BWP40P140)
                                                          0.07       2.17 r
  core16_5/evalB/DP_OP_53J24_122_8097/U143/CO (FA1D0BWP40P140)
                                                          0.07       2.24 r
  core16_5/evalB/DP_OP_53J24_122_8097/U142/CO (FA1D0BWP40P140)
                                                          0.07       2.32 r
  core16_5/evalB/DP_OP_53J24_122_8097/U148/CO (FA1D0BWP40P140)
                                                          0.07       2.39 r
  core16_5/evalB/DP_OP_53J24_122_8097/U178/S (FA1D1BWP40P140)
                                                          0.10       2.49 f
  core16_5/evalB/DP_OP_53J24_122_8097/U176/CO (FA1D1BWP40P140)
                                                          0.06       2.56 f
  core16_5/evalB/DP_OP_53J24_122_8097/U102/ZN (XNR4D0BWP40P140)
                                                          0.10       2.66 r
  core16_5/evalB/DP_OP_53J24_122_8097/O1[28] (Eval_33_1_DP_OP_53J24_122_8097_J24_0_32)
                                                          0.00       2.66 r
  core16_5/evalB/io_out_1[28] (Eval_33_56)                0.00       2.66 r
  core16_5/core4_1/io_b_0[28] (core4_12)                  0.00       2.66 r
  core16_5/core4_1/evalB/io_in_0[28] (Eval_33_12)         0.00       2.66 r
  core16_5/core4_1/evalB/DP_OP_54J24_123_1200/I1[28] (Eval_33_1_DP_OP_54J24_123_1200_J24_0_8)
                                                          0.00       2.66 r
  core16_5/core4_1/evalB/DP_OP_54J24_123_1200/U169/Z (XOR2UD1BWP40P140)
                                                          0.05       2.71 r
  core16_5/core4_1/evalB/DP_OP_54J24_123_1200/U168/Z (XOR2UD1BWP40P140)
                                                          0.05       2.75 r
  core16_5/core4_1/evalB/DP_OP_54J24_123_1200/U166/Z (XOR2UD1BWP40P140)
                                                          0.05       2.80 r
  core16_5/core4_1/evalB/DP_OP_54J24_123_1200/U157/ZN (XNR2UD0BWP40P140)
                                                          0.04       2.84 r
  core16_5/core4_1/evalB/DP_OP_54J24_123_1200/U165/Z (XOR2UD1BWP40P140)
                                                          0.05       2.90 r
  core16_5/core4_1/evalB/DP_OP_54J24_123_1200/U155/ZN (INVD0P7BWP40P140)
                                                          0.03       2.93 f
  core16_5/core4_1/evalB/DP_OP_54J24_123_1200/U164/Z (XOR2D1BWP40P140)
                                                          0.07       3.00 r
  core16_5/core4_1/evalB/DP_OP_54J24_123_1200/O1[28] (Eval_33_1_DP_OP_54J24_123_1200_J24_0_8)
                                                          0.00       3.00 r
  core16_5/core4_1/evalB/io_out_2[28] (Eval_33_12)        0.00       3.00 r
  core16_5/core4_1/mult_x_3/b[28] (core4_7_DW_mult_tc_J22_4_1)
                                                          0.00       3.00 r
  core16_5/core4_1/mult_x_3/U1505/ZN (INVD1BWP40P140LVT)
                                                          0.05       3.05 f
  core16_5/core4_1/mult_x_3/U1787/ZN (AOI221D1BWP40P140LVT)
                                                          0.09       3.14 r
  core16_5/core4_1/mult_x_3/U1553/ZN (AOI22D0P7BWP40P140)
                                                          0.06       3.20 f
  core16_5/core4_1/mult_x_3/U1499/ZN (MUX2NUD1BWP40P140)
                                                          0.05       3.25 r
  core16_5/core4_1/mult_x_3/U1463/S (HA1D1BWP40P140)      0.08       3.32 f
  core16_5/core4_1/mult_x_3/U1876/CO (FA1D1BWP40P140)     0.06       3.39 f
  core16_5/core4_1/mult_x_3/U1547/CO (FA1D1BWP40P140LVT)
                                                          0.04       3.43 f
  core16_5/core4_1/mult_x_3/U1466/CO (FA1D1BWP40P140)     0.05       3.48 f
  core16_5/core4_1/mult_x_3/U1867/CO (FA1D1BWP40P140)     0.06       3.54 f
  core16_5/core4_1/mult_x_3/U1863/CO (FA1D1BWP40P140)     0.06       3.59 f
  core16_5/core4_1/mult_x_3/U1859/CO (FA1D1BWP40P140)     0.06       3.65 f
  core16_5/core4_1/mult_x_3/U1855/CO (FA1D1BWP40P140)     0.06       3.70 f
  core16_5/core4_1/mult_x_3/U1632/CO (FA1D0BWP40P140)     0.07       3.77 f
  core16_5/core4_1/mult_x_3/U1848/CO (FA1D1BWP40P140)     0.06       3.83 f
  core16_5/core4_1/mult_x_3/U1841/CO (FA1D1BWP40P140)     0.06       3.89 f
  core16_5/core4_1/mult_x_3/U2015/S (FA1D0BWP40P140)      0.12       4.01 r
  core16_5/core4_1/mult_x_3/U1516/CO (FA1D0BWP40P140)     0.08       4.09 r
  core16_5/core4_1/mult_x_3/U2692/S (FA1D1BWP40P140)      0.10       4.19 f
  core16_5/core4_1/mult_x_3/U2691/S (FA1D1BWP40P140)      0.12       4.31 r
  core16_5/core4_1/mult_x_3/U2695/S (FA1D1BWP40P140)      0.10       4.41 f
  core16_5/core4_1/mult_x_3/U1537/ZN (XNR2UD0BWP40P140)
                                                          0.04       4.45 f
  core16_5/core4_1/mult_x_3/U1534/ZN (XNR2UD0BWP40P140)
                                                          0.06       4.50 f
  core16_5/core4_1/mult_x_3/U2699/S (FA1D1BWP40P140)      0.13       4.64 r
  core16_5/core4_1/mult_x_3/U1668/S (FA1D0BWP40P140)      0.12       4.75 f
  core16_5/core4_1/mult_x_3/U2697/S (FA1D1BWP40P140)      0.12       4.87 r
  core16_5/core4_1/mult_x_3/U1482/ZN (CKND0BWP40P140)     0.02       4.89 f
  core16_5/core4_1/mult_x_3/U1478/ZN (IOA21D1BWP40P140)
                                                          0.04       4.93 f
  core16_5/core4_1/mult_x_3/U1476/ZN (ND2D1BWP40P140LVT)
                                                          0.02       4.94 r
  core16_5/core4_1/mult_x_3/U1531/Z (XOR2UD1BWP40P140LVT)
                                                          0.02       4.96 r
  core16_5/core4_1/mult_x_3/product[40] (core4_7_DW_mult_tc_J22_4_1)
                                                          0.00       4.96 r
  core16_5/core4_1/s_w_2_reg_40_/D (DFQD1BWP40P140)       0.00       4.96 r
  data arrival time                                                  4.96

  clock clk (rise edge)                                   5.00       5.00
  clock network delay (ideal)                             0.00       5.00
  core16_5/core4_1/s_w_2_reg_40_/CP (DFQD1BWP40P140)      0.00       5.00 r
  library setup time                                     -0.04       4.96
  data required time                                                 4.96
  --------------------------------------------------------------------------
  data required time                                                 4.96
  data arrival time                                                 -4.96
  --------------------------------------------------------------------------
  slack (MET)                                                        0.00


  Startpoint: io_b_12[0] (input port clocked by clk)
  Endpoint: core16_6/core4_3/s_w_2_reg_40_
            (rising edge-triggered flip-flop clocked by clk)
  Path Group: clk
  Path Type: max

  Des/Clust/Port     Wire Load Model       Library
  ------------------------------------------------
  core64_a32_b16_c32 ZeroWireload          tcbn28hpcplusbwp40p140hvtssg0p81vm40c_ccs
  Eval_1_0_DP_OP_52J20_125_2082_J20_0_12
                     ZeroWireload          tcbn28hpcplusbwp40p140hvtssg0p81vm40c_ccs
  Eval_1_0_DP_OP_53J20_126_7779_J20_0_12
                     ZeroWireload          tcbn28hpcplusbwp40p140hvtssg0p81vm40c_ccs
  Eval_1_0_DP_OP_54J20_127_2477_J20_0_12
                     ZeroWireload          tcbn28hpcplusbwp40p140hvtssg0p81vm40c_ccs
  Eval_33_49_DP_OP_56J19_127_3466_J19_0_3
                     ZeroWireload          tcbn28hpcplusbwp40p140hvtssg0p81vm40c_ccs
  Eval_33_49_DP_OP_55J19_126_784_J19_0_3
                     ZeroWireload          tcbn28hpcplusbwp40p140hvtssg0p81vm40c_ccs
  Eval_33_49_DP_OP_54J19_125_1425_J19_0_3
                     ZeroWireload          tcbn28hpcplusbwp40p140hvtssg0p81vm40c_ccs
  core4_1_DW_mult_tc_J21_0_1
                     ZeroWireload          tcbn28hpcplusbwp40p140hvtssg0p81vm40c_ccs
  Eval_33_1_DP_OP_53J24_122_8097_J24_0_1
                     ZeroWireload          tcbn28hpcplusbwp40p140hvtssg0p81vm40c_ccs
  Eval_33_1_DP_OP_54J24_123_1200_J24_0_1
                     ZeroWireload          tcbn28hpcplusbwp40p140hvtssg0p81vm40c_ccs
  Eval_33_1_DP_OP_55J24_124_5184_J24_0_1
                     ZeroWireload          tcbn28hpcplusbwp40p140hvtssg0p81vm40c_ccs
  core4_1_DW_mult_tc_J21_4_1
                     ZeroWireload          tcbn28hpcplusbwp40p140hvtssg0p81vm40c_ccs

  Point                                                   Incr       Path
  --------------------------------------------------------------------------
  clock clk (rise edge)                                   0.00       0.00
  clock network delay (ideal)                             0.00       0.00
  input external delay                                    0.50       0.50 f
  io_b_12[0] (in)                                         0.00       0.50 f
  evalB_3/io_in_0[0] (Eval_1_12)                          0.00       0.50 f
  evalB_3/U31/ZN (INVD1BWP40P140LVT)                      0.01       0.51 r
  evalB_3/U24/ZN (INVD2BWP40P140LVT)                      0.01       0.52 f
  evalB_3/io_out_6[0] (Eval_1_12)                         0.00       0.52 f
  core16_6/io_b_3[0] (core16_0)                           0.00       0.52 f
  core16_6/evalB/io_in_3[0] (Eval_33_52)                  0.00       0.52 f
  core16_6/evalB/U18/ZN (INVD0P7BWP40P140)                0.01       0.53 r
  core16_6/evalB/U22/ZN (INVD1BWP40P140)                  0.03       0.56 f
  core16_6/evalB/DP_OP_55J19_126_784/I4[0] (Eval_33_49_DP_OP_55J19_126_784_J19_0_3)
                                                          0.00       0.56 f
  core16_6/evalB/DP_OP_55J19_126_784/U188/CO (HA1D1BWP40P140)
                                                          0.03       0.59 f
  core16_6/evalB/DP_OP_55J19_126_784/U215/CO (FA1D1BWP40P140LVT)
                                                          0.04       0.63 f
  core16_6/evalB/DP_OP_55J19_126_784/U135/ZN (OAI21D0P7BWP40P140)
                                                          0.02       0.66 r
  core16_6/evalB/DP_OP_55J19_126_784/U162/ZN (ND2D1BWP40P140LVT)
                                                          0.02       0.68 f
  core16_6/evalB/DP_OP_55J19_126_784/U161/CO (FA1D1BWP40P140)
                                                          0.06       0.73 f
  core16_6/evalB/DP_OP_55J19_126_784/U210/CO (FA1D1BWP40P140LVT)
                                                          0.04       0.78 f
  core16_6/evalB/DP_OP_55J19_126_784/U158/CO (FA1D1BWP40P140)
                                                          0.05       0.83 f
  core16_6/evalB/DP_OP_55J19_126_784/U206/CO (FA1D1BWP40P140)
                                                          0.06       0.89 f
  core16_6/evalB/DP_OP_55J19_126_784/U155/CO (FA1D1BWP40P140)
                                                          0.06       0.94 f
  core16_6/evalB/DP_OP_55J19_126_784/U178/S (FA1D0BWP40P140)
                                                          0.12       1.06 r
  core16_6/evalB/DP_OP_55J19_126_784/U203/ZN (CKND0BWP40P140)
                                                          0.04       1.10 f
  core16_6/evalB/DP_OP_55J19_126_784/U223/CO (FA1D1BWP40P140)
                                                          0.07       1.17 f
  core16_6/evalB/DP_OP_55J19_126_784/U228/CO (FA1D1BWP40P140)
                                                          0.06       1.22 f
  core16_6/evalB/DP_OP_55J19_126_784/U180/CO (FA1D0BWP40P140)
                                                          0.07       1.29 f
  core16_6/evalB/DP_OP_55J19_126_784/U121/CO (FA1D1BWP40P140)
                                                          0.06       1.35 f
  core16_6/evalB/DP_OP_55J19_126_784/U148/CO (FA1D1BWP40P140LVT)
                                                          0.04       1.40 f
  core16_6/evalB/DP_OP_55J19_126_784/U227/CO (FA1D1BWP40P140)
                                                          0.05       1.45 f
  core16_6/evalB/DP_OP_55J19_126_784/U226/S (FA1D1BWP40P140)
                                                          0.08       1.53 f
  core16_6/evalB/DP_OP_55J19_126_784/O2[14] (Eval_33_49_DP_OP_55J19_126_784_J19_0_3)
                                                          0.00       1.53 f
  core16_6/evalB/io_out_3[14] (Eval_33_52)                0.00       1.53 f
  core16_6/core4_3/io_b_0[14] (core4_3)                   0.00       1.53 f
  core16_6/core4_3/evalB/io_in_0[14] (Eval_33_3)          0.00       1.53 f
  core16_6/core4_3/evalB/U14/ZN (CKND1BWP40P140)          0.01       1.54 r
  core16_6/core4_3/evalB/U10/ZN (CKND0BWP40P140)          0.14       1.68 f
  core16_6/core4_3/evalB/DP_OP_54J24_123_1200/I1[14] (Eval_33_1_DP_OP_54J24_123_1200_J24_0_1)
                                                          0.00       1.68 f
  core16_6/core4_3/evalB/DP_OP_54J24_123_1200/U208/CO (FA1D1BWP40P140LVT)
                                                          0.12       1.80 f
  core16_6/core4_3/evalB/DP_OP_54J24_123_1200/U292/CO (FA1D1BWP40P140)
                                                          0.05       1.85 f
  core16_6/core4_3/evalB/DP_OP_54J24_123_1200/U214/CO (FA1D0BWP40P140)
                                                          0.07       1.92 f
  core16_6/core4_3/evalB/DP_OP_54J24_123_1200/U226/S (FA1D0BWP40P140)
                                                          0.14       2.06 r
  core16_6/core4_3/evalB/DP_OP_54J24_123_1200/U242/CO (FA1D0BWP40P140)
                                                          0.08       2.14 r
  core16_6/core4_3/evalB/DP_OP_54J24_123_1200/U243/CO (FA1D0BWP40P140)
                                                          0.07       2.22 r
  core16_6/core4_3/evalB/DP_OP_54J24_123_1200/U157/CO (FA1D2BWP40P140)
                                                          0.06       2.27 r
  core16_6/core4_3/evalB/DP_OP_54J24_123_1200/U180/CO (FA1OPTCD1BWP40P140LVT)
                                                          0.03       2.31 r
  core16_6/core4_3/evalB/DP_OP_54J24_123_1200/U230/CO (FA1D0BWP40P140)
                                                          0.07       2.37 r
  core16_6/core4_3/evalB/DP_OP_54J24_123_1200/U245/S (FA1D0BWP40P140)
                                                          0.11       2.49 f
  core16_6/core4_3/evalB/DP_OP_54J24_123_1200/O1[22] (Eval_33_1_DP_OP_54J24_123_1200_J24_0_1)
                                                          0.00       2.49 f
  core16_6/core4_3/evalB/io_out_2[22] (Eval_33_3)         0.00       2.49 f
  core16_6/core4_3/mult_x_3/b[22] (core4_1_DW_mult_tc_J21_4_1)
                                                          0.00       2.49 f
  core16_6/core4_3/mult_x_3/U1846/ZN (XNR2UD0BWP40P140)
                                                          0.06       2.54 f
  core16_6/core4_3/mult_x_3/U1654/ZN (IND2D0BWP40P140HVT)
                                                          0.19       2.73 f
  core16_6/core4_3/mult_x_3/U1900/ZN (OAI222D0BWP40P140)
                                                          0.14       2.87 r
  core16_6/core4_3/mult_x_3/U1901/ZN (MUX2ND0BWP40P140)
                                                          0.08       2.95 r
  core16_6/core4_3/mult_x_3/U1467/CO (HA1D1BWP40P140)     0.06       3.00 r
  core16_6/core4_3/mult_x_3/U1499/CO (HA1D0BWP40P140)     0.04       3.05 r
  core16_6/core4_3/mult_x_3/U1620/S (FA1D0BWP40P140)      0.11       3.16 f
  core16_6/core4_3/mult_x_3/U2028/CO (FA1D1BWP40P140)     0.07       3.23 f
  core16_6/core4_3/mult_x_3/U1513/CO (FA1D0BWP40P140)     0.07       3.30 f
  core16_6/core4_3/mult_x_3/U1627/CO (FA1D0BWP40P140)     0.07       3.37 f
  core16_6/core4_3/mult_x_3/U2018/S (FA1D1BWP40P140)      0.11       3.48 r
  core16_6/core4_3/mult_x_3/U1515/CO (FA1D0BWP40P140)     0.08       3.55 r
  core16_6/core4_3/mult_x_3/U1634/CO (FA1D0BWP40P140)     0.07       3.63 r
  core16_6/core4_3/mult_x_3/U2103/S (FA1D1BWP40P140)      0.10       3.73 f
  core16_6/core4_3/mult_x_3/U2200/CO (FA1D1BWP40P140)     0.07       3.80 f
  core16_6/core4_3/mult_x_3/U1642/CO (FA1D0BWP40P140)     0.07       3.87 f
  core16_6/core4_3/mult_x_3/U2193/CO (FA1D1BWP40P140)     0.06       3.93 f
  core16_6/core4_3/mult_x_3/U2189/CO (FA1D1BWP40P140)     0.06       3.98 f
  core16_6/core4_3/mult_x_3/U1643/CO (FA1D0BWP40P140)     0.07       4.05 f
  core16_6/core4_3/mult_x_3/U2182/CO (FA1D1BWP40P140)     0.06       4.11 f
  core16_6/core4_3/mult_x_3/U2178/CO (FA1D1BWP40P140)     0.06       4.17 f
  core16_6/core4_3/mult_x_3/U2174/CO (FA1D1BWP40P140)     0.06       4.22 f
  core16_6/core4_3/mult_x_3/U1644/CO (FA1D0BWP40P140)     0.07       4.29 f
  core16_6/core4_3/mult_x_3/U2430/CO (FA1D0BWP40P140)     0.07       4.36 f
  core16_6/core4_3/mult_x_3/U2711/S (FA1D1BWP40P140)      0.11       4.47 r
  core16_6/core4_3/mult_x_3/U1474/Z (XOR2UD0BWP40P140)
                                                          0.04       4.51 r
  core16_6/core4_3/mult_x_3/U2486/Z (XOR2UD0BWP40P140)
                                                          0.05       4.56 f
  core16_6/core4_3/mult_x_3/U2702/S (FA1D1BWP40P140)      0.13       4.69 r
  core16_6/core4_3/mult_x_3/U1672/CO (FA1D0BWP40P140)     0.07       4.76 r
  core16_6/core4_3/mult_x_3/U2482/ZN (MUX2ND0BWP40P140)
                                                          0.05       4.81 r
  core16_6/core4_3/mult_x_3/U1463/Z (XOR2UD0BWP40P140)
                                                          0.05       4.86 r
  core16_6/core4_3/mult_x_3/U1462/ZN (XNR2UD1BWP40P140)
                                                          0.05       4.91 r
  core16_6/core4_3/mult_x_3/U2704/Z (XOR2UD0BWP40P140)
                                                          0.05       4.96 r
  core16_6/core4_3/mult_x_3/product[40] (core4_1_DW_mult_tc_J21_4_1)
                                                          0.00       4.96 r
  core16_6/core4_3/s_w_2_reg_40_/D (DFQD1BWP40P140)       0.00       4.96 r
  data arrival time                                                  4.96

  clock clk (rise edge)                                   5.00       5.00
  clock network delay (ideal)                             0.00       5.00
  core16_6/core4_3/s_w_2_reg_40_/CP (DFQD1BWP40P140)      0.00       5.00 r
  library setup time                                     -0.04       4.96
  data required time                                                 4.96
  --------------------------------------------------------------------------
  data required time                                                 4.96
  data arrival time                                                 -4.96
  --------------------------------------------------------------------------
  slack (MET)                                                        0.00


1
