 
****************************************
Report : timing
        -path full
        -delay max
        -nets
        -max_paths 1
        -transition_time
Design : core64_a36_b12_c36
Version: O-2018.06-SP5
Date   : Wed May 13 08:20:30 2026
****************************************

 # A fanout number of 1000 was used for high fanout net computations.

Operating Conditions: ssg0p81vm40c   Library: tcbn28hpcplusbwp40p140hvtssg0p81vm40c_ccs
Wire Load Model Mode: segmented

  Startpoint: io_b_15[2] (input port clocked by clk)
  Endpoint: core16_2/core4_5/s_w_1_reg_42_
            (rising edge-triggered flip-flop clocked by clk)
  Path Group: clk
  Path Type: max

  Des/Clust/Port     Wire Load Model       Library
  ------------------------------------------------
  core64_a36_b12_c36 ZeroWireload          tcbn28hpcplusbwp40p140hvtssg0p81vm40c_ccs
  Eval_1_12_DP_OP_53J22_126_1358_0 ZeroWireload tcbn28hpcplusbwp40p140hvtssg0p81vm40c_ccs
  Eval_1_0_DP_OP_52J22_125_7082_J22_0_12 ZeroWireload tcbn28hpcplusbwp40p140hvtssg0p81vm40c_ccs
  Eval_1_0_DP_OP_54J22_127_7047_J22_0_12 ZeroWireload tcbn28hpcplusbwp40p140hvtssg0p81vm40c_ccs
  Eval_33_65_DP_OP_55J20_130_6048_J20_0_3 ZeroWireload tcbn28hpcplusbwp40p140hvtssg0p81vm40c_ccs
  Eval_33_68_DP_OP_56J20_131_3366_0 ZeroWireload tcbn28hpcplusbwp40p140hvtssg0p81vm40c_ccs
  Eval_33_68_DP_OP_54J20_129_7298_0 ZeroWireload tcbn28hpcplusbwp40p140hvtssg0p81vm40c_ccs
  Eval_33_29_DP_OP_54J26_123_7613_0 ZeroWireload tcbn28hpcplusbwp40p140hvtssg0p81vm40c_ccs
  Eval_33_29_DP_OP_55J26_124_8730_0 ZeroWireload tcbn28hpcplusbwp40p140hvtssg0p81vm40c_ccs
  Eval_33_29_DP_OP_53J26_122_5226_0 ZeroWireload tcbn28hpcplusbwp40p140hvtssg0p81vm40c_ccs
  core4_29_DW_mult_tc_4 ZeroWireload       tcbn28hpcplusbwp40p140hvtssg0p81vm40c_ccs

Attributes:
    d - dont_touch
    u - dont_use
   mo - map_only
   so - size_only
    i - ideal_net or ideal_network
  inf - infeasible path

  Point                                       Fanout     Trans      Incr       Path      Attributes
  ---------------------------------------------------------------------------------------------------------
  clock clk (rise edge)                                             0.00       0.00
  clock network delay (ideal)                                       0.00       0.00
  input external delay                                              0.50       0.50 f
  io_b_15[2] (in)                                         0.00      0.00       0.50 f
  io_b_15[2] (net)                              1                   0.00       0.50 f
  evalB_3/io_in_3[2] (Eval_1_12)                                    0.00       0.50 f
  evalB_3/io_in_3[2] (net)                                          0.00       0.50 f
  evalB_3/U13/ZN (CKND3BWP40P140LVT)                      0.01      0.00       0.50 r
  evalB_3/n3 (net)                              1                   0.00       0.50 r
  evalB_3/U27/ZN (INVD4BWP40P140LVT)                      0.01      0.01       0.51 f
  evalB_3/io_out_0[2] (net)                     6                   0.00       0.51 f
  evalB_3/DP_OP_53J22_126_1358/I4[2] (Eval_1_12_DP_OP_53J22_126_1358_0)     0.00     0.51 f
  evalB_3/DP_OP_53J22_126_1358/I4[2] (net)                          0.00       0.51 f
  evalB_3/DP_OP_53J22_126_1358/U339/CO (FA1D1BWP40P140)     0.02     0.05      0.57 f
  evalB_3/DP_OP_53J22_126_1358/n439 (net)       1                   0.00       0.57 f
  evalB_3/DP_OP_53J22_126_1358/U457/S (FA1D1BWP40P140LVT)     0.02     0.08     0.65 r
  evalB_3/DP_OP_53J22_126_1358/n451 (net)       2                   0.00       0.65 r
  evalB_3/DP_OP_53J22_126_1358/U478/Z (OR2D0BWP40P140)     0.02     0.03       0.68 r
  evalB_3/DP_OP_53J22_126_1358/n581 (net)       2                   0.00       0.68 r
  evalB_3/DP_OP_53J22_126_1358/U365/ZN (ND2D0BWP40P140)     0.04     0.03      0.72 f
  evalB_3/DP_OP_53J22_126_1358/n583 (net)       1                   0.00       0.72 f
  evalB_3/DP_OP_53J22_126_1358/U337/Z (XOR2D1BWP40P140LVT)     0.04     0.06     0.78 r
  evalB_3/DP_OP_53J22_126_1358/O1[3] (net)      5                   0.00       0.78 r
  evalB_3/DP_OP_53J22_126_1358/O1[3] (Eval_1_12_DP_OP_53J22_126_1358_0)     0.00     0.78 r
  evalB_3/io_out_2[3] (net)                                         0.00       0.78 r
  evalB_3/io_out_2[3] (Eval_1_12)                                   0.00       0.78 r
  evalB_3_io_out_2[3] (net)                                         0.00       0.78 r
  core16_2/io_b_3[3] (core16_4)                                     0.00       0.78 r
  core16_2/io_b_3[3] (net)                                          0.00       0.78 r
  core16_2/evalB/io_in_3[3] (Eval_33_68)                            0.00       0.78 r
  core16_2/evalB/io_in_3[3] (net)                                   0.00       0.78 r
  core16_2/evalB/DP_OP_56J20_131_3366/I3[3] (Eval_33_68_DP_OP_56J20_131_3366_0)     0.00     0.78 r
  core16_2/evalB/DP_OP_56J20_131_3366/I3[3] (net)                   0.00       0.78 r
  core16_2/evalB/DP_OP_56J20_131_3366/U309/ZN (CKND0BWP40P140)     0.04     0.04     0.82 f
  core16_2/evalB/DP_OP_56J20_131_3366/n459 (net)     1              0.00       0.82 f
  core16_2/evalB/DP_OP_56J20_131_3366/U313/CO (FA1D1BWP40P140LVT)     0.02     0.06     0.88 f
  core16_2/evalB/DP_OP_56J20_131_3366/n455 (net)     1              0.00       0.88 f
  core16_2/evalB/DP_OP_56J20_131_3366/U352/CO (FA1D1BWP40P140LVT)     0.02     0.05     0.93 f
  core16_2/evalB/DP_OP_56J20_131_3366/n450 (net)     1              0.00       0.93 f
  core16_2/evalB/DP_OP_56J20_131_3366/U375/CO (FA1D1BWP40P140LVT)     0.02     0.05     0.98 f
  core16_2/evalB/DP_OP_56J20_131_3366/n446 (net)     1              0.00       0.98 f
  core16_2/evalB/DP_OP_56J20_131_3366/U338/CO (FA1D1BWP40P140LVT)     0.02     0.05     1.03 f
  core16_2/evalB/DP_OP_56J20_131_3366/n442 (net)     1              0.00       1.03 f
  core16_2/evalB/DP_OP_56J20_131_3366/U334/CO (FA1D1BWP40P140LVT)     0.02     0.05     1.08 f
  core16_2/evalB/DP_OP_56J20_131_3366/n438 (net)     1              0.00       1.08 f
  core16_2/evalB/DP_OP_56J20_131_3366/U343/S (FA1D1BWP40P140LVT)     0.02     0.08     1.16 r
  core16_2/evalB/DP_OP_56J20_131_3366/n475 (net)     2              0.00       1.16 r
  core16_2/evalB/DP_OP_56J20_131_3366/U400/Z (OR2D0BWP40P140)     0.02     0.03     1.19 r
  core16_2/evalB/DP_OP_56J20_131_3366/n399 (net)     2              0.00       1.19 r
  core16_2/evalB/DP_OP_56J20_131_3366/U274/ZN (ND2D0BWP40P140HVT)     0.04     0.04     1.23 f
  core16_2/evalB/DP_OP_56J20_131_3366/n598 (net)     1              0.00       1.23 f
  core16_2/evalB/DP_OP_56J20_131_3366/U324/ZN (XNR2UD0BWP40P140)     0.19     0.12     1.35 f
  core16_2/evalB/DP_OP_56J20_131_3366/O2[8] (net)     5             0.00       1.35 f
  core16_2/evalB/DP_OP_56J20_131_3366/O2[8] (Eval_33_68_DP_OP_56J20_131_3366_0)     0.00     1.35 f
  core16_2/evalB/io_out_5[8] (net)                                  0.00       1.35 f
  core16_2/evalB/io_out_5[8] (Eval_33_68)                           0.00       1.35 f
  core16_2/evalB_io_out_5[8] (net)                                  0.00       1.35 f
  core16_2/core4_5/io_b_0[8] (core4_29)                             0.00       1.35 f
  core16_2/core4_5/io_b_0[8] (net)                                  0.00       1.35 f
  core16_2/core4_5/evalB/io_in_0[8] (Eval_33_29)                    0.00       1.35 f
  core16_2/core4_5/evalB/io_in_0[8] (net)                           0.00       1.35 f
  core16_2/core4_5/evalB/DP_OP_53J26_122_5226/I4[8] (Eval_33_29_DP_OP_53J26_122_5226_0)     0.00     1.35 f
  core16_2/core4_5/evalB/DP_OP_53J26_122_5226/I4[8] (net)           0.00       1.35 f
  core16_2/core4_5/evalB/DP_OP_53J26_122_5226/U189/S (FA1D1BWP40P140LVT)     0.02     0.13     1.48 r
  core16_2/core4_5/evalB/DP_OP_53J26_122_5226/n344 (net)     2      0.00       1.48 r
  core16_2/core4_5/evalB/DP_OP_53J26_122_5226/U131/ZN (ND2D0BWP40P140HVT)     0.04     0.03     1.51 f
  core16_2/core4_5/evalB/DP_OP_53J26_122_5226/n370 (net)     2      0.00       1.51 f
  core16_2/core4_5/evalB/DP_OP_53J26_122_5226/U224/ZN (ND2D0BWP40P140HVT)     0.04     0.05     1.56 r
  core16_2/core4_5/evalB/DP_OP_53J26_122_5226/n372 (net)     1      0.00       1.56 r
  core16_2/core4_5/evalB/DP_OP_53J26_122_5226/U122/ZN (XNR2UD1BWP40P140LVT)     0.36     0.18     1.74 r
  core16_2/core4_5/evalB/DP_OP_53J26_122_5226/O1[8] (net)    41     0.00       1.74 r
  core16_2/core4_5/evalB/DP_OP_53J26_122_5226/O1[8] (Eval_33_29_DP_OP_53J26_122_5226_0)     0.00     1.74 r
  core16_2/core4_5/evalB/io_out_1[8] (net)                          0.00       1.74 r
  core16_2/core4_5/evalB/io_out_1[8] (Eval_33_29)                   0.00       1.74 r
  core16_2/core4_5/evalB_io_out_1[8] (net)                          0.00       1.74 r
  core16_2/core4_5/mult_x_2/b[8] (core4_29_DW_mult_tc_4)            0.00       1.74 r
  core16_2/core4_5/mult_x_2/b[8] (net)                              0.00       1.74 r
  core16_2/core4_5/mult_x_2/U1809/Z (XOR2UD0BWP40P140)     0.11     0.10       1.84 f
  core16_2/core4_5/mult_x_2/n2045 (net)         3                   0.00       1.84 f
  core16_2/core4_5/mult_x_2/U2298/ZN (NR2D0BWP40P140)     0.38      0.28       2.12 r
  core16_2/core4_5/mult_x_2/n3485 (net)        38                   0.00       2.12 r
  core16_2/core4_5/mult_x_2/U2320/ZN (AOI222D0BWP40P140)     0.12     0.08     2.20 f
  core16_2/core4_5/mult_x_2/n2046 (net)         1                   0.00       2.20 f
  core16_2/core4_5/mult_x_2/U2432/ZN (OAI21D0BWP40P140HVT)     0.08     0.09     2.29 r
  core16_2/core4_5/mult_x_2/n3509 (net)         1                   0.00       2.29 r
  core16_2/core4_5/mult_x_2/U2322/Z (XOR2UD0BWP40P140)     0.12     0.06       2.35 r
  core16_2/core4_5/mult_x_2/n2058 (net)         1                   0.00       2.35 r
  core16_2/core4_5/mult_x_2/U1570/S (HA1D1BWP40P140)      0.02      0.08       2.43 f
  core16_2/core4_5/mult_x_2/n2062 (net)         1                   0.00       2.43 f
  core16_2/core4_5/mult_x_2/U2123/CO (FA1D1BWP40P140LVT)     0.02     0.04     2.48 f
  core16_2/core4_5/mult_x_2/n2080 (net)         1                   0.00       2.48 f
  core16_2/core4_5/mult_x_2/U2067/CO (FA1D1BWP40P140LVT)     0.02     0.04     2.52 f
  core16_2/core4_5/mult_x_2/n2103 (net)         2                   0.00       2.52 f
  core16_2/core4_5/mult_x_2/U2195/Z (AO22D0BWP40P140)     0.02      0.05       2.57 f
  core16_2/core4_5/mult_x_2/n2134 (net)         1                   0.00       2.57 f
  core16_2/core4_5/mult_x_2/U2068/CO (FA1D1BWP40P140LVT)     0.02     0.05     2.62 f
  core16_2/core4_5/mult_x_2/n2152 (net)         2                   0.00       2.62 f
  core16_2/core4_5/mult_x_2/U2184/ZN (MAOI222D0BWP40P140)     0.04     0.04     2.66 r
  core16_2/core4_5/mult_x_2/n3532 (net)         1                   0.00       2.66 r
  core16_2/core4_5/mult_x_2/U2157/ZN (CKND0BWP40P140LVT)     0.02     0.03     2.69 f
  core16_2/core4_5/mult_x_2/n2178 (net)         1                   0.00       2.69 f
  core16_2/core4_5/mult_x_2/U2015/CO (FA1D1BWP40P140LVT)     0.02     0.05     2.73 f
  core16_2/core4_5/mult_x_2/n2205 (net)         1                   0.00       2.73 f
  core16_2/core4_5/mult_x_2/U2016/S (FA1D1BWP40P140LVT)     0.02     0.07      2.80 f
  core16_2/core4_5/mult_x_2/n2212 (net)         1                   0.00       2.80 f
  core16_2/core4_5/mult_x_2/U2073/CO (FA1D1BWP40P140LVT)     0.02     0.05     2.85 f
  core16_2/core4_5/mult_x_2/n2239 (net)         1                   0.00       2.85 f
  core16_2/core4_5/mult_x_2/U2132/S (FA1D0BWP40P140)      0.03      0.12       2.97 r
  core16_2/core4_5/mult_x_2/n2240 (net)         1                   0.00       2.97 r
  core16_2/core4_5/mult_x_2/U2116/CO (FA1D1BWP40P140LVT)     0.02     0.04     3.01 r
  core16_2/core4_5/mult_x_2/n2260 (net)         1                   0.00       3.01 r
  core16_2/core4_5/mult_x_2/U1575/CO (FA1D1BWP40P140)     0.02      0.05       3.06 r
  core16_2/core4_5/mult_x_2/n2287 (net)         1                   0.00       3.06 r
  core16_2/core4_5/mult_x_2/U2137/S (FA1D0BWP40P140)      0.03      0.11       3.17 f
  core16_2/core4_5/mult_x_2/n2307 (net)         1                   0.00       3.17 f
  core16_2/core4_5/mult_x_2/U1747/CO (FA1D1BWP40P140)     0.02      0.07       3.25 f
  core16_2/core4_5/mult_x_2/n2340 (net)         1                   0.00       3.25 f
  core16_2/core4_5/mult_x_2/U1736/CO (FA1D1BWP40P140)     0.02      0.07       3.31 f
  core16_2/core4_5/mult_x_2/n2379 (net)         1                   0.00       3.31 f
  core16_2/core4_5/mult_x_2/U1731/CO (FA1D1BWP40P140)     0.02      0.07       3.38 f
  core16_2/core4_5/mult_x_2/n2386 (net)         1                   0.00       3.38 f
  core16_2/core4_5/mult_x_2/U1717/CO (FA1D1BWP40P140)     0.03      0.07       3.45 f
  core16_2/core4_5/mult_x_2/n2458 (net)         1                   0.00       3.45 f
  core16_2/core4_5/mult_x_2/U1708/CO (FA1D1BWP40P140)     0.02      0.07       3.52 f
  core16_2/core4_5/mult_x_2/n2502 (net)         1                   0.00       3.52 f
  core16_2/core4_5/mult_x_2/U1705/CO (FA1D1BWP40P140)     0.02      0.07       3.58 f
  core16_2/core4_5/mult_x_2/n2549 (net)         1                   0.00       3.58 f
  core16_2/core4_5/mult_x_2/U1699/CO (FA1D1BWP40P140)     0.02      0.06       3.65 f
  core16_2/core4_5/mult_x_2/n2589 (net)         1                   0.00       3.65 f
  core16_2/core4_5/mult_x_2/U1692/CO (FA1D1BWP40P140)     0.02      0.06       3.71 f
  core16_2/core4_5/mult_x_2/n2636 (net)         1                   0.00       3.71 f
  core16_2/core4_5/mult_x_2/U1689/CO (FA1D1BWP40P140)     0.03      0.07       3.77 f
  core16_2/core4_5/mult_x_2/n2682 (net)         1                   0.00       3.77 f
  core16_2/core4_5/mult_x_2/U1577/CO (FA1D1BWP40P140LVT)     0.02     0.05     3.83 f
  core16_2/core4_5/mult_x_2/n2728 (net)         1                   0.00       3.83 f
  core16_2/core4_5/mult_x_2/U2165/CO (FA1D0BWP40P140)     0.04      0.07       3.90 f
  core16_2/core4_5/mult_x_2/n2774 (net)         1                   0.00       3.90 f
  core16_2/core4_5/mult_x_2/U1674/CO (FA1D1BWP40P140)     0.02      0.07       3.97 f
  core16_2/core4_5/mult_x_2/n2820 (net)         1                   0.00       3.97 f
  core16_2/core4_5/mult_x_2/U1671/CO (FA1D1BWP40P140)     0.02      0.07       4.04 f
  core16_2/core4_5/mult_x_2/n2866 (net)         1                   0.00       4.04 f
  core16_2/core4_5/mult_x_2/U1667/CO (FA1D1BWP40P140)     0.02      0.07       4.11 f
  core16_2/core4_5/mult_x_2/n2912 (net)         1                   0.00       4.11 f
  core16_2/core4_5/mult_x_2/U1664/CO (FA1D1BWP40P140)     0.02      0.07       4.17 f
  core16_2/core4_5/mult_x_2/n2958 (net)         1                   0.00       4.17 f
  core16_2/core4_5/mult_x_2/U1661/CO (FA1D1BWP40P140)     0.02      0.07       4.24 f
  core16_2/core4_5/mult_x_2/n3004 (net)         1                   0.00       4.24 f
  core16_2/core4_5/mult_x_2/U1658/CO (FA1D1BWP40P140)     0.02      0.07       4.31 f
  core16_2/core4_5/mult_x_2/n3050 (net)         1                   0.00       4.31 f
  core16_2/core4_5/mult_x_2/U1655/CO (FA1D1BWP40P140)     0.02      0.07       4.38 f
  core16_2/core4_5/mult_x_2/n3096 (net)         1                   0.00       4.38 f
  core16_2/core4_5/mult_x_2/U1652/CO (FA1D1BWP40P140)     0.02      0.07       4.44 f
  core16_2/core4_5/mult_x_2/n3142 (net)         1                   0.00       4.44 f
  core16_2/core4_5/mult_x_2/U1651/CO (FA1D1BWP40P140)     0.02      0.07       4.51 f
  core16_2/core4_5/mult_x_2/n3188 (net)         1                   0.00       4.51 f
  core16_2/core4_5/mult_x_2/U1648/CO (FA1D1BWP40P140)     0.02      0.07       4.58 f
  core16_2/core4_5/mult_x_2/n3234 (net)         1                   0.00       4.58 f
  core16_2/core4_5/mult_x_2/U1645/CO (FA1D1BWP40P140)     0.02      0.07       4.65 f
  core16_2/core4_5/mult_x_2/n3280 (net)         1                   0.00       4.65 f
  core16_2/core4_5/mult_x_2/U1644/CO (FA1D1BWP40P140)     0.02      0.07       4.71 f
  core16_2/core4_5/mult_x_2/n3333 (net)         1                   0.00       4.71 f
  core16_2/core4_5/mult_x_2/U1641/CO (FA1D1BWP40P140)     0.02      0.07       4.78 f
  core16_2/core4_5/mult_x_2/n3388 (net)         1                   0.00       4.78 f
  core16_2/core4_5/mult_x_2/U2354/CO (FA1D0BWP40P140)     0.03      0.07       4.85 f
  core16_2/core4_5/mult_x_2/n3397 (net)         1                   0.00       4.85 f
  core16_2/core4_5/mult_x_2/U2178/S (FA1D0BWP40P140)      0.02      0.11       4.97 r
  core16_2/core4_5/mult_x_2/product[42] (net)     1                 0.00       4.97 r
  core16_2/core4_5/mult_x_2/product[42] (core4_29_DW_mult_tc_4)     0.00       4.97 r
  core16_2/core4_5/n_w_1_T_1[42] (net)                              0.00       4.97 r
  core16_2/core4_5/s_w_1_reg_42_/D (DFQD1BWP40P140)       0.02      0.00       4.97 r
  data arrival time                                                            4.97

  clock clk (rise edge)                                             5.00       5.00
  clock network delay (ideal)                                       0.00       5.00
  core16_2/core4_5/s_w_1_reg_42_/CP (DFQD1BWP40P140)                0.00       5.00 r
  library setup time                                               -0.03       4.97
  data required time                                                           4.97
  ---------------------------------------------------------------------------------------------------------
  data required time                                                           4.97
  data arrival time                                                           -4.97
  ---------------------------------------------------------------------------------------------------------
  slack (MET)                                                                  0.00


1
