 
****************************************
Report : timing
        -path full
        -delay max
        -max_paths 3
Design : core64_a36_b14_c36
Version: O-2018.06-SP5
Date   : Wed May 13 08:41:41 2026
****************************************

 # A fanout number of 1000 was used for high fanout net computations.

Operating Conditions: ssg0p81vm40c   Library: tcbn28hpcplusbwp40p140hvtssg0p81vm40c_ccs
Wire Load Model Mode: segmented

  Startpoint: io_b_45[0] (input port clocked by clk)
  Endpoint: core16_4/core4_4/s_w_1_reg_43_
            (rising edge-triggered flip-flop clocked by clk)
  Path Group: clk
  Path Type: max

  Des/Clust/Port     Wire Load Model       Library
  ------------------------------------------------
  Eval_1_4_DP_OP_54J20_127_2501_0
                     ZeroWireload          tcbn28hpcplusbwp40p140hvtssg0p81vm40c_ccs
  Eval_1_4_DP_OP_52J20_125_4593_0
                     ZeroWireload          tcbn28hpcplusbwp40p140hvtssg0p81vm40c_ccs
  Eval_1_4_DP_OP_53J20_126_1321_0
                     ZeroWireload          tcbn28hpcplusbwp40p140hvtssg0p81vm40c_ccs
  core64_a36_b14_c36 ZeroWireload          tcbn28hpcplusbwp40p140hvtssg0p81vm40c_ccs
  Eval_33_57_DP_OP_54J26_125_8890_J26_0_1
                     ZeroWireload          tcbn28hpcplusbwp40p140hvtssg0p81vm40c_ccs
  Eval_33_58_DP_OP_56J26_127_7864_0
                     ZeroWireload          tcbn28hpcplusbwp40p140hvtssg0p81vm40c_ccs
  Eval_33_58_DP_OP_55J26_126_7119_0
                     ZeroWireload          tcbn28hpcplusbwp40p140hvtssg0p81vm40c_ccs
  Eval_33_16_DP_OP_56J23_124_4803_J23_0
                     ZeroWireload          tcbn28hpcplusbwp40p140hvtssg0p81vm40c_ccs
  Eval_33_16_DP_OP_55J23_123_5296_J23_0
                     ZeroWireload          tcbn28hpcplusbwp40p140hvtssg0p81vm40c_ccs
  Eval_33_16_DP_OP_54J23_122_59_J23_0
                     ZeroWireload          tcbn28hpcplusbwp40p140hvtssg0p81vm40c_ccs
  core4_16_DW_mult_tc_J19_4
                     ZeroWireload          tcbn28hpcplusbwp40p140hvtssg0p81vm40c_ccs

  Point                                                   Incr       Path
  --------------------------------------------------------------------------
  clock clk (rise edge)                                   0.00       0.00
  clock network delay (ideal)                             0.00       0.00
  input external delay                                    0.50       0.50 r
  io_b_45[0] (in)                                         0.00       0.50 r
  evalB_11/io_in_1[0] (Eval_1_4)                          0.00       0.50 r
  evalB_11/DP_OP_54J20_127_2501/I4[2] (Eval_1_4_DP_OP_54J20_127_2501_0)
                                                          0.00       0.50 r
  evalB_11/DP_OP_54J20_127_2501/U669/S (HA1D1BWP40P140LVT)
                                                          0.04       0.54 f
  evalB_11/DP_OP_54J20_127_2501/U521/ZN (NR2D0BWP40P140)
                                                          0.03       0.57 r
  evalB_11/DP_OP_54J20_127_2501/U501/ZN (NR2D0BWP40P140)
                                                          0.02       0.58 f
  evalB_11/DP_OP_54J20_127_2501/U490/ZN (NR2D0BWP40P140)
                                                          0.03       0.62 r
  evalB_11/DP_OP_54J20_127_2501/U461/Z (OA21D0BWP40P140)
                                                          0.06       0.68 r
  evalB_11/DP_OP_54J20_127_2501/U580/ZN (OAI21D1BWP40P140LVT)
                                                          0.03       0.70 f
  evalB_11/DP_OP_54J20_127_2501/U582/ZN (CKND0BWP40P140)
                                                          0.03       0.74 r
  evalB_11/DP_OP_54J20_127_2501/U549/Z (XOR2OPTND2BWP40P140LVT)
                                                          0.04       0.78 f
  evalB_11/DP_OP_54J20_127_2501/O1[5] (Eval_1_4_DP_OP_54J20_127_2501_0)
                                                          0.00       0.78 f
  evalB_11/io_out_4[5] (Eval_1_4)                         0.00       0.78 f
  core16_4/io_b_11[5] (core16_2)                          0.00       0.78 f
  core16_4/evalB_2/io_in_3[5] (Eval_33_58)                0.00       0.78 f
  core16_4/evalB_2/DP_OP_56J26_127_7864/I3[5] (Eval_33_58_DP_OP_56J26_127_7864_0)
                                                          0.00       0.78 f
  core16_4/evalB_2/DP_OP_56J26_127_7864/U528/CO (FA1D1BWP40P140LVT)
                                                          0.06       0.84 f
  core16_4/evalB_2/DP_OP_56J26_127_7864/U496/CO (FA1D1BWP40P140LVT)
                                                          0.04       0.89 f
  core16_4/evalB_2/DP_OP_56J26_127_7864/U497/CO (FA1D1BWP40P140LVT)
                                                          0.04       0.93 f
  core16_4/evalB_2/DP_OP_56J26_127_7864/U495/CO (FA1D1BWP40P140LVT)
                                                          0.05       0.98 f
  core16_4/evalB_2/DP_OP_56J26_127_7864/U353/S (FA1D1BWP40P140LVT)
                                                          0.09       1.07 r
  core16_4/evalB_2/DP_OP_56J26_127_7864/U351/S (FA1D1BWP40P140)
                                                          0.11       1.18 f
  core16_4/evalB_2/DP_OP_56J26_127_7864/O1[9] (Eval_33_58_DP_OP_56J26_127_7864_0)
                                                          0.00       1.18 f
  core16_4/evalB_2/io_out_4[9] (Eval_33_58)               0.00       1.18 f
  core16_4/core4_4/io_b_2[9] (core4_16)                   0.00       1.18 f
  core16_4/core4_4/evalB/io_in_2[9] (Eval_33_16)          0.00       1.18 f
  core16_4/core4_4/evalB/DP_OP_54J23_122_59/I1[9] (Eval_33_16_DP_OP_54J23_122_59_J23_0)
                                                          0.00       1.18 f
  core16_4/core4_4/evalB/DP_OP_54J23_122_59/U171/S (FA1D1BWP40P140)
                                                          0.12       1.30 r
  core16_4/core4_4/evalB/DP_OP_54J23_122_59/U136/CO (FA1D0BWP40P140)
                                                          0.07       1.38 r
  core16_4/core4_4/evalB/DP_OP_54J23_122_59/U117/CO (FA1D0BWP40P140)
                                                          0.07       1.45 r
  core16_4/core4_4/evalB/DP_OP_54J23_122_59/U118/CO (FA1D0BWP40P140)
                                                          0.07       1.52 r
  core16_4/core4_4/evalB/DP_OP_54J23_122_59/U124/CO (FA1D0BWP40P140)
                                                          0.07       1.60 r
  core16_4/core4_4/evalB/DP_OP_54J23_122_59/U126/CO (FA1D0BWP40P140)
                                                          0.07       1.67 r
  core16_4/core4_4/evalB/DP_OP_54J23_122_59/U127/CO (FA1D0BWP40P140)
                                                          0.07       1.75 r
  core16_4/core4_4/evalB/DP_OP_54J23_122_59/U129/CO (FA1D0BWP40P140)
                                                          0.07       1.82 r
  core16_4/core4_4/evalB/DP_OP_54J23_122_59/U128/CO (FA1D0BWP40P140)
                                                          0.07       1.89 r
  core16_4/core4_4/evalB/DP_OP_54J23_122_59/U130/S (FA1D0BWP40P140)
                                                          0.12       2.01 f
  core16_4/core4_4/evalB/DP_OP_54J23_122_59/U100/CO (FA1D1BWP40P140LVT)
                                                          0.05       2.06 f
  core16_4/core4_4/evalB/DP_OP_54J23_122_59/U84/S (FA1D1BWP40P140LVT)
                                                          0.11       2.18 r
  core16_4/core4_4/evalB/DP_OP_54J23_122_59/O1[20] (Eval_33_16_DP_OP_54J23_122_59_J23_0)
                                                          0.00       2.18 r
  core16_4/core4_4/evalB/io_out_1[20] (Eval_33_16)        0.00       2.18 r
  core16_4/core4_4/mult_x_2/b[20] (core4_16_DW_mult_tc_J19_4)
                                                          0.00       2.18 r
  core16_4/core4_4/mult_x_2/U1586/ZN (INVD1BWP40P140LVT)
                                                          0.07       2.25 f
  core16_4/core4_4/mult_x_2/U1893/ZN (MUX2ND0BWP40P140)
                                                          0.07       2.31 r
  core16_4/core4_4/mult_x_2/U2011/ZN (IND3D0BWP40P140)
                                                          0.20       2.52 f
  core16_4/core4_4/mult_x_2/U2094/ZN (OAI222D0BWP40P140)
                                                          0.12       2.64 r
  core16_4/core4_4/mult_x_2/U2095/ZN (AOI21D0BWP40P140)
                                                          0.05       2.68 f
  core16_4/core4_4/mult_x_2/U1720/ZN (MUX2ND0BWP40P140)
                                                          0.06       2.74 f
  core16_4/core4_4/mult_x_2/U1756/CO (HA1D0BWP40P140)     0.05       2.79 f
  core16_4/core4_4/mult_x_2/U2173/CO (FA1D1BWP40P140)     0.06       2.84 f
  core16_4/core4_4/mult_x_2/U2170/CO (FA1D1BWP40P140)     0.06       2.90 f
  core16_4/core4_4/mult_x_2/U1757/CO (FA1D0BWP40P140)     0.07       2.96 f
  core16_4/core4_4/mult_x_2/U2163/CO (FA1D1BWP40P140)     0.06       3.02 f
  core16_4/core4_4/mult_x_2/U2159/CO (FA1D1BWP40P140)     0.06       3.08 f
  core16_4/core4_4/mult_x_2/U1758/CO (FA1D0BWP40P140)     0.07       3.15 f
  core16_4/core4_4/mult_x_2/U2152/CO (FA1D1BWP40P140)     0.06       3.21 f
  core16_4/core4_4/mult_x_2/U2148/CO (FA1D1BWP40P140)     0.06       3.26 f
  core16_4/core4_4/mult_x_2/U2144/CO (FA1D1BWP40P140)     0.06       3.32 f
  core16_4/core4_4/mult_x_2/U1759/CO (FA1D0BWP40P140)     0.07       3.39 f
  core16_4/core4_4/mult_x_2/U1584/ZN (OAI21D0BWP40P140)
                                                          0.03       3.42 r
  core16_4/core4_4/mult_x_2/U1554/ZN (ND2D0BWP40P140)     0.04       3.45 f
  core16_4/core4_4/mult_x_2/U2135/S (FA1D1BWP40P140)      0.11       3.56 r
  core16_4/core4_4/mult_x_2/U1763/CO (FA1D0BWP40P140)     0.08       3.64 r
  core16_4/core4_4/mult_x_2/U2230/S (FA1D1BWP40P140)      0.10       3.74 f
  core16_4/core4_4/mult_x_2/U2340/CO (FA1D1BWP40P140)     0.07       3.81 f
  core16_4/core4_4/mult_x_2/U1772/CO (FA1D0BWP40P140)     0.07       3.88 f
  core16_4/core4_4/mult_x_2/U2356/CO (FA1D0BWP40P140)     0.07       3.95 f
  core16_4/core4_4/mult_x_2/U2329/S (FA1D1BWP40P140)      0.11       4.06 r
  core16_4/core4_4/mult_x_2/U1776/CO (FA1D0BWP40P140)     0.08       4.13 r
  core16_4/core4_4/mult_x_2/U2437/CO (FA1D1BWP40P140)     0.06       4.19 r
  core16_4/core4_4/mult_x_2/U1707/CO (FA1D1BWP40P140LVT)
                                                          0.04       4.23 r
  core16_4/core4_4/mult_x_2/U2520/S (FA1D0BWP40P140)      0.11       4.34 f
  core16_4/core4_4/mult_x_2/U2559/S (FA1D1BWP40P140)      0.12       4.46 r
  core16_4/core4_4/mult_x_2/U2690/S (FA1D1BWP40P140)      0.10       4.56 f
  core16_4/core4_4/mult_x_2/U2824/CO (FA1D1BWP40P140)     0.07       4.63 f
  core16_4/core4_4/mult_x_2/U2823/CO (FA1D1BWP40P140)     0.06       4.68 f
  core16_4/core4_4/mult_x_2/U2876/CO (FA1D1BWP40P140)     0.06       4.74 f
  core16_4/core4_4/mult_x_2/U1864/CO (FA1OPTCD1BWP40P140LVT)
                                                          0.03       4.77 f
  core16_4/core4_4/mult_x_2/U1537/Z (XOR2UD1BWP40P140)
                                                          0.03       4.80 f
  core16_4/core4_4/mult_x_2/U1523/ZN (OAI21OPTREPBD1BWP40P140LVT)
                                                          0.02       4.82 r
  core16_4/core4_4/mult_x_2/U1794/ZN (OAI31D0BWP40P140LVT)
                                                          0.03       4.85 f
  core16_4/core4_4/mult_x_2/U1532/ZN (INVD1BWP40P140LVT)
                                                          0.02       4.87 r
  core16_4/core4_4/mult_x_2/U1534/ZN (XNR2UD1BWP40P140LVT)
                                                          0.03       4.90 r
  core16_4/core4_4/mult_x_2/U1536/ZN (MUX2NUD1BWP40P140LVT)
                                                          0.04       4.93 r
  core16_4/core4_4/mult_x_2/U1595/ZN (XNR2UD1BWP40P140LVT)
                                                          0.03       4.96 r
  core16_4/core4_4/mult_x_2/product[43] (core4_16_DW_mult_tc_J19_4)
                                                          0.00       4.96 r
  core16_4/core4_4/s_w_1_reg_43_/D (DFKCNQD1BWP40P140)
                                                          0.00       4.96 r
  data arrival time                                                  4.96

  clock clk (rise edge)                                   5.00       5.00
  clock network delay (ideal)                             0.00       5.00
  core16_4/core4_4/s_w_1_reg_43_/CP (DFKCNQD1BWP40P140)
                                                          0.00       5.00 r
  library setup time                                     -0.04       4.96
  data required time                                                 4.96
  --------------------------------------------------------------------------
  data required time                                                 4.96
  data arrival time                                                 -4.96
  --------------------------------------------------------------------------
  slack (MET)                                                        0.00


  Startpoint: io_b_42[1] (input port clocked by clk)
  Endpoint: core16_5/core4_4/s_w_4_reg_44_
            (rising edge-triggered flip-flop clocked by clk)
  Path Group: clk
  Path Type: max

  Des/Clust/Port     Wire Load Model       Library
  ------------------------------------------------
  Eval_1_5_DP_OP_54J20_127_2501_0
                     ZeroWireload          tcbn28hpcplusbwp40p140hvtssg0p81vm40c_ccs
  Eval_1_5_DP_OP_53J20_126_1321_0
                     ZeroWireload          tcbn28hpcplusbwp40p140hvtssg0p81vm40c_ccs
  Eval_1_5_DP_OP_52J20_125_4593_0
                     ZeroWireload          tcbn28hpcplusbwp40p140hvtssg0p81vm40c_ccs
  core64_a36_b14_c36 ZeroWireload          tcbn28hpcplusbwp40p140hvtssg0p81vm40c_ccs
  Eval_33_1_DP_OP_55J27_124_2354_J27_0_30
                     ZeroWireload          tcbn28hpcplusbwp40p140hvtssg0p81vm40c_ccs
  Eval_33_1_DP_OP_54J27_123_1920_J27_0_30
                     ZeroWireload          tcbn28hpcplusbwp40p140hvtssg0p81vm40c_ccs
  Eval_33_54_DP_OP_53J27_122_9164_0
                     ZeroWireload          tcbn28hpcplusbwp40p140hvtssg0p81vm40c_ccs
  Eval_33_1_DP_OP_55J27_124_2354_J27_0_5
                     ZeroWireload          tcbn28hpcplusbwp40p140hvtssg0p81vm40c_ccs
  Eval_33_1_DP_OP_54J27_123_1920_J27_0_5
                     ZeroWireload          tcbn28hpcplusbwp40p140hvtssg0p81vm40c_ccs
  Eval_33_1_DP_OP_53J27_122_9164_J27_0_5
                     ZeroWireload          tcbn28hpcplusbwp40p140hvtssg0p81vm40c_ccs
  core4_1_DW_mult_tc_J24_2_4
                     ZeroWireload          tcbn28hpcplusbwp40p140hvtssg0p81vm40c_ccs

  Point                                                   Incr       Path
  --------------------------------------------------------------------------
  clock clk (rise edge)                                   0.00       0.00
  clock network delay (ideal)                             0.00       0.00
  input external delay                                    0.50       0.50 f
  io_b_42[1] (in)                                         0.00       0.50 f
  evalB_10/io_in_2[1] (Eval_1_5)                          0.00       0.50 f
  evalB_10/DP_OP_54J20_127_2501/I2[1] (Eval_1_5_DP_OP_54J20_127_2501_0)
                                                          0.00       0.50 f
  evalB_10/DP_OP_54J20_127_2501/U491/ZN (CKND0BWP40P140)
                                                          0.01       0.51 r
  evalB_10/DP_OP_54J20_127_2501/U479/ZN (ND2D1BWP40P140LVT)
                                                          0.02       0.53 f
  evalB_10/DP_OP_54J20_127_2501/U522/CO (FA1D1BWP40P140LVT)
                                                          0.04       0.57 f
  evalB_10/DP_OP_54J20_127_2501/U552/S (FA1D1BWP40P140LVT)
                                                          0.07       0.64 r
  evalB_10/DP_OP_54J20_127_2501/U445/ZN (ND2D0BWP40P140)
                                                          0.03       0.67 f
  evalB_10/DP_OP_54J20_127_2501/U434/ZN (INR2D0BWP40P140)
                                                          0.04       0.71 f
  evalB_10/DP_OP_54J20_127_2501/U431/ZN (XNR2D0BWP40P140)
                                                          0.09       0.80 r
  evalB_10/DP_OP_54J20_127_2501/O2[4] (Eval_1_5_DP_OP_54J20_127_2501_0)
                                                          0.00       0.80 r
  evalB_10/io_out_5[4] (Eval_1_5)                         0.00       0.80 r
  core16_5/io_b_10[4] (core16_1)                          0.00       0.80 r
  core16_5/evalB_2/io_in_2[4] (Eval_33_54)                0.00       0.80 r
  core16_5/evalB_2/DP_OP_55J27_124_2354/I2[4] (Eval_33_1_DP_OP_55J27_124_2354_J27_0_30)
                                                          0.00       0.80 r
  core16_5/evalB_2/DP_OP_55J27_124_2354/U187/S (FA1D1BWP40P140)
                                                          0.13       0.92 f
  core16_5/evalB_2/DP_OP_55J27_124_2354/U208/CO (FA1D1BWP40P140LVT)
                                                          0.06       0.98 f
  core16_5/evalB_2/DP_OP_55J27_124_2354/U166/CO (FA1D1BWP40P140LVT)
                                                          0.04       1.02 f
  core16_5/evalB_2/DP_OP_55J27_124_2354/U207/S (FA1D1BWP40P140)
                                                          0.10       1.13 f
  core16_5/evalB_2/DP_OP_55J27_124_2354/O1[7] (Eval_33_1_DP_OP_55J27_124_2354_J27_0_30)
                                                          0.00       1.13 f
  core16_5/evalB_2/io_out_4[7] (Eval_33_54)               0.00       1.13 f
  core16_5/core4_4/io_b_2[7] (core4_9)                    0.00       1.13 f
  core16_5/core4_4/evalB/io_in_2[7] (Eval_33_9)           0.00       1.13 f
  core16_5/core4_4/evalB/DP_OP_55J27_124_2354/I2[7] (Eval_33_1_DP_OP_55J27_124_2354_J27_0_5)
                                                          0.00       1.13 f
  core16_5/core4_4/evalB/DP_OP_55J27_124_2354/U202/CO (FA1D1BWP40P140)
                                                          0.08       1.21 f
  core16_5/core4_4/evalB/DP_OP_55J27_124_2354/U199/CO (FA1D1BWP40P140)
                                                          0.06       1.27 f
  core16_5/core4_4/evalB/DP_OP_55J27_124_2354/U196/CO (FA1D1BWP40P140)
                                                          0.06       1.33 f
  core16_5/core4_4/evalB/DP_OP_55J27_124_2354/U193/CO (FA1D1BWP40P140)
                                                          0.06       1.38 f
  core16_5/core4_4/evalB/DP_OP_55J27_124_2354/U157/CO (FA1D1BWP40P140LVT)
                                                          0.04       1.43 f
  core16_5/core4_4/evalB/DP_OP_55J27_124_2354/U158/CO (FA1D0BWP40P140)
                                                          0.07       1.49 f
  core16_5/core4_4/evalB/DP_OP_55J27_124_2354/U152/CO (FA1D1BWP40P140LVT)
                                                          0.05       1.54 f
  core16_5/core4_4/evalB/DP_OP_55J27_124_2354/U159/CO (FA1D1BWP40P140LVT)
                                                          0.04       1.58 f
  core16_5/core4_4/evalB/DP_OP_55J27_124_2354/U160/S (FA1D0BWP40P140)
                                                          0.13       1.72 r
  core16_5/core4_4/evalB/DP_OP_55J27_124_2354/U243/CO (FA1D1BWP40P140)
                                                          0.07       1.79 r
  core16_5/core4_4/evalB/DP_OP_55J27_124_2354/U219/S (FA1D1BWP40P140LVT)
                                                          0.11       1.90 f
  core16_5/core4_4/evalB/DP_OP_55J27_124_2354/O1[17] (Eval_33_1_DP_OP_55J27_124_2354_J27_0_5)
                                                          0.00       1.90 f
  core16_5/core4_4/evalB/io_out_4[17] (Eval_33_9)         0.00       1.90 f
  core16_5/core4_4/mult_x_5/b[17] (core4_1_DW_mult_tc_J24_2_4)
                                                          0.00       1.90 f
  core16_5/core4_4/mult_x_5/U2880/ZN (CKND0BWP40P140)     0.15       2.05 r
  core16_5/core4_4/mult_x_5/U1925/ZN (MUX2ND0BWP40P140)
                                                          0.08       2.13 f
  core16_5/core4_4/mult_x_5/U1616/ZN (NR2D0BWP40P140)     0.23       2.36 r
  core16_5/core4_4/mult_x_5/U1979/ZN (AOI222D0BWP40P140)
                                                          0.10       2.46 f
  core16_5/core4_4/mult_x_5/U1980/ZN (MUX2ND0BWP40P140)
                                                          0.09       2.55 f
  core16_5/core4_4/mult_x_5/U2055/S (HA1D0BWP40P140LVT)
                                                          0.06       2.61 f
  core16_5/core4_4/mult_x_5/U1684/CO (FA1D0BWP40P140)     0.08       2.68 f
  core16_5/core4_4/mult_x_5/U1658/S (FA1D0BWP40P140)      0.12       2.81 r
  core16_5/core4_4/mult_x_5/U2201/S (FA1D1BWP40P140)      0.11       2.91 f
  core16_5/core4_4/mult_x_5/U2293/CO (FA1D1BWP40P140)     0.07       2.98 f
  core16_5/core4_4/mult_x_5/U2289/CO (FA1D1BWP40P140)     0.06       3.04 f
  core16_5/core4_4/mult_x_5/U2285/CO (FA1D1BWP40P140)     0.06       3.10 f
  core16_5/core4_4/mult_x_5/U2281/CO (FA1D1BWP40P140)     0.06       3.16 f
  core16_5/core4_4/mult_x_5/U2278/CO (FA1D1BWP40P140)     0.06       3.21 f
  core16_5/core4_4/mult_x_5/U2411/CO (FA1D0BWP40P140)     0.07       3.28 f
  core16_5/core4_4/mult_x_5/U2270/CO (FA1D1BWP40P140)     0.06       3.34 f
  core16_5/core4_4/mult_x_5/U2266/CO (FA1D1BWP40P140)     0.06       3.40 f
  core16_5/core4_4/mult_x_5/U2262/CO (FA1D1BWP40P140)     0.06       3.45 f
  core16_5/core4_4/mult_x_5/U2258/CO (FA1D1BWP40P140)     0.06       3.51 f
  core16_5/core4_4/mult_x_5/U2253/CO (FA1D1BWP40P140)     0.06       3.57 f
  core16_5/core4_4/mult_x_5/U2249/CO (FA1D1BWP40P140)     0.06       3.62 f
  core16_5/core4_4/mult_x_5/U2495/CO (FA1D1BWP40P140)     0.06       3.68 f
  core16_5/core4_4/mult_x_5/U2836/CO (FA1D1BWP40P140)     0.06       3.73 f
  core16_5/core4_4/mult_x_5/U2884/CO (FA1D1BWP40P140)     0.06       3.79 f
  core16_5/core4_4/mult_x_5/U2436/CO (FA1D0BWP40P140)     0.07       3.86 f
  core16_5/core4_4/mult_x_5/U2876/CO (FA1D1BWP40P140)     0.06       3.92 f
  core16_5/core4_4/mult_x_5/U2872/CO (FA1D1BWP40P140)     0.06       3.97 f
  core16_5/core4_4/mult_x_5/U2673/S (FA1D0BWP40P140)      0.12       4.09 r
  core16_5/core4_4/mult_x_5/U2812/CO (FA1D0BWP40P140)     0.08       4.17 r
  core16_5/core4_4/mult_x_5/U2912/CO (FA1D1BWP40P140)     0.06       4.23 r
  core16_5/core4_4/mult_x_5/U2800/CO (FA1D0BWP40P140)     0.07       4.29 r
  core16_5/core4_4/mult_x_5/U2904/S (FA1D1BWP40P140)      0.10       4.40 f
  core16_5/core4_4/mult_x_5/U2868/CO (FA1D0BWP40P140)     0.08       4.47 f
  core16_5/core4_4/mult_x_5/U2946/CO (FA1D1BWP40P140LVT)
                                                          0.05       4.52 f
  core16_5/core4_4/mult_x_5/U2947/CO (FA1D1BWP40P140)     0.05       4.58 f
  core16_5/core4_4/mult_x_5/U2948/CO (FA1D1BWP40P140LVT)
                                                          0.04       4.62 f
  core16_5/core4_4/mult_x_5/U2949/CO (FA1D1BWP40P140)     0.05       4.67 f
  core16_5/core4_4/mult_x_5/U1591/CO (FA1D1BWP40P140LVT)
                                                          0.04       4.72 f
  core16_5/core4_4/mult_x_5/U1589/Z (XOR2UD1BWP40P140LVT)
                                                          0.02       4.74 f
  core16_5/core4_4/mult_x_5/U1565/ZN (OAI21D0BWP40P140LVT)
                                                          0.02       4.76 r
  core16_5/core4_4/mult_x_5/U2938/ZN (OAI31D0BWP40P140LVT)
                                                          0.03       4.80 f
  core16_5/core4_4/mult_x_5/U1655/Z (XOR2UD1BWP40P140LVT)
                                                          0.03       4.82 r
  core16_5/core4_4/mult_x_5/U1564/ZN (OAI21D1BWP40P140LVT)
                                                          0.03       4.85 f
  core16_5/core4_4/mult_x_5/U1766/ZN (OAI31D0BWP40P140LVT)
                                                          0.02       4.87 r
  core16_5/core4_4/mult_x_5/U1563/Z (XOR2UD1BWP40P140LVT)
                                                          0.04       4.91 r
  core16_5/core4_4/mult_x_5/U1588/ZN (XNR3UD1BWP40P140)
                                                          0.05       4.96 r
  core16_5/core4_4/mult_x_5/product[44] (core4_1_DW_mult_tc_J24_2_4)
                                                          0.00       4.96 r
  core16_5/core4_4/s_w_4_reg_44_/D (DFKCNQD1BWP40P140)
                                                          0.00       4.96 r
  data arrival time                                                  4.96

  clock clk (rise edge)                                   5.00       5.00
  clock network delay (ideal)                             0.00       5.00
  core16_5/core4_4/s_w_4_reg_44_/CP (DFKCNQD1BWP40P140)
                                                          0.00       5.00 r
  library setup time                                     -0.04       4.96
  data required time                                                 4.96
  --------------------------------------------------------------------------
  data required time                                                 4.96
  data arrival time                                                 -4.96
  --------------------------------------------------------------------------
  slack (MET)                                                        0.00


  Startpoint: io_b_33[4] (input port clocked by clk)
  Endpoint: core16_5/core4_1/s_w_4_reg_44_
            (rising edge-triggered flip-flop clocked by clk)
  Path Group: clk
  Path Type: max

  Des/Clust/Port     Wire Load Model       Library
  ------------------------------------------------
  Eval_1_0_DP_OP_53J20_126_1321_J20_0_7
                     ZeroWireload          tcbn28hpcplusbwp40p140hvtssg0p81vm40c_ccs
  Eval_1_7_DP_OP_54J20_127_2501_0
                     ZeroWireload          tcbn28hpcplusbwp40p140hvtssg0p81vm40c_ccs
  Eval_1_7_DP_OP_52J20_125_4593_0
                     ZeroWireload          tcbn28hpcplusbwp40p140hvtssg0p81vm40c_ccs
  core64_a36_b14_c36 ZeroWireload          tcbn28hpcplusbwp40p140hvtssg0p81vm40c_ccs
  Eval_33_1_DP_OP_55J27_124_2354_J27_0_30
                     ZeroWireload          tcbn28hpcplusbwp40p140hvtssg0p81vm40c_ccs
  Eval_33_1_DP_OP_54J27_123_1920_J27_0_30
                     ZeroWireload          tcbn28hpcplusbwp40p140hvtssg0p81vm40c_ccs
  Eval_33_54_DP_OP_53J27_122_9164_0
                     ZeroWireload          tcbn28hpcplusbwp40p140hvtssg0p81vm40c_ccs
  Eval_33_1_DP_OP_55J27_124_2354_J27_0_8
                     ZeroWireload          tcbn28hpcplusbwp40p140hvtssg0p81vm40c_ccs
  Eval_33_1_DP_OP_54J27_123_1920_J27_0_8
                     ZeroWireload          tcbn28hpcplusbwp40p140hvtssg0p81vm40c_ccs
  Eval_33_1_DP_OP_53J27_122_9164_J27_0_8
                     ZeroWireload          tcbn28hpcplusbwp40p140hvtssg0p81vm40c_ccs
  core4_7_DW_mult_tc_J23_2_1
                     ZeroWireload          tcbn28hpcplusbwp40p140hvtssg0p81vm40c_ccs

  Point                                                   Incr       Path
  --------------------------------------------------------------------------
  clock clk (rise edge)                                   0.00       0.00
  clock network delay (ideal)                             0.00       0.00
  input external delay                                    0.50       0.50 r
  io_b_33[4] (in)                                         0.00       0.50 r
  evalB_8/io_in_1[4] (Eval_1_7)                           0.00       0.50 r
  evalB_8/DP_OP_54J20_127_2501/I4[6] (Eval_1_7_DP_OP_54J20_127_2501_0)
                                                          0.00       0.50 r
  evalB_8/DP_OP_54J20_127_2501/U490/ZN (CKND0BWP40P140)
                                                          0.01       0.51 f
  evalB_8/DP_OP_54J20_127_2501/U527/S (FA1D1BWP40P140LVT)
                                                          0.08       0.59 r
  evalB_8/DP_OP_54J20_127_2501/U384/S (FA1D0BWP40P140)
                                                          0.10       0.70 f
  evalB_8/DP_OP_54J20_127_2501/U452/ZN (NR2OPTIBD1BWP40P140)
                                                          0.03       0.72 r
  evalB_8/DP_OP_54J20_127_2501/U378/ZN (OAI21D0BWP40P140)
                                                          0.03       0.75 f
  evalB_8/DP_OP_54J20_127_2501/U401/ZN (AOI21D0P7BWP40P140)
                                                          0.04       0.79 r
  evalB_8/DP_OP_54J20_127_2501/U444/ZN (OAI21D0BWP40P140)
                                                          0.04       0.83 f
  evalB_8/DP_OP_54J20_127_2501/U432/ZN (XNR2UD0BWP40P140)
                                                          0.10       0.93 f
  evalB_8/DP_OP_54J20_127_2501/O2[8] (Eval_1_7_DP_OP_54J20_127_2501_0)
                                                          0.00       0.93 f
  evalB_8/io_out_5[8] (Eval_1_7)                          0.00       0.93 f
  core16_5/io_b_8[8] (core16_1)                           0.00       0.93 f
  core16_5/evalB_2/io_in_0[8] (Eval_33_54)                0.00       0.93 f
  core16_5/evalB_2/DP_OP_53J27_122_9164/I4[8] (Eval_33_54_DP_OP_53J27_122_9164_0)
                                                          0.00       0.93 f
  core16_5/evalB_2/DP_OP_53J27_122_9164/U239/S (FA1D1BWP40P140LVT)
                                                          0.13       1.05 r
  core16_5/evalB_2/DP_OP_53J27_122_9164/U289/ZN (ND2D0BWP40P140HVT)
                                                          0.04       1.09 f
  core16_5/evalB_2/DP_OP_53J27_122_9164/U290/ZN (OAI21D0BWP40P140HVT)
                                                          0.05       1.14 r
  core16_5/evalB_2/DP_OP_53J27_122_9164/U258/ZN (INR2D0BWP40P140)
                                                          0.05       1.18 r
  core16_5/evalB_2/DP_OP_53J27_122_9164/U212/ZN (INR2D1BWP40P140)
                                                          0.02       1.20 f
  core16_5/evalB_2/DP_OP_53J27_122_9164/U186/ZN (OAI21D0BWP40P140)
                                                          0.04       1.24 r
  core16_5/evalB_2/DP_OP_53J27_122_9164/U183/ZN (CKND0BWP40P140)
                                                          0.03       1.27 f
  core16_5/evalB_2/DP_OP_53J27_122_9164/U177/Z (XOR2UD0BWP40P140)
                                                          0.07       1.34 f
  core16_5/evalB_2/DP_OP_53J27_122_9164/O1[11] (Eval_33_54_DP_OP_53J27_122_9164_0)
                                                          0.00       1.34 f
  core16_5/evalB_2/io_out_1[11] (Eval_33_54)              0.00       1.34 f
  core16_5/core4_1/io_b_2[11] (core4_12)                  0.00       1.34 f
  core16_5/core4_1/evalB/io_in_2[11] (Eval_33_12)         0.00       1.34 f
  core16_5/core4_1/evalB/DP_OP_55J27_124_2354/I2[11] (Eval_33_1_DP_OP_55J27_124_2354_J27_0_8)
                                                          0.00       1.34 f
  core16_5/core4_1/evalB/DP_OP_55J27_124_2354/U224/CO (FA1D1BWP40P140)
                                                          0.10       1.44 f
  core16_5/core4_1/evalB/DP_OP_55J27_124_2354/U160/ZN (MAOI222D0BWP40P140)
                                                          0.04       1.48 r
  core16_5/core4_1/evalB/DP_OP_55J27_124_2354/U158/ZN (CKND0BWP40P140)
                                                          0.03       1.51 f
  core16_5/core4_1/evalB/DP_OP_55J27_124_2354/U221/CO (FA1D1BWP40P140)
                                                          0.06       1.57 f
  core16_5/core4_1/evalB/DP_OP_55J27_124_2354/U157/ZN (OAI21D0BWP40P140LVT)
                                                          0.02       1.59 r
  core16_5/core4_1/evalB/DP_OP_55J27_124_2354/U155/ZN (ND2D0BWP40P140)
                                                          0.04       1.63 f
  core16_5/core4_1/evalB/DP_OP_55J27_124_2354/U218/CO (FA1D1BWP40P140LVT)
                                                          0.05       1.69 f
  core16_5/core4_1/evalB/DP_OP_55J27_124_2354/U216/CO (FA1D1BWP40P140)
                                                          0.05       1.74 f
  core16_5/core4_1/evalB/DP_OP_55J27_124_2354/U214/CO (FA1D1BWP40P140LVT)
                                                          0.05       1.79 f
  core16_5/core4_1/evalB/DP_OP_55J27_124_2354/U154/ZN (OAI21OPTREPBD1BWP40P140LVT)
                                                          0.01       1.80 r
  core16_5/core4_1/evalB/DP_OP_55J27_124_2354/U148/ZN (CKND2D0BWP40P140)
                                                          0.03       1.83 f
  core16_5/core4_1/evalB/DP_OP_55J27_124_2354/U238/CO (FA1D1BWP40P140LVT)
                                                          0.05       1.88 f
  core16_5/core4_1/evalB/DP_OP_55J27_124_2354/U192/CO (FA1D0BWP40P140)
                                                          0.07       1.95 f
  core16_5/core4_1/evalB/DP_OP_55J27_124_2354/U153/ZN (OAI21D0BWP40P140LVT)
                                                          0.02       1.97 r
  core16_5/core4_1/evalB/DP_OP_55J27_124_2354/U145/ZN (ND2D1BWP40P140LVT)
                                                          0.02       2.00 f
  core16_5/core4_1/evalB/DP_OP_55J27_124_2354/U271/S (FA1D1BWP40P140)
                                                          0.10       2.10 f
  core16_5/core4_1/evalB/DP_OP_55J27_124_2354/U273/S (FA1D1BWP40P140)
                                                          0.16       2.26 r
  core16_5/core4_1/evalB/DP_OP_55J27_124_2354/O1[23] (Eval_33_1_DP_OP_55J27_124_2354_J27_0_8)
                                                          0.00       2.26 r
  core16_5/core4_1/evalB/io_out_4[23] (Eval_33_12)        0.00       2.26 r
  core16_5/core4_1/mult_x_5/b[23] (core4_7_DW_mult_tc_J23_2_1)
                                                          0.00       2.26 r
  core16_5/core4_1/mult_x_5/U2720/ZN (CKND0BWP40P140)     0.13       2.38 f
  core16_5/core4_1/mult_x_5/U1906/ZN (MUX2ND0BWP40P140)
                                                          0.10       2.49 r
  core16_5/core4_1/mult_x_5/U1908/ZN (INR2D0BWP40P140)
                                                          0.16       2.65 r
  core16_5/core4_1/mult_x_5/U1930/ZN (AOI222D0BWP40P140)
                                                          0.09       2.74 f
  core16_5/core4_1/mult_x_5/U1931/ZN (MUX2ND0BWP40P140)
                                                          0.09       2.83 f
  core16_5/core4_1/mult_x_5/U1561/S (HA1D1BWP40P140LVT)
                                                          0.05       2.88 f
  core16_5/core4_1/mult_x_5/U2032/S (FA1D1BWP40P140)      0.11       2.99 r
  core16_5/core4_1/mult_x_5/U2110/S (FA1D1BWP40P140)      0.10       3.09 f
  core16_5/core4_1/mult_x_5/U2190/CO (FA1D1BWP40P140)     0.07       3.16 f
  core16_5/core4_1/mult_x_5/U2186/CO (FA1D1BWP40P140)     0.06       3.21 f
  core16_5/core4_1/mult_x_5/U2183/CO (FA1D1BWP40P140)     0.06       3.27 f
  core16_5/core4_1/mult_x_5/U2179/CO (FA1D1BWP40P140)     0.06       3.33 f
  core16_5/core4_1/mult_x_5/U2175/CO (FA1D1BWP40P140)     0.06       3.38 f
  core16_5/core4_1/mult_x_5/U2171/CO (FA1D1BWP40P140)     0.06       3.44 f
  core16_5/core4_1/mult_x_5/U2167/CO (FA1D1BWP40P140)     0.06       3.49 f
  core16_5/core4_1/mult_x_5/U2163/CO (FA1D1BWP40P140)     0.06       3.55 f
  core16_5/core4_1/mult_x_5/U2159/CO (FA1D1BWP40P140)     0.06       3.60 f
  core16_5/core4_1/mult_x_5/U2598/S (FA1D1BWP40P140)      0.10       3.71 r
  core16_5/core4_1/mult_x_5/U1611/ZN (MAOI222D0BWP40P140)
                                                          0.04       3.74 f
  core16_5/core4_1/mult_x_5/U1609/ZN (CKND0BWP40P140)     0.04       3.78 r
  core16_5/core4_1/mult_x_5/U2855/S (FA1D1BWP40P140)      0.10       3.88 f
  core16_5/core4_1/mult_x_5/U2897/S (FA1D1BWP40P140)      0.12       4.00 r
  core16_5/core4_1/mult_x_5/U2941/S (FA1D1BWP40P140)      0.10       4.10 f
  core16_5/core4_1/mult_x_5/U2983/CO (FA1D1BWP40P140)     0.07       4.17 f
  core16_5/core4_1/mult_x_5/U2988/CO (FA1D1BWP40P140)     0.06       4.22 f
  core16_5/core4_1/mult_x_5/U2989/CO (FA1D1BWP40P140)     0.06       4.28 f
  core16_5/core4_1/mult_x_5/U2990/CO (FA1D1BWP40P140)     0.06       4.33 f
  core16_5/core4_1/mult_x_5/U2991/CO (FA1D1BWP40P140)     0.06       4.39 f
  core16_5/core4_1/mult_x_5/U2992/CO (FA1D1BWP40P140)     0.06       4.44 f
  core16_5/core4_1/mult_x_5/U2993/CO (FA1D1BWP40P140)     0.06       4.50 f
  core16_5/core4_1/mult_x_5/U2994/CO (FA1D1BWP40P140)     0.06       4.55 f
  core16_5/core4_1/mult_x_5/U2577/CO (FA1D0BWP40P140)     0.07       4.62 f
  core16_5/core4_1/mult_x_5/U2996/CO (FA1D1BWP40P140)     0.06       4.68 f
  core16_5/core4_1/mult_x_5/U2997/CO (FA1D1BWP40P140)     0.06       4.74 f
  core16_5/core4_1/mult_x_5/U2998/CO (FA1D1BWP40P140)     0.06       4.79 f
  core16_5/core4_1/mult_x_5/U1569/Z (XOR2UD1BWP40P140LVT)
                                                          0.02       4.81 r
  core16_5/core4_1/mult_x_5/U1554/Z (XOR3UD1BWP40P140LVT)
                                                          0.04       4.85 r
  core16_5/core4_1/mult_x_5/U1568/ZN (OAI21D1BWP40P140LVT)
                                                          0.02       4.88 f
  core16_5/core4_1/mult_x_5/U1646/ZN (OAI31D0BWP40P140LVT)
                                                          0.03       4.91 r
  core16_5/core4_1/mult_x_5/U2856/Z (XOR2UD1BWP40P140LVT)
                                                          0.03       4.94 r
  core16_5/core4_1/mult_x_5/U1645/Z (XOR3UD1BWP40P140LVT)
                                                          0.04       4.98 r
  core16_5/core4_1/mult_x_5/product[44] (core4_7_DW_mult_tc_J23_2_1)
                                                          0.00       4.98 r
  core16_5/core4_1/s_w_4_reg_44_/D (DFQD1BWP40P140LVT)
                                                          0.00       4.98 r
  data arrival time                                                  4.98

  clock clk (rise edge)                                   5.00       5.00
  clock network delay (ideal)                             0.00       5.00
  core16_5/core4_1/s_w_4_reg_44_/CP (DFQD1BWP40P140LVT)
                                                          0.00       5.00 r
  library setup time                                     -0.02       4.98
  data required time                                                 4.98
  --------------------------------------------------------------------------
  data required time                                                 4.98
  data arrival time                                                 -4.98
  --------------------------------------------------------------------------
  slack (MET)                                                        0.00


1
