 
****************************************
Report : timing
        -path full
        -delay max
        -nets
        -max_paths 1
        -transition_time
Design : core64_a24_b8_c24
Version: O-2018.06-SP5
Date   : Tue May 12 23:08:25 2026
****************************************

 # A fanout number of 1000 was used for high fanout net computations.

Operating Conditions: ssg0p81vm40c   Library: tcbn28hpcplusbwp40p140hvtssg0p81vm40c_ccs
Wire Load Model Mode: segmented

  Startpoint: io_b_62[0] (input port clocked by clk)
  Endpoint: core16_1/core4_4/s_w_5_reg_32_
            (rising edge-triggered flip-flop clocked by clk)
  Path Group: clk
  Path Type: max

  Des/Clust/Port     Wire Load Model       Library
  ------------------------------------------------
  Eval_1_0_DP_OP_54J22_130_2528_J22_0_0 ZeroWireload tcbn28hpcplusbwp40p140hvtssg0p81vm40c_ccs
  Eval_1_0_DP_OP_53J22_129_6763_J22_0_0 ZeroWireload tcbn28hpcplusbwp40p140hvtssg0p81vm40c_ccs
  Eval_1_0_DP_OP_52J22_128_102_J22_0_0 ZeroWireload tcbn28hpcplusbwp40p140hvtssg0p81vm40c_ccs
  core64_a24_b8_c24  ZeroWireload          tcbn28hpcplusbwp40p140hvtssg0p81vm40c_ccs
  Eval_33_69_DP_OP_54J23_125_7977_J23_0_0 ZeroWireload tcbn28hpcplusbwp40p140hvtssg0p81vm40c_ccs
  Eval_33_69_DP_OP_55J23_126_7780_J23_0_0 ZeroWireload tcbn28hpcplusbwp40p140hvtssg0p81vm40c_ccs
  Eval_33_69_DP_OP_56J23_127_5098_J23_0_0 ZeroWireload tcbn28hpcplusbwp40p140hvtssg0p81vm40c_ccs
  Eval_33_5_DP_OP_54J24_125_1053_J24_0_2 ZeroWireload tcbn28hpcplusbwp40p140hvtssg0p81vm40c_ccs
  Eval_33_5_DP_OP_55J24_126_2451_J24_0_2 ZeroWireload tcbn28hpcplusbwp40p140hvtssg0p81vm40c_ccs
  Eval_33_5_DP_OP_56J24_127_8683_J24_0_2 ZeroWireload tcbn28hpcplusbwp40p140hvtssg0p81vm40c_ccs
  core4_37_DW_mult_uns_J26_1 ZeroWireload  tcbn28hpcplusbwp40p140hvtssg0p81vm40c_ccs
  Eval_33_19_DP_OP_54J25_122_2735_J25_0_1 ZeroWireload tcbn28hpcplusbwp40p140hvtssg0p81vm40c_ccs
  Eval_33_19_DP_OP_55J25_123_575_J25_0_1 ZeroWireload tcbn28hpcplusbwp40p140hvtssg0p81vm40c_ccs
  Eval_33_19_DP_OP_56J25_124_2549_J25_0_1 ZeroWireload tcbn28hpcplusbwp40p140hvtssg0p81vm40c_ccs
  core4_37_DW_mult_tc_J26_0 ZeroWireload   tcbn28hpcplusbwp40p140hvtssg0p81vm40c_ccs

Attributes:
    d - dont_touch
    u - dont_use
   mo - map_only
   so - size_only
    i - ideal_net or ideal_network
  inf - infeasible path

  Point                                       Fanout     Trans      Incr       Path      Attributes
  ---------------------------------------------------------------------------------------------------------
  clock clk (rise edge)                                             0.00       0.00
  clock network delay (ideal)                                       0.00       0.00
  input external delay                                              0.50       0.50 r
  io_b_62[0] (in)                                         0.00      0.00       0.50 r
  io_b_62[0] (net)                              4                   0.00       0.50 r
  evalB_15/io_in_2[0] (Eval_1_0)                                    0.00       0.50 r
  evalB_15/io_in_2[0] (net)                                         0.00       0.50 r
  evalB_15/DP_OP_52J22_128_102/I1[0] (Eval_1_0_DP_OP_52J22_128_102_J22_0_0)     0.00     0.50 r
  evalB_15/DP_OP_52J22_128_102/I1[0] (net)                          0.00       0.50 r
  evalB_15/DP_OP_52J22_128_102/U64/S (HA1D1BWP40P140)     0.02      0.05       0.55 f
  evalB_15/DP_OP_52J22_128_102/n114 (net)       1                   0.00       0.55 f
  evalB_15/DP_OP_52J22_128_102/U57/S (FA1D1BWP40P140)     0.02      0.09       0.65 r
  evalB_15/DP_OP_52J22_128_102/O1[2] (net)      1                   0.00       0.65 r
  evalB_15/DP_OP_52J22_128_102/O1[2] (Eval_1_0_DP_OP_52J22_128_102_J22_0_0)     0.00     0.65 r
  evalB_15/io_out_1[2] (net)                                        0.00       0.65 r
  evalB_15/io_out_1[2] (Eval_1_0)                                   0.00       0.65 r
  evalB_15_io_out_1[2] (net)                                        0.00       0.65 r
  core16_1/io_b_15[2] (core16_5)                                    0.00       0.65 r
  core16_1/io_b_15[2] (net)                                         0.00       0.65 r
  core16_1/evalB_3/io_in_3[2] (Eval_33_69)                          0.00       0.65 r
  core16_1/evalB_3/io_in_3[2] (net)                                 0.00       0.65 r
  core16_1/evalB_3/U18/ZN (CKND0BWP40P140)                0.01      0.01       0.66 f
  core16_1/evalB_3/n33 (net)                    1                   0.00       0.66 f
  core16_1/evalB_3/U9/ZN (CKND0BWP40P140)                 0.16      0.10       0.76 r
  core16_1/evalB_3/io_out_0[2] (net)            7                   0.00       0.76 r
  core16_1/evalB_3/DP_OP_56J23_127_5098/I3[2] (Eval_33_69_DP_OP_56J23_127_5098_J23_0_0)     0.00     0.76 r
  core16_1/evalB_3/DP_OP_56J23_127_5098/I3[2] (net)                 0.00       0.76 r
  core16_1/evalB_3/DP_OP_56J23_127_5098/U164/CO (HA1D0BWP40P140)     0.03     0.08     0.84 r
  core16_1/evalB_3/DP_OP_56J23_127_5098/n243 (net)     1            0.00       0.84 r
  core16_1/evalB_3/DP_OP_56J23_127_5098/U123/S (FA1D1BWP40P140)     0.03     0.10     0.94 f
  core16_1/evalB_3/DP_OP_56J23_127_5098/n246 (net)     2            0.00       0.94 f
  core16_1/evalB_3/DP_OP_56J23_127_5098/U118/CO (FA1D1BWP40P140)     0.02     0.06     0.99 f
  core16_1/evalB_3/DP_OP_56J23_127_5098/n244 (net)     1            0.00       0.99 f
  core16_1/evalB_3/DP_OP_56J23_127_5098/U121/CO (FA1D0BWP40P140)     0.03     0.07     1.06 f
  core16_1/evalB_3/DP_OP_56J23_127_5098/n266 (net)     1            0.00       1.06 f
  core16_1/evalB_3/DP_OP_56J23_127_5098/U112/CO (FA1D1BWP40P140)     0.02     0.06     1.12 f
  core16_1/evalB_3/DP_OP_56J23_127_5098/n289 (net)     1            0.00       1.12 f
  core16_1/evalB_3/DP_OP_56J23_127_5098/U93/CO (FA1D1BWP40P140)     0.02     0.06     1.18 f
  core16_1/evalB_3/DP_OP_56J23_127_5098/n287 (net)     1            0.00       1.18 f
  core16_1/evalB_3/DP_OP_56J23_127_5098/U155/CO (FA1D0BWP40P140)     0.03     0.07     1.25 f
  core16_1/evalB_3/DP_OP_56J23_127_5098/n269 (net)     1            0.00       1.25 f
  core16_1/evalB_3/DP_OP_56J23_127_5098/U110/CO (FA1D0BWP40P140LVT)     0.02     0.06     1.30 f
  core16_1/evalB_3/DP_OP_56J23_127_5098/n285 (net)     1            0.00       1.30 f
  core16_1/evalB_3/DP_OP_56J23_127_5098/U151/CO (FA1D0BWP40P140)     0.03     0.07     1.37 f
  core16_1/evalB_3/DP_OP_56J23_127_5098/n283 (net)     1            0.00       1.37 f
  core16_1/evalB_3/DP_OP_56J23_127_5098/U152/CO (FA1D0BWP40P140)     0.03     0.07     1.45 f
  core16_1/evalB_3/DP_OP_56J23_127_5098/n280 (net)     1            0.00       1.45 f
  core16_1/evalB_3/DP_OP_56J23_127_5098/U161/S (FA1D0BWP40P140)     0.02     0.11     1.56 r
  core16_1/evalB_3/DP_OP_56J23_127_5098/O1[11] (net)     1          0.00       1.56 r
  core16_1/evalB_3/DP_OP_56J23_127_5098/O1[11] (Eval_33_69_DP_OP_56J23_127_5098_J23_0_0)     0.00     1.56 r
  core16_1/evalB_3/io_out_4[11] (net)                               0.00       1.56 r
  core16_1/evalB_3/io_out_4[11] (Eval_33_69)                        0.00       1.56 r
  core16_1/evalB_3_io_out_4[11] (net)                               0.00       1.56 r
  core16_1/core4_4/io_b_3[11] (core4_37)                            0.00       1.56 r
  core16_1/core4_4/io_b_3[11] (net)                                 0.00       1.56 r
  core16_1/core4_4/evalB/io_in_3[11] (Eval_33_37)                   0.00       1.56 r
  core16_1/core4_4/evalB/io_in_3[11] (net)                          0.00       1.56 r
  core16_1/core4_4/evalB/U48/ZN (CKND0BWP40P140)          0.01      0.02       1.57 f
  core16_1/core4_4/evalB/n11 (net)              1                   0.00       1.57 f
  core16_1/core4_4/evalB/U39/ZN (INVD0BWP40P140)          0.24      0.14       1.71 r
  core16_1/core4_4/evalB/io_out_0[11] (net)    29                   0.00       1.71 r
  core16_1/core4_4/evalB/DP_OP_56J25_124_2549/I3[11] (Eval_33_19_DP_OP_56J25_124_2549_J25_0_1)     0.00     1.71 r
  core16_1/core4_4/evalB/DP_OP_56J25_124_2549/I3[11] (net)          0.00       1.71 r
  core16_1/core4_4/evalB/DP_OP_56J25_124_2549/U170/CO (FA1D0BWP40P140)     0.03     0.13     1.84 r
  core16_1/core4_4/evalB/DP_OP_56J25_124_2549/n300 (net)     1      0.00       1.84 r
  core16_1/core4_4/evalB/DP_OP_56J25_124_2549/U130/CO (FA1D0BWP40P140)     0.03     0.07     1.92 r
  core16_1/core4_4/evalB/DP_OP_56J25_124_2549/n298 (net)     1      0.00       1.92 r
  core16_1/core4_4/evalB/DP_OP_56J25_124_2549/U132/CO (FA1D0BWP40P140)     0.03     0.07     1.99 r
  core16_1/core4_4/evalB/DP_OP_56J25_124_2549/n296 (net)     1      0.00       1.99 r
  core16_1/core4_4/evalB/DP_OP_56J25_124_2549/U152/CO (FA1D0BWP40P140)     0.03     0.07     2.07 r
  core16_1/core4_4/evalB/DP_OP_56J25_124_2549/n294 (net)     1      0.00       2.07 r
  core16_1/core4_4/evalB/DP_OP_56J25_124_2549/U136/CO (FA1D0BWP40P140)     0.03     0.07     2.14 r
  core16_1/core4_4/evalB/DP_OP_56J25_124_2549/n292 (net)     1      0.00       2.14 r
  core16_1/core4_4/evalB/DP_OP_56J25_124_2549/U145/CO (FA1D0BWP40P140)     0.03     0.07     2.21 r
  core16_1/core4_4/evalB/DP_OP_56J25_124_2549/n290 (net)     1      0.00       2.21 r
  core16_1/core4_4/evalB/DP_OP_56J25_124_2549/U168/S (FA1D0BWP40P140)     0.03     0.12     2.33 f
  core16_1/core4_4/evalB/DP_OP_56J25_124_2549/n333 (net)     2      0.00       2.33 f
  core16_1/core4_4/evalB/DP_OP_56J25_124_2549/U179/ZN (CKND0BWP40P140)     0.03     0.03     2.37 r
  core16_1/core4_4/evalB/DP_OP_56J25_124_2549/n355 (net)     1      0.00       2.37 r
  core16_1/core4_4/evalB/DP_OP_56J25_124_2549/U178/CO (FA1D0BWP40P140)     0.03     0.07     2.44 r
  core16_1/core4_4/evalB/DP_OP_56J25_124_2549/n352 (net)     1      0.00       2.44 r
  core16_1/core4_4/evalB/DP_OP_56J25_124_2549/U164/CO (FA1D0BWP40P140)     0.03     0.07     2.51 r
  core16_1/core4_4/evalB/DP_OP_56J25_124_2549/n350 (net)     1      0.00       2.51 r
  core16_1/core4_4/evalB/DP_OP_56J25_124_2549/U181/CO (FA1D0BWP40P140)     0.03     0.07     2.59 r
  core16_1/core4_4/evalB/DP_OP_56J25_124_2549/n349 (net)     1      0.00       2.59 r
  core16_1/core4_4/evalB/DP_OP_56J25_124_2549/U187/Z (XOR2UD1BWP40P140)     0.14     0.08     2.67 r
  core16_1/core4_4/evalB/DP_OP_56J25_124_2549/O2[20] (net)    18     0.00      2.67 r
  core16_1/core4_4/evalB/DP_OP_56J25_124_2549/O2[20] (Eval_33_19_DP_OP_56J25_124_2549_J25_0_1)     0.00     2.67 r
  core16_1/core4_4/evalB/io_out_5[20] (net)                         0.00       2.67 r
  core16_1/core4_4/evalB/io_out_5[20] (Eval_33_37)                  0.00       2.67 r
  core16_1/core4_4/evalB_io_out_5[20] (net)                         0.00       2.67 r
  core16_1/core4_4/mult_x_6/b[20] (core4_37_DW_mult_tc_J26_0)       0.00       2.67 r
  core16_1/core4_4/mult_x_6/b[20] (net)                             0.00       2.67 r
  core16_1/core4_4/mult_x_6/U949/ZN (CKND0BWP40P140)      0.11      0.12       2.79 f
  core16_1/core4_4/mult_x_6/n1652 (net)        16                   0.00       2.79 f
  core16_1/core4_4/mult_x_6/U1046/ZN (MUX2ND0BWP40P140)     0.06     0.08      2.86 r
  core16_1/core4_4/mult_x_6/n1195 (net)         3                   0.00       2.86 r
  core16_1/core4_4/mult_x_6/U973/ZN (ND2D0P7BWP40P140HVT)     0.14     0.11     2.98 f
  core16_1/core4_4/mult_x_6/n1679 (net)        14                   0.00       2.98 f
  core16_1/core4_4/mult_x_6/U1217/ZN (CKND0BWP40P140)     0.04      0.06       3.04 r
  core16_1/core4_4/mult_x_6/n1214 (net)         1                   0.00       3.04 r
  core16_1/core4_4/mult_x_6/U1218/ZN (AOI222D0BWP40P140)     0.06     0.04     3.07 f
  core16_1/core4_4/mult_x_6/n1215 (net)         1                   0.00       3.07 f
  core16_1/core4_4/mult_x_6/U1219/ZN (MUX2ND0BWP40P140)     0.06     0.07      3.14 f
  core16_1/core4_4/mult_x_6/n1292 (net)         1                   0.00       3.14 f
  core16_1/core4_4/mult_x_6/U969/S (HA1D0BWP40P140)       0.03      0.08       3.21 r
  core16_1/core4_4/mult_x_6/n1378 (net)         1                   0.00       3.21 r
  core16_1/core4_4/mult_x_6/U996/CO (FA1D0BWP40P140)      0.03      0.08       3.29 r
  core16_1/core4_4/mult_x_6/n1370 (net)         1                   0.00       3.29 r
  core16_1/core4_4/mult_x_6/U997/S (FA1D0BWP40P140)       0.03      0.11       3.41 f
  core16_1/core4_4/mult_x_6/n1472 (net)         1                   0.00       3.41 f
  core16_1/core4_4/mult_x_6/U1012/S (FA1D0BWP40P140)      0.04      0.13       3.54 r
  core16_1/core4_4/mult_x_6/n1580 (net)         1                   0.00       3.54 r
  core16_1/core4_4/mult_x_6/U1032/CO (FA1D0BWP40P140)     0.03      0.08       3.62 r
  core16_1/core4_4/mult_x_6/n1573 (net)         1                   0.00       3.62 r
  core16_1/core4_4/mult_x_6/U1033/CO (FA1D0BWP40P140)     0.03      0.07       3.69 r
  core16_1/core4_4/mult_x_6/n1568 (net)         1                   0.00       3.69 r
  core16_1/core4_4/mult_x_6/U1034/CO (FA1D0BWP40P140)     0.03      0.07       3.76 r
  core16_1/core4_4/mult_x_6/n1563 (net)         1                   0.00       3.76 r
  core16_1/core4_4/mult_x_6/U1035/CO (FA1D0BWP40P140)     0.03      0.07       3.84 r
  core16_1/core4_4/mult_x_6/n1558 (net)         1                   0.00       3.84 r
  core16_1/core4_4/mult_x_6/U1036/CO (FA1D0BWP40P140)     0.03      0.07       3.91 r
  core16_1/core4_4/mult_x_6/n1553 (net)         1                   0.00       3.91 r
  core16_1/core4_4/mult_x_6/U1023/CO (FA1D0BWP40P140)     0.03      0.07       3.99 r
  core16_1/core4_4/mult_x_6/n1548 (net)         1                   0.00       3.99 r
  core16_1/core4_4/mult_x_6/U1037/CO (FA1D0BWP40P140)     0.03      0.07       4.06 r
  core16_1/core4_4/mult_x_6/n1543 (net)         1                   0.00       4.06 r
  core16_1/core4_4/mult_x_6/U1038/CO (FA1D0BWP40P140)     0.03      0.07       4.13 r
  core16_1/core4_4/mult_x_6/n1538 (net)         1                   0.00       4.13 r
  core16_1/core4_4/mult_x_6/U1039/S (FA1D0BWP40P140)      0.03      0.11       4.25 f
  core16_1/core4_4/mult_x_6/n1715 (net)         1                   0.00       4.25 f
  core16_1/core4_4/mult_x_6/U1065/S (FA1D0BWP40P140)      0.04      0.13       4.38 r
  core16_1/core4_4/mult_x_6/n1875 (net)         1                   0.00       4.38 r
  core16_1/core4_4/mult_x_6/U1121/CO (FA1D0BWP40P140)     0.03      0.08       4.46 r
  core16_1/core4_4/mult_x_6/n1867 (net)         1                   0.00       4.46 r
  core16_1/core4_4/mult_x_6/U1123/CO (FA1D0BWP40P140)     0.03      0.07       4.53 r
  core16_1/core4_4/mult_x_6/n1860 (net)         1                   0.00       4.53 r
  core16_1/core4_4/mult_x_6/U1125/CO (FA1D0BWP40P140)     0.03      0.07       4.61 r
  core16_1/core4_4/mult_x_6/n1853 (net)         1                   0.00       4.61 r
  core16_1/core4_4/mult_x_6/U1128/S (FA1D0BWP40P140)      0.03      0.11       4.72 f
  core16_1/core4_4/mult_x_6/n2045 (net)         1                   0.00       4.72 f
  core16_1/core4_4/mult_x_6/U1157/CO (FA1D0BWP40P140)     0.03      0.08       4.80 f
  core16_1/core4_4/mult_x_6/n2036 (net)         1                   0.00       4.80 f
  core16_1/core4_4/mult_x_6/U970/Z (XOR4D0BWP40P140)      0.03      0.10       4.90 r
  core16_1/core4_4/mult_x_6/n2040 (net)         1                   0.00       4.90 r
  core16_1/core4_4/mult_x_6/U951/Z (XOR3UD0BWP40P140)     0.04      0.05       4.95 r
  core16_1/core4_4/mult_x_6/product[32] (net)     1                 0.00       4.95 r
  core16_1/core4_4/mult_x_6/product[32] (core4_37_DW_mult_tc_J26_0)     0.00     4.95 r
  core16_1/core4_4/n_w_5_T_1[32] (net)                              0.00       4.95 r
  core16_1/core4_4/s_w_5_reg_32_/D (DFKCNQD1BWP40P140)     0.04     0.00       4.95 r
  data arrival time                                                            4.95

  clock clk (rise edge)                                             5.00       5.00
  clock network delay (ideal)                                       0.00       5.00
  core16_1/core4_4/s_w_5_reg_32_/CP (DFKCNQD1BWP40P140)             0.00       5.00 r
  library setup time                                               -0.05       4.95
  data required time                                                           4.95
  ---------------------------------------------------------------------------------------------------------
  data required time                                                           4.95
  data arrival time                                                           -4.95
  ---------------------------------------------------------------------------------------------------------
  slack (MET)                                                                  0.00


1
