 
****************************************
Report : timing
        -path full
        -delay max
        -nets
        -max_paths 1
        -transition_time
Design : core16_a24_b16_c24
Version: O-2018.06-SP5
Date   : Tue May 12 13:17:49 2026
****************************************

 # A fanout number of 1000 was used for high fanout net computations.

Operating Conditions: ssg0p81vm40c   Library: tcbn28hpcplusbwp40p140hvtssg0p81vm40c_ccs
Wire Load Model Mode: segmented

  Startpoint: io_b_12[0] (input port clocked by clk)
  Endpoint: core4_2/s_w_1_reg_28_
            (rising edge-triggered flip-flop clocked by clk)
  Path Group: clk
  Path Type: max

  Des/Clust/Port     Wire Load Model       Library
  ------------------------------------------------
  core16_a24_b16_c24 ZeroWireload          tcbn28hpcplusbwp40p140hvtssg0p81vm40c_ccs
  Eval_1_0_DP_OP_52J5_129_2082_J5_0_0 ZeroWireload tcbn28hpcplusbwp40p140hvtssg0p81vm40c_ccs
  Eval_1_0_DP_OP_53J5_130_7779_J5_0_0 ZeroWireload tcbn28hpcplusbwp40p140hvtssg0p81vm40c_ccs
  Eval_1_0_DP_OP_54J5_131_2477_J5_0_0 ZeroWireload tcbn28hpcplusbwp40p140hvtssg0p81vm40c_ccs
  core4_4_DW_mult_uns_J11_3 ZeroWireload   tcbn28hpcplusbwp40p140hvtssg0p81vm40c_ccs
  Eval_9_4_DP_OP_54J10_122_4542_J10_0 ZeroWireload tcbn28hpcplusbwp40p140hvtssg0p81vm40c_ccs
  Eval_9_4_DP_OP_55J10_123_1863_J10_0 ZeroWireload tcbn28hpcplusbwp40p140hvtssg0p81vm40c_ccs
  Eval_9_4_DP_OP_56J10_124_2317_J10_0 ZeroWireload tcbn28hpcplusbwp40p140hvtssg0p81vm40c_ccs
  core4_4_DW_mult_uns_J11_2 ZeroWireload   tcbn28hpcplusbwp40p140hvtssg0p81vm40c_ccs

Attributes:
    d - dont_touch
    u - dont_use
   mo - map_only
   so - size_only
    i - ideal_net or ideal_network
  inf - infeasible path

  Point                                       Fanout     Trans      Incr       Path      Attributes
  ---------------------------------------------------------------------------------------------------------
  clock clk (rise edge)                                             0.00       0.00
  clock network delay (ideal)                                       0.00       0.00
  input external delay                                              0.50       0.50 r
  io_b_12[0] (in)                                         0.00      0.00       0.50 r
  io_b_12[0] (net)                              1                   0.00       0.50 r
  evalB_3/io_in_0[0] (Eval_1_0)                                     0.00       0.50 r
  evalB_3/io_in_0[0] (net)                                          0.00       0.50 r
  evalB_3/U39/ZN (CKND0BWP40P140)                         0.01      0.01       0.51 f
  evalB_3/n1 (net)                              1                   0.00       0.51 f
  evalB_3/U38/ZN (CKND0BWP40P140)                         0.06      0.04       0.55 r
  evalB_3/io_out_6[0] (net)                     4                   0.00       0.55 r
  evalB_3/DP_OP_53J5_130_7779/I2[0] (Eval_1_0_DP_OP_53J5_130_7779_J5_0_0)     0.00     0.55 r
  evalB_3/DP_OP_53J5_130_7779/I2[0] (net)                           0.00       0.55 r
  evalB_3/DP_OP_53J5_130_7779/U90/CO (HA1D0BWP40P140)     0.02      0.06       0.61 r
  evalB_3/DP_OP_53J5_130_7779/n248 (net)        1                   0.00       0.61 r
  evalB_3/DP_OP_53J5_130_7779/U93/CO (FA1D0BWP40P140)     0.03      0.07       0.68 r
  evalB_3/DP_OP_53J5_130_7779/n246 (net)        1                   0.00       0.68 r
  evalB_3/DP_OP_53J5_130_7779/U95/CO (FA1D0BWP40P140)     0.03      0.07       0.75 r
  evalB_3/DP_OP_53J5_130_7779/n244 (net)        1                   0.00       0.75 r
  evalB_3/DP_OP_53J5_130_7779/U137/CO (FA1D0BWP40P140)     0.03     0.07       0.82 r
  evalB_3/DP_OP_53J5_130_7779/n242 (net)        1                   0.00       0.82 r
  evalB_3/DP_OP_53J5_130_7779/U134/CO (FA1D0BWP40P140)     0.03     0.07       0.90 r
  evalB_3/DP_OP_53J5_130_7779/n240 (net)        1                   0.00       0.90 r
  evalB_3/DP_OP_53J5_130_7779/U131/S (FA1D0BWP40P140)     0.05      0.13       1.03 f
  evalB_3/DP_OP_53J5_130_7779/n318 (net)        2                   0.00       1.03 f
  evalB_3/DP_OP_53J5_130_7779/U96/S (FA1D1BWP40P140)      0.02      0.12       1.14 r
  evalB_3/DP_OP_53J5_130_7779/O1[5] (net)       1                   0.00       1.14 r
  evalB_3/DP_OP_53J5_130_7779/O1[5] (Eval_1_0_DP_OP_53J5_130_7779_J5_0_0)     0.00     1.14 r
  evalB_3/io_out_2[5] (net)                                         0.00       1.14 r
  evalB_3/io_out_2[5] (Eval_1_0)                                    0.00       1.14 r
  evalB_3_io_out_2[5] (net)                                         0.00       1.14 r
  core4_2/io_b_3[5] (core4_4)                                       0.00       1.14 r
  core4_2/io_b_3[5] (net)                                           0.00       1.14 r
  core4_2/evalB/io_in_3[5] (Eval_9_4)                               0.00       1.14 r
  core4_2/evalB/io_in_3[5] (net)                                    0.00       1.14 r
  core4_2/evalB/U3/ZN (INVD1BWP40P140LVT)                 0.01      0.01       1.16 f
  core4_2/evalB/n37 (net)                       1                   0.00       1.16 f
  core4_2/evalB/U18/ZN (CKND0BWP40P140)                   0.24      0.14       1.30 r
  core4_2/evalB/io_out_0[5] (net)              33                   0.00       1.30 r
  core4_2/evalB/DP_OP_54J10_122_4542/I2[6] (Eval_9_4_DP_OP_54J10_122_4542_J10_0)     0.00     1.30 r
  core4_2/evalB/DP_OP_54J10_122_4542/I2[6] (net)                    0.00       1.30 r
  core4_2/evalB/DP_OP_54J10_122_4542/U79/CO (FA1D0BWP40P140)     0.04     0.14     1.43 r
  core4_2/evalB/DP_OP_54J10_122_4542/n211 (net)     1               0.00       1.43 r
  core4_2/evalB/DP_OP_54J10_122_4542/U78/CO (FA1D0BWP40P140)     0.03     0.08     1.51 r
  core4_2/evalB/DP_OP_54J10_122_4542/n210 (net)     1               0.00       1.51 r
  core4_2/evalB/DP_OP_54J10_122_4542/U77/CO (FA1D0BWP40P140)     0.03     0.07     1.58 r
  core4_2/evalB/DP_OP_54J10_122_4542/n209 (net)     1               0.00       1.58 r
  core4_2/evalB/DP_OP_54J10_122_4542/U76/CO (FA1D0BWP40P140)     0.04     0.07     1.65 r
  core4_2/evalB/DP_OP_54J10_122_4542/n208 (net)     1               0.00       1.65 r
  core4_2/evalB/DP_OP_54J10_122_4542/U75/CO (FA1D0BWP40P140)     0.03     0.08     1.73 r
  core4_2/evalB/DP_OP_54J10_122_4542/n207 (net)     1               0.00       1.73 r
  core4_2/evalB/DP_OP_54J10_122_4542/U74/CO (FA1D0BWP40P140)     0.03     0.07     1.80 r
  core4_2/evalB/DP_OP_54J10_122_4542/n206 (net)     1               0.00       1.80 r
  core4_2/evalB/DP_OP_54J10_122_4542/U73/S (FA1D0BWP40P140)     0.03     0.11     1.92 f
  core4_2/evalB/DP_OP_54J10_122_4542/n232 (net)     1               0.00       1.92 f
  core4_2/evalB/DP_OP_54J10_122_4542/U92/CO (FA1D0BWP40P140)     0.03     0.08     1.99 f
  core4_2/evalB/DP_OP_54J10_122_4542/n229 (net)     1               0.00       1.99 f
  core4_2/evalB/DP_OP_54J10_122_4542/U91/S (FA1D0BWP40P140)     0.04     0.12     2.12 r
  core4_2/evalB/DP_OP_54J10_122_4542/n270 (net)     1               0.00       2.12 r
  core4_2/evalB/DP_OP_54J10_122_4542/U112/CO (FA1D0BWP40P140)     0.03     0.08     2.19 r
  core4_2/evalB/DP_OP_54J10_122_4542/n267 (net)     1               0.00       2.19 r
  core4_2/evalB/DP_OP_54J10_122_4542/U111/CO (FA1D0BWP40P140)     0.03     0.07     2.27 r
  core4_2/evalB/DP_OP_54J10_122_4542/n265 (net)     1               0.00       2.27 r
  core4_2/evalB/DP_OP_54J10_122_4542/U110/CO (FA1D0BWP40P140)     0.04     0.08     2.35 r
  core4_2/evalB/DP_OP_54J10_122_4542/n263 (net)     1               0.00       2.35 r
  core4_2/evalB/DP_OP_54J10_122_4542/U109/CO (HA1D0BWP40P140)     0.03     0.06     2.40 r
  core4_2/evalB/DP_OP_54J10_122_4542/n261 (net)     1               0.00       2.40 r
  core4_2/evalB/DP_OP_54J10_122_4542/U108/CO (HA1D0BWP40P140)     0.03     0.05     2.45 r
  core4_2/evalB/DP_OP_54J10_122_4542/n259 (net)     1               0.00       2.45 r
  core4_2/evalB/DP_OP_54J10_122_4542/U107/S (HA1D0BWP40P140)     0.05     0.08     2.53 f
  core4_2/evalB/DP_OP_54J10_122_4542/O1[20] (net)     8             0.00       2.53 f
  core4_2/evalB/DP_OP_54J10_122_4542/O1[20] (Eval_9_4_DP_OP_54J10_122_4542_J10_0)     0.00     2.53 f
  core4_2/evalB/io_out_1[20] (net)                                  0.00       2.53 f
  core4_2/evalB/io_out_1[20] (Eval_9_4)                             0.00       2.53 f
  core4_2/evalB_io_out_1[20] (net)                                  0.00       2.53 f
  core4_2/mult_x_2/b[20] (core4_4_DW_mult_uns_J11_2)                0.00       2.53 f
  core4_2/mult_x_2/b[20] (net)                                      0.00       2.53 f
  core4_2/mult_x_2/U874/ZN (INVD0P7BWP40P140)             0.09      0.08       2.61 r
  core4_2/mult_x_2/n1814 (net)                 20                   0.00       2.61 r
  core4_2/mult_x_2/U1005/ZN (MAOI22D0BWP40P140)           0.05      0.07       2.68 r
  core4_2/mult_x_2/n1066 (net)                  3                   0.00       2.68 r
  core4_2/mult_x_2/U935/ZN (ND2D0BWP40P140HVT)            0.13      0.10       2.79 f
  core4_2/mult_x_2/n1169 (net)                 10                   0.00       2.79 f
  core4_2/mult_x_2/U1158/ZN (OAI222D0BWP40P140)           0.07      0.09       2.88 r
  core4_2/mult_x_2/n1171 (net)                  1                   0.00       2.88 r
  core4_2/mult_x_2/U850/ZN (MUX2ND0BWP40P140)             0.06      0.07       2.94 r
  core4_2/mult_x_2/n1226 (net)                  1                   0.00       2.94 r
  core4_2/mult_x_2/U1193/S (HA1D0BWP40P140)               0.03      0.08       3.02 f
  core4_2/mult_x_2/n1311 (net)                  1                   0.00       3.02 f
  core4_2/mult_x_2/U1232/S (FA1D0BWP40P140)               0.04      0.13       3.15 r
  core4_2/mult_x_2/n1378 (net)                  1                   0.00       3.15 r
  core4_2/mult_x_2/U1264/CO (FA1D0BWP40P140)              0.03      0.08       3.23 r
  core4_2/mult_x_2/n1371 (net)                  1                   0.00       3.23 r
  core4_2/mult_x_2/U1261/CO (FA1D0BWP40P140)              0.03      0.07       3.30 r
  core4_2/mult_x_2/n1366 (net)                  1                   0.00       3.30 r
  core4_2/mult_x_2/U1259/CO (FA1D0BWP40P140)              0.03      0.07       3.37 r
  core4_2/mult_x_2/n1361 (net)                  1                   0.00       3.37 r
  core4_2/mult_x_2/U1256/CO (FA1D0BWP40P140)              0.03      0.07       3.45 r
  core4_2/mult_x_2/n1356 (net)                  1                   0.00       3.45 r
  core4_2/mult_x_2/U1253/S (FA1D0BWP40P140)               0.03      0.11       3.56 f
  core4_2/mult_x_2/n1443 (net)                  1                   0.00       3.56 f
  core4_2/mult_x_2/U1296/S (FA1D0BWP40P140)               0.04      0.13       3.69 r
  core4_2/mult_x_2/n1553 (net)                  1                   0.00       3.69 r
  core4_2/mult_x_2/U1369/CO (FA1D0BWP40P140)              0.03      0.08       3.77 r
  core4_2/mult_x_2/n1546 (net)                  1                   0.00       3.77 r
  core4_2/mult_x_2/U1367/CO (FA1D0BWP40P140)              0.03      0.07       3.85 r
  core4_2/mult_x_2/n1541 (net)                  1                   0.00       3.85 r
  core4_2/mult_x_2/U1364/CO (FA1D0BWP40P140)              0.03      0.07       3.92 r
  core4_2/mult_x_2/n1535 (net)                  1                   0.00       3.92 r
  core4_2/mult_x_2/U1360/S (FA1D0BWP40P140)               0.03      0.11       4.04 f
  core4_2/mult_x_2/n1655 (net)                  1                   0.00       4.04 f
  core4_2/mult_x_2/U1439/S (FA1D0BWP40P140)               0.04      0.13       4.17 r
  core4_2/mult_x_2/n1853 (net)                  1                   0.00       4.17 r
  core4_2/mult_x_2/U1541/CO (FA1D0BWP40P140)              0.03      0.08       4.25 r
  core4_2/mult_x_2/n1848 (net)                  1                   0.00       4.25 r
  core4_2/mult_x_2/U1540/CO (FA1D0BWP40P140)              0.03      0.07       4.32 r
  core4_2/mult_x_2/n1803 (net)                  1                   0.00       4.32 r
  core4_2/mult_x_2/U847/Z (XOR4D0BWP40P140)               0.03      0.10       4.42 r
  core4_2/mult_x_2/n1810 (net)                  1                   0.00       4.42 r
  core4_2/mult_x_2/U864/ZN (XNR2UD0BWP40P140)             0.06      0.04       4.46 r
  core4_2/mult_x_2/n1813 (net)                  2                   0.00       4.46 r
  core4_2/mult_x_2/U1530/ZN (OAI21D0BWP40P140HVT)         0.04      0.05       4.51 f
  core4_2/mult_x_2/n1811 (net)                  1                   0.00       4.51 f
  core4_2/mult_x_2/U1531/ZN (OAI31D0BWP40P140LVT)         0.05      0.03       4.54 r
  core4_2/mult_x_2/n1817 (net)                  1                   0.00       4.54 r
  core4_2/mult_x_2/U863/Z (XOR4D1BWP40P140)               0.02      0.11       4.66 f
  core4_2/mult_x_2/n1820 (net)                  1                   0.00       4.66 f
  core4_2/mult_x_2/U889/Z (XOR4D0BWP40P140)               0.03      0.10       4.75 r
  core4_2/mult_x_2/n1835 (net)                  2                   0.00       4.75 r
  core4_2/mult_x_2/U1535/ZN (OAI21D0BWP40P140HVT)         0.04      0.04       4.80 f
  core4_2/mult_x_2/n1832 (net)                  1                   0.00       4.80 f
  core4_2/mult_x_2/U1536/ZN (OAI31D0BWP40P140LVT)         0.05      0.03       4.83 r
  core4_2/mult_x_2/n1843 (net)                  1                   0.00       4.83 r
  core4_2/mult_x_2/U892/Z (XOR2UD0BWP40P140)              0.06      0.04       4.87 r
  core4_2/mult_x_2/n1845 (net)                  2                   0.00       4.87 r
  core4_2/mult_x_2/U1538/ZN (OAI21D0BWP40P140HVT)         0.04      0.05       4.93 f
  core4_2/mult_x_2/n1844 (net)                  1                   0.00       4.93 f
  core4_2/mult_x_2/U1539/ZN (OAI31D0BWP40P140LVT)         0.03      0.03       4.95 r
  core4_2/mult_x_2/product[28] (net)            1                   0.00       4.95 r
  core4_2/mult_x_2/product[28] (core4_4_DW_mult_uns_J11_2)          0.00       4.95 r
  core4_2/n_w_1_T_1[28] (net)                                       0.00       4.95 r
  core4_2/s_w_1_reg_28_/D (DFKCNQD1BWP40P140)             0.03      0.00       4.95 r
  data arrival time                                                            4.95

  clock clk (rise edge)                                             5.00       5.00
  clock network delay (ideal)                                       0.00       5.00
  core4_2/s_w_1_reg_28_/CP (DFKCNQD1BWP40P140)                      0.00       5.00 r
  library setup time                                               -0.04       4.96
  data required time                                                           4.96
  ---------------------------------------------------------------------------------------------------------
  data required time                                                           4.96
  data arrival time                                                           -4.95
  ---------------------------------------------------------------------------------------------------------
  slack (MET)                                                                  0.00


1
