 
****************************************
Report : area
Design : core4_a24_b8_c24
Version: O-2018.06-SP5
Date   : Tue May 12 05:43:44 2026
****************************************

Library(s) Used:

    tcbn28hpcplusbwp40p140lvtssg0p81vm40c_ccs (File: /export1/Library/TN28HPC+/STD_CELL_ext/track9_200824/TSMCHOME/digital/Front_End/timing_power_noise/CCS/tcbn28hpcplusbwp40p140lvt_180a/tcbn28hpcplusbwp40p140lvtssg0p81vm40c_ccs.db)
    tcbn28hpcplusbwp40p140ssg0p81vm40c_ccs (File: /export1/Library/TN28HPC+/STD_CELL_ext/track9_200824/TSMCHOME/digital/Front_End/timing_power_noise/CCS/tcbn28hpcplusbwp40p140_180a/tcbn28hpcplusbwp40p140ssg0p81vm40c_ccs.db)
    tcbn28hpcplusbwp40p140hvtssg0p81vm40c_ccs (File: /export1/Library/TN28HPC+/STD_CELL_ext/track9_200824/TSMCHOME/digital/Front_End/timing_power_noise/CCS/tcbn28hpcplusbwp40p140hvt_180a/tcbn28hpcplusbwp40p140hvtssg0p81vm40c_ccs.db)

Number of ports:                         2778
Number of nets:                          8724
Number of cells:                         4548
Number of combinational cells:           4240
Number of sequential cells:               284
Number of macros/black boxes:               0
Number of buf/inv:                        571
Number of references:                      14

Combinational area:               5186.033918
Buf/Inv area:                      151.956001
Noncombinational area:             572.544009
Macro/Black Box area:                0.000000
Net Interconnect area:      undefined  (Wire load has zero net area)

Total cell area:                  5758.577927
Total area:                 undefined

Area of detected synthetic parts
--------------------------------
                                                  Perc. of
  Module               Implem.  Count       Area cell area
  -------------------- -------  ----- ---------- ---------
  DP_OP_106J2_122_5429     str      1  1504.8162     26.1%
  DP_OP_52J2_123_5738      str      1   154.2239      2.7%
  DP_OP_52J2_126_8122      str      1    56.1960      1.0%
  DP_OP_53J2_124_3642      str      1   213.9478      3.7%
  DP_OP_53J2_127_1615      str      1    72.8280      1.3%
  DP_OP_54J2_125_276       str      1   215.4599      3.7%
  DP_OP_54J2_128_8645      str      1    79.8840      1.4%
  DW_mult_tc           apparch      4  1867.8241     32.4%
  DW_mult_uns          apparch      3   991.6198     17.2%
  -------------------- -------  ----- ---------- ---------
  DP_OP Subtotal:                   7  2297.3557     39.9%
  Total:                           14  5156.7996     89.5%

Subtotal of datapath(DP_OP) cell area:  2297.3557  39.9%  
Total synthetic cell area:              5156.7996  89.5%  

1
