 
****************************************
Report : timing
        -path full
        -delay max
        -nets
        -max_paths 1
        -transition_time
Design : core64_a36_b14_c36
Version: O-2018.06-SP5
Date   : Wed May 13 08:41:04 2026
****************************************

 # A fanout number of 1000 was used for high fanout net computations.

Operating Conditions: ssg0p81vm40c   Library: tcbn28hpcplusbwp40p140hvtssg0p81vm40c_ccs
Wire Load Model Mode: segmented

  Startpoint: io_b_45[0] (input port clocked by clk)
  Endpoint: core16_4/core4_4/s_w_1_reg_43_
            (rising edge-triggered flip-flop clocked by clk)
  Path Group: clk
  Path Type: max

  Des/Clust/Port     Wire Load Model       Library
  ------------------------------------------------
  Eval_1_4_DP_OP_54J20_127_2501_0 ZeroWireload tcbn28hpcplusbwp40p140hvtssg0p81vm40c_ccs
  Eval_1_4_DP_OP_52J20_125_4593_0 ZeroWireload tcbn28hpcplusbwp40p140hvtssg0p81vm40c_ccs
  Eval_1_4_DP_OP_53J20_126_1321_0 ZeroWireload tcbn28hpcplusbwp40p140hvtssg0p81vm40c_ccs
  core64_a36_b14_c36 ZeroWireload          tcbn28hpcplusbwp40p140hvtssg0p81vm40c_ccs
  Eval_33_57_DP_OP_54J26_125_8890_J26_0_1 ZeroWireload tcbn28hpcplusbwp40p140hvtssg0p81vm40c_ccs
  Eval_33_58_DP_OP_56J26_127_7864_0 ZeroWireload tcbn28hpcplusbwp40p140hvtssg0p81vm40c_ccs
  Eval_33_58_DP_OP_55J26_126_7119_0 ZeroWireload tcbn28hpcplusbwp40p140hvtssg0p81vm40c_ccs
  Eval_33_16_DP_OP_56J23_124_4803_J23_0 ZeroWireload tcbn28hpcplusbwp40p140hvtssg0p81vm40c_ccs
  Eval_33_16_DP_OP_55J23_123_5296_J23_0 ZeroWireload tcbn28hpcplusbwp40p140hvtssg0p81vm40c_ccs
  Eval_33_16_DP_OP_54J23_122_59_J23_0 ZeroWireload tcbn28hpcplusbwp40p140hvtssg0p81vm40c_ccs
  core4_16_DW_mult_tc_J19_4 ZeroWireload   tcbn28hpcplusbwp40p140hvtssg0p81vm40c_ccs

Attributes:
    d - dont_touch
    u - dont_use
   mo - map_only
   so - size_only
    i - ideal_net or ideal_network
  inf - infeasible path

  Point                                       Fanout     Trans      Incr       Path      Attributes
  ---------------------------------------------------------------------------------------------------------
  clock clk (rise edge)                                             0.00       0.00
  clock network delay (ideal)                                       0.00       0.00
  input external delay                                              0.50       0.50 r
  io_b_45[0] (in)                                         0.00      0.00       0.50 r
  io_b_45[0] (net)                              8                   0.00       0.50 r
  evalB_11/io_in_1[0] (Eval_1_4)                                    0.00       0.50 r
  evalB_11/io_in_1[0] (net)                                         0.00       0.50 r
  evalB_11/DP_OP_54J20_127_2501/I4[2] (Eval_1_4_DP_OP_54J20_127_2501_0)     0.00     0.50 r
  evalB_11/DP_OP_54J20_127_2501/I4[2] (net)                         0.00       0.50 r
  evalB_11/DP_OP_54J20_127_2501/U669/S (HA1D1BWP40P140LVT)     0.01     0.04     0.54 f
  evalB_11/DP_OP_54J20_127_2501/n572 (net)      2                   0.00       0.54 f
  evalB_11/DP_OP_54J20_127_2501/U521/ZN (NR2D0BWP40P140)     0.03     0.03     0.57 r
  evalB_11/DP_OP_54J20_127_2501/n713 (net)      2                   0.00       0.57 r
  evalB_11/DP_OP_54J20_127_2501/U501/ZN (NR2D0BWP40P140)     0.01     0.02     0.58 f
  evalB_11/DP_OP_54J20_127_2501/n540 (net)      1                   0.00       0.58 f
  evalB_11/DP_OP_54J20_127_2501/U490/ZN (NR2D0BWP40P140)     0.04     0.03     0.62 r
  evalB_11/DP_OP_54J20_127_2501/n547 (net)      2                   0.00       0.62 r
  evalB_11/DP_OP_54J20_127_2501/U461/Z (OA21D0BWP40P140)     0.04     0.06     0.68 r
  evalB_11/DP_OP_54J20_127_2501/n575 (net)      2                   0.00       0.68 r
  evalB_11/DP_OP_54J20_127_2501/U580/ZN (OAI21D1BWP40P140LVT)     0.02     0.03     0.70 f
  evalB_11/DP_OP_54J20_127_2501/n720 (net)      2                   0.00       0.70 f
  evalB_11/DP_OP_54J20_127_2501/U582/ZN (CKND0BWP40P140)     0.03     0.03     0.74 r
  evalB_11/DP_OP_54J20_127_2501/n724 (net)      2                   0.00       0.74 r
  evalB_11/DP_OP_54J20_127_2501/U549/Z (XOR2OPTND2BWP40P140LVT)     0.06     0.04     0.78 f
  evalB_11/DP_OP_54J20_127_2501/O1[5] (net)     6                   0.00       0.78 f
  evalB_11/DP_OP_54J20_127_2501/O1[5] (Eval_1_4_DP_OP_54J20_127_2501_0)     0.00     0.78 f
  evalB_11/io_out_4[5] (net)                                        0.00       0.78 f
  evalB_11/io_out_4[5] (Eval_1_4)                                   0.00       0.78 f
  evalB_11_io_out_4[5] (net)                                        0.00       0.78 f
  core16_4/io_b_11[5] (core16_2)                                    0.00       0.78 f
  core16_4/io_b_11[5] (net)                                         0.00       0.78 f
  core16_4/evalB_2/io_in_3[5] (Eval_33_58)                          0.00       0.78 f
  core16_4/evalB_2/io_in_3[5] (net)                                 0.00       0.78 f
  core16_4/evalB_2/DP_OP_56J26_127_7864/I3[5] (Eval_33_58_DP_OP_56J26_127_7864_0)     0.00     0.78 f
  core16_4/evalB_2/DP_OP_56J26_127_7864/I3[5] (net)                 0.00       0.78 f
  core16_4/evalB_2/DP_OP_56J26_127_7864/U528/CO (FA1D1BWP40P140LVT)     0.02     0.06     0.84 f
  core16_4/evalB_2/DP_OP_56J26_127_7864/n652 (net)     1            0.00       0.84 f
  core16_4/evalB_2/DP_OP_56J26_127_7864/U496/CO (FA1D1BWP40P140LVT)     0.02     0.04     0.89 f
  core16_4/evalB_2/DP_OP_56J26_127_7864/n656 (net)     1            0.00       0.89 f
  core16_4/evalB_2/DP_OP_56J26_127_7864/U497/CO (FA1D1BWP40P140LVT)     0.02     0.04     0.93 f
  core16_4/evalB_2/DP_OP_56J26_127_7864/n662 (net)     1            0.00       0.93 f
  core16_4/evalB_2/DP_OP_56J26_127_7864/U495/CO (FA1D1BWP40P140LVT)     0.02     0.05     0.98 f
  core16_4/evalB_2/DP_OP_56J26_127_7864/n667 (net)     1            0.00       0.98 f
  core16_4/evalB_2/DP_OP_56J26_127_7864/U353/S (FA1D1BWP40P140LVT)     0.03     0.09     1.07 r
  core16_4/evalB_2/DP_OP_56J26_127_7864/n669 (net)     1            0.00       1.07 r
  core16_4/evalB_2/DP_OP_56J26_127_7864/U351/S (FA1D1BWP40P140)     0.04     0.11     1.18 f
  core16_4/evalB_2/DP_OP_56J26_127_7864/O1[9] (net)     3           0.00       1.18 f
  core16_4/evalB_2/DP_OP_56J26_127_7864/O1[9] (Eval_33_58_DP_OP_56J26_127_7864_0)     0.00     1.18 f
  core16_4/evalB_2/io_out_4[9] (net)                                0.00       1.18 f
  core16_4/evalB_2/io_out_4[9] (Eval_33_58)                         0.00       1.18 f
  core16_4/evalB_2_io_out_4[9] (net)                                0.00       1.18 f
  core16_4/core4_4/io_b_2[9] (core4_16)                             0.00       1.18 f
  core16_4/core4_4/io_b_2[9] (net)                                  0.00       1.18 f
  core16_4/core4_4/evalB/io_in_2[9] (Eval_33_16)                    0.00       1.18 f
  core16_4/core4_4/evalB/io_in_2[9] (net)                           0.00       1.18 f
  core16_4/core4_4/evalB/DP_OP_54J23_122_59/I1[9] (Eval_33_16_DP_OP_54J23_122_59_J23_0)     0.00     1.18 f
  core16_4/core4_4/evalB/DP_OP_54J23_122_59/I1[9] (net)             0.00       1.18 f
  core16_4/core4_4/evalB/DP_OP_54J23_122_59/U171/S (FA1D1BWP40P140)     0.03     0.12     1.30 r
  core16_4/core4_4/evalB/DP_OP_54J23_122_59/n326 (net)     1        0.00       1.30 r
  core16_4/core4_4/evalB/DP_OP_54J23_122_59/U136/CO (FA1D0BWP40P140)     0.03     0.07     1.38 r
  core16_4/core4_4/evalB/DP_OP_54J23_122_59/n323 (net)     1        0.00       1.38 r
  core16_4/core4_4/evalB/DP_OP_54J23_122_59/U117/CO (FA1D0BWP40P140)     0.03     0.07     1.45 r
  core16_4/core4_4/evalB/DP_OP_54J23_122_59/n321 (net)     1        0.00       1.45 r
  core16_4/core4_4/evalB/DP_OP_54J23_122_59/U118/CO (FA1D0BWP40P140)     0.03     0.07     1.52 r
  core16_4/core4_4/evalB/DP_OP_54J23_122_59/n319 (net)     1        0.00       1.52 r
  core16_4/core4_4/evalB/DP_OP_54J23_122_59/U124/CO (FA1D0BWP40P140)     0.03     0.07     1.60 r
  core16_4/core4_4/evalB/DP_OP_54J23_122_59/n317 (net)     1        0.00       1.60 r
  core16_4/core4_4/evalB/DP_OP_54J23_122_59/U126/CO (FA1D0BWP40P140)     0.03     0.07     1.67 r
  core16_4/core4_4/evalB/DP_OP_54J23_122_59/n315 (net)     1        0.00       1.67 r
  core16_4/core4_4/evalB/DP_OP_54J23_122_59/U127/CO (FA1D0BWP40P140)     0.03     0.07     1.75 r
  core16_4/core4_4/evalB/DP_OP_54J23_122_59/n313 (net)     1        0.00       1.75 r
  core16_4/core4_4/evalB/DP_OP_54J23_122_59/U129/CO (FA1D0BWP40P140)     0.03     0.07     1.82 r
  core16_4/core4_4/evalB/DP_OP_54J23_122_59/n311 (net)     1        0.00       1.82 r
  core16_4/core4_4/evalB/DP_OP_54J23_122_59/U128/CO (FA1D0BWP40P140)     0.03     0.07     1.89 r
  core16_4/core4_4/evalB/DP_OP_54J23_122_59/n309 (net)     1        0.00       1.89 r
  core16_4/core4_4/evalB/DP_OP_54J23_122_59/U130/S (FA1D0BWP40P140)     0.03     0.12     2.01 f
  core16_4/core4_4/evalB/DP_OP_54J23_122_59/n342 (net)     1        0.00       2.01 f
  core16_4/core4_4/evalB/DP_OP_54J23_122_59/U100/CO (FA1D1BWP40P140LVT)     0.02     0.05     2.06 f
  core16_4/core4_4/evalB/DP_OP_54J23_122_59/n339 (net)     1        0.00       2.06 f
  core16_4/core4_4/evalB/DP_OP_54J23_122_59/U84/S (FA1D1BWP40P140LVT)     0.08     0.11     2.18 r
  core16_4/core4_4/evalB/DP_OP_54J23_122_59/O1[20] (net)    29      0.00       2.18 r
  core16_4/core4_4/evalB/DP_OP_54J23_122_59/O1[20] (Eval_33_16_DP_OP_54J23_122_59_J23_0)     0.00     2.18 r
  core16_4/core4_4/evalB/io_out_1[20] (net)                         0.00       2.18 r
  core16_4/core4_4/evalB/io_out_1[20] (Eval_33_16)                  0.00       2.18 r
  core16_4/core4_4/evalB_io_out_1[20] (net)                         0.00       2.18 r
  core16_4/core4_4/mult_x_2/b[20] (core4_16_DW_mult_tc_J19_4)       0.00       2.18 r
  core16_4/core4_4/mult_x_2/b[20] (net)                             0.00       2.18 r
  core16_4/core4_4/mult_x_2/U1586/ZN (INVD1BWP40P140LVT)     0.08     0.07     2.25 f
  core16_4/core4_4/mult_x_2/n3464 (net)        29                   0.00       2.25 f
  core16_4/core4_4/mult_x_2/U1893/ZN (MUX2ND0BWP40P140)     0.05     0.07      2.31 r
  core16_4/core4_4/mult_x_2/n2117 (net)         3                   0.00       2.31 r
  core16_4/core4_4/mult_x_2/U2011/ZN (IND3D0BWP40P140)     0.31     0.20       2.52 f
  core16_4/core4_4/mult_x_2/n3529 (net)        24                   0.00       2.52 f
  core16_4/core4_4/mult_x_2/U2094/ZN (OAI222D0BWP40P140)     0.10     0.12     2.64 r
  core16_4/core4_4/mult_x_2/n2219 (net)         1                   0.00       2.64 r
  core16_4/core4_4/mult_x_2/U2095/ZN (AOI21D0BWP40P140)     0.04     0.05      2.68 f
  core16_4/core4_4/mult_x_2/n2220 (net)         1                   0.00       2.68 f
  core16_4/core4_4/mult_x_2/U1720/ZN (MUX2ND0BWP40P140)     0.05     0.06      2.74 f
  core16_4/core4_4/mult_x_2/n2335 (net)         1                   0.00       2.74 f
  core16_4/core4_4/mult_x_2/U1756/CO (HA1D0BWP40P140)     0.02      0.05       2.79 f
  core16_4/core4_4/mult_x_2/n2329 (net)         1                   0.00       2.79 f
  core16_4/core4_4/mult_x_2/U2173/CO (FA1D1BWP40P140)     0.02      0.06       2.84 f
  core16_4/core4_4/mult_x_2/n2324 (net)         1                   0.00       2.84 f
  core16_4/core4_4/mult_x_2/U2170/CO (FA1D1BWP40P140)     0.02      0.06       2.90 f
  core16_4/core4_4/mult_x_2/n2319 (net)         1                   0.00       2.90 f
  core16_4/core4_4/mult_x_2/U1757/CO (FA1D0BWP40P140)     0.03      0.07       2.96 f
  core16_4/core4_4/mult_x_2/n2314 (net)         1                   0.00       2.96 f
  core16_4/core4_4/mult_x_2/U2163/CO (FA1D1BWP40P140)     0.02      0.06       3.02 f
  core16_4/core4_4/mult_x_2/n2309 (net)         1                   0.00       3.02 f
  core16_4/core4_4/mult_x_2/U2159/CO (FA1D1BWP40P140)     0.02      0.06       3.08 f
  core16_4/core4_4/mult_x_2/n2304 (net)         1                   0.00       3.08 f
  core16_4/core4_4/mult_x_2/U1758/CO (FA1D0BWP40P140)     0.03      0.07       3.15 f
  core16_4/core4_4/mult_x_2/n2299 (net)         1                   0.00       3.15 f
  core16_4/core4_4/mult_x_2/U2152/CO (FA1D1BWP40P140)     0.02      0.06       3.21 f
  core16_4/core4_4/mult_x_2/n2294 (net)         1                   0.00       3.21 f
  core16_4/core4_4/mult_x_2/U2148/CO (FA1D1BWP40P140)     0.02      0.06       3.26 f
  core16_4/core4_4/mult_x_2/n2289 (net)         1                   0.00       3.26 f
  core16_4/core4_4/mult_x_2/U2144/CO (FA1D1BWP40P140)     0.02      0.06       3.32 f
  core16_4/core4_4/mult_x_2/n2284 (net)         1                   0.00       3.32 f
  core16_4/core4_4/mult_x_2/U1759/CO (FA1D0BWP40P140)     0.03      0.07       3.39 f
  core16_4/core4_4/mult_x_2/n2279 (net)         2                   0.00       3.39 f
  core16_4/core4_4/mult_x_2/U1584/ZN (OAI21D0BWP40P140)     0.03     0.03      3.42 r
  core16_4/core4_4/mult_x_2/n1918 (net)         1                   0.00       3.42 r
  core16_4/core4_4/mult_x_2/U1554/ZN (ND2D0BWP40P140)     0.04      0.04       3.45 f
  core16_4/core4_4/mult_x_2/n2274 (net)         1                   0.00       3.45 f
  core16_4/core4_4/mult_x_2/U2135/S (FA1D1BWP40P140)      0.03      0.11       3.56 r
  core16_4/core4_4/mult_x_2/n2405 (net)         1                   0.00       3.56 r
  core16_4/core4_4/mult_x_2/U1763/CO (FA1D0BWP40P140)     0.03      0.08       3.64 r
  core16_4/core4_4/mult_x_2/n2397 (net)         1                   0.00       3.64 r
  core16_4/core4_4/mult_x_2/U2230/S (FA1D1BWP40P140)      0.03      0.10       3.74 f
  core16_4/core4_4/mult_x_2/n2560 (net)         1                   0.00       3.74 f
  core16_4/core4_4/mult_x_2/U2340/CO (FA1D1BWP40P140)     0.02      0.07       3.81 f
  core16_4/core4_4/mult_x_2/n2553 (net)         1                   0.00       3.81 f
  core16_4/core4_4/mult_x_2/U1772/CO (FA1D0BWP40P140)     0.03      0.07       3.88 f
  core16_4/core4_4/mult_x_2/n2548 (net)         1                   0.00       3.88 f
  core16_4/core4_4/mult_x_2/U2356/CO (FA1D0BWP40P140)     0.03      0.07       3.95 f
  core16_4/core4_4/mult_x_2/n2543 (net)         1                   0.00       3.95 f
  core16_4/core4_4/mult_x_2/U2329/S (FA1D1BWP40P140)      0.03      0.11       4.06 r
  core16_4/core4_4/mult_x_2/n2700 (net)         1                   0.00       4.06 r
  core16_4/core4_4/mult_x_2/U1776/CO (FA1D0BWP40P140)     0.03      0.08       4.13 r
  core16_4/core4_4/mult_x_2/n2693 (net)         1                   0.00       4.13 r
  core16_4/core4_4/mult_x_2/U2437/CO (FA1D1BWP40P140)     0.02      0.06       4.19 r
  core16_4/core4_4/mult_x_2/n2688 (net)         1                   0.00       4.19 r
  core16_4/core4_4/mult_x_2/U1707/CO (FA1D1BWP40P140LVT)     0.02     0.04     4.23 r
  core16_4/core4_4/mult_x_2/n2682 (net)         1                   0.00       4.23 r
  core16_4/core4_4/mult_x_2/U2520/S (FA1D0BWP40P140)      0.03      0.11       4.34 f
  core16_4/core4_4/mult_x_2/n2855 (net)         1                   0.00       4.34 f
  core16_4/core4_4/mult_x_2/U2559/S (FA1D1BWP40P140)      0.03      0.12       4.46 r
  core16_4/core4_4/mult_x_2/n3041 (net)         1                   0.00       4.46 r
  core16_4/core4_4/mult_x_2/U2690/S (FA1D1BWP40P140)      0.03      0.10       4.56 f
  core16_4/core4_4/mult_x_2/n3255 (net)         1                   0.00       4.56 f
  core16_4/core4_4/mult_x_2/U2824/CO (FA1D1BWP40P140)     0.02      0.07       4.63 f
  core16_4/core4_4/mult_x_2/n3250 (net)         1                   0.00       4.63 f
  core16_4/core4_4/mult_x_2/U2823/CO (FA1D1BWP40P140)     0.02      0.06       4.68 f
  core16_4/core4_4/mult_x_2/n3427 (net)         1                   0.00       4.68 f
  core16_4/core4_4/mult_x_2/U2876/CO (FA1D1BWP40P140)     0.03      0.06       4.74 f
  core16_4/core4_4/mult_x_2/n3461 (net)         1                   0.00       4.74 f
  core16_4/core4_4/mult_x_2/U1864/CO (FA1OPTCD1BWP40P140LVT)     0.02     0.03     4.77 f
  core16_4/core4_4/mult_x_2/n3500 (net)         1                   0.00       4.77 f
  core16_4/core4_4/mult_x_2/U1537/Z (XOR2UD1BWP40P140)     0.03     0.03       4.80 f
  core16_4/core4_4/mult_x_2/n3517 (net)         2                   0.00       4.80 f
  core16_4/core4_4/mult_x_2/U1523/ZN (OAI21OPTREPBD1BWP40P140LVT)     0.02     0.02     4.82 r
  core16_4/core4_4/mult_x_2/n3514 (net)         1                   0.00       4.82 r
  core16_4/core4_4/mult_x_2/U1794/ZN (OAI31D0BWP40P140LVT)     0.04     0.03     4.85 f
  core16_4/core4_4/mult_x_2/n3525 (net)         1                   0.00       4.85 f
  core16_4/core4_4/mult_x_2/U1532/ZN (INVD1BWP40P140LVT)     0.02     0.02     4.87 r
  core16_4/core4_4/mult_x_2/n1935 (net)         1                   0.00       4.87 r
  core16_4/core4_4/mult_x_2/U1534/ZN (XNR2UD1BWP40P140LVT)     0.04     0.03     4.90 r
  core16_4/core4_4/mult_x_2/n1934 (net)         1                   0.00       4.90 r
  core16_4/core4_4/mult_x_2/U1536/ZN (MUX2NUD1BWP40P140LVT)     0.03     0.04     4.93 r
  core16_4/core4_4/mult_x_2/n1933 (net)         1                   0.00       4.93 r
  core16_4/core4_4/mult_x_2/U1595/ZN (XNR2UD1BWP40P140LVT)     0.03     0.03     4.96 r
  core16_4/core4_4/mult_x_2/product[43] (net)     1                 0.00       4.96 r
  core16_4/core4_4/mult_x_2/product[43] (core4_16_DW_mult_tc_J19_4)     0.00     4.96 r
  core16_4/core4_4/n_w_1_T_1[43] (net)                              0.00       4.96 r
  core16_4/core4_4/s_w_1_reg_43_/D (DFKCNQD1BWP40P140)     0.03     0.00       4.96 r
  data arrival time                                                            4.96

  clock clk (rise edge)                                             5.00       5.00
  clock network delay (ideal)                                       0.00       5.00
  core16_4/core4_4/s_w_1_reg_43_/CP (DFKCNQD1BWP40P140)             0.00       5.00 r
  library setup time                                               -0.04       4.96
  data required time                                                           4.96
  ---------------------------------------------------------------------------------------------------------
  data required time                                                           4.96
  data arrival time                                                           -4.96
  ---------------------------------------------------------------------------------------------------------
  slack (MET)                                                                  0.00


1
