 
****************************************
Report : timing
        -path full
        -delay max
        -max_paths 3
Design : core16_a28_b10_c28
Version: O-2018.06-SP5
Date   : Tue May 12 14:22:20 2026
****************************************

 # A fanout number of 1000 was used for high fanout net computations.

Operating Conditions: ssg0p81vm40c   Library: tcbn28hpcplusbwp40p140hvtssg0p81vm40c_ccs
Wire Load Model Mode: segmented

  Startpoint: io_b_3[0] (input port clocked by clk)
  Endpoint: core4_1/s_w_2_reg_33_
            (rising edge-triggered flip-flop clocked by clk)
  Path Group: clk
  Path Type: max

  Des/Clust/Port     Wire Load Model       Library
  ------------------------------------------------
  core16_a28_b10_c28 ZeroWireload          tcbn28hpcplusbwp40p140hvtssg0p81vm40c_ccs
  Eval_1_0_DP_OP_52J6_125_4583_J6_0_3
                     ZeroWireload          tcbn28hpcplusbwp40p140hvtssg0p81vm40c_ccs
  Eval_1_0_DP_OP_53J6_126_8511_J6_0_3
                     ZeroWireload          tcbn28hpcplusbwp40p140hvtssg0p81vm40c_ccs
  Eval_1_0_DP_OP_54J6_127_5286_J6_0_3
                     ZeroWireload          tcbn28hpcplusbwp40p140hvtssg0p81vm40c_ccs
  Eval_9_5_DP_OP_56J13_124_4421_J13_0
                     ZeroWireload          tcbn28hpcplusbwp40p140hvtssg0p81vm40c_ccs
  Eval_9_5_DP_OP_55J13_123_5659_J13_0
                     ZeroWireload          tcbn28hpcplusbwp40p140hvtssg0p81vm40c_ccs
  Eval_9_5_DP_OP_54J13_122_7920_J13_0
                     ZeroWireload          tcbn28hpcplusbwp40p140hvtssg0p81vm40c_ccs
  core4_5_DW_mult_uns_J12_0
                     ZeroWireload          tcbn28hpcplusbwp40p140hvtssg0p81vm40c_ccs
  core4_5_DW_mult_tc_J12_3
                     ZeroWireload          tcbn28hpcplusbwp40p140hvtssg0p81vm40c_ccs

  Point                                                   Incr       Path
  --------------------------------------------------------------------------
  clock clk (rise edge)                                   0.00       0.00
  clock network delay (ideal)                             0.00       0.00
  input external delay                                    0.50       0.50 f
  io_b_3[0] (in)                                          0.00       0.50 f
  evalB/io_in_3[0] (Eval_1_3)                             0.00       0.50 f
  evalB/U34/ZN (CKND0BWP40P140)                           0.01       0.51 r
  evalB/U31/ZN (CKND0BWP40P140)                           0.03       0.54 f
  evalB/DP_OP_52J6_125_4583/I2[1] (Eval_1_0_DP_OP_52J6_125_4583_J6_0_3)
                                                          0.00       0.54 f
  evalB/DP_OP_52J6_125_4583/U50/CO (HA1D0BWP40P140)       0.05       0.59 f
  evalB/DP_OP_52J6_125_4583/U52/CO (FA1D0BWP40P140)       0.07       0.66 f
  evalB/DP_OP_52J6_125_4583/U58/S (FA1D0BWP40P140)        0.12       0.78 r
  evalB/DP_OP_52J6_125_4583/U65/CO (FA1D0BWP40P140)       0.08       0.85 r
  evalB/DP_OP_52J6_125_4583/U60/CO (FA1D0BWP40P140)       0.07       0.93 r
  evalB/DP_OP_52J6_125_4583/U64/S (FA1D0BWP40P140)        0.11       1.04 f
  evalB/DP_OP_52J6_125_4583/U71/CO (FA1D0BWP40P140)       0.08       1.12 f
  evalB/DP_OP_52J6_125_4583/U70/S (FA1D0BWP40P140)        0.11       1.23 r
  evalB/DP_OP_52J6_125_4583/O1[8] (Eval_1_0_DP_OP_52J6_125_4583_J6_0_3)
                                                          0.00       1.23 r
  evalB/io_out_1[8] (Eval_1_3)                            0.00       1.23 r
  core4_1/io_b_0[8] (core4_5)                             0.00       1.23 r
  core4_1/evalB/io_in_0[8] (Eval_9_5)                     0.00       1.23 r
  core4_1/evalB/U8/ZN (CKND0BWP40P140)                    0.02       1.24 f
  core4_1/evalB/U6/ZN (INVD0P7BWP40P140)                  0.11       1.35 r
  core4_1/evalB/DP_OP_55J13_123_5659/I2[8] (Eval_9_5_DP_OP_55J13_123_5659_J13_0)
                                                          0.00       1.35 r
  core4_1/evalB/DP_OP_55J13_123_5659/U103/CO (FA1D0BWP40P140)
                                                          0.12       1.48 r
  core4_1/evalB/DP_OP_55J13_123_5659/U129/CO (FA1D0BWP40P140)
                                                          0.07       1.55 r
  core4_1/evalB/DP_OP_55J13_123_5659/U105/CO (FA1D0BWP40P140)
                                                          0.07       1.63 r
  core4_1/evalB/DP_OP_55J13_123_5659/U132/S (FA1D0BWP40P140)
                                                          0.13       1.75 f
  core4_1/evalB/DP_OP_55J13_123_5659/U149/S (FA1D0BWP40P140)
                                                          0.20       1.96 r
  core4_1/evalB/DP_OP_55J13_123_5659/O1[11] (Eval_9_5_DP_OP_55J13_123_5659_J13_0)
                                                          0.00       1.96 r
  core4_1/evalB/io_out_2[11] (Eval_9_5)                   0.00       1.96 r
  core4_1/mult_x_3/b[11] (core4_5_DW_mult_tc_J12_3)       0.00       1.96 r
  core4_1/mult_x_3/U1163/ZN (CKND0BWP40P140)              0.16       2.11 f
  core4_1/mult_x_3/U915/ZN (AOI22D0BWP40P140)             0.12       2.24 r
  core4_1/mult_x_3/U968/ZN (CKND0BWP40P140)               0.11       2.35 f
  core4_1/mult_x_3/U933/ZN (AOI221D0BWP40P140)            0.24       2.59 r
  core4_1/mult_x_3/U1590/Z (AO22D0BWP40P140)              0.12       2.71 r
  core4_1/mult_x_3/U976/S (FA1D0BWP40P140)                0.11       2.83 f
  core4_1/mult_x_3/U1055/S (FA1D0BWP40P140)               0.13       2.95 r
  core4_1/mult_x_3/U1104/S (FA1D0BWP40P140)               0.09       3.05 r
  core4_1/mult_x_3/U1137/CO (FA1D0BWP40P140)              0.08       3.12 r
  core4_1/mult_x_3/U1138/CO (FA1D0BWP40P140)              0.07       3.20 r
  core4_1/mult_x_3/U1139/CO (FA1D0BWP40P140)              0.07       3.27 r
  core4_1/mult_x_3/U1140/CO (FA1D0BWP40P140)              0.07       3.34 r
  core4_1/mult_x_3/U1141/CO (FA1D0BWP40P140)              0.07       3.42 r
  core4_1/mult_x_3/U1142/CO (FA1D0BWP40P140)              0.07       3.49 r
  core4_1/mult_x_3/U1143/CO (FA1D0BWP40P140)              0.07       3.57 r
  core4_1/mult_x_3/U1144/CO (FA1D0BWP40P140)              0.07       3.64 r
  core4_1/mult_x_3/U1145/CO (FA1D0BWP40P140)              0.07       3.71 r
  core4_1/mult_x_3/U1146/CO (FA1D0BWP40P140)              0.07       3.79 r
  core4_1/mult_x_3/U1147/CO (FA1D0BWP40P140)              0.07       3.86 r
  core4_1/mult_x_3/U1126/CO (FA1D0BWP40P140)              0.07       3.94 r
  core4_1/mult_x_3/U1148/CO (FA1D0BWP40P140)              0.07       4.01 r
  core4_1/mult_x_3/U1149/CO (FA1D0BWP40P140)              0.07       4.09 r
  core4_1/mult_x_3/U1150/CO (FA1D0BWP40P140)              0.07       4.16 r
  core4_1/mult_x_3/U1151/CO (FA1D0BWP40P140)              0.07       4.23 r
  core4_1/mult_x_3/U1152/CO (FA1D0BWP40P140)              0.07       4.31 r
  core4_1/mult_x_3/U1153/CO (FA1D0BWP40P140)              0.07       4.38 r
  core4_1/mult_x_3/U1154/CO (FA1D0BWP40P140)              0.07       4.46 r
  core4_1/mult_x_3/U1155/CO (FA1D0BWP40P140)              0.07       4.52 r
  core4_1/mult_x_3/U1250/Z (XOR4D0BWP40P140)              0.11       4.64 r
  core4_1/mult_x_3/U1255/Z (XOR4D0BWP40P140)              0.12       4.76 f
  core4_1/mult_x_3/U913/Z (XOR4D1BWP40P140)               0.10       4.86 f
  core4_1/mult_x_3/U1156/Z (XOR4D0BWP40P140)              0.10       4.96 r
  core4_1/mult_x_3/product[33] (core4_5_DW_mult_tc_J12_3)
                                                          0.00       4.96 r
  core4_1/s_w_2_reg_33_/D (DFKCNQD1BWP40P140)             0.00       4.96 r
  data arrival time                                                  4.96

  clock clk (rise edge)                                   5.00       5.00
  clock network delay (ideal)                             0.00       5.00
  core4_1/s_w_2_reg_33_/CP (DFKCNQD1BWP40P140)            0.00       5.00 r
  library setup time                                     -0.04       4.96
  data required time                                                 4.96
  --------------------------------------------------------------------------
  data required time                                                 4.96
  data arrival time                                                 -4.96
  --------------------------------------------------------------------------
  slack (MET)                                                        0.00


  Startpoint: io_b_15[2] (input port clocked by clk)
  Endpoint: core4_5/s_w_5_reg_33_
            (rising edge-triggered flip-flop clocked by clk)
  Path Group: clk
  Path Type: max

  Des/Clust/Port     Wire Load Model       Library
  ------------------------------------------------
  core16_a28_b10_c28 ZeroWireload          tcbn28hpcplusbwp40p140hvtssg0p81vm40c_ccs
  Eval_1_0_DP_OP_52J6_125_4583_J6_0_0
                     ZeroWireload          tcbn28hpcplusbwp40p140hvtssg0p81vm40c_ccs
  Eval_1_0_DP_OP_53J6_126_8511_J6_0_0
                     ZeroWireload          tcbn28hpcplusbwp40p140hvtssg0p81vm40c_ccs
  Eval_1_0_DP_OP_54J6_127_5286_J6_0_0
                     ZeroWireload          tcbn28hpcplusbwp40p140hvtssg0p81vm40c_ccs
  Eval_9_6_DP_OP_54J5_125_9172_J5_0
                     ZeroWireload          tcbn28hpcplusbwp40p140hvtssg0p81vm40c_ccs
  Eval_9_6_DP_OP_55J5_126_183_J5_0
                     ZeroWireload          tcbn28hpcplusbwp40p140hvtssg0p81vm40c_ccs
  Eval_9_6_DP_OP_56J5_127_9282_J5_0
                     ZeroWireload          tcbn28hpcplusbwp40p140hvtssg0p81vm40c_ccs
  core4_1_DW_mult_tc_J10_6_0
                     ZeroWireload          tcbn28hpcplusbwp40p140hvtssg0p81vm40c_ccs
  Eval_9_1_DP_OP_53J6_122_4457_J6_0_0
                     ZeroWireload          tcbn28hpcplusbwp40p140hvtssg0p81vm40c_ccs
  Eval_9_1_DP_OP_54J6_123_110_J6_0_0
                     ZeroWireload          tcbn28hpcplusbwp40p140hvtssg0p81vm40c_ccs
  Eval_9_1_DP_OP_55J6_124_5186_J6_0_0
                     ZeroWireload          tcbn28hpcplusbwp40p140hvtssg0p81vm40c_ccs
  core4_1_DW_mult_tc_J10_1_0
                     ZeroWireload          tcbn28hpcplusbwp40p140hvtssg0p81vm40c_ccs

  Point                                                   Incr       Path
  --------------------------------------------------------------------------
  clock clk (rise edge)                                   0.00       0.00
  clock network delay (ideal)                             0.00       0.00
  input external delay                                    0.50       0.50 r
  io_b_15[2] (in)                                         0.00       0.50 r
  evalB_3/io_in_3[2] (Eval_1_0)                           0.00       0.50 r
  evalB_3/U37/ZN (CKND0BWP40P140)                         0.01       0.51 f
  evalB_3/U14/ZN (INVD0P7BWP40P140)                       0.07       0.58 r
  evalB_3/DP_OP_54J6_127_5286/I3[2] (Eval_1_0_DP_OP_54J6_127_5286_J6_0_0)
                                                          0.00       0.58 r
  evalB_3/DP_OP_54J6_127_5286/U75/CO (HA1D0BWP40P140)     0.07       0.65 r
  evalB_3/DP_OP_54J6_127_5286/U98/CO (FA1D0BWP40P140)     0.07       0.72 r
  evalB_3/DP_OP_54J6_127_5286/U81/S (FA1D0BWP40P140)      0.12       0.84 f
  evalB_3/DP_OP_54J6_127_5286/U93/ZN (CKND0BWP40P140)     0.03       0.87 r
  evalB_3/DP_OP_54J6_127_5286/U92/CO (FA1D0BWP40P140)     0.07       0.95 r
  evalB_3/DP_OP_54J6_127_5286/U110/S (FA1D0BWP40P140)     0.10       1.05 f
  evalB_3/DP_OP_54J6_127_5286/O2[5] (Eval_1_0_DP_OP_54J6_127_5286_J6_0_0)
                                                          0.00       1.05 f
  evalB_3/io_out_5[5] (Eval_1_0)                          0.00       1.05 f
  core4_5/io_b_3[5] (core4_1)                             0.00       1.05 f
  core4_5/evalB/io_in_3[5] (Eval_9_1)                     0.00       1.05 f
  core4_5/evalB/U8/ZN (CKND0BWP40P140)                    0.02       1.07 r
  core4_5/evalB/U36/ZN (CKND1BWP40P140)                   0.09       1.16 f
  core4_5/evalB/DP_OP_55J6_124_5186/I3[5] (Eval_9_1_DP_OP_55J6_124_5186_J6_0_0)
                                                          0.00       1.16 f
  core4_5/evalB/DP_OP_55J6_124_5186/U138/S (FA1D0BWP40P140)
                                                          0.17       1.33 r
  core4_5/evalB/DP_OP_55J6_124_5186/U158/ZN (CKND0BWP40P140)
                                                          0.03       1.36 f
  core4_5/evalB/DP_OP_55J6_124_5186/U157/S (FA1D0BWP40P140)
                                                          0.21       1.57 r
  core4_5/evalB/DP_OP_55J6_124_5186/O2[5] (Eval_9_1_DP_OP_55J6_124_5186_J6_0_0)
                                                          0.00       1.57 r
  core4_5/evalB/io_out_5[5] (Eval_9_1)                    0.00       1.57 r
  core4_5/mult_x_6/b[5] (core4_1_DW_mult_tc_J10_1_0)      0.00       1.57 r
  core4_5/mult_x_6/U1173/ZN (CKND0BWP40P140)              0.19       1.76 f
  core4_5/mult_x_6/U1046/ZN (AOI22D0BWP40P140)            0.33       2.09 r
  core4_5/mult_x_6/U930/ZN (AOI221D0BWP40P140LVT)         0.18       2.26 f
  core4_5/mult_x_6/U1651/Z (AO22D0BWP40P140)              0.14       2.40 f
  core4_5/mult_x_6/U1051/S (FA1D0BWP40P140)               0.12       2.52 r
  core4_5/mult_x_6/U1113/S (FA1D0BWP40P140)               0.09       2.62 r
  core4_5/mult_x_6/U1146/CO (FA1D0BWP40P140)              0.08       2.69 r
  core4_5/mult_x_6/U1147/CO (FA1D0BWP40P140)              0.07       2.77 r
  core4_5/mult_x_6/U1148/CO (FA1D0BWP40P140)              0.07       2.84 r
  core4_5/mult_x_6/U1149/CO (FA1D0BWP40P140)              0.07       2.92 r
  core4_5/mult_x_6/U1150/CO (FA1D0BWP40P140)              0.07       2.99 r
  core4_5/mult_x_6/U1151/CO (FA1D0BWP40P140)              0.07       3.06 r
  core4_5/mult_x_6/U1152/CO (FA1D0BWP40P140)              0.07       3.14 r
  core4_5/mult_x_6/U1153/CO (FA1D0BWP40P140)              0.07       3.21 r
  core4_5/mult_x_6/U1154/CO (FA1D0BWP40P140)              0.07       3.29 r
  core4_5/mult_x_6/U1155/CO (FA1D0BWP40P140)              0.07       3.36 r
  core4_5/mult_x_6/U1156/CO (FA1D0BWP40P140)              0.07       3.43 r
  core4_5/mult_x_6/U1157/CO (FA1D0BWP40P140)              0.07       3.51 r
  core4_5/mult_x_6/U1158/CO (FA1D0BWP40P140)              0.07       3.58 r
  core4_5/mult_x_6/U1141/CO (FA1D0BWP40P140)              0.07       3.66 r
  core4_5/mult_x_6/U1159/CO (FA1D0BWP40P140)              0.07       3.73 r
  core4_5/mult_x_6/U1160/CO (FA1D0BWP40P140)              0.07       3.80 r
  core4_5/mult_x_6/U1161/CO (FA1D0BWP40P140)              0.07       3.88 r
  core4_5/mult_x_6/U1162/CO (FA1D0BWP40P140)              0.07       3.95 r
  core4_5/mult_x_6/U1163/CO (FA1D0BWP40P140)              0.07       4.03 r
  core4_5/mult_x_6/U1164/CO (FA1D0BWP40P140)              0.07       4.10 r
  core4_5/mult_x_6/U1165/CO (FA1D0BWP40P140)              0.07       4.17 r
  core4_5/mult_x_6/U1166/CO (FA1D0BWP40P140)              0.07       4.25 r
  core4_5/mult_x_6/U1167/CO (FA1D0BWP40P140)              0.07       4.32 r
  core4_5/mult_x_6/U1168/CO (FA1D0BWP40P140)              0.07       4.40 r
  core4_5/mult_x_6/U1169/CO (FA1D0BWP40P140)              0.07       4.47 r
  core4_5/mult_x_6/U1170/CO (FA1D0BWP40P140)              0.07       4.54 r
  core4_5/mult_x_6/U1105/Z (XOR4D1BWP40P140)              0.10       4.63 f
  core4_5/mult_x_6/U1139/Z (XOR4D1BWP40P140)              0.10       4.73 r
  core4_5/mult_x_6/U1269/Z (XOR4D0BWP40P140)              0.12       4.86 f
  core4_5/mult_x_6/U913/Z (XOR4D0BWP40P140)               0.10       4.95 r
  core4_5/mult_x_6/product[33] (core4_1_DW_mult_tc_J10_1_0)
                                                          0.00       4.95 r
  core4_5/s_w_5_reg_33_/D (DFKCNQD1BWP40P140)             0.00       4.95 r
  data arrival time                                                  4.95

  clock clk (rise edge)                                   5.00       5.00
  clock network delay (ideal)                             0.00       5.00
  core4_5/s_w_5_reg_33_/CP (DFKCNQD1BWP40P140)            0.00       5.00 r
  library setup time                                     -0.04       4.96
  data required time                                                 4.96
  --------------------------------------------------------------------------
  data required time                                                 4.96
  data arrival time                                                 -4.95
  --------------------------------------------------------------------------
  slack (MET)                                                        0.00


  Startpoint: io_b_3[0] (input port clocked by clk)
  Endpoint: core4_1/s_w_3_reg_33_
            (rising edge-triggered flip-flop clocked by clk)
  Path Group: clk
  Path Type: max

  Des/Clust/Port     Wire Load Model       Library
  ------------------------------------------------
  core16_a28_b10_c28 ZeroWireload          tcbn28hpcplusbwp40p140hvtssg0p81vm40c_ccs
  Eval_1_0_DP_OP_52J6_125_4583_J6_0_3
                     ZeroWireload          tcbn28hpcplusbwp40p140hvtssg0p81vm40c_ccs
  Eval_1_0_DP_OP_53J6_126_8511_J6_0_3
                     ZeroWireload          tcbn28hpcplusbwp40p140hvtssg0p81vm40c_ccs
  Eval_1_0_DP_OP_54J6_127_5286_J6_0_3
                     ZeroWireload          tcbn28hpcplusbwp40p140hvtssg0p81vm40c_ccs
  Eval_9_5_DP_OP_56J13_124_4421_J13_0
                     ZeroWireload          tcbn28hpcplusbwp40p140hvtssg0p81vm40c_ccs
  Eval_9_5_DP_OP_55J13_123_5659_J13_0
                     ZeroWireload          tcbn28hpcplusbwp40p140hvtssg0p81vm40c_ccs
  Eval_9_5_DP_OP_54J13_122_7920_J13_0
                     ZeroWireload          tcbn28hpcplusbwp40p140hvtssg0p81vm40c_ccs
  core4_5_DW_mult_uns_J12_0
                     ZeroWireload          tcbn28hpcplusbwp40p140hvtssg0p81vm40c_ccs
  core4_5_DW_mult_tc_J12_2
                     ZeroWireload          tcbn28hpcplusbwp40p140hvtssg0p81vm40c_ccs

  Point                                                   Incr       Path
  --------------------------------------------------------------------------
  clock clk (rise edge)                                   0.00       0.00
  clock network delay (ideal)                             0.00       0.00
  input external delay                                    0.50       0.50 f
  io_b_3[0] (in)                                          0.00       0.50 f
  evalB/io_in_3[0] (Eval_1_3)                             0.00       0.50 f
  evalB/U34/ZN (CKND0BWP40P140)                           0.01       0.51 r
  evalB/U31/ZN (CKND0BWP40P140)                           0.03       0.54 f
  evalB/DP_OP_52J6_125_4583/I2[1] (Eval_1_0_DP_OP_52J6_125_4583_J6_0_3)
                                                          0.00       0.54 f
  evalB/DP_OP_52J6_125_4583/U50/CO (HA1D0BWP40P140)       0.05       0.59 f
  evalB/DP_OP_52J6_125_4583/U52/CO (FA1D0BWP40P140)       0.07       0.66 f
  evalB/DP_OP_52J6_125_4583/U58/S (FA1D0BWP40P140)        0.12       0.78 r
  evalB/DP_OP_52J6_125_4583/U65/CO (FA1D0BWP40P140)       0.08       0.85 r
  evalB/DP_OP_52J6_125_4583/U60/CO (FA1D0BWP40P140)       0.07       0.93 r
  evalB/DP_OP_52J6_125_4583/U64/S (FA1D0BWP40P140)        0.11       1.04 f
  evalB/DP_OP_52J6_125_4583/U71/CO (FA1D0BWP40P140)       0.08       1.12 f
  evalB/DP_OP_52J6_125_4583/U70/S (FA1D0BWP40P140)        0.11       1.23 r
  evalB/DP_OP_52J6_125_4583/O1[8] (Eval_1_0_DP_OP_52J6_125_4583_J6_0_3)
                                                          0.00       1.23 r
  evalB/io_out_1[8] (Eval_1_3)                            0.00       1.23 r
  core4_1/io_b_0[8] (core4_5)                             0.00       1.23 r
  core4_1/evalB/io_in_0[8] (Eval_9_5)                     0.00       1.23 r
  core4_1/evalB/U8/ZN (CKND0BWP40P140)                    0.02       1.24 f
  core4_1/evalB/U6/ZN (INVD0P7BWP40P140)                  0.11       1.35 r
  core4_1/evalB/DP_OP_55J13_123_5659/I2[8] (Eval_9_5_DP_OP_55J13_123_5659_J13_0)
                                                          0.00       1.35 r
  core4_1/evalB/DP_OP_55J13_123_5659/U103/CO (FA1D0BWP40P140)
                                                          0.12       1.48 r
  core4_1/evalB/DP_OP_55J13_123_5659/U129/S (FA1D0BWP40P140)
                                                          0.13       1.60 f
  core4_1/evalB/DP_OP_55J13_123_5659/U140/S (FA1D0BWP40P140)
                                                          0.22       1.82 r
  core4_1/evalB/DP_OP_55J13_123_5659/O2[9] (Eval_9_5_DP_OP_55J13_123_5659_J13_0)
                                                          0.00       1.82 r
  core4_1/evalB/io_out_3[9] (Eval_9_5)                    0.00       1.82 r
  core4_1/mult_x_4/b[9] (core4_5_DW_mult_tc_J12_2)        0.00       1.82 r
  core4_1/mult_x_4/U1134/ZN (CKND0BWP40P140)              0.16       1.98 f
  core4_1/mult_x_4/U1064/ZN (AOI22D0BWP40P140)            0.13       2.11 r
  core4_1/mult_x_4/U1003/ZN (CKND0BWP40P140)              0.12       2.23 f
  core4_1/mult_x_4/U921/ZN (AOI221D0BWP40P140)            0.26       2.49 r
  core4_1/mult_x_4/U1616/Z (AO22D0BWP40P140)              0.12       2.62 r
  core4_1/mult_x_4/U953/S (FA1D0BWP40P140)                0.09       2.71 r
  core4_1/mult_x_4/U1021/S (FA1D0BWP40P140)               0.11       2.82 f
  core4_1/mult_x_4/U1074/S (FA1D0BWP40P140)               0.12       2.94 r
  core4_1/mult_x_4/U1109/CO (FA1D0BWP40P140)              0.08       3.01 r
  core4_1/mult_x_4/U1110/CO (FA1D0BWP40P140)              0.07       3.09 r
  core4_1/mult_x_4/U1098/CO (FA1D0BWP40P140)              0.07       3.16 r
  core4_1/mult_x_4/U1111/CO (FA1D0BWP40P140)              0.07       3.24 r
  core4_1/mult_x_4/U1112/CO (FA1D0BWP40P140)              0.07       3.31 r
  core4_1/mult_x_4/U1113/CO (FA1D0BWP40P140)              0.07       3.38 r
  core4_1/mult_x_4/U1114/CO (FA1D0BWP40P140)              0.07       3.46 r
  core4_1/mult_x_4/U1115/CO (FA1D0BWP40P140)              0.07       3.53 r
  core4_1/mult_x_4/U1116/CO (FA1D0BWP40P140)              0.07       3.61 r
  core4_1/mult_x_4/U1117/CO (FA1D0BWP40P140)              0.07       3.68 r
  core4_1/mult_x_4/U1118/CO (FA1D0BWP40P140)              0.07       3.75 r
  core4_1/mult_x_4/U1119/CO (FA1D0BWP40P140)              0.07       3.83 r
  core4_1/mult_x_4/U1120/CO (FA1D0BWP40P140)              0.07       3.90 r
  core4_1/mult_x_4/U1121/CO (FA1D0BWP40P140)              0.07       3.98 r
  core4_1/mult_x_4/U1122/CO (FA1D0BWP40P140)              0.07       4.05 r
  core4_1/mult_x_4/U1123/CO (FA1D0BWP40P140)              0.07       4.12 r
  core4_1/mult_x_4/U1124/CO (FA1D0BWP40P140)              0.07       4.20 r
  core4_1/mult_x_4/U1099/CO (FA1D0BWP40P140)              0.07       4.27 r
  core4_1/mult_x_4/U1125/CO (FA1D0BWP40P140)              0.07       4.35 r
  core4_1/mult_x_4/U1126/CO (FA1D0BWP40P140)              0.07       4.42 r
  core4_1/mult_x_4/U1127/CO (FA1D0BWP40P140)              0.07       4.49 r
  core4_1/mult_x_4/U1128/CO (FA1D0BWP40P140)              0.07       4.56 r
  core4_1/mult_x_4/U1065/Z (XOR4D0BWP40P140)              0.11       4.68 r
  core4_1/mult_x_4/U1097/Z (XOR4D0BWP40P140)              0.12       4.79 f
  core4_1/mult_x_4/U1096/Z (XOR2UD0BWP40P140)             0.05       4.85 f
  core4_1/mult_x_4/U1129/Z (XOR4D0BWP40P140)              0.11       4.95 r
  core4_1/mult_x_4/product[33] (core4_5_DW_mult_tc_J12_2)
                                                          0.00       4.95 r
  core4_1/s_w_3_reg_33_/D (DFKCNQD1BWP40P140)             0.00       4.95 r
  data arrival time                                                  4.95

  clock clk (rise edge)                                   5.00       5.00
  clock network delay (ideal)                             0.00       5.00
  core4_1/s_w_3_reg_33_/CP (DFKCNQD1BWP40P140)            0.00       5.00 r
  library setup time                                     -0.04       4.96
  data required time                                                 4.96
  --------------------------------------------------------------------------
  data required time                                                 4.96
  data arrival time                                                 -4.95
  --------------------------------------------------------------------------
  slack (MET)                                                        0.00


1
