Information: Updating design information... (UID-85)
Warning: Design 'core16_a32_b10_c32' contains 1 high-fanout nets. A fanout number of 1000 will be used for delay calculations involving these nets. (TIM-134)
 
****************************************
Report : qor
Design : core16_a32_b10_c32
Version: O-2018.06-SP5
Date   : Tue May 12 15:38:31 2026
****************************************


  Timing Path Group 'clk'
  -----------------------------------
  Levels of Logic:              50.00
  Critical Path Length:          4.46
  Critical Path Slack:           0.00
  Critical Path Clk Period:      5.00
  Total Negative Slack:          0.00
  No. of Violating Paths:        0.00
  Worst Hold Violation:          0.00
  Total Hold Violation:          0.00
  No. of Hold Violations:        0.00
  -----------------------------------


  Cell Count
  -----------------------------------
  Hierarchical Cell Count:        168
  Hierarchical Port Count:      39612
  Leaf Cell Count:              68945
  Buf/Inv Cell Count:            9485
  Buf Cell Count:                1117
  Inv Cell Count:                8368
  CT Buf/Inv Cell Count:            0
  Combinational Cell Count:     64640
  Sequential Cell Count:         4305
  Macro Count:                      0
  -----------------------------------


  Area
  -----------------------------------
  Combinational Area:    80599.300735
  Noncombinational Area:  8671.950137
  Buf/Inv Area:           2533.104024
  Total Buffer Area:           422.23
  Total Inverter Area:        2110.88
  Macro/Black Box Area:      0.000000
  Net Area:                  0.000000
  -----------------------------------
  Cell Area:             89271.250872
  Design Area:           89271.250872


  Design Rules
  -----------------------------------
  Total Number of Nets:         97616
  Nets With Violations:             0
  Max Trans Violations:             0
  Max Cap Violations:               0
  -----------------------------------


  Hostname: inspur19

  Compile CPU Statistics
  -----------------------------------------
  Resource Sharing:                    0.00
  Logic Optimization:                  0.00
  Mapping Optimization:                0.00
  -----------------------------------------
  Overall Compile Time:              234.08
  Overall Compile Wall Clock Time:   419.34

  --------------------------------------------------------------------

  Design  WNS: 0.00  TNS: 0.00  Number of Violating Paths: 0


  Design (Hold)  WNS: 0.00  TNS: 0.00  Number of Violating Paths: 0

  --------------------------------------------------------------------


1
