Information: Updating design information... (UID-85)
Warning: Design 'core16_a36_b16_c36' contains 2 high-fanout nets. A fanout number of 1000 will be used for delay calculations involving these nets. (TIM-134)
 
****************************************
Report : qor
Design : core16_a36_b16_c36
Version: O-2018.06-SP5
Date   : Tue May 12 18:15:21 2026
****************************************


  Timing Path Group 'clk'
  -----------------------------------
  Levels of Logic:              68.00
  Critical Path Length:          4.47
  Critical Path Slack:           0.00
  Critical Path Clk Period:      5.00
  Total Negative Slack:          0.00
  No. of Violating Paths:        0.00
  Worst Hold Violation:          0.00
  Total Hold Violation:          0.00
  No. of Hold Violations:        0.00
  -----------------------------------


  Cell Count
  -----------------------------------
  Hierarchical Cell Count:        168
  Hierarchical Port Count:      45824
  Leaf Cell Count:              85801
  Buf/Inv Cell Count:            9190
  Buf Cell Count:                1307
  Inv Cell Count:                7883
  CT Buf/Inv Cell Count:            0
  Combinational Cell Count:     81012
  Sequential Cell Count:         4789
  Macro Count:                      0
  -----------------------------------


  Area
  -----------------------------------
  Combinational Area:   102008.464395
  Noncombinational Area:  9647.568153
  Buf/Inv Area:           2490.012020
  Total Buffer Area:           494.17
  Total Inverter Area:        1995.84
  Macro/Black Box Area:      0.000000
  Net Area:                  0.000000
  -----------------------------------
  Cell Area:            111656.032547
  Design Area:          111656.032547


  Design Rules
  -----------------------------------
  Total Number of Nets:        120593
  Nets With Violations:             0
  Max Trans Violations:             0
  Max Cap Violations:               0
  -----------------------------------


  Hostname: inspur19

  Compile CPU Statistics
  -----------------------------------------
  Resource Sharing:                    0.00
  Logic Optimization:                  0.00
  Mapping Optimization:                0.00
  -----------------------------------------
  Overall Compile Time:              235.98
  Overall Compile Wall Clock Time:   429.73

  --------------------------------------------------------------------

  Design  WNS: 0.00  TNS: 0.00  Number of Violating Paths: 0


  Design (Hold)  WNS: 0.00  TNS: 0.00  Number of Violating Paths: 0

  --------------------------------------------------------------------


1
