 
****************************************
Report : timing
        -path full
        -delay max
        -nets
        -max_paths 1
        -transition_time
Design : core64_a32_b16_c32
Version: O-2018.06-SP5
Date   : Wed May 13 04:44:49 2026
****************************************

 # A fanout number of 1000 was used for high fanout net computations.

Operating Conditions: ssg0p81vm40c   Library: tcbn28hpcplusbwp40p140hvtssg0p81vm40c_ccs
Wire Load Model Mode: segmented

  Startpoint: io_a_3[0] (input port clocked by clk)
  Endpoint: core16_1/core4_2/s_w_2_reg_40_
            (rising edge-triggered flip-flop clocked by clk)
  Path Group: clk
  Path Type: max

  Des/Clust/Port     Wire Load Model       Library
  ------------------------------------------------
  core64_a32_b16_c32 ZeroWireload          tcbn28hpcplusbwp40p140hvtssg0p81vm40c_ccs
  Eval_0_DP_OP_52J19_122_1625_J19_0_15 ZeroWireload tcbn28hpcplusbwp40p140hvtssg0p81vm40c_ccs
  Eval_0_DP_OP_53J19_123_9524_J19_0_15 ZeroWireload tcbn28hpcplusbwp40p140hvtssg0p81vm40c_ccs
  Eval_0_DP_OP_54J19_124_6299_J19_0_15 ZeroWireload tcbn28hpcplusbwp40p140hvtssg0p81vm40c_ccs
  Eval_32_69_DP_OP_54J27_126_7052_J27_0_3 ZeroWireload tcbn28hpcplusbwp40p140hvtssg0p81vm40c_ccs
  Eval_32_69_DP_OP_55J27_127_5900_J27_0_3 ZeroWireload tcbn28hpcplusbwp40p140hvtssg0p81vm40c_ccs
  Eval_32_69_DP_OP_56J27_128_8178_J27_0_3 ZeroWireload tcbn28hpcplusbwp40p140hvtssg0p81vm40c_ccs
  Eval_32_1_DP_OP_55J27_125_1337_J27_0_28 ZeroWireload tcbn28hpcplusbwp40p140hvtssg0p81vm40c_ccs
  Eval_32_1_DP_OP_54J27_124_1586_J27_0_28 ZeroWireload tcbn28hpcplusbwp40p140hvtssg0p81vm40c_ccs
  Eval_32_1_DP_OP_53J27_123_9060_J27_0_28 ZeroWireload tcbn28hpcplusbwp40p140hvtssg0p81vm40c_ccs
  core4_1_DW_mult_tc_J21_4_19 ZeroWireload tcbn28hpcplusbwp40p140hvtssg0p81vm40c_ccs

Attributes:
    d - dont_touch
    u - dont_use
   mo - map_only
   so - size_only
    i - ideal_net or ideal_network
  inf - infeasible path

  Point                                       Fanout     Trans      Incr       Path      Attributes
  ---------------------------------------------------------------------------------------------------------
  clock clk (rise edge)                                             0.00       0.00
  clock network delay (ideal)                                       0.00       0.00
  input external delay                                              0.50       0.50 f
  io_a_3[0] (in)                                          0.00      0.00       0.50 f
  io_a_3[0] (net)                               1                   0.00       0.50 f
  evalA/io_in_3[0] (Eval_16)                                        0.00       0.50 f
  evalA/io_in_3[0] (net)                                            0.00       0.50 f
  evalA/U72/ZN (CKND0BWP40P140)                           0.01      0.01       0.51 r
  evalA/n2 (net)                                1                   0.00       0.51 r
  evalA/U12/ZN (INVD1BWP40P140LVT)                        0.03      0.02       0.53 f
  evalA/io_out_0[0] (net)                       4                   0.00       0.53 f
  evalA/DP_OP_52J19_122_1625/I2[1] (Eval_0_DP_OP_52J19_122_1625_J19_0_15)     0.00     0.53 f
  evalA/DP_OP_52J19_122_1625/I2[1] (net)                            0.00       0.53 f
  evalA/DP_OP_52J19_122_1625/U144/CO (HA1D1BWP40P140)     0.01      0.03       0.56 f
  evalA/DP_OP_52J19_122_1625/n362 (net)         1                   0.00       0.56 f
  evalA/DP_OP_52J19_122_1625/U145/CO (FA1D0BWP40P140)     0.03      0.06       0.63 f
  evalA/DP_OP_52J19_122_1625/n361 (net)         1                   0.00       0.63 f
  evalA/DP_OP_52J19_122_1625/U147/S (FA1D0BWP40P140)      0.04      0.12       0.75 r
  evalA/DP_OP_52J19_122_1625/n410 (net)         1                   0.00       0.75 r
  evalA/DP_OP_52J19_122_1625/U157/CO (FA1D0BWP40P140)     0.03      0.08       0.82 r
  evalA/DP_OP_52J19_122_1625/n403 (net)         1                   0.00       0.82 r
  evalA/DP_OP_52J19_122_1625/U156/S (FA1D0BWP40P140)      0.03      0.11       0.94 f
  evalA/DP_OP_52J19_122_1625/n498 (net)         1                   0.00       0.94 f
  evalA/DP_OP_52J19_122_1625/U181/CO (FA1D0BWP40P140)     0.03      0.08       1.01 f
  evalA/DP_OP_52J19_122_1625/n495 (net)         1                   0.00       1.01 f
  evalA/DP_OP_52J19_122_1625/U183/S (FA1D0BWP40P140)      0.02      0.11       1.12 r
  evalA/DP_OP_52J19_122_1625/O1[7] (net)        1                   0.00       1.12 r
  evalA/DP_OP_52J19_122_1625/O1[7] (Eval_0_DP_OP_52J19_122_1625_J19_0_15)     0.00     1.12 r
  evalA/io_out_1[7] (net)                                           0.00       1.12 r
  evalA/io_out_1[7] (Eval_16)                                       0.00       1.12 r
  evalA_io_out_1[7] (net)                                           0.00       1.12 r
  core16_1/io_a_0[7] (core16_5)                                     0.00       1.12 r
  core16_1/io_a_0[7] (net)                                          0.00       1.12 r
  core16_1/evalA/io_in_0[7] (Eval_32_72)                            0.00       1.12 r
  core16_1/evalA/io_in_0[7] (net)                                   0.00       1.12 r
  core16_1/evalA/U96/ZN (CKND0BWP40P140)                  0.01      0.02       1.14 f
  core16_1/evalA/n43 (net)                      1                   0.00       1.14 f
  core16_1/evalA/U97/ZN (CKND0BWP40P140)                  0.08      0.05       1.19 r
  core16_1/evalA/io_out_6[7] (net)              4                   0.00       1.19 r
  core16_1/evalA/DP_OP_55J27_127_5900/I2[7] (Eval_32_69_DP_OP_55J27_127_5900_J27_0_3)     0.00     1.19 r
  core16_1/evalA/DP_OP_55J27_127_5900/I2[7] (net)                   0.00       1.19 r
  core16_1/evalA/DP_OP_55J27_127_5900/U219/CO (FA1D0BWP40P140)     0.03     0.09     1.28 r
  core16_1/evalA/DP_OP_55J27_127_5900/n567 (net)     1              0.00       1.28 r
  core16_1/evalA/DP_OP_55J27_127_5900/U221/S (FA1D0BWP40P140)     0.05     0.13     1.41 f
  core16_1/evalA/DP_OP_55J27_127_5900/n754 (net)     2              0.00       1.41 f
  core16_1/evalA/DP_OP_55J27_127_5900/U321/S (FA1D0BWP40P140)     0.08     0.16     1.57 r
  core16_1/evalA/DP_OP_55J27_127_5900/O1[8] (net)     4             0.00       1.57 r
  core16_1/evalA/DP_OP_55J27_127_5900/O1[8] (Eval_32_69_DP_OP_55J27_127_5900_J27_0_3)     0.00     1.57 r
  core16_1/evalA/io_out_2[8] (net)                                  0.00       1.57 r
  core16_1/evalA/io_out_2[8] (Eval_32_72)                           0.00       1.57 r
  core16_1/evalA_io_out_2[8] (net)                                  0.00       1.57 r
  core16_1/core4_2/io_a_0[8] (core4_39)                             0.00       1.57 r
  core16_1/core4_2/io_a_0[8] (net)                                  0.00       1.57 r
  core16_1/core4_2/evalA/io_in_0[8] (Eval_32_39)                    0.00       1.57 r
  core16_1/core4_2/evalA/io_in_0[8] (net)                           0.00       1.57 r
  core16_1/core4_2/evalA/DP_OP_54J27_124_1586/I1[8] (Eval_32_1_DP_OP_54J27_124_1586_J27_0_28)     0.00     1.57 r
  core16_1/core4_2/evalA/DP_OP_54J27_124_1586/I1[8] (net)           0.00       1.57 r
  core16_1/core4_2/evalA/DP_OP_54J27_124_1586/U228/CO (FA1D0BWP40P140)     0.03     0.09     1.66 r
  core16_1/core4_2/evalA/DP_OP_54J27_124_1586/n594 (net)     1      0.00       1.66 r
  core16_1/core4_2/evalA/DP_OP_54J27_124_1586/U232/S (FA1D0BWP40P140)     0.05     0.13     1.78 f
  core16_1/core4_2/evalA/DP_OP_54J27_124_1586/n771 (net)     2      0.00       1.78 f
  core16_1/core4_2/evalA/DP_OP_54J27_124_1586/U342/S (FA1D0BWP40P140)     0.15     0.20     1.98 r
  core16_1/core4_2/evalA/DP_OP_54J27_124_1586/O1[9] (net)    18     0.00       1.98 r
  core16_1/core4_2/evalA/DP_OP_54J27_124_1586/O1[9] (Eval_32_1_DP_OP_54J27_124_1586_J27_0_28)     0.00     1.98 r
  core16_1/core4_2/evalA/io_out_2[9] (net)                          0.00       1.98 r
  core16_1/core4_2/evalA/io_out_2[9] (Eval_32_39)                   0.00       1.98 r
  core16_1/core4_2/evalA_io_out_2[9] (net)                          0.00       1.98 r
  core16_1/core4_2/mult_x_3/a[9] (core4_1_DW_mult_tc_J21_4_19)      0.00       1.98 r
  core16_1/core4_2/mult_x_3/a[9] (net)                              0.00       1.98 r
  core16_1/core4_2/mult_x_3/U1730/CO (FA1D0BWP40P140)     0.03      0.11       2.10 r
  core16_1/core4_2/mult_x_3/n1938 (net)         1                   0.00       2.10 r
  core16_1/core4_2/mult_x_3/U1717/CO (FA1D0BWP40P140)     0.03      0.07       2.17 r
  core16_1/core4_2/mult_x_3/n1934 (net)         1                   0.00       2.17 r
  core16_1/core4_2/mult_x_3/U1731/CO (FA1D0BWP40P140)     0.03      0.07       2.25 r
  core16_1/core4_2/mult_x_3/n1929 (net)         1                   0.00       2.25 r
  core16_1/core4_2/mult_x_3/U1732/CO (FA1D0BWP40P140)     0.03      0.07       2.32 r
  core16_1/core4_2/mult_x_3/n1923 (net)         1                   0.00       2.32 r
  core16_1/core4_2/mult_x_3/U1734/CO (FA1D0BWP40P140)     0.03      0.07       2.40 r
  core16_1/core4_2/mult_x_3/n1917 (net)         1                   0.00       2.40 r
  core16_1/core4_2/mult_x_3/U1735/CO (FA1D0BWP40P140)     0.03      0.07       2.47 r
  core16_1/core4_2/mult_x_3/n1931 (net)         1                   0.00       2.47 r
  core16_1/core4_2/mult_x_3/U1736/CO (FA1D0BWP40P140)     0.03      0.07       2.55 r
  core16_1/core4_2/mult_x_3/n1925 (net)         1                   0.00       2.55 r
  core16_1/core4_2/mult_x_3/U1738/CO (FA1D0BWP40P140)     0.03      0.07       2.62 r
  core16_1/core4_2/mult_x_3/n1983 (net)         1                   0.00       2.62 r
  core16_1/core4_2/mult_x_3/U1739/CO (FA1D0BWP40P140)     0.03      0.07       2.70 r
  core16_1/core4_2/mult_x_3/n1999 (net)         1                   0.00       2.70 r
  core16_1/core4_2/mult_x_3/U1740/CO (FA1D0BWP40P140)     0.03      0.07       2.77 r
  core16_1/core4_2/mult_x_3/n1992 (net)         1                   0.00       2.77 r
  core16_1/core4_2/mult_x_3/U1742/CO (FA1D0BWP40P140)     0.03      0.07       2.84 r
  core16_1/core4_2/mult_x_3/n2078 (net)         1                   0.00       2.84 r
  core16_1/core4_2/mult_x_3/U1743/CO (FA1D0BWP40P140)     0.03      0.07       2.92 r
  core16_1/core4_2/mult_x_3/n2093 (net)         1                   0.00       2.92 r
  core16_1/core4_2/mult_x_3/U1744/CO (FA1D0BWP40P140)     0.03      0.07       2.99 r
  core16_1/core4_2/mult_x_3/n2087 (net)         1                   0.00       2.99 r
  core16_1/core4_2/mult_x_3/U1745/CO (FA1D0BWP40P140)     0.03      0.07       3.07 r
  core16_1/core4_2/mult_x_3/n2187 (net)         1                   0.00       3.07 r
  core16_1/core4_2/mult_x_3/U1746/CO (FA1D0BWP40P140)     0.03      0.07       3.14 r
  core16_1/core4_2/mult_x_3/n2201 (net)         1                   0.00       3.14 r
  core16_1/core4_2/mult_x_3/U1747/CO (FA1D0BWP40P140)     0.03      0.07       3.22 r
  core16_1/core4_2/mult_x_3/n2195 (net)         1                   0.00       3.22 r
  core16_1/core4_2/mult_x_3/U1719/CO (FA1D0BWP40P140)     0.03      0.07       3.29 r
  core16_1/core4_2/mult_x_3/n2331 (net)         1                   0.00       3.29 r
  core16_1/core4_2/mult_x_3/U1748/CO (FA1D0BWP40P140)     0.03      0.07       3.37 r
  core16_1/core4_2/mult_x_3/n2346 (net)         1                   0.00       3.37 r
  core16_1/core4_2/mult_x_3/U1749/CO (FA1D0BWP40P140)     0.03      0.07       3.44 r
  core16_1/core4_2/mult_x_3/n2340 (net)         1                   0.00       3.44 r
  core16_1/core4_2/mult_x_3/U1751/CO (FA1D0BWP40P140)     0.03      0.07       3.52 r
  core16_1/core4_2/mult_x_3/n2471 (net)         1                   0.00       3.52 r
  core16_1/core4_2/mult_x_3/U1752/CO (FA1D0BWP40P140)     0.03      0.07       3.59 r
  core16_1/core4_2/mult_x_3/n2486 (net)         1                   0.00       3.59 r
  core16_1/core4_2/mult_x_3/U1753/CO (FA1D0BWP40P140)     0.03      0.07       3.66 r
  core16_1/core4_2/mult_x_3/n2480 (net)         1                   0.00       3.66 r
  core16_1/core4_2/mult_x_3/U1755/CO (FA1D0BWP40P140)     0.03      0.07       3.74 r
  core16_1/core4_2/mult_x_3/n2625 (net)         1                   0.00       3.74 r
  core16_1/core4_2/mult_x_3/U1756/CO (FA1D0BWP40P140)     0.03      0.07       3.81 r
  core16_1/core4_2/mult_x_3/n2640 (net)         1                   0.00       3.81 r
  core16_1/core4_2/mult_x_3/U1757/CO (FA1D0BWP40P140)     0.03      0.07       3.89 r
  core16_1/core4_2/mult_x_3/n2634 (net)         1                   0.00       3.89 r
  core16_1/core4_2/mult_x_3/U1758/CO (FA1D0BWP40P140)     0.03      0.07       3.96 r
  core16_1/core4_2/mult_x_3/n2794 (net)         1                   0.00       3.96 r
  core16_1/core4_2/mult_x_3/U1759/CO (FA1D0BWP40P140)     0.03      0.07       4.04 r
  core16_1/core4_2/mult_x_3/n2809 (net)         1                   0.00       4.04 r
  core16_1/core4_2/mult_x_3/U1760/CO (FA1D0BWP40P140)     0.03      0.07       4.11 r
  core16_1/core4_2/mult_x_3/n2803 (net)         1                   0.00       4.11 r
  core16_1/core4_2/mult_x_3/U1761/CO (FA1D0BWP40P140)     0.03      0.07       4.19 r
  core16_1/core4_2/mult_x_3/n3161 (net)         1                   0.00       4.19 r
  core16_1/core4_2/mult_x_3/U1762/CO (FA1D0BWP40P140)     0.03      0.07       4.26 r
  core16_1/core4_2/mult_x_3/n3235 (net)         1                   0.00       4.26 r
  core16_1/core4_2/mult_x_3/U1763/CO (FA1D0BWP40P140)     0.02      0.07       4.33 r
  core16_1/core4_2/mult_x_3/n3236 (net)         1                   0.00       4.33 r
  core16_1/core4_2/mult_x_3/U1580/Z (XOR3UD1BWP40P140)     0.03     0.05       4.37 r
  core16_1/core4_2/mult_x_3/n3238 (net)         1                   0.00       4.37 r
  core16_1/core4_2/mult_x_3/U2683/Z (AO22D0BWP40P140)     0.02      0.05       4.42 r
  core16_1/core4_2/mult_x_3/n3240 (net)         1                   0.00       4.42 r
  core16_1/core4_2/mult_x_3/U2684/ZN (AOI221D0BWP40P140)     0.12     0.02     4.45 f
  core16_1/core4_2/mult_x_3/n3261 (net)         1                   0.00       4.45 f
  core16_1/core4_2/mult_x_3/U2690/Z (XOR3UD0BWP40P140)     0.04     0.14       4.59 f
  core16_1/core4_2/mult_x_3/n3273 (net)         2                   0.00       4.59 f
  core16_1/core4_2/mult_x_3/U2693/ZN (OAI21D0BWP40P140HVT)     0.04     0.04     4.63 r
  core16_1/core4_2/mult_x_3/n3270 (net)         1                   0.00       4.63 r
  core16_1/core4_2/mult_x_3/U2694/ZN (OAI31D0BWP40P140LVT)     0.04     0.04     4.66 f
  core16_1/core4_2/mult_x_3/n3281 (net)         1                   0.00       4.66 f
  core16_1/core4_2/mult_x_3/U2697/Z (XOR2UD0BWP40P140)     0.07     0.03       4.70 r
  core16_1/core4_2/mult_x_3/n3293 (net)         2                   0.00       4.70 r
  core16_1/core4_2/mult_x_3/U2700/ZN (OAI21D0BWP40P140HVT)     0.04     0.06     4.75 f
  core16_1/core4_2/mult_x_3/n3290 (net)         1                   0.00       4.75 f
  core16_1/core4_2/mult_x_3/U2701/ZN (OAI31D0BWP40P140LVT)     0.04     0.03     4.78 r
  core16_1/core4_2/mult_x_3/n3294 (net)         1                   0.00       4.78 r
  core16_1/core4_2/mult_x_3/U1575/Z (XOR2UD1BWP40P140)     0.05     0.05       4.83 r
  core16_1/core4_2/mult_x_3/n1903 (net)         1                   0.00       4.83 r
  core16_1/core4_2/mult_x_3/U1463/ZN (XNR2UD0BWP40P140)     0.05     0.04      4.87 r
  core16_1/core4_2/mult_x_3/n1874 (net)         1                   0.00       4.87 r
  core16_1/core4_2/mult_x_3/U1462/Z (XOR2UD0BWP40P140)     0.07     0.06       4.93 r
  core16_1/core4_2/mult_x_3/n1873 (net)         1                   0.00       4.93 r
  core16_1/core4_2/mult_x_3/U1557/Z (XOR2UD1BWP40P140LVT)     0.03     0.03     4.97 r
  core16_1/core4_2/mult_x_3/product[40] (net)     1                 0.00       4.97 r
  core16_1/core4_2/mult_x_3/product[40] (core4_1_DW_mult_tc_J21_4_19)     0.00     4.97 r
  core16_1/core4_2/n_w_2_T_1[40] (net)                              0.00       4.97 r
  core16_1/core4_2/s_w_2_reg_40_/D (DFQD1BWP40P140)       0.03      0.00       4.97 r
  data arrival time                                                            4.97

  clock clk (rise edge)                                             5.00       5.00
  clock network delay (ideal)                                       0.00       5.00
  core16_1/core4_2/s_w_2_reg_40_/CP (DFQD1BWP40P140)                0.00       5.00 r
  library setup time                                               -0.03       4.97
  data required time                                                           4.97
  ---------------------------------------------------------------------------------------------------------
  data required time                                                           4.97
  data arrival time                                                           -4.97
  ---------------------------------------------------------------------------------------------------------
  slack (MET)                                                                  0.00


1
