 
****************************************
Report : area
Design : core16_a32_b12_c32
Version: O-2018.06-SP5
Date   : Tue May 12 15:57:43 2026
****************************************

Library(s) Used:

    tcbn28hpcplusbwp40p140lvtssg0p81vm40c_ccs (File: /export1/Library/TN28HPC+/STD_CELL_ext/track9_200824/TSMCHOME/digital/Front_End/timing_power_noise/CCS/tcbn28hpcplusbwp40p140lvt_180a/tcbn28hpcplusbwp40p140lvtssg0p81vm40c_ccs.db)
    tcbn28hpcplusbwp40p140ssg0p81vm40c_ccs (File: /export1/Library/TN28HPC+/STD_CELL_ext/track9_200824/TSMCHOME/digital/Front_End/timing_power_noise/CCS/tcbn28hpcplusbwp40p140_180a/tcbn28hpcplusbwp40p140ssg0p81vm40c_ccs.db)
    tcbn28hpcplusbwp40p140hvtssg0p81vm40c_ccs (File: /export1/Library/TN28HPC+/STD_CELL_ext/track9_200824/TSMCHOME/digital/Front_End/timing_power_noise/CCS/tcbn28hpcplusbwp40p140hvt_180a/tcbn28hpcplusbwp40p140hvtssg0p81vm40c_ccs.db)

Number of ports:                        41700
Number of nets:                        134153
Number of cells:                        69443
Number of combinational cells:          64492
Number of sequential cells:              4305
Number of macros/black boxes:               0
Number of buf/inv:                       7766
Number of references:                      21

Combinational area:              81805.372675
Buf/Inv area:                     2103.192017
Noncombinational area:            8671.950137
Macro/Black Box area:                0.000000
Net Interconnect area:      undefined  (Wire load has zero net area)

Total cell area:                 90477.322812
Total area:                 undefined

Area of detected synthetic parts
--------------------------------
                                                    Perc. of
  Module                Implem.  Count        Area cell area
  --------------------- -------  ----- ----------- ---------
  DP_OP_106J11_122_6007     str      3   7290.4893      8.1%
  DP_OP_106J9_122_7677      str      4  10085.5657     11.1%
  DP_OP_421J3_122_5484      str      1   8619.5938      9.5%
  DP_OP_52J10_125_9524      str      4   1138.0313      1.3%
  DP_OP_52J7_122_7082       str      4    332.6399      0.4%
  DP_OP_53J10_126_6299      str      4   1166.5073      1.3%
  DP_OP_53J7_123_1358       str      4    432.4318      0.5%
  DP_OP_53J8_122_3262       str      3    687.3296      0.8%
  DP_OP_53J9_126_3190       str      2    239.7779      0.3%
  DP_OP_54J10_127_1625      str      4    846.7195      0.9%
  DP_OP_54J10_128_120       str      1    113.2739      0.1%
  DP_OP_54J11_123_6538      str      1    222.5159      0.2%
  DP_OP_54J11_126_6859      str      1    112.5180      0.1%
  DP_OP_54J5_122_3485       str      1     83.1600      0.1%
  DP_OP_54J6_122_1710       str      1     83.1600      0.1%
  DP_OP_54J7_124_7047       str      4    460.9078      0.5%
  DP_OP_54J8_123_2021       str      3    983.9333      1.1%
  DP_OP_54J8_125_3710       str      1    211.6799      0.2%
  DP_OP_54J8_128_4538       str      1     96.0120      0.1%
  DP_OP_54J9_123_5485       str      1    211.6799      0.2%
  DP_OP_54J9_127_2985       str      2    360.6118      0.4%
  DP_OP_55J10_122_395       str      1    228.1859      0.3%
  DP_OP_55J10_129_6793      str      1    152.9639      0.2%
  DP_OP_55J11_124_9249      str      1    302.9038      0.3%
  DP_OP_55J11_127_4984      str      1    155.6099      0.2%
  DP_OP_55J5_123_3965       str      1    110.7540      0.1%
  DP_OP_55J6_123_8406       str      1    110.7539      0.1%
  DP_OP_55J8_124_534        str      3    948.1494      1.0%
  DP_OP_55J8_126_189        str      1    286.0198      0.3%
  DP_OP_55J8_129_3266       str      1    127.6379      0.1%
  DP_OP_55J9_124_5683       str      1    286.0198      0.3%
  DP_OP_55J9_128_8061       str      2    334.1518      0.4%
  DP_OP_56J10_123_4961      str      1    326.4658      0.4%
  DP_OP_56J10_130_5617      str      1    158.3819      0.2%
  DP_OP_56J11_125_8751      str      1    308.0698      0.3%
  DP_OP_56J11_128_9671      str      1    154.8539      0.2%
  DP_OP_56J5_124_9514       str      1    116.6759      0.1%
  DP_OP_56J6_124_5041       str      1    116.6759      0.1%
  DP_OP_56J8_127_7474       str      1    291.9418      0.3%
  DP_OP_56J8_130_4817       str      1    133.8119      0.1%
  DP_OP_56J9_125_1948       str      1    291.9418      0.3%
  DP_OP_57J10_124_2206      str      1    315.7558      0.3%
  DW_mult_tc            apparch     33  29742.8422     32.9%
  DW_mult_uns           apparch     16  12563.6475     13.9%
  --------------------- -------  ----- ----------- ---------
  DP_OP Subtotal:                   74  39036.2630     43.1%
  Total:                           123  81342.7527     89.9%

Subtotal of datapath(DP_OP) cell area:  39036.2630  43.1%  
Total synthetic cell area:              81342.7527  89.9%  

1
