 
****************************************
Report : timing
        -path full
        -delay max
        -max_paths 3
Design : core16_a24_b10_c24
Version: O-2018.06-SP5
Date   : Tue May 12 13:13:33 2026
****************************************

 # A fanout number of 1000 was used for high fanout net computations.

Operating Conditions: ssg0p81vm40c   Library: tcbn28hpcplusbwp40p140hvtssg0p81vm40c_ccs
Wire Load Model Mode: segmented

  Startpoint: io_b_15[0] (input port clocked by clk)
  Endpoint: core4_3/s_w_2_reg_29_
            (rising edge-triggered flip-flop clocked by clk)
  Path Group: clk
  Path Type: max

  Des/Clust/Port     Wire Load Model       Library
  ------------------------------------------------
  core16_a24_b10_c24 ZeroWireload          tcbn28hpcplusbwp40p140hvtssg0p81vm40c_ccs
  Eval_1_0_DP_OP_52J9_125_4583_J9_0_0
                     ZeroWireload          tcbn28hpcplusbwp40p140hvtssg0p81vm40c_ccs
  Eval_1_0_DP_OP_53J9_126_8511_J9_0_0
                     ZeroWireload          tcbn28hpcplusbwp40p140hvtssg0p81vm40c_ccs
  Eval_1_0_DP_OP_54J9_127_5286_J9_0_0
                     ZeroWireload          tcbn28hpcplusbwp40p140hvtssg0p81vm40c_ccs
  core4_1_DW_mult_tc_J7_6_1
                     ZeroWireload          tcbn28hpcplusbwp40p140hvtssg0p81vm40c_ccs
  Eval_9_1_DP_OP_53J8_123_4457_J8_0_1
                     ZeroWireload          tcbn28hpcplusbwp40p140hvtssg0p81vm40c_ccs
  Eval_9_1_DP_OP_54J8_124_110_J8_0_1
                     ZeroWireload          tcbn28hpcplusbwp40p140hvtssg0p81vm40c_ccs
  Eval_9_1_DP_OP_55J8_125_5186_J8_0_1
                     ZeroWireload          tcbn28hpcplusbwp40p140hvtssg0p81vm40c_ccs
  core4_1_DW_mult_tc_J7_4_1
                     ZeroWireload          tcbn28hpcplusbwp40p140hvtssg0p81vm40c_ccs

  Point                                                   Incr       Path
  --------------------------------------------------------------------------
  clock clk (rise edge)                                   0.00       0.00
  clock network delay (ideal)                             0.00       0.00
  input external delay                                    0.50       0.50 r
  io_b_15[0] (in)                                         0.00       0.50 r
  evalB_3/io_in_3[0] (Eval_1_0)                           0.00       0.50 r
  evalB_3/U27/ZN (CKND0BWP40P140)                         0.01       0.51 f
  evalB_3/U26/ZN (CKND0BWP40P140)                         0.04       0.55 r
  evalB_3/DP_OP_53J9_126_8511/I4[0] (Eval_1_0_DP_OP_53J9_126_8511_J9_0_0)
                                                          0.00       0.55 r
  evalB_3/DP_OP_53J9_126_8511/U60/CO (HA1D0BWP40P140)     0.06       0.60 r
  evalB_3/DP_OP_53J9_126_8511/U64/S (FA1D0BWP40P140)      0.11       0.71 f
  evalB_3/DP_OP_53J9_126_8511/U102/ZN (CKND0BWP40P140)
                                                          0.03       0.75 r
  evalB_3/DP_OP_53J9_126_8511/U112/S (FA1D0BWP40P140)     0.10       0.85 f
  evalB_3/DP_OP_53J9_126_8511/O2[1] (Eval_1_0_DP_OP_53J9_126_8511_J9_0_0)
                                                          0.00       0.85 f
  evalB_3/io_out_3[1] (Eval_1_0)                          0.00       0.85 f
  core4_3/io_b_3[1] (core4_3)                             0.00       0.85 f
  core4_3/evalB/io_in_3[1] (Eval_9_3)                     0.00       0.85 f
  core4_3/evalB/U47/ZN (CKND0BWP40P140)                   0.02       0.86 r
  core4_3/evalB/U31/ZN (CKND0BWP40P140)                   0.14       1.00 f
  core4_3/evalB/DP_OP_54J8_124_110/I4[1] (Eval_9_1_DP_OP_54J8_124_110_J8_0_1)
                                                          0.00       1.00 f
  core4_3/evalB/DP_OP_54J8_124_110/U158/S (FA1D0BWP40P140)
                                                          0.22       1.22 r
  core4_3/evalB/DP_OP_54J8_124_110/U193/S (FA1D0BWP40P140)
                                                          0.19       1.41 r
  core4_3/evalB/DP_OP_54J8_124_110/O1[1] (Eval_9_1_DP_OP_54J8_124_110_J8_0_1)
                                                          0.00       1.41 r
  core4_3/evalB/io_out_2[1] (Eval_9_3)                    0.00       1.41 r
  core4_3/mult_x_3/b[1] (core4_1_DW_mult_tc_J7_4_1)       0.00       1.41 r
  core4_3/mult_x_3/U821/ZN (CKND0BWP40P140)               0.27       1.68 f
  core4_3/mult_x_3/U847/ZN (AOI22D0BWP40P140)             0.19       1.87 r
  core4_3/mult_x_3/U848/ZN (CKND0BWP40P140)               0.14       2.01 f
  core4_3/mult_x_3/U884/ZN (AOI221D0BWP40P140)            0.30       2.31 r
  core4_3/mult_x_3/U815/Z (AO22D0BWP40P140)               0.13       2.44 r
  core4_3/mult_x_3/U1356/S (HA1D0BWP40P140)               0.05       2.49 r
  core4_3/mult_x_3/U1387/CO (FA1D0BWP40P140)              0.07       2.56 r
  core4_3/mult_x_3/U1386/CO (FA1D0BWP40P140)              0.07       2.64 r
  core4_3/mult_x_3/U1385/CO (FA1D0BWP40P140)              0.07       2.71 r
  core4_3/mult_x_3/U1384/CO (FA1D0BWP40P140)              0.07       2.78 r
  core4_3/mult_x_3/U1383/CO (FA1D0BWP40P140)              0.07       2.86 r
  core4_3/mult_x_3/U1382/CO (FA1D0BWP40P140)              0.07       2.93 r
  core4_3/mult_x_3/U1381/CO (FA1D0BWP40P140)              0.07       3.01 r
  core4_3/mult_x_3/U1380/CO (FA1D0BWP40P140)              0.07       3.08 r
  core4_3/mult_x_3/U1379/CO (FA1D0BWP40P140)              0.07       3.15 r
  core4_3/mult_x_3/U1378/CO (FA1D0BWP40P140)              0.07       3.23 r
  core4_3/mult_x_3/U1377/CO (FA1D0BWP40P140)              0.07       3.30 r
  core4_3/mult_x_3/U1376/CO (FA1D0BWP40P140)              0.07       3.38 r
  core4_3/mult_x_3/U1375/CO (FA1D0BWP40P140)              0.07       3.45 r
  core4_3/mult_x_3/U1374/CO (FA1D0BWP40P140)              0.07       3.52 r
  core4_3/mult_x_3/U1373/CO (FA1D0BWP40P140)              0.07       3.60 r
  core4_3/mult_x_3/U1372/CO (FA1D0BWP40P140)              0.07       3.67 r
  core4_3/mult_x_3/U1371/CO (FA1D0BWP40P140)              0.07       3.75 r
  core4_3/mult_x_3/U1370/CO (FA1D0BWP40P140)              0.07       3.82 r
  core4_3/mult_x_3/U1369/CO (FA1D0BWP40P140)              0.07       3.89 r
  core4_3/mult_x_3/U1368/CO (FA1D0BWP40P140)              0.07       3.97 r
  core4_3/mult_x_3/U1367/CO (FA1D0BWP40P140)              0.07       4.04 r
  core4_3/mult_x_3/U1366/CO (FA1D0BWP40P140)              0.07       4.12 r
  core4_3/mult_x_3/U1365/CO (FA1D0BWP40P140)              0.07       4.19 r
  core4_3/mult_x_3/U1364/CO (FA1D0BWP40P140)              0.07       4.26 r
  core4_3/mult_x_3/U1415/CO (FA1D0BWP40P140)              0.07       4.34 r
  core4_3/mult_x_3/U1440/CO (FA1D0BWP40P140)              0.07       4.40 r
  core4_3/mult_x_3/U767/Z (XOR4D0BWP40P140)               0.12       4.52 f
  core4_3/mult_x_3/U766/Z (XOR4D0BWP40P140)               0.11       4.63 r
  core4_3/mult_x_3/U891/Z (XOR4D0BWP40P140)               0.13       4.76 f
  core4_3/mult_x_3/U794/Z (XOR4D0BWP40P140)               0.10       4.86 r
  core4_3/mult_x_3/product[29] (core4_1_DW_mult_tc_J7_4_1)
                                                          0.00       4.86 r
  core4_3/s_w_2_reg_29_/D (DFKCNQD1BWP40P140)             0.00       4.86 r
  data arrival time                                                  4.86

  clock clk (rise edge)                                   5.00       5.00
  clock network delay (ideal)                             0.00       5.00
  core4_3/s_w_2_reg_29_/CP (DFKCNQD1BWP40P140)            0.00       5.00 r
  library setup time                                     -0.04       4.96
  data required time                                                 4.96
  --------------------------------------------------------------------------
  data required time                                                 4.96
  data arrival time                                                 -4.86
  --------------------------------------------------------------------------
  slack (MET)                                                        0.10


  Startpoint: io_b_15[0] (input port clocked by clk)
  Endpoint: core4_3/s_w_3_reg_29_
            (rising edge-triggered flip-flop clocked by clk)
  Path Group: clk
  Path Type: max

  Des/Clust/Port     Wire Load Model       Library
  ------------------------------------------------
  core16_a24_b10_c24 ZeroWireload          tcbn28hpcplusbwp40p140hvtssg0p81vm40c_ccs
  Eval_1_0_DP_OP_52J9_125_4583_J9_0_0
                     ZeroWireload          tcbn28hpcplusbwp40p140hvtssg0p81vm40c_ccs
  Eval_1_0_DP_OP_53J9_126_8511_J9_0_0
                     ZeroWireload          tcbn28hpcplusbwp40p140hvtssg0p81vm40c_ccs
  Eval_1_0_DP_OP_54J9_127_5286_J9_0_0
                     ZeroWireload          tcbn28hpcplusbwp40p140hvtssg0p81vm40c_ccs
  core4_1_DW_mult_tc_J7_6_1
                     ZeroWireload          tcbn28hpcplusbwp40p140hvtssg0p81vm40c_ccs
  Eval_9_1_DP_OP_53J8_123_4457_J8_0_1
                     ZeroWireload          tcbn28hpcplusbwp40p140hvtssg0p81vm40c_ccs
  Eval_9_1_DP_OP_54J8_124_110_J8_0_1
                     ZeroWireload          tcbn28hpcplusbwp40p140hvtssg0p81vm40c_ccs
  Eval_9_1_DP_OP_55J8_125_5186_J8_0_1
                     ZeroWireload          tcbn28hpcplusbwp40p140hvtssg0p81vm40c_ccs
  core4_1_DW_mult_tc_J7_3_1
                     ZeroWireload          tcbn28hpcplusbwp40p140hvtssg0p81vm40c_ccs

  Point                                                   Incr       Path
  --------------------------------------------------------------------------
  clock clk (rise edge)                                   0.00       0.00
  clock network delay (ideal)                             0.00       0.00
  input external delay                                    0.50       0.50 r
  io_b_15[0] (in)                                         0.00       0.50 r
  evalB_3/io_in_3[0] (Eval_1_0)                           0.00       0.50 r
  evalB_3/U27/ZN (CKND0BWP40P140)                         0.01       0.51 f
  evalB_3/U26/ZN (CKND0BWP40P140)                         0.04       0.55 r
  evalB_3/DP_OP_53J9_126_8511/I4[0] (Eval_1_0_DP_OP_53J9_126_8511_J9_0_0)
                                                          0.00       0.55 r
  evalB_3/DP_OP_53J9_126_8511/U60/CO (HA1D0BWP40P140)     0.06       0.60 r
  evalB_3/DP_OP_53J9_126_8511/U64/S (FA1D0BWP40P140)      0.11       0.71 f
  evalB_3/DP_OP_53J9_126_8511/U102/ZN (CKND0BWP40P140)
                                                          0.03       0.75 r
  evalB_3/DP_OP_53J9_126_8511/U112/S (FA1D0BWP40P140)     0.10       0.85 f
  evalB_3/DP_OP_53J9_126_8511/O2[1] (Eval_1_0_DP_OP_53J9_126_8511_J9_0_0)
                                                          0.00       0.85 f
  evalB_3/io_out_3[1] (Eval_1_0)                          0.00       0.85 f
  core4_3/io_b_3[1] (core4_3)                             0.00       0.85 f
  core4_3/evalB/io_in_3[1] (Eval_9_3)                     0.00       0.85 f
  core4_3/evalB/U47/ZN (CKND0BWP40P140)                   0.02       0.86 r
  core4_3/evalB/U31/ZN (CKND0BWP40P140)                   0.14       1.00 f
  core4_3/evalB/DP_OP_54J8_124_110/I4[1] (Eval_9_1_DP_OP_54J8_124_110_J8_0_1)
                                                          0.00       1.00 f
  core4_3/evalB/DP_OP_54J8_124_110/U158/CO (FA1D0BWP40P140)
                                                          0.17       1.17 f
  core4_3/evalB/DP_OP_54J8_124_110/U152/CO (FA1D0BWP40P140)
                                                          0.07       1.24 f
  core4_3/evalB/DP_OP_54J8_124_110/U149/S (FA1D0BWP40P140)
                                                          0.13       1.37 r
  core4_3/evalB/DP_OP_54J8_124_110/U150/ZN (CKND0BWP40P140)
                                                          0.03       1.40 f
  core4_3/evalB/DP_OP_54J8_124_110/U176/CO (FA1D0BWP40P140)
                                                          0.08       1.48 f
  core4_3/evalB/DP_OP_54J8_124_110/U175/CO (FA1D0BWP40P140)
                                                          0.07       1.55 f
  core4_3/evalB/DP_OP_54J8_124_110/U174/S (FA1D0BWP40P140)
                                                          0.16       1.71 f
  core4_3/evalB/DP_OP_54J8_124_110/O2[5] (Eval_9_1_DP_OP_54J8_124_110_J8_0_1)
                                                          0.00       1.71 f
  core4_3/evalB/io_out_3[5] (Eval_9_3)                    0.00       1.71 f
  core4_3/mult_x_4/b[5] (core4_1_DW_mult_tc_J7_3_1)       0.00       1.71 f
  core4_3/mult_x_4/U869/ZN (CKND0BWP40P140)               0.17       1.88 r
  core4_3/mult_x_4/U885/ZN (AOI22D0BWP40P140)             0.22       2.09 f
  core4_3/mult_x_4/U872/ZN (AOI221D0BWP40P140)            0.31       2.40 r
  core4_3/mult_x_4/U1321/Z (AO22D0BWP40P140)              0.13       2.53 r
  core4_3/mult_x_4/U1332/S (FA1D0BWP40P140)               0.11       2.64 f
  core4_3/mult_x_4/U1339/S (FA1D0BWP40P140)               0.12       2.76 r
  core4_3/mult_x_4/U1383/CO (FA1D0BWP40P140)              0.08       2.84 r
  core4_3/mult_x_4/U1382/CO (FA1D0BWP40P140)              0.07       2.91 r
  core4_3/mult_x_4/U1381/CO (FA1D0BWP40P140)              0.07       2.98 r
  core4_3/mult_x_4/U1380/CO (FA1D0BWP40P140)              0.07       3.06 r
  core4_3/mult_x_4/U1379/CO (FA1D0BWP40P140)              0.07       3.13 r
  core4_3/mult_x_4/U1378/CO (FA1D0BWP40P140)              0.07       3.21 r
  core4_3/mult_x_4/U1377/CO (FA1D0BWP40P140)              0.07       3.28 r
  core4_3/mult_x_4/U1376/CO (FA1D0BWP40P140)              0.07       3.35 r
  core4_3/mult_x_4/U1375/CO (FA1D0BWP40P140)              0.07       3.43 r
  core4_3/mult_x_4/U1374/CO (FA1D0BWP40P140)              0.07       3.50 r
  core4_3/mult_x_4/U1373/CO (FA1D0BWP40P140)              0.07       3.58 r
  core4_3/mult_x_4/U1372/CO (FA1D0BWP40P140)              0.07       3.65 r
  core4_3/mult_x_4/U1371/CO (FA1D0BWP40P140)              0.07       3.72 r
  core4_3/mult_x_4/U1370/CO (FA1D0BWP40P140)              0.07       3.80 r
  core4_3/mult_x_4/U1369/CO (FA1D0BWP40P140)              0.07       3.87 r
  core4_3/mult_x_4/U1368/CO (FA1D0BWP40P140)              0.07       3.95 r
  core4_3/mult_x_4/U1367/CO (FA1D0BWP40P140)              0.07       4.02 r
  core4_3/mult_x_4/U1366/CO (FA1D0BWP40P140)              0.07       4.09 r
  core4_3/mult_x_4/U1365/CO (FA1D0BWP40P140)              0.07       4.17 r
  core4_3/mult_x_4/U1364/CO (FA1D0BWP40P140)              0.07       4.24 r
  core4_3/mult_x_4/U1415/CO (FA1D0BWP40P140)              0.07       4.32 r
  core4_3/mult_x_4/U1440/CO (FA1D0BWP40P140)              0.07       4.38 r
  core4_3/mult_x_4/U766/Z (XOR4D0BWP40P140)               0.11       4.50 r
  core4_3/mult_x_4/U765/Z (XOR4D0BWP40P140)               0.12       4.62 f
  core4_3/mult_x_4/U764/Z (XOR4D1BWP40P140)               0.10       4.72 f
  core4_3/mult_x_4/U799/Z (XOR4D0BWP40P140)               0.10       4.82 r
  core4_3/mult_x_4/product[29] (core4_1_DW_mult_tc_J7_3_1)
                                                          0.00       4.82 r
  core4_3/s_w_3_reg_29_/D (DFKCNQD1BWP40P140)             0.00       4.82 r
  data arrival time                                                  4.82

  clock clk (rise edge)                                   5.00       5.00
  clock network delay (ideal)                             0.00       5.00
  core4_3/s_w_3_reg_29_/CP (DFKCNQD1BWP40P140)            0.00       5.00 r
  library setup time                                     -0.04       4.96
  data required time                                                 4.96
  --------------------------------------------------------------------------
  data required time                                                 4.96
  data arrival time                                                 -4.82
  --------------------------------------------------------------------------
  slack (MET)                                                        0.14


  Startpoint: io_b_15[0] (input port clocked by clk)
  Endpoint: core4_3/s_w_4_reg_29_
            (rising edge-triggered flip-flop clocked by clk)
  Path Group: clk
  Path Type: max

  Des/Clust/Port     Wire Load Model       Library
  ------------------------------------------------
  core16_a24_b10_c24 ZeroWireload          tcbn28hpcplusbwp40p140hvtssg0p81vm40c_ccs
  Eval_1_0_DP_OP_52J9_125_4583_J9_0_0
                     ZeroWireload          tcbn28hpcplusbwp40p140hvtssg0p81vm40c_ccs
  Eval_1_0_DP_OP_53J9_126_8511_J9_0_0
                     ZeroWireload          tcbn28hpcplusbwp40p140hvtssg0p81vm40c_ccs
  Eval_1_0_DP_OP_54J9_127_5286_J9_0_0
                     ZeroWireload          tcbn28hpcplusbwp40p140hvtssg0p81vm40c_ccs
  core4_1_DW_mult_tc_J7_6_1
                     ZeroWireload          tcbn28hpcplusbwp40p140hvtssg0p81vm40c_ccs
  Eval_9_1_DP_OP_53J8_123_4457_J8_0_1
                     ZeroWireload          tcbn28hpcplusbwp40p140hvtssg0p81vm40c_ccs
  Eval_9_1_DP_OP_54J8_124_110_J8_0_1
                     ZeroWireload          tcbn28hpcplusbwp40p140hvtssg0p81vm40c_ccs
  Eval_9_1_DP_OP_55J8_125_5186_J8_0_1
                     ZeroWireload          tcbn28hpcplusbwp40p140hvtssg0p81vm40c_ccs
  core4_1_DW_mult_tc_J7_2_1
                     ZeroWireload          tcbn28hpcplusbwp40p140hvtssg0p81vm40c_ccs

  Point                                                   Incr       Path
  --------------------------------------------------------------------------
  clock clk (rise edge)                                   0.00       0.00
  clock network delay (ideal)                             0.00       0.00
  input external delay                                    0.50       0.50 r
  io_b_15[0] (in)                                         0.00       0.50 r
  evalB_3/io_in_3[0] (Eval_1_0)                           0.00       0.50 r
  evalB_3/U27/ZN (CKND0BWP40P140)                         0.01       0.51 f
  evalB_3/U26/ZN (CKND0BWP40P140)                         0.04       0.55 r
  evalB_3/DP_OP_53J9_126_8511/I4[0] (Eval_1_0_DP_OP_53J9_126_8511_J9_0_0)
                                                          0.00       0.55 r
  evalB_3/DP_OP_53J9_126_8511/U60/CO (HA1D0BWP40P140)     0.06       0.60 r
  evalB_3/DP_OP_53J9_126_8511/U64/S (FA1D0BWP40P140)      0.11       0.71 f
  evalB_3/DP_OP_53J9_126_8511/U102/ZN (CKND0BWP40P140)
                                                          0.03       0.75 r
  evalB_3/DP_OP_53J9_126_8511/U112/CO (FA1D0BWP40P140)
                                                          0.07       0.82 r
  evalB_3/DP_OP_53J9_126_8511/U111/CO (FA1D0BWP40P140)
                                                          0.07       0.89 r
  evalB_3/DP_OP_53J9_126_8511/U110/S (FA1D0BWP40P140)     0.10       0.99 f
  evalB_3/DP_OP_53J9_126_8511/O2[3] (Eval_1_0_DP_OP_53J9_126_8511_J9_0_0)
                                                          0.00       0.99 f
  evalB_3/io_out_3[3] (Eval_1_0)                          0.00       0.99 f
  core4_3/io_b_3[3] (core4_3)                             0.00       0.99 f
  core4_3/evalB/io_in_3[3] (Eval_9_3)                     0.00       0.99 f
  core4_3/evalB/U48/ZN (CKND0BWP40P140)                   0.02       1.01 r
  core4_3/evalB/U20/ZN (CKND0BWP40P140)                   0.14       1.15 f
  core4_3/evalB/DP_OP_55J8_125_5186/I3[3] (Eval_9_1_DP_OP_55J8_125_5186_J8_0_1)
                                                          0.00       1.15 f
  core4_3/evalB/DP_OP_55J8_125_5186/U148/CO (FA1D0BWP40P140)
                                                          0.16       1.31 f
  core4_3/evalB/DP_OP_55J8_125_5186/U143/S (FA1D0BWP40P140)
                                                          0.12       1.43 r
  core4_3/evalB/DP_OP_55J8_125_5186/U180/CO (FA1D0BWP40P140)
                                                          0.08       1.51 r
  core4_3/evalB/DP_OP_55J8_125_5186/U179/S (FA1D0BWP40P140)
                                                          0.18       1.69 f
  core4_3/evalB/DP_OP_55J8_125_5186/O1[5] (Eval_9_1_DP_OP_55J8_125_5186_J8_0_1)
                                                          0.00       1.69 f
  core4_3/evalB/io_out_4[5] (Eval_9_3)                    0.00       1.69 f
  core4_3/mult_x_5/b[5] (core4_1_DW_mult_tc_J7_2_1)       0.00       1.69 f
  core4_3/mult_x_5/U859/ZN (CKND0BWP40P140)               0.17       1.86 r
  core4_3/mult_x_5/U874/ZN (AOI22D0BWP40P140)             0.22       2.07 f
  core4_3/mult_x_5/U787/ZN (AOI221D0BWP40P140)            0.31       2.38 r
  core4_3/mult_x_5/U1317/Z (AO22D0BWP40P140)              0.13       2.51 r
  core4_3/mult_x_5/U1328/S (FA1D0BWP40P140)               0.11       2.62 f
  core4_3/mult_x_5/U1335/S (FA1D0BWP40P140)               0.12       2.74 r
  core4_3/mult_x_5/U1380/CO (FA1D0BWP40P140)              0.08       2.81 r
  core4_3/mult_x_5/U1379/CO (FA1D0BWP40P140)              0.07       2.89 r
  core4_3/mult_x_5/U1378/CO (FA1D0BWP40P140)              0.07       2.96 r
  core4_3/mult_x_5/U1377/CO (FA1D0BWP40P140)              0.07       3.04 r
  core4_3/mult_x_5/U1376/CO (FA1D0BWP40P140)              0.07       3.11 r
  core4_3/mult_x_5/U1375/CO (FA1D0BWP40P140)              0.07       3.18 r
  core4_3/mult_x_5/U1374/CO (FA1D0BWP40P140)              0.07       3.26 r
  core4_3/mult_x_5/U1373/CO (FA1D0BWP40P140)              0.07       3.33 r
  core4_3/mult_x_5/U1372/CO (FA1D0BWP40P140)              0.07       3.41 r
  core4_3/mult_x_5/U1371/CO (FA1D0BWP40P140)              0.07       3.48 r
  core4_3/mult_x_5/U1370/CO (FA1D0BWP40P140)              0.07       3.55 r
  core4_3/mult_x_5/U1369/CO (FA1D0BWP40P140)              0.07       3.63 r
  core4_3/mult_x_5/U1368/CO (FA1D0BWP40P140)              0.07       3.70 r
  core4_3/mult_x_5/U1367/CO (FA1D0BWP40P140)              0.07       3.78 r
  core4_3/mult_x_5/U1366/CO (FA1D0BWP40P140)              0.07       3.85 r
  core4_3/mult_x_5/U1365/CO (FA1D0BWP40P140)              0.07       3.93 r
  core4_3/mult_x_5/U1364/CO (FA1D0BWP40P140)              0.07       4.00 r
  core4_3/mult_x_5/U1363/CO (FA1D0BWP40P140)              0.07       4.07 r
  core4_3/mult_x_5/U1362/CO (FA1D0BWP40P140)              0.07       4.15 r
  core4_3/mult_x_5/U1361/CO (FA1D0BWP40P140)              0.07       4.22 r
  core4_3/mult_x_5/U1414/CO (FA1D0BWP40P140)              0.07       4.30 r
  core4_3/mult_x_5/U1440/CO (FA1D0BWP40P140)              0.07       4.36 r
  core4_3/mult_x_5/U766/Z (XOR4D0BWP40P140)               0.12       4.48 f
  core4_3/mult_x_5/U765/Z (XOR4D0BWP40P140)               0.11       4.59 r
  core4_3/mult_x_5/U883/Z (XOR4D0BWP40P140)               0.13       4.72 f
  core4_3/mult_x_5/U790/Z (XOR4D0BWP40P140)               0.10       4.82 r
  core4_3/mult_x_5/product[29] (core4_1_DW_mult_tc_J7_2_1)
                                                          0.00       4.82 r
  core4_3/s_w_4_reg_29_/D (DFKCNQD1BWP40P140)             0.00       4.82 r
  data arrival time                                                  4.82

  clock clk (rise edge)                                   5.00       5.00
  clock network delay (ideal)                             0.00       5.00
  core4_3/s_w_4_reg_29_/CP (DFKCNQD1BWP40P140)            0.00       5.00 r
  library setup time                                     -0.04       4.96
  data required time                                                 4.96
  --------------------------------------------------------------------------
  data required time                                                 4.96
  data arrival time                                                 -4.82
  --------------------------------------------------------------------------
  slack (MET)                                                        0.14


1
