 
****************************************
Report : area
Design : core4_a32_b12_c32
Version: O-2018.06-SP5
Date   : Tue May 12 06:55:30 2026
****************************************

Library(s) Used:

    tcbn28hpcplusbwp40p140lvtssg0p81vm40c_ccs (File: /export1/Library/TN28HPC+/STD_CELL_ext/track9_200824/TSMCHOME/digital/Front_End/timing_power_noise/CCS/tcbn28hpcplusbwp40p140lvt_180a/tcbn28hpcplusbwp40p140lvtssg0p81vm40c_ccs.db)
    tcbn28hpcplusbwp40p140ssg0p81vm40c_ccs (File: /export1/Library/TN28HPC+/STD_CELL_ext/track9_200824/TSMCHOME/digital/Front_End/timing_power_noise/CCS/tcbn28hpcplusbwp40p140_180a/tcbn28hpcplusbwp40p140ssg0p81vm40c_ccs.db)
    tcbn28hpcplusbwp40p140hvtssg0p81vm40c_ccs (File: /export1/Library/TN28HPC+/STD_CELL_ext/track9_200824/TSMCHOME/digital/Front_End/timing_power_noise/CCS/tcbn28hpcplusbwp40p140hvt_180a/tcbn28hpcplusbwp40p140hvtssg0p81vm40c_ccs.db)

Number of ports:                         3682
Number of nets:                         12702
Number of cells:                         6902
Number of combinational cells:           6506
Number of sequential cells:               372
Number of macros/black boxes:               0
Number of buf/inv:                        668
Number of references:                      14

Combinational area:               8018.261866
Buf/Inv area:                      179.550002
Noncombinational area:             749.952012
Macro/Black Box area:                0.000000
Net Interconnect area:      undefined  (Wire load has zero net area)

Total cell area:                  8768.213878
Total area:                 undefined

Hierarchical area distribution
------------------------------

                                  Global cell area          Local cell area
                                  ------------------  ---------------------------- 
Hierarchical cell                 Absolute   Percent  Combi-     Noncombi-  Black-
                                  Total      Total    national   national   boxes   Design
--------------------------------  ---------  -------  ---------  ---------  ------  -------------------------------------------
core4_a32_b12_c32                 8768.2139    100.0     1.0080   489.8880  0.0000  core4_a32_b12_c32
evalA                              801.2340      9.1    25.0740     0.0000  0.0000  Eval
evalA/DP_OP_52J2_123_8276          205.6320      2.3   205.6320     0.0000  0.0000  Eval_DP_OP_52J2_123_8276_J2_0
evalA/DP_OP_53J2_124_963           284.5080      3.2   284.5080     0.0000  0.0000  Eval_DP_OP_53J2_124_963_J2_0
evalA/DP_OP_54J2_125_7758          286.0200      3.3   286.0200     0.0000  0.0000  Eval_DP_OP_54J2_125_7758_J2_0
evalB                              317.2680      3.6    11.2140     0.0000  0.0000  Eval_1
evalB/DP_OP_52J3_122_9921           82.6560      0.9    82.6560     0.0000  0.0000  Eval_1_DP_OP_52J3_122_9921_J3_0
evalB/DP_OP_53J3_123_5236          108.1080      1.2   108.1080     0.0000  0.0000  Eval_1_DP_OP_53J3_123_5236_J3_0
evalB/DP_OP_54J3_124_3064          115.2900      1.3   115.2900     0.0000  0.0000  Eval_1_DP_OP_54J3_124_3064_J3_0
interp                            2304.7920     26.3     0.7560   260.0640  0.0000  Interpolation
interp/interp                     2043.9720     23.3     0.2520     0.0000  0.0000  InterpolationComb
interp/interp/DP_OP_106J2_122_9073 2043.7200    23.3  2043.7200     0.0000  0.0000  InterpolationComb_DP_OP_106J2_122_9073_J2_0
mult_x_1                           599.8860      6.8   599.8860     0.0000  0.0000  core4_a32_b12_c32_DW_mult_uns_J3_2
mult_x_2                           713.4120      8.1   713.4120     0.0000  0.0000  core4_a32_b12_c32_DW_mult_tc_J3_3
mult_x_3                           658.2240      7.5   658.2240     0.0000  0.0000  core4_a32_b12_c32_DW_mult_uns_J3_1
mult_x_4                           714.7980      8.2   714.7980     0.0000  0.0000  core4_a32_b12_c32_DW_mult_tc_J3_2
mult_x_5                           783.8460      8.9   783.8460     0.0000  0.0000  core4_a32_b12_c32_DW_mult_tc_J3_1
mult_x_6                           783.9720      8.9   783.9720     0.0000  0.0000  core4_a32_b12_c32_DW_mult_tc_J3_0
mult_x_7                           599.8860      6.8   599.8860     0.0000  0.0000  core4_a32_b12_c32_DW_mult_uns_J3_0
--------------------------------  ---------  -------  ---------  ---------  ------  -------------------------------------------
Total                                                 8018.2619   749.9520  0.0000

1
