 
****************************************
Report : timing
        -path full
        -delay max
        -nets
        -max_paths 1
        -transition_time
Design : core4_a28_b12_c28
Version: O-2018.06-SP5
Date   : Tue May 12 05:52:28 2026
****************************************

Operating Conditions: ssg0p81vm40c   Library: tcbn28hpcplusbwp40p140hvtssg0p81vm40c_ccs
Wire Load Model Mode: segmented

  Startpoint: io_b_3[1] (input port clocked by clk)
  Endpoint: s_w_5_reg_30_
            (rising edge-triggered flip-flop clocked by clk)
  Path Group: clk
  Path Type: max

  Des/Clust/Port     Wire Load Model       Library
  ------------------------------------------------
  core4_a28_b12_c28  ZeroWireload          tcbn28hpcplusbwp40p140hvtssg0p81vm40c_ccs
  core4_a28_b12_c28_DW_mult_uns_J3_2 ZeroWireload tcbn28hpcplusbwp40p140hvtssg0p81vm40c_ccs
  Eval_1_DP_OP_52J3_122_9921_J3_0 ZeroWireload tcbn28hpcplusbwp40p140hvtssg0p81vm40c_ccs
  Eval_1_DP_OP_53J3_123_5236_J3_0 ZeroWireload tcbn28hpcplusbwp40p140hvtssg0p81vm40c_ccs
  Eval_1_DP_OP_54J3_124_3064_J3_0 ZeroWireload tcbn28hpcplusbwp40p140hvtssg0p81vm40c_ccs
  core4_a28_b12_c28_DW_mult_tc_J3_0 ZeroWireload tcbn28hpcplusbwp40p140hvtssg0p81vm40c_ccs

Attributes:
    d - dont_touch
    u - dont_use
   mo - map_only
   so - size_only
    i - ideal_net or ideal_network
  inf - infeasible path

  Point                                       Fanout     Trans      Incr       Path      Attributes
  ---------------------------------------------------------------------------------------------------------
  clock clk (rise edge)                                             0.00       0.00
  clock network delay (ideal)                                       0.00       0.00
  input external delay                                              0.50       0.50 f
  io_b_3[1] (in)                                          0.00      0.00       0.50 f
  io_b_3[1] (net)                               1                   0.00       0.50 f
  evalB/io_in_3[1] (Eval_1)                                         0.00       0.50 f
  evalB/io_in_3[1] (net)                                            0.00       0.50 f
  evalB/U18/ZN (CKND0BWP40P140)                           0.01      0.01       0.51 r
  evalB/n2 (net)                                1                   0.00       0.51 r
  evalB/U14/ZN (CKND0BWP40P140)                           0.24      0.14       0.65 f
  evalB/io_out_0[1] (net)                      35                   0.00       0.65 f
  evalB/DP_OP_54J3_124_3064/I3[1] (Eval_1_DP_OP_54J3_124_3064_J3_0)     0.00     0.65 f
  evalB/DP_OP_54J3_124_3064/I3[1] (net)                             0.00       0.65 f
  evalB/DP_OP_54J3_124_3064/U121/ZN (CKND0BWP40P140)      0.07      0.11       0.76 r
  evalB/DP_OP_54J3_124_3064/n233 (net)          1                   0.00       0.76 r
  evalB/DP_OP_54J3_124_3064/U135/CO (FA1D0BWP40P140)      0.03      0.09       0.84 r
  evalB/DP_OP_54J3_124_3064/n230 (net)          1                   0.00       0.84 r
  evalB/DP_OP_54J3_124_3064/U83/CO (FA1D0BWP40P140)       0.04      0.08       0.92 r
  evalB/DP_OP_54J3_124_3064/n229 (net)          1                   0.00       0.92 r
  evalB/DP_OP_54J3_124_3064/U134/CO (FA1D0BWP40P140)      0.03      0.08       1.00 r
  evalB/DP_OP_54J3_124_3064/n226 (net)          1                   0.00       1.00 r
  evalB/DP_OP_54J3_124_3064/U133/CO (FA1D0BWP40P140)      0.03      0.07       1.07 r
  evalB/DP_OP_54J3_124_3064/n224 (net)          1                   0.00       1.07 r
  evalB/DP_OP_54J3_124_3064/U132/CO (FA1D0BWP40P140)      0.03      0.07       1.15 r
  evalB/DP_OP_54J3_124_3064/n222 (net)          1                   0.00       1.15 r
  evalB/DP_OP_54J3_124_3064/U131/CO (FA1D0BWP40P140)      0.03      0.07       1.22 r
  evalB/DP_OP_54J3_124_3064/n220 (net)          1                   0.00       1.22 r
  evalB/DP_OP_54J3_124_3064/U130/CO (FA1D0BWP40P140)      0.03      0.07       1.29 r
  evalB/DP_OP_54J3_124_3064/n218 (net)          1                   0.00       1.29 r
  evalB/DP_OP_54J3_124_3064/U129/CO (FA1D0BWP40P140)      0.03      0.07       1.37 r
  evalB/DP_OP_54J3_124_3064/n216 (net)          1                   0.00       1.37 r
  evalB/DP_OP_54J3_124_3064/U128/CO (FA1D0BWP40P140)      0.03      0.07       1.44 r
  evalB/DP_OP_54J3_124_3064/n214 (net)          1                   0.00       1.44 r
  evalB/DP_OP_54J3_124_3064/U127/CO (FA1D0BWP40P140)      0.03      0.07       1.52 r
  evalB/DP_OP_54J3_124_3064/n212 (net)          1                   0.00       1.52 r
  evalB/DP_OP_54J3_124_3064/U126/CO (FA1D0BWP40P140)      0.03      0.07       1.59 r
  evalB/DP_OP_54J3_124_3064/n210 (net)          1                   0.00       1.59 r
  evalB/DP_OP_54J3_124_3064/U125/CO (FA1D0BWP40P140)      0.03      0.07       1.67 r
  evalB/DP_OP_54J3_124_3064/n208 (net)          1                   0.00       1.67 r
  evalB/DP_OP_54J3_124_3064/U124/CO (FA1D0BWP40P140)      0.03      0.07       1.74 r
  evalB/DP_OP_54J3_124_3064/n206 (net)          1                   0.00       1.74 r
  evalB/DP_OP_54J3_124_3064/U79/S (FA1D1BWP40P140)        0.07      0.13       1.87 f
  evalB/DP_OP_54J3_124_3064/O2[14] (net)       23                   0.00       1.87 f
  evalB/DP_OP_54J3_124_3064/O2[14] (Eval_1_DP_OP_54J3_124_3064_J3_0)     0.00     1.87 f
  evalB/io_out_5[14] (net)                                          0.00       1.87 f
  evalB/io_out_5[14] (Eval_1)                                       0.00       1.87 f
  evalB_io_out_5[14] (net)                                          0.00       1.87 f
  mult_x_6/b[14] (core4_a28_b12_c28_DW_mult_tc_J3_0)                0.00       1.87 f
  mult_x_6/b[14] (net)                                              0.00       1.87 f
  mult_x_6/U832/ZN (INVD0P7BWP40P140)                     0.10      0.09       1.97 r
  mult_x_6/n1725 (net)                         21                   0.00       1.97 r
  mult_x_6/U830/ZN (MUX2NUD1BWP40P140)                    0.03      0.05       2.02 f
  mult_x_6/n1033 (net)                          3                   0.00       2.02 f
  mult_x_6/U829/ZN (IND3D0BWP40P140HVT)                   0.38      0.27       2.28 f
  mult_x_6/n1771 (net)                         17                   0.00       2.28 f
  mult_x_6/U998/ZN (OAI222D0BWP40P140)                    0.08      0.17       2.46 r
  mult_x_6/n1119 (net)                          1                   0.00       2.46 r
  mult_x_6/U999/ZN (AOI21D0BWP40P140)                     0.06      0.04       2.50 f
  mult_x_6/n1120 (net)                          1                   0.00       2.50 f
  mult_x_6/U807/ZN (MUX2ND0BWP40P140)                     0.05      0.07       2.56 f
  mult_x_6/n1199 (net)                          1                   0.00       2.56 f
  mult_x_6/U1064/CO (HA1D0BWP40P140)                      0.02      0.05       2.61 f
  mult_x_6/n1193 (net)                          1                   0.00       2.61 f
  mult_x_6/U1060/S (FA1D0BWP40P140)                       0.04      0.12       2.73 r
  mult_x_6/n1286 (net)                          1                   0.00       2.73 r
  mult_x_6/U1138/CO (FA1D0BWP40P140)                      0.03      0.08       2.81 r
  mult_x_6/n1279 (net)                          1                   0.00       2.81 r
  mult_x_6/U1134/S (FA1D0BWP40P140)                       0.03      0.11       2.92 f
  mult_x_6/n1386 (net)                          1                   0.00       2.92 f
  mult_x_6/U1224/S (FA1D0BWP40P140)                       0.04      0.13       3.05 r
  mult_x_6/n1509 (net)                          1                   0.00       3.05 r
  mult_x_6/U1318/CO (FA1D0BWP40P140)                      0.03      0.08       3.13 r
  mult_x_6/n1502 (net)                          1                   0.00       3.13 r
  mult_x_6/U1316/CO (FA1D0BWP40P140)                      0.03      0.07       3.21 r
  mult_x_6/n1497 (net)                          1                   0.00       3.21 r
  mult_x_6/U1312/CO (FA1D0BWP40P140)                      0.03      0.07       3.28 r
  mult_x_6/n1491 (net)                          1                   0.00       3.28 r
  mult_x_6/U1308/CO (FA1D0BWP40P140)                      0.03      0.07       3.35 r
  mult_x_6/n1486 (net)                          1                   0.00       3.35 r
  mult_x_6/U1306/CO (FA1D0BWP40P140)                      0.03      0.07       3.43 r
  mult_x_6/n1481 (net)                          1                   0.00       3.43 r
  mult_x_6/U1302/CO (FA1D0BWP40P140)                      0.03      0.07       3.50 r
  mult_x_6/n1475 (net)                          1                   0.00       3.50 r
  mult_x_6/U1298/CO (FA1D0BWP40P140)                      0.03      0.07       3.58 r
  mult_x_6/n1470 (net)                          1                   0.00       3.58 r
  mult_x_6/U1295/CO (FA1D0BWP40P140)                      0.03      0.07       3.65 r
  mult_x_6/n1465 (net)                          1                   0.00       3.65 r
  mult_x_6/U1292/CO (FA1D0BWP40P140)                      0.03      0.07       3.72 r
  mult_x_6/n1459 (net)                          1                   0.00       3.72 r
  mult_x_6/U1289/CO (FA1D0BWP40P140)                      0.03      0.07       3.80 r
  mult_x_6/n1453 (net)                          1                   0.00       3.80 r
  mult_x_6/U1285/CO (FA1D0BWP40P140)                      0.03      0.07       3.87 r
  mult_x_6/n1447 (net)                          1                   0.00       3.87 r
  mult_x_6/U1281/CO (FA1D0BWP40P140)                      0.03      0.07       3.95 r
  mult_x_6/n1701 (net)                          1                   0.00       3.95 r
  mult_x_6/U1414/CO (FA1D0BWP40P140)                      0.03      0.07       4.02 r
  mult_x_6/n1735 (net)                          1                   0.00       4.02 r
  mult_x_6/U1428/S (FA1D0BWP40P140)                       0.03      0.11       4.13 f
  mult_x_6/n1744 (net)                          1                   0.00       4.13 f
  mult_x_6/U1430/CO (FA1D0BWP40P140)                      0.03      0.08       4.21 f
  mult_x_6/n1745 (net)                          1                   0.00       4.21 f
  mult_x_6/U806/Z (XOR4D0BWP40P140)                       0.03      0.10       4.31 r
  mult_x_6/n1755 (net)                          1                   0.00       4.31 r
  mult_x_6/U805/Z (XOR4D0BWP40P140)                       0.03      0.12       4.43 r
  mult_x_6/n1766 (net)                          1                   0.00       4.43 r
  mult_x_6/U804/Z (XOR4D0BWP40P140)                       0.03      0.12       4.55 r
  mult_x_6/n1777 (net)                          2                   0.00       4.55 r
  mult_x_6/U1436/ZN (OAI21D0BWP40P140HVT)                 0.04      0.04       4.59 f
  mult_x_6/n1774 (net)                          1                   0.00       4.59 f
  mult_x_6/U1437/ZN (OAI31D0BWP40P140LVT)                 0.03      0.03       4.62 r
  mult_x_6/n1784 (net)                          1                   0.00       4.62 r
  mult_x_6/U867/Z (XOR4D0BWP40P140)                       0.03      0.12       4.74 r
  mult_x_6/product[30] (net)                    1                   0.00       4.74 r
  mult_x_6/product[30] (core4_a28_b12_c28_DW_mult_tc_J3_0)          0.00       4.74 r
  n_w_5_T_1[30] (net)                                               0.00       4.74 r
  s_w_5_reg_30_/D (DFKCNQD1BWP40P140)                     0.03      0.00       4.74 r
  data arrival time                                                            4.74

  clock clk (rise edge)                                             5.00       5.00
  clock network delay (ideal)                                       0.00       5.00
  s_w_5_reg_30_/CP (DFKCNQD1BWP40P140)                              0.00       5.00 r
  library setup time                                               -0.04       4.96
  data required time                                                           4.96
  ---------------------------------------------------------------------------------------------------------
  data required time                                                           4.96
  data arrival time                                                           -4.74
  ---------------------------------------------------------------------------------------------------------
  slack (MET)                                                                  0.22


1
