 
****************************************
Report : timing
        -path full
        -delay max
        -nets
        -max_paths 1
        -transition_time
Design : core16_a24_b8_c24
Version: O-2018.06-SP5
Date   : Tue May 12 13:43:01 2026
****************************************

 # A fanout number of 1000 was used for high fanout net computations.

Operating Conditions: ssg0p81vm40c   Library: tcbn28hpcplusbwp40p140hvtssg0p81vm40c_ccs
Wire Load Model Mode: segmented

  Startpoint: io_b_0[0] (input port clocked by clk)
  Endpoint: core4_3/s_w_3_reg_29_
            (rising edge-triggered flip-flop clocked by clk)
  Path Group: clk
  Path Type: max

  Des/Clust/Port     Wire Load Model       Library
  ------------------------------------------------
  core16_a24_b8_c24  ZeroWireload          tcbn28hpcplusbwp40p140hvtssg0p81vm40c_ccs
  Eval_1_0_DP_OP_52J9_125_102_J9_0_3 ZeroWireload tcbn28hpcplusbwp40p140hvtssg0p81vm40c_ccs
  Eval_1_0_DP_OP_53J9_126_6763_J9_0_3 ZeroWireload tcbn28hpcplusbwp40p140hvtssg0p81vm40c_ccs
  Eval_1_0_DP_OP_54J9_127_2528_J9_0_3 ZeroWireload tcbn28hpcplusbwp40p140hvtssg0p81vm40c_ccs
  core4_1_DW_mult_tc_J6_0_1 ZeroWireload   tcbn28hpcplusbwp40p140hvtssg0p81vm40c_ccs
  Eval_9_1_DP_OP_53J8_123_7322_J8_0_1 ZeroWireload tcbn28hpcplusbwp40p140hvtssg0p81vm40c_ccs
  Eval_9_1_DP_OP_54J8_124_7247_J8_0_1 ZeroWireload tcbn28hpcplusbwp40p140hvtssg0p81vm40c_ccs
  Eval_9_1_DP_OP_55J8_125_912_J8_0_1 ZeroWireload tcbn28hpcplusbwp40p140hvtssg0p81vm40c_ccs
  core4_1_DW_mult_tc_J6_3_1 ZeroWireload   tcbn28hpcplusbwp40p140hvtssg0p81vm40c_ccs

Attributes:
    d - dont_touch
    u - dont_use
   mo - map_only
   so - size_only
    i - ideal_net or ideal_network
  inf - infeasible path

  Point                                       Fanout     Trans      Incr       Path      Attributes
  ---------------------------------------------------------------------------------------------------------
  clock clk (rise edge)                                             0.00       0.00
  clock network delay (ideal)                                       0.00       0.00
  input external delay                                              0.50       0.50 r
  io_b_0[0] (in)                                          0.00      0.00       0.50 r
  io_b_0[0] (net)                               1                   0.00       0.50 r
  evalB/io_in_0[0] (Eval_1_3)                                       0.00       0.50 r
  evalB/io_in_0[0] (net)                                            0.00       0.50 r
  evalB/U15/ZN (CKND0BWP40P140)                           0.01      0.01       0.51 f
  evalB/n5 (net)                                1                   0.00       0.51 f
  evalB/U14/ZN (CKND0BWP40P140)                           0.06      0.04       0.55 r
  evalB/io_out_6[0] (net)                       4                   0.00       0.55 r
  evalB/DP_OP_53J9_126_6763/I2[0] (Eval_1_0_DP_OP_53J9_126_6763_J9_0_3)     0.00     0.55 r
  evalB/DP_OP_53J9_126_6763/I2[0] (net)                             0.00       0.55 r
  evalB/DP_OP_53J9_126_6763/U51/CO (HA1D0BWP40P140)       0.02      0.06       0.61 r
  evalB/DP_OP_53J9_126_6763/n128 (net)          1                   0.00       0.61 r
  evalB/DP_OP_53J9_126_6763/U71/CO (FA1D0BWP40P140)       0.03      0.07       0.68 r
  evalB/DP_OP_53J9_126_6763/n126 (net)          1                   0.00       0.68 r
  evalB/DP_OP_53J9_126_6763/U81/CO (FA1D0BWP40P140)       0.03      0.07       0.75 r
  evalB/DP_OP_53J9_126_6763/n124 (net)          1                   0.00       0.75 r
  evalB/DP_OP_53J9_126_6763/U61/CO (FA1D0BWP40P140)       0.03      0.07       0.82 r
  evalB/DP_OP_53J9_126_6763/n122 (net)          1                   0.00       0.82 r
  evalB/DP_OP_53J9_126_6763/U56/CO (FA1D0BWP40P140)       0.03      0.07       0.90 r
  evalB/DP_OP_53J9_126_6763/n120 (net)          1                   0.00       0.90 r
  evalB/DP_OP_53J9_126_6763/U64/CO (FA1D0BWP40P140)       0.03      0.07       0.97 r
  evalB/DP_OP_53J9_126_6763/n118 (net)          1                   0.00       0.97 r
  evalB/DP_OP_53J9_126_6763/U53/CO (FA1D0BWP40P140)       0.03      0.07       1.05 r
  evalB/DP_OP_53J9_126_6763/n116 (net)          1                   0.00       1.05 r
  evalB/DP_OP_53J9_126_6763/U66/S (FA1D0BWP40P140)        0.05      0.13       1.17 f
  evalB/DP_OP_53J9_126_6763/n162 (net)          2                   0.00       1.17 f
  evalB/DP_OP_53J9_126_6763/U72/S (FA1D0BWP40P140)        0.02      0.13       1.30 r
  evalB/DP_OP_53J9_126_6763/O2[7] (net)         1                   0.00       1.30 r
  evalB/DP_OP_53J9_126_6763/O2[7] (Eval_1_0_DP_OP_53J9_126_6763_J9_0_3)     0.00     1.30 r
  evalB/io_out_3[7] (net)                                           0.00       1.30 r
  evalB/io_out_3[7] (Eval_1_3)                                      0.00       1.30 r
  evalB_io_out_3[7] (net)                                           0.00       1.30 r
  core4_3/io_b_0[7] (core4_3)                                       0.00       1.30 r
  core4_3/io_b_0[7] (net)                                           0.00       1.30 r
  core4_3/evalB/io_in_0[7] (Eval_9_3)                               0.00       1.30 r
  core4_3/evalB/io_in_0[7] (net)                                    0.00       1.30 r
  core4_3/evalB/U9/ZN (CKND0BWP40P140)                    0.01      0.02       1.31 f
  core4_3/evalB/n5 (net)                        1                   0.00       1.31 f
  core4_3/evalB/U6/ZN (INVD0P7BWP40P140)                  0.16      0.10       1.41 r
  core4_3/evalB/io_out_6[7] (net)              29                   0.00       1.41 r
  core4_3/evalB/DP_OP_54J8_124_7247/I1[7] (Eval_9_1_DP_OP_54J8_124_7247_J8_0_1)     0.00     1.41 r
  core4_3/evalB/DP_OP_54J8_124_7247/I1[7] (net)                     0.00       1.41 r
  core4_3/evalB/DP_OP_54J8_124_7247/U117/CO (FA1D0BWP40P140)     0.03     0.11     1.53 r
  core4_3/evalB/DP_OP_54J8_124_7247/n247 (net)     1                0.00       1.53 r
  core4_3/evalB/DP_OP_54J8_124_7247/U119/CO (FA1D0BWP40P140)     0.03     0.07     1.60 r
  core4_3/evalB/DP_OP_54J8_124_7247/n259 (net)     1                0.00       1.60 r
  core4_3/evalB/DP_OP_54J8_124_7247/U121/CO (FA1D0BWP40P140)     0.03     0.07     1.68 r
  core4_3/evalB/DP_OP_54J8_124_7247/n257 (net)     1                0.00       1.68 r
  core4_3/evalB/DP_OP_54J8_124_7247/U123/CO (FA1D0BWP40P140)     0.03     0.07     1.75 r
  core4_3/evalB/DP_OP_54J8_124_7247/n255 (net)     1                0.00       1.75 r
  core4_3/evalB/DP_OP_54J8_124_7247/U130/CO (FA1D0BWP40P140)     0.03     0.07     1.83 r
  core4_3/evalB/DP_OP_54J8_124_7247/n253 (net)     1                0.00       1.83 r
  core4_3/evalB/DP_OP_54J8_124_7247/U97/CO (FA1D0BWP40P140)     0.03     0.07     1.90 r
  core4_3/evalB/DP_OP_54J8_124_7247/n251 (net)     1                0.00       1.90 r
  core4_3/evalB/DP_OP_54J8_124_7247/U102/CO (FA1D0BWP40P140)     0.03     0.07     1.97 r
  core4_3/evalB/DP_OP_54J8_124_7247/n249 (net)     1                0.00       1.97 r
  core4_3/evalB/DP_OP_54J8_124_7247/U128/S (FA1D0BWP40P140)     0.05     0.13     2.10 f
  core4_3/evalB/DP_OP_54J8_124_7247/n332 (net)     2                0.00       2.10 f
  core4_3/evalB/DP_OP_54J8_124_7247/U142/S (FA1D0BWP40P140)     0.14     0.20     2.30 r
  core4_3/evalB/DP_OP_54J8_124_7247/O2[14] (net)    22              0.00       2.30 r
  core4_3/evalB/DP_OP_54J8_124_7247/O2[14] (Eval_9_1_DP_OP_54J8_124_7247_J8_0_1)     0.00     2.30 r
  core4_3/evalB/io_out_3[14] (net)                                  0.00       2.30 r
  core4_3/evalB/io_out_3[14] (Eval_9_3)                             0.00       2.30 r
  core4_3/evalB_io_out_3[14] (net)                                  0.00       2.30 r
  core4_3/mult_x_4/b[14] (core4_1_DW_mult_tc_J6_3_1)                0.00       2.30 r
  core4_3/mult_x_4/b[14] (net)                                      0.00       2.30 r
  core4_3/mult_x_4/U795/ZN (INVD0P7BWP40P140)             0.09      0.11       2.40 f
  core4_3/mult_x_4/n1646 (net)                 20                   0.00       2.40 f
  core4_3/mult_x_4/U1003/ZN (MUX2ND0BWP40P140)            0.05      0.07       2.47 r
  core4_3/mult_x_4/n987 (net)                   3                   0.00       2.47 r
  core4_3/mult_x_4/U853/ZN (ND2D0BWP40P140HVT)            0.20      0.14       2.62 f
  core4_3/mult_x_4/n1598 (net)                 16                   0.00       2.62 f
  core4_3/mult_x_4/U1060/ZN (CKND0BWP40P140)              0.05      0.08       2.70 r
  core4_3/mult_x_4/n1693 (net)                  2                   0.00       2.70 r
  core4_3/mult_x_4/U1061/ZN (AOI222D0BWP40P140)           0.07      0.04       2.74 f
  core4_3/mult_x_4/n1069 (net)                  1                   0.00       2.74 f
  core4_3/mult_x_4/U1062/ZN (MUX2ND0BWP40P140)            0.06      0.07       2.82 f
  core4_3/mult_x_4/n1145 (net)                  1                   0.00       2.82 f
  core4_3/mult_x_4/U782/S (HA1D0BWP40P140)                0.03      0.07       2.88 f
  core4_3/mult_x_4/n1232 (net)                  1                   0.00       2.88 f
  core4_3/mult_x_4/U838/S (FA1D0BWP40P140)                0.04      0.13       3.01 r
  core4_3/mult_x_4/n1331 (net)                  1                   0.00       3.01 r
  core4_3/mult_x_4/U859/CO (FA1D0BWP40P140)               0.03      0.08       3.09 r
  core4_3/mult_x_4/n1324 (net)                  1                   0.00       3.09 r
  core4_3/mult_x_4/U860/CO (FA1D0BWP40P140)               0.03      0.07       3.17 r
  core4_3/mult_x_4/n1319 (net)                  1                   0.00       3.17 r
  core4_3/mult_x_4/U861/CO (FA1D0BWP40P140)               0.03      0.07       3.24 r
  core4_3/mult_x_4/n1314 (net)                  1                   0.00       3.24 r
  core4_3/mult_x_4/U862/CO (FA1D0BWP40P140)               0.03      0.07       3.31 r
  core4_3/mult_x_4/n1309 (net)                  1                   0.00       3.31 r
  core4_3/mult_x_4/U863/CO (FA1D0BWP40P140)               0.03      0.07       3.39 r
  core4_3/mult_x_4/n1304 (net)                  1                   0.00       3.39 r
  core4_3/mult_x_4/U854/S (FA1D0BWP40P140)                0.03      0.11       3.50 f
  core4_3/mult_x_4/n1423 (net)                  1                   0.00       3.50 f
  core4_3/mult_x_4/U876/S (FA1D0BWP40P140)                0.04      0.13       3.63 r
  core4_3/mult_x_4/n1543 (net)                  1                   0.00       3.63 r
  core4_3/mult_x_4/U930/CO (FA1D0BWP40P140)               0.03      0.08       3.71 r
  core4_3/mult_x_4/n1538 (net)                  1                   0.00       3.71 r
  core4_3/mult_x_4/U945/CO (FA1D0BWP40P140)               0.03      0.07       3.79 r
  core4_3/mult_x_4/n1535 (net)                  1                   0.00       3.79 r
  core4_3/mult_x_4/U946/CO (FA1D0BWP40P140)               0.03      0.07       3.86 r
  core4_3/mult_x_4/n1532 (net)                  1                   0.00       3.86 r
  core4_3/mult_x_4/U947/CO (FA1D0BWP40P140)               0.03      0.07       3.93 r
  core4_3/mult_x_4/n1529 (net)                  1                   0.00       3.93 r
  core4_3/mult_x_4/U948/CO (FA1D0BWP40P140)               0.03      0.07       4.01 r
  core4_3/mult_x_4/n1526 (net)                  1                   0.00       4.01 r
  core4_3/mult_x_4/U949/CO (FA1D0BWP40P140)               0.03      0.07       4.08 r
  core4_3/mult_x_4/n1523 (net)                  1                   0.00       4.08 r
  core4_3/mult_x_4/U950/CO (FA1D0BWP40P140)               0.03      0.07       4.16 r
  core4_3/mult_x_4/n1520 (net)                  1                   0.00       4.16 r
  core4_3/mult_x_4/U951/CO (FA1D0BWP40P140)               0.03      0.07       4.23 r
  core4_3/mult_x_4/n1517 (net)                  1                   0.00       4.23 r
  core4_3/mult_x_4/U952/CO (FA1D0BWP40P140)               0.03      0.07       4.31 r
  core4_3/mult_x_4/n1629 (net)                  1                   0.00       4.31 r
  core4_3/mult_x_4/U953/CO (FA1D0BWP40P140)               0.03      0.07       4.38 r
  core4_3/mult_x_4/n1663 (net)                  1                   0.00       4.38 r
  core4_3/mult_x_4/U954/CO (FA1D0BWP40P140)               0.03      0.07       4.45 r
  core4_3/mult_x_4/n1666 (net)                  1                   0.00       4.45 r
  core4_3/mult_x_4/U768/Z (XOR4D1BWP40P140)               0.02      0.09       4.54 r
  core4_3/mult_x_4/n1676 (net)                  1                   0.00       4.54 r
  core4_3/mult_x_4/U767/Z (XOR4D0BWP40P140)               0.03      0.11       4.65 r
  core4_3/mult_x_4/n1687 (net)                  1                   0.00       4.65 r
  core4_3/mult_x_4/U874/Z (XOR4D0BWP40P140)               0.03      0.12       4.77 r
  core4_3/mult_x_4/n1698 (net)                  2                   0.00       4.77 r
  core4_3/mult_x_4/U927/ZN (OAI21D0BWP40P140HVT)          0.04      0.04       4.81 f
  core4_3/mult_x_4/n1695 (net)                  1                   0.00       4.81 f
  core4_3/mult_x_4/U926/ZN (OAI31D0BWP40P140LVT)          0.03      0.03       4.84 r
  core4_3/mult_x_4/n1706 (net)                  1                   0.00       4.84 r
  core4_3/mult_x_4/U766/Z (XOR4D0BWP40P140)               0.03      0.12       4.96 r
  core4_3/mult_x_4/product[29] (net)            1                   0.00       4.96 r
  core4_3/mult_x_4/product[29] (core4_1_DW_mult_tc_J6_3_1)          0.00       4.96 r
  core4_3/n_w_3_T_1[29] (net)                                       0.00       4.96 r
  core4_3/s_w_3_reg_29_/D (DFKCNQD1BWP40P140)             0.03      0.00       4.96 r
  data arrival time                                                            4.96

  clock clk (rise edge)                                             5.00       5.00
  clock network delay (ideal)                                       0.00       5.00
  core4_3/s_w_3_reg_29_/CP (DFKCNQD1BWP40P140)                      0.00       5.00 r
  library setup time                                               -0.04       4.96
  data required time                                                           4.96
  ---------------------------------------------------------------------------------------------------------
  data required time                                                           4.96
  data arrival time                                                           -4.96
  ---------------------------------------------------------------------------------------------------------
  slack (MET)                                                                  0.00


1
