 
****************************************
Report : area
Design : core4_a32_b14_c32
Version: O-2018.06-SP5
Date   : Tue May 12 07:40:18 2026
****************************************

Library(s) Used:

    tcbn28hpcplusbwp40p140lvtssg0p81vm40c_ccs (File: /export1/Library/TN28HPC+/STD_CELL_ext/track9_200824/TSMCHOME/digital/Front_End/timing_power_noise/CCS/tcbn28hpcplusbwp40p140lvt_180a/tcbn28hpcplusbwp40p140lvtssg0p81vm40c_ccs.db)
    tcbn28hpcplusbwp40p140ssg0p81vm40c_ccs (File: /export1/Library/TN28HPC+/STD_CELL_ext/track9_200824/TSMCHOME/digital/Front_End/timing_power_noise/CCS/tcbn28hpcplusbwp40p140_180a/tcbn28hpcplusbwp40p140ssg0p81vm40c_ccs.db)
    tcbn28hpcplusbwp40p140hvtssg0p81vm40c_ccs (File: /export1/Library/TN28HPC+/STD_CELL_ext/track9_200824/TSMCHOME/digital/Front_End/timing_power_noise/CCS/tcbn28hpcplusbwp40p140hvt_180a/tcbn28hpcplusbwp40p140hvtssg0p81vm40c_ccs.db)

Number of ports:                         3774
Number of nets:                         13748
Number of cells:                         7637
Number of combinational cells:           7241
Number of sequential cells:               372
Number of macros/black boxes:               0
Number of buf/inv:                        885
Number of references:                      14

Combinational area:               8666.279860
Buf/Inv area:                      234.360002
Noncombinational area:             749.952012
Macro/Black Box area:                0.000000
Net Interconnect area:      undefined  (Wire load has zero net area)

Total cell area:                  9416.231872
Total area:                 undefined

Area of detected synthetic parts
--------------------------------
                                                  Perc. of
  Module               Implem.  Count       Area cell area
  -------------------- -------  ----- ---------- ---------
  DP_OP_106J2_122_9073     str      1  2043.7019     21.7%
  DP_OP_52J2_123_8276      str      1   205.6319      2.2%
  DP_OP_52J3_122_4543      str      1    95.5080      1.0%
  DP_OP_53J2_124_963       str      1   284.5079      3.0%
  DP_OP_53J3_123_5215      str      1   125.7479      1.3%
  DP_OP_54J2_125_7758      str      1   286.0198      3.0%
  DP_OP_54J3_124_1990      str      1   132.8039      1.4%
  DW_mult_tc           apparch      4  3450.3906     36.6%
  DW_mult_uns          apparch      3  2001.8920     21.3%
  -------------------- -------  ----- ---------- ---------
  DP_OP Subtotal:                   7  3173.9213     33.7%
  Total:                           14  8626.2039     91.6%

Subtotal of datapath(DP_OP) cell area:  3173.9213  33.7%  
Total synthetic cell area:              8626.2039  91.6%  

1
