 
****************************************
Report : timing
        -path full
        -delay max
        -nets
        -max_paths 1
        -transition_time
Design : core16_a28_b10_c28
Version: O-2018.06-SP5
Date   : Tue May 12 14:22:10 2026
****************************************

 # A fanout number of 1000 was used for high fanout net computations.

Operating Conditions: ssg0p81vm40c   Library: tcbn28hpcplusbwp40p140hvtssg0p81vm40c_ccs
Wire Load Model Mode: segmented

  Startpoint: io_b_3[0] (input port clocked by clk)
  Endpoint: core4_1/s_w_2_reg_33_
            (rising edge-triggered flip-flop clocked by clk)
  Path Group: clk
  Path Type: max

  Des/Clust/Port     Wire Load Model       Library
  ------------------------------------------------
  core16_a28_b10_c28 ZeroWireload          tcbn28hpcplusbwp40p140hvtssg0p81vm40c_ccs
  Eval_1_0_DP_OP_52J6_125_4583_J6_0_3 ZeroWireload tcbn28hpcplusbwp40p140hvtssg0p81vm40c_ccs
  Eval_1_0_DP_OP_53J6_126_8511_J6_0_3 ZeroWireload tcbn28hpcplusbwp40p140hvtssg0p81vm40c_ccs
  Eval_1_0_DP_OP_54J6_127_5286_J6_0_3 ZeroWireload tcbn28hpcplusbwp40p140hvtssg0p81vm40c_ccs
  Eval_9_5_DP_OP_56J13_124_4421_J13_0 ZeroWireload tcbn28hpcplusbwp40p140hvtssg0p81vm40c_ccs
  Eval_9_5_DP_OP_55J13_123_5659_J13_0 ZeroWireload tcbn28hpcplusbwp40p140hvtssg0p81vm40c_ccs
  Eval_9_5_DP_OP_54J13_122_7920_J13_0 ZeroWireload tcbn28hpcplusbwp40p140hvtssg0p81vm40c_ccs
  core4_5_DW_mult_uns_J12_0 ZeroWireload   tcbn28hpcplusbwp40p140hvtssg0p81vm40c_ccs
  core4_5_DW_mult_tc_J12_3 ZeroWireload    tcbn28hpcplusbwp40p140hvtssg0p81vm40c_ccs

Attributes:
    d - dont_touch
    u - dont_use
   mo - map_only
   so - size_only
    i - ideal_net or ideal_network
  inf - infeasible path

  Point                                       Fanout     Trans      Incr       Path      Attributes
  ---------------------------------------------------------------------------------------------------------
  clock clk (rise edge)                                             0.00       0.00
  clock network delay (ideal)                                       0.00       0.00
  input external delay                                              0.50       0.50 f
  io_b_3[0] (in)                                          0.00      0.00       0.50 f
  io_b_3[0] (net)                               1                   0.00       0.50 f
  evalB/io_in_3[0] (Eval_1_3)                                       0.00       0.50 f
  evalB/io_in_3[0] (net)                                            0.00       0.50 f
  evalB/U34/ZN (CKND0BWP40P140)                           0.01      0.01       0.51 r
  evalB/n7 (net)                                1                   0.00       0.51 r
  evalB/U31/ZN (CKND0BWP40P140)                           0.05      0.03       0.54 f
  evalB/io_out_0[0] (net)                       4                   0.00       0.54 f
  evalB/DP_OP_52J6_125_4583/I2[1] (Eval_1_0_DP_OP_52J6_125_4583_J6_0_3)     0.00     0.54 f
  evalB/DP_OP_52J6_125_4583/I2[1] (net)                             0.00       0.54 f
  evalB/DP_OP_52J6_125_4583/U50/CO (HA1D0BWP40P140)       0.02      0.05       0.59 f
  evalB/DP_OP_52J6_125_4583/n124 (net)          1                   0.00       0.59 f
  evalB/DP_OP_52J6_125_4583/U52/CO (FA1D0BWP40P140)       0.03      0.07       0.66 f
  evalB/DP_OP_52J6_125_4583/n127 (net)          1                   0.00       0.66 f
  evalB/DP_OP_52J6_125_4583/U58/S (FA1D0BWP40P140)        0.04      0.12       0.78 r
  evalB/DP_OP_52J6_125_4583/n131 (net)          1                   0.00       0.78 r
  evalB/DP_OP_52J6_125_4583/U65/CO (FA1D0BWP40P140)       0.03      0.08       0.85 r
  evalB/DP_OP_52J6_125_4583/n134 (net)          1                   0.00       0.85 r
  evalB/DP_OP_52J6_125_4583/U60/CO (FA1D0BWP40P140)       0.03      0.07       0.93 r
  evalB/DP_OP_52J6_125_4583/n132 (net)          1                   0.00       0.93 r
  evalB/DP_OP_52J6_125_4583/U64/S (FA1D0BWP40P140)        0.03      0.11       1.04 f
  evalB/DP_OP_52J6_125_4583/n139 (net)          1                   0.00       1.04 f
  evalB/DP_OP_52J6_125_4583/U71/CO (FA1D0BWP40P140)       0.03      0.08       1.12 f
  evalB/DP_OP_52J6_125_4583/n149 (net)          1                   0.00       1.12 f
  evalB/DP_OP_52J6_125_4583/U70/S (FA1D0BWP40P140)        0.02      0.11       1.23 r
  evalB/DP_OP_52J6_125_4583/O1[8] (net)         1                   0.00       1.23 r
  evalB/DP_OP_52J6_125_4583/O1[8] (Eval_1_0_DP_OP_52J6_125_4583_J6_0_3)     0.00     1.23 r
  evalB/io_out_1[8] (net)                                           0.00       1.23 r
  evalB/io_out_1[8] (Eval_1_3)                                      0.00       1.23 r
  evalB_io_out_1[8] (net)                                           0.00       1.23 r
  core4_1/io_b_0[8] (core4_5)                                       0.00       1.23 r
  core4_1/io_b_0[8] (net)                                           0.00       1.23 r
  core4_1/evalB/io_in_0[8] (Eval_9_5)                               0.00       1.23 r
  core4_1/evalB/io_in_0[8] (net)                                    0.00       1.23 r
  core4_1/evalB/U8/ZN (CKND0BWP40P140)                    0.01      0.02       1.24 f
  core4_1/evalB/n17 (net)                       1                   0.00       1.24 f
  core4_1/evalB/U6/ZN (INVD0P7BWP40P140)                  0.18      0.11       1.35 r
  core4_1/evalB/io_out_6[8] (net)              34                   0.00       1.35 r
  core4_1/evalB/DP_OP_55J13_123_5659/I2[8] (Eval_9_5_DP_OP_55J13_123_5659_J13_0)     0.00     1.35 r
  core4_1/evalB/DP_OP_55J13_123_5659/I2[8] (net)                    0.00       1.35 r
  core4_1/evalB/DP_OP_55J13_123_5659/U103/CO (FA1D0BWP40P140)     0.03     0.12     1.48 r
  core4_1/evalB/DP_OP_55J13_123_5659/n235 (net)     1               0.00       1.48 r
  core4_1/evalB/DP_OP_55J13_123_5659/U129/CO (FA1D0BWP40P140)     0.03     0.07     1.55 r
  core4_1/evalB/DP_OP_55J13_123_5659/n233 (net)     1               0.00       1.55 r
  core4_1/evalB/DP_OP_55J13_123_5659/U105/CO (FA1D0BWP40P140)     0.03     0.07     1.63 r
  core4_1/evalB/DP_OP_55J13_123_5659/n231 (net)     1               0.00       1.63 r
  core4_1/evalB/DP_OP_55J13_123_5659/U132/S (FA1D0BWP40P140)     0.05     0.13     1.75 f
  core4_1/evalB/DP_OP_55J13_123_5659/n319 (net)     2               0.00       1.75 f
  core4_1/evalB/DP_OP_55J13_123_5659/U149/S (FA1D0BWP40P140)     0.16     0.20     1.96 r
  core4_1/evalB/DP_OP_55J13_123_5659/O1[11] (net)    27             0.00       1.96 r
  core4_1/evalB/DP_OP_55J13_123_5659/O1[11] (Eval_9_5_DP_OP_55J13_123_5659_J13_0)     0.00     1.96 r
  core4_1/evalB/io_out_2[11] (net)                                  0.00       1.96 r
  core4_1/evalB/io_out_2[11] (Eval_9_5)                             0.00       1.96 r
  core4_1/evalB_io_out_2[11] (net)                                  0.00       1.96 r
  core4_1/mult_x_3/b[11] (core4_5_DW_mult_tc_J12_3)                 0.00       1.96 r
  core4_1/mult_x_3/b[11] (net)                                      0.00       1.96 r
  core4_1/mult_x_3/U1163/ZN (CKND0BWP40P140)              0.16      0.16       2.11 f
  core4_1/mult_x_3/n2106 (net)                 27                   0.00       2.11 f
  core4_1/mult_x_3/U915/ZN (AOI22D0BWP40P140)             0.07      0.12       2.24 r
  core4_1/mult_x_3/n2177 (net)                  4                   0.00       2.24 r
  core4_1/mult_x_3/U968/ZN (CKND0BWP40P140)               0.14      0.11       2.35 f
  core4_1/mult_x_3/n2078 (net)                 22                   0.00       2.35 f
  core4_1/mult_x_3/U933/ZN (AOI221D0BWP40P140)            0.29      0.24       2.59 r
  core4_1/mult_x_3/n2181 (net)                 21                   0.00       2.59 r
  core4_1/mult_x_3/U1590/Z (AO22D0BWP40P140)              0.03      0.12       2.71 r
  core4_1/mult_x_3/n1783 (net)                  1                   0.00       2.71 r
  core4_1/mult_x_3/U976/S (FA1D0BWP40P140)                0.03      0.11       2.83 f
  core4_1/mult_x_3/n1819 (net)                  1                   0.00       2.83 f
  core4_1/mult_x_3/U1055/S (FA1D0BWP40P140)               0.03      0.13       2.95 r
  core4_1/mult_x_3/n1838 (net)                  1                   0.00       2.95 r
  core4_1/mult_x_3/U1104/S (FA1D0BWP40P140)               0.04      0.09       3.05 r
  core4_1/mult_x_3/n2002 (net)                  1                   0.00       3.05 r
  core4_1/mult_x_3/U1137/CO (FA1D0BWP40P140)              0.03      0.08       3.12 r
  core4_1/mult_x_3/n1998 (net)                  1                   0.00       3.12 r
  core4_1/mult_x_3/U1138/CO (FA1D0BWP40P140)              0.03      0.07       3.20 r
  core4_1/mult_x_3/n1995 (net)                  1                   0.00       3.20 r
  core4_1/mult_x_3/U1139/CO (FA1D0BWP40P140)              0.03      0.07       3.27 r
  core4_1/mult_x_3/n1992 (net)                  1                   0.00       3.27 r
  core4_1/mult_x_3/U1140/CO (FA1D0BWP40P140)              0.03      0.07       3.34 r
  core4_1/mult_x_3/n1989 (net)                  1                   0.00       3.34 r
  core4_1/mult_x_3/U1141/CO (FA1D0BWP40P140)              0.03      0.07       3.42 r
  core4_1/mult_x_3/n1986 (net)                  1                   0.00       3.42 r
  core4_1/mult_x_3/U1142/CO (FA1D0BWP40P140)              0.03      0.07       3.49 r
  core4_1/mult_x_3/n1983 (net)                  1                   0.00       3.49 r
  core4_1/mult_x_3/U1143/CO (FA1D0BWP40P140)              0.03      0.07       3.57 r
  core4_1/mult_x_3/n1980 (net)                  1                   0.00       3.57 r
  core4_1/mult_x_3/U1144/CO (FA1D0BWP40P140)              0.03      0.07       3.64 r
  core4_1/mult_x_3/n1977 (net)                  1                   0.00       3.64 r
  core4_1/mult_x_3/U1145/CO (FA1D0BWP40P140)              0.03      0.07       3.71 r
  core4_1/mult_x_3/n1974 (net)                  1                   0.00       3.71 r
  core4_1/mult_x_3/U1146/CO (FA1D0BWP40P140)              0.03      0.07       3.79 r
  core4_1/mult_x_3/n1971 (net)                  1                   0.00       3.79 r
  core4_1/mult_x_3/U1147/CO (FA1D0BWP40P140)              0.03      0.07       3.86 r
  core4_1/mult_x_3/n1968 (net)                  1                   0.00       3.86 r
  core4_1/mult_x_3/U1126/CO (FA1D0BWP40P140)              0.03      0.07       3.94 r
  core4_1/mult_x_3/n1965 (net)                  1                   0.00       3.94 r
  core4_1/mult_x_3/U1148/CO (FA1D0BWP40P140)              0.03      0.07       4.01 r
  core4_1/mult_x_3/n1962 (net)                  1                   0.00       4.01 r
  core4_1/mult_x_3/U1149/CO (FA1D0BWP40P140)              0.03      0.07       4.09 r
  core4_1/mult_x_3/n1959 (net)                  1                   0.00       4.09 r
  core4_1/mult_x_3/U1150/CO (FA1D0BWP40P140)              0.03      0.07       4.16 r
  core4_1/mult_x_3/n1956 (net)                  1                   0.00       4.16 r
  core4_1/mult_x_3/U1151/CO (FA1D0BWP40P140)              0.03      0.07       4.23 r
  core4_1/mult_x_3/n1953 (net)                  1                   0.00       4.23 r
  core4_1/mult_x_3/U1152/CO (FA1D0BWP40P140)              0.03      0.07       4.31 r
  core4_1/mult_x_3/n1950 (net)                  1                   0.00       4.31 r
  core4_1/mult_x_3/U1153/CO (FA1D0BWP40P140)              0.03      0.07       4.38 r
  core4_1/mult_x_3/n2090 (net)                  1                   0.00       4.38 r
  core4_1/mult_x_3/U1154/CO (FA1D0BWP40P140)              0.03      0.07       4.46 r
  core4_1/mult_x_3/n2164 (net)                  1                   0.00       4.46 r
  core4_1/mult_x_3/U1155/CO (FA1D0BWP40P140)              0.02      0.07       4.52 r
  core4_1/mult_x_3/n2175 (net)                  1                   0.00       4.52 r
  core4_1/mult_x_3/U1250/Z (XOR4D0BWP40P140)              0.03      0.11       4.64 r
  core4_1/mult_x_3/n2184 (net)                  1                   0.00       4.64 r
  core4_1/mult_x_3/U1255/Z (XOR4D0BWP40P140)              0.02      0.12       4.76 f
  core4_1/mult_x_3/n2190 (net)                  1                   0.00       4.76 f
  core4_1/mult_x_3/U913/Z (XOR4D1BWP40P140)               0.02      0.10       4.86 f
  core4_1/mult_x_3/n2193 (net)                  1                   0.00       4.86 f
  core4_1/mult_x_3/U1156/Z (XOR4D0BWP40P140)              0.03      0.10       4.96 r
  core4_1/mult_x_3/product[33] (net)            1                   0.00       4.96 r
  core4_1/mult_x_3/product[33] (core4_5_DW_mult_tc_J12_3)           0.00       4.96 r
  core4_1/n_w_2_T_1[33] (net)                                       0.00       4.96 r
  core4_1/s_w_2_reg_33_/D (DFKCNQD1BWP40P140)             0.03      0.00       4.96 r
  data arrival time                                                            4.96

  clock clk (rise edge)                                             5.00       5.00
  clock network delay (ideal)                                       0.00       5.00
  core4_1/s_w_2_reg_33_/CP (DFKCNQD1BWP40P140)                      0.00       5.00 r
  library setup time                                               -0.04       4.96
  data required time                                                           4.96
  ---------------------------------------------------------------------------------------------------------
  data required time                                                           4.96
  data arrival time                                                           -4.96
  ---------------------------------------------------------------------------------------------------------
  slack (MET)                                                                  0.00


1
