Information: Updating design information... (UID-85)
Warning: Design 'core16_a24_b14_c24' contains 1 high-fanout nets. A fanout number of 1000 will be used for delay calculations involving these nets. (TIM-134)
 
****************************************
Report : qor
Design : core16_a24_b14_c24
Version: O-2018.06-SP5
Date   : Tue May 12 13:31:31 2026
****************************************


  Timing Path Group 'clk'
  -----------------------------------
  Levels of Logic:              57.00
  Critical Path Length:          4.46
  Critical Path Slack:           0.00
  Critical Path Clk Period:      5.00
  Total Negative Slack:          0.00
  No. of Violating Paths:        0.00
  Worst Hold Violation:          0.00
  Total Hold Violation:          0.00
  No. of Hold Violations:        0.00
  -----------------------------------


  Cell Count
  -----------------------------------
  Hierarchical Cell Count:        168
  Hierarchical Port Count:      34132
  Leaf Cell Count:              54659
  Buf/Inv Cell Count:            6832
  Buf Cell Count:                 985
  Inv Cell Count:                5847
  CT Buf/Inv Cell Count:            0
  Combinational Cell Count:     51322
  Sequential Cell Count:         3337
  Macro Count:                      0
  -----------------------------------


  Area
  -----------------------------------
  Combinational Area:    63354.185024
  Noncombinational Area:  6727.392108
  Buf/Inv Area:           1846.152015
  Total Buffer Area:           372.33
  Total Inverter Area:        1473.82
  Macro/Black Box Area:      0.000000
  Net Area:                  0.000000
  -----------------------------------
  Cell Area:             70081.577132
  Design Area:           70081.577132


  Design Rules
  -----------------------------------
  Total Number of Nets:         76598
  Nets With Violations:             0
  Max Trans Violations:             0
  Max Cap Violations:               0
  -----------------------------------


  Hostname: inspur19

  Compile CPU Statistics
  -----------------------------------------
  Resource Sharing:                    0.00
  Logic Optimization:                  0.00
  Mapping Optimization:                0.00
  -----------------------------------------
  Overall Compile Time:             7219.95
  Overall Compile Wall Clock Time:  1223.77

  --------------------------------------------------------------------

  Design  WNS: 0.00  TNS: 0.00  Number of Violating Paths: 0


  Design (Hold)  WNS: 0.00  TNS: 0.00  Number of Violating Paths: 0

  --------------------------------------------------------------------


1
