 
****************************************
Report : timing
        -path full
        -delay max
        -max_paths 3
Design : core4_a24_b10_c24
Version: O-2018.06-SP5
Date   : Tue May 12 04:57:18 2026
****************************************

Operating Conditions: ssg0p81vm40c   Library: tcbn28hpcplusbwp40p140hvtssg0p81vm40c_ccs
Wire Load Model Mode: segmented

  Startpoint: io_b_0[2] (input port clocked by clk)
  Endpoint: s_w_2_reg_26_
            (rising edge-triggered flip-flop clocked by clk)
  Path Group: clk
  Path Type: max

  Des/Clust/Port     Wire Load Model       Library
  ------------------------------------------------
  core4_a24_b10_c24  ZeroWireload          tcbn28hpcplusbwp40p140hvtssg0p81vm40c_ccs
  core4_a24_b10_c24_DW_mult_uns_J2_0
                     ZeroWireload          tcbn28hpcplusbwp40p140hvtssg0p81vm40c_ccs
  Eval_1_DP_OP_52J2_126_4539_J2_0
                     ZeroWireload          tcbn28hpcplusbwp40p140hvtssg0p81vm40c_ccs
  Eval_1_DP_OP_53J2_127_9506_J2_0
                     ZeroWireload          tcbn28hpcplusbwp40p140hvtssg0p81vm40c_ccs
  Eval_1_DP_OP_54J2_128_4915_J2_0
                     ZeroWireload          tcbn28hpcplusbwp40p140hvtssg0p81vm40c_ccs
  core4_a24_b10_c24_DW_mult_uns_J2_1
                     ZeroWireload          tcbn28hpcplusbwp40p140hvtssg0p81vm40c_ccs

  Point                                                   Incr       Path
  --------------------------------------------------------------------------
  clock clk (rise edge)                                   0.00       0.00
  clock network delay (ideal)                             0.00       0.00
  input external delay                                    0.50       0.50 f
  io_b_0[2] (in)                                          0.00       0.50 f
  evalB/io_in_0[2] (Eval_1)                               0.00       0.50 f
  evalB/U27/ZN (CKND0BWP40P140)                           0.01       0.51 r
  evalB/U5/ZN (CKND0BWP40P140)                            0.14       0.64 f
  evalB/DP_OP_53J2_127_9506/I2[2] (Eval_1_DP_OP_53J2_127_9506_J2_0)
                                                          0.00       0.64 f
  evalB/DP_OP_53J2_127_9506/U82/S (FA1D0BWP40P140)        0.23       0.87 r
  evalB/DP_OP_53J2_127_9506/U109/CO (FA1D0BWP40P140)      0.08       0.95 r
  evalB/DP_OP_53J2_127_9506/U108/CO (FA1D0BWP40P140)      0.07       1.03 r
  evalB/DP_OP_53J2_127_9506/U107/CO (FA1D0BWP40P140)      0.07       1.10 r
  evalB/DP_OP_53J2_127_9506/U106/S (FA1D0BWP40P140)       0.17       1.27 r
  evalB/DP_OP_53J2_127_9506/O1[5] (Eval_1_DP_OP_53J2_127_9506_J2_0)
                                                          0.00       1.27 r
  evalB/io_out_2[5] (Eval_1)                              0.00       1.27 r
  mult_x_3/b[5] (core4_a24_b10_c24_DW_mult_uns_J2_1)      0.00       1.27 r
  mult_x_3/U540/ZN (CKND0BWP40P140)                       0.15       1.42 f
  mult_x_3/U542/ZN (AOI22D0BWP40P140)                     0.12       1.54 r
  mult_x_3/U543/ZN (CKND0BWP40P140)                       0.11       1.65 f
  mult_x_3/U547/ZN (AOI221D0BWP40P140)                    0.23       1.88 r
  mult_x_3/U872/Z (AO22D0BWP40P140)                       0.12       2.00 r
  mult_x_3/U883/S (FA1D0BWP40P140)                        0.11       2.11 f
  mult_x_3/U890/S (FA1D0BWP40P140)                        0.12       2.23 r
  mult_x_3/U931/CO (FA1D0BWP40P140)                       0.08       2.30 r
  mult_x_3/U930/CO (FA1D0BWP40P140)                       0.07       2.38 r
  mult_x_3/U929/CO (FA1D0BWP40P140)                       0.07       2.45 r
  mult_x_3/U928/CO (FA1D0BWP40P140)                       0.07       2.53 r
  mult_x_3/U927/CO (FA1D0BWP40P140)                       0.07       2.60 r
  mult_x_3/U926/CO (FA1D0BWP40P140)                       0.07       2.67 r
  mult_x_3/U925/CO (FA1D0BWP40P140)                       0.07       2.75 r
  mult_x_3/U924/CO (FA1D0BWP40P140)                       0.07       2.82 r
  mult_x_3/U923/CO (FA1D0BWP40P140)                       0.07       2.90 r
  mult_x_3/U922/CO (FA1D0BWP40P140)                       0.07       2.97 r
  mult_x_3/U921/CO (FA1D0BWP40P140)                       0.07       3.04 r
  mult_x_3/U920/CO (FA1D0BWP40P140)                       0.07       3.12 r
  mult_x_3/U919/CO (FA1D0BWP40P140)                       0.07       3.19 r
  mult_x_3/U918/CO (FA1D0BWP40P140)                       0.07       3.27 r
  mult_x_3/U917/CO (FA1D0BWP40P140)                       0.07       3.34 r
  mult_x_3/U916/CO (FA1D0BWP40P140)                       0.07       3.41 r
  mult_x_3/U915/CO (FA1D0BWP40P140)                       0.07       3.49 r
  mult_x_3/U955/CO (FA1D0BWP40P140)                       0.07       3.56 r
  mult_x_3/U973/CO (FA1D0BWP40P140)                       0.07       3.63 r
  mult_x_3/U535/ZN (XNR4D0BWP40P140)                      0.12       3.75 r
  mult_x_3/U537/Z (XOR4D0BWP40P140)                       0.10       3.85 r
  mult_x_3/product[26] (core4_a24_b10_c24_DW_mult_uns_J2_1)
                                                          0.00       3.85 r
  s_w_2_reg_26_/D (DFKCNQD1BWP40P140)                     0.00       3.85 r
  data arrival time                                                  3.85

  clock clk (rise edge)                                   5.00       5.00
  clock network delay (ideal)                             0.00       5.00
  s_w_2_reg_26_/CP (DFKCNQD1BWP40P140)                    0.00       5.00 r
  library setup time                                     -0.04       4.96
  data required time                                                 4.96
  --------------------------------------------------------------------------
  data required time                                                 4.96
  data arrival time                                                 -3.85
  --------------------------------------------------------------------------
  slack (MET)                                                        1.11


  Startpoint: io_b_3[2] (input port clocked by clk)
  Endpoint: s_w_5_reg_26_
            (rising edge-triggered flip-flop clocked by clk)
  Path Group: clk
  Path Type: max

  Des/Clust/Port     Wire Load Model       Library
  ------------------------------------------------
  core4_a24_b10_c24  ZeroWireload          tcbn28hpcplusbwp40p140hvtssg0p81vm40c_ccs
  core4_a24_b10_c24_DW_mult_uns_J2_2
                     ZeroWireload          tcbn28hpcplusbwp40p140hvtssg0p81vm40c_ccs
  Eval_1_DP_OP_52J2_126_4539_J2_0
                     ZeroWireload          tcbn28hpcplusbwp40p140hvtssg0p81vm40c_ccs
  Eval_1_DP_OP_53J2_127_9506_J2_0
                     ZeroWireload          tcbn28hpcplusbwp40p140hvtssg0p81vm40c_ccs
  Eval_1_DP_OP_54J2_128_4915_J2_0
                     ZeroWireload          tcbn28hpcplusbwp40p140hvtssg0p81vm40c_ccs
  core4_a24_b10_c24_DW_mult_tc_J2_0
                     ZeroWireload          tcbn28hpcplusbwp40p140hvtssg0p81vm40c_ccs

  Point                                                   Incr       Path
  --------------------------------------------------------------------------
  clock clk (rise edge)                                   0.00       0.00
  clock network delay (ideal)                             0.00       0.00
  input external delay                                    0.50       0.50 f
  io_b_3[2] (in)                                          0.00       0.50 f
  evalB/io_in_3[2] (Eval_1)                               0.00       0.50 f
  evalB/U28/ZN (CKND0BWP40P140)                           0.01       0.51 r
  evalB/U7/ZN (CKND0BWP40P140)                            0.14       0.64 f
  evalB/DP_OP_54J2_128_4915/I3[2] (Eval_1_DP_OP_54J2_128_4915_J2_0)
                                                          0.00       0.64 f
  evalB/DP_OP_54J2_128_4915/U67/CO (HA1D0BWP40P140)       0.11       0.75 f
  evalB/DP_OP_54J2_128_4915/U91/CO (FA1D0BWP40P140)       0.07       0.82 f
  evalB/DP_OP_54J2_128_4915/U89/CO (FA1D0BWP40P140)       0.07       0.89 f
  evalB/DP_OP_54J2_128_4915/U87/S (FA1D0BWP40P140)        0.12       1.01 r
  evalB/DP_OP_54J2_128_4915/U111/ZN (CKND0BWP40P140)      0.03       1.05 f
  evalB/DP_OP_54J2_128_4915/U125/CO (FA1D0BWP40P140)      0.07       1.12 f
  evalB/DP_OP_54J2_128_4915/U124/CO (FA1D0BWP40P140)      0.07       1.19 f
  evalB/DP_OP_54J2_128_4915/U123/CO (FA1D0BWP40P140)      0.07       1.27 f
  evalB/DP_OP_54J2_128_4915/U122/CO (FA1D0BWP40P140)      0.07       1.34 f
  evalB/DP_OP_54J2_128_4915/U121/CO (FA1D0BWP40P140)      0.07       1.41 f
  evalB/DP_OP_54J2_128_4915/U120/CO (FA1D0BWP40P140)      0.07       1.48 f
  evalB/DP_OP_54J2_128_4915/U119/CO (FA1D0BWP40P140)      0.07       1.56 f
  evalB/DP_OP_54J2_128_4915/U118/CO (FA1D0BWP40P140)      0.07       1.63 f
  evalB/DP_OP_54J2_128_4915/U117/ZN (NR2D0BWP40P140)      0.14       1.76 r
  evalB/DP_OP_54J2_128_4915/O2[14] (Eval_1_DP_OP_54J2_128_4915_J2_0)
                                                          0.00       1.76 r
  evalB/io_out_5[14] (Eval_1)                             0.00       1.76 r
  mult_x_6/b[14] (core4_a24_b10_c24_DW_mult_tc_J2_0)      0.00       1.76 r
  mult_x_6/U625/ZN (CKND0BWP40P140)                       0.14       1.90 f
  mult_x_6/U629/ZN (MUX2ND0BWP40P140)                     0.08       1.98 r
  mult_x_6/U595/ZN (ND2D0BWP40P140HVT)                    0.12       2.11 f
  mult_x_6/U661/ZN (CKND0BWP40P140)                       0.07       2.18 r
  mult_x_6/U663/ZN (AOI222D0BWP40P140)                    0.04       2.22 f
  mult_x_6/U664/ZN (MUX2ND0BWP40P140)                     0.07       2.29 f
  mult_x_6/U756/S (HA1D0BWP40P140)                        0.07       2.36 f
  mult_x_6/U828/S (FA1D0BWP40P140)                        0.13       2.49 r
  mult_x_6/U908/CO (FA1D0BWP40P140)                       0.08       2.57 r
  mult_x_6/U904/S (FA1D0BWP40P140)                        0.11       2.68 f
  mult_x_6/U992/S (FA1D0BWP40P140)                        0.13       2.82 r
  mult_x_6/U1072/CO (FA1D0BWP40P140)                      0.08       2.89 r
  mult_x_6/U1071/CO (FA1D0BWP40P140)                      0.07       2.97 r
  mult_x_6/U1070/CO (FA1D0BWP40P140)                      0.07       3.04 r
  mult_x_6/U1069/CO (FA1D0BWP40P140)                      0.07       3.12 r
  mult_x_6/U1068/CO (FA1D0BWP40P140)                      0.07       3.19 r
  mult_x_6/U1067/CO (FA1D0BWP40P140)                      0.07       3.26 r
  mult_x_6/U1066/CO (FA1D0BWP40P140)                      0.07       3.34 r
  mult_x_6/U1065/CO (FA1D0BWP40P140)                      0.07       3.41 r
  mult_x_6/U1064/CO (FA1D0BWP40P140)                      0.07       3.49 r
  mult_x_6/U1063/CO (FA1D0BWP40P140)                      0.07       3.56 r
  mult_x_6/U1062/CO (FA1D0BWP40P140)                      0.07       3.64 r
  mult_x_6/U1061/CO (FA1D0BWP40P140)                      0.07       3.70 r
  mult_x_6/U624/Z (XOR3UD0BWP40P140)                      0.10       3.80 r
  mult_x_6/product[26] (core4_a24_b10_c24_DW_mult_tc_J2_0)
                                                          0.00       3.80 r
  s_w_5_reg_26_/D (DFKCNQD1BWP40P140)                     0.00       3.80 r
  data arrival time                                                  3.80

  clock clk (rise edge)                                   5.00       5.00
  clock network delay (ideal)                             0.00       5.00
  s_w_5_reg_26_/CP (DFKCNQD1BWP40P140)                    0.00       5.00 r
  library setup time                                     -0.05       4.95
  data required time                                                 4.95
  --------------------------------------------------------------------------
  data required time                                                 4.95
  data arrival time                                                 -3.80
  --------------------------------------------------------------------------
  slack (MET)                                                        1.16


  Startpoint: io_b_3[2] (input port clocked by clk)
  Endpoint: s_w_4_reg_26_
            (rising edge-triggered flip-flop clocked by clk)
  Path Group: clk
  Path Type: max

  Des/Clust/Port     Wire Load Model       Library
  ------------------------------------------------
  core4_a24_b10_c24  ZeroWireload          tcbn28hpcplusbwp40p140hvtssg0p81vm40c_ccs
  core4_a24_b10_c24_DW_mult_uns_J2_2
                     ZeroWireload          tcbn28hpcplusbwp40p140hvtssg0p81vm40c_ccs
  Eval_1_DP_OP_52J2_126_4539_J2_0
                     ZeroWireload          tcbn28hpcplusbwp40p140hvtssg0p81vm40c_ccs
  Eval_1_DP_OP_53J2_127_9506_J2_0
                     ZeroWireload          tcbn28hpcplusbwp40p140hvtssg0p81vm40c_ccs
  Eval_1_DP_OP_54J2_128_4915_J2_0
                     ZeroWireload          tcbn28hpcplusbwp40p140hvtssg0p81vm40c_ccs
  core4_a24_b10_c24_DW_mult_tc_J2_1
                     ZeroWireload          tcbn28hpcplusbwp40p140hvtssg0p81vm40c_ccs

  Point                                                   Incr       Path
  --------------------------------------------------------------------------
  clock clk (rise edge)                                   0.00       0.00
  clock network delay (ideal)                             0.00       0.00
  input external delay                                    0.50       0.50 r
  io_b_3[2] (in)                                          0.00       0.50 r
  evalB/io_in_3[2] (Eval_1)                               0.00       0.50 r
  evalB/U28/ZN (CKND0BWP40P140)                           0.01       0.51 f
  evalB/U7/ZN (CKND0BWP40P140)                            0.14       0.65 r
  evalB/DP_OP_54J2_128_4915/I3[2] (Eval_1_DP_OP_54J2_128_4915_J2_0)
                                                          0.00       0.65 r
  evalB/DP_OP_54J2_128_4915/U67/CO (HA1D0BWP40P140)       0.09       0.74 r
  evalB/DP_OP_54J2_128_4915/U91/CO (FA1D0BWP40P140)       0.07       0.82 r
  evalB/DP_OP_54J2_128_4915/U89/CO (FA1D0BWP40P140)       0.07       0.89 r
  evalB/DP_OP_54J2_128_4915/U87/CO (FA1D0BWP40P140)       0.07       0.96 r
  evalB/DP_OP_54J2_128_4915/U85/CO (FA1D0BWP40P140)       0.07       1.04 r
  evalB/DP_OP_54J2_128_4915/U83/CO (FA1D0BWP40P140)       0.07       1.11 r
  evalB/DP_OP_54J2_128_4915/U81/CO (FA1D0BWP40P140)       0.07       1.19 r
  evalB/DP_OP_54J2_128_4915/U79/S (FA1D0BWP40P140)        0.12       1.30 f
  evalB/DP_OP_54J2_128_4915/U96/CO (FA1D0BWP40P140)       0.08       1.38 f
  evalB/DP_OP_54J2_128_4915/U95/CO (FA1D0BWP40P140)       0.07       1.45 f
  evalB/DP_OP_54J2_128_4915/U94/CO (FA1D0BWP40P140)       0.07       1.52 f
  evalB/DP_OP_54J2_128_4915/U93/CO (FA1D0BWP40P140)       0.08       1.60 f
  evalB/DP_OP_54J2_128_4915/U92/CO (HA1D0BWP40P140)       0.08       1.68 f
  evalB/DP_OP_54J2_128_4915/O1[14] (Eval_1_DP_OP_54J2_128_4915_J2_0)
                                                          0.00       1.68 f
  evalB/io_out_4[14] (Eval_1)                             0.00       1.68 f
  mult_x_5/b[14] (core4_a24_b10_c24_DW_mult_tc_J2_1)      0.00       1.68 f
  mult_x_5/U628/ZN (CKND0BWP40P140)                       0.10       1.79 r
  mult_x_5/U632/ZN (MUX2ND0BWP40P140)                     0.06       1.84 f
  mult_x_5/U638/ZN (IND3D0BWP40P140HVT)                   0.23       2.07 f
  mult_x_5/U662/ZN (OAI222D0BWP40P140)                    0.15       2.22 r
  mult_x_5/U663/ZN (AOI21D0BWP40P140)                     0.04       2.26 f
  mult_x_5/U664/ZN (MUX2ND0BWP40P140)                     0.06       2.32 f
  mult_x_5/U755/S (HA1D0BWP40P140)                        0.07       2.39 f
  mult_x_5/U826/S (FA1D0BWP40P140)                        0.13       2.51 r
  mult_x_5/U905/CO (FA1D0BWP40P140)                       0.08       2.59 r
  mult_x_5/U902/S (FA1D0BWP40P140)                        0.11       2.71 f
  mult_x_5/U987/S (FA1D0BWP40P140)                        0.13       2.84 r
  mult_x_5/U1071/CO (FA1D0BWP40P140)                      0.08       2.92 r
  mult_x_5/U1070/CO (FA1D0BWP40P140)                      0.07       2.99 r
  mult_x_5/U1069/CO (FA1D0BWP40P140)                      0.07       3.07 r
  mult_x_5/U1068/CO (FA1D0BWP40P140)                      0.07       3.14 r
  mult_x_5/U1067/CO (FA1D0BWP40P140)                      0.07       3.22 r
  mult_x_5/U1066/CO (FA1D0BWP40P140)                      0.07       3.29 r
  mult_x_5/U1065/CO (FA1D0BWP40P140)                      0.07       3.36 r
  mult_x_5/U1064/CO (FA1D0BWP40P140)                      0.07       3.44 r
  mult_x_5/U1063/CO (FA1D0BWP40P140)                      0.07       3.51 r
  mult_x_5/U1062/CO (FA1D0BWP40P140)                      0.07       3.59 r
  mult_x_5/U1061/CO (FA1D0BWP40P140)                      0.07       3.65 r
  mult_x_5/U627/Z (XOR3UD0BWP40P140)                      0.10       3.75 r
  mult_x_5/product[26] (core4_a24_b10_c24_DW_mult_tc_J2_1)
                                                          0.00       3.75 r
  s_w_4_reg_26_/D (DFKCNQD1BWP40P140)                     0.00       3.75 r
  data arrival time                                                  3.75

  clock clk (rise edge)                                   5.00       5.00
  clock network delay (ideal)                             0.00       5.00
  s_w_4_reg_26_/CP (DFKCNQD1BWP40P140)                    0.00       5.00 r
  library setup time                                     -0.05       4.95
  data required time                                                 4.95
  --------------------------------------------------------------------------
  data required time                                                 4.95
  data arrival time                                                 -3.75
  --------------------------------------------------------------------------
  slack (MET)                                                        1.21


1
