 
****************************************
Report : area
Design : core16_a32_b10_c32
Version: O-2018.06-SP5
Date   : Tue May 12 15:38:37 2026
****************************************

Library(s) Used:

    tcbn28hpcplusbwp40p140lvtssg0p81vm40c_ccs (File: /export1/Library/TN28HPC+/STD_CELL_ext/track9_200824/TSMCHOME/digital/Front_End/timing_power_noise/CCS/tcbn28hpcplusbwp40p140lvt_180a/tcbn28hpcplusbwp40p140lvtssg0p81vm40c_ccs.db)
    tcbn28hpcplusbwp40p140ssg0p81vm40c_ccs (File: /export1/Library/TN28HPC+/STD_CELL_ext/track9_200824/TSMCHOME/digital/Front_End/timing_power_noise/CCS/tcbn28hpcplusbwp40p140_180a/tcbn28hpcplusbwp40p140ssg0p81vm40c_ccs.db)
    tcbn28hpcplusbwp40p140hvtssg0p81vm40c_ccs (File: /export1/Library/TN28HPC+/STD_CELL_ext/track9_200824/TSMCHOME/digital/Front_End/timing_power_noise/CCS/tcbn28hpcplusbwp40p140hvt_180a/tcbn28hpcplusbwp40p140hvtssg0p81vm40c_ccs.db)

Number of ports:                        40800
Number of nets:                        133817
Number of cells:                        69587
Number of combinational cells:          64640
Number of sequential cells:              4305
Number of macros/black boxes:               0
Number of buf/inv:                       9485
Number of references:                      21

Combinational area:              80599.300735
Buf/Inv area:                     2533.104024
Noncombinational area:            8671.950137
Macro/Black Box area:                0.000000
Net Interconnect area:      undefined  (Wire load has zero net area)

Total cell area:                 89271.250872
Total area:                 undefined

Area of detected synthetic parts
--------------------------------
                                                    Perc. of
  Module                Implem.  Count        Area cell area
  --------------------- -------  ----- ----------- ---------
  DP_OP_106J11_122_6007     str      3   7289.4822      8.2%
  DP_OP_106J9_122_7677      str      4  10085.5657     11.3%
  DP_OP_421J3_122_5484      str      1   8620.0977      9.7%
  DP_OP_52J10_125_9524      str      4   1138.0313      1.3%
  DP_OP_52J8_122_4583       str      4    281.2319      0.3%
  DP_OP_53J10_126_6299      str      4   1166.5073      1.3%
  DP_OP_53J7_122_3262       str      3    687.3296      0.8%
  DP_OP_53J8_123_8511       str      4    361.8718      0.4%
  DP_OP_53J9_126_4457       str      2    213.9479      0.2%
  DP_OP_54J10_127_1625      str      4    846.7195      0.9%
  DP_OP_54J10_128_795       str      1    100.4220      0.1%
  DP_OP_54J11_123_6538      str      1    222.5159      0.2%
  DP_OP_54J11_126_7920      str      1     99.6660      0.1%
  DP_OP_54J5_122_980        str      1     70.3080      0.1%
  DP_OP_54J6_122_9172       str      1     70.3080      0.1%
  DP_OP_54J7_123_2021       str      3    983.9333      1.1%
  DP_OP_54J7_125_3710       str      1    211.6799      0.2%
  DP_OP_54J7_128_9894       str      1     83.1600      0.1%
  DP_OP_54J8_124_5286       str      4    390.3479      0.4%
  DP_OP_54J9_123_5485       str      1    211.6799      0.2%
  DP_OP_54J9_127_110        str      2    324.8278      0.4%
  DP_OP_55J10_122_395       str      1    228.1859      0.3%
  DP_OP_55J10_129_3918      str      1    135.3239      0.2%
  DP_OP_55J11_124_9249      str      1    302.9038      0.3%
  DP_OP_55J11_127_5659      str      1    137.9699      0.2%
  DP_OP_55J5_123_3603       str      1     93.1140      0.1%
  DP_OP_55J6_123_183        str      1     93.1140      0.1%
  DP_OP_55J7_124_534        str      3    948.1494      1.1%
  DP_OP_55J7_126_189        str      1    286.0198      0.3%
  DP_OP_55J7_129_37         str      1    109.9979      0.1%
  DP_OP_55J9_124_5683       str      1    286.0198      0.3%
  DP_OP_55J9_128_5186       str      2    298.1158      0.3%
  DP_OP_56J10_123_4961      str      1    326.4658      0.4%
  DP_OP_56J10_130_6600      str      1    140.6159      0.2%
  DP_OP_56J11_125_8751      str      1    308.0698      0.3%
  DP_OP_56J11_128_4421      str      1    136.9619      0.2%
  DP_OP_56J5_124_3788       str      1     99.0360      0.1%
  DP_OP_56J6_124_9282       str      1     99.0360      0.1%
  DP_OP_56J7_127_7474       str      1    291.9418      0.3%
  DP_OP_56J7_130_1958       str      1    115.9199      0.1%
  DP_OP_56J9_125_1948       str      1    291.9418      0.3%
  DP_OP_57J10_124_2206      str      1    315.7558      0.4%
  DW_mult_tc            apparch     33  30270.3138     33.9%
  DW_mult_uns           apparch     16  11377.4658     12.7%
  --------------------- -------  ----- ----------- ---------
  DP_OP Subtotal:                   74  38504.2924     43.1%
  Total:                           123  80152.0720     89.8%

Subtotal of datapath(DP_OP) cell area:  38504.2924  43.1%  
Total synthetic cell area:              80152.0720  89.8%  

1
