 
****************************************
Report : area
Design : core64_a28_b10_c28
Version: O-2018.06-SP5
Date   : Tue May 12 23:41:41 2026
****************************************

Library(s) Used:

    tcbn28hpcplusbwp40p140lvtssg0p81vm40c_ccs (File: /export1/Library/TN28HPC+/STD_CELL_ext/track9_200824/TSMCHOME/digital/Front_End/timing_power_noise/CCS/tcbn28hpcplusbwp40p140lvt_180a/tcbn28hpcplusbwp40p140lvtssg0p81vm40c_ccs.db)
    tcbn28hpcplusbwp40p140ssg0p81vm40c_ccs (File: /export1/Library/TN28HPC+/STD_CELL_ext/track9_200824/TSMCHOME/digital/Front_End/timing_power_noise/CCS/tcbn28hpcplusbwp40p140_180a/tcbn28hpcplusbwp40p140ssg0p81vm40c_ccs.db)
    tcbn28hpcplusbwp40p140hvtssg0p81vm40c_ccs (File: /export1/Library/TN28HPC+/STD_CELL_ext/track9_200824/TSMCHOME/digital/Front_End/timing_power_noise/CCS/tcbn28hpcplusbwp40p140hvt_180a/tcbn28hpcplusbwp40p140hvtssg0p81vm40c_ccs.db)

Number of ports:                       341822
Number of nets:                       1049378
Number of cells:                       534954
Number of combinational cells:         492972
Number of sequential cells:             34458
Number of macros/black boxes:               0
Number of buf/inv:                      65544
Number of references:                      44

Combinational area:             623185.658478
Buf/Inv area:                    17741.178141
Noncombinational area:           66706.416093
Macro/Black Box area:                0.000000
Net Interconnect area:      undefined  (Wire load has zero net area)

Total cell area:                689892.074571
Total area:                 undefined

Area of detected synthetic parts
--------------------------------
                                                     Perc. of
  Module                Implem.  Count         Area cell area
  --------------------- -------  ----- ------------ ---------
  DP_OP_106J20_122_4688     str     28   68194.2788      9.9%
  DP_OP_106J21_122_4023     str     21   49236.2146      7.1%
  DP_OP_1681J3_122_140      str      1   30030.5410      4.4%
  DP_OP_421J11_122_4903     str      4   33359.7344      4.8%
  DP_OP_421J12_122_4174     str      3   23677.8306      3.4%
  DP_OP_52J19_122_6891      str     16    2975.6145      0.4%
  DP_OP_52J22_125_4583      str     16    1152.5218      0.2%
  DP_OP_53J19_123_6653      str     16    3987.6454      0.6%
  DP_OP_53J21_123_3533      str     41    9060.7803      1.3%
  DP_OP_53J22_126_8511      str     16    1541.9874      0.2%
  DP_OP_53J27_122_4171      str     37    4781.4463      0.7%
  DP_OP_54J15_122_5398      str      4     795.3116      0.1%
  DP_OP_54J15_125_2517      str      1      71.8200      0.0%
  DP_OP_54J16_122_2576      str      4     864.3595      0.1%
  DP_OP_54J16_125_7159      str      1      71.3160      0.0%
  DP_OP_54J17_122_4700      str      4     864.3595      0.1%
  DP_OP_54J17_125_5930      str      1      70.3080      0.0%
  DP_OP_54J18_122_3077      str      2     397.6558      0.1%
  DP_OP_54J18_125_4838      str      1      71.5680      0.0%
  DP_OP_54J19_124_5333      str     16    4101.5496      0.6%
  DP_OP_54J19_125_1419      str      4     285.5160      0.0%
  DP_OP_54J20_126_5395      str      4     862.3435      0.1%
  DP_OP_54J20_129_4429      str      4     337.6799      0.0%
  DP_OP_54J21_124_9398      str     41   13012.5158      1.9%
  DP_OP_54J21_126_4175      str      4     862.3435      0.1%
  DP_OP_54J21_129_8018      str      4     281.2319      0.0%
  DP_OP_54J22_122_2391      str      4     743.9036      0.1%
  DP_OP_54J22_127_5286      str     16    1593.7734      0.2%
  DP_OP_54J23_122_55        str      1     130.4100      0.0%
  DP_OP_54J23_125_879       str      4     430.1639      0.1%
  DP_OP_54J24_122_3877      str      1     118.0620      0.0%
  DP_OP_54J24_125_9656      str      4     423.6119      0.1%
  DP_OP_54J25_122_2737      str      2     256.2839      0.0%
  DP_OP_54J25_125_5690      str      4     415.4219      0.1%
  DP_OP_54J26_125_6398      str      4     411.8939      0.1%
  DP_OP_54J27_123_6227      str     37    7036.3403      1.0%
  DP_OP_54J27_125_6198      str      2     166.3200      0.0%
  DP_OP_54J28_122_598       str      1     220.3739      0.0%
  DP_OP_54J28_125_5291      str      1     117.3060      0.0%
  DP_OP_54J29_122_8680      str      1     185.9759      0.0%
  DP_OP_54J30_122_6359      str      1     185.9759      0.0%
  DP_OP_54J31_122_1034      str      1     185.9759      0.0%
  DP_OP_54J32_122_3355      str      1     185.9759      0.0%
  DP_OP_54J33_122_7582      str      4     743.9036      0.1%
  DP_OP_55J15_123_3777      str      4    1075.0314      0.2%
  DP_OP_55J15_126_9555      str      1      94.3739      0.0%
  DP_OP_55J16_123_96        str      4    1176.3353      0.2%
  DP_OP_55J16_126_2992      str      1      96.2640      0.0%
  DP_OP_55J17_123_7798      str      4    1176.3352      0.2%
  DP_OP_55J17_126_7869      str      1      97.9020      0.0%
  DP_OP_55J18_123_9952      str      2     537.5157      0.1%
  DP_OP_55J18_126_3412      str      1      96.1379      0.0%
  DP_OP_55J19_126_8970      str      4     383.6698      0.1%
  DP_OP_55J20_123_7810      str      1     221.3819      0.0%
  DP_OP_55J20_127_4610      str      4    1186.4152      0.2%
  DP_OP_55J20_130_7821      str      4     452.4658      0.1%
  DP_OP_55J21_125_9832      str     41   12530.5656      1.8%
  DP_OP_55J21_127_4830      str      4    1186.4152      0.2%
  DP_OP_55J21_130_2896      str      4     384.8039      0.1%
  DP_OP_55J22_123_3961      str      4    1007.4954      0.1%
  DP_OP_55J23_123_9619      str      1     179.0459      0.0%
  DP_OP_55J23_126_8874      str      4     565.9918      0.1%
  DP_OP_55J24_123_3476      str      1     157.4999      0.0%
  DP_OP_55J24_126_3545      str      4     558.4317      0.1%
  DP_OP_55J25_123_5219      str      2     363.3838      0.1%
  DP_OP_55J25_126_3915      str      4     554.1478      0.1%
  DP_OP_55J26_122_4535      str      1     133.6860      0.0%
  DP_OP_55J26_126_5066      str      4     550.4937      0.1%
  DP_OP_55J27_124_3794      str     37    6651.6627      1.0%
  DP_OP_55J27_126_3056      str      2     223.6499      0.0%
  DP_OP_55J28_123_2724      str      1     310.9678      0.0%
  DP_OP_55J28_126_8913      str      1     153.7199      0.0%
  DP_OP_55J29_123_5431      str      1     251.8739      0.0%
  DP_OP_55J30_123_3729      str      1     251.8739      0.0%
  DP_OP_55J31_123_9239      str      1     251.8738      0.0%
  DP_OP_55J32_123_8851      str      1     251.8739      0.0%
  DP_OP_55J33_123_4862      str      4    1007.4954      0.1%
  DP_OP_56J15_124_1913      str      4    1099.0973      0.2%
  DP_OP_56J15_127_3323      str      1     100.5480      0.0%
  DP_OP_56J16_124_6698      str      4    1196.9993      0.2%
  DP_OP_56J16_127_9902      str      1     102.8160      0.0%
  DP_OP_56J17_124_7165      str      4    1196.9993      0.2%
  DP_OP_56J17_127_1637      str      1     101.3040      0.0%
  DP_OP_56J18_124_7035      str      2     549.4857      0.1%
  DP_OP_56J18_127_6094      str      1     101.1780      0.0%
  DP_OP_56J19_127_2738      str      4     407.2319      0.1%
  DP_OP_56J20_124_154       str      1     311.5978      0.0%
  DP_OP_56J20_128_7292      str      4    1182.8872      0.2%
  DP_OP_56J20_131_1219      str      4     475.2718      0.1%
  DP_OP_56J21_128_5833      str      4    1182.8872      0.2%
  DP_OP_56J21_131_6631      str      4     405.5939      0.1%
  DP_OP_56J22_124_3269      str      4    1031.1834      0.1%
  DP_OP_56J23_124_3387      str      1     180.3059      0.0%
  DP_OP_56J23_127_5139      str      4     566.8738      0.1%
  DP_OP_56J24_124_4221      str      1     157.3739      0.0%
  DP_OP_56J24_127_863       str      4     557.4237      0.1%
  DP_OP_56J25_124_977       str      2     365.0219      0.1%
  DP_OP_56J25_127_920       str      4     578.5918      0.1%
  DP_OP_56J26_123_5178      str      1     189.1259      0.0%
  DP_OP_56J26_127_6930      str      4     579.7258      0.1%
  DP_OP_56J27_127_7490      str      2     236.2499      0.0%
  DP_OP_56J28_124_8504      str      1     305.6758      0.0%
  DP_OP_56J28_127_9781      str      1     161.1539      0.0%
  DP_OP_56J29_124_4718      str      1     257.7958      0.0%
  DP_OP_56J30_124_8771      str      1     257.7959      0.0%
  DP_OP_56J31_124_4314      str      1     257.7958      0.0%
  DP_OP_56J32_124_8122      str      1     257.7958      0.0%
  DP_OP_56J33_124_9872      str      4    1031.1833      0.1%
  DP_OP_57J20_125_8419      str      1     304.5418      0.0%
  DP_OP_57J26_124_7933      str      1     181.0619      0.0%
  DW_mult_tc            apparch    274  251023.3295     36.4%
  DW_mult_uns           apparch     69   53863.1343      7.8%
  --------------------- -------  ----- ------------ ---------
  DP_OP Subtotal:                  615  314491.4984     45.6%
  Total:                           958  619377.9622     89.8%

Subtotal of datapath(DP_OP) cell area:  314491.4984  45.6%  
Total synthetic cell area:              619377.9622  89.8%  

1
