 
****************************************
Report : area
Design : core64_a36_b12_c36
Version: O-2018.06-SP5
Date   : Wed May 13 08:20:49 2026
****************************************

Library(s) Used:

    tcbn28hpcplusbwp40p140lvtssg0p81vm40c_ccs (File: /export1/Library/TN28HPC+/STD_CELL_ext/track9_200824/TSMCHOME/digital/Front_End/timing_power_noise/CCS/tcbn28hpcplusbwp40p140lvt_180a/tcbn28hpcplusbwp40p140lvtssg0p81vm40c_ccs.db)
    tcbn28hpcplusbwp40p140ssg0p81vm40c_ccs (File: /export1/Library/TN28HPC+/STD_CELL_ext/track9_200824/TSMCHOME/digital/Front_End/timing_power_noise/CCS/tcbn28hpcplusbwp40p140_180a/tcbn28hpcplusbwp40p140ssg0p81vm40c_ccs.db)
    tcbn28hpcplusbwp40p140hvtssg0p81vm40c_ccs (File: /export1/Library/TN28HPC+/STD_CELL_ext/track9_200824/TSMCHOME/digital/Front_End/timing_power_noise/CCS/tcbn28hpcplusbwp40p140hvt_180a/tcbn28hpcplusbwp40p140hvtssg0p81vm40c_ccs.db)

Number of ports:                       411178
Number of nets:                       1366953
Number of cells:                       717097
Number of combinational cells:         666927
Number of sequential cells:             42642
Number of macros/black boxes:               0
Number of buf/inv:                      82410
Number of references:                      44

Combinational area:             840394.913851
Buf/Inv area:                    22195.026191
Noncombinational area:           80601.695393
Macro/Black Box area:                0.000000
Net Interconnect area:      undefined  (Wire load has zero net area)

Total cell area:                920996.609244
Total area:                 undefined

Area of detected synthetic parts
--------------------------------
                                                     Perc. of
  Module                Implem.  Count         Area cell area
  --------------------- -------  ----- ------------ ---------
  DP_OP_106J20_122_8999     str     28   87371.2827      9.5%
  DP_OP_106J21_122_6228     str     21   63474.4421      6.9%
  DP_OP_1681J3_122_1523     str      1   43599.1758      4.7%
  DP_OP_421J11_122_4043     str      4   48055.1260      5.2%
  DP_OP_421J12_122_3346     str      3   34484.3926      3.7%
  DP_OP_52J19_122_3730      str     16    3829.5162      0.4%
  DP_OP_52J22_125_7082      str     16    1349.2077      0.1%
  DP_OP_53J19_123_8845      str     16    5194.3460      0.6%
  DP_OP_53J21_123_9578      str     41   11190.4305      1.2%
  DP_OP_53J22_126_1358      str     16    2712.7798      0.3%
  DP_OP_53J26_122_5226      str     37    5247.8982      0.6%
  DP_OP_54J15_122_639       str      4    1004.0934      0.1%
  DP_OP_54J15_125_6069      str      1      86.1840      0.0%
  DP_OP_54J16_122_854       str      4    1069.9913      0.1%
  DP_OP_54J16_125_7844      str      1      82.9080      0.0%
  DP_OP_54J17_122_4682      str      4    1071.2513      0.1%
  DP_OP_54J17_125_198       str      1      83.1600      0.0%
  DP_OP_54J18_122_3091      str      2     500.4717      0.1%
  DP_OP_54J18_125_1973      str      1      84.7980      0.0%
  DP_OP_54J19_124_1745      str     16    5252.8107      0.6%
  DP_OP_54J19_125_8521      str      4     341.0819      0.0%
  DP_OP_54J20_126_8276      str      4    1067.9753      0.1%
  DP_OP_54J20_129_7298      str      4     382.5359      0.0%
  DP_OP_54J21_124_907       str     41   15935.4598      1.7%
  DP_OP_54J21_126_7364      str      4    1068.6053      0.1%
  DP_OP_54J21_129_8703      str      4     335.5379      0.0%
  DP_OP_54J22_122_5955      str      4     949.5355      0.1%
  DP_OP_54J22_127_7047      str     16    1982.4832      0.2%
  DP_OP_54J23_122_3879      str      1     129.6540      0.0%
  DP_OP_54J23_125_1057      str      4     488.6279      0.1%
  DP_OP_54J24_122_3607      str      1     141.3719      0.0%
  DP_OP_54J24_125_881       str      4     470.4839      0.1%
  DP_OP_54J25_122_242       str      2     283.8779      0.0%
  DP_OP_54J25_125_8205      str      4     468.7199      0.1%
  DP_OP_54J26_123_7613      str     37    8123.0901      0.9%
  DP_OP_54J26_125_5299      str      4     465.1918      0.1%
  DP_OP_54J27_125_6883      str      2     196.3080      0.0%
  DP_OP_54J28_122_580       str      1     271.7818      0.0%
  DP_OP_54J28_125_8882      str      1     126.5040      0.0%
  DP_OP_54J29_122_6213      str      1     237.3839      0.0%
  DP_OP_54J30_122_342       str      1     238.6439      0.0%
  DP_OP_54J31_122_9217      str      1     237.3839      0.0%
  DP_OP_54J32_122_7988      str      1     237.3839      0.0%
  DP_OP_54J33_122_8665      str      4     949.5355      0.1%
  DP_OP_55J15_123_1301      str      4    1367.7288      0.1%
  DP_OP_55J15_126_8851      str      1     113.0219      0.0%
  DP_OP_55J16_123_7587      str      4    1461.0950      0.2%
  DP_OP_55J16_126_4394      str      1     114.6599      0.0%
  DP_OP_55J17_123_3462      str      4    1475.0805      0.2%
  DP_OP_55J17_126_6096      str      1     115.7939      0.0%
  DP_OP_55J18_123_7508      str      2     679.8954      0.1%
  DP_OP_55J18_126_1639      str      1     113.5259      0.0%
  DP_OP_55J19_126_7197      str      4     463.1757      0.1%
  DP_OP_55J20_123_4242      str      1     272.7898      0.0%
  DP_OP_55J20_127_5033      str      4    1472.4349      0.2%
  DP_OP_55J20_130_6048      str      4     649.0258      0.1%
  DP_OP_55J21_125_2024      str     41   15447.8405      1.7%
  DP_OP_55J21_127_1671      str      4    1478.7346      0.2%
  DP_OP_55J21_130_2176      str      4     451.2057      0.0%
  DP_OP_55J22_123_5437      str      4    1289.7352      0.1%
  DP_OP_55J23_123_1703      str      1     258.1739      0.0%
  DP_OP_55J23_126_1772      str      4     635.6697      0.1%
  DP_OP_55J24_123_8883      str      1     196.8119      0.0%
  DP_OP_55J24_126_7101      str      4     643.6078      0.1%
  DP_OP_55J25_123_4499      str      2     402.5698      0.0%
  DP_OP_55J25_126_776       str      4     623.9517      0.1%
  DP_OP_55J26_124_8730      str     37    7629.4227      0.8%
  DP_OP_55J26_126_7839      str      4     696.0237      0.1%
  DP_OP_55J27_122_5590      str      1     143.3879      0.0%
  DP_OP_55J27_126_2352      str      2     260.0638      0.0%
  DP_OP_55J28_123_5196      str      1     382.1577      0.0%
  DP_OP_55J28_126_4273      str      1     166.5719      0.0%
  DP_OP_55J29_123_6224      str      1     322.4338      0.0%
  DP_OP_55J30_123_3469      str      1     323.0638      0.0%
  DP_OP_55J31_123_8979      str      1     324.3237      0.0%
  DP_OP_55J32_123_9628      str      1     322.4338      0.0%
  DP_OP_55J33_123_4570      str      4    1293.5151      0.1%
  DP_OP_56J15_124_7812      str      4    1389.4009      0.2%
  DP_OP_56J15_127_5799      str      1     120.2039      0.0%
  DP_OP_56J16_124_7642      str      4    1479.2390      0.2%
  DP_OP_56J16_127_289       str      1     117.9359      0.0%
  DP_OP_56J17_124_6905      str      4    1489.6967      0.2%
  DP_OP_56J17_127_3044      str      1     119.0699      0.0%
  DP_OP_56J18_124_8232      str      2     693.1255      0.1%
  DP_OP_56J18_127_7501      str      1     120.8339      0.0%
  DP_OP_56J19_127_2039      str      4     482.8317      0.1%
  DP_OP_56J20_124_6859      str      1     383.1657      0.0%
  DP_OP_56J20_128_5140      str      4    1465.1270      0.2%
  DP_OP_56J20_131_3366      str      4     727.3979      0.1%
  DP_OP_56J21_128_2247      str      4    1468.7808      0.2%
  DP_OP_56J21_131_6985      str      4     476.6578      0.1%
  DP_OP_56J22_124_5252      str      4    1313.4232      0.1%
  DP_OP_56J23_124_7935      str      1     176.2739      0.0%
  DP_OP_56J23_127_5228      str      4     634.6616      0.1%
  DP_OP_56J24_124_5831      str      1     198.7019      0.0%
  DP_OP_56J24_127_7878      str      4     631.7637      0.1%
  DP_OP_56J25_124_4860      str      2     397.0258      0.0%
  DP_OP_56J25_127_8061      str      4     650.1597      0.1%
  DP_OP_56J26_127_5157      str      4     646.2538      0.1%
  DP_OP_56J27_123_4442      str      1     203.4899      0.0%
  DP_OP_56J27_127_8584      str      2     276.4439      0.0%
  DP_OP_56J28_124_4835      str      1     377.1177      0.0%
  DP_OP_56J28_127_5018      str      1     170.8559      0.0%
  DP_OP_56J29_124_1050      str      1     328.3558      0.0%
  DP_OP_56J30_124_2523      str      1     328.3558      0.0%
  DP_OP_56J31_124_6980      str      1     328.3558      0.0%
  DP_OP_56J32_124_7629      str      1     328.3558      0.0%
  DP_OP_56J33_124_1518      str      4    1314.0531      0.1%
  DP_OP_57J20_125_4104      str      1     375.9837      0.0%
  DP_OP_57J27_124_6144      str      1     201.6000      0.0%
  DW_mult_tc            apparch    273  348253.6326     37.8%
  DW_mult_tc             pparch      1    1265.0510      0.1%
  DW_mult_uns           apparch     69   74377.4780      8.1%
  --------------------- -------  ----- ------------ ---------
  DP_OP Subtotal:                  615  411878.0471     44.7%
  Total:                           958  835774.2087     90.7%

Subtotal of datapath(DP_OP) cell area:  411878.0471  44.7%  
Total synthetic cell area:              835774.2087  90.7%  

1
