 
****************************************
Report : timing
        -path full
        -delay max
        -max_paths 3
Design : core16_a36_b8_c36
Version: O-2018.06-SP5
Date   : Tue May 12 18:33:03 2026
****************************************

 # A fanout number of 1000 was used for high fanout net computations.

Operating Conditions: ssg0p81vm40c   Library: tcbn28hpcplusbwp40p140hvtssg0p81vm40c_ccs
Wire Load Model Mode: segmented

  Startpoint: io_b_15[0] (input port clocked by clk)
  Endpoint: core4_1/s_w_5_reg_41_
            (rising edge-triggered flip-flop clocked by clk)
  Path Group: clk
  Path Type: max

  Des/Clust/Port     Wire Load Model       Library
  ------------------------------------------------
  core16_a36_b8_c36  ZeroWireload          tcbn28hpcplusbwp40p140hvtssg0p81vm40c_ccs
  Eval_1_0_DP_OP_52J15_128_102_J15_0_0
                     ZeroWireload          tcbn28hpcplusbwp40p140hvtssg0p81vm40c_ccs
  Eval_1_0_DP_OP_53J15_129_6763_J15_0_0
                     ZeroWireload          tcbn28hpcplusbwp40p140hvtssg0p81vm40c_ccs
  Eval_1_0_DP_OP_54J15_130_2528_J15_0_0
                     ZeroWireload          tcbn28hpcplusbwp40p140hvtssg0p81vm40c_ccs
  Eval_9_5_DP_OP_56J13_127_6564_J13_0
                     ZeroWireload          tcbn28hpcplusbwp40p140hvtssg0p81vm40c_ccs
  Eval_9_5_DP_OP_55J13_126_8115_J13_0
                     ZeroWireload          tcbn28hpcplusbwp40p140hvtssg0p81vm40c_ccs
  Eval_9_5_DP_OP_54J13_125_6849_J13_0
                     ZeroWireload          tcbn28hpcplusbwp40p140hvtssg0p81vm40c_ccs
  core4_5_DW_mult_tc_J6_0
                     ZeroWireload          tcbn28hpcplusbwp40p140hvtssg0p81vm40c_ccs

  Point                                                   Incr       Path
  --------------------------------------------------------------------------
  clock clk (rise edge)                                   0.00       0.00
  clock network delay (ideal)                             0.00       0.00
  input external delay                                    0.50       0.50 f
  io_b_15[0] (in)                                         0.00       0.50 f
  evalB_3/io_in_3[0] (Eval_1_0)                           0.00       0.50 f
  evalB_3/U4/ZN (INVD8BWP40P140LVT)                       0.00       0.50 r
  evalB_3/U12/ZN (INVD8BWP40P140LVT)                      0.01       0.51 f
  evalB_3/DP_OP_52J15_128_102/I2[1] (Eval_1_0_DP_OP_52J15_128_102_J15_0_0)
                                                          0.00       0.51 f
  evalB_3/DP_OP_52J15_128_102/U54/S (HA1D1BWP40P140)      0.04       0.55 r
  evalB_3/DP_OP_52J15_128_102/U56/CO (FA1D0BWP40P140)     0.07       0.62 r
  evalB_3/DP_OP_52J15_128_102/U57/S (FA1D0BWP40P140)      0.11       0.74 f
  evalB_3/DP_OP_52J15_128_102/U51/CO (FA1D1BWP40P140LVT)
                                                          0.05       0.79 f
  evalB_3/DP_OP_52J15_128_102/U49/CO (FA1D1BWP40P140)     0.06       0.85 f
  evalB_3/DP_OP_52J15_128_102/U58/S (FA1D0BWP40P140)      0.15       0.99 r
  evalB_3/DP_OP_52J15_128_102/O1[6] (Eval_1_0_DP_OP_52J15_128_102_J15_0_0)
                                                          0.00       0.99 r
  evalB_3/io_out_1[6] (Eval_1_0)                          0.00       0.99 r
  core4_1/io_b_3[6] (core4_5)                             0.00       0.99 r
  core4_1/evalB/io_in_3[6] (Eval_9_5)                     0.00       0.99 r
  core4_1/evalB/DP_OP_56J13_127_6564/I3[6] (Eval_9_5_DP_OP_56J13_127_6564_J13_0)
                                                          0.00       0.99 r
  core4_1/evalB/DP_OP_56J13_127_6564/U132/CO (FA1D0BWP40P140)
                                                          0.09       1.09 r
  core4_1/evalB/DP_OP_56J13_127_6564/U134/CO (FA1D0BWP40P140)
                                                          0.07       1.16 r
  core4_1/evalB/DP_OP_56J13_127_6564/U130/CO (FA1D0BWP40P140)
                                                          0.07       1.23 r
  core4_1/evalB/DP_OP_56J13_127_6564/U105/S (FA1D0BWP40P140)
                                                          0.12       1.35 f
  core4_1/evalB/DP_OP_56J13_127_6564/U108/ZN (CKND0BWP40P140)
                                                          0.03       1.39 r
  core4_1/evalB/DP_OP_56J13_127_6564/U107/CO (FA1D0BWP40P140)
                                                          0.07       1.46 r
  core4_1/evalB/DP_OP_56J13_127_6564/U112/CO (FA1D0BWP40P140)
                                                          0.07       1.53 r
  core4_1/evalB/DP_OP_56J13_127_6564/U137/S (FA1D0BWP40P140)
                                                          0.20       1.73 f
  core4_1/evalB/DP_OP_56J13_127_6564/O2[11] (Eval_9_5_DP_OP_56J13_127_6564_J13_0)
                                                          0.00       1.73 f
  core4_1/evalB/io_out_5[11] (Eval_9_5)                   0.00       1.73 f
  core4_1/mult_x_6/b[11] (core4_5_DW_mult_tc_J6_0)        0.00       1.73 f
  core4_1/mult_x_6/U1198/ZN (INVD0P7BWP40P140)            0.18       1.91 r
  core4_1/mult_x_6/U1488/ZN (MUX2ND0BWP40P140)            0.07       1.99 f
  core4_1/mult_x_6/U1489/ZN (INR3D0BWP40P140)             0.33       2.31 r
  core4_1/mult_x_6/U1578/ZN (AOI221D0BWP40P140)           0.11       2.42 f
  core4_1/mult_x_6/U1579/ZN (MUX2ND0BWP40P140)            0.10       2.52 f
  core4_1/mult_x_6/U1183/CO (HA1D1BWP40P140)              0.05       2.57 f
  core4_1/mult_x_6/U1692/CO (FA1D1BWP40P140)              0.05       2.62 f
  core4_1/mult_x_6/U1688/CO (FA1D1BWP40P140)              0.06       2.68 f
  core4_1/mult_x_6/U1684/CO (FA1D1BWP40P140)              0.06       2.73 f
  core4_1/mult_x_6/U1676/CO (FA1D0BWP40P140)              0.07       2.80 f
  core4_1/mult_x_6/U1668/CO (FA1D0BWP40P140)              0.07       2.87 f
  core4_1/mult_x_6/U1672/CO (FA1D1BWP40P140)              0.06       2.93 f
  core4_1/mult_x_6/U1637/S (FA1D0BWP40P140)               0.12       3.05 r
  core4_1/mult_x_6/U1797/S (FA1D1BWP40P140)               0.11       3.16 f
  core4_1/mult_x_6/U1263/CO (FA1D0BWP40P140)              0.08       3.24 f
  core4_1/mult_x_6/U1923/CO (FA1D1BWP40P140)              0.06       3.30 f
  core4_1/mult_x_6/U1919/CO (FA1D1BWP40P140)              0.06       3.35 f
  core4_1/mult_x_6/U1266/CO (FA1D0BWP40P140)              0.07       3.42 f
  core4_1/mult_x_6/U1912/CO (FA1D1BWP40P140)              0.06       3.48 f
  core4_1/mult_x_6/U1269/CO (FA1D0BWP40P140)              0.07       3.55 f
  core4_1/mult_x_6/U1905/CO (FA1D1BWP40P140)              0.06       3.61 f
  core4_1/mult_x_6/U1272/CO (FA1D0BWP40P140)              0.07       3.68 f
  core4_1/mult_x_6/U1898/CO (FA1D1BWP40P140)              0.06       3.74 f
  core4_1/mult_x_6/U1275/CO (FA1D0BWP40P140)              0.07       3.81 f
  core4_1/mult_x_6/U1891/CO (FA1D1BWP40P140)              0.06       3.87 f
  core4_1/mult_x_6/U1278/CO (FA1D0BWP40P140)              0.07       3.94 f
  core4_1/mult_x_6/U1885/CO (FA1D1BWP40P140)              0.06       4.00 f
  core4_1/mult_x_6/U1281/CO (FA1D0BWP40P140)              0.07       4.06 f
  core4_1/mult_x_6/U1878/CO (FA1D1BWP40P140)              0.06       4.12 f
  core4_1/mult_x_6/U1284/CO (FA1D0BWP40P140)              0.07       4.19 f
  core4_1/mult_x_6/U1871/CO (FA1D1BWP40P140)              0.06       4.25 f
  core4_1/mult_x_6/U1286/CO (FA1D0BWP40P140)              0.07       4.32 f
  core4_1/mult_x_6/U1864/CO (FA1D1BWP40P140)              0.06       4.38 f
  core4_1/mult_x_6/U1860/CO (FA1D1BWP40P140)              0.06       4.44 f
  core4_1/mult_x_6/U1856/S (FA1D1BWP40P140)               0.10       4.54 r
  core4_1/mult_x_6/U1307/CO (FA1D0BWP40P140)              0.08       4.62 r
  core4_1/mult_x_6/U2020/CO (FA1D1BWP40P140)              0.06       4.67 r
  core4_1/mult_x_6/U1132/CO (FA1D1BWP40P140)              0.05       4.72 r
  core4_1/mult_x_6/U1159/ZN (XNR4D1BWP40P140LVT)          0.08       4.80 f
  core4_1/mult_x_6/U1158/Z (XOR4D1BWP40P140LVT)           0.08       4.88 r
  core4_1/mult_x_6/U2037/ZN (OAI21D1BWP40P140LVT)         0.02       4.90 f
  core4_1/mult_x_6/U1157/ZN (OAI31D1BWP40P140LVT)         0.02       4.92 r
  core4_1/mult_x_6/U1308/Z (XOR2UD0BWP40P140)             0.03       4.95 r
  core4_1/mult_x_6/product[41] (core4_5_DW_mult_tc_J6_0)
                                                          0.00       4.95 r
  core4_1/s_w_5_reg_41_/D (DFQD1BWP40P140)                0.00       4.95 r
  data arrival time                                                  4.95

  clock clk (rise edge)                                   5.00       5.00
  clock network delay (ideal)                             0.00       5.00
  core4_1/s_w_5_reg_41_/CP (DFQD1BWP40P140)               0.00       5.00 r
  library setup time                                     -0.05       4.95
  data required time                                                 4.95
  --------------------------------------------------------------------------
  data required time                                                 4.95
  data arrival time                                                 -4.95
  --------------------------------------------------------------------------
  slack (MET)                                                        0.00


  Startpoint: io_b_15[0] (input port clocked by clk)
  Endpoint: core4_3/s_w_5_reg_41_
            (rising edge-triggered flip-flop clocked by clk)
  Path Group: clk
  Path Type: max

  Des/Clust/Port     Wire Load Model       Library
  ------------------------------------------------
  core16_a36_b8_c36  ZeroWireload          tcbn28hpcplusbwp40p140hvtssg0p81vm40c_ccs
  Eval_1_0_DP_OP_52J15_128_102_J15_0_0
                     ZeroWireload          tcbn28hpcplusbwp40p140hvtssg0p81vm40c_ccs
  Eval_1_0_DP_OP_53J15_129_6763_J15_0_0
                     ZeroWireload          tcbn28hpcplusbwp40p140hvtssg0p81vm40c_ccs
  Eval_1_0_DP_OP_54J15_130_2528_J15_0_0
                     ZeroWireload          tcbn28hpcplusbwp40p140hvtssg0p81vm40c_ccs
  Eval_9_1_DP_OP_55J14_125_912_J14_0_1
                     ZeroWireload          tcbn28hpcplusbwp40p140hvtssg0p81vm40c_ccs
  Eval_9_1_DP_OP_54J14_124_7247_J14_0_1
                     ZeroWireload          tcbn28hpcplusbwp40p140hvtssg0p81vm40c_ccs
  Eval_9_1_DP_OP_53J14_123_7322_J14_0_1
                     ZeroWireload          tcbn28hpcplusbwp40p140hvtssg0p81vm40c_ccs
  core4_1_DW_mult_tc_J5_1_1
                     ZeroWireload          tcbn28hpcplusbwp40p140hvtssg0p81vm40c_ccs

  Point                                                   Incr       Path
  --------------------------------------------------------------------------
  clock clk (rise edge)                                   0.00       0.00
  clock network delay (ideal)                             0.00       0.00
  input external delay                                    0.50       0.50 r
  io_b_15[0] (in)                                         0.00       0.50 r
  evalB_3/io_in_3[0] (Eval_1_0)                           0.00       0.50 r
  evalB_3/U4/ZN (INVD8BWP40P140LVT)                       0.00       0.50 f
  evalB_3/U12/ZN (INVD8BWP40P140LVT)                      0.01       0.51 r
  evalB_3/DP_OP_53J15_129_6763/I4[0] (Eval_1_0_DP_OP_53J15_129_6763_J15_0_0)
                                                          0.00       0.51 r
  evalB_3/DP_OP_53J15_129_6763/U61/CO (HA1D2BWP40P140LVT)
                                                          0.03       0.54 r
  evalB_3/DP_OP_53J15_129_6763/U50/CO (FA1OPTCD1BWP40P140LVT)
                                                          0.03       0.57 r
  evalB_3/DP_OP_53J15_129_6763/U59/CO (FA1OPTCD1BWP40P140LVT)
                                                          0.03       0.60 r
  evalB_3/DP_OP_53J15_129_6763/U76/CO (FA1D0BWP40P140)
                                                          0.07       0.67 r
  evalB_3/DP_OP_53J15_129_6763/U78/S (FA1D0BWP40P140)     0.12       0.79 f
  evalB_3/DP_OP_53J15_129_6763/U81/ZN (CKND0BWP40P140)
                                                          0.04       0.82 r
  evalB_3/DP_OP_53J15_129_6763/U80/S (FA1D0BWP40P140)     0.14       0.97 f
  evalB_3/DP_OP_53J15_129_6763/O2[4] (Eval_1_0_DP_OP_53J15_129_6763_J15_0_0)
                                                          0.00       0.97 f
  evalB_3/io_out_3[4] (Eval_1_0)                          0.00       0.97 f
  core4_3/io_b_3[4] (core4_3)                             0.00       0.97 f
  core4_3/evalB/io_in_3[4] (Eval_9_3)                     0.00       0.97 f
  core4_3/evalB/DP_OP_55J14_125_912/I3[4] (Eval_9_1_DP_OP_55J14_125_912_J14_0_1)
                                                          0.00       0.97 f
  core4_3/evalB/DP_OP_55J14_125_912/U156/CO (FA1D1BWP40P140)
                                                          0.09       1.05 f
  core4_3/evalB/DP_OP_55J14_125_912/U143/CO (FA1D0BWP40P140)
                                                          0.07       1.12 f
  core4_3/evalB/DP_OP_55J14_125_912/U133/S (FA1D0BWP40P140)
                                                          0.12       1.25 r
  core4_3/evalB/DP_OP_55J14_125_912/U162/ZN (CKND0BWP40P140)
                                                          0.04       1.28 f
  core4_3/evalB/DP_OP_55J14_125_912/U163/CO (FA1D1BWP40P140)
                                                          0.07       1.35 f
  core4_3/evalB/DP_OP_55J14_125_912/U140/CO (FA1D0BWP40P140)
                                                          0.07       1.42 f
  core4_3/evalB/DP_OP_55J14_125_912/U138/CO (FA1D0BWP40P140)
                                                          0.07       1.49 f
  core4_3/evalB/DP_OP_55J14_125_912/U103/CO (FA1D0BWP40P140)
                                                          0.07       1.56 f
  core4_3/evalB/DP_OP_55J14_125_912/U114/CO (FA1D0BWP40P140)
                                                          0.07       1.63 f
  core4_3/evalB/DP_OP_55J14_125_912/U136/CO (FA1D0BWP40P140)
                                                          0.07       1.71 f
  core4_3/evalB/DP_OP_55J14_125_912/U118/CO (FA1D0BWP40P140)
                                                          0.07       1.78 f
  core4_3/evalB/DP_OP_55J14_125_912/U120/CO (FA1D0BWP40P140)
                                                          0.07       1.85 f
  core4_3/evalB/DP_OP_55J14_125_912/U91/S (FA1D1BWP40P140)
                                                          0.14       1.99 f
  core4_3/evalB/DP_OP_55J14_125_912/O2[14] (Eval_9_1_DP_OP_55J14_125_912_J14_0_1)
                                                          0.00       1.99 f
  core4_3/evalB/io_out_5[14] (Eval_9_3)                   0.00       1.99 f
  core4_3/mult_x_6/b[14] (core4_1_DW_mult_tc_J5_1_1)      0.00       1.99 f
  core4_3/mult_x_6/U1132/ZN (CKND0BWP40P140)              0.16       2.16 r
  core4_3/mult_x_6/U1251/ZN (MUX2ND0BWP40P140)            0.08       2.24 f
  core4_3/mult_x_6/U1378/ZN (CKND0BWP40P140)              0.04       2.27 r
  core4_3/mult_x_6/U1402/ZN (ND3D1BWP40P140LVT)           0.13       2.40 f
  core4_3/mult_x_6/U1475/ZN (OAI222D0BWP40P140)           0.11       2.51 r
  core4_3/mult_x_6/U1476/ZN (AOI21D0BWP40P140)            0.03       2.55 f
  core4_3/mult_x_6/U1477/ZN (MUX2ND0BWP40P140)            0.07       2.61 f
  core4_3/mult_x_6/U1133/CO (HA1D1BWP40P140)              0.05       2.66 f
  core4_3/mult_x_6/U1570/CO (FA1D1BWP40P140)              0.05       2.71 f
  core4_3/mult_x_6/U1258/CO (FA1D0BWP40P140)              0.07       2.78 f
  core4_3/mult_x_6/U1564/CO (FA1D1BWP40P140)              0.06       2.84 f
  core4_3/mult_x_6/U1560/CO (FA1D1BWP40P140)              0.06       2.90 f
  core4_3/mult_x_6/U1259/CO (FA1D0BWP40P140)              0.07       2.96 f
  core4_3/mult_x_6/U1553/CO (FA1D1BWP40P140)              0.06       3.03 f
  core4_3/mult_x_6/U1549/CO (FA1D1BWP40P140)              0.06       3.08 f
  core4_3/mult_x_6/U1261/CO (FA1D0BWP40P140)              0.07       3.15 f
  core4_3/mult_x_6/U1542/CO (FA1D1BWP40P140)              0.06       3.21 f
  core4_3/mult_x_6/U1538/CO (FA1D1BWP40P140)              0.06       3.26 f
  core4_3/mult_x_6/U1263/S (FA1D0BWP40P140)               0.12       3.38 r
  core4_3/mult_x_6/U1642/S (FA1D1BWP40P140)               0.11       3.49 f
  core4_3/mult_x_6/U1765/CO (FA1D1BWP40P140)              0.07       3.56 f
  core4_3/mult_x_6/U1761/CO (FA1D1BWP40P140)              0.06       3.61 f
  core4_3/mult_x_6/U1624/CO (FA1D0BWP40P140)              0.07       3.68 f
  core4_3/mult_x_6/U1753/CO (FA1D1BWP40P140)              0.06       3.74 f
  core4_3/mult_x_6/U1606/CO (FA1D0BWP40P140)              0.07       3.81 f
  core4_3/mult_x_6/U1745/CO (FA1D1BWP40P140)              0.06       3.87 f
  core4_3/mult_x_6/U1741/CO (FA1D1BWP40P140)              0.06       3.93 f
  core4_3/mult_x_6/U1203/S (FA1D0BWP40P140)               0.12       4.04 r
  core4_3/mult_x_6/U1317/CO (FA1D0BWP40P140)              0.08       4.12 r
  core4_3/mult_x_6/U1872/S (FA1D1BWP40P140)               0.10       4.23 f
  core4_3/mult_x_6/U1989/CO (FA1D1BWP40P140)              0.07       4.29 f
  core4_3/mult_x_6/U1342/CO (FA1D0BWP40P140)              0.07       4.36 f
  core4_3/mult_x_6/U1988/CO (FA1D1BWP40P140)              0.06       4.42 f
  core4_3/mult_x_6/U1987/CO (FA1D1BWP40P140)              0.06       4.48 f
  core4_3/mult_x_6/U1343/CO (FA1D0BWP40P140)              0.07       4.54 f
  core4_3/mult_x_6/U1986/CO (FA1D1BWP40P140)              0.06       4.60 f
  core4_3/mult_x_6/U2025/CO (FA1D1BWP40P140)              0.06       4.66 f
  core4_3/mult_x_6/U1345/CO (FA1D0BWP40P140)              0.06       4.72 f
  core4_3/mult_x_6/U1162/ZN (XNR4D1BWP40P140LVT)          0.09       4.81 r
  core4_3/mult_x_6/U1161/Z (XOR4D1BWP40P140LVT)           0.08       4.89 f
  core4_3/mult_x_6/U2040/ZN (OAI21D1BWP40P140LVT)         0.02       4.90 r
  core4_3/mult_x_6/U1160/ZN (OAI31D1BWP40P140LVT)         0.03       4.93 f
  core4_3/mult_x_6/U1347/Z (XOR2UD0BWP40P140LVT)          0.02       4.95 r
  core4_3/mult_x_6/product[41] (core4_1_DW_mult_tc_J5_1_1)
                                                          0.00       4.95 r
  core4_3/s_w_5_reg_41_/D (DFQD1BWP40P140)                0.00       4.95 r
  data arrival time                                                  4.95

  clock clk (rise edge)                                   5.00       5.00
  clock network delay (ideal)                             0.00       5.00
  core4_3/s_w_5_reg_41_/CP (DFQD1BWP40P140)               0.00       5.00 r
  library setup time                                     -0.05       4.95
  data required time                                                 4.95
  --------------------------------------------------------------------------
  data required time                                                 4.95
  data arrival time                                                 -4.95
  --------------------------------------------------------------------------
  slack (MET)                                                        0.00


  Startpoint: io_b_15[0] (input port clocked by clk)
  Endpoint: core4_4/s_w_3_reg_41_
            (rising edge-triggered flip-flop clocked by clk)
  Path Group: clk
  Path Type: max

  Des/Clust/Port     Wire Load Model       Library
  ------------------------------------------------
  core16_a36_b8_c36  ZeroWireload          tcbn28hpcplusbwp40p140hvtssg0p81vm40c_ccs
  Eval_1_0_DP_OP_52J15_128_102_J15_0_0
                     ZeroWireload          tcbn28hpcplusbwp40p140hvtssg0p81vm40c_ccs
  Eval_1_0_DP_OP_53J15_129_6763_J15_0_0
                     ZeroWireload          tcbn28hpcplusbwp40p140hvtssg0p81vm40c_ccs
  Eval_1_0_DP_OP_54J15_130_2528_J15_0_0
                     ZeroWireload          tcbn28hpcplusbwp40p140hvtssg0p81vm40c_ccs
  core4_2_DW_mult_uns_J7_1
                     ZeroWireload          tcbn28hpcplusbwp40p140hvtssg0p81vm40c_ccs
  Eval_9_2_DP_OP_54J15_125_110_J15_0
                     ZeroWireload          tcbn28hpcplusbwp40p140hvtssg0p81vm40c_ccs
  Eval_9_2_DP_OP_55J15_126_2141_J15_0
                     ZeroWireload          tcbn28hpcplusbwp40p140hvtssg0p81vm40c_ccs
  Eval_9_2_DP_OP_56J15_127_8780_J15_0
                     ZeroWireload          tcbn28hpcplusbwp40p140hvtssg0p81vm40c_ccs
  core4_2_DW_mult_tc_J7_2
                     ZeroWireload          tcbn28hpcplusbwp40p140hvtssg0p81vm40c_ccs

  Point                                                   Incr       Path
  --------------------------------------------------------------------------
  clock clk (rise edge)                                   0.00       0.00
  clock network delay (ideal)                             0.00       0.00
  input external delay                                    0.50       0.50 r
  io_b_15[0] (in)                                         0.00       0.50 r
  evalB_3/io_in_3[0] (Eval_1_0)                           0.00       0.50 r
  evalB_3/U4/ZN (INVD8BWP40P140LVT)                       0.00       0.50 f
  evalB_3/U12/ZN (INVD8BWP40P140LVT)                      0.01       0.51 r
  evalB_3/DP_OP_54J15_130_2528/I3[0] (Eval_1_0_DP_OP_54J15_130_2528_J15_0_0)
                                                          0.00       0.51 r
  evalB_3/DP_OP_54J15_130_2528/U102/ZN (CKND0BWP40P140)
                                                          0.02       0.53 f
  evalB_3/DP_OP_54J15_130_2528/U103/ZN (CKND0BWP40P140)
                                                          0.02       0.55 r
  evalB_3/DP_OP_54J15_130_2528/U76/Z (BUFFD0BWP40P140)
                                                          0.03       0.58 r
  evalB_3/DP_OP_54J15_130_2528/O1[0] (Eval_1_0_DP_OP_54J15_130_2528_J15_0_0)
                                                          0.00       0.58 r
  evalB_3/io_out_4[0] (Eval_1_0)                          0.00       0.58 r
  core4_4/io_b_3[0] (core4_2)                             0.00       0.58 r
  core4_4/evalB/io_in_3[0] (Eval_9_2)                     0.00       0.58 r
  core4_4/evalB/U8/ZN (CKND0BWP40P140)                    0.01       0.59 f
  core4_4/evalB/U7/ZN (CKND0BWP40P140)                    0.05       0.65 r
  core4_4/evalB/DP_OP_55J15_126_2141/I4[0] (Eval_9_2_DP_OP_55J15_126_2141_J15_0)
                                                          0.00       0.65 r
  core4_4/evalB/DP_OP_55J15_126_2141/U94/CO (HA1D0BWP40P140)
                                                          0.06       0.71 r
  core4_4/evalB/DP_OP_55J15_126_2141/U117/CO (FA1D0BWP40P140)
                                                          0.07       0.78 r
  core4_4/evalB/DP_OP_55J15_126_2141/U127/CO (FA1D0BWP40P140)
                                                          0.07       0.85 r
  core4_4/evalB/DP_OP_55J15_126_2141/U98/CO (FA1D0BWP40P140)
                                                          0.07       0.93 r
  core4_4/evalB/DP_OP_55J15_126_2141/U99/CO (FA1D0BWP40P140)
                                                          0.07       1.00 r
  core4_4/evalB/DP_OP_55J15_126_2141/U114/CO (FA1D0BWP40P140)
                                                          0.07       1.07 r
  core4_4/evalB/DP_OP_55J15_126_2141/U104/CO (FA1D0BWP40P140)
                                                          0.07       1.15 r
  core4_4/evalB/DP_OP_55J15_126_2141/U106/CO (FA1D0BWP40P140)
                                                          0.07       1.22 r
  core4_4/evalB/DP_OP_55J15_126_2141/U102/S (FA1D0BWP40P140)
                                                          0.12       1.34 f
  core4_4/evalB/DP_OP_55J15_126_2141/U110/ZN (CKND0BWP40P140)
                                                          0.04       1.38 r
  core4_4/evalB/DP_OP_55J15_126_2141/U109/S (FA1D0BWP40P140)
                                                          0.21       1.58 f
  core4_4/evalB/DP_OP_55J15_126_2141/O2[8] (Eval_9_2_DP_OP_55J15_126_2141_J15_0)
                                                          0.00       1.58 f
  core4_4/evalB/io_out_3[8] (Eval_9_2)                    0.00       1.58 f
  core4_4/mult_x_4/b[8] (core4_2_DW_mult_tc_J7_2)         0.00       1.58 f
  core4_4/mult_x_4/U1434/ZN (CKND0BWP40P140)              0.22       1.81 r
  core4_4/mult_x_4/U1587/ZN (MUX2ND0BWP40P140)            0.09       1.89 f
  core4_4/mult_x_4/U1444/ZN (INR3D0BWP40P140)             0.36       2.25 r
  core4_4/mult_x_4/U1705/ZN (AOI221D0BWP40P140)           0.11       2.36 f
  core4_4/mult_x_4/U1706/ZN (MUX2ND0BWP40P140)            0.09       2.45 r
  core4_4/mult_x_4/U1190/CO (HA1D0BWP40P140)              0.06       2.51 r
  core4_4/mult_x_4/U1795/S (FA1D0BWP40P140)               0.11       2.62 f
  core4_4/mult_x_4/U1957/CO (FA1D1BWP40P140)              0.07       2.69 f
  core4_4/mult_x_4/U1357/CO (FA1D0BWP40P140)              0.07       2.76 f
  core4_4/mult_x_4/U1928/CO (FA1D0BWP40P140)              0.07       2.83 f
  core4_4/mult_x_4/U1946/CO (FA1D1BWP40P140)              0.06       2.89 f
  core4_4/mult_x_4/U1361/CO (FA1D0BWP40P140)              0.07       2.96 f
  core4_4/mult_x_4/U1940/CO (FA1D1BWP40P140)              0.06       3.02 f
  core4_4/mult_x_4/U1936/CO (FA1D1BWP40P140)              0.06       3.08 f
  core4_4/mult_x_4/U1932/CO (FA1D1BWP40P140)              0.06       3.13 f
  core4_4/mult_x_4/U1881/CO (FA1D0BWP40P140)              0.07       3.20 f
  core4_4/mult_x_4/U1925/CO (FA1D1BWP40P140)              0.06       3.26 f
  core4_4/mult_x_4/U1367/CO (FA1D0BWP40P140)              0.07       3.33 f
  core4_4/mult_x_4/U1919/CO (FA1D1BWP40P140)              0.06       3.39 f
  core4_4/mult_x_4/U1915/CO (FA1D1BWP40P140)              0.06       3.45 f
  core4_4/mult_x_4/U1371/CO (FA1D0BWP40P140)              0.07       3.51 f
  core4_4/mult_x_4/U1908/CO (FA1D1BWP40P140)              0.06       3.58 f
  core4_4/mult_x_4/U1137/CO (FA1D1BWP40P140LVT)           0.04       3.62 f
  core4_4/mult_x_4/U1831/CO (FA1D0BWP40P140)              0.07       3.69 f
  core4_4/mult_x_4/U1899/CO (FA1D1BWP40P140)              0.06       3.75 f
  core4_4/mult_x_4/U1895/CO (FA1D1BWP40P140)              0.06       3.80 f
  core4_4/mult_x_4/U1378/CO (FA1D0BWP40P140)              0.07       3.87 f
  core4_4/mult_x_4/U1889/CO (FA1D1BWP40P140)              0.06       3.93 f
  core4_4/mult_x_4/U1885/CO (FA1D1BWP40P140)              0.06       3.98 f
  core4_4/mult_x_4/U1807/CO (FA1D0BWP40P140)              0.07       4.05 f
  core4_4/mult_x_4/U1382/CO (FA1D0BWP40P140)              0.07       4.13 f
  core4_4/mult_x_4/U1875/CO (FA1D1BWP40P140)              0.06       4.19 f
  core4_4/mult_x_4/U1134/CO (FA1D1BWP40P140LVT)           0.04       4.23 f
  core4_4/mult_x_4/U1132/CO (FA1D1BWP40P140LVT)           0.04       4.27 f
  core4_4/mult_x_4/U1866/CO (FA1D1BWP40P140)              0.05       4.33 f
  core4_4/mult_x_4/U1862/S (FA1D1BWP40P140)               0.10       4.43 r
  core4_4/mult_x_4/U1405/CO (FA1D0BWP40P140)              0.08       4.51 r
  core4_4/mult_x_4/U1984/CO (FA1D1BWP40P140)              0.06       4.56 r
  core4_4/mult_x_4/U2022/CO (FA1D1BWP40P140)              0.05       4.61 r
  core4_4/mult_x_4/U1406/CO (FA1D0BWP40P140)              0.06       4.67 r
  core4_4/mult_x_4/U1168/ZN (XNR4D1BWP40P140LVT)          0.08       4.75 f
  core4_4/mult_x_4/U1167/Z (XOR4D1BWP40P140)              0.10       4.86 r
  core4_4/mult_x_4/U1128/ZN (OAI21D0BWP40P140)            0.03       4.89 f
  core4_4/mult_x_4/U1409/ZN (OAI31D0BWP40P140LVT)         0.03       4.91 r
  core4_4/mult_x_4/U1408/Z (XOR2UD0BWP40P140)             0.04       4.95 r
  core4_4/mult_x_4/product[41] (core4_2_DW_mult_tc_J7_2)
                                                          0.00       4.95 r
  core4_4/s_w_3_reg_41_/D (DFQD1BWP40P140)                0.00       4.95 r
  data arrival time                                                  4.95

  clock clk (rise edge)                                   5.00       5.00
  clock network delay (ideal)                             0.00       5.00
  core4_4/s_w_3_reg_41_/CP (DFQD1BWP40P140)               0.00       5.00 r
  library setup time                                     -0.05       4.95
  data required time                                                 4.95
  --------------------------------------------------------------------------
  data required time                                                 4.95
  data arrival time                                                 -4.95
  --------------------------------------------------------------------------
  slack (MET)                                                        0.00


1
