 
****************************************
Report : timing
        -path full
        -delay max
        -max_paths 3
Design : core4_a28_b10_c28
Version: O-2018.06-SP5
Date   : Tue May 12 05:49:38 2026
****************************************

Operating Conditions: ssg0p81vm40c   Library: tcbn28hpcplusbwp40p140hvtssg0p81vm40c_ccs
Wire Load Model Mode: segmented

  Startpoint: io_b_0[2] (input port clocked by clk)
  Endpoint: s_w_2_reg_30_
            (rising edge-triggered flip-flop clocked by clk)
  Path Group: clk
  Path Type: max

  Des/Clust/Port     Wire Load Model       Library
  ------------------------------------------------
  core4_a28_b10_c28  ZeroWireload          tcbn28hpcplusbwp40p140hvtssg0p81vm40c_ccs
  core4_a28_b10_c28_DW_mult_uns_J3_0
                     ZeroWireload          tcbn28hpcplusbwp40p140hvtssg0p81vm40c_ccs
  Eval_1_DP_OP_52J3_122_4539_J3_0
                     ZeroWireload          tcbn28hpcplusbwp40p140hvtssg0p81vm40c_ccs
  Eval_1_DP_OP_53J3_123_9506_J3_0
                     ZeroWireload          tcbn28hpcplusbwp40p140hvtssg0p81vm40c_ccs
  Eval_1_DP_OP_54J3_124_4915_J3_0
                     ZeroWireload          tcbn28hpcplusbwp40p140hvtssg0p81vm40c_ccs
  core4_a28_b10_c28_DW_mult_uns_J3_1
                     ZeroWireload          tcbn28hpcplusbwp40p140hvtssg0p81vm40c_ccs

  Point                                                   Incr       Path
  --------------------------------------------------------------------------
  clock clk (rise edge)                                   0.00       0.00
  clock network delay (ideal)                             0.00       0.00
  input external delay                                    0.50       0.50 f
  io_b_0[2] (in)                                          0.00       0.50 f
  evalB/io_in_0[2] (Eval_1)                               0.00       0.50 f
  evalB/U11/ZN (CKND0BWP40P140)                           0.01       0.51 r
  evalB/U10/ZN (CKND0BWP40P140)                           0.15       0.65 f
  evalB/DP_OP_53J3_123_9506/I2[2] (Eval_1_DP_OP_53J3_123_9506_J3_0)
                                                          0.00       0.65 f
  evalB/DP_OP_53J3_123_9506/U60/S (FA1D0BWP40P140)        0.23       0.89 r
  evalB/DP_OP_53J3_123_9506/U109/CO (FA1D0BWP40P140)      0.08       0.97 r
  evalB/DP_OP_53J3_123_9506/U108/CO (FA1D0BWP40P140)      0.07       1.05 r
  evalB/DP_OP_53J3_123_9506/U107/CO (FA1D0BWP40P140)      0.07       1.12 r
  evalB/DP_OP_53J3_123_9506/U106/S (FA1D0BWP40P140)       0.18       1.30 r
  evalB/DP_OP_53J3_123_9506/O1[5] (Eval_1_DP_OP_53J3_123_9506_J3_0)
                                                          0.00       1.30 r
  evalB/io_out_2[5] (Eval_1)                              0.00       1.30 r
  mult_x_3/b[5] (core4_a28_b10_c28_DW_mult_uns_J3_1)      0.00       1.30 r
  mult_x_3/U642/ZN (CKND0BWP40P140)                       0.17       1.47 f
  mult_x_3/U643/ZN (AOI22D0BWP40P140)                     0.13       1.60 r
  mult_x_3/U644/ZN (CKND0BWP40P140)                       0.12       1.72 f
  mult_x_3/U607/ZN (AOI221D0BWP40P140)                    0.27       1.99 r
  mult_x_3/U1042/Z (AO22D0BWP40P140)                      0.13       2.12 r
  mult_x_3/U1053/S (FA1D0BWP40P140)                       0.11       2.23 f
  mult_x_3/U1060/S (FA1D0BWP40P140)                       0.12       2.35 r
  mult_x_3/U1104/CO (FA1D0BWP40P140)                      0.08       2.43 r
  mult_x_3/U1103/CO (FA1D0BWP40P140)                      0.07       2.50 r
  mult_x_3/U1102/CO (FA1D0BWP40P140)                      0.07       2.58 r
  mult_x_3/U1101/CO (FA1D0BWP40P140)                      0.07       2.65 r
  mult_x_3/U1100/CO (FA1D0BWP40P140)                      0.07       2.72 r
  mult_x_3/U1099/CO (FA1D0BWP40P140)                      0.07       2.80 r
  mult_x_3/U1098/CO (FA1D0BWP40P140)                      0.07       2.87 r
  mult_x_3/U1097/CO (FA1D0BWP40P140)                      0.07       2.95 r
  mult_x_3/U1096/CO (FA1D0BWP40P140)                      0.07       3.02 r
  mult_x_3/U1095/CO (FA1D0BWP40P140)                      0.07       3.09 r
  mult_x_3/U1094/CO (FA1D0BWP40P140)                      0.07       3.17 r
  mult_x_3/U1093/CO (FA1D0BWP40P140)                      0.07       3.24 r
  mult_x_3/U1092/CO (FA1D0BWP40P140)                      0.07       3.32 r
  mult_x_3/U1091/CO (FA1D0BWP40P140)                      0.07       3.39 r
  mult_x_3/U1090/CO (FA1D0BWP40P140)                      0.07       3.46 r
  mult_x_3/U1089/CO (FA1D0BWP40P140)                      0.07       3.54 r
  mult_x_3/U1088/CO (FA1D0BWP40P140)                      0.07       3.61 r
  mult_x_3/U1087/CO (FA1D0BWP40P140)                      0.07       3.69 r
  mult_x_3/U1086/CO (FA1D0BWP40P140)                      0.07       3.76 r
  mult_x_3/U1085/CO (FA1D0BWP40P140)                      0.07       3.83 r
  mult_x_3/U1084/CO (FA1D0BWP40P140)                      0.07       3.91 r
  mult_x_3/U1127/CO (FA1D0BWP40P140)                      0.07       3.98 r
  mult_x_3/U1143/CO (FA1D0BWP40P140)                      0.07       4.05 r
  mult_x_3/U610/ZN (XNR4D0BWP40P140)                      0.12       4.17 r
  mult_x_3/U606/Z (XOR2UD0BWP40P140)                      0.04       4.21 r
  mult_x_3/U617/Z (XOR4D0BWP40P140)                       0.11       4.32 r
  mult_x_3/product[30] (core4_a28_b10_c28_DW_mult_uns_J3_1)
                                                          0.00       4.32 r
  s_w_2_reg_30_/D (DFKCNQD1BWP40P140)                     0.00       4.32 r
  data arrival time                                                  4.32

  clock clk (rise edge)                                   5.00       5.00
  clock network delay (ideal)                             0.00       5.00
  s_w_2_reg_30_/CP (DFKCNQD1BWP40P140)                    0.00       5.00 r
  library setup time                                     -0.04       4.96
  data required time                                                 4.96
  --------------------------------------------------------------------------
  data required time                                                 4.96
  data arrival time                                                 -4.32
  --------------------------------------------------------------------------
  slack (MET)                                                        0.64


  Startpoint: io_b_3[2] (input port clocked by clk)
  Endpoint: s_w_5_reg_30_
            (rising edge-triggered flip-flop clocked by clk)
  Path Group: clk
  Path Type: max

  Des/Clust/Port     Wire Load Model       Library
  ------------------------------------------------
  core4_a28_b10_c28  ZeroWireload          tcbn28hpcplusbwp40p140hvtssg0p81vm40c_ccs
  core4_a28_b10_c28_DW_mult_uns_J3_2
                     ZeroWireload          tcbn28hpcplusbwp40p140hvtssg0p81vm40c_ccs
  Eval_1_DP_OP_52J3_122_4539_J3_0
                     ZeroWireload          tcbn28hpcplusbwp40p140hvtssg0p81vm40c_ccs
  Eval_1_DP_OP_53J3_123_9506_J3_0
                     ZeroWireload          tcbn28hpcplusbwp40p140hvtssg0p81vm40c_ccs
  Eval_1_DP_OP_54J3_124_4915_J3_0
                     ZeroWireload          tcbn28hpcplusbwp40p140hvtssg0p81vm40c_ccs
  core4_a28_b10_c28_DW_mult_tc_J3_0
                     ZeroWireload          tcbn28hpcplusbwp40p140hvtssg0p81vm40c_ccs

  Point                                                   Incr       Path
  --------------------------------------------------------------------------
  clock clk (rise edge)                                   0.00       0.00
  clock network delay (ideal)                             0.00       0.00
  input external delay                                    0.50       0.50 r
  io_b_3[2] (in)                                          0.00       0.50 r
  evalB/io_in_3[2] (Eval_1)                               0.00       0.50 r
  evalB/U13/ZN (CKND0BWP40P140)                           0.01       0.51 f
  evalB/U17/ZN (CKND0BWP40P140)                           0.15       0.66 r
  evalB/DP_OP_54J3_124_4915/I3[2] (Eval_1_DP_OP_54J3_124_4915_J3_0)
                                                          0.00       0.66 r
  evalB/DP_OP_54J3_124_4915/U67/CO (HA1D0BWP40P140)       0.10       0.76 r
  evalB/DP_OP_54J3_124_4915/U92/CO (FA1D0BWP40P140)       0.07       0.83 r
  evalB/DP_OP_54J3_124_4915/U90/CO (FA1D0BWP40P140)       0.07       0.90 r
  evalB/DP_OP_54J3_124_4915/U88/CO (FA1D0BWP40P140)       0.07       0.98 r
  evalB/DP_OP_54J3_124_4915/U86/CO (FA1D0BWP40P140)       0.07       1.05 r
  evalB/DP_OP_54J3_124_4915/U84/CO (FA1D0BWP40P140)       0.07       1.13 r
  evalB/DP_OP_54J3_124_4915/U82/S (FA1D0BWP40P140)        0.12       1.24 f
  evalB/DP_OP_54J3_124_4915/U109/ZN (CKND0BWP40P140)      0.04       1.28 r
  evalB/DP_OP_54J3_124_4915/U122/CO (FA1D0BWP40P140)      0.07       1.35 r
  evalB/DP_OP_54J3_124_4915/U121/CO (FA1D0BWP40P140)      0.07       1.43 r
  evalB/DP_OP_54J3_124_4915/U120/CO (FA1D0BWP40P140)      0.07       1.50 r
  evalB/DP_OP_54J3_124_4915/U119/S (FA1D0BWP40P140)       0.17       1.67 f
  evalB/DP_OP_54J3_124_4915/O2[11] (Eval_1_DP_OP_54J3_124_4915_J3_0)
                                                          0.00       1.67 f
  evalB/io_out_5[11] (Eval_1)                             0.00       1.67 f
  mult_x_6/b[11] (core4_a28_b10_c28_DW_mult_tc_J3_0)      0.00       1.67 f
  mult_x_6/U769/ZN (CKND0BWP40P140)                       0.15       1.82 r
  mult_x_6/U702/ZN (MUX2ND0BWP40P140)                     0.08       1.90 f
  mult_x_6/U770/ZN (CKND0BWP40P140)                       0.04       1.94 r
  mult_x_6/U708/ZN (IND3D0BWP40P140HVT)                   0.24       2.18 f
  mult_x_6/U794/ZN (OAI222D0BWP40P140)                    0.17       2.36 r
  mult_x_6/U795/ZN (AOI21D0BWP40P140)                     0.04       2.40 f
  mult_x_6/U707/ZN (MUX2ND0BWP40P140)                     0.07       2.46 f
  mult_x_6/U914/S (HA1D0BWP40P140)                        0.07       2.54 f
  mult_x_6/U993/S (FA1D0BWP40P140)                        0.13       2.66 r
  mult_x_6/U1086/CO (FA1D0BWP40P140)                      0.08       2.74 r
  mult_x_6/U1082/S (FA1D0BWP40P140)                       0.11       2.86 f
  mult_x_6/U1183/S (FA1D0BWP40P140)                       0.13       2.99 r
  mult_x_6/U1269/CO (FA1D0BWP40P140)                      0.08       3.07 r
  mult_x_6/U1268/CO (FA1D0BWP40P140)                      0.07       3.14 r
  mult_x_6/U1267/CO (FA1D0BWP40P140)                      0.07       3.22 r
  mult_x_6/U1266/CO (FA1D0BWP40P140)                      0.07       3.29 r
  mult_x_6/U1265/CO (FA1D0BWP40P140)                      0.07       3.37 r
  mult_x_6/U1264/CO (FA1D0BWP40P140)                      0.07       3.44 r
  mult_x_6/U1263/CO (FA1D0BWP40P140)                      0.07       3.51 r
  mult_x_6/U1262/CO (FA1D0BWP40P140)                      0.07       3.59 r
  mult_x_6/U1261/CO (FA1D0BWP40P140)                      0.07       3.66 r
  mult_x_6/U1260/CO (FA1D0BWP40P140)                      0.07       3.74 r
  mult_x_6/U1259/CO (FA1D0BWP40P140)                      0.07       3.81 r
  mult_x_6/U1258/CO (FA1D0BWP40P140)                      0.07       3.88 r
  mult_x_6/U1257/CO (FA1D0BWP40P140)                      0.07       3.96 r
  mult_x_6/U1256/CO (FA1D0BWP40P140)                      0.07       4.03 r
  mult_x_6/U1255/CO (FA1D0BWP40P140)                      0.07       4.10 r
  mult_x_6/U701/Z (XOR3UD0BWP40P140)                      0.10       4.19 r
  mult_x_6/product[30] (core4_a28_b10_c28_DW_mult_tc_J3_0)
                                                          0.00       4.19 r
  s_w_5_reg_30_/D (DFKCNQD1BWP40P140)                     0.00       4.19 r
  data arrival time                                                  4.19

  clock clk (rise edge)                                   5.00       5.00
  clock network delay (ideal)                             0.00       5.00
  s_w_5_reg_30_/CP (DFKCNQD1BWP40P140)                    0.00       5.00 r
  library setup time                                     -0.05       4.95
  data required time                                                 4.95
  --------------------------------------------------------------------------
  data required time                                                 4.95
  data arrival time                                                 -4.19
  --------------------------------------------------------------------------
  slack (MET)                                                        0.76


  Startpoint: io_b_3[2] (input port clocked by clk)
  Endpoint: s_w_4_reg_30_
            (rising edge-triggered flip-flop clocked by clk)
  Path Group: clk
  Path Type: max

  Des/Clust/Port     Wire Load Model       Library
  ------------------------------------------------
  core4_a28_b10_c28  ZeroWireload          tcbn28hpcplusbwp40p140hvtssg0p81vm40c_ccs
  core4_a28_b10_c28_DW_mult_uns_J3_2
                     ZeroWireload          tcbn28hpcplusbwp40p140hvtssg0p81vm40c_ccs
  Eval_1_DP_OP_52J3_122_4539_J3_0
                     ZeroWireload          tcbn28hpcplusbwp40p140hvtssg0p81vm40c_ccs
  Eval_1_DP_OP_53J3_123_9506_J3_0
                     ZeroWireload          tcbn28hpcplusbwp40p140hvtssg0p81vm40c_ccs
  Eval_1_DP_OP_54J3_124_4915_J3_0
                     ZeroWireload          tcbn28hpcplusbwp40p140hvtssg0p81vm40c_ccs
  core4_a28_b10_c28_DW_mult_tc_J3_1
                     ZeroWireload          tcbn28hpcplusbwp40p140hvtssg0p81vm40c_ccs

  Point                                                   Incr       Path
  --------------------------------------------------------------------------
  clock clk (rise edge)                                   0.00       0.00
  clock network delay (ideal)                             0.00       0.00
  input external delay                                    0.50       0.50 f
  io_b_3[2] (in)                                          0.00       0.50 f
  evalB/io_in_3[2] (Eval_1)                               0.00       0.50 f
  evalB/U13/ZN (CKND0BWP40P140)                           0.01       0.51 r
  evalB/U17/ZN (CKND0BWP40P140)                           0.15       0.65 f
  evalB/DP_OP_54J3_124_4915/I3[2] (Eval_1_DP_OP_54J3_124_4915_J3_0)
                                                          0.00       0.65 f
  evalB/DP_OP_54J3_124_4915/U67/CO (HA1D0BWP40P140)       0.11       0.76 f
  evalB/DP_OP_54J3_124_4915/U92/CO (FA1D0BWP40P140)       0.07       0.83 f
  evalB/DP_OP_54J3_124_4915/U90/S (FA1D0BWP40P140)        0.12       0.96 r
  evalB/DP_OP_54J3_124_4915/U102/CO (FA1D0BWP40P140)      0.08       1.03 r
  evalB/DP_OP_54J3_124_4915/U101/CO (FA1D0BWP40P140)      0.07       1.11 r
  evalB/DP_OP_54J3_124_4915/U100/CO (FA1D0BWP40P140)      0.07       1.18 r
  evalB/DP_OP_54J3_124_4915/U99/CO (FA1D0BWP40P140)       0.07       1.26 r
  evalB/DP_OP_54J3_124_4915/U98/CO (FA1D0BWP40P140)       0.07       1.33 r
  evalB/DP_OP_54J3_124_4915/U97/CO (FA1D0BWP40P140)       0.07       1.41 r
  evalB/DP_OP_54J3_124_4915/U96/CO (FA1D0BWP40P140)       0.07       1.48 r
  evalB/DP_OP_54J3_124_4915/U95/S (FA1D0BWP40P140)        0.17       1.65 f
  evalB/DP_OP_54J3_124_4915/O1[11] (Eval_1_DP_OP_54J3_124_4915_J3_0)
                                                          0.00       1.65 f
  evalB/io_out_4[11] (Eval_1)                             0.00       1.65 f
  mult_x_5/b[11] (core4_a28_b10_c28_DW_mult_tc_J3_1)      0.00       1.65 f
  mult_x_5/U773/ZN (CKND0BWP40P140)                       0.15       1.80 r
  mult_x_5/U704/ZN (MUX2ND0BWP40P140)                     0.08       1.88 f
  mult_x_5/U774/ZN (CKND0BWP40P140)                       0.04       1.92 r
  mult_x_5/U728/ZN (IND3D0BWP40P140HVT)                   0.24       2.16 f
  mult_x_5/U798/ZN (OAI222D0BWP40P140)                    0.17       2.34 r
  mult_x_5/U799/ZN (AOI21D0BWP40P140)                     0.04       2.38 f
  mult_x_5/U707/ZN (MUX2NUD1BWP40P140)                    0.05       2.43 r
  mult_x_5/U914/S (HA1D0BWP40P140)                        0.07       2.50 f
  mult_x_5/U992/S (FA1D0BWP40P140)                        0.13       2.63 r
  mult_x_5/U1089/CO (FA1D0BWP40P140)                      0.08       2.71 r
  mult_x_5/U1085/S (FA1D0BWP40P140)                       0.11       2.83 f
  mult_x_5/U1186/S (FA1D0BWP40P140)                       0.13       2.96 r
  mult_x_5/U1269/CO (FA1D0BWP40P140)                      0.08       3.04 r
  mult_x_5/U1268/CO (FA1D0BWP40P140)                      0.07       3.11 r
  mult_x_5/U1267/CO (FA1D0BWP40P140)                      0.07       3.19 r
  mult_x_5/U1266/CO (FA1D0BWP40P140)                      0.07       3.26 r
  mult_x_5/U1265/CO (FA1D0BWP40P140)                      0.07       3.33 r
  mult_x_5/U1264/CO (FA1D0BWP40P140)                      0.07       3.41 r
  mult_x_5/U1263/CO (FA1D0BWP40P140)                      0.07       3.48 r
  mult_x_5/U1262/CO (FA1D0BWP40P140)                      0.07       3.56 r
  mult_x_5/U1261/CO (FA1D0BWP40P140)                      0.07       3.63 r
  mult_x_5/U1260/CO (FA1D0BWP40P140)                      0.07       3.70 r
  mult_x_5/U1259/CO (FA1D0BWP40P140)                      0.07       3.78 r
  mult_x_5/U1258/CO (FA1D0BWP40P140)                      0.07       3.85 r
  mult_x_5/U1257/CO (FA1D0BWP40P140)                      0.07       3.93 r
  mult_x_5/U1256/CO (FA1D0BWP40P140)                      0.07       4.00 r
  mult_x_5/U1255/CO (FA1D0BWP40P140)                      0.07       4.07 r
  mult_x_5/U701/Z (XOR3UD0BWP40P140)                      0.10       4.16 r
  mult_x_5/product[30] (core4_a28_b10_c28_DW_mult_tc_J3_1)
                                                          0.00       4.16 r
  s_w_4_reg_30_/D (DFKCNQD1BWP40P140)                     0.00       4.16 r
  data arrival time                                                  4.16

  clock clk (rise edge)                                   5.00       5.00
  clock network delay (ideal)                             0.00       5.00
  s_w_4_reg_30_/CP (DFKCNQD1BWP40P140)                    0.00       5.00 r
  library setup time                                     -0.05       4.95
  data required time                                                 4.95
  --------------------------------------------------------------------------
  data required time                                                 4.95
  data arrival time                                                 -4.16
  --------------------------------------------------------------------------
  slack (MET)                                                        0.79


1
