 
****************************************
Report : area
Design : core64_a32_b14_c32
Version: O-2018.06-SP5
Date   : Wed May 13 04:30:07 2026
****************************************

Library(s) Used:

    tcbn28hpcplusbwp40p140lvtssg0p81vm40c_ccs (File: /export1/Library/TN28HPC+/STD_CELL_ext/track9_200824/TSMCHOME/digital/Front_End/timing_power_noise/CCS/tcbn28hpcplusbwp40p140lvt_180a/tcbn28hpcplusbwp40p140lvtssg0p81vm40c_ccs.db)
    tcbn28hpcplusbwp40p140ssg0p81vm40c_ccs (File: /export1/Library/TN28HPC+/STD_CELL_ext/track9_200824/TSMCHOME/digital/Front_End/timing_power_noise/CCS/tcbn28hpcplusbwp40p140_180a/tcbn28hpcplusbwp40p140ssg0p81vm40c_ccs.db)
    tcbn28hpcplusbwp40p140hvtssg0p81vm40c_ccs (File: /export1/Library/TN28HPC+/STD_CELL_ext/track9_200824/TSMCHOME/digital/Front_End/timing_power_noise/CCS/tcbn28hpcplusbwp40p140hvt_180a/tcbn28hpcplusbwp40p140hvtssg0p81vm40c_ccs.db)

Number of ports:                       387486
Number of nets:                       1255930
Number of cells:                       657188
Number of combinational cells:         611148
Number of sequential cells:             38550
Number of macros/black boxes:               0
Number of buf/inv:                      75327
Number of references:                      45

Combinational area:             763984.230290
Buf/Inv area:                    20265.966176
Noncombinational area:           75958.092598
Macro/Black Box area:                0.000000
Net Interconnect area:      undefined  (Wire load has zero net area)

Total cell area:                839942.322888
Total area:                 undefined

Area of detected synthetic parts
--------------------------------
                                                     Perc. of
  Module                Implem.  Count         Area cell area
  --------------------- -------  ----- ------------ ---------
  DP_OP_106J21_122_5359     str     28   77672.8979      9.2%
  DP_OP_106J22_122_4710     str     21   56286.2141      6.7%
  DP_OP_1681J3_122_8765     str      1   34516.9609      4.1%
  DP_OP_421J11_122_5960     str      4   42352.4160      5.0%
  DP_OP_421J12_122_1083     str      3   30288.8652      3.6%
  DP_OP_52J19_122_1625      str     16    3388.3902      0.4%
  DP_OP_52J20_125_4593      str     16    1570.4637      0.2%
  DP_OP_53J19_123_9524      str     16    4565.2291      0.5%
  DP_OP_53J20_126_1321      str     16    2476.4032      0.3%
  DP_OP_53J22_123_9060      str     41   10115.2735      1.2%
  DP_OP_53J27_122_9164      str     37    5778.6103      0.7%
  DP_OP_54J15_122_3502      str      4     898.7575      0.1%
  DP_OP_54J15_125_2521      str      1      99.0360      0.0%
  DP_OP_54J16_122_2586      str      4     967.1754      0.1%
  DP_OP_54J16_125_7163      str      1      98.4060      0.0%
  DP_OP_54J17_122_4678      str      4     967.1754      0.1%
  DP_OP_54J17_125_3067      str      1      98.1540      0.0%
  DP_OP_54J18_122_3087      str      2     449.0638      0.1%
  DP_OP_54J18_125_4842      str      1      99.4140      0.0%
  DP_OP_54J19_124_6299      str     16    4666.6591      0.6%
  DP_OP_54J19_125_8523      str      4     394.8839      0.0%
  DP_OP_54J20_122_3084      str      4     846.7195      0.1%
  DP_OP_54J20_127_2501      str     16    2221.1274      0.3%
  DP_OP_54J21_126_5405      str      4     965.1594      0.1%
  DP_OP_54J21_129_7300      str      4     446.6699      0.1%
  DP_OP_54J22_124_1586      str     41   14472.7278      1.7%
  DP_OP_54J22_126_7052      str      4     965.1594      0.1%
  DP_OP_54J22_129_8022      str      4     388.0799      0.0%
  DP_OP_54J23_122_59        str      1     157.1219      0.0%
  DP_OP_54J23_125_883       str      4     533.8618      0.1%
  DP_OP_54J24_122_1014      str      1     146.0340      0.0%
  DP_OP_54J24_125_1059      str      4     532.0978      0.1%
  DP_OP_54J25_122_1996      str      2     313.7399      0.0%
  DP_OP_54J25_125_6062      str      4     521.0099      0.1%
  DP_OP_54J26_125_8890      str      4     525.2939      0.1%
  DP_OP_54J27_123_1920      str     37    8439.8535      1.0%
  DP_OP_54J27_125_3335      str      2     222.1380      0.0%
  DP_OP_54J28_122_576       str      1     246.0779      0.0%
  DP_OP_54J28_125_9023      str      1     140.6160      0.0%
  DP_OP_54J29_122_5448      str      1     211.6799      0.0%
  DP_OP_54J30_122_9544      str      1     211.6799      0.0%
  DP_OP_54J31_122_1352      str      1     211.6799      0.0%
  DP_OP_54J32_122_7223      str      1     211.6799      0.0%
  DP_OP_54J33_122_7900      str      4     846.7195      0.1%
  DP_OP_55J15_123_4847      str      4    1216.1513      0.1%
  DP_OP_55J15_126_5264      str      1     132.6779      0.0%
  DP_OP_55J16_123_4716      str      4    1317.4552      0.2%
  DP_OP_55J16_126_6546      str      1     141.6241      0.0%
  DP_OP_55J17_123_8822      str      4    1317.4551      0.2%
  DP_OP_55J17_126_1456      str      1     137.3400      0.0%
  DP_OP_55J18_123_1087      str      2     608.0756      0.1%
  DP_OP_55J18_126_6966      str      1     133.0559      0.0%
  DP_OP_55J19_126_2557      str      4     538.3978      0.1%
  DP_OP_55J20_123_6116      str      4    1148.6154      0.1%
  DP_OP_55J21_123_2333      str      1     247.0858      0.0%
  DP_OP_55J21_127_5712      str      4    1327.5352      0.2%
  DP_OP_55J21_130_1408      str      4     615.3841      0.1%
  DP_OP_55J22_125_1337      str     41   13984.6045      1.7%
  DP_OP_55J22_127_5900      str      4    1327.5352      0.2%
  DP_OP_55J22_130_4344      str      4     527.1837      0.1%
  DP_OP_55J23_123_5296      str      1     217.4759      0.0%
  DP_OP_55J23_126_2461      str      4     710.2618      0.1%
  DP_OP_55J24_123_7030      str      1     193.6619      0.0%
  DP_OP_55J24_126_7099      str      4     702.7016      0.1%
  DP_OP_55J25_123_2434      str      2     440.6218      0.1%
  DP_OP_55J25_126_8970      str      4     691.9916      0.1%
  DP_OP_55J26_122_6661      str      1     160.5240      0.0%
  DP_OP_55J26_126_7119      str      4     703.5838      0.1%
  DP_OP_55J27_124_2354      str     37    8089.7003      1.0%
  DP_OP_55J27_126_8732      str      2     298.3679      0.0%
  DP_OP_55J28_123_1642      str      1     346.2478      0.0%
  DP_OP_55J28_126_8917      str      1     187.3619      0.0%
  DP_OP_55J29_123_9770      str      1     287.1539      0.0%
  DP_OP_55J30_123_7015      str      1     287.1538      0.0%
  DP_OP_55J31_123_2558      str      1     287.1538      0.0%
  DP_OP_55J32_123_5313      str      1     287.1539      0.0%
  DP_OP_55J33_123_8116      str      4    1148.6153      0.1%
  DP_OP_56J15_124_7899      str      4    1240.2171      0.1%
  DP_OP_56J15_127_4771      str      1     137.0879      0.0%
  DP_OP_56J16_124_4901      str      4    1338.1191      0.2%
  DP_OP_56J16_127_3489      str      1     143.7660      0.0%
  DP_OP_56J17_124_406       str      4    1338.1192      0.2%
  DP_OP_56J17_127_5191      str      1     140.9940      0.0%
  DP_OP_56J18_124_3086      str      2     620.0456      0.1%
  DP_OP_56J18_127_9648      str      1     139.8599      0.0%
  DP_OP_56J19_127_6292      str      4     559.3139      0.1%
  DP_OP_56J20_124_9559      str      4    1172.3032      0.1%
  DP_OP_56J21_124_438       str      1     346.8778      0.0%
  DP_OP_56J21_128_4935      str      4    1324.0071      0.2%
  DP_OP_56J21_131_2646      str      4     821.1419      0.1%
  DP_OP_56J22_128_8178      str      4    1324.0072      0.2%
  DP_OP_56J22_131_8079      str      4     554.2737      0.1%
  DP_OP_56J23_124_4803      str      1     216.8459      0.0%
  DP_OP_56J23_127_6196      str      4     717.0659      0.1%
  DP_OP_56J24_124_2242      str      1     192.9059      0.0%
  DP_OP_56J24_127_9781      str      4     707.6158      0.1%
  DP_OP_56J25_124_4531      str      2     436.8418      0.1%
  DP_OP_56J25_127_2491      str      4     721.2237      0.1%
  DP_OP_56J26_123_6786      str      1     225.1619      0.0%
  DP_OP_56J26_127_7864      str      4     741.5100      0.1%
  DP_OP_56J27_127_6811      str      2     306.3058      0.0%
  DP_OP_56J28_124_4708      str      1     340.9558      0.0%
  DP_OP_56J28_127_2315      str      1     194.7959      0.0%
  DP_OP_56J29_124_9585      str      1     293.0758      0.0%
  DP_OP_56J30_124_6830      str      1     293.0758      0.0%
  DP_OP_56J31_124_1320      str      1     293.0758      0.0%
  DP_OP_56J32_124_4075      str      1     293.0758      0.0%
  DP_OP_56J33_124_5825      str      4    1172.3033      0.1%
  DP_OP_57J21_125_7650      str      1     339.8218      0.0%
  DP_OP_57J26_124_1504      str      1     217.3499      0.0%
  DW_mult_tc            apparch    274  318999.9541     38.0%
  DW_mult_uns           apparch     69   70257.2253      8.4%
  --------------------- -------  ----- ------------ ---------
  DP_OP Subtotal:                  615  370190.4243     44.1%
  Total:                           958  759447.6037     90.4%

Subtotal of datapath(DP_OP) cell area:  370190.4243  44.1%  
Total synthetic cell area:              759447.6037  90.4%  

1
