 
****************************************
Report : area
Design : core64_a36_b10_c36
Version: O-2018.06-SP5
Date   : Wed May 13 05:52:10 2026
****************************************

Library(s) Used:

    tcbn28hpcplusbwp40p140lvtssg0p81vm40c_ccs (File: /export1/Library/TN28HPC+/STD_CELL_ext/track9_200824/TSMCHOME/digital/Front_End/timing_power_noise/CCS/tcbn28hpcplusbwp40p140lvt_180a/tcbn28hpcplusbwp40p140lvtssg0p81vm40c_ccs.db)
    tcbn28hpcplusbwp40p140ssg0p81vm40c_ccs (File: /export1/Library/TN28HPC+/STD_CELL_ext/track9_200824/TSMCHOME/digital/Front_End/timing_power_noise/CCS/tcbn28hpcplusbwp40p140_180a/tcbn28hpcplusbwp40p140ssg0p81vm40c_ccs.db)
    tcbn28hpcplusbwp40p140hvtssg0p81vm40c_ccs (File: /export1/Library/TN28HPC+/STD_CELL_ext/track9_200824/TSMCHOME/digital/Front_End/timing_power_noise/CCS/tcbn28hpcplusbwp40p140hvt_180a/tcbn28hpcplusbwp40p140hvtssg0p81vm40c_ccs.db)

Number of ports:                       403854
Number of nets:                       1311825
Number of cells:                       678337
Number of combinational cells:         628165
Number of sequential cells:             42642
Number of macros/black boxes:               0
Number of buf/inv:                      78442
Number of references:                      45

Combinational area:             801262.463754
Buf/Inv area:                    21266.154168
Noncombinational area:           84042.882669
Macro/Black Box area:                0.000000
Net Interconnect area:      undefined  (Wire load has zero net area)

Total cell area:                885305.346423
Total area:                 undefined

Area of detected synthetic parts
--------------------------------
                                                     Perc. of
  Module                Implem.  Count         Area cell area
  --------------------- -------  ----- ------------ ---------
  DP_OP_106J20_122_8999     str     28   87372.2910      9.9%
  DP_OP_106J21_122_6228     str     21   63470.9146      7.2%
  DP_OP_1681J3_122_1523     str      1   43540.7812      4.9%
  DP_OP_421J11_122_4043     str      4   48018.8438      5.4%
  DP_OP_421J12_122_3346     str      3   34455.6719      3.9%
  DP_OP_52J19_122_3730      str     16    3828.8862      0.4%
  DP_OP_52J22_125_4583      str     16    1121.5258      0.1%
  DP_OP_53J19_123_8845      str     16    5203.4186      0.6%
  DP_OP_53J21_123_9578      str     41   11179.8469      1.3%
  DP_OP_53J22_126_8511      str     16    2035.7809      0.2%
  DP_OP_53J27_122_4171      str     37    4739.1103      0.5%
  DP_OP_54J15_122_639       str      4    1002.8334      0.1%
  DP_OP_54J15_125_2517      str      1      70.3080      0.0%
  DP_OP_54J16_122_854       str      4    1069.9913      0.1%
  DP_OP_54J16_125_7159      str      1      72.4500      0.0%
  DP_OP_54J17_122_4682      str      4    1071.2513      0.1%
  DP_OP_54J17_125_5930      str      1      70.3080      0.0%
  DP_OP_54J18_122_3091      str      2     500.4717      0.1%
  DP_OP_54J18_125_4838      str      1      72.0720      0.0%
  DP_OP_54J19_124_1745      str     16    5249.5343      0.6%
  DP_OP_54J19_125_1419      str      4     281.8619      0.0%
  DP_OP_54J20_126_8276      str      4    1067.9753      0.1%
  DP_OP_54J20_129_4429      str      4     328.9859      0.0%
  DP_OP_54J21_124_907       str     41   15951.3358      1.8%
  DP_OP_54J21_126_7364      str      4    1067.9753      0.1%
  DP_OP_54J21_129_8018      str      4     286.9020      0.0%
  DP_OP_54J22_122_5955      str      4     949.5354      0.1%
  DP_OP_54J22_127_5286      str     16    1661.4354      0.2%
  DP_OP_54J23_122_55        str      1     131.5440      0.0%
  DP_OP_54J23_125_879       str      4     420.5879      0.0%
  DP_OP_54J24_122_3877      str      1     115.4160      0.0%
  DP_OP_54J24_125_9656      str      4     421.7219      0.0%
  DP_OP_54J25_122_2737      str      2     258.5519      0.0%
  DP_OP_54J25_125_5690      str      4     413.5319      0.0%
  DP_OP_54J26_125_6398      str      4     412.6499      0.0%
  DP_OP_54J27_123_6227      str     37    7453.2745      0.8%
  DP_OP_54J27_125_6198      str      2     168.5880      0.0%
  DP_OP_54J28_122_6213      str      1     237.3839      0.0%
  DP_OP_54J29_122_342       str      1     238.0139      0.0%
  DP_OP_54J30_122_580       str      1     271.7818      0.0%
  DP_OP_54J30_125_5291      str      1     110.2500      0.0%
  DP_OP_54J31_122_9217      str      1     237.3839      0.0%
  DP_OP_54J32_122_7988      str      1     237.3839      0.0%
  DP_OP_54J33_122_8665      str      4     952.6855      0.1%
  DP_OP_55J15_123_1301      str      4    1364.5790      0.2%
  DP_OP_55J15_126_9555      str      1      95.8859      0.0%
  DP_OP_55J16_123_7587      str      4    1466.7648      0.2%
  DP_OP_55J16_126_2992      str      1      94.6259      0.0%
  DP_OP_55J17_123_3462      str      4    1470.5446      0.2%
  DP_OP_55J17_126_7869      str      1      98.2799      0.0%
  DP_OP_55J18_123_7508      str      2     679.2656      0.1%
  DP_OP_55J18_126_3412      str      1     100.2960      0.0%
  DP_OP_55J19_126_8970      str      4     385.9378      0.0%
  DP_OP_55J20_123_4242      str      1     272.7898      0.0%
  DP_OP_55J20_127_5033      str      4    1468.6550      0.2%
  DP_OP_55J20_130_7821      str      4     500.4717      0.1%
  DP_OP_55J21_125_2024      str     41   15469.3860      1.7%
  DP_OP_55J21_127_1671      str      4    1488.6885      0.2%
  DP_OP_55J21_130_2896      str      4     383.7959      0.0%
  DP_OP_55J22_123_5437      str      4    1289.7354      0.1%
  DP_OP_55J23_123_9619      str      1     185.5980      0.0%
  DP_OP_55J23_126_8874      str      4     632.0157      0.1%
  DP_OP_55J24_123_3476      str      1     157.8779      0.0%
  DP_OP_55J24_126_3545      str      4     564.6057      0.1%
  DP_OP_55J25_123_5219      str      2     449.1897      0.1%
  DP_OP_55J25_126_3915      str      4     552.6357      0.1%
  DP_OP_55J26_122_4535      str      1     134.0640      0.0%
  DP_OP_55J26_126_5066      str      4     616.6436      0.1%
  DP_OP_55J27_124_3794      str     37    6908.9548      0.8%
  DP_OP_55J27_126_3056      str      2     224.9099      0.0%
  DP_OP_55J28_123_6224      str      1     323.0638      0.0%
  DP_OP_55J29_123_3469      str      1     323.0638      0.0%
  DP_OP_55J30_123_5196      str      1     381.5277      0.0%
  DP_OP_55J30_126_8913      str      1     150.1919      0.0%
  DP_OP_55J31_123_8979      str      1     333.7738      0.0%
  DP_OP_55J32_123_9628      str      1     323.0638      0.0%
  DP_OP_55J33_123_4570      str      4    1300.5712      0.1%
  DP_OP_56J15_124_7812      str      4    1387.6368      0.2%
  DP_OP_56J15_127_3323      str      1     102.5640      0.0%
  DP_OP_56J16_124_7642      str      4    1479.2390      0.2%
  DP_OP_56J16_127_9902      str      1     100.4220      0.0%
  DP_OP_56J17_124_6905      str      4    1485.5389      0.2%
  DP_OP_56J17_127_1637      str      1     100.5480      0.0%
  DP_OP_56J18_124_8232      str      2     693.1255      0.1%
  DP_OP_56J18_127_6094      str      1     104.4539      0.0%
  DP_OP_56J19_127_2738      str      4     404.9638      0.0%
  DP_OP_56J20_124_6859      str      1     382.1577      0.0%
  DP_OP_56J20_128_5140      str      4    1465.1270      0.2%
  DP_OP_56J20_131_1219      str      4     630.3779      0.1%
  DP_OP_56J21_128_2247      str      4    1473.9467      0.2%
  DP_OP_56J21_131_6631      str      4     406.3499      0.0%
  DP_OP_56J22_124_5252      str      4    1313.4233      0.1%
  DP_OP_56J23_124_3387      str      1     185.7240      0.0%
  DP_OP_56J23_127_5139      str      4     565.8658      0.1%
  DP_OP_56J24_124_4221      str      1     157.2479      0.0%
  DP_OP_56J24_127_863       str      4     558.3057      0.1%
  DP_OP_56J25_124_977       str      2     362.2498      0.0%
  DP_OP_56J25_127_920       str      4     581.7418      0.1%
  DP_OP_56J26_123_5178      str      1     183.2039      0.0%
  DP_OP_56J26_127_6930      str      4     571.5357      0.1%
  DP_OP_56J27_127_7490      str      2     238.0139      0.0%
  DP_OP_56J28_124_1050      str      1     328.3558      0.0%
  DP_OP_56J29_124_2523      str      1     328.3558      0.0%
  DP_OP_56J30_124_4835      str      1     376.2357      0.0%
  DP_OP_56J30_127_9781      str      1     154.8539      0.0%
  DP_OP_56J31_124_6980      str      1     328.3558      0.0%
  DP_OP_56J32_124_7629      str      1     328.3558      0.0%
  DP_OP_56J33_124_1518      str      4    1313.4231      0.1%
  DP_OP_57J20_125_4104      str      1     375.1018      0.0%
  DP_OP_57J26_124_7933      str      1     179.4239      0.0%
  DW_mult_tc            apparch    274  322166.1538     36.4%
  DW_mult_uns           apparch     69   68058.3850      7.7%
  --------------------- -------  ----- ------------ ---------
  DP_OP Subtotal:                  615  406660.7244     45.9%
  Total:                           958  796885.2632     90.0%

Subtotal of datapath(DP_OP) cell area:  406660.7244  45.9%  
Total synthetic cell area:              796885.2632  90.0%  

1
