 
****************************************
Report : timing
        -path full
        -delay max
        -max_paths 3
Design : core4_a28_b8_c28
Version: O-2018.06-SP5
Date   : Tue May 12 06:46:52 2026
****************************************

Operating Conditions: ssg0p81vm40c   Library: tcbn28hpcplusbwp40p140hvtssg0p81vm40c_ccs
Wire Load Model Mode: segmented

  Startpoint: io_b_3[2] (input port clocked by clk)
  Endpoint: s_w_5_reg_30_
            (rising edge-triggered flip-flop clocked by clk)
  Path Group: clk
  Path Type: max

  Des/Clust/Port     Wire Load Model       Library
  ------------------------------------------------
  core4_a28_b8_c28   ZeroWireload          tcbn28hpcplusbwp40p140hvtssg0p81vm40c_ccs
  core4_a28_b8_c28_DW_mult_uns_J3_2
                     ZeroWireload          tcbn28hpcplusbwp40p140hvtssg0p81vm40c_ccs
  Eval_1_DP_OP_52J3_122_8122_J3_0
                     ZeroWireload          tcbn28hpcplusbwp40p140hvtssg0p81vm40c_ccs
  Eval_1_DP_OP_53J3_123_1615_J3_0
                     ZeroWireload          tcbn28hpcplusbwp40p140hvtssg0p81vm40c_ccs
  Eval_1_DP_OP_54J3_124_8645_J3_0
                     ZeroWireload          tcbn28hpcplusbwp40p140hvtssg0p81vm40c_ccs
  core4_a28_b8_c28_DW_mult_tc_J3_0
                     ZeroWireload          tcbn28hpcplusbwp40p140hvtssg0p81vm40c_ccs

  Point                                                   Incr       Path
  --------------------------------------------------------------------------
  clock clk (rise edge)                                   0.00       0.00
  clock network delay (ideal)                             0.00       0.00
  input external delay                                    0.50       0.50 f
  io_b_3[2] (in)                                          0.00       0.50 f
  evalB/io_in_3[2] (Eval_1)                               0.00       0.50 f
  evalB/U12/ZN (CKND0BWP40P140)                           0.01       0.51 r
  evalB/U6/ZN (CKND0BWP40P140)                            0.15       0.65 f
  evalB/DP_OP_54J3_124_8645/I3[2] (Eval_1_DP_OP_54J3_124_8645_J3_0)
                                                          0.00       0.65 f
  evalB/DP_OP_54J3_124_8645/U75/CO (HA1D0BWP40P140)       0.11       0.76 f
  evalB/DP_OP_54J3_124_8645/U76/CO (FA1D0BWP40P140)       0.07       0.83 f
  evalB/DP_OP_54J3_124_8645/U73/CO (FA1D0BWP40P140)       0.07       0.91 f
  evalB/DP_OP_54J3_124_8645/U71/S (FA1D0BWP40P140)        0.12       1.03 r
  evalB/DP_OP_54J3_124_8645/U93/ZN (CKND0BWP40P140)       0.03       1.06 f
  evalB/DP_OP_54J3_124_8645/U104/CO (FA1D0BWP40P140)      0.07       1.14 f
  evalB/DP_OP_54J3_124_8645/U103/CO (FA1D0BWP40P140)      0.07       1.21 f
  evalB/DP_OP_54J3_124_8645/U102/CO (FA1D0BWP40P140)      0.07       1.28 f
  evalB/DP_OP_54J3_124_8645/U101/CO (FA1D0BWP40P140)      0.07       1.36 f
  evalB/DP_OP_54J3_124_8645/U100/S (FA1D0BWP40P140)       0.19       1.55 r
  evalB/DP_OP_54J3_124_8645/O2[9] (Eval_1_DP_OP_54J3_124_8645_J3_0)
                                                          0.00       1.55 r
  evalB/io_out_5[9] (Eval_1)                              0.00       1.55 r
  mult_x_6/b[9] (core4_a28_b8_c28_DW_mult_tc_J3_0)        0.00       1.55 r
  mult_x_6/U686/ZN (CKND0BWP40P140)                       0.15       1.70 f
  mult_x_6/U718/ZN (AOI22D0BWP40P140)                     0.26       1.95 r
  mult_x_6/U647/ZN (AOI221D0BWP40P140)                    0.18       2.13 f
  mult_x_6/U1032/Z (AO22D0BWP40P140)                      0.14       2.27 f
  mult_x_6/U1057/S (FA1D0BWP40P140)                       0.12       2.39 r
  mult_x_6/U1070/S (FA1D0BWP40P140)                       0.11       2.50 f
  mult_x_6/U1081/S (FA1D0BWP40P140)                       0.12       2.62 r
  mult_x_6/U1157/CO (FA1D0BWP40P140)                      0.08       2.69 r
  mult_x_6/U1156/CO (FA1D0BWP40P140)                      0.07       2.77 r
  mult_x_6/U1155/CO (FA1D0BWP40P140)                      0.07       2.84 r
  mult_x_6/U1154/CO (FA1D0BWP40P140)                      0.07       2.91 r
  mult_x_6/U1153/CO (FA1D0BWP40P140)                      0.07       2.99 r
  mult_x_6/U1152/CO (FA1D0BWP40P140)                      0.07       3.06 r
  mult_x_6/U1151/CO (FA1D0BWP40P140)                      0.07       3.14 r
  mult_x_6/U1150/CO (FA1D0BWP40P140)                      0.07       3.21 r
  mult_x_6/U1149/CO (FA1D0BWP40P140)                      0.07       3.28 r
  mult_x_6/U1148/CO (FA1D0BWP40P140)                      0.07       3.36 r
  mult_x_6/U1147/CO (FA1D0BWP40P140)                      0.07       3.43 r
  mult_x_6/U1146/CO (FA1D0BWP40P140)                      0.07       3.51 r
  mult_x_6/U1145/CO (FA1D0BWP40P140)                      0.07       3.58 r
  mult_x_6/U1144/CO (FA1D0BWP40P140)                      0.07       3.65 r
  mult_x_6/U1143/CO (FA1D0BWP40P140)                      0.07       3.73 r
  mult_x_6/U1142/CO (FA1D0BWP40P140)                      0.07       3.80 r
  mult_x_6/U1141/CO (FA1D0BWP40P140)                      0.07       3.88 r
  mult_x_6/U1187/CO (FA1D0BWP40P140)                      0.07       3.95 r
  mult_x_6/U1197/CO (FA1D0BWP40P140)                      0.07       4.02 r
  mult_x_6/U653/Z (XOR4D0BWP40P140)                       0.12       4.13 r
  mult_x_6/U648/Z (XOR4D0BWP40P140)                       0.12       4.25 r
  mult_x_6/U649/Z (XOR4D0BWP40P140)                       0.12       4.37 r
  mult_x_6/U656/Z (XOR4D0BWP40P140)                       0.10       4.47 r
  mult_x_6/product[30] (core4_a28_b8_c28_DW_mult_tc_J3_0)
                                                          0.00       4.47 r
  s_w_5_reg_30_/D (DFKCNQD1BWP40P140)                     0.00       4.47 r
  data arrival time                                                  4.47

  clock clk (rise edge)                                   5.00       5.00
  clock network delay (ideal)                             0.00       5.00
  s_w_5_reg_30_/CP (DFKCNQD1BWP40P140)                    0.00       5.00 r
  library setup time                                     -0.04       4.96
  data required time                                                 4.96
  --------------------------------------------------------------------------
  data required time                                                 4.96
  data arrival time                                                 -4.47
  --------------------------------------------------------------------------
  slack (MET)                                                        0.49


  Startpoint: io_b_3[2] (input port clocked by clk)
  Endpoint: s_w_3_reg_30_
            (rising edge-triggered flip-flop clocked by clk)
  Path Group: clk
  Path Type: max

  Des/Clust/Port     Wire Load Model       Library
  ------------------------------------------------
  core4_a28_b8_c28   ZeroWireload          tcbn28hpcplusbwp40p140hvtssg0p81vm40c_ccs
  core4_a28_b8_c28_DW_mult_uns_J3_2
                     ZeroWireload          tcbn28hpcplusbwp40p140hvtssg0p81vm40c_ccs
  Eval_1_DP_OP_52J3_122_8122_J3_0
                     ZeroWireload          tcbn28hpcplusbwp40p140hvtssg0p81vm40c_ccs
  Eval_1_DP_OP_53J3_123_1615_J3_0
                     ZeroWireload          tcbn28hpcplusbwp40p140hvtssg0p81vm40c_ccs
  Eval_1_DP_OP_54J3_124_8645_J3_0
                     ZeroWireload          tcbn28hpcplusbwp40p140hvtssg0p81vm40c_ccs
  core4_a28_b8_c28_DW_mult_tc_J3_2
                     ZeroWireload          tcbn28hpcplusbwp40p140hvtssg0p81vm40c_ccs

  Point                                                   Incr       Path
  --------------------------------------------------------------------------
  clock clk (rise edge)                                   0.00       0.00
  clock network delay (ideal)                             0.00       0.00
  input external delay                                    0.50       0.50 f
  io_b_3[2] (in)                                          0.00       0.50 f
  evalB/io_in_3[2] (Eval_1)                               0.00       0.50 f
  evalB/U12/ZN (CKND0BWP40P140)                           0.01       0.51 r
  evalB/U6/ZN (CKND0BWP40P140)                            0.15       0.65 f
  evalB/DP_OP_53J3_123_1615/I4[2] (Eval_1_DP_OP_53J3_123_1615_J3_0)
                                                          0.00       0.65 f
  evalB/DP_OP_53J3_123_1615/U64/S (FA1D0BWP40P140)        0.22       0.88 r
  evalB/DP_OP_53J3_123_1615/U81/ZN (CKND0BWP40P140)       0.03       0.91 f
  evalB/DP_OP_53J3_123_1615/U91/CO (FA1D0BWP40P140)       0.08       0.99 f
  evalB/DP_OP_53J3_123_1615/U90/CO (FA1D0BWP40P140)       0.07       1.06 f
  evalB/DP_OP_53J3_123_1615/U89/CO (FA1D0BWP40P140)       0.07       1.13 f
  evalB/DP_OP_53J3_123_1615/U88/S (FA1D0BWP40P140)        0.20       1.34 r
  evalB/DP_OP_53J3_123_1615/O2[5] (Eval_1_DP_OP_53J3_123_1615_J3_0)
                                                          0.00       1.34 r
  evalB/io_out_3[5] (Eval_1)                              0.00       1.34 r
  mult_x_4/b[5] (core4_a28_b8_c28_DW_mult_tc_J3_2)        0.00       1.34 r
  mult_x_4/U715/ZN (CKND0BWP40P140)                       0.17       1.51 f
  mult_x_4/U725/ZN (AOI22D0BWP40P140)                     0.12       1.62 r
  mult_x_4/U726/ZN (CKND0BWP40P140)                       0.13       1.75 f
  mult_x_4/U651/ZN (AOI221D0BWP40P140)                    0.27       2.02 r
  mult_x_4/U1067/Z (AO22D0BWP40P140)                      0.13       2.15 r
  mult_x_4/U1079/S (FA1D0BWP40P140)                       0.11       2.26 f
  mult_x_4/U1086/S (FA1D0BWP40P140)                       0.12       2.38 r
  mult_x_4/U1132/CO (FA1D0BWP40P140)                      0.08       2.45 r
  mult_x_4/U1131/CO (FA1D0BWP40P140)                      0.07       2.53 r
  mult_x_4/U1130/CO (FA1D0BWP40P140)                      0.07       2.60 r
  mult_x_4/U1129/CO (FA1D0BWP40P140)                      0.07       2.67 r
  mult_x_4/U1128/CO (FA1D0BWP40P140)                      0.07       2.75 r
  mult_x_4/U1127/CO (FA1D0BWP40P140)                      0.07       2.82 r
  mult_x_4/U1126/CO (FA1D0BWP40P140)                      0.07       2.90 r
  mult_x_4/U1125/CO (FA1D0BWP40P140)                      0.07       2.97 r
  mult_x_4/U1124/CO (FA1D0BWP40P140)                      0.07       3.04 r
  mult_x_4/U1123/CO (FA1D0BWP40P140)                      0.07       3.12 r
  mult_x_4/U1122/CO (FA1D0BWP40P140)                      0.07       3.19 r
  mult_x_4/U1121/CO (FA1D0BWP40P140)                      0.07       3.27 r
  mult_x_4/U1120/CO (FA1D0BWP40P140)                      0.07       3.34 r
  mult_x_4/U1119/CO (FA1D0BWP40P140)                      0.07       3.41 r
  mult_x_4/U1118/CO (FA1D0BWP40P140)                      0.07       3.49 r
  mult_x_4/U1117/CO (FA1D0BWP40P140)                      0.07       3.56 r
  mult_x_4/U1116/CO (FA1D0BWP40P140)                      0.07       3.64 r
  mult_x_4/U1115/CO (FA1D0BWP40P140)                      0.07       3.71 r
  mult_x_4/U1114/CO (FA1D0BWP40P140)                      0.07       3.78 r
  mult_x_4/U1113/CO (FA1D0BWP40P140)                      0.07       3.86 r
  mult_x_4/U1112/CO (FA1D0BWP40P140)                      0.07       3.93 r
  mult_x_4/U1155/CO (FA1D0BWP40P140)                      0.07       4.01 r
  mult_x_4/U1163/CO (FA1D0BWP40P140)                      0.07       4.07 r
  mult_x_4/U649/ZN (XNR2UD0BWP40P140)                     0.05       4.13 r
  mult_x_4/U662/ZN (XNR2UD0BWP40P140)                     0.04       4.17 r
  mult_x_4/U661/ZN (XNR3UD0BWP40P140)                     0.11       4.28 r
  mult_x_4/U665/ZN (XNR2UD0BWP40P140)                     0.05       4.33 r
  mult_x_4/U648/ZN (XNR2UD0BWP40P140)                     0.04       4.37 r
  mult_x_4/U647/Z (XOR2UD0BWP40P140)                      0.06       4.43 r
  mult_x_4/product[30] (core4_a28_b8_c28_DW_mult_tc_J3_2)
                                                          0.00       4.43 r
  s_w_3_reg_30_/D (DFKCNQD1BWP40P140)                     0.00       4.43 r
  data arrival time                                                  4.43

  clock clk (rise edge)                                   5.00       5.00
  clock network delay (ideal)                             0.00       5.00
  s_w_3_reg_30_/CP (DFKCNQD1BWP40P140)                    0.00       5.00 r
  library setup time                                     -0.05       4.95
  data required time                                                 4.95
  --------------------------------------------------------------------------
  data required time                                                 4.95
  data arrival time                                                 -4.43
  --------------------------------------------------------------------------
  slack (MET)                                                        0.52


  Startpoint: io_b_3[2] (input port clocked by clk)
  Endpoint: s_w_4_reg_30_
            (rising edge-triggered flip-flop clocked by clk)
  Path Group: clk
  Path Type: max

  Des/Clust/Port     Wire Load Model       Library
  ------------------------------------------------
  core4_a28_b8_c28   ZeroWireload          tcbn28hpcplusbwp40p140hvtssg0p81vm40c_ccs
  core4_a28_b8_c28_DW_mult_uns_J3_2
                     ZeroWireload          tcbn28hpcplusbwp40p140hvtssg0p81vm40c_ccs
  Eval_1_DP_OP_52J3_122_8122_J3_0
                     ZeroWireload          tcbn28hpcplusbwp40p140hvtssg0p81vm40c_ccs
  Eval_1_DP_OP_53J3_123_1615_J3_0
                     ZeroWireload          tcbn28hpcplusbwp40p140hvtssg0p81vm40c_ccs
  Eval_1_DP_OP_54J3_124_8645_J3_0
                     ZeroWireload          tcbn28hpcplusbwp40p140hvtssg0p81vm40c_ccs
  core4_a28_b8_c28_DW_mult_tc_J3_1
                     ZeroWireload          tcbn28hpcplusbwp40p140hvtssg0p81vm40c_ccs

  Point                                                   Incr       Path
  --------------------------------------------------------------------------
  clock clk (rise edge)                                   0.00       0.00
  clock network delay (ideal)                             0.00       0.00
  input external delay                                    0.50       0.50 r
  io_b_3[2] (in)                                          0.00       0.50 r
  evalB/io_in_3[2] (Eval_1)                               0.00       0.50 r
  evalB/U12/ZN (CKND0BWP40P140)                           0.01       0.51 f
  evalB/U6/ZN (CKND0BWP40P140)                            0.15       0.66 r
  evalB/DP_OP_54J3_124_8645/I3[2] (Eval_1_DP_OP_54J3_124_8645_J3_0)
                                                          0.00       0.66 r
  evalB/DP_OP_54J3_124_8645/U75/CO (HA1D0BWP40P140)       0.10       0.76 r
  evalB/DP_OP_54J3_124_8645/U76/CO (FA1D0BWP40P140)       0.07       0.83 r
  evalB/DP_OP_54J3_124_8645/U73/CO (FA1D0BWP40P140)       0.07       0.90 r
  evalB/DP_OP_54J3_124_8645/U71/CO (FA1D0BWP40P140)       0.07       0.98 r
  evalB/DP_OP_54J3_124_8645/U69/CO (FA1D0BWP40P140)       0.07       1.05 r
  evalB/DP_OP_54J3_124_8645/U67/S (FA1D0BWP40P140)        0.12       1.17 f
  evalB/DP_OP_54J3_124_8645/U81/CO (FA1D0BWP40P140)       0.08       1.25 f
  evalB/DP_OP_54J3_124_8645/U80/CO (FA1D0BWP40P140)       0.07       1.32 f
  evalB/DP_OP_54J3_124_8645/U79/S (FA1D0BWP40P140)        0.19       1.51 r
  evalB/DP_OP_54J3_124_8645/O1[9] (Eval_1_DP_OP_54J3_124_8645_J3_0)
                                                          0.00       1.51 r
  evalB/io_out_4[9] (Eval_1)                              0.00       1.51 r
  mult_x_5/b[9] (core4_a28_b8_c28_DW_mult_tc_J3_1)        0.00       1.51 r
  mult_x_5/U687/ZN (CKND0BWP40P140)                       0.15       1.66 f
  mult_x_5/U719/ZN (AOI22D0BWP40P140)                     0.26       1.92 r
  mult_x_5/U646/ZN (AOI221D0BWP40P140)                    0.18       2.09 f
  mult_x_5/U1031/Z (AO22D0BWP40P140)                      0.14       2.23 f
  mult_x_5/U1058/S (FA1D0BWP40P140)                       0.12       2.35 r
  mult_x_5/U1070/S (FA1D0BWP40P140)                       0.11       2.46 f
  mult_x_5/U1082/S (FA1D0BWP40P140)                       0.12       2.58 r
  mult_x_5/U1158/CO (FA1D0BWP40P140)                      0.08       2.65 r
  mult_x_5/U1157/CO (FA1D0BWP40P140)                      0.07       2.73 r
  mult_x_5/U1156/CO (FA1D0BWP40P140)                      0.07       2.80 r
  mult_x_5/U1155/CO (FA1D0BWP40P140)                      0.07       2.88 r
  mult_x_5/U1154/CO (FA1D0BWP40P140)                      0.07       2.95 r
  mult_x_5/U1153/CO (FA1D0BWP40P140)                      0.07       3.02 r
  mult_x_5/U1152/CO (FA1D0BWP40P140)                      0.07       3.10 r
  mult_x_5/U1151/CO (FA1D0BWP40P140)                      0.07       3.17 r
  mult_x_5/U1150/CO (FA1D0BWP40P140)                      0.07       3.25 r
  mult_x_5/U1149/CO (FA1D0BWP40P140)                      0.07       3.32 r
  mult_x_5/U1148/CO (FA1D0BWP40P140)                      0.07       3.39 r
  mult_x_5/U1147/CO (FA1D0BWP40P140)                      0.07       3.47 r
  mult_x_5/U1146/CO (FA1D0BWP40P140)                      0.07       3.54 r
  mult_x_5/U1145/CO (FA1D0BWP40P140)                      0.07       3.62 r
  mult_x_5/U1144/CO (FA1D0BWP40P140)                      0.07       3.69 r
  mult_x_5/U1143/CO (FA1D0BWP40P140)                      0.07       3.76 r
  mult_x_5/U1142/CO (FA1D0BWP40P140)                      0.07       3.84 r
  mult_x_5/U1187/CO (FA1D0BWP40P140)                      0.07       3.91 r
  mult_x_5/U1196/CO (FA1D0BWP40P140)                      0.07       3.98 r
  mult_x_5/U649/Z (XOR4D0BWP40P140)                       0.12       4.09 r
  mult_x_5/U648/Z (XOR4D0BWP40P140)                       0.12       4.21 r
  mult_x_5/U647/Z (XOR4D1BWP40P140)                       0.10       4.31 f
  mult_x_5/U654/Z (XOR4D0BWP40P140)                       0.10       4.41 r
  mult_x_5/product[30] (core4_a28_b8_c28_DW_mult_tc_J3_1)
                                                          0.00       4.41 r
  s_w_4_reg_30_/D (DFKCNQD1BWP40P140)                     0.00       4.41 r
  data arrival time                                                  4.41

  clock clk (rise edge)                                   5.00       5.00
  clock network delay (ideal)                             0.00       5.00
  s_w_4_reg_30_/CP (DFKCNQD1BWP40P140)                    0.00       5.00 r
  library setup time                                     -0.04       4.96
  data required time                                                 4.96
  --------------------------------------------------------------------------
  data required time                                                 4.96
  data arrival time                                                 -4.41
  --------------------------------------------------------------------------
  slack (MET)                                                        0.55


1
