Information: Updating design information... (UID-85)
Warning: Design 'core16_a36_b8_c36' contains 2 high-fanout nets. A fanout number of 1000 will be used for delay calculations involving these nets. (TIM-134)
 
****************************************
Report : qor
Design : core16_a36_b8_c36
Version: O-2018.06-SP5
Date   : Tue May 12 18:32:52 2026
****************************************


  Timing Path Group 'clk'
  -----------------------------------
  Levels of Logic:              59.00
  Critical Path Length:          4.45
  Critical Path Slack:           0.00
  Critical Path Clk Period:      5.00
  Total Negative Slack:          0.00
  No. of Violating Paths:        0.00
  Worst Hold Violation:          0.00
  Total Hold Violation:          0.00
  No. of Hold Violations:        0.00
  -----------------------------------


  Cell Count
  -----------------------------------
  Hierarchical Cell Count:        168
  Hierarchical Port Count:      42352
  Leaf Cell Count:              69099
  Buf/Inv Cell Count:            7802
  Buf Cell Count:                1189
  Inv Cell Count:                6613
  CT Buf/Inv Cell Count:            0
  Combinational Cell Count:     64310
  Sequential Cell Count:         4789
  Macro Count:                      0
  -----------------------------------


  Area
  -----------------------------------
  Combinational Area:    83988.322606
  Noncombinational Area:  9647.442153
  Buf/Inv Area:           2120.832016
  Total Buffer Area:           449.57
  Total Inverter Area:        1671.26
  Macro/Black Box Area:      0.000000
  Net Area:                  0.000000
  -----------------------------------
  Cell Area:             93635.764758
  Design Area:           93635.764758


  Design Rules
  -----------------------------------
  Total Number of Nets:         99177
  Nets With Violations:             0
  Max Trans Violations:             0
  Max Cap Violations:               0
  -----------------------------------


  Hostname: inspur19

  Compile CPU Statistics
  -----------------------------------------
  Resource Sharing:                    0.00
  Logic Optimization:                  0.00
  Mapping Optimization:                0.00
  -----------------------------------------
  Overall Compile Time:              213.10
  Overall Compile Wall Clock Time:   387.19

  --------------------------------------------------------------------

  Design  WNS: 0.00  TNS: 0.00  Number of Violating Paths: 0


  Design (Hold)  WNS: 0.00  TNS: 0.00  Number of Violating Paths: 0

  --------------------------------------------------------------------


1
