 
****************************************
Report : timing
        -path full
        -delay max
        -nets
        -max_paths 1
        -transition_time
Design : core64_a24_b12_c24
Version: O-2018.06-SP5
Date   : Tue May 12 21:23:42 2026
****************************************

 # A fanout number of 1000 was used for high fanout net computations.

Operating Conditions: ssg0p81vm40c   Library: tcbn28hpcplusbwp40p140hvtssg0p81vm40c_ccs
Wire Load Model Mode: segmented

  Startpoint: io_b_3[0] (input port clocked by clk)
  Endpoint: core16_1/core4_6/s_w_1_reg_31_
            (rising edge-triggered flip-flop clocked by clk)
  Path Group: clk
  Path Type: max

  Des/Clust/Port     Wire Load Model       Library
  ------------------------------------------------
  core64_a24_b12_c24 ZeroWireload          tcbn28hpcplusbwp40p140hvtssg0p81vm40c_ccs
  Eval_1_0_DP_OP_52J25_125_7082_J25_0_15 ZeroWireload tcbn28hpcplusbwp40p140hvtssg0p81vm40c_ccs
  Eval_1_0_DP_OP_53J25_126_1358_J25_0_15 ZeroWireload tcbn28hpcplusbwp40p140hvtssg0p81vm40c_ccs
  Eval_1_0_DP_OP_54J25_127_7047_J25_0_15 ZeroWireload tcbn28hpcplusbwp40p140hvtssg0p81vm40c_ccs
  Eval_33_69_DP_OP_54J27_129_881_J27_0_3 ZeroWireload tcbn28hpcplusbwp40p140hvtssg0p81vm40c_ccs
  Eval_33_69_DP_OP_55J27_130_7101_J27_0_3 ZeroWireload tcbn28hpcplusbwp40p140hvtssg0p81vm40c_ccs
  Eval_33_69_DP_OP_56J27_131_7878_J27_0_3 ZeroWireload tcbn28hpcplusbwp40p140hvtssg0p81vm40c_ccs
  core4_35_DW_mult_uns_J32_0_0 ZeroWireload tcbn28hpcplusbwp40p140hvtssg0p81vm40c_ccs
  Eval_33_5_DP_OP_54J26_129_1057_J26_0_1 ZeroWireload tcbn28hpcplusbwp40p140hvtssg0p81vm40c_ccs
  Eval_33_5_DP_OP_55J26_130_1772_J26_0_1 ZeroWireload tcbn28hpcplusbwp40p140hvtssg0p81vm40c_ccs
  Eval_33_5_DP_OP_56J26_131_5228_J26_0_1 ZeroWireload tcbn28hpcplusbwp40p140hvtssg0p81vm40c_ccs
  core4_35_DW_mult_uns_J32_2_0 ZeroWireload tcbn28hpcplusbwp40p140hvtssg0p81vm40c_ccs

Attributes:
    d - dont_touch
    u - dont_use
   mo - map_only
   so - size_only
    i - ideal_net or ideal_network
  inf - infeasible path

  Point                                       Fanout     Trans      Incr       Path      Attributes
  ---------------------------------------------------------------------------------------------------------
  clock clk (rise edge)                                             0.00       0.00
  clock network delay (ideal)                                       0.00       0.00
  input external delay                                              0.50       0.50 r
  io_b_3[0] (in)                                          0.00      0.00       0.50 r
  io_b_3[0] (net)                               1                   0.00       0.50 r
  evalB/io_in_3[0] (Eval_1_15)                                      0.00       0.50 r
  evalB/io_in_3[0] (net)                                            0.00       0.50 r
  evalB/U6/ZN (INVD2BWP40P140LVT)                         0.00      0.00       0.50 f
  evalB/n6 (net)                                1                   0.00       0.50 f
  evalB/U3/ZN (INVD2BWP40P140LVT)                         0.01      0.01       0.52 r
  evalB/io_out_0[0] (net)                       4                   0.00       0.52 r
  evalB/DP_OP_52J25_125_7082/I2[1] (Eval_1_0_DP_OP_52J25_125_7082_J25_0_15)     0.00     0.52 r
  evalB/DP_OP_52J25_125_7082/I2[1] (net)                            0.00       0.52 r
  evalB/DP_OP_52J25_125_7082/U86/CO (HA1D1BWP40P140)      0.02      0.04       0.55 r
  evalB/DP_OP_52J25_125_7082/n150 (net)         1                   0.00       0.55 r
  evalB/DP_OP_52J25_125_7082/U73/CO (FA1D1BWP40P140)      0.02      0.05       0.60 r
  evalB/DP_OP_52J25_125_7082/n149 (net)         1                   0.00       0.60 r
  evalB/DP_OP_52J25_125_7082/U71/CO (FA1D1BWP40P140)      0.02      0.05       0.65 r
  evalB/DP_OP_52J25_125_7082/n148 (net)         1                   0.00       0.65 r
  evalB/DP_OP_52J25_125_7082/U82/CO (FA1D0BWP40P140)      0.03      0.07       0.72 r
  evalB/DP_OP_52J25_125_7082/n147 (net)         1                   0.00       0.72 r
  evalB/DP_OP_52J25_125_7082/U83/CO (FA1D0BWP40P140)      0.03      0.07       0.79 r
  evalB/DP_OP_52J25_125_7082/n146 (net)         1                   0.00       0.79 r
  evalB/DP_OP_52J25_125_7082/U79/S (FA1D0BWP40P140)       0.03      0.11       0.91 f
  evalB/DP_OP_52J25_125_7082/n166 (net)         1                   0.00       0.91 f
  evalB/DP_OP_52J25_125_7082/U60/S (FA1D0BWP40P140)       0.04      0.12       1.03 r
  evalB/DP_OP_52J25_125_7082/n188 (net)         1                   0.00       1.03 r
  evalB/DP_OP_52J25_125_7082/U61/S (FA1D1BWP40P140)       0.02      0.09       1.12 f
  evalB/DP_OP_52J25_125_7082/O1[8] (net)        1                   0.00       1.12 f
  evalB/DP_OP_52J25_125_7082/O1[8] (Eval_1_0_DP_OP_52J25_125_7082_J25_0_15)     0.00     1.12 f
  evalB/io_out_1[8] (net)                                           0.00       1.12 f
  evalB/io_out_1[8] (Eval_1_15)                                     0.00       1.12 f
  evalB_io_out_1[8] (net)                                           0.00       1.12 f
  core16_1/io_b_0[8] (core16_5)                                     0.00       1.12 f
  core16_1/io_b_0[8] (net)                                          0.00       1.12 f
  core16_1/evalB/io_in_0[8] (Eval_33_72)                            0.00       1.12 f
  core16_1/evalB/io_in_0[8] (net)                                   0.00       1.12 f
  core16_1/evalB/U47/ZN (CKND0BWP40P140)                  0.01      0.02       1.14 r
  core16_1/evalB/n36 (net)                      1                   0.00       1.14 r
  core16_1/evalB/U28/ZN (CKND0BWP40P140)                  0.08      0.05       1.19 f
  core16_1/evalB/io_out_6[8] (net)              4                   0.00       1.19 f
  core16_1/evalB/io_out_6[8] (Eval_33_72)                           0.00       1.19 f
  core16_1/evalB_io_out_6[8] (net)                                  0.00       1.19 f
  core16_1/core4_6/io_b_0[8] (core4_35)                             0.00       1.19 f
  core16_1/core4_6/io_b_0[8] (net)                                  0.00       1.19 f
  core16_1/core4_6/evalB/io_in_0[8] (Eval_33_35)                    0.00       1.19 f
  core16_1/core4_6/evalB/io_in_0[8] (net)                           0.00       1.19 f
  core16_1/core4_6/evalB/U47/ZN (CKND0BWP40P140)          0.02      0.04       1.23 r
  core16_1/core4_6/evalB/n29 (net)              1                   0.00       1.23 r
  core16_1/core4_6/evalB/U48/ZN (CKND0BWP40P140)          0.23      0.14       1.37 f
  core16_1/core4_6/evalB/io_out_6[8] (net)     33                   0.00       1.37 f
  core16_1/core4_6/evalB/DP_OP_54J26_129_1057/I4[8] (Eval_33_5_DP_OP_54J26_129_1057_J26_0_1)     0.00     1.37 f
  core16_1/core4_6/evalB/DP_OP_54J26_129_1057/I4[8] (net)           0.00       1.37 f
  core16_1/core4_6/evalB/DP_OP_54J26_129_1057/U76/CO (FA1D1BWP40P140)     0.02     0.15     1.52 f
  core16_1/core4_6/evalB/DP_OP_54J26_129_1057/n295 (net)     1      0.00       1.52 f
  core16_1/core4_6/evalB/DP_OP_54J26_129_1057/U103/CO (FA1D0BWP40P140)     0.03     0.07     1.59 f
  core16_1/core4_6/evalB/DP_OP_54J26_129_1057/n293 (net)     1      0.00       1.59 f
  core16_1/core4_6/evalB/DP_OP_54J26_129_1057/U104/CO (FA1D0BWP40P140)     0.03     0.07     1.66 f
  core16_1/core4_6/evalB/DP_OP_54J26_129_1057/n291 (net)     1      0.00       1.66 f
  core16_1/core4_6/evalB/DP_OP_54J26_129_1057/U118/CO (FA1D0BWP40P140)     0.03     0.07     1.73 f
  core16_1/core4_6/evalB/DP_OP_54J26_129_1057/n289 (net)     1      0.00       1.73 f
  core16_1/core4_6/evalB/DP_OP_54J26_129_1057/U119/CO (FA1D0BWP40P140)     0.03     0.07     1.81 f
  core16_1/core4_6/evalB/DP_OP_54J26_129_1057/n287 (net)     1      0.00       1.81 f
  core16_1/core4_6/evalB/DP_OP_54J26_129_1057/U120/CO (FA1D0BWP40P140)     0.03     0.07     1.88 f
  core16_1/core4_6/evalB/DP_OP_54J26_129_1057/n285 (net)     1      0.00       1.88 f
  core16_1/core4_6/evalB/DP_OP_54J26_129_1057/U108/CO (FA1D0BWP40P140)     0.03     0.07     1.95 f
  core16_1/core4_6/evalB/DP_OP_54J26_129_1057/n283 (net)     1      0.00       1.95 f
  core16_1/core4_6/evalB/DP_OP_54J26_129_1057/U102/CO (FA1D0BWP40P140)     0.03     0.07     2.02 f
  core16_1/core4_6/evalB/DP_OP_54J26_129_1057/n281 (net)     2      0.00       2.02 f
  core16_1/core4_6/evalB/DP_OP_54J26_129_1057/U123/Z (AN2D0BWP40P140)     0.02     0.04     2.06 f
  core16_1/core4_6/evalB/DP_OP_54J26_129_1057/n279 (net)     1      0.00       2.06 f
  core16_1/core4_6/evalB/DP_OP_54J26_129_1057/U122/S (FA1D0BWP40P140)     0.12     0.17     2.23 r
  core16_1/core4_6/evalB/DP_OP_54J26_129_1057/O1[17] (net)    19     0.00      2.23 r
  core16_1/core4_6/evalB/DP_OP_54J26_129_1057/O1[17] (Eval_33_5_DP_OP_54J26_129_1057_J26_0_1)     0.00     2.23 r
  core16_1/core4_6/evalB/io_out_1[17] (net)                         0.00       2.23 r
  core16_1/core4_6/evalB/io_out_1[17] (Eval_33_35)                  0.00       2.23 r
  core16_1/core4_6/evalB_io_out_1[17] (net)                         0.00       2.23 r
  core16_1/core4_6/mult_x_2/b[17] (core4_35_DW_mult_uns_J32_2_0)     0.00      2.23 r
  core16_1/core4_6/mult_x_2/b[17] (net)                             0.00       2.23 r
  core16_1/core4_6/mult_x_2/U1160/ZN (CKND0BWP40P140)     0.13      0.12       2.35 f
  core16_1/core4_6/mult_x_2/n2026 (net)        21                   0.00       2.35 f
  core16_1/core4_6/mult_x_2/U1261/ZN (MUX2ND0BWP40P140)     0.05     0.08      2.43 r
  core16_1/core4_6/mult_x_2/n1321 (net)         3                   0.00       2.43 r
  core16_1/core4_6/mult_x_2/U1267/ZN (ND2D0BWP40P140HVT)     0.21     0.15     2.58 f
  core16_1/core4_6/mult_x_2/n2060 (net)        16                   0.00       2.58 f
  core16_1/core4_6/mult_x_2/U1317/ZN (OAI222D0BWP40P140)     0.09     0.12     2.70 r
  core16_1/core4_6/mult_x_2/n1398 (net)         1                   0.00       2.70 r
  core16_1/core4_6/mult_x_2/U1318/ZN (MUX2ND0BWP40P140)     0.06     0.07      2.77 r
  core16_1/core4_6/mult_x_2/n1474 (net)         1                   0.00       2.77 r
  core16_1/core4_6/mult_x_2/U989/CO (HA1D0BWP40P140)      0.03      0.06       2.83 r
  core16_1/core4_6/mult_x_2/n1469 (net)         1                   0.00       2.83 r
  core16_1/core4_6/mult_x_2/U979/CO (HA1D0BWP40P140)      0.02      0.05       2.88 r
  core16_1/core4_6/mult_x_2/n1464 (net)         1                   0.00       2.88 r
  core16_1/core4_6/mult_x_2/U1371/S (FA1D1BWP40P140)      0.03      0.10       2.97 f
  core16_1/core4_6/mult_x_2/n1550 (net)         1                   0.00       2.97 f
  core16_1/core4_6/mult_x_2/U1020/S (FA1D0BWP40P140)      0.04      0.13       3.10 r
  core16_1/core4_6/mult_x_2/n1650 (net)         1                   0.00       3.10 r
  core16_1/core4_6/mult_x_2/U1034/S (FA1D0BWP40P140)      0.03      0.12       3.22 f
  core16_1/core4_6/mult_x_2/n1775 (net)         1                   0.00       3.22 f
  core16_1/core4_6/mult_x_2/U1050/S (FA1D0BWP40P140)      0.04      0.13       3.35 r
  core16_1/core4_6/mult_x_2/n1914 (net)         1                   0.00       3.35 r
  core16_1/core4_6/mult_x_2/U1084/CO (FA1D0BWP40P140)     0.03      0.08       3.43 r
  core16_1/core4_6/mult_x_2/n1907 (net)         1                   0.00       3.43 r
  core16_1/core4_6/mult_x_2/U1709/CO (FA1D0BWP40P140)     0.03      0.07       3.51 r
  core16_1/core4_6/mult_x_2/n1901 (net)         1                   0.00       3.51 r
  core16_1/core4_6/mult_x_2/U1087/CO (FA1D0BWP40P140)     0.03      0.07       3.58 r
  core16_1/core4_6/mult_x_2/n1895 (net)         1                   0.00       3.58 r
  core16_1/core4_6/mult_x_2/U1688/CO (FA1D1BWP40P140)     0.02      0.06       3.64 r
  core16_1/core4_6/mult_x_2/n1890 (net)         1                   0.00       3.64 r
  core16_1/core4_6/mult_x_2/U1089/CO (FA1D0BWP40P140)     0.03      0.07       3.70 r
  core16_1/core4_6/mult_x_2/n1884 (net)         1                   0.00       3.70 r
  core16_1/core4_6/mult_x_2/U1682/CO (FA1D1BWP40P140)     0.02      0.06       3.76 r
  core16_1/core4_6/mult_x_2/n1878 (net)         1                   0.00       3.76 r
  core16_1/core4_6/mult_x_2/U1092/CO (FA1D0BWP40P140)     0.03      0.07       3.83 r
  core16_1/core4_6/mult_x_2/n1873 (net)         1                   0.00       3.83 r
  core16_1/core4_6/mult_x_2/U1695/CO (FA1D0BWP40P140)     0.03      0.07       3.90 r
  core16_1/core4_6/mult_x_2/n1867 (net)         1                   0.00       3.90 r
  core16_1/core4_6/mult_x_2/U1095/S (FA1D0BWP40P140)      0.03      0.11       4.02 f
  core16_1/core4_6/mult_x_2/n2124 (net)         1                   0.00       4.02 f
  core16_1/core4_6/mult_x_2/U1119/CO (FA1D0BWP40P140)     0.03      0.08       4.10 f
  core16_1/core4_6/mult_x_2/n2119 (net)         1                   0.00       4.10 f
  core16_1/core4_6/mult_x_2/U1778/CO (FA1D1BWP40P140)     0.02      0.06       4.16 f
  core16_1/core4_6/mult_x_2/n2116 (net)         1                   0.00       4.16 f
  core16_1/core4_6/mult_x_2/U1120/CO (FA1D0BWP40P140)     0.03      0.07       4.23 f
  core16_1/core4_6/mult_x_2/n2113 (net)         1                   0.00       4.23 f
  core16_1/core4_6/mult_x_2/U1777/CO (FA1D1BWP40P140)     0.02      0.06       4.29 f
  core16_1/core4_6/mult_x_2/n2110 (net)         1                   0.00       4.29 f
  core16_1/core4_6/mult_x_2/U1121/CO (FA1D0BWP40P140)     0.03      0.07       4.35 f
  core16_1/core4_6/mult_x_2/n2009 (net)         1                   0.00       4.35 f
  core16_1/core4_6/mult_x_2/U1754/Z (XOR4D1BWP40P140)     0.02      0.09       4.44 r
  core16_1/core4_6/mult_x_2/n2016 (net)         1                   0.00       4.44 r
  core16_1/core4_6/mult_x_2/U1030/ZN (XNR2UD0BWP40P140)     0.06     0.03      4.48 r
  core16_1/core4_6/mult_x_2/n2019 (net)         2                   0.00       4.48 r
  core16_1/core4_6/mult_x_2/U1029/ZN (OAI21D0BWP40P140HVT)     0.04     0.05     4.53 f
  core16_1/core4_6/mult_x_2/n2017 (net)         1                   0.00       4.53 f
  core16_1/core4_6/mult_x_2/U1028/ZN (OAI31D0BWP40P140LVT)     0.04     0.03     4.56 r
  core16_1/core4_6/mult_x_2/n2038 (net)         1                   0.00       4.56 r
  core16_1/core4_6/mult_x_2/U981/Z (XOR4D1BWP40P140)      0.02      0.11       4.67 f
  core16_1/core4_6/mult_x_2/n2085 (net)         1                   0.00       4.67 f
  core16_1/core4_6/mult_x_2/U1057/Z (XOR4D0BWP40P140)     0.03      0.09       4.76 r
  core16_1/core4_6/mult_x_2/n2097 (net)         2                   0.00       4.76 r
  core16_1/core4_6/mult_x_2/U978/ZN (OAI21D0BWP40P140HVT)     0.04     0.04     4.81 f
  core16_1/core4_6/mult_x_2/n2094 (net)         1                   0.00       4.81 f
  core16_1/core4_6/mult_x_2/U1156/ZN (OAI31D0BWP40P140LVT)     0.05     0.03     4.84 r
  core16_1/core4_6/mult_x_2/n2105 (net)         1                   0.00       4.84 r
  core16_1/core4_6/mult_x_2/U1007/Z (XOR2UD0BWP40P140)     0.06     0.04       4.88 r
  core16_1/core4_6/mult_x_2/n2107 (net)         2                   0.00       4.88 r
  core16_1/core4_6/mult_x_2/U977/ZN (OAI21D0BWP40P140HVT)     0.04     0.06     4.94 f
  core16_1/core4_6/mult_x_2/n2106 (net)         1                   0.00       4.94 f
  core16_1/core4_6/mult_x_2/U1122/ZN (OAI31D0BWP40P140LVT)     0.03     0.03     4.96 r
  core16_1/core4_6/mult_x_2/product[31] (net)     1                 0.00       4.96 r
  core16_1/core4_6/mult_x_2/product[31] (core4_35_DW_mult_uns_J32_2_0)     0.00     4.96 r
  core16_1/core4_6/n_w_1_T_1[31] (net)                              0.00       4.96 r
  core16_1/core4_6/s_w_1_reg_31_/D (DFQD1BWP40P140)       0.03      0.00       4.96 r
  data arrival time                                                            4.96

  clock clk (rise edge)                                             5.00       5.00
  clock network delay (ideal)                                       0.00       5.00
  core16_1/core4_6/s_w_1_reg_31_/CP (DFQD1BWP40P140)                0.00       5.00 r
  library setup time                                               -0.04       4.96
  data required time                                                           4.96
  ---------------------------------------------------------------------------------------------------------
  data required time                                                           4.96
  data arrival time                                                           -4.96
  ---------------------------------------------------------------------------------------------------------
  slack (MET)                                                                  0.00


1
