 
****************************************
Report : timing
        -path full
        -delay max
        -nets
        -max_paths 1
        -transition_time
Design : core16_a36_b16_c36
Version: O-2018.06-SP5
Date   : Tue May 12 18:15:22 2026
****************************************

 # A fanout number of 1000 was used for high fanout net computations.

Operating Conditions: ssg0p81vm40c   Library: tcbn28hpcplusbwp40p140hvtssg0p81vm40c_ccs
Wire Load Model Mode: segmented

  Startpoint: io_b_0[0] (input port clocked by clk)
  Endpoint: core4_2/s_w_2_reg_41_
            (rising edge-triggered flip-flop clocked by clk)
  Path Group: clk
  Path Type: max

  Des/Clust/Port     Wire Load Model       Library
  ------------------------------------------------
  core16_a36_b16_c36 ZeroWireload          tcbn28hpcplusbwp40p140hvtssg0p81vm40c_ccs
  Eval_1_0_DP_OP_52J13_128_2082_J13_0_3 ZeroWireload tcbn28hpcplusbwp40p140hvtssg0p81vm40c_ccs
  Eval_1_0_DP_OP_53J13_129_7779_J13_0_3 ZeroWireload tcbn28hpcplusbwp40p140hvtssg0p81vm40c_ccs
  Eval_1_0_DP_OP_54J13_130_2477_J13_0_3 ZeroWireload tcbn28hpcplusbwp40p140hvtssg0p81vm40c_ccs
  Eval_9_4_DP_OP_56J14_133_2317_J14_0 ZeroWireload tcbn28hpcplusbwp40p140hvtssg0p81vm40c_ccs
  Eval_9_4_DP_OP_55J14_132_1863_J14_0 ZeroWireload tcbn28hpcplusbwp40p140hvtssg0p81vm40c_ccs
  Eval_9_4_DP_OP_54J14_131_4542_J14_0 ZeroWireload tcbn28hpcplusbwp40p140hvtssg0p81vm40c_ccs
  core4_4_DW_mult_tc_J8_2 ZeroWireload     tcbn28hpcplusbwp40p140hvtssg0p81vm40c_ccs

Attributes:
    d - dont_touch
    u - dont_use
   mo - map_only
   so - size_only
    i - ideal_net or ideal_network
  inf - infeasible path

  Point                                       Fanout     Trans      Incr       Path      Attributes
  ---------------------------------------------------------------------------------------------------------
  clock clk (rise edge)                                             0.00       0.00
  clock network delay (ideal)                                       0.00       0.00
  input external delay                                              0.50       0.50 f
  io_b_0[0] (in)                                          0.00      0.00       0.50 f
  io_b_0[0] (net)                               1                   0.00       0.50 f
  evalB/io_in_0[0] (Eval_1_3)                                       0.00       0.50 f
  evalB/io_in_0[0] (net)                                            0.00       0.50 f
  evalB/U26/ZN (INVD0P7BWP40P140)                         0.01      0.01       0.51 r
  evalB/n12 (net)                               1                   0.00       0.51 r
  evalB/U36/ZN (INVD1BWP40P140LVT)                        0.03      0.02       0.53 f
  evalB/io_out_6[0] (net)                       4                   0.00       0.53 f
  evalB/DP_OP_53J13_129_7779/I2[0] (Eval_1_0_DP_OP_53J13_129_7779_J13_0_3)     0.00     0.53 f
  evalB/DP_OP_53J13_129_7779/I2[0] (net)                            0.00       0.53 f
  evalB/DP_OP_53J13_129_7779/U115/CO (HA1D1BWP40P140LVT)     0.01     0.03     0.55 f
  evalB/DP_OP_53J13_129_7779/n246 (net)         1                   0.00       0.55 f
  evalB/DP_OP_53J13_129_7779/U89/CO (FA1D1BWP40P140)      0.02      0.05       0.61 f
  evalB/DP_OP_53J13_129_7779/n244 (net)         1                   0.00       0.61 f
  evalB/DP_OP_53J13_129_7779/U107/CO (FA1D1BWP40P140LVT)     0.02     0.04     0.65 f
  evalB/DP_OP_53J13_129_7779/n242 (net)         1                   0.00       0.65 f
  evalB/DP_OP_53J13_129_7779/U140/S (FA1D1BWP40P140)      0.04      0.11       0.76 r
  evalB/DP_OP_53J13_129_7779/n292 (net)         2                   0.00       0.76 r
  evalB/DP_OP_53J13_129_7779/U161/S (FA1D1BWP40P140)      0.05      0.12       0.88 f
  evalB/DP_OP_53J13_129_7779/O1[3] (net)        4                   0.00       0.88 f
  evalB/DP_OP_53J13_129_7779/O1[3] (Eval_1_0_DP_OP_53J13_129_7779_J13_0_3)     0.00     0.88 f
  evalB/io_out_2[3] (net)                                           0.00       0.88 f
  evalB/io_out_2[3] (Eval_1_3)                                      0.00       0.88 f
  evalB_io_out_2[3] (net)                                           0.00       0.88 f
  core4_2/io_b_0[3] (core4_4)                                       0.00       0.88 f
  core4_2/io_b_0[3] (net)                                           0.00       0.88 f
  core4_2/evalB/io_in_0[3] (Eval_9_4)                               0.00       0.88 f
  core4_2/evalB/io_in_0[3] (net)                                    0.00       0.88 f
  core4_2/evalB/DP_OP_55J14_132_1863/I2[3] (Eval_9_4_DP_OP_55J14_132_1863_J14_0)     0.00     0.88 f
  core4_2/evalB/DP_OP_55J14_132_1863/I2[3] (net)                    0.00       0.88 f
  core4_2/evalB/DP_OP_55J14_132_1863/U147/S (FA1D0BWP40P140)     0.06     0.15     1.03 r
  core4_2/evalB/DP_OP_55J14_132_1863/n386 (net)     2               0.00       1.03 r
  core4_2/evalB/DP_OP_55J14_132_1863/U162/CO (FA1D0BWP40P140)     0.03     0.08     1.11 r
  core4_2/evalB/DP_OP_55J14_132_1863/n336 (net)     1               0.00       1.11 r
  core4_2/evalB/DP_OP_55J14_132_1863/U163/CO (FA1D0BWP40P140)     0.03     0.07     1.19 r
  core4_2/evalB/DP_OP_55J14_132_1863/n302 (net)     1               0.00       1.19 r
  core4_2/evalB/DP_OP_55J14_132_1863/U169/CO (FA1D0BWP40P140)     0.03     0.07     1.26 r
  core4_2/evalB/DP_OP_55J14_132_1863/n334 (net)     1               0.00       1.26 r
  core4_2/evalB/DP_OP_55J14_132_1863/U139/CO (FA1D0BWP40P140)     0.03     0.07     1.34 r
  core4_2/evalB/DP_OP_55J14_132_1863/n332 (net)     1               0.00       1.34 r
  core4_2/evalB/DP_OP_55J14_132_1863/U144/CO (FA1D0BWP40P140)     0.03     0.07     1.41 r
  core4_2/evalB/DP_OP_55J14_132_1863/n307 (net)     1               0.00       1.41 r
  core4_2/evalB/DP_OP_55J14_132_1863/U128/CO (FA1D1BWP40P140)     0.02     0.06     1.46 r
  core4_2/evalB/DP_OP_55J14_132_1863/n330 (net)     1               0.00       1.46 r
  core4_2/evalB/DP_OP_55J14_132_1863/U145/CO (FA1D0BWP40P140)     0.03     0.07     1.53 r
  core4_2/evalB/DP_OP_55J14_132_1863/n328 (net)     1               0.00       1.53 r
  core4_2/evalB/DP_OP_55J14_132_1863/U151/CO (FA1D0BWP40P140)     0.03     0.07     1.61 r
  core4_2/evalB/DP_OP_55J14_132_1863/n326 (net)     1               0.00       1.61 r
  core4_2/evalB/DP_OP_55J14_132_1863/U164/CO (FA1D0BWP40P140)     0.03     0.07     1.68 r
  core4_2/evalB/DP_OP_55J14_132_1863/n324 (net)     1               0.00       1.68 r
  core4_2/evalB/DP_OP_55J14_132_1863/U165/CO (FA1D0BWP40P140)     0.03     0.07     1.76 r
  core4_2/evalB/DP_OP_55J14_132_1863/n322 (net)     1               0.00       1.76 r
  core4_2/evalB/DP_OP_55J14_132_1863/U166/CO (FA1D0BWP40P140)     0.03     0.07     1.83 r
  core4_2/evalB/DP_OP_55J14_132_1863/n320 (net)     1               0.00       1.83 r
  core4_2/evalB/DP_OP_55J14_132_1863/U204/S (FA1D1BWP40P140)     0.10     0.15     1.98 f
  core4_2/evalB/DP_OP_55J14_132_1863/O1[14] (net)    34             0.00       1.98 f
  core4_2/evalB/DP_OP_55J14_132_1863/O1[14] (Eval_9_4_DP_OP_55J14_132_1863_J14_0)     0.00     1.98 f
  core4_2/evalB/io_out_2[14] (net)                                  0.00       1.98 f
  core4_2/evalB/io_out_2[14] (Eval_9_4)                             0.00       1.98 f
  core4_2/evalB_io_out_2[14] (net)                                  0.00       1.98 f
  core4_2/mult_x_3/b[14] (core4_4_DW_mult_tc_J8_2)                  0.00       1.98 f
  core4_2/mult_x_3/b[14] (net)                                      0.00       1.98 f
  core4_2/mult_x_3/U1495/ZN (INVD0P7BWP40P140)            0.15      0.13       2.11 r
  core4_2/mult_x_3/n2100 (net)                 32                   0.00       2.11 r
  core4_2/mult_x_3/U1470/ZN (MUX2ND0BWP40P140)            0.05      0.07       2.19 f
  core4_2/mult_x_3/n1814 (net)                  3                   0.00       2.19 f
  core4_2/mult_x_3/U1720/ZN (NR2D0BWP40P140)              0.35      0.24       2.42 r
  core4_2/mult_x_3/n1810 (net)                 29                   0.00       2.42 r
  core4_2/mult_x_3/U1894/ZN (AOI222D0BWP40P140)           0.12      0.11       2.53 f
  core4_2/mult_x_3/n2097 (net)                  1                   0.00       2.53 f
  core4_2/mult_x_3/U1895/ZN (MUX2ND0BWP40P140)            0.07      0.08       2.60 r
  core4_2/mult_x_3/n2238 (net)                  1                   0.00       2.60 r
  core4_2/mult_x_3/U1464/CO (HA1D0BWP40P140)              0.03      0.06       2.67 r
  core4_2/mult_x_3/n2233 (net)                  1                   0.00       2.67 r
  core4_2/mult_x_3/U1463/CO (HA1D1BWP40P140)              0.02      0.04       2.71 r
  core4_2/mult_x_3/n2228 (net)                  1                   0.00       2.71 r
  core4_2/mult_x_3/U1996/S (FA1D1BWP40P140)               0.03      0.09       2.81 f
  core4_2/mult_x_3/n2400 (net)                  1                   0.00       2.81 f
  core4_2/mult_x_3/U2116/CO (FA1D1BWP40P140)              0.02      0.07       2.87 f
  core4_2/mult_x_3/n2393 (net)                  1                   0.00       2.87 f
  core4_2/mult_x_3/U2113/CO (FA1D1BWP40P140)              0.02      0.06       2.93 f
  core4_2/mult_x_3/n2388 (net)                  1                   0.00       2.93 f
  core4_2/mult_x_3/U2110/CO (FA1D1BWP40P140)              0.02      0.06       2.98 f
  core4_2/mult_x_3/n2383 (net)                  1                   0.00       2.98 f
  core4_2/mult_x_3/U2106/CO (FA1D1BWP40P140)              0.02      0.06       3.04 f
  core4_2/mult_x_3/n2378 (net)                  1                   0.00       3.04 f
  core4_2/mult_x_3/U2102/CO (FA1D1BWP40P140)              0.02      0.06       3.09 f
  core4_2/mult_x_3/n2373 (net)                  1                   0.00       3.09 f
  core4_2/mult_x_3/U2098/CO (FA1D1BWP40P140)              0.02      0.06       3.15 f
  core4_2/mult_x_3/n2368 (net)                  1                   0.00       3.15 f
  core4_2/mult_x_3/U2094/CO (FA1D1BWP40P140)              0.02      0.06       3.21 f
  core4_2/mult_x_3/n2363 (net)                  1                   0.00       3.21 f
  core4_2/mult_x_3/U2090/CO (FA1D1BWP40P140)              0.02      0.06       3.26 f
  core4_2/mult_x_3/n2358 (net)                  1                   0.00       3.26 f
  core4_2/mult_x_3/U2086/CO (FA1D1BWP40P140)              0.02      0.06       3.32 f
  core4_2/mult_x_3/n2353 (net)                  1                   0.00       3.32 f
  core4_2/mult_x_3/U2082/CO (FA1D1BWP40P140)              0.02      0.06       3.37 f
  core4_2/mult_x_3/n2348 (net)                  1                   0.00       3.37 f
  core4_2/mult_x_3/U2078/CO (FA1D1BWP40P140)              0.02      0.06       3.43 f
  core4_2/mult_x_3/n2343 (net)                  1                   0.00       3.43 f
  core4_2/mult_x_3/U2074/CO (FA1D1BWP40P140)              0.02      0.06       3.48 f
  core4_2/mult_x_3/n2338 (net)                  1                   0.00       3.48 f
  core4_2/mult_x_3/U2070/CO (FA1D1BWP40P140)              0.02      0.06       3.54 f
  core4_2/mult_x_3/n2333 (net)                  1                   0.00       3.54 f
  core4_2/mult_x_3/U2066/CO (FA1D1BWP40P140)              0.02      0.06       3.59 f
  core4_2/mult_x_3/n2328 (net)                  1                   0.00       3.59 f
  core4_2/mult_x_3/U2062/CO (FA1D1BWP40P140)              0.02      0.06       3.65 f
  core4_2/mult_x_3/n2323 (net)                  1                   0.00       3.65 f
  core4_2/mult_x_3/U2058/CO (FA1D1BWP40P140)              0.02      0.06       3.70 f
  core4_2/mult_x_3/n2318 (net)                  1                   0.00       3.70 f
  core4_2/mult_x_3/U2055/CO (FA1D1BWP40P140)              0.02      0.06       3.76 f
  core4_2/mult_x_3/n2313 (net)                  1                   0.00       3.76 f
  core4_2/mult_x_3/U2051/CO (FA1D1BWP40P140)              0.02      0.06       3.82 f
  core4_2/mult_x_3/n2308 (net)                  1                   0.00       3.82 f
  core4_2/mult_x_3/U2047/CO (FA1D1BWP40P140)              0.02      0.06       3.87 f
  core4_2/mult_x_3/n2303 (net)                  1                   0.00       3.87 f
  core4_2/mult_x_3/U2043/CO (FA1D1BWP40P140)              0.02      0.06       3.93 f
  core4_2/mult_x_3/n2298 (net)                  1                   0.00       3.93 f
  core4_2/mult_x_3/U2039/CO (FA1D1BWP40P140)              0.02      0.06       3.98 f
  core4_2/mult_x_3/n2293 (net)                  1                   0.00       3.98 f
  core4_2/mult_x_3/U2036/CO (FA1D1BWP40P140)              0.02      0.06       4.04 f
  core4_2/mult_x_3/n2288 (net)                  1                   0.00       4.04 f
  core4_2/mult_x_3/U2033/CO (FA1D1BWP40P140)              0.02      0.06       4.09 f
  core4_2/mult_x_3/n2282 (net)                  1                   0.00       4.09 f
  core4_2/mult_x_3/U2030/CO (FA1D1BWP40P140)              0.02      0.06       4.15 f
  core4_2/mult_x_3/n2276 (net)                  1                   0.00       4.15 f
  core4_2/mult_x_3/U2023/S (FA1D0BWP40P140)               0.04      0.12       4.27 r
  core4_2/mult_x_3/n2447 (net)                  1                   0.00       4.27 r
  core4_2/mult_x_3/U2149/S (FA1D1BWP40P140)               0.03      0.11       4.37 f
  core4_2/mult_x_3/n2629 (net)                  1                   0.00       4.37 f
  core4_2/mult_x_3/U2279/CO (FA1D0BWP40P140)              0.03      0.08       4.45 f
  core4_2/mult_x_3/n2859 (net)                  1                   0.00       4.45 f
  core4_2/mult_x_3/U2420/S (FA1D1BWP40P140)               0.03      0.11       4.56 r
  core4_2/mult_x_3/n2908 (net)                  1                   0.00       4.56 r
  core4_2/mult_x_3/U2425/CO (FA1D1BWP40P140)              0.02      0.06       4.62 r
  core4_2/mult_x_3/n2866 (net)                  4                   0.00       4.62 r
  core4_2/mult_x_3/U1435/ZN (NR2D0BWP40P140)              0.01      0.02       4.64 f
  core4_2/mult_x_3/n2869 (net)                  1                   0.00       4.64 f
  core4_2/mult_x_3/U1441/ZN (MUX2NUD1BWP40P140)           0.02      0.03       4.67 r
  core4_2/mult_x_3/n2870 (net)                  1                   0.00       4.67 r
  core4_2/mult_x_3/U1477/ZN (ND2D1BWP40P140LVT)           0.02      0.02       4.69 f
  core4_2/mult_x_3/n2872 (net)                  1                   0.00       4.69 f
  core4_2/mult_x_3/U1476/Z (XOR4D1BWP40P140LVT)           0.02      0.07       4.75 r
  core4_2/mult_x_3/n2877 (net)                  2                   0.00       4.75 r
  core4_2/mult_x_3/U2421/ZN (OAI21D1BWP40P140LVT)         0.02      0.02       4.77 f
  core4_2/mult_x_3/n2876 (net)                  1                   0.00       4.77 f
  core4_2/mult_x_3/U1475/ZN (OAI31D0BWP40P140LVT)         0.04      0.02       4.80 r
  core4_2/mult_x_3/n2880 (net)                  1                   0.00       4.80 r
  core4_2/mult_x_3/U1547/Z (XOR3UD1BWP40P140LVT)          0.03      0.04       4.84 r
  core4_2/mult_x_3/n2894 (net)                  2                   0.00       4.84 r
  core4_2/mult_x_3/U2422/ZN (OAI21D1BWP40P140LVT)         0.02      0.02       4.86 f
  core4_2/mult_x_3/n2891 (net)                  1                   0.00       4.86 f
  core4_2/mult_x_3/U1436/ZN (OAI31D0BWP40P140LVT)         0.05      0.03       4.89 r
  core4_2/mult_x_3/n2902 (net)                  1                   0.00       4.89 r
  core4_2/mult_x_3/U1437/ZN (XNR2UD0BWP40P140)            0.06      0.04       4.93 r
  core4_2/mult_x_3/n2903 (net)                  1                   0.00       4.93 r
  core4_2/mult_x_3/U1474/Z (XOR3UD1BWP40P140LVT)          0.03      0.05       4.97 r
  core4_2/mult_x_3/product[41] (net)            1                   0.00       4.97 r
  core4_2/mult_x_3/product[41] (core4_4_DW_mult_tc_J8_2)            0.00       4.97 r
  core4_2/n_w_2_T_1[41] (net)                                       0.00       4.97 r
  core4_2/s_w_2_reg_41_/D (DFQD1BWP40P140LVT)             0.03      0.00       4.97 r
  data arrival time                                                            4.97

  clock clk (rise edge)                                             5.00       5.00
  clock network delay (ideal)                                       0.00       5.00
  core4_2/s_w_2_reg_41_/CP (DFQD1BWP40P140LVT)                      0.00       5.00 r
  library setup time                                               -0.03       4.97
  data required time                                                           4.97
  ---------------------------------------------------------------------------------------------------------
  data required time                                                           4.97
  data arrival time                                                           -4.97
  ---------------------------------------------------------------------------------------------------------
  slack (MET)                                                                  0.00


1
