 
****************************************
Report : timing
        -path full
        -delay max
        -nets
        -max_paths 1
        -transition_time
Design : core4_a36_b12_c36
Version: O-2018.06-SP5
Date   : Tue May 12 08:41:26 2026
****************************************

Operating Conditions: ssg0p81vm40c   Library: tcbn28hpcplusbwp40p140hvtssg0p81vm40c_ccs
Wire Load Model Mode: segmented

  Startpoint: io_b_3[2] (input port clocked by clk)
  Endpoint: s_w_5_reg_38_
            (rising edge-triggered flip-flop clocked by clk)
  Path Group: clk
  Path Type: max

  Des/Clust/Port     Wire Load Model       Library
  ------------------------------------------------
  Eval_1_DP_OP_54J3_125_3064_J3_0 ZeroWireload tcbn28hpcplusbwp40p140hvtssg0p81vm40c_ccs
  Eval_1_DP_OP_53J3_124_5236_J3_0 ZeroWireload tcbn28hpcplusbwp40p140hvtssg0p81vm40c_ccs
  Eval_1_DP_OP_52J3_123_9921_J3_0 ZeroWireload tcbn28hpcplusbwp40p140hvtssg0p81vm40c_ccs
  core4_a36_b12_c36  ZeroWireload          tcbn28hpcplusbwp40p140hvtssg0p81vm40c_ccs
  core4_a36_b12_c36_DW_mult_tc_J2_0 ZeroWireload tcbn28hpcplusbwp40p140hvtssg0p81vm40c_ccs

Attributes:
    d - dont_touch
    u - dont_use
   mo - map_only
   so - size_only
    i - ideal_net or ideal_network
  inf - infeasible path

  Point                                       Fanout     Trans      Incr       Path      Attributes
  ---------------------------------------------------------------------------------------------------------
  clock clk (rise edge)                                             0.00       0.00
  clock network delay (ideal)                                       0.00       0.00
  input external delay                                              0.50       0.50 r
  io_b_3[2] (in)                                          0.00      0.00       0.50 r
  io_b_3[2] (net)                               4                   0.00       0.50 r
  evalB/io_in_3[2] (Eval_1)                                         0.00       0.50 r
  evalB/io_in_3[2] (net)                                            0.00       0.50 r
  evalB/DP_OP_54J3_125_3064/I3[2] (Eval_1_DP_OP_54J3_125_3064_J3_0)     0.00     0.50 r
  evalB/DP_OP_54J3_125_3064/I3[2] (net)                             0.00       0.50 r
  evalB/DP_OP_54J3_125_3064/U86/CO (HA1D0BWP40P140)       0.02      0.04       0.54 r
  evalB/DP_OP_54J3_125_3064/n188 (net)          1                   0.00       0.54 r
  evalB/DP_OP_54J3_125_3064/U93/CO (FA1D0BWP40P140)       0.03      0.07       0.61 r
  evalB/DP_OP_54J3_125_3064/n185 (net)          1                   0.00       0.61 r
  evalB/DP_OP_54J3_125_3064/U94/CO (FA1D0BWP40P140)       0.03      0.07       0.68 r
  evalB/DP_OP_54J3_125_3064/n192 (net)          1                   0.00       0.68 r
  evalB/DP_OP_54J3_125_3064/U124/CO (FA1D0BWP40P140)      0.03      0.07       0.76 r
  evalB/DP_OP_54J3_125_3064/n196 (net)          1                   0.00       0.76 r
  evalB/DP_OP_54J3_125_3064/U96/CO (FA1D0BWP40P140)       0.03      0.07       0.83 r
  evalB/DP_OP_54J3_125_3064/n194 (net)          1                   0.00       0.83 r
  evalB/DP_OP_54J3_125_3064/U98/CO (FA1D0BWP40P140)       0.03      0.07       0.90 r
  evalB/DP_OP_54J3_125_3064/n200 (net)          1                   0.00       0.90 r
  evalB/DP_OP_54J3_125_3064/U100/CO (FA1D0BWP40P140)      0.03      0.07       0.98 r
  evalB/DP_OP_54J3_125_3064/n211 (net)          1                   0.00       0.98 r
  evalB/DP_OP_54J3_125_3064/U102/CO (FA1D0BWP40P140)      0.03      0.07       1.05 r
  evalB/DP_OP_54J3_125_3064/n209 (net)          1                   0.00       1.05 r
  evalB/DP_OP_54J3_125_3064/U104/CO (FA1D0BWP40P140)      0.03      0.07       1.13 r
  evalB/DP_OP_54J3_125_3064/n207 (net)          1                   0.00       1.13 r
  evalB/DP_OP_54J3_125_3064/U109/S (FA1D0BWP40P140)       0.04      0.10       1.22 r
  evalB/DP_OP_54J3_125_3064/n235 (net)          2                   0.00       1.22 r
  evalB/DP_OP_54J3_125_3064/U138/ZN (CKND0BWP40P140)      0.03      0.03       1.26 f
  evalB/DP_OP_54J3_125_3064/n253 (net)          1                   0.00       1.26 f
  evalB/DP_OP_54J3_125_3064/U118/S (FA1D0BWP40P140)       0.19      0.21       1.47 r
  evalB/DP_OP_54J3_125_3064/O2[11] (net)       34                   0.00       1.47 r
  evalB/DP_OP_54J3_125_3064/O2[11] (Eval_1_DP_OP_54J3_125_3064_J3_0)     0.00     1.47 r
  evalB/io_out_5[11] (net)                                          0.00       1.47 r
  evalB/io_out_5[11] (Eval_1)                                       0.00       1.47 r
  evalB_io_out_5[11] (net)                                          0.00       1.47 r
  mult_x_6/b[11] (core4_a36_b12_c36_DW_mult_tc_J2_0)                0.00       1.47 r
  mult_x_6/b[11] (net)                                              0.00       1.47 r
  mult_x_6/U1323/ZN (CKND0BWP40P140)                      0.20      0.19       1.66 f
  mult_x_6/n2274 (net)                         32                   0.00       1.66 f
  mult_x_6/U1364/ZN (MUX2ND0BWP40P140)                    0.07      0.12       1.78 r
  mult_x_6/n1483 (net)                          4                   0.00       1.78 r
  mult_x_6/U1049/ZN (ND2D0BWP40P140HVT)                   0.31      0.22       2.00 f
  mult_x_6/n2228 (net)                         25                   0.00       2.00 f
  mult_x_6/U1087/ZN (INVD0P7BWP40P140)                    0.07      0.10       2.10 r
  mult_x_6/n2322 (net)                          2                   0.00       2.10 r
  mult_x_6/U1456/ZN (AOI222D0BWP40P140)                   0.07      0.05       2.15 f
  mult_x_6/n1482 (net)                          1                   0.00       2.15 f
  mult_x_6/U1457/ZN (MUX2ND0BWP40P140)                    0.05      0.07       2.22 f
  mult_x_6/n1606 (net)                          1                   0.00       2.22 f
  mult_x_6/U1074/S (HA1D0BWP40P140)                       0.03      0.07       2.29 f
  mult_x_6/n1737 (net)                          1                   0.00       2.29 f
  mult_x_6/U1155/S (FA1D0BWP40P140)                       0.04      0.13       2.42 r
  mult_x_6/n1881 (net)                          1                   0.00       2.42 r
  mult_x_6/U1186/CO (FA1D0BWP40P140)                      0.03      0.08       2.49 r
  mult_x_6/n1874 (net)                          1                   0.00       2.49 r
  mult_x_6/U1187/S (FA1D0BWP40P140)                       0.03      0.11       2.61 f
  mult_x_6/n2048 (net)                          1                   0.00       2.61 f
  mult_x_6/U1237/S (FA1D0BWP40P140)                       0.04      0.13       2.74 r
  mult_x_6/n2185 (net)                          1                   0.00       2.74 r
  mult_x_6/U1296/CO (FA1D0BWP40P140)                      0.03      0.08       2.82 r
  mult_x_6/n2180 (net)                          1                   0.00       2.82 r
  mult_x_6/U1297/CO (FA1D0BWP40P140)                      0.03      0.07       2.89 r
  mult_x_6/n2177 (net)                          1                   0.00       2.89 r
  mult_x_6/U1298/CO (FA1D0BWP40P140)                      0.03      0.07       2.97 r
  mult_x_6/n2174 (net)                          1                   0.00       2.97 r
  mult_x_6/U1299/CO (FA1D0BWP40P140)                      0.03      0.07       3.04 r
  mult_x_6/n2171 (net)                          1                   0.00       3.04 r
  mult_x_6/U1300/CO (FA1D0BWP40P140)                      0.03      0.07       3.12 r
  mult_x_6/n2168 (net)                          1                   0.00       3.12 r
  mult_x_6/U1301/CO (FA1D0BWP40P140)                      0.03      0.07       3.19 r
  mult_x_6/n2165 (net)                          1                   0.00       3.19 r
  mult_x_6/U1302/CO (FA1D0BWP40P140)                      0.03      0.07       3.26 r
  mult_x_6/n2162 (net)                          1                   0.00       3.26 r
  mult_x_6/U1303/CO (FA1D0BWP40P140)                      0.03      0.07       3.34 r
  mult_x_6/n2159 (net)                          1                   0.00       3.34 r
  mult_x_6/U1304/CO (FA1D0BWP40P140)                      0.03      0.07       3.41 r
  mult_x_6/n2156 (net)                          1                   0.00       3.41 r
  mult_x_6/U1284/CO (FA1D0BWP40P140)                      0.03      0.07       3.49 r
  mult_x_6/n2153 (net)                          1                   0.00       3.49 r
  mult_x_6/U1305/CO (FA1D0BWP40P140)                      0.03      0.07       3.56 r
  mult_x_6/n2150 (net)                          1                   0.00       3.56 r
  mult_x_6/U1306/CO (FA1D0BWP40P140)                      0.03      0.07       3.63 r
  mult_x_6/n2147 (net)                          1                   0.00       3.63 r
  mult_x_6/U1307/CO (FA1D0BWP40P140)                      0.03      0.07       3.71 r
  mult_x_6/n2144 (net)                          1                   0.00       3.71 r
  mult_x_6/U1308/CO (FA1D0BWP40P140)                      0.03      0.07       3.78 r
  mult_x_6/n2141 (net)                          1                   0.00       3.78 r
  mult_x_6/U1309/CO (FA1D0BWP40P140)                      0.03      0.07       3.86 r
  mult_x_6/n2138 (net)                          1                   0.00       3.86 r
  mult_x_6/U1310/CO (FA1D0BWP40P140)                      0.03      0.07       3.93 r
  mult_x_6/n2135 (net)                          1                   0.00       3.93 r
  mult_x_6/U1311/CO (FA1D0BWP40P140)                      0.03      0.07       4.00 r
  mult_x_6/n2132 (net)                          1                   0.00       4.00 r
  mult_x_6/U1312/CO (FA1D0BWP40P140)                      0.03      0.07       4.08 r
  mult_x_6/n2129 (net)                          1                   0.00       4.08 r
  mult_x_6/U1313/CO (FA1D0BWP40P140)                      0.03      0.07       4.15 r
  mult_x_6/n2126 (net)                          1                   0.00       4.15 r
  mult_x_6/U1314/CO (FA1D0BWP40P140)                      0.03      0.07       4.23 r
  mult_x_6/n2123 (net)                          1                   0.00       4.23 r
  mult_x_6/U1315/CO (FA1D0BWP40P140)                      0.03      0.07       4.30 r
  mult_x_6/n2120 (net)                          1                   0.00       4.30 r
  mult_x_6/U1316/CO (FA1D0BWP40P140)                      0.03      0.07       4.37 r
  mult_x_6/n2259 (net)                          1                   0.00       4.37 r
  mult_x_6/U1317/CO (FA1D0BWP40P140)                      0.03      0.07       4.45 r
  mult_x_6/n2292 (net)                          1                   0.00       4.45 r
  mult_x_6/U1318/CO (FA1D0BWP40P140)                      0.03      0.07       4.52 r
  mult_x_6/n2295 (net)                          1                   0.00       4.52 r
  mult_x_6/U1051/Z (XOR4D1BWP40P140)                      0.02      0.09       4.61 r
  mult_x_6/n2305 (net)                          1                   0.00       4.61 r
  mult_x_6/U1050/Z (XOR4D1BWP40P140)                      0.02      0.10       4.70 r
  mult_x_6/n2316 (net)                          1                   0.00       4.70 r
  mult_x_6/U1180/Z (XOR4D1BWP40P140)                      0.02      0.10       4.80 r
  mult_x_6/n2327 (net)                          2                   0.00       4.80 r
  mult_x_6/U1216/ZN (OAI21D0BWP40P140HVT)                 0.04      0.04       4.84 f
  mult_x_6/n2324 (net)                          1                   0.00       4.84 f
  mult_x_6/U1215/ZN (OAI31D0BWP40P140LVT)                 0.03      0.03       4.87 r
  mult_x_6/n2335 (net)                          1                   0.00       4.87 r
  mult_x_6/U1285/Z (XOR4D1BWP40P140)                      0.02      0.10       4.97 r
  mult_x_6/product[38] (net)                    1                   0.00       4.97 r
  mult_x_6/product[38] (core4_a36_b12_c36_DW_mult_tc_J2_0)          0.00       4.97 r
  n_w_5_T_1[38] (net)                                               0.00       4.97 r
  s_w_5_reg_38_/D (DFQD1BWP40P140)                        0.02      0.00       4.97 r
  data arrival time                                                            4.97

  clock clk (rise edge)                                             5.00       5.00
  clock network delay (ideal)                                       0.00       5.00
  s_w_5_reg_38_/CP (DFQD1BWP40P140)                                 0.00       5.00 r
  library setup time                                               -0.03       4.97
  data required time                                                           4.97
  ---------------------------------------------------------------------------------------------------------
  data required time                                                           4.97
  data arrival time                                                           -4.97
  ---------------------------------------------------------------------------------------------------------
  slack (MET)                                                                  0.00


1
