 
****************************************
Report : resources
Design : core4_a28_b10_c28
Version: O-2018.06-SP5
Date   : Tue May 12 05:49:33 2026
****************************************


Resource Report for this hierarchy in file
        /export4/Home/iac01/shiliubowen/Work/BackFlow28/2RtlCode/core4/core4_a28_b10_c28/core4_a28_b10_c28.v
=============================================================================
| Cell           | Module         | Parameters | Contained Operations       |
=============================================================================
| mult_x_1       | DW_mult_uns    | a_width=28 | mult_365 (core4_a28_b10_c28.v:365) |
         |                | b_width=10 |                            |
| mult_x_2       | DW_mult_tc     | a_width=31 | mult_366 (core4_a28_b10_c28.v:366) |
         |                | b_width=15 |                            |
| mult_x_3       | DW_mult_uns    | a_width=30 | mult_367 (core4_a28_b10_c28.v:367) |
         |                | b_width=12 |                            |
| mult_x_4       | DW_mult_tc     | a_width=31 | mult_368 (core4_a28_b10_c28.v:368) |
         |                | b_width=15 |                            |
| mult_x_5       | DW_mult_tc     | a_width=31 | mult_369 (core4_a28_b10_c28.v:369) |
         |                | b_width=15 |                            |
| mult_x_6       | DW_mult_tc     | a_width=31 | mult_370 (core4_a28_b10_c28.v:370) |
         |                | b_width=15 |                            |
| mult_x_7       | DW_mult_uns    | a_width=28 | mult_371 (core4_a28_b10_c28.v:371) |
         |                | b_width=10 |                            |
=============================================================================


Implementation Report
===============================================================================
|                    |                  | Current            | Set            |
| Cell               | Module           | Implementation     | Implementation |
===============================================================================
| mult_x_1           | DW_mult_uns      | apparch (area)     |                |
|                    |                  | mult_arch: benc_radix8              |
| mult_x_2           | DW_mult_tc       | apparch (area)     |                |
|                    |                  | mult_arch: benc_radix8              |
| mult_x_3           | DW_mult_uns      | apparch (area)     |                |
|                    |                  | mult_arch: benc_radix4              |
| mult_x_4           | DW_mult_tc       | apparch (area)     |                |
|                    |                  | mult_arch: benc_radix8              |
| mult_x_5           | DW_mult_tc       | apparch (area)     |                |
|                    |                  | mult_arch: benc_radix8              |
| mult_x_6           | DW_mult_tc       | apparch (area)     |                |
|                    |                  | mult_arch: benc_radix8              |
| mult_x_7           | DW_mult_uns      | apparch (area)     |                |
|                    |                  | mult_arch: benc_radix8              |
===============================================================================


No resource sharing information to report.
 
****************************************
Design : Interpolation
****************************************

No implementations to report
 
****************************************
Design : InterpolationComb
****************************************

Resource Report for this hierarchy in file
        /export4/Home/iac01/shiliubowen/Work/BackFlow28/2RtlCode/core4/core4_a28_b10_c28/core4_a28_b10_c28.v
=============================================================================
| Cell           | Module         | Parameters | Contained Operations       |
=============================================================================
| DP_OP_106J2_122_1947            |            |                            |
|                | DP_OP_106J2_122_1947 |      |                            |
=============================================================================

Datapath Report for DP_OP_106J2_122_1947
==============================================================================
| Cell                 | Contained Operations                                |
==============================================================================
| DP_OP_106J2_122_1947 | sub_103 (core4_a28_b10_c28.v:103)                   |
|                      | add_113 (core4_a28_b10_c28.v:113)                   |
|                      | add_101 (core4_a28_b10_c28.v:101)                   |
|                      | sub_116 (core4_a28_b10_c28.v:116)                   |
|                      | sub_118 (core4_a28_b10_c28.v:118)                   |
|                      | add_122 (core4_a28_b10_c28.v:122)                   |
|                      | add_125 (core4_a28_b10_c28.v:125)                   |
|                      | add_128 (core4_a28_b10_c28.v:128)                   |
|                      | add_131 (core4_a28_b10_c28.v:131)                   |
|                      | add_138 (core4_a28_b10_c28.v:138)                   |
|                      | add_144 (core4_a28_b10_c28.v:144)                   |
|                      | sub_120 (core4_a28_b10_c28.v:120)                   |
|                      | sub_121 (core4_a28_b10_c28.v:121)                   |
|                      | add_108 (core4_a28_b10_c28.v:108)                   |
|                      | sub_111 (core4_a28_b10_c28.v:111)                   |
|                      | sub_134 (core4_a28_b10_c28.v:134)                   |
|                      | sub_105 (core4_a28_b10_c28.v:105)                   |
|                      | sub_102 (core4_a28_b10_c28.v:102)                   |
|                      | mult_140 (core4_a28_b10_c28.v:140)                  |
|                      | sub_154 (core4_a28_b10_c28.v:154)                   |
|                      | mult_146 (core4_a28_b10_c28.v:146)                  |
|                      | sub_151 (core4_a28_b10_c28.v:151)                   |
|                      | sub_153 (core4_a28_b10_c28.v:153)                   |
|                      | sub_157 (core4_a28_b10_c28.v:157)                   |
|                      | sub_166 (core4_a28_b10_c28.v:166)                   |
|                      | mult_136 (core4_a28_b10_c28.v:136)                  |
|                      | sub_167 (core4_a28_b10_c28.v:167)                   |
|                      | sub_149 (core4_a28_b10_c28.v:149)                   |
|                      | sub_165 (core4_a28_b10_c28.v:165)                   |
==============================================================================

==============================================================================
|       |      | Data     |       |                                          |
| Var   | Type | Class    | Width | Expression                               |
==============================================================================
| I1    | PI   | Unsigned | 31    |                                          |
| I2    | PI   | Unsigned | 31    |                                          |
| I3    | PI   | Unsigned | 30    |                                          |
| I4    | PI   | Unsigned | 30    |                                          |
| I5    | PI   | Signed   | 30    |                                          |
| I6    | PI   | Signed   | 30    |                                          |
| I7    | PI   | Unsigned | 30    |                                          |
| I8    | PI   | Signed   | 31    |                                          |
| I9    | PI   | Unsigned | 31    |                                          |
| I10   | PI   | Unsigned | 31    |                                          |
| I11   | PI   | Unsigned | 30    |                                          |
| I12   | PI   | Unsigned | 28    |                                          |
| I13   | PI   | Signed   | 28    |                                          |
| T35   | IFO  | Signed   | 30    | O1[30:1]                                 |
| T6    | IFO  | Unsigned | 30    | I3 + T35 (core4_a28_b10_c28.v:113)       |
| T36   | IFO  | Signed   | 30    | T6 << 6                                  |
| T82   | IFO  | Signed   | 30    | T6 - I6 - I7 ( core4_a28_b10_c28.v:120 core4_a28_b10_c28.v:121 ) |
| T38   | IFO  | Signed   | 30    | T82 << 2                                 |
| T39   | IFO  | Signed   | 30    | T82 << 3                                 |
| T40   | IFO  | Signed   | 30    | T82 << 5                                 |
| T105  | IFO  | Signed   | 30    | I4 - T6 + I5 - T36 + T82 + T38 + T39 + T40 ( core4_a28_b10_c28.v:101 core4_a28_b10_c28.v:116 core4_a28_b10_c28.v:118 core4_a28_b10_c28.v:122 core4_a28_b10_c28.v:125 core4_a28_b10_c28.v:128 core4_a28_b10_c28.v:131 core4_a28_b10_c28.v:138 core4_a28_b10_c28.v:144 ) |
| T103  | IFO  | Unsigned | 30    | I11 + T105 ( core4_a28_b10_c28.v:101 core4_a28_b10_c28.v:116 core4_a28_b10_c28.v:118 core4_a28_b10_c28.v:122 core4_a28_b10_c28.v:125 core4_a28_b10_c28.v:128 core4_a28_b10_c28.v:131 core4_a28_b10_c28.v:144 ) |
| T46   | IFO  | Unsigned | 29    | T103[29:1]                               |
| T20   | IFO  | Signed   | 29    | T46 * $signed(28'b1000111000111000111000111001) (core4_a28_b10_c28.v:146) |
| T48   | IFO  | Signed   | 28    | T20[27:0]                                |
| T49   | IFO  | Signed   | 28    | O1[28:1]                                 |
| T1    | IFO  | Signed   | 31    | I9 - I10 (core4_a28_b10_c28.v:102)       |
| T43   | IFO  | Signed   | 30    | T1[29:0]                                 |
| T101  | IFO  | Unsigned | 30    | T43 + T105 ( core4_a28_b10_c28.v:101 core4_a28_b10_c28.v:116 core4_a28_b10_c28.v:118 core4_a28_b10_c28.v:122 core4_a28_b10_c28.v:125 core4_a28_b10_c28.v:128 core4_a28_b10_c28.v:131 core4_a28_b10_c28.v:138 ) |
| T44   | IFO  | Unsigned | 29    | T101[29:1]                               |
| T18   | IFO  | Unsigned | 29    | T44 * $unsigned(28'b1110111011101110111011101111) (core4_a28_b10_c28.v:140) |
| T24   | IFO  | Signed   | 29    | T20 - T18 (core4_a28_b10_c28.v:154)      |
| T50   | IFO  | Signed   | 28    | T24[28:1]                                |
| T3    | IFO  | Signed   | 30    | I4 - I7 (core4_a28_b10_c28.v:105)        |
| T32   | IFO  | Signed   | 31    | T3 << 1                                  |
| T41   | IFO  | Signed   | 31    | T82 << 3                                 |
| T81   | IFO  | Signed   | 31    | T32 + T1 - I8 - T41 ( core4_a28_b10_c28.v:108 core4_a28_b10_c28.v:111 core4_a28_b10_c28.v:134 ) |
| T42   | IFO  | Signed   | 28    | T81[30:3]                                |
| T16   | IFO  | Unsigned | 28    | T42 * $unsigned(28'b1010101010101010101010101011) (core4_a28_b10_c28.v:136) |
| T47   | IFO  | Signed   | 28    | T82[27:0]                                |
| O1    | PO   | Signed   | 31    | I1 - I2 (core4_a28_b10_c28.v:103)        |
| O2    | PO   | Signed   | 28    | $unsigned(1'b0) - T48 - T49 ( core4_a28_b10_c28.v:151 core4_a28_b10_c28.v:153 ) |
| O3    | PO   | Signed   | 28    | -T48 + T50 + T50 ( core4_a28_b10_c28.v:157 core4_a28_b10_c28.v:166 ) |
| O4    | PO   | Signed   | 28    | T16 - I12 (core4_a28_b10_c28.v:167)      |
| O5    | PO   | Signed   | 28    | -T47 + T16 + I13 ( core4_a28_b10_c28.v:149 core4_a28_b10_c28.v:165 ) |
==============================================================================


Implementation Report
===============================================================================
|                    |                  | Current            | Set            |
| Cell               | Module           | Implementation     | Implementation |
===============================================================================
| DP_OP_106J2_122_1947                  |                    |                |
|                    | DP_OP_106J2_122_1947 | str (area)     |                |
===============================================================================

 
****************************************
Design : Eval_1
****************************************

Resource Report for this hierarchy in file
        /export4/Home/iac01/shiliubowen/Work/BackFlow28/2RtlCode/core4/core4_a28_b10_c28/core4_a28_b10_c28.v
=============================================================================
| Cell           | Module         | Parameters | Contained Operations       |
=============================================================================
| DP_OP_52J3_122_4539             |            |                            |
|                | DP_OP_52J3_122_4539 |       |                            |
| DP_OP_53J3_123_9506             |            |                            |
|                | DP_OP_53J3_123_9506 |       |                            |
| DP_OP_54J3_124_4915             |            |                            |
|                | DP_OP_54J3_124_4915 |       |                            |
=============================================================================

Datapath Report for DP_OP_52J3_122_4539
==============================================================================
| Cell                 | Contained Operations                                |
==============================================================================
| DP_OP_52J3_122_4539  | add_68 (core4_a28_b10_c28.v:68)                     |
|                      | add_71 (core4_a28_b10_c28.v:71)                     |
|                      | add_74 (core4_a28_b10_c28.v:74)                     |
==============================================================================

==============================================================================
|       |      | Data     |       |                                          |
| Var   | Type | Class    | Width | Expression                               |
==============================================================================
| I1    | PI   | Unsigned | 10    |                                          |
| I2    | PI   | Unsigned | 11    |                                          |
| I3    | PI   | Unsigned | 10    |                                          |
| I4    | PI   | Unsigned | 10    |                                          |
| T4    | IFO  | Unsigned | 12    | I1 + I2 (core4_a28_b10_c28.v:68)         |
| T16   | IFO  | Unsigned | 13    | T4 << 1                                  |
| T5    | IFO  | Unsigned | 14    | I3 + T16 (core4_a28_b10_c28.v:71)        |
| T17   | IFO  | Unsigned | 15    | T5 << 1                                  |
| O1    | PO   | Unsigned | 15    | I4 + T17 (core4_a28_b10_c28.v:74)        |
==============================================================================

Datapath Report for DP_OP_53J3_123_9506
==============================================================================
| Cell                 | Contained Operations                                |
==============================================================================
| DP_OP_53J3_123_9506  | add_59 (core4_a28_b10_c28.v:59)                     |
|                      | add_58 (core4_a28_b10_c28.v:58)                     |
|                      | add_75 (core4_a28_b10_c28.v:75)                     |
|                      | sub_76 (core4_a28_b10_c28.v:76)                     |
==============================================================================

==============================================================================
|       |      | Data     |       |                                          |
| Var   | Type | Class    | Width | Expression                               |
==============================================================================
| I1    | PI   | Unsigned | 10    |                                          |
| I2    | PI   | Unsigned | 10    |                                          |
| I3    | PI   | Unsigned | 10    |                                          |
| I4    | PI   | Unsigned | 10    |                                          |
| T45   | IFO  | Unsigned | 11    | I1 + I2 ( core4_a28_b10_c28.v:58 core4_a28_b10_c28.v:59 core4_a28_b10_c28.v:75 core4_a28_b10_c28.v:76 ) |
| T51   | IFO  | Unsigned | 11    | I3 + I4 ( core4_a28_b10_c28.v:58 core4_a28_b10_c28.v:59 core4_a28_b10_c28.v:75 core4_a28_b10_c28.v:76 ) |
| O1    | PO   | Unsigned | 12    | T45 + T51 ( core4_a28_b10_c28.v:58 core4_a28_b10_c28.v:59 core4_a28_b10_c28.v:75 ) |
| O2    | PO   | Signed   | 12    | T45 - T51 ( core4_a28_b10_c28.v:58 core4_a28_b10_c28.v:59 core4_a28_b10_c28.v:76 ) |
==============================================================================

Datapath Report for DP_OP_54J3_124_4915
==============================================================================
| Cell                 | Contained Operations                                |
==============================================================================
| DP_OP_54J3_124_4915  | add_62 (core4_a28_b10_c28.v:62)                     |
|                      | add_65 (core4_a28_b10_c28.v:65)                     |
|                      | add_84 (core4_a28_b10_c28.v:84)                     |
|                      | sub_85 (core4_a28_b10_c28.v:85)                     |
==============================================================================

==============================================================================
|       |      | Data     |       |                                          |
| Var   | Type | Class    | Width | Expression                               |
==============================================================================
| I1    | PI   | Unsigned | 12    |                                          |
| I2    | PI   | Unsigned | 10    |                                          |
| I3    | PI   | Unsigned | 10    |                                          |
| I4    | PI   | Unsigned | 12    |                                          |
| T2    | IFO  | Unsigned | 13    | I1 + I2 (core4_a28_b10_c28.v:62)         |
| T18   | IFO  | Unsigned | 14    | T2 << 1                                  |
| T39   | IFO  | Unsigned | 13    | I3 + I4 ( core4_a28_b10_c28.v:65 core4_a28_b10_c28.v:84 core4_a28_b10_c28.v:85 ) |
| O1    | PO   | Unsigned | 15    | T18 + T39 ( core4_a28_b10_c28.v:65 core4_a28_b10_c28.v:84 ) |
| O2    | PO   | Signed   | 15    | T18 - T39 ( core4_a28_b10_c28.v:65 core4_a28_b10_c28.v:85 ) |
==============================================================================


Implementation Report
===============================================================================
|                    |                  | Current            | Set            |
| Cell               | Module           | Implementation     | Implementation |
===============================================================================
| DP_OP_52J3_122_4539                   |                    |                |
|                    | DP_OP_52J3_122_4539 | str (area)      |                |
| DP_OP_53J3_123_9506                   |                    |                |
|                    | DP_OP_53J3_123_9506 | str (area)      |                |
| DP_OP_54J3_124_4915                   |                    |                |
|                    | DP_OP_54J3_124_4915 | str (area)      |                |
===============================================================================

 
****************************************
Design : Eval
****************************************

Resource Report for this hierarchy in file
        /export4/Home/iac01/shiliubowen/Work/BackFlow28/2RtlCode/core4/core4_a28_b10_c28/core4_a28_b10_c28.v
=============================================================================
| Cell           | Module         | Parameters | Contained Operations       |
=============================================================================
| DP_OP_52J2_123_5748             |            |                            |
|                | DP_OP_52J2_123_5748 |       |                            |
| DP_OP_53J2_124_6834             |            |                            |
|                | DP_OP_53J2_124_6834 |       |                            |
| DP_OP_54J2_125_4743             |            |                            |
|                | DP_OP_54J2_125_4743 |       |                            |
=============================================================================

Datapath Report for DP_OP_52J2_123_5748
==============================================================================
| Cell                 | Contained Operations                                |
==============================================================================
| DP_OP_52J2_123_5748  | add_24 (core4_a28_b10_c28.v:24)                     |
|                      | add_27 (core4_a28_b10_c28.v:27)                     |
|                      | add_30 (core4_a28_b10_c28.v:30)                     |
==============================================================================

==============================================================================
|       |      | Data     |       |                                          |
| Var   | Type | Class    | Width | Expression                               |
==============================================================================
| I1    | PI   | Unsigned | 28    |                                          |
| I2    | PI   | Unsigned | 29    |                                          |
| I3    | PI   | Unsigned | 28    |                                          |
| I4    | PI   | Unsigned | 28    |                                          |
| T4    | IFO  | Unsigned | 29    | I1 + I2 (core4_a28_b10_c28.v:24)         |
| T16   | IFO  | Unsigned | 30    | T4 << 1                                  |
| T5    | IFO  | Unsigned | 30    | I3 + T16 (core4_a28_b10_c28.v:27)        |
| T17   | IFO  | Unsigned | 31    | T5 << 1                                  |
| O1    | PO   | Unsigned | 31    | I4 + T17 (core4_a28_b10_c28.v:30)        |
==============================================================================

Datapath Report for DP_OP_53J2_124_6834
==============================================================================
| Cell                 | Contained Operations                                |
==============================================================================
| DP_OP_53J2_124_6834  | add_15 (core4_a28_b10_c28.v:15)                     |
|                      | add_14 (core4_a28_b10_c28.v:14)                     |
|                      | add_31 (core4_a28_b10_c28.v:31)                     |
|                      | sub_32 (core4_a28_b10_c28.v:32)                     |
==============================================================================

==============================================================================
|       |      | Data     |       |                                          |
| Var   | Type | Class    | Width | Expression                               |
==============================================================================
| I1    | PI   | Unsigned | 28    |                                          |
| I2    | PI   | Unsigned | 28    |                                          |
| I3    | PI   | Unsigned | 28    |                                          |
| I4    | PI   | Unsigned | 28    |                                          |
| T45   | IFO  | Unsigned | 29    | I1 + I2 ( core4_a28_b10_c28.v:14 core4_a28_b10_c28.v:15 core4_a28_b10_c28.v:31 core4_a28_b10_c28.v:32 ) |
| T51   | IFO  | Unsigned | 29    | I3 + I4 ( core4_a28_b10_c28.v:14 core4_a28_b10_c28.v:15 core4_a28_b10_c28.v:31 core4_a28_b10_c28.v:32 ) |
| O1    | PO   | Unsigned | 30    | T45 + T51 ( core4_a28_b10_c28.v:14 core4_a28_b10_c28.v:15 core4_a28_b10_c28.v:31 ) |
| O2    | PO   | Signed   | 30    | T45 - T51 ( core4_a28_b10_c28.v:14 core4_a28_b10_c28.v:15 core4_a28_b10_c28.v:32 ) |
==============================================================================

Datapath Report for DP_OP_54J2_125_4743
==============================================================================
| Cell                 | Contained Operations                                |
==============================================================================
| DP_OP_54J2_125_4743  | add_18 (core4_a28_b10_c28.v:18)                     |
|                      | add_21 (core4_a28_b10_c28.v:21)                     |
|                      | add_35 (core4_a28_b10_c28.v:35)                     |
|                      | sub_36 (core4_a28_b10_c28.v:36)                     |
==============================================================================

==============================================================================
|       |      | Data     |       |                                          |
| Var   | Type | Class    | Width | Expression                               |
==============================================================================
| I1    | PI   | Unsigned | 30    |                                          |
| I2    | PI   | Unsigned | 28    |                                          |
| I3    | PI   | Unsigned | 28    |                                          |
| I4    | PI   | Unsigned | 30    |                                          |
| T2    | IFO  | Unsigned | 30    | I1 + I2 (core4_a28_b10_c28.v:18)         |
| T18   | IFO  | Unsigned | 31    | T2 << 1                                  |
| T39   | IFO  | Unsigned | 31    | I3 + I4 ( core4_a28_b10_c28.v:21 core4_a28_b10_c28.v:35 core4_a28_b10_c28.v:36 ) |
| O1    | PO   | Unsigned | 31    | T18 + T39 ( core4_a28_b10_c28.v:21 core4_a28_b10_c28.v:35 ) |
| O2    | PO   | Signed   | 31    | T18 - T39 ( core4_a28_b10_c28.v:21 core4_a28_b10_c28.v:36 ) |
==============================================================================


Implementation Report
===============================================================================
|                    |                  | Current            | Set            |
| Cell               | Module           | Implementation     | Implementation |
===============================================================================
| DP_OP_52J2_123_5748                   |                    |                |
|                    | DP_OP_52J2_123_5748 | str (area)      |                |
| DP_OP_53J2_124_6834                   |                    |                |
|                    | DP_OP_53J2_124_6834 | str (area)      |                |
| DP_OP_54J2_125_4743                   |                    |                |
|                    | DP_OP_54J2_125_4743 | str (area)      |                |
===============================================================================

1
