 
****************************************
Report : timing
        -path full
        -delay max
        -nets
        -max_paths 1
        -transition_time
Design : core4_a32_b8_c32
Version: O-2018.06-SP5
Date   : Tue May 12 07:49:24 2026
****************************************

Operating Conditions: ssg0p81vm40c   Library: tcbn28hpcplusbwp40p140hvtssg0p81vm40c_ccs
Wire Load Model Mode: segmented

  Startpoint: io_b_0[0] (input port clocked by clk)
  Endpoint: s_w_3_reg_34_
            (rising edge-triggered flip-flop clocked by clk)
  Path Group: clk
  Path Type: max

  Des/Clust/Port     Wire Load Model       Library
  ------------------------------------------------
  core4_a32_b8_c32   ZeroWireload          tcbn28hpcplusbwp40p140hvtssg0p81vm40c_ccs
  core4_a32_b8_c32_DW_mult_uns_J2_0 ZeroWireload tcbn28hpcplusbwp40p140hvtssg0p81vm40c_ccs
  Eval_1_DP_OP_52J3_123_8122_J3_0 ZeroWireload tcbn28hpcplusbwp40p140hvtssg0p81vm40c_ccs
  Eval_1_DP_OP_53J3_124_1615_J3_0 ZeroWireload tcbn28hpcplusbwp40p140hvtssg0p81vm40c_ccs
  Eval_1_DP_OP_54J3_125_8645_J3_0 ZeroWireload tcbn28hpcplusbwp40p140hvtssg0p81vm40c_ccs
  core4_a32_b8_c32_DW_mult_tc_J2_2 ZeroWireload tcbn28hpcplusbwp40p140hvtssg0p81vm40c_ccs

Attributes:
    d - dont_touch
    u - dont_use
   mo - map_only
   so - size_only
    i - ideal_net or ideal_network
  inf - infeasible path

  Point                                       Fanout     Trans      Incr       Path      Attributes
  ---------------------------------------------------------------------------------------------------------
  clock clk (rise edge)                                             0.00       0.00
  clock network delay (ideal)                                       0.00       0.00
  input external delay                                              0.50       0.50 r
  io_b_0[0] (in)                                          0.00      0.00       0.50 r
  io_b_0[0] (net)                               1                   0.00       0.50 r
  evalB/io_in_0[0] (Eval_1)                                         0.00       0.50 r
  evalB/io_in_0[0] (net)                                            0.00       0.50 r
  evalB/U11/ZN (CKND0BWP40P140)                           0.01      0.01       0.51 f
  evalB/n2 (net)                                1                   0.00       0.51 f
  evalB/U4/ZN (CKND0BWP40P140)                            0.09      0.05       0.56 r
  evalB/io_out_6[0] (net)                       8                   0.00       0.56 r
  evalB/DP_OP_53J3_124_1615/I2[0] (Eval_1_DP_OP_53J3_124_1615_J3_0)     0.00     0.56 r
  evalB/DP_OP_53J3_124_1615/I2[0] (net)                             0.00       0.56 r
  evalB/DP_OP_53J3_124_1615/U50/S (HA1D0BWP40P140)        0.04      0.09       0.65 f
  evalB/DP_OP_53J3_124_1615/n146 (net)          3                   0.00       0.65 f
  evalB/DP_OP_53J3_124_1615/U82/ZN (IND2D0BWP40P140HVT)     0.07     0.08      0.74 f
  evalB/DP_OP_53J3_124_1615/n172 (net)          1                   0.00       0.74 f
  evalB/DP_OP_53J3_124_1615/U92/S (FA1D0BWP40P140)        0.21      0.25       0.99 r
  evalB/DP_OP_53J3_124_1615/O2[1] (net)        37                   0.00       0.99 r
  evalB/DP_OP_53J3_124_1615/O2[1] (Eval_1_DP_OP_53J3_124_1615_J3_0)     0.00     0.99 r
  evalB/io_out_3[1] (net)                                           0.00       0.99 r
  evalB/io_out_3[1] (Eval_1)                                        0.00       0.99 r
  evalB_io_out_3[1] (net)                                           0.00       0.99 r
  mult_x_4/b[1] (core4_a32_b8_c32_DW_mult_tc_J2_2)                  0.00       0.99 r
  mult_x_4/b[1] (net)                                               0.00       0.99 r
  mult_x_4/U773/ZN (CKND0BWP40P140)                       0.39      0.31       1.30 f
  mult_x_4/n1253 (net)                         69                   0.00       1.30 f
  mult_x_4/U840/ZN (AOI22D0BWP40P140)                     0.10      0.21       1.50 r
  mult_x_4/n1617 (net)                          4                   0.00       1.50 r
  mult_x_4/U841/ZN (CKND0BWP40P140)                       0.20      0.16       1.66 f
  mult_x_4/n1597 (net)                         33                   0.00       1.66 f
  mult_x_4/U772/ZN (AOI221D0BWP40P140)                    0.42      0.35       2.01 r
  mult_x_4/n1621 (net)                         32                   0.00       2.01 r
  mult_x_4/U770/Z (AO22D0BWP40P140)                       0.04      0.14       2.15 r
  mult_x_4/n1482 (net)                          1                   0.00       2.15 r
  mult_x_4/U1274/S (HA1D0BWP40P140)                       0.03      0.05       2.20 r
  mult_x_4/n1576 (net)                          1                   0.00       2.20 r
  mult_x_4/U1310/CO (FA1D0BWP40P140)                      0.03      0.07       2.27 r
  mult_x_4/n1572 (net)                          1                   0.00       2.27 r
  mult_x_4/U1309/CO (FA1D0BWP40P140)                      0.03      0.07       2.34 r
  mult_x_4/n1569 (net)                          1                   0.00       2.34 r
  mult_x_4/U1308/CO (FA1D0BWP40P140)                      0.03      0.07       2.42 r
  mult_x_4/n1566 (net)                          1                   0.00       2.42 r
  mult_x_4/U1307/CO (FA1D0BWP40P140)                      0.03      0.07       2.49 r
  mult_x_4/n1563 (net)                          1                   0.00       2.49 r
  mult_x_4/U1306/CO (FA1D0BWP40P140)                      0.03      0.07       2.57 r
  mult_x_4/n1560 (net)                          1                   0.00       2.57 r
  mult_x_4/U1305/CO (FA1D0BWP40P140)                      0.03      0.07       2.64 r
  mult_x_4/n1557 (net)                          1                   0.00       2.64 r
  mult_x_4/U1304/CO (FA1D0BWP40P140)                      0.03      0.07       2.71 r
  mult_x_4/n1554 (net)                          1                   0.00       2.71 r
  mult_x_4/U1303/CO (FA1D0BWP40P140)                      0.03      0.07       2.79 r
  mult_x_4/n1551 (net)                          1                   0.00       2.79 r
  mult_x_4/U1302/CO (FA1D0BWP40P140)                      0.03      0.07       2.86 r
  mult_x_4/n1548 (net)                          1                   0.00       2.86 r
  mult_x_4/U1301/CO (FA1D0BWP40P140)                      0.03      0.07       2.94 r
  mult_x_4/n1545 (net)                          1                   0.00       2.94 r
  mult_x_4/U1300/CO (FA1D0BWP40P140)                      0.03      0.07       3.01 r
  mult_x_4/n1542 (net)                          1                   0.00       3.01 r
  mult_x_4/U1299/CO (FA1D0BWP40P140)                      0.03      0.07       3.08 r
  mult_x_4/n1539 (net)                          1                   0.00       3.08 r
  mult_x_4/U1298/CO (FA1D0BWP40P140)                      0.03      0.07       3.16 r
  mult_x_4/n1536 (net)                          1                   0.00       3.16 r
  mult_x_4/U1297/CO (FA1D0BWP40P140)                      0.03      0.07       3.23 r
  mult_x_4/n1533 (net)                          1                   0.00       3.23 r
  mult_x_4/U1296/CO (FA1D0BWP40P140)                      0.03      0.07       3.31 r
  mult_x_4/n1530 (net)                          1                   0.00       3.31 r
  mult_x_4/U1295/CO (FA1D0BWP40P140)                      0.03      0.07       3.38 r
  mult_x_4/n1527 (net)                          1                   0.00       3.38 r
  mult_x_4/U1294/CO (FA1D0BWP40P140)                      0.03      0.07       3.45 r
  mult_x_4/n1524 (net)                          1                   0.00       3.45 r
  mult_x_4/U1293/CO (FA1D0BWP40P140)                      0.03      0.07       3.53 r
  mult_x_4/n1521 (net)                          1                   0.00       3.53 r
  mult_x_4/U1292/CO (FA1D0BWP40P140)                      0.03      0.07       3.60 r
  mult_x_4/n1518 (net)                          1                   0.00       3.60 r
  mult_x_4/U1291/CO (FA1D0BWP40P140)                      0.03      0.07       3.68 r
  mult_x_4/n1515 (net)                          1                   0.00       3.68 r
  mult_x_4/U1290/CO (FA1D0BWP40P140)                      0.03      0.07       3.75 r
  mult_x_4/n1512 (net)                          1                   0.00       3.75 r
  mult_x_4/U1289/CO (FA1D0BWP40P140)                      0.03      0.07       3.82 r
  mult_x_4/n1509 (net)                          1                   0.00       3.82 r
  mult_x_4/U1288/CO (FA1D0BWP40P140)                      0.03      0.07       3.90 r
  mult_x_4/n1506 (net)                          1                   0.00       3.90 r
  mult_x_4/U1287/CO (FA1D0BWP40P140)                      0.03      0.07       3.97 r
  mult_x_4/n1503 (net)                          1                   0.00       3.97 r
  mult_x_4/U1286/CO (FA1D0BWP40P140)                      0.03      0.07       4.05 r
  mult_x_4/n1500 (net)                          1                   0.00       4.05 r
  mult_x_4/U1285/CO (FA1D0BWP40P140)                      0.03      0.07       4.12 r
  mult_x_4/n1497 (net)                          1                   0.00       4.12 r
  mult_x_4/U1284/CO (FA1D0BWP40P140)                      0.03      0.07       4.19 r
  mult_x_4/n1494 (net)                          1                   0.00       4.19 r
  mult_x_4/U1283/CO (FA1D0BWP40P140)                      0.03      0.07       4.27 r
  mult_x_4/n1491 (net)                          1                   0.00       4.27 r
  mult_x_4/U1282/CO (FA1D0BWP40P140)                      0.03      0.07       4.34 r
  mult_x_4/n1608 (net)                          1                   0.00       4.34 r
  mult_x_4/U1328/CO (FA1D0BWP40P140)                      0.03      0.07       4.42 r
  mult_x_4/n1637 (net)                          1                   0.00       4.42 r
  mult_x_4/U1338/CO (FA1D0BWP40P140)                      0.02      0.07       4.48 r
  mult_x_4/n1640 (net)                          1                   0.00       4.48 r
  mult_x_4/U780/ZN (XNR2UD0BWP40P140)                     0.04      0.05       4.53 r
  mult_x_4/n1642 (net)                          1                   0.00       4.53 r
  mult_x_4/U779/ZN (XNR2UD0BWP40P140)                     0.06      0.06       4.59 r
  mult_x_4/n1648 (net)                          1                   0.00       4.59 r
  mult_x_4/U747/ZN (XNR2UD0BWP40P140)                     0.06      0.05       4.64 r
  mult_x_4/n1664 (net)                          1                   0.00       4.64 r
  mult_x_4/U775/ZN (XNR2UD0BWP40P140)                     0.06      0.05       4.69 r
  mult_x_4/n1667 (net)                          1                   0.00       4.69 r
  mult_x_4/U746/ZN (XNR2UD0BWP40P140)                     0.06      0.04       4.73 r
  mult_x_4/n1668 (net)                          1                   0.00       4.73 r
  mult_x_4/U745/Z (XOR2UD0BWP40P140)                      0.05      0.06       4.79 r
  mult_x_4/product[34] (net)                    1                   0.00       4.79 r
  mult_x_4/product[34] (core4_a32_b8_c32_DW_mult_tc_J2_2)           0.00       4.79 r
  n_w_3_T_1[34] (net)                                               0.00       4.79 r
  s_w_3_reg_34_/D (DFKCNQD1BWP40P140)                     0.05      0.00       4.79 r
  data arrival time                                                            4.79

  clock clk (rise edge)                                             5.00       5.00
  clock network delay (ideal)                                       0.00       5.00
  s_w_3_reg_34_/CP (DFKCNQD1BWP40P140)                              0.00       5.00 r
  library setup time                                               -0.05       4.95
  data required time                                                           4.95
  ---------------------------------------------------------------------------------------------------------
  data required time                                                           4.95
  data arrival time                                                           -4.79
  ---------------------------------------------------------------------------------------------------------
  slack (MET)                                                                  0.16


1
