 
****************************************
Report : timing
        -path full
        -delay max
        -nets
        -max_paths 1
        -transition_time
Design : core16_a32_b8_c32
Version: O-2018.06-SP5
Date   : Tue May 12 16:46:33 2026
****************************************

 # A fanout number of 1000 was used for high fanout net computations.

Operating Conditions: ssg0p81vm40c   Library: tcbn28hpcplusbwp40p140hvtssg0p81vm40c_ccs
Wire Load Model Mode: segmented

  Startpoint: io_b_12[2] (input port clocked by clk)
  Endpoint: core4_6/s_w_5_reg_37_
            (rising edge-triggered flip-flop clocked by clk)
  Path Group: clk
  Path Type: max

  Des/Clust/Port     Wire Load Model       Library
  ------------------------------------------------
  core16_a32_b8_c32  ZeroWireload          tcbn28hpcplusbwp40p140hvtssg0p81vm40c_ccs
  Eval_1_0_DP_OP_52J11_122_102_J11_0_0 ZeroWireload tcbn28hpcplusbwp40p140hvtssg0p81vm40c_ccs
  Eval_1_0_DP_OP_53J11_123_6763_J11_0_0 ZeroWireload tcbn28hpcplusbwp40p140hvtssg0p81vm40c_ccs
  Eval_1_0_DP_OP_54J11_124_2528_J11_0_0 ZeroWireload tcbn28hpcplusbwp40p140hvtssg0p81vm40c_ccs
  Eval_9_0_DP_OP_54J5_122_9944_J5_0 ZeroWireload tcbn28hpcplusbwp40p140hvtssg0p81vm40c_ccs
  Eval_9_0_DP_OP_55J5_123_3770_J5_0 ZeroWireload tcbn28hpcplusbwp40p140hvtssg0p81vm40c_ccs
  Eval_9_0_DP_OP_56J5_124_1088_J5_0 ZeroWireload tcbn28hpcplusbwp40p140hvtssg0p81vm40c_ccs
  core4_0_DW_mult_tc_J5_0 ZeroWireload     tcbn28hpcplusbwp40p140hvtssg0p81vm40c_ccs

Attributes:
    d - dont_touch
    u - dont_use
   mo - map_only
   so - size_only
    i - ideal_net or ideal_network
  inf - infeasible path

  Point                                       Fanout     Trans      Incr       Path      Attributes
  ---------------------------------------------------------------------------------------------------------
  clock clk (rise edge)                                             0.00       0.00
  clock network delay (ideal)                                       0.00       0.00
  input external delay                                              0.50       0.50 f
  io_b_12[2] (in)                                         0.00      0.00       0.50 f
  io_b_12[2] (net)                              1                   0.00       0.50 f
  evalB_3/io_in_0[2] (Eval_1_0)                                     0.00       0.50 f
  evalB_3/io_in_0[2] (net)                                          0.00       0.50 f
  evalB_3/U34/ZN (CKND0BWP40P140)                         0.01      0.01       0.51 r
  evalB_3/n3 (net)                              1                   0.00       0.51 r
  evalB_3/U28/ZN (INVD1BWP40P140LVT)                      0.06      0.04       0.55 f
  evalB_3/io_out_6[2] (net)                     7                   0.00       0.55 f
  evalB_3/io_out_6[2] (Eval_1_0)                                    0.00       0.55 f
  evalB_3_io_out_6[2] (net)                                         0.00       0.55 f
  core4_6/io_b_3[2] (core4_0)                                       0.00       0.55 f
  core4_6/io_b_3[2] (net)                                           0.00       0.55 f
  core4_6/evalB/io_in_3[2] (Eval_9_0)                               0.00       0.55 f
  core4_6/evalB/io_in_3[2] (net)                                    0.00       0.55 f
  core4_6/evalB/DP_OP_56J5_124_1088/I3[2] (Eval_9_0_DP_OP_56J5_124_1088_J5_0)     0.00     0.55 f
  core4_6/evalB/DP_OP_56J5_124_1088/I3[2] (net)                     0.00       0.55 f
  core4_6/evalB/DP_OP_56J5_124_1088/U102/CO (HA1D0BWP40P140)     0.02     0.05     0.60 f
  core4_6/evalB/DP_OP_56J5_124_1088/n156 (net)     1                0.00       0.60 f
  core4_6/evalB/DP_OP_56J5_124_1088/U79/CO (FA1D0BWP40P140)     0.03     0.07     0.67 f
  core4_6/evalB/DP_OP_56J5_124_1088/n155 (net)     1                0.00       0.67 f
  core4_6/evalB/DP_OP_56J5_124_1088/U82/CO (FA1D0BWP40P140)     0.03     0.07     0.74 f
  core4_6/evalB/DP_OP_56J5_124_1088/n153 (net)     1                0.00       0.74 f
  core4_6/evalB/DP_OP_56J5_124_1088/U97/S (FA1D0BWP40P140)     0.04     0.12     0.87 r
  core4_6/evalB/DP_OP_56J5_124_1088/n166 (net)     2                0.00       0.87 r
  core4_6/evalB/DP_OP_56J5_124_1088/U113/ZN (CKND0BWP40P140)     0.03     0.03     0.90 f
  core4_6/evalB/DP_OP_56J5_124_1088/n160 (net)     1                0.00       0.90 f
  core4_6/evalB/DP_OP_56J5_124_1088/U100/CO (FA1D0BWP40P140)     0.03     0.07     0.97 f
  core4_6/evalB/DP_OP_56J5_124_1088/n195 (net)     1                0.00       0.97 f
  core4_6/evalB/DP_OP_56J5_124_1088/U86/CO (FA1D0BWP40P140)     0.03     0.07     1.05 f
  core4_6/evalB/DP_OP_56J5_124_1088/n192 (net)     1                0.00       1.05 f
  core4_6/evalB/DP_OP_56J5_124_1088/U87/CO (FA1D0BWP40P140)     0.03     0.07     1.12 f
  core4_6/evalB/DP_OP_56J5_124_1088/n163 (net)     1                0.00       1.12 f
  core4_6/evalB/DP_OP_56J5_124_1088/U90/S (FA1D0BWP40P140)     0.20     0.22     1.34 r
  core4_6/evalB/DP_OP_56J5_124_1088/O2[8] (net)    35               0.00       1.34 r
  core4_6/evalB/DP_OP_56J5_124_1088/O2[8] (Eval_9_0_DP_OP_56J5_124_1088_J5_0)     0.00     1.34 r
  core4_6/evalB/io_out_5[8] (net)                                   0.00       1.34 r
  core4_6/evalB/io_out_5[8] (Eval_9_0)                              0.00       1.34 r
  core4_6/evalB_io_out_5[8] (net)                                   0.00       1.34 r
  core4_6/mult_x_6/b[8] (core4_0_DW_mult_tc_J5_0)                   0.00       1.34 r
  core4_6/mult_x_6/b[8] (net)                                       0.00       1.34 r
  core4_6/mult_x_6/U1042/ZN (INVD0P7BWP40P140)            0.16      0.17       1.50 f
  core4_6/mult_x_6/n2163 (net)                 35                   0.00       1.50 f
  core4_6/mult_x_6/U1018/ZN (MAOI22D1BWP40P140)           0.04      0.08       1.59 f
  core4_6/mult_x_6/n1502 (net)                  3                   0.00       1.59 f
  core4_6/mult_x_6/U1017/ZN (INR3D0BWP40P140)             0.49      0.31       1.90 r
  core4_6/mult_x_6/n2188 (net)                 30                   0.00       1.90 r
  core4_6/mult_x_6/U1548/ZN (AOI221D0BWP40P140)           0.14      0.11       2.01 f
  core4_6/mult_x_6/n1636 (net)                  1                   0.00       2.01 f
  core4_6/mult_x_6/U1549/ZN (MUX2ND0BWP40P140)            0.06      0.09       2.10 f
  core4_6/mult_x_6/n1779 (net)                  1                   0.00       2.10 f
  core4_6/mult_x_6/U1085/CO (HA1D0BWP40P140)              0.02      0.05       2.15 f
  core4_6/mult_x_6/n1773 (net)                  1                   0.00       2.15 f
  core4_6/mult_x_6/U1086/S (FA1D0BWP40P140)               0.04      0.12       2.27 r
  core4_6/mult_x_6/n1948 (net)                  1                   0.00       2.27 r
  core4_6/mult_x_6/U1130/CO (FA1D0BWP40P140)              0.03      0.08       2.35 r
  core4_6/mult_x_6/n1940 (net)                  1                   0.00       2.35 r
  core4_6/mult_x_6/U1132/CO (FA1D0BWP40P140)              0.03      0.07       2.42 r
  core4_6/mult_x_6/n1934 (net)                  1                   0.00       2.42 r
  core4_6/mult_x_6/U1134/CO (FA1D0BWP40P140)              0.03      0.07       2.49 r
  core4_6/mult_x_6/n1928 (net)                  1                   0.00       2.49 r
  core4_6/mult_x_6/U1136/CO (FA1D0BWP40P140)              0.03      0.07       2.57 r
  core4_6/mult_x_6/n1922 (net)                  1                   0.00       2.57 r
  core4_6/mult_x_6/U1138/CO (FA1D0BWP40P140)              0.03      0.07       2.64 r
  core4_6/mult_x_6/n1916 (net)                  1                   0.00       2.64 r
  core4_6/mult_x_6/U1140/CO (FA1D0BWP40P140)              0.03      0.07       2.72 r
  core4_6/mult_x_6/n1910 (net)                  1                   0.00       2.72 r
  core4_6/mult_x_6/U1142/CO (FA1D0BWP40P140)              0.03      0.07       2.79 r
  core4_6/mult_x_6/n1904 (net)                  1                   0.00       2.79 r
  core4_6/mult_x_6/U1144/CO (FA1D0BWP40P140)              0.03      0.07       2.86 r
  core4_6/mult_x_6/n1898 (net)                  1                   0.00       2.86 r
  core4_6/mult_x_6/U1146/CO (FA1D0BWP40P140)              0.03      0.07       2.94 r
  core4_6/mult_x_6/n1892 (net)                  1                   0.00       2.94 r
  core4_6/mult_x_6/U1148/CO (FA1D0BWP40P140)              0.03      0.07       3.01 r
  core4_6/mult_x_6/n1886 (net)                  1                   0.00       3.01 r
  core4_6/mult_x_6/U1150/CO (FA1D0BWP40P140)              0.03      0.07       3.09 r
  core4_6/mult_x_6/n1880 (net)                  1                   0.00       3.09 r
  core4_6/mult_x_6/U1117/CO (FA1D0BWP40P140)              0.03      0.07       3.16 r
  core4_6/mult_x_6/n1874 (net)                  1                   0.00       3.16 r
  core4_6/mult_x_6/U1152/CO (FA1D0BWP40P140)              0.03      0.07       3.23 r
  core4_6/mult_x_6/n1868 (net)                  1                   0.00       3.23 r
  core4_6/mult_x_6/U1154/CO (FA1D0BWP40P140)              0.03      0.07       3.31 r
  core4_6/mult_x_6/n1862 (net)                  1                   0.00       3.31 r
  core4_6/mult_x_6/U1156/CO (FA1D0BWP40P140)              0.03      0.07       3.38 r
  core4_6/mult_x_6/n1856 (net)                  1                   0.00       3.38 r
  core4_6/mult_x_6/U1027/CO (FA1D0BWP40P140)              0.03      0.07       3.46 r
  core4_6/mult_x_6/n1850 (net)                  1                   0.00       3.46 r
  core4_6/mult_x_6/U1159/CO (FA1D0BWP40P140)              0.03      0.07       3.53 r
  core4_6/mult_x_6/n1844 (net)                  1                   0.00       3.53 r
  core4_6/mult_x_6/U1161/CO (FA1D0BWP40P140)              0.03      0.07       3.60 r
  core4_6/mult_x_6/n1839 (net)                  1                   0.00       3.60 r
  core4_6/mult_x_6/U1163/CO (FA1D0BWP40P140)              0.03      0.07       3.68 r
  core4_6/mult_x_6/n1834 (net)                  1                   0.00       3.68 r
  core4_6/mult_x_6/U1165/CO (FA1D0BWP40P140)              0.03      0.07       3.75 r
  core4_6/mult_x_6/n1828 (net)                  1                   0.00       3.75 r
  core4_6/mult_x_6/U1167/CO (FA1D0BWP40P140)              0.03      0.07       3.83 r
  core4_6/mult_x_6/n1823 (net)                  1                   0.00       3.83 r
  core4_6/mult_x_6/U1169/CO (FA1D0BWP40P140)              0.03      0.07       3.90 r
  core4_6/mult_x_6/n1818 (net)                  1                   0.00       3.90 r
  core4_6/mult_x_6/U1171/CO (FA1D0BWP40P140)              0.03      0.07       3.97 r
  core4_6/mult_x_6/n1812 (net)                  1                   0.00       3.97 r
  core4_6/mult_x_6/U1173/CO (FA1D0BWP40P140)              0.03      0.07       4.05 r
  core4_6/mult_x_6/n1806 (net)                  1                   0.00       4.05 r
  core4_6/mult_x_6/U1175/CO (FA1D0BWP40P140)              0.03      0.07       4.12 r
  core4_6/mult_x_6/n1800 (net)                  1                   0.00       4.12 r
  core4_6/mult_x_6/U1022/CO (FA1D0BWP40P140)              0.03      0.07       4.20 r
  core4_6/mult_x_6/n2113 (net)                  1                   0.00       4.20 r
  core4_6/mult_x_6/U1119/CO (FA1D0BWP40P140)              0.03      0.07       4.27 r
  core4_6/mult_x_6/n2142 (net)                  1                   0.00       4.27 r
  core4_6/mult_x_6/U1178/S (FA1D0BWP40P140)               0.03      0.11       4.39 f
  core4_6/mult_x_6/n2157 (net)                  1                   0.00       4.39 f
  core4_6/mult_x_6/U1208/CO (FA1D0BWP40P140)              0.03      0.08       4.46 f
  core4_6/mult_x_6/n2158 (net)                  1                   0.00       4.46 f
  core4_6/mult_x_6/U1078/Z (XOR4D0BWP40P140)              0.03      0.10       4.56 r
  core4_6/mult_x_6/n2172 (net)                  1                   0.00       4.56 r
  core4_6/mult_x_6/U1114/Z (XOR4D0BWP40P140)              0.03      0.12       4.68 r
  core4_6/mult_x_6/n2174 (net)                  1                   0.00       4.68 r
  core4_6/mult_x_6/U1014/ZN (XNR2UD0BWP40P140)            0.06      0.06       4.74 r
  core4_6/mult_x_6/n2183 (net)                  1                   0.00       4.74 r
  core4_6/mult_x_6/U1013/Z (XOR2UD1BWP40P140)             0.05      0.04       4.78 r
  core4_6/mult_x_6/n2187 (net)                  2                   0.00       4.78 r
  core4_6/mult_x_6/U1020/ZN (ND2D0BWP40P140HVT)           0.03      0.04       4.82 f
  core4_6/mult_x_6/n2185 (net)                  1                   0.00       4.82 f
  core4_6/mult_x_6/U1026/ZN (OAI21D0BWP40P140)            0.03      0.03       4.85 r
  core4_6/mult_x_6/n2194 (net)                  1                   0.00       4.85 r
  core4_6/mult_x_6/U1209/Z (XOR4D0BWP40P140)              0.03      0.12       4.97 r
  core4_6/mult_x_6/product[37] (net)            1                   0.00       4.97 r
  core4_6/mult_x_6/product[37] (core4_0_DW_mult_tc_J5_0)            0.00       4.97 r
  core4_6/n_w_5_T_1[37] (net)                                       0.00       4.97 r
  core4_6/s_w_5_reg_37_/D (DFQD1BWP40P140)                0.03      0.00       4.97 r
  data arrival time                                                            4.97

  clock clk (rise edge)                                             5.00       5.00
  clock network delay (ideal)                                       0.00       5.00
  core4_6/s_w_5_reg_37_/CP (DFQD1BWP40P140)                         0.00       5.00 r
  library setup time                                               -0.03       4.97
  data required time                                                           4.97
  ---------------------------------------------------------------------------------------------------------
  data required time                                                           4.97
  data arrival time                                                           -4.97
  ---------------------------------------------------------------------------------------------------------
  slack (MET)                                                                  0.00


1
