 
****************************************
Report : area
Design : core64_a24_b10_c24
Version: O-2018.06-SP5
Date   : Tue May 12 21:18:36 2026
****************************************

Library(s) Used:

    tcbn28hpcplusbwp40p140lvtssg0p81vm40c_ccs (File: /export1/Library/TN28HPC+/STD_CELL_ext/track9_200824/TSMCHOME/digital/Front_End/timing_power_noise/CCS/tcbn28hpcplusbwp40p140lvt_180a/tcbn28hpcplusbwp40p140lvtssg0p81vm40c_ccs.db)
    tcbn28hpcplusbwp40p140ssg0p81vm40c_ccs (File: /export1/Library/TN28HPC+/STD_CELL_ext/track9_200824/TSMCHOME/digital/Front_End/timing_power_noise/CCS/tcbn28hpcplusbwp40p140_180a/tcbn28hpcplusbwp40p140ssg0p81vm40c_ccs.db)
    tcbn28hpcplusbwp40p140hvtssg0p81vm40c_ccs (File: /export1/Library/TN28HPC+/STD_CELL_ext/track9_200824/TSMCHOME/digital/Front_End/timing_power_noise/CCS/tcbn28hpcplusbwp40p140hvt_180a/tcbn28hpcplusbwp40p140hvtssg0p81vm40c_ccs.db)

Number of ports:                       310806
Number of nets:                        912292
Number of cells:                       457830
Number of combinational cells:         419978
Number of sequential cells:             30366
Number of macros/black boxes:               0
Number of buf/inv:                      56096
Number of references:                      45

Combinational area:             531964.683530
Buf/Inv area:                    15261.498113
Noncombinational area:           61215.336984
Macro/Black Box area:                0.000000
Net Interconnect area:      undefined  (Wire load has zero net area)

Total cell area:                593180.020514
Total area:                 undefined

Area of detected synthetic parts
--------------------------------
                                                     Perc. of
  Module                Implem.  Count         Area cell area
  --------------------- -------  ----- ------------ ---------
  DP_OP_106J25_122_5351     str     28   53352.6931      9.0%
  DP_OP_106J26_122_4702     str     21   38236.5656      6.4%
  DP_OP_1681J3_122_2968     str      1   25499.4258      4.3%
  DP_OP_421J11_122_5430     str      4   28837.3066      4.9%
  DP_OP_421J12_122_2675     str      3   20385.0396      3.4%
  DP_OP_52J19_122_6887      str     16    2564.3508      0.4%
  DP_OP_52J27_125_4583      str     16    1132.9918      0.2%
  DP_OP_53J19_123_2684      str     16    3423.1659      0.6%
  DP_OP_53J24_122_4171      str     37    4748.4340      0.8%
  DP_OP_53J26_123_8507      str     41    8006.9172      1.3%
  DP_OP_53J27_126_8511      str     16    1460.7173      0.2%
  DP_OP_54J15_122_4589      str      4     692.4957      0.1%
  DP_OP_54J15_125_2517      str      1      70.9380      0.0%
  DP_OP_54J16_122_8893      str      4     761.5436      0.1%
  DP_OP_54J16_125_7159      str      1      70.3080      0.0%
  DP_OP_54J17_122_872       str      4     761.5436      0.1%
  DP_OP_54J17_125_5930      str      1      70.3080      0.0%
  DP_OP_54J18_122_624       str      2     346.2478      0.1%
  DP_OP_54J18_125_4838      str      1      70.3080      0.0%
  DP_OP_54J19_124_8373      str     16    3537.0698      0.6%
  DP_OP_54J19_125_1419      str      4     282.4920      0.0%
  DP_OP_54J20_122_55        str      1     128.5199      0.0%
  DP_OP_54J20_125_6398      str      4     409.7519      0.1%
  DP_OP_54J21_122_3877      str      1     118.0620      0.0%
  DP_OP_54J21_125_5690      str      4     409.7519      0.1%
  DP_OP_54J22_122_2737      str      2     255.7799      0.0%
  DP_OP_54J22_125_6198      str      2     166.3200      0.0%
  DP_OP_54J23_125_4429      str      4     335.7899      0.1%
  DP_OP_54J24_123_6227      str     37    7009.8801      1.2%
  DP_OP_54J24_125_8018      str      4     281.2319      0.0%
  DP_OP_54J25_126_5391      str      4     759.5276      0.1%
  DP_OP_54J25_129_9656      str      4     423.8639      0.1%
  DP_OP_54J26_124_3738      str     41   11565.9105      1.9%
  DP_OP_54J26_126_7038      str      4     759.5276      0.1%
  DP_OP_54J26_129_879       str      4     423.7378      0.1%
  DP_OP_54J27_122_2387      str      4     641.0876      0.1%
  DP_OP_54J27_127_5286      str     16    1576.7635      0.3%
  DP_OP_54J28_122_594       str      1     194.6699      0.0%
  DP_OP_54J28_125_5291      str      1     117.8100      0.0%
  DP_OP_54J29_122_8676      str      1     160.2719      0.0%
  DP_OP_54J30_122_9222      str      1     160.2719      0.0%
  DP_OP_54J31_122_1030      str      1     160.2719      0.0%
  DP_OP_54J32_122_3351      str      1     160.2719      0.0%
  DP_OP_54J33_122_4711      str      4     641.0877      0.1%
  DP_OP_55J15_123_1041      str      4     933.9114      0.2%
  DP_OP_55J15_126_9555      str      1      94.6260      0.0%
  DP_OP_55J16_123_92        str      4    1035.2153      0.2%
  DP_OP_55J16_126_2992      str      1      94.6260      0.0%
  DP_OP_55J17_123_7403      str      4    1035.2153      0.2%
  DP_OP_55J17_126_7869      str      1      95.8860      0.0%
  DP_OP_55J18_123_8269      str      2     466.9557      0.1%
  DP_OP_55J18_126_3412      str      1      94.6260      0.0%
  DP_OP_55J19_126_8970      str      4     379.3858      0.1%
  DP_OP_55J20_123_9619      str      1     179.0459      0.0%
  DP_OP_55J20_126_5066      str      4     548.6038      0.1%
  DP_OP_55J21_123_3476      str      1     157.4999      0.0%
  DP_OP_55J21_126_3915      str      4     551.6278      0.1%
  DP_OP_55J22_123_5219      str      2     362.8798      0.1%
  DP_OP_55J22_126_3056      str      2     223.0199      0.0%
  DP_OP_55J23_122_4535      str      1     132.9300      0.0%
  DP_OP_55J23_126_7821      str      4     454.6078      0.1%
  DP_OP_55J24_124_3794      str     37    6605.2944      1.1%
  DP_OP_55J24_126_2896      str      4     378.5039      0.1%
  DP_OP_55J25_123_7806      str      1     195.6779      0.0%
  DP_OP_55J25_127_1056      str      4    1045.2953      0.2%
  DP_OP_55J25_130_3545      str      4     561.4558      0.1%
  DP_OP_55J26_125_1305      str     41   11084.0866      1.9%
  DP_OP_55J26_127_8376      str      4    1045.2953      0.2%
  DP_OP_55J26_130_8874      str      4     559.9438      0.1%
  DP_OP_55J27_123_8268      str      4     866.3754      0.1%
  DP_OP_55J28_123_9137      str      1     275.6878      0.0%
  DP_OP_55J28_126_8913      str      1     155.2319      0.0%
  DP_OP_55J29_123_1116      str      1     216.5939      0.0%
  DP_OP_55J30_123_7275      str      1     216.5939      0.0%
  DP_OP_55J31_123_2818      str      1     216.5939      0.0%
  DP_OP_55J32_123_2430      str      1     216.5939      0.0%
  DP_OP_55J33_123_8408      str      4     866.3754      0.1%
  DP_OP_56J15_124_6512      str      4     957.9774      0.2%
  DP_OP_56J15_127_3323      str      1     101.8080      0.0%
  DP_OP_56J16_124_3580      str      4    1055.8793      0.2%
  DP_OP_56J16_127_9902      str      1     100.5480      0.0%
  DP_OP_56J17_124_913       str      4    1055.8793      0.2%
  DP_OP_56J17_127_1637      str      1     100.5480      0.0%
  DP_OP_56J18_124_614       str      2     478.7997      0.1%
  DP_OP_56J18_127_6094      str      1     100.2960      0.0%
  DP_OP_56J19_127_2738      str      4     401.9398      0.1%
  DP_OP_56J20_124_3387      str      1     180.1799      0.0%
  DP_OP_56J20_127_6930      str      4     571.6618      0.1%
  DP_OP_56J21_124_4221      str      1     158.0039      0.0%
  DP_OP_56J21_127_920       str      4     571.6618      0.1%
  DP_OP_56J22_124_977       str      2     361.8718      0.1%
  DP_OP_56J22_127_7490      str      2     235.4939      0.0%
  DP_OP_56J23_123_5178      str      1     188.1179      0.0%
  DP_OP_56J23_127_1219      str      4     471.8698      0.1%
  DP_OP_56J24_127_6631      str      4     402.1919      0.1%
  DP_OP_56J25_124_3700      str      1     276.3178      0.0%
  DP_OP_56J25_128_3738      str      4    1041.7673      0.2%
  DP_OP_56J25_131_863       str      4     555.4078      0.1%
  DP_OP_56J26_128_6512      str      4    1041.7673      0.2%
  DP_OP_56J26_131_5139      str      4     559.0618      0.1%
  DP_OP_56J27_124_2036      str      4     890.0635      0.2%
  DP_OP_56J28_124_1306      str      1     270.3958      0.0%
  DP_OP_56J28_127_9781      str      1     160.1459      0.0%
  DP_OP_56J29_124_7890      str      1     222.5159      0.0%
  DP_OP_56J30_124_8278      str      1     222.5159      0.0%
  DP_OP_56J31_124_2768      str      1     222.5159      0.0%
  DP_OP_56J32_124_6576      str      1     222.5159      0.0%
  DP_OP_56J33_124_9411      str      4     890.0635      0.2%
  DP_OP_57J23_124_7933      str      1     181.0619      0.0%
  DP_OP_57J25_125_9859      str      1     269.2618      0.0%
  DW_mult_tc            apparch    274  214687.5873     36.2%
  DW_mult_uns           apparch     69   46684.0498      7.9%
  --------------------- -------  ----- ------------ ---------
  DP_OP Subtotal:                  615  267037.3906     45.0%
  Total:                           958  528409.0277     89.1%

Subtotal of datapath(DP_OP) cell area:  267037.3906  45.0%  
Total synthetic cell area:              528409.0277  89.1%  

1
