 
****************************************
Report : timing
        -path full
        -delay max
        -nets
        -max_paths 1
        -transition_time
Design : core4_a24_b14_c24
Version: O-2018.06-SP5
Date   : Tue May 12 05:01:30 2026
****************************************

Operating Conditions: ssg0p81vm40c   Library: tcbn28hpcplusbwp40p140hvtssg0p81vm40c_ccs
Wire Load Model Mode: segmented

  Startpoint: io_b_0[2] (input port clocked by clk)
  Endpoint: s_w_2_reg_26_
            (rising edge-triggered flip-flop clocked by clk)
  Path Group: clk
  Path Type: max

  Des/Clust/Port     Wire Load Model       Library
  ------------------------------------------------
  core4_a24_b14_c24  ZeroWireload          tcbn28hpcplusbwp40p140hvtssg0p81vm40c_ccs
  core4_a24_b14_c24_DW_mult_uns_J2_0 ZeroWireload tcbn28hpcplusbwp40p140hvtssg0p81vm40c_ccs
  Eval_1_DP_OP_52J2_126_4543_J2_0 ZeroWireload tcbn28hpcplusbwp40p140hvtssg0p81vm40c_ccs
  Eval_1_DP_OP_53J2_127_5215_J2_0 ZeroWireload tcbn28hpcplusbwp40p140hvtssg0p81vm40c_ccs
  Eval_1_DP_OP_54J2_128_1990_J2_0 ZeroWireload tcbn28hpcplusbwp40p140hvtssg0p81vm40c_ccs
  core4_a24_b14_c24_DW_mult_uns_J2_1 ZeroWireload tcbn28hpcplusbwp40p140hvtssg0p81vm40c_ccs

Attributes:
    d - dont_touch
    u - dont_use
   mo - map_only
   so - size_only
    i - ideal_net or ideal_network
  inf - infeasible path

  Point                                       Fanout     Trans      Incr       Path      Attributes
  ---------------------------------------------------------------------------------------------------------
  clock clk (rise edge)                                             0.00       0.00
  clock network delay (ideal)                                       0.00       0.00
  input external delay                                              0.50       0.50 f
  io_b_0[2] (in)                                          0.00      0.00       0.50 f
  io_b_0[2] (net)                               1                   0.00       0.50 f
  evalB/io_in_0[2] (Eval_1)                                         0.00       0.50 f
  evalB/io_in_0[2] (net)                                            0.00       0.50 f
  evalB/U11/ZN (CKND0BWP40P140)                           0.01      0.01       0.51 r
  evalB/n3 (net)                                1                   0.00       0.51 r
  evalB/U10/ZN (CKND0BWP40P140)                           0.23      0.13       0.64 f
  evalB/io_out_6[2] (net)                      33                   0.00       0.64 f
  evalB/DP_OP_53J2_127_5215/I2[2] (Eval_1_DP_OP_53J2_127_5215_J2_0)     0.00     0.64 f
  evalB/DP_OP_53J2_127_5215/I2[2] (net)                             0.00       0.64 f
  evalB/DP_OP_53J2_127_5215/U117/S (FA1D0BWP40P140)       0.06      0.23       0.87 r
  evalB/DP_OP_53J2_127_5215/n291 (net)          2                   0.00       0.87 r
  evalB/DP_OP_53J2_127_5215/U79/CO (FA1D0BWP40P140)       0.03      0.08       0.95 r
  evalB/DP_OP_53J2_127_5215/n282 (net)          1                   0.00       0.95 r
  evalB/DP_OP_53J2_127_5215/U150/CO (FA1D0BWP40P140)      0.03      0.07       1.03 r
  evalB/DP_OP_53J2_127_5215/n279 (net)          1                   0.00       1.03 r
  evalB/DP_OP_53J2_127_5215/U149/CO (FA1D0BWP40P140)      0.03      0.07       1.10 r
  evalB/DP_OP_53J2_127_5215/n276 (net)          1                   0.00       1.10 r
  evalB/DP_OP_53J2_127_5215/U148/CO (FA1D0BWP40P140)      0.03      0.07       1.17 r
  evalB/DP_OP_53J2_127_5215/n273 (net)          1                   0.00       1.17 r
  evalB/DP_OP_53J2_127_5215/U147/CO (FA1D0BWP40P140)      0.03      0.07       1.25 r
  evalB/DP_OP_53J2_127_5215/n270 (net)          1                   0.00       1.25 r
  evalB/DP_OP_53J2_127_5215/U146/CO (FA1D0BWP40P140)      0.03      0.07       1.32 r
  evalB/DP_OP_53J2_127_5215/n267 (net)          1                   0.00       1.32 r
  evalB/DP_OP_53J2_127_5215/U145/CO (FA1D0BWP40P140)      0.03      0.07       1.40 r
  evalB/DP_OP_53J2_127_5215/n264 (net)          1                   0.00       1.40 r
  evalB/DP_OP_53J2_127_5215/U144/CO (FA1D0BWP40P140)      0.03      0.07       1.47 r
  evalB/DP_OP_53J2_127_5215/n261 (net)          1                   0.00       1.47 r
  evalB/DP_OP_53J2_127_5215/U143/CO (FA1D0BWP40P140)      0.03      0.07       1.54 r
  evalB/DP_OP_53J2_127_5215/n258 (net)          1                   0.00       1.54 r
  evalB/DP_OP_53J2_127_5215/U142/CO (FA1D0BWP40P140)      0.03      0.07       1.62 r
  evalB/DP_OP_53J2_127_5215/n255 (net)          1                   0.00       1.62 r
  evalB/DP_OP_53J2_127_5215/U141/CO (FA1D0BWP40P140)      0.03      0.07       1.69 r
  evalB/DP_OP_53J2_127_5215/n252 (net)          1                   0.00       1.69 r
  evalB/DP_OP_53J2_127_5215/U140/CO (FA1D0BWP40P140)      0.03      0.07       1.77 r
  evalB/DP_OP_53J2_127_5215/n249 (net)          1                   0.00       1.77 r
  evalB/DP_OP_53J2_127_5215/U139/S (FA1D0BWP40P140)       0.11      0.16       1.93 f
  evalB/DP_OP_53J2_127_5215/O1[14] (net)       21                   0.00       1.93 f
  evalB/DP_OP_53J2_127_5215/O1[14] (Eval_1_DP_OP_53J2_127_5215_J2_0)     0.00     1.93 f
  evalB/io_out_2[14] (net)                                          0.00       1.93 f
  evalB/io_out_2[14] (Eval_1)                                       0.00       1.93 f
  evalB_io_out_2[14] (net)                                          0.00       1.93 f
  mult_x_3/b[14] (core4_a24_b14_c24_DW_mult_uns_J2_1)               0.00       1.93 f
  mult_x_3/b[14] (net)                                              0.00       1.93 f
  mult_x_3/U692/ZN (MOAI22D0BWP40P140)                    0.05      0.08       2.00 r
  mult_x_3/n798 (net)                           3                   0.00       2.00 r
  mult_x_3/U642/ZN (ND2D0BWP40P140HVT)                    0.17      0.12       2.13 f
  mult_x_3/n1295 (net)                         13                   0.00       2.13 f
  mult_x_3/U752/ZN (CKND0BWP40P140)                       0.05      0.07       2.20 r
  mult_x_3/n1387 (net)                          2                   0.00       2.20 r
  mult_x_3/U755/ZN (AOI222D0BWP40P140)                    0.07      0.04       2.24 f
  mult_x_3/n841 (net)                           1                   0.00       2.24 f
  mult_x_3/U633/ZN (MUX2ND0BWP40P140)                     0.05      0.07       2.31 f
  mult_x_3/n903 (net)                           1                   0.00       2.31 f
  mult_x_3/U807/S (HA1D0BWP40P140)                        0.03      0.08       2.39 r
  mult_x_3/n974 (net)                           1                   0.00       2.39 r
  mult_x_3/U871/CO (FA1D0BWP40P140)                       0.03      0.08       2.46 r
  mult_x_3/n967 (net)                           1                   0.00       2.46 r
  mult_x_3/U867/S (FA1D0BWP40P140)                        0.03      0.11       2.58 f
  mult_x_3/n1053 (net)                          1                   0.00       2.58 f
  mult_x_3/U941/S (FA1D0BWP40P140)                        0.04      0.13       2.71 r
  mult_x_3/n1155 (net)                          1                   0.00       2.71 r
  mult_x_3/U1023/CO (FA1D0BWP40P140)                      0.03      0.08       2.79 r
  mult_x_3/n1147 (net)                          1                   0.00       2.79 r
  mult_x_3/U1019/CO (FA1D0BWP40P140)                      0.03      0.07       2.86 r
  mult_x_3/n1142 (net)                          1                   0.00       2.86 r
  mult_x_3/U1015/CO (FA1D0BWP40P140)                      0.03      0.07       2.94 r
  mult_x_3/n1137 (net)                          1                   0.00       2.94 r
  mult_x_3/U1011/CO (FA1D0BWP40P140)                      0.03      0.07       3.01 r
  mult_x_3/n1131 (net)                          1                   0.00       3.01 r
  mult_x_3/U1008/CO (FA1D0BWP40P140)                      0.03      0.07       3.09 r
  mult_x_3/n1126 (net)                          1                   0.00       3.09 r
  mult_x_3/U1004/CO (FA1D0BWP40P140)                      0.03      0.07       3.16 r
  mult_x_3/n1121 (net)                          1                   0.00       3.16 r
  mult_x_3/U1001/CO (FA1D0BWP40P140)                      0.03      0.07       3.23 r
  mult_x_3/n1115 (net)                          1                   0.00       3.23 r
  mult_x_3/U997/CO (FA1D0BWP40P140)                       0.03      0.07       3.31 r
  mult_x_3/n1109 (net)                          1                   0.00       3.31 r
  mult_x_3/U992/CO (FA1D0BWP40P140)                       0.03      0.07       3.38 r
  mult_x_3/n1103 (net)                          1                   0.00       3.38 r
  mult_x_3/U987/CO (FA1D0BWP40P140)                       0.03      0.07       3.46 r
  mult_x_3/n1318 (net)                          1                   0.00       3.46 r
  mult_x_3/U1110/CO (FA1D0BWP40P140)                      0.03      0.07       3.53 r
  mult_x_3/n1367 (net)                          1                   0.00       3.53 r
  mult_x_3/U1129/S (FA1D0BWP40P140)                       0.03      0.11       3.64 f
  mult_x_3/n1372 (net)                          1                   0.00       3.64 f
  mult_x_3/U1130/CO (FA1D0BWP40P140)                      0.03      0.08       3.72 f
  mult_x_3/n1373 (net)                          1                   0.00       3.72 f
  mult_x_3/U630/ZN (XNR4D0BWP40P140)                      0.03      0.11       3.83 r
  mult_x_3/n1381 (net)                          1                   0.00       3.83 r
  mult_x_3/U646/Z (XOR4D0BWP40P140)                       0.03      0.12       3.95 r
  mult_x_3/n1384 (net)                          1                   0.00       3.95 r
  mult_x_3/U645/ZN (XNR3UD0BWP40P140)                     0.04      0.06       4.00 r
  mult_x_3/n1391 (net)                          2                   0.00       4.00 r
  mult_x_3/U1133/ZN (OAI21D0BWP40P140HVT)                 0.04      0.05       4.05 f
  mult_x_3/n1389 (net)                          1                   0.00       4.05 f
  mult_x_3/U1134/ZN (OAI31D0BWP40P140LVT)                 0.03      0.03       4.08 r
  mult_x_3/n1400 (net)                          1                   0.00       4.08 r
  mult_x_3/U647/Z (XOR4D0BWP40P140)                       0.03      0.12       4.20 r
  mult_x_3/product[26] (net)                    1                   0.00       4.20 r
  mult_x_3/product[26] (core4_a24_b14_c24_DW_mult_uns_J2_1)         0.00       4.20 r
  n_w_2_T_1[26] (net)                                               0.00       4.20 r
  s_w_2_reg_26_/D (DFKCNQD1BWP40P140)                     0.03      0.00       4.20 r
  data arrival time                                                            4.20

  clock clk (rise edge)                                             5.00       5.00
  clock network delay (ideal)                                       0.00       5.00
  s_w_2_reg_26_/CP (DFKCNQD1BWP40P140)                              0.00       5.00 r
  library setup time                                               -0.04       4.96
  data required time                                                           4.96
  ---------------------------------------------------------------------------------------------------------
  data required time                                                           4.96
  data arrival time                                                           -4.20
  ---------------------------------------------------------------------------------------------------------
  slack (MET)                                                                  0.76


1
