 
****************************************
Report : timing
        -path full
        -delay max
        -max_paths 3
Design : core64_a36_b8_c36
Version: O-2018.06-SP5
Date   : Wed May 13 09:10:27 2026
****************************************

 # A fanout number of 1000 was used for high fanout net computations.

Operating Conditions: ssg0p81vm40c   Library: tcbn28hpcplusbwp40p140hvtssg0p81vm40c_ccs
Wire Load Model Mode: segmented

  Startpoint: io_b_20[0] (input port clocked by clk)
  Endpoint: core16_3/core4_1/s_w_3_reg_44_
            (rising edge-triggered flip-flop clocked by clk)
  Path Group: clk
  Path Type: max

  Des/Clust/Port     Wire Load Model       Library
  ------------------------------------------------
  Eval_1_0_DP_OP_54J22_130_2528_J22_0_10
                     ZeroWireload          tcbn28hpcplusbwp40p140hvtssg0p81vm40c_ccs
  Eval_1_0_DP_OP_53J22_129_6763_J22_0_10
                     ZeroWireload          tcbn28hpcplusbwp40p140hvtssg0p81vm40c_ccs
  Eval_1_0_DP_OP_52J22_128_102_J22_0_10
                     ZeroWireload          tcbn28hpcplusbwp40p140hvtssg0p81vm40c_ccs
  core64_a36_b8_c36  ZeroWireload          tcbn28hpcplusbwp40p140hvtssg0p81vm40c_ccs
  Eval_33_1_DP_OP_55J18_124_8043_J18_0_35
                     ZeroWireload          tcbn28hpcplusbwp40p140hvtssg0p81vm40c_ccs
  Eval_33_1_DP_OP_54J18_123_8292_J18_0_35
                     ZeroWireload          tcbn28hpcplusbwp40p140hvtssg0p81vm40c_ccs
  Eval_33_63_DP_OP_53J18_122_4708_0
                     ZeroWireload          tcbn28hpcplusbwp40p140hvtssg0p81vm40c_ccs
  Eval_33_1_DP_OP_55J18_124_8043_J18_0_18
                     ZeroWireload          tcbn28hpcplusbwp40p140hvtssg0p81vm40c_ccs
  Eval_33_1_DP_OP_54J18_123_8292_J18_0_18
                     ZeroWireload          tcbn28hpcplusbwp40p140hvtssg0p81vm40c_ccs
  Eval_33_1_DP_OP_53J18_122_4708_J18_0_18
                     ZeroWireload          tcbn28hpcplusbwp40p140hvtssg0p81vm40c_ccs
  core4_7_DW_mult_tc_J15_3_4
                     ZeroWireload          tcbn28hpcplusbwp40p140hvtssg0p81vm40c_ccs

  Point                                                   Incr       Path
  --------------------------------------------------------------------------
  clock clk (rise edge)                                   0.00       0.00
  clock network delay (ideal)                             0.00       0.00
  input external delay                                    0.50       0.50 r
  io_b_20[0] (in)                                         0.00       0.50 r
  evalB_5/io_in_0[0] (Eval_1_10)                          0.00       0.50 r
  evalB_5/DP_OP_53J22_129_6763/I2[0] (Eval_1_0_DP_OP_53J22_129_6763_J22_0_10)
                                                          0.00       0.50 r
  evalB_5/DP_OP_53J22_129_6763/U67/S (HA1D1BWP40P140LVT)
                                                          0.05       0.55 f
  evalB_5/DP_OP_53J22_129_6763/U65/ZN (IND2D0BWP40P140)
                                                          0.06       0.61 f
  evalB_5/DP_OP_53J22_129_6763/U76/CO (FA1D1BWP40P140)
                                                          0.08       0.68 f
  evalB_5/DP_OP_53J22_129_6763/U58/ZN (CKND0BWP40P140)
                                                          0.02       0.70 r
  evalB_5/DP_OP_53J22_129_6763/U56/ZN (MAOI222D1BWP40P140LVT)
                                                          0.03       0.73 f
  evalB_5/DP_OP_53J22_129_6763/U109/CO (FA1D1BWP40P140)
                                                          0.07       0.80 f
  evalB_5/DP_OP_53J22_129_6763/U55/ZN (MAOI222D0BWP40P140)
                                                          0.04       0.84 r
  evalB_5/DP_OP_53J22_129_6763/U53/ZN (CKND0BWP40P140)
                                                          0.03       0.87 f
  evalB_5/DP_OP_53J22_129_6763/U102/S (FA1D1BWP40P140LVT)
                                                          0.08       0.95 f
  evalB_5/DP_OP_53J22_129_6763/O2[5] (Eval_1_0_DP_OP_53J22_129_6763_J22_0_10)
                                                          0.00       0.95 f
  evalB_5/io_out_3[5] (Eval_1_10)                         0.00       0.95 f
  core16_3/io_b_5[5] (core16_3)                           0.00       0.95 f
  core16_3/evalB_1/io_in_1[5] (Eval_33_63)                0.00       0.95 f
  core16_3/evalB_1/DP_OP_53J18_122_4708/I3[5] (Eval_33_63_DP_OP_53J18_122_4708_0)
                                                          0.00       0.95 f
  core16_3/evalB_1/DP_OP_53J18_122_4708/U89/S (FA1D1BWP40P140)
                                                          0.11       1.06 r
  core16_3/evalB_1/DP_OP_53J18_122_4708/U97/S (FA1D1BWP40P140LVT)
                                                          0.08       1.14 f
  core16_3/evalB_1/DP_OP_53J18_122_4708/U85/CO (FA1D1BWP40P140)
                                                          0.07       1.20 f
  core16_3/evalB_1/DP_OP_53J18_122_4708/U84/CO (FA1D1BWP40P140)
                                                          0.07       1.27 f
  core16_3/evalB_1/DP_OP_53J18_122_4708/U83/CO (FA1D1BWP40P140)
                                                          0.06       1.33 f
  core16_3/evalB_1/DP_OP_53J18_122_4708/U82/CO (FA1D1BWP40P140)
                                                          0.06       1.39 f
  core16_3/evalB_1/DP_OP_53J18_122_4708/U81/CO (FA1D1BWP40P140)
                                                          0.06       1.44 f
  core16_3/evalB_1/DP_OP_53J18_122_4708/U80/S (FA1D1BWP40P140)
                                                          0.12       1.56 r
  core16_3/evalB_1/DP_OP_53J18_122_4708/O1[11] (Eval_33_63_DP_OP_53J18_122_4708_0)
                                                          0.00       1.56 r
  core16_3/evalB_1/io_out_1[11] (Eval_33_63)              0.00       1.56 r
  core16_3/core4_1/io_b_1[11] (core4_26)                  0.00       1.56 r
  core16_3/core4_1/evalB/io_in_1[11] (Eval_33_26)         0.00       1.56 r
  core16_3/core4_1/evalB/DP_OP_54J18_123_8292/I3[11] (Eval_33_1_DP_OP_54J18_123_8292_J18_0_18)
                                                          0.00       1.56 r
  core16_3/core4_1/evalB/DP_OP_54J18_123_8292/U175/S (FA1D0BWP40P140)
                                                          0.12       1.69 f
  core16_3/core4_1/evalB/DP_OP_54J18_123_8292/U205/ZN (CKND0BWP40P140)
                                                          0.04       1.72 r
  core16_3/core4_1/evalB/DP_OP_54J18_123_8292/U180/S (FA1D0BWP40P140)
                                                          0.21       1.93 f
  core16_3/core4_1/evalB/DP_OP_54J18_123_8292/O2[11] (Eval_33_1_DP_OP_54J18_123_8292_J18_0_18)
                                                          0.00       1.93 f
  core16_3/core4_1/evalB/io_out_3[11] (Eval_33_26)        0.00       1.93 f
  core16_3/core4_1/mult_x_4/b[11] (core4_7_DW_mult_tc_J15_3_4)
                                                          0.00       1.93 f
  core16_3/core4_1/mult_x_4/U1447/ZN (INVD1BWP40P140LVT)
                                                          0.13       2.07 r
  core16_3/core4_1/mult_x_4/U1677/ZN (MUX2ND0BWP40P140)
                                                          0.07       2.14 f
  core16_3/core4_1/mult_x_4/U1682/ZN (CKND0BWP40P140)     0.04       2.18 r
  core16_3/core4_1/mult_x_4/U1544/ZN (ND2D0BWP40P140HVT)
                                                          0.20       2.38 f
  core16_3/core4_1/mult_x_4/U1553/ZN (CKND0BWP40P140)     0.15       2.52 r
  core16_3/core4_1/mult_x_4/U1767/ZN (AOI222D0BWP40P140)
                                                          0.06       2.58 f
  core16_3/core4_1/mult_x_4/U1768/ZN (MUX2ND0BWP40P140)
                                                          0.07       2.65 r
  core16_3/core4_1/mult_x_4/U1418/CO (HA1D0BWP40P140)     0.06       2.72 r
  core16_3/core4_1/mult_x_4/U1414/CO (HA1D0BWP40P140)     0.05       2.77 r
  core16_3/core4_1/mult_x_4/U1832/CO (FA1D1BWP40P140)     0.05       2.82 r
  core16_3/core4_1/mult_x_4/U1437/Z (XOR2UD0BWP40P140)
                                                          0.04       2.85 r
  core16_3/core4_1/mult_x_4/U1436/Z (XOR2UD0BWP40P140)
                                                          0.06       2.92 r
  core16_3/core4_1/mult_x_4/U1912/S (FA1D1BWP40P140)      0.12       3.04 f
  core16_3/core4_1/mult_x_4/U2007/CO (FA1D1BWP40P140)     0.07       3.10 f
  core16_3/core4_1/mult_x_4/U2003/CO (FA1D1BWP40P140)     0.06       3.16 f
  core16_3/core4_1/mult_x_4/U1999/CO (FA1D1BWP40P140)     0.06       3.22 f
  core16_3/core4_1/mult_x_4/U1995/CO (FA1D1BWP40P140)     0.06       3.27 f
  core16_3/core4_1/mult_x_4/U1991/CO (FA1D1BWP40P140)     0.06       3.33 f
  core16_3/core4_1/mult_x_4/U1987/CO (FA1D1BWP40P140)     0.06       3.38 f
  core16_3/core4_1/mult_x_4/U1983/CO (FA1D1BWP40P140)     0.06       3.44 f
  core16_3/core4_1/mult_x_4/U1979/CO (FA1D1BWP40P140)     0.06       3.49 f
  core16_3/core4_1/mult_x_4/U1975/CO (FA1D1BWP40P140)     0.06       3.55 f
  core16_3/core4_1/mult_x_4/U1971/CO (FA1D1BWP40P140)     0.06       3.60 f
  core16_3/core4_1/mult_x_4/U1967/CO (FA1D1BWP40P140)     0.06       3.66 f
  core16_3/core4_1/mult_x_4/U1963/CO (FA1D1BWP40P140)     0.06       3.72 f
  core16_3/core4_1/mult_x_4/U1959/CO (FA1D1BWP40P140)     0.06       3.77 f
  core16_3/core4_1/mult_x_4/U1955/CO (FA1D1BWP40P140)     0.06       3.83 f
  core16_3/core4_1/mult_x_4/U2200/CO (FA1D1BWP40P140)     0.06       3.88 f
  core16_3/core4_1/mult_x_4/U2438/CO (FA1D1BWP40P140)     0.06       3.94 f
  core16_3/core4_1/mult_x_4/U2484/CO (FA1D1BWP40P140)     0.06       3.99 f
  core16_3/core4_1/mult_x_4/U2480/CO (FA1D1BWP40P140)     0.06       4.05 f
  core16_3/core4_1/mult_x_4/U2476/CO (FA1D1BWP40P140)     0.06       4.10 f
  core16_3/core4_1/mult_x_4/U2472/CO (FA1D1BWP40P140)     0.06       4.16 f
  core16_3/core4_1/mult_x_4/U2468/CO (FA1D1BWP40P140)     0.06       4.22 f
  core16_3/core4_1/mult_x_4/U2464/CO (FA1D1BWP40P140)     0.06       4.27 f
  core16_3/core4_1/mult_x_4/U2460/CO (FA1D1BWP40P140)     0.06       4.33 f
  core16_3/core4_1/mult_x_4/U2456/CO (FA1D1BWP40P140)     0.06       4.38 f
  core16_3/core4_1/mult_x_4/U2452/CO (FA1D1BWP40P140)     0.06       4.44 f
  core16_3/core4_1/mult_x_4/U2448/CO (FA1D1BWP40P140)     0.06       4.49 f
  core16_3/core4_1/mult_x_4/U2445/CO (FA1D1BWP40P140)     0.06       4.55 f
  core16_3/core4_1/mult_x_4/U2441/CO (FA1D1BWP40P140)     0.05       4.60 f
  core16_3/core4_1/mult_x_4/U2439/ZN (MUX2ND0BWP40P140)
                                                          0.04       4.64 f
  core16_3/core4_1/mult_x_4/U2440/ZN (XNR4D0BWP40P140)
                                                          0.12       4.77 r
  core16_3/core4_1/mult_x_4/U1445/Z (XOR2UD1BWP40P140)
                                                          0.05       4.81 r
  core16_3/core4_1/mult_x_4/U1346/ZN (XNR2UD0BWP40P140)
                                                          0.04       4.85 r
  core16_3/core4_1/mult_x_4/U1370/Z (XOR2UD1BWP40P140LVT)
                                                          0.04       4.90 r
  core16_3/core4_1/mult_x_4/U1368/Z (XOR2UD1BWP40P140LVT)
                                                          0.03       4.93 r
  core16_3/core4_1/mult_x_4/U1367/Z (XOR2UD1BWP40P140LVT)
                                                          0.04       4.96 r
  core16_3/core4_1/mult_x_4/product[44] (core4_7_DW_mult_tc_J15_3_4)
                                                          0.00       4.96 r
  core16_3/core4_1/s_w_3_reg_44_/D (DFQD1BWP40P140)       0.00       4.96 r
  data arrival time                                                  4.96

  clock clk (rise edge)                                   5.00       5.00
  clock network delay (ideal)                             0.00       5.00
  core16_3/core4_1/s_w_3_reg_44_/CP (DFQD1BWP40P140)      0.00       5.00 r
  library setup time                                     -0.04       4.96
  data required time                                                 4.96
  --------------------------------------------------------------------------
  data required time                                                 4.96
  data arrival time                                                 -4.96
  --------------------------------------------------------------------------
  slack (MET)                                                        0.00


  Startpoint: io_b_7[2] (input port clocked by clk)
  Endpoint: core16_5/core4_1/s_w_3_reg_44_
            (rising edge-triggered flip-flop clocked by clk)
  Path Group: clk
  Path Type: max

  Des/Clust/Port     Wire Load Model       Library
  ------------------------------------------------
  Eval_1_0_DP_OP_54J22_130_2528_J22_0_14
                     ZeroWireload          tcbn28hpcplusbwp40p140hvtssg0p81vm40c_ccs
  Eval_1_0_DP_OP_53J22_129_6763_J22_0_14
                     ZeroWireload          tcbn28hpcplusbwp40p140hvtssg0p81vm40c_ccs
  Eval_1_0_DP_OP_52J22_128_102_J22_0_14
                     ZeroWireload          tcbn28hpcplusbwp40p140hvtssg0p81vm40c_ccs
  core64_a36_b8_c36  ZeroWireload          tcbn28hpcplusbwp40p140hvtssg0p81vm40c_ccs
  Eval_33_1_DP_OP_55J18_124_8043_J18_0_32
                     ZeroWireload          tcbn28hpcplusbwp40p140hvtssg0p81vm40c_ccs
  Eval_33_1_DP_OP_54J18_123_8292_J18_0_32
                     ZeroWireload          tcbn28hpcplusbwp40p140hvtssg0p81vm40c_ccs
  Eval_33_1_DP_OP_53J18_122_4708_J18_0_32
                     ZeroWireload          tcbn28hpcplusbwp40p140hvtssg0p81vm40c_ccs
  Eval_33_1_DP_OP_55J18_124_8043_J18_0_8
                     ZeroWireload          tcbn28hpcplusbwp40p140hvtssg0p81vm40c_ccs
  Eval_33_1_DP_OP_54J18_123_8292_J18_0_8
                     ZeroWireload          tcbn28hpcplusbwp40p140hvtssg0p81vm40c_ccs
  Eval_33_1_DP_OP_53J18_122_4708_J18_0_8
                     ZeroWireload          tcbn28hpcplusbwp40p140hvtssg0p81vm40c_ccs
  core4_7_DW_mult_tc_J15_3_1
                     ZeroWireload          tcbn28hpcplusbwp40p140hvtssg0p81vm40c_ccs

  Point                                                   Incr       Path
  --------------------------------------------------------------------------
  clock clk (rise edge)                                   0.00       0.00
  clock network delay (ideal)                             0.00       0.00
  input external delay                                    0.50       0.50 f
  io_b_7[2] (in)                                          0.00       0.50 f
  evalB_1/io_in_3[2] (Eval_1_14)                          0.00       0.50 f
  evalB_1/DP_OP_54J22_130_2528/I3[2] (Eval_1_0_DP_OP_54J22_130_2528_J22_0_14)
                                                          0.00       0.50 f
  evalB_1/DP_OP_54J22_130_2528/U76/Z (CKAN2D1BWP40P140LVT)
                                                          0.02       0.52 f
  evalB_1/DP_OP_54J22_130_2528/U128/CO (FA1D1BWP40P140LVT)
                                                          0.04       0.56 f
  evalB_1/DP_OP_54J22_130_2528/U110/S (FA1D1BWP40P140)
                                                          0.11       0.67 r
  evalB_1/DP_OP_54J22_130_2528/U105/Z (XOR2UD0BWP40P140)
                                                          0.04       0.71 r
  evalB_1/DP_OP_54J22_130_2528/U101/Z (XOR2UD0BWP40P140)
                                                          0.10       0.81 f
  evalB_1/DP_OP_54J22_130_2528/O2[4] (Eval_1_0_DP_OP_54J22_130_2528_J22_0_14)
                                                          0.00       0.81 f
  evalB_1/io_out_5[4] (Eval_1_14)                         0.00       0.81 f
  core16_5/io_b_1[4] (core16_1)                           0.00       0.81 f
  core16_5/evalB/io_in_1[4] (Eval_33_56)                  0.00       0.81 f
  core16_5/evalB/DP_OP_53J18_122_4708/I3[4] (Eval_33_1_DP_OP_53J18_122_4708_J18_0_32)
                                                          0.00       0.81 f
  core16_5/evalB/DP_OP_53J18_122_4708/U82/CO (FA1D1BWP40P140)
                                                          0.11       0.92 f
  core16_5/evalB/DP_OP_53J18_122_4708/U105/CO (FA1D0BWP40P140)
                                                          0.07       0.99 f
  core16_5/evalB/DP_OP_53J18_122_4708/U116/CO (FA1D0BWP40P140)
                                                          0.07       1.06 f
  core16_5/evalB/DP_OP_53J18_122_4708/U79/CO (FA1D1BWP40P140)
                                                          0.06       1.13 f
  core16_5/evalB/DP_OP_53J18_122_4708/U76/ZN (OAI21D0BWP40P140)
                                                          0.02       1.15 r
  core16_5/evalB/DP_OP_53J18_122_4708/U68/ZN (ND2D0P7BWP40P140)
                                                          0.03       1.18 f
  core16_5/evalB/DP_OP_53J18_122_4708/U114/CO (FA1D0BWP40P140)
                                                          0.07       1.25 f
  core16_5/evalB/DP_OP_53J18_122_4708/U89/ZN (OAI21D1BWP40P140LVT)
                                                          0.02       1.27 r
  core16_5/evalB/DP_OP_53J18_122_4708/U88/ZN (IOA21D1BWP40P140LVT)
                                                          0.02       1.29 f
  core16_5/evalB/DP_OP_53J18_122_4708/U101/CO (FA1D0BWP40P140)
                                                          0.07       1.36 f
  core16_5/evalB/DP_OP_53J18_122_4708/U107/CO (FA1D0BWP40P140)
                                                          0.07       1.43 f
  core16_5/evalB/DP_OP_53J18_122_4708/U118/S (FA1D0BWP40P140)
                                                          0.12       1.55 r
  core16_5/evalB/DP_OP_53J18_122_4708/U126/S (FA1D0BWP40P140)
                                                          0.14       1.70 f
  core16_5/evalB/DP_OP_53J18_122_4708/O1[14] (Eval_33_1_DP_OP_53J18_122_4708_J18_0_32)
                                                          0.00       1.70 f
  core16_5/evalB/io_out_1[14] (Eval_33_56)                0.00       1.70 f
  core16_5/core4_1/io_b_0[14] (core4_12)                  0.00       1.70 f
  core16_5/core4_1/evalB/io_in_0[14] (Eval_33_12)         0.00       1.70 f
  core16_5/core4_1/evalB/DP_OP_54J18_123_8292/I1[14] (Eval_33_1_DP_OP_54J18_123_8292_J18_0_8)
                                                          0.00       1.70 f
  core16_5/core4_1/evalB/DP_OP_54J18_123_8292/U171/S (FA1D0BWP40P140)
                                                          0.16       1.85 r
  core16_5/core4_1/evalB/DP_OP_54J18_123_8292/U176/S (FA1D0BWP40P140)
                                                          0.21       2.06 f
  core16_5/core4_1/evalB/DP_OP_54J18_123_8292/O2[14] (Eval_33_1_DP_OP_54J18_123_8292_J18_0_8)
                                                          0.00       2.06 f
  core16_5/core4_1/evalB/io_out_3[14] (Eval_33_12)        0.00       2.06 f
  core16_5/core4_1/mult_x_4/b[14] (core4_7_DW_mult_tc_J15_3_1)
                                                          0.00       2.06 f
  core16_5/core4_1/mult_x_4/U1475/ZN (CKND1BWP40P140)     0.16       2.22 r
  core16_5/core4_1/mult_x_4/U1781/ZN (MUX2ND0BWP40P140)
                                                          0.07       2.29 f
  core16_5/core4_1/mult_x_4/U1791/ZN (NR2D0BWP40P140)     0.24       2.53 r
  core16_5/core4_1/mult_x_4/U1918/ZN (AOI222D0BWP40P140)
                                                          0.12       2.64 f
  core16_5/core4_1/mult_x_4/U1919/ZN (MUX2ND0BWP40P140)
                                                          0.08       2.73 f
  core16_5/core4_1/mult_x_4/U1443/S (HA1D0BWP40P140)      0.07       2.80 f
  core16_5/core4_1/mult_x_4/U2174/S (FA1D1BWP40P140)      0.12       2.92 r
  core16_5/core4_1/mult_x_4/U2317/S (FA1D1BWP40P140)      0.10       3.02 f
  core16_5/core4_1/mult_x_4/U2454/CO (FA1D1BWP40P140)     0.07       3.09 f
  core16_5/core4_1/mult_x_4/U1546/CO (FA1D0BWP40P140)     0.07       3.15 f
  core16_5/core4_1/mult_x_4/U2447/CO (FA1D1BWP40P140)     0.06       3.21 f
  core16_5/core4_1/mult_x_4/U2443/CO (FA1D1BWP40P140)     0.06       3.27 f
  core16_5/core4_1/mult_x_4/U1550/CO (FA1D0BWP40P140)     0.07       3.34 f
  core16_5/core4_1/mult_x_4/U2437/CO (FA1D1BWP40P140)     0.06       3.40 f
  core16_5/core4_1/mult_x_4/U2466/CO (FA1D1BWP40P140)     0.06       3.45 f
  core16_5/core4_1/mult_x_4/U1554/CO (FA1D0BWP40P140)     0.07       3.52 f
  core16_5/core4_1/mult_x_4/U2427/CO (FA1D1BWP40P140)     0.06       3.58 f
  core16_5/core4_1/mult_x_4/U1499/CO (FA1D1BWP40P140LVT)
                                                          0.04       3.63 f
  core16_5/core4_1/mult_x_4/U1558/CO (FA1D0BWP40P140)     0.07       3.69 f
  core16_5/core4_1/mult_x_4/U2418/CO (FA1D1BWP40P140)     0.06       3.75 f
  core16_5/core4_1/mult_x_4/U2415/CO (FA1D1BWP40P140)     0.06       3.81 f
  core16_5/core4_1/mult_x_4/U2411/CO (FA1D1BWP40P140)     0.06       3.87 f
  core16_5/core4_1/mult_x_4/U2408/CO (FA1D1BWP40P140)     0.06       3.92 f
  core16_5/core4_1/mult_x_4/U2404/CO (FA1D1BWP40P140)     0.06       3.98 f
  core16_5/core4_1/mult_x_4/U1564/CO (FA1D0BWP40P140)     0.07       4.04 f
  core16_5/core4_1/mult_x_4/U2397/CO (FA1D1BWP40P140)     0.06       4.11 f
  core16_5/core4_1/mult_x_4/U1396/CO (FA1OPTCD1BWP40P140LVT)
                                                          0.03       4.14 f
  core16_5/core4_1/mult_x_4/U1371/ZN (OAI21D1BWP40P140)
                                                          0.02       4.16 r
  core16_5/core4_1/mult_x_4/U1462/ZN (ND2D0BWP40P140)     0.03       4.20 f
  core16_5/core4_1/mult_x_4/U2387/S (FA1D1BWP40P140)      0.10       4.29 f
  core16_5/core4_1/mult_x_4/U2502/CO (FA1D1BWP40P140)     0.07       4.36 f
  core16_5/core4_1/mult_x_4/U1588/CO (FA1D0BWP40P140)     0.07       4.43 f
  core16_5/core4_1/mult_x_4/U2501/CO (FA1D1BWP40P140)     0.06       4.49 f
  core16_5/core4_1/mult_x_4/U1338/CO (FA1D1BWP40P140LVT)
                                                          0.04       4.53 f
  core16_5/core4_1/mult_x_4/U1337/CO (FA1D1BWP40P140LVT)
                                                          0.04       4.57 f
  core16_5/core4_1/mult_x_4/U2500/CO (FA1D1BWP40P140)     0.05       4.63 f
  core16_5/core4_1/mult_x_4/U2499/CO (FA1D1BWP40P140)     0.06       4.68 f
  core16_5/core4_1/mult_x_4/U1589/CO (FA1D0BWP40P140)     0.07       4.75 f
  core16_5/core4_1/mult_x_4/U2498/CO (FA1D1BWP40P140)     0.06       4.81 f
  core16_5/core4_1/mult_x_4/U2543/CO (FA1D1BWP40P140)     0.06       4.87 f
  core16_5/core4_1/mult_x_4/U2552/CO (FA1D1BWP40P140)     0.05       4.92 f
  core16_5/core4_1/mult_x_4/U1345/Z (XOR2UD0BWP40P140)
                                                          0.04       4.96 r
  core16_5/core4_1/mult_x_4/product[44] (core4_7_DW_mult_tc_J15_3_1)
                                                          0.00       4.96 r
  core16_5/core4_1/s_w_3_reg_44_/D (DFQD1BWP40P140)       0.00       4.96 r
  data arrival time                                                  4.96

  clock clk (rise edge)                                   5.00       5.00
  clock network delay (ideal)                             0.00       5.00
  core16_5/core4_1/s_w_3_reg_44_/CP (DFQD1BWP40P140)      0.00       5.00 r
  library setup time                                     -0.04       4.96
  data required time                                                 4.96
  --------------------------------------------------------------------------
  data required time                                                 4.96
  data arrival time                                                 -4.96
  --------------------------------------------------------------------------
  slack (MET)                                                        0.00


  Startpoint: io_b_9[0] (input port clocked by clk)
  Endpoint: core16_4/core4_1/s_w_2_reg_44_
            (rising edge-triggered flip-flop clocked by clk)
  Path Group: clk
  Path Type: max

  Des/Clust/Port     Wire Load Model       Library
  ------------------------------------------------
  Eval_1_0_DP_OP_54J22_130_2528_J22_0_13
                     ZeroWireload          tcbn28hpcplusbwp40p140hvtssg0p81vm40c_ccs
  Eval_1_0_DP_OP_53J22_129_6763_J22_0_13
                     ZeroWireload          tcbn28hpcplusbwp40p140hvtssg0p81vm40c_ccs
  Eval_1_0_DP_OP_52J22_128_102_J22_0_13
                     ZeroWireload          tcbn28hpcplusbwp40p140hvtssg0p81vm40c_ccs
  core64_a36_b8_c36  ZeroWireload          tcbn28hpcplusbwp40p140hvtssg0p81vm40c_ccs
  Eval_33_57_DP_OP_56J18_127_6732_J18_0_3
                     ZeroWireload          tcbn28hpcplusbwp40p140hvtssg0p81vm40c_ccs
  Eval_33_57_DP_OP_55J18_126_6412_J18_0_3
                     ZeroWireload          tcbn28hpcplusbwp40p140hvtssg0p81vm40c_ccs
  Eval_33_57_DP_OP_54J18_125_5295_J18_0_3
                     ZeroWireload          tcbn28hpcplusbwp40p140hvtssg0p81vm40c_ccs
  Eval_33_19_DP_OP_56J16_124_2549_J16_0_0
                     ZeroWireload          tcbn28hpcplusbwp40p140hvtssg0p81vm40c_ccs
  Eval_33_19_DP_OP_55J16_123_575_J16_0_0
                     ZeroWireload          tcbn28hpcplusbwp40p140hvtssg0p81vm40c_ccs
  Eval_33_19_DP_OP_54J16_122_2735_J16_0_0
                     ZeroWireload          tcbn28hpcplusbwp40p140hvtssg0p81vm40c_ccs
  core4_19_DW_mult_tc_J18_3
                     ZeroWireload          tcbn28hpcplusbwp40p140hvtssg0p81vm40c_ccs

  Point                                                   Incr       Path
  --------------------------------------------------------------------------
  clock clk (rise edge)                                   0.00       0.00
  clock network delay (ideal)                             0.00       0.00
  input external delay                                    0.50       0.50 f
  io_b_9[0] (in)                                          0.00       0.50 f
  evalB_2/io_in_1[0] (Eval_1_13)                          0.00       0.50 f
  evalB_2/DP_OP_54J22_130_2528/I4[2] (Eval_1_0_DP_OP_54J22_130_2528_J22_0_13)
                                                          0.00       0.50 f
  evalB_2/DP_OP_54J22_130_2528/U101/Z (XOR2OPTND2BWP40P140LVT)
                                                          0.02       0.52 f
  evalB_2/DP_OP_54J22_130_2528/U98/S (FA1D1BWP40P140)     0.12       0.64 r
  evalB_2/DP_OP_54J22_130_2528/O1[2] (Eval_1_0_DP_OP_54J22_130_2528_J22_0_13)
                                                          0.00       0.64 r
  evalB_2/io_out_4[2] (Eval_1_13)                         0.00       0.64 r
  core16_4/io_b_2[2] (core16_2)                           0.00       0.64 r
  core16_4/evalB/io_in_2[2] (Eval_33_60)                  0.00       0.64 r
  core16_4/evalB/DP_OP_54J18_125_5295/I1[2] (Eval_33_57_DP_OP_54J18_125_5295_J18_0_3)
                                                          0.00       0.64 r
  core16_4/evalB/DP_OP_54J18_125_5295/U91/CO (FA1D0BWP40P140)
                                                          0.08       0.73 r
  core16_4/evalB/DP_OP_54J18_125_5295/U68/ZN (MAOI222D0BWP40P140)
                                                          0.04       0.77 f
  core16_4/evalB/DP_OP_54J18_125_5295/U66/ZN (CKND0BWP40P140)
                                                          0.03       0.80 r
  core16_4/evalB/DP_OP_54J18_125_5295/U89/S (FA1D0BWP40P140)
                                                          0.11       0.91 f
  core16_4/evalB/DP_OP_54J18_125_5295/U94/CO (FA1D0BWP40P140)
                                                          0.08       0.99 f
  core16_4/evalB/DP_OP_54J18_125_5295/U101/CO (FA1D0BWP40P140)
                                                          0.07       1.06 f
  core16_4/evalB/DP_OP_54J18_125_5295/U64/CO (FA1D1BWP40P140)
                                                          0.06       1.12 f
  core16_4/evalB/DP_OP_54J18_125_5295/U97/S (FA1D0BWP40P140)
                                                          0.12       1.24 r
  core16_4/evalB/DP_OP_54J18_125_5295/U104/S (FA1D0BWP40P140)
                                                          0.14       1.38 f
  core16_4/evalB/DP_OP_54J18_125_5295/O1[9] (Eval_33_57_DP_OP_54J18_125_5295_J18_0_3)
                                                          0.00       1.38 f
  core16_4/evalB/io_out_1[9] (Eval_33_60)                 0.00       1.38 f
  core16_4/core4_1/io_b_0[9] (core4_19)                   0.00       1.38 f
  core16_4/core4_1/evalB/io_in_0[9] (Eval_33_19)          0.00       1.38 f
  core16_4/core4_1/evalB/DP_OP_55J16_123_575/I2[9] (Eval_33_19_DP_OP_55J16_123_575_J16_0_0)
                                                          0.00       1.38 f
  core16_4/core4_1/evalB/DP_OP_55J16_123_575/U153/S (FA1D0BWP40P140)
                                                          0.16       1.54 r
  core16_4/core4_1/evalB/DP_OP_55J16_123_575/U163/CO (FA1D0BWP40P140)
                                                          0.08       1.62 r
  core16_4/core4_1/evalB/DP_OP_55J16_123_575/U182/CO (FA1D0BWP40P140)
                                                          0.07       1.70 r
  core16_4/core4_1/evalB/DP_OP_55J16_123_575/U184/S (FA1D2BWP40P140)
                                                          0.15       1.84 f
  core16_4/core4_1/evalB/DP_OP_55J16_123_575/O1[11] (Eval_33_19_DP_OP_55J16_123_575_J16_0_0)
                                                          0.00       1.84 f
  core16_4/core4_1/evalB/io_out_2[11] (Eval_33_19)        0.00       1.84 f
  core16_4/core4_1/mult_x_3/b[11] (core4_19_DW_mult_tc_J18_3)
                                                          0.00       1.84 f
  core16_4/core4_1/mult_x_3/U1628/ZN (CKND0BWP40P140)     0.16       2.00 r
  core16_4/core4_1/mult_x_3/U1829/ZN (MUX2ND0BWP40P140)
                                                          0.09       2.10 f
  core16_4/core4_1/mult_x_3/U1830/ZN (CKND0BWP40P140)     0.04       2.14 r
  core16_4/core4_1/mult_x_3/U1837/ZN (ND2D0BWP40P140HVT)
                                                          0.20       2.34 f
  core16_4/core4_1/mult_x_3/U1838/ZN (CKND0BWP40P140)     0.15       2.48 r
  core16_4/core4_1/mult_x_3/U1969/ZN (AOI222D0BWP40P140)
                                                          0.06       2.54 f
  core16_4/core4_1/mult_x_3/U1970/ZN (MUX2ND0BWP40P140)
                                                          0.07       2.61 r
  core16_4/core4_1/mult_x_3/U1875/CO (HA1D0BWP40P140)     0.06       2.68 r
  core16_4/core4_1/mult_x_3/U1466/CO (HA1D1BWP40P140)     0.04       2.72 r
  core16_4/core4_1/mult_x_3/U1536/CO (FA1D0BWP40P140)     0.07       2.79 r
  core16_4/core4_1/mult_x_3/U2063/CO (FA1D1BWP40P140)     0.06       2.84 r
  core16_4/core4_1/mult_x_3/U2059/CO (FA1D1BWP40P140)     0.05       2.89 r
  core16_4/core4_1/mult_x_3/U1538/CO (FA1D0BWP40P140)     0.07       2.96 r
  core16_4/core4_1/mult_x_3/U2052/CO (FA1D1BWP40P140)     0.06       3.02 r
  core16_4/core4_1/mult_x_3/U2049/S (FA1D1BWP40P140)      0.10       3.11 f
  core16_4/core4_1/mult_x_3/U1545/CO (FA1D0BWP40P140)     0.08       3.19 f
  core16_4/core4_1/mult_x_3/U2160/CO (FA1D1BWP40P140)     0.06       3.25 f
  core16_4/core4_1/mult_x_3/U2156/CO (FA1D1BWP40P140)     0.06       3.31 f
  core16_4/core4_1/mult_x_3/U1546/CO (FA1D0BWP40P140)     0.07       3.38 f
  core16_4/core4_1/mult_x_3/U2150/CO (FA1D1BWP40P140)     0.06       3.44 f
  core16_4/core4_1/mult_x_3/U2146/CO (FA1D1BWP40P140)     0.06       3.49 f
  core16_4/core4_1/mult_x_3/U1547/CO (FA1D0BWP40P140)     0.07       3.56 f
  core16_4/core4_1/mult_x_3/U2139/CO (FA1D1BWP40P140)     0.06       3.62 f
  core16_4/core4_1/mult_x_3/U1388/CO (FA1D1BWP40P140LVT)
                                                          0.04       3.66 f
  core16_4/core4_1/mult_x_3/U1548/CO (FA1D0BWP40P140)     0.07       3.73 f
  core16_4/core4_1/mult_x_3/U2130/S (FA1D1BWP40P140)      0.09       3.82 f
  core16_4/core4_1/mult_x_3/U2259/CO (FA1D1BWP40P140)     0.07       3.89 f
  core16_4/core4_1/mult_x_3/U2238/CO (FA1D0BWP40P140)     0.07       3.96 f
  core16_4/core4_1/mult_x_3/U2253/CO (FA1D1BWP40P140)     0.06       4.02 f
  core16_4/core4_1/mult_x_3/U2249/CO (FA1D1BWP40P140)     0.06       4.07 f
  core16_4/core4_1/mult_x_3/U1559/CO (FA1D0BWP40P140)     0.07       4.14 f
  core16_4/core4_1/mult_x_3/U2242/CO (FA1D1BWP40P140)     0.06       4.20 f
  core16_4/core4_1/mult_x_3/U2315/CO (FA1D0BWP40P140)     0.07       4.27 f
  core16_4/core4_1/mult_x_3/U1560/S (FA1D0BWP40P140)      0.12       4.39 r
  core16_4/core4_1/mult_x_3/U2371/S (FA1D1BWP40P140)      0.11       4.50 f
  core16_4/core4_1/mult_x_3/U2499/CO (FA1D1BWP40P140)     0.07       4.57 f
  core16_4/core4_1/mult_x_3/U1625/CO (FA1D0BWP40P140)     0.07       4.64 f
  core16_4/core4_1/mult_x_3/U2545/CO (FA1D0BWP40P140)     0.07       4.71 f
  core16_4/core4_1/mult_x_3/U1427/CO (FA1D1BWP40P140LVT)
                                                          0.05       4.76 f
  core16_4/core4_1/mult_x_3/U1348/CO (FA1D1BWP40P140)     0.05       4.81 f
  core16_4/core4_1/mult_x_3/U2541/CO (FA1D1BWP40P140)     0.06       4.87 f
  core16_4/core4_1/mult_x_3/U2548/CO (FA1D1BWP40P140)     0.05       4.92 f
  core16_4/core4_1/mult_x_3/U1349/Z (XOR2UD0BWP40P140)
                                                          0.04       4.96 r
  core16_4/core4_1/mult_x_3/product[44] (core4_19_DW_mult_tc_J18_3)
                                                          0.00       4.96 r
  core16_4/core4_1/s_w_2_reg_44_/D (DFQD1BWP40P140)       0.00       4.96 r
  data arrival time                                                  4.96

  clock clk (rise edge)                                   5.00       5.00
  clock network delay (ideal)                             0.00       5.00
  core16_4/core4_1/s_w_2_reg_44_/CP (DFQD1BWP40P140)      0.00       5.00 r
  library setup time                                     -0.04       4.96
  data required time                                                 4.96
  --------------------------------------------------------------------------
  data required time                                                 4.96
  data arrival time                                                 -4.96
  --------------------------------------------------------------------------
  slack (MET)                                                        0.00


1
