 
****************************************
Report : timing
        -path full
        -delay min
        -max_paths 3
Design : core64_a32_b16_c32
Version: O-2018.06-SP5
Date   : Wed May 13 04:45:19 2026
****************************************

 # A fanout number of 1000 was used for high fanout net computations.

Operating Conditions: ffg0p99v125c   Library: tcbn28hpcplusbwp40p140hvtffg0p99v125c_ccs
Wire Load Model Mode: segmented

  Startpoint: core16_0/core4_0/interp/cReg_0_reg_1_
              (rising edge-triggered flip-flop clocked by clk)
  Endpoint: core16_0/s_w_0_reg_1_
            (rising edge-triggered flip-flop clocked by clk)
  Path Group: clk
  Path Type: min

  Des/Clust/Port     Wire Load Model       Library
  ------------------------------------------------
  core64_a32_b16_c32 ZeroWireload          tcbn28hpcplusbwp40p140hvtssg0p81vm40c_ccs

  Point                                                   Incr       Path
  --------------------------------------------------------------------------
  clock clk (rise edge)                                   0.00       0.00
  clock network delay (ideal)                             0.00       0.00
  core16_0/core4_0/interp/cReg_0_reg_1_/CP (DFQD1BWP40P140)
                                                          0.00 #     0.00 r
  core16_0/core4_0/interp/cReg_0_reg_1_/Q (DFQD1BWP40P140)
                                                          0.04       0.04 f
  core16_0/core4_0/interp/io_c_0[1] (Interpolation_49)
                                                          0.00       0.04 f
  core16_0/core4_0/io_c_0[1] (core4_48)                   0.00       0.04 f
  core16_0/s_w_0_reg_1_/D (DFQD1BWP40P140)                0.00       0.04 f
  data arrival time                                                  0.04

  clock clk (rise edge)                                   0.00       0.00
  clock network delay (ideal)                             0.00       0.00
  core16_0/s_w_0_reg_1_/CP (DFQD1BWP40P140)               0.00       0.00 r
  library hold time                                       0.01       0.01
  data required time                                                 0.01
  --------------------------------------------------------------------------
  data required time                                                 0.01
  data arrival time                                                 -0.04
  --------------------------------------------------------------------------
  slack (MET)                                                        0.04


  Startpoint: core16_0/core4_0/interp/cReg_0_reg_0_
              (rising edge-triggered flip-flop clocked by clk)
  Endpoint: core16_0/s_w_0_reg_0_
            (rising edge-triggered flip-flop clocked by clk)
  Path Group: clk
  Path Type: min

  Des/Clust/Port     Wire Load Model       Library
  ------------------------------------------------
  core64_a32_b16_c32 ZeroWireload          tcbn28hpcplusbwp40p140hvtssg0p81vm40c_ccs

  Point                                                   Incr       Path
  --------------------------------------------------------------------------
  clock clk (rise edge)                                   0.00       0.00
  clock network delay (ideal)                             0.00       0.00
  core16_0/core4_0/interp/cReg_0_reg_0_/CP (DFQD1BWP40P140)
                                                          0.00 #     0.00 r
  core16_0/core4_0/interp/cReg_0_reg_0_/Q (DFQD1BWP40P140)
                                                          0.04       0.04 f
  core16_0/core4_0/interp/io_c_0[0] (Interpolation_49)
                                                          0.00       0.04 f
  core16_0/core4_0/io_c_0[0] (core4_48)                   0.00       0.04 f
  core16_0/s_w_0_reg_0_/D (DFQD1BWP40P140)                0.00       0.04 f
  data arrival time                                                  0.04

  clock clk (rise edge)                                   0.00       0.00
  clock network delay (ideal)                             0.00       0.00
  core16_0/s_w_0_reg_0_/CP (DFQD1BWP40P140)               0.00       0.00 r
  library hold time                                       0.01       0.01
  data required time                                                 0.01
  --------------------------------------------------------------------------
  data required time                                                 0.01
  data arrival time                                                 -0.04
  --------------------------------------------------------------------------
  slack (MET)                                                        0.04


  Startpoint: core16_0/core4_0/interp/cReg_0_reg_2_
              (rising edge-triggered flip-flop clocked by clk)
  Endpoint: core16_0/s_w_0_reg_2_
            (rising edge-triggered flip-flop clocked by clk)
  Path Group: clk
  Path Type: min

  Des/Clust/Port     Wire Load Model       Library
  ------------------------------------------------
  core64_a32_b16_c32 ZeroWireload          tcbn28hpcplusbwp40p140hvtssg0p81vm40c_ccs

  Point                                                   Incr       Path
  --------------------------------------------------------------------------
  clock clk (rise edge)                                   0.00       0.00
  clock network delay (ideal)                             0.00       0.00
  core16_0/core4_0/interp/cReg_0_reg_2_/CP (DFQD1BWP40P140)
                                                          0.00 #     0.00 r
  core16_0/core4_0/interp/cReg_0_reg_2_/Q (DFQD1BWP40P140)
                                                          0.04       0.04 f
  core16_0/core4_0/interp/io_c_0[2] (Interpolation_49)
                                                          0.00       0.04 f
  core16_0/core4_0/io_c_0[2] (core4_48)                   0.00       0.04 f
  core16_0/s_w_0_reg_2_/D (DFQD1BWP40P140)                0.00       0.04 f
  data arrival time                                                  0.04

  clock clk (rise edge)                                   0.00       0.00
  clock network delay (ideal)                             0.00       0.00
  core16_0/s_w_0_reg_2_/CP (DFQD1BWP40P140)               0.00       0.00 r
  library hold time                                       0.01       0.01
  data required time                                                 0.01
  --------------------------------------------------------------------------
  data required time                                                 0.01
  data arrival time                                                 -0.04
  --------------------------------------------------------------------------
  slack (MET)                                                        0.04


1
