 
****************************************
Report : area
Design : core4_a24_b12_c24
Version: O-2018.06-SP5
Date   : Tue May 12 04:49:48 2026
****************************************

Library(s) Used:

    tcbn28hpcplusbwp40p140lvtssg0p81vm40c_ccs (File: /export1/Library/TN28HPC+/STD_CELL_ext/track9_200824/TSMCHOME/digital/Front_End/timing_power_noise/CCS/tcbn28hpcplusbwp40p140lvt_180a/tcbn28hpcplusbwp40p140lvtssg0p81vm40c_ccs.db)
    tcbn28hpcplusbwp40p140ssg0p81vm40c_ccs (File: /export1/Library/TN28HPC+/STD_CELL_ext/track9_200824/TSMCHOME/digital/Front_End/timing_power_noise/CCS/tcbn28hpcplusbwp40p140_180a/tcbn28hpcplusbwp40p140ssg0p81vm40c_ccs.db)
    tcbn28hpcplusbwp40p140hvtssg0p81vm40c_ccs (File: /export1/Library/TN28HPC+/STD_CELL_ext/track9_200824/TSMCHOME/digital/Front_End/timing_power_noise/CCS/tcbn28hpcplusbwp40p140hvt_180a/tcbn28hpcplusbwp40p140hvtssg0p81vm40c_ccs.db)

Number of ports:                         2962
Number of nets:                          9960
Number of cells:                         5392
Number of combinational cells:           5084
Number of sequential cells:               284
Number of macros/black boxes:               0
Number of buf/inv:                        701
Number of references:                      14

Combinational area:               6062.237904
Buf/Inv area:                      184.968002
Noncombinational area:             572.544009
Macro/Black Box area:                0.000000
Net Interconnect area:      undefined  (Wire load has zero net area)

Total cell area:                  6634.781913
Total area:                 undefined

Area of detected synthetic parts
--------------------------------
                                                  Perc. of
  Module               Implem.  Count       Area cell area
  -------------------- -------  ----- ---------- ---------
  DP_OP_106J2_122_5429     str      1  1510.4834     22.8%
  DP_OP_52J2_123_5738      str      1   154.2239      2.3%
  DP_OP_52J2_126_9921      str      1    82.6560      1.2%
  DP_OP_53J2_124_3642      str      1   213.9478      3.2%
  DP_OP_53J2_127_5236      str      1   108.1080      1.6%
  DP_OP_54J2_125_276       str      1   215.4599      3.2%
  DP_OP_54J2_128_3064      str      1   115.1639      1.7%
  DW_mult_tc           apparch      4  2249.7355     33.9%
  DW_mult_uns          apparch      3  1379.4523     20.8%
  -------------------- -------  ----- ---------- ---------
  DP_OP Subtotal:                   7  2400.0429     36.2%
  Total:                           14  6029.2307     90.9%

Subtotal of datapath(DP_OP) cell area:  2400.0429  36.2%  
Total synthetic cell area:              6029.2307  90.9%  

1
