 
****************************************
Report : timing
        -path full
        -delay max
        -max_paths 3
Design : core4_a32_b8_c32
Version: O-2018.06-SP5
Date   : Tue May 12 07:49:30 2026
****************************************

Operating Conditions: ssg0p81vm40c   Library: tcbn28hpcplusbwp40p140hvtssg0p81vm40c_ccs
Wire Load Model Mode: segmented

  Startpoint: io_b_0[0] (input port clocked by clk)
  Endpoint: s_w_3_reg_34_
            (rising edge-triggered flip-flop clocked by clk)
  Path Group: clk
  Path Type: max

  Des/Clust/Port     Wire Load Model       Library
  ------------------------------------------------
  core4_a32_b8_c32   ZeroWireload          tcbn28hpcplusbwp40p140hvtssg0p81vm40c_ccs
  core4_a32_b8_c32_DW_mult_uns_J2_0
                     ZeroWireload          tcbn28hpcplusbwp40p140hvtssg0p81vm40c_ccs
  Eval_1_DP_OP_52J3_123_8122_J3_0
                     ZeroWireload          tcbn28hpcplusbwp40p140hvtssg0p81vm40c_ccs
  Eval_1_DP_OP_53J3_124_1615_J3_0
                     ZeroWireload          tcbn28hpcplusbwp40p140hvtssg0p81vm40c_ccs
  Eval_1_DP_OP_54J3_125_8645_J3_0
                     ZeroWireload          tcbn28hpcplusbwp40p140hvtssg0p81vm40c_ccs
  core4_a32_b8_c32_DW_mult_tc_J2_2
                     ZeroWireload          tcbn28hpcplusbwp40p140hvtssg0p81vm40c_ccs

  Point                                                   Incr       Path
  --------------------------------------------------------------------------
  clock clk (rise edge)                                   0.00       0.00
  clock network delay (ideal)                             0.00       0.00
  input external delay                                    0.50       0.50 r
  io_b_0[0] (in)                                          0.00       0.50 r
  evalB/io_in_0[0] (Eval_1)                               0.00       0.50 r
  evalB/U11/ZN (CKND0BWP40P140)                           0.01       0.51 f
  evalB/U4/ZN (CKND0BWP40P140)                            0.05       0.56 r
  evalB/DP_OP_53J3_124_1615/I2[0] (Eval_1_DP_OP_53J3_124_1615_J3_0)
                                                          0.00       0.56 r
  evalB/DP_OP_53J3_124_1615/U50/S (HA1D0BWP40P140)        0.09       0.65 f
  evalB/DP_OP_53J3_124_1615/U82/ZN (IND2D0BWP40P140HVT)
                                                          0.08       0.74 f
  evalB/DP_OP_53J3_124_1615/U92/S (FA1D0BWP40P140)        0.25       0.99 r
  evalB/DP_OP_53J3_124_1615/O2[1] (Eval_1_DP_OP_53J3_124_1615_J3_0)
                                                          0.00       0.99 r
  evalB/io_out_3[1] (Eval_1)                              0.00       0.99 r
  mult_x_4/b[1] (core4_a32_b8_c32_DW_mult_tc_J2_2)        0.00       0.99 r
  mult_x_4/U773/ZN (CKND0BWP40P140)                       0.31       1.30 f
  mult_x_4/U840/ZN (AOI22D0BWP40P140)                     0.21       1.50 r
  mult_x_4/U841/ZN (CKND0BWP40P140)                       0.16       1.66 f
  mult_x_4/U772/ZN (AOI221D0BWP40P140)                    0.35       2.01 r
  mult_x_4/U770/Z (AO22D0BWP40P140)                       0.14       2.15 r
  mult_x_4/U1274/S (HA1D0BWP40P140)                       0.05       2.20 r
  mult_x_4/U1310/CO (FA1D0BWP40P140)                      0.07       2.27 r
  mult_x_4/U1309/CO (FA1D0BWP40P140)                      0.07       2.34 r
  mult_x_4/U1308/CO (FA1D0BWP40P140)                      0.07       2.42 r
  mult_x_4/U1307/CO (FA1D0BWP40P140)                      0.07       2.49 r
  mult_x_4/U1306/CO (FA1D0BWP40P140)                      0.07       2.57 r
  mult_x_4/U1305/CO (FA1D0BWP40P140)                      0.07       2.64 r
  mult_x_4/U1304/CO (FA1D0BWP40P140)                      0.07       2.71 r
  mult_x_4/U1303/CO (FA1D0BWP40P140)                      0.07       2.79 r
  mult_x_4/U1302/CO (FA1D0BWP40P140)                      0.07       2.86 r
  mult_x_4/U1301/CO (FA1D0BWP40P140)                      0.07       2.94 r
  mult_x_4/U1300/CO (FA1D0BWP40P140)                      0.07       3.01 r
  mult_x_4/U1299/CO (FA1D0BWP40P140)                      0.07       3.08 r
  mult_x_4/U1298/CO (FA1D0BWP40P140)                      0.07       3.16 r
  mult_x_4/U1297/CO (FA1D0BWP40P140)                      0.07       3.23 r
  mult_x_4/U1296/CO (FA1D0BWP40P140)                      0.07       3.31 r
  mult_x_4/U1295/CO (FA1D0BWP40P140)                      0.07       3.38 r
  mult_x_4/U1294/CO (FA1D0BWP40P140)                      0.07       3.45 r
  mult_x_4/U1293/CO (FA1D0BWP40P140)                      0.07       3.53 r
  mult_x_4/U1292/CO (FA1D0BWP40P140)                      0.07       3.60 r
  mult_x_4/U1291/CO (FA1D0BWP40P140)                      0.07       3.68 r
  mult_x_4/U1290/CO (FA1D0BWP40P140)                      0.07       3.75 r
  mult_x_4/U1289/CO (FA1D0BWP40P140)                      0.07       3.82 r
  mult_x_4/U1288/CO (FA1D0BWP40P140)                      0.07       3.90 r
  mult_x_4/U1287/CO (FA1D0BWP40P140)                      0.07       3.97 r
  mult_x_4/U1286/CO (FA1D0BWP40P140)                      0.07       4.05 r
  mult_x_4/U1285/CO (FA1D0BWP40P140)                      0.07       4.12 r
  mult_x_4/U1284/CO (FA1D0BWP40P140)                      0.07       4.19 r
  mult_x_4/U1283/CO (FA1D0BWP40P140)                      0.07       4.27 r
  mult_x_4/U1282/CO (FA1D0BWP40P140)                      0.07       4.34 r
  mult_x_4/U1328/CO (FA1D0BWP40P140)                      0.07       4.42 r
  mult_x_4/U1338/CO (FA1D0BWP40P140)                      0.07       4.48 r
  mult_x_4/U780/ZN (XNR2UD0BWP40P140)                     0.05       4.53 r
  mult_x_4/U779/ZN (XNR2UD0BWP40P140)                     0.06       4.59 r
  mult_x_4/U747/ZN (XNR2UD0BWP40P140)                     0.05       4.64 r
  mult_x_4/U775/ZN (XNR2UD0BWP40P140)                     0.05       4.69 r
  mult_x_4/U746/ZN (XNR2UD0BWP40P140)                     0.04       4.73 r
  mult_x_4/U745/Z (XOR2UD0BWP40P140)                      0.06       4.79 r
  mult_x_4/product[34] (core4_a32_b8_c32_DW_mult_tc_J2_2)
                                                          0.00       4.79 r
  s_w_3_reg_34_/D (DFKCNQD1BWP40P140)                     0.00       4.79 r
  data arrival time                                                  4.79

  clock clk (rise edge)                                   5.00       5.00
  clock network delay (ideal)                             0.00       5.00
  s_w_3_reg_34_/CP (DFKCNQD1BWP40P140)                    0.00       5.00 r
  library setup time                                     -0.05       4.95
  data required time                                                 4.95
  --------------------------------------------------------------------------
  data required time                                                 4.95
  data arrival time                                                 -4.79
  --------------------------------------------------------------------------
  slack (MET)                                                        0.16


  Startpoint: io_b_3[0] (input port clocked by clk)
  Endpoint: s_w_5_reg_34_
            (rising edge-triggered flip-flop clocked by clk)
  Path Group: clk
  Path Type: max

  Des/Clust/Port     Wire Load Model       Library
  ------------------------------------------------
  core4_a32_b8_c32   ZeroWireload          tcbn28hpcplusbwp40p140hvtssg0p81vm40c_ccs
  core4_a32_b8_c32_DW_mult_uns_J2_2
                     ZeroWireload          tcbn28hpcplusbwp40p140hvtssg0p81vm40c_ccs
  Eval_1_DP_OP_52J3_123_8122_J3_0
                     ZeroWireload          tcbn28hpcplusbwp40p140hvtssg0p81vm40c_ccs
  Eval_1_DP_OP_53J3_124_1615_J3_0
                     ZeroWireload          tcbn28hpcplusbwp40p140hvtssg0p81vm40c_ccs
  Eval_1_DP_OP_54J3_125_8645_J3_0
                     ZeroWireload          tcbn28hpcplusbwp40p140hvtssg0p81vm40c_ccs
  core4_a32_b8_c32_DW_mult_tc_J2_0
                     ZeroWireload          tcbn28hpcplusbwp40p140hvtssg0p81vm40c_ccs

  Point                                                   Incr       Path
  --------------------------------------------------------------------------
  clock clk (rise edge)                                   0.00       0.00
  clock network delay (ideal)                             0.00       0.00
  input external delay                                    0.50       0.50 r
  io_b_3[0] (in)                                          0.00       0.50 r
  evalB/io_in_3[0] (Eval_1)                               0.00       0.50 r
  evalB/U7/ZN (CKND0BWP40P140)                            0.01       0.51 f
  evalB/U6/ZN (CKND0BWP40P140)                            0.05       0.56 r
  evalB/DP_OP_54J3_125_8645/I3[0] (Eval_1_DP_OP_54J3_125_8645_J3_0)
                                                          0.00       0.56 r
  evalB/DP_OP_54J3_125_8645/U59/ZN (CKND0BWP40P140)       0.05       0.61 f
  evalB/DP_OP_54J3_125_8645/U97/S (FA1D0BWP40P140)        0.23       0.83 r
  evalB/DP_OP_54J3_125_8645/O2[1] (Eval_1_DP_OP_54J3_125_8645_J3_0)
                                                          0.00       0.83 r
  evalB/io_out_5[1] (Eval_1)                              0.00       0.83 r
  mult_x_6/b[1] (core4_a32_b8_c32_DW_mult_tc_J2_0)        0.00       0.83 r
  mult_x_6/U947/ZN (CKND0BWP40P140)                       0.31       1.15 f
  mult_x_6/U813/ZN (AOI22D0BWP40P140)                     0.21       1.35 r
  mult_x_6/U814/ZN (CKND0BWP40P140)                       0.16       1.51 f
  mult_x_6/U765/ZN (AOI221D0BWP40P140)                    0.35       1.86 r
  mult_x_6/U1309/Z (AO22D0BWP40P140)                      0.14       2.00 r
  mult_x_6/U1311/S (HA1D0BWP40P140)                       0.05       2.05 r
  mult_x_6/U1347/CO (FA1D0BWP40P140)                      0.07       2.12 r
  mult_x_6/U1346/CO (FA1D0BWP40P140)                      0.07       2.20 r
  mult_x_6/U1345/CO (FA1D0BWP40P140)                      0.07       2.27 r
  mult_x_6/U1344/CO (FA1D0BWP40P140)                      0.07       2.35 r
  mult_x_6/U1343/CO (FA1D0BWP40P140)                      0.07       2.42 r
  mult_x_6/U1342/CO (FA1D0BWP40P140)                      0.07       2.49 r
  mult_x_6/U1341/CO (FA1D0BWP40P140)                      0.07       2.57 r
  mult_x_6/U1340/CO (FA1D0BWP40P140)                      0.07       2.64 r
  mult_x_6/U1339/CO (FA1D0BWP40P140)                      0.07       2.72 r
  mult_x_6/U1338/CO (FA1D0BWP40P140)                      0.07       2.79 r
  mult_x_6/U1337/CO (FA1D0BWP40P140)                      0.07       2.86 r
  mult_x_6/U1336/CO (FA1D0BWP40P140)                      0.07       2.94 r
  mult_x_6/U1335/CO (FA1D0BWP40P140)                      0.07       3.01 r
  mult_x_6/U1334/CO (FA1D0BWP40P140)                      0.07       3.09 r
  mult_x_6/U1333/CO (FA1D0BWP40P140)                      0.07       3.16 r
  mult_x_6/U1332/CO (FA1D0BWP40P140)                      0.07       3.23 r
  mult_x_6/U1331/CO (FA1D0BWP40P140)                      0.07       3.31 r
  mult_x_6/U1330/CO (FA1D0BWP40P140)                      0.07       3.38 r
  mult_x_6/U1329/CO (FA1D0BWP40P140)                      0.07       3.46 r
  mult_x_6/U1328/CO (FA1D0BWP40P140)                      0.07       3.53 r
  mult_x_6/U1327/CO (FA1D0BWP40P140)                      0.07       3.60 r
  mult_x_6/U1326/CO (FA1D0BWP40P140)                      0.07       3.68 r
  mult_x_6/U1325/CO (FA1D0BWP40P140)                      0.07       3.75 r
  mult_x_6/U1324/CO (FA1D0BWP40P140)                      0.07       3.83 r
  mult_x_6/U1323/CO (FA1D0BWP40P140)                      0.07       3.90 r
  mult_x_6/U1322/CO (FA1D0BWP40P140)                      0.07       3.97 r
  mult_x_6/U1321/CO (FA1D0BWP40P140)                      0.07       4.05 r
  mult_x_6/U1320/CO (FA1D0BWP40P140)                      0.07       4.12 r
  mult_x_6/U1319/CO (FA1D0BWP40P140)                      0.07       4.20 r
  mult_x_6/U1367/CO (FA1D0BWP40P140)                      0.07       4.27 r
  mult_x_6/U1378/CO (FA1D0BWP40P140)                      0.07       4.34 r
  mult_x_6/U781/Z (XOR4D0BWP40P140)                       0.10       4.44 r
  mult_x_6/U747/Z (XOR4D0BWP40P140)                       0.12       4.56 r
  mult_x_6/U826/Z (XOR4D0BWP40P140)                       0.12       4.68 r
  mult_x_6/U783/Z (XOR4D0BWP40P140)                       0.10       4.77 r
  mult_x_6/product[34] (core4_a32_b8_c32_DW_mult_tc_J2_0)
                                                          0.00       4.77 r
  s_w_5_reg_34_/D (DFKCNQD1BWP40P140)                     0.00       4.77 r
  data arrival time                                                  4.77

  clock clk (rise edge)                                   5.00       5.00
  clock network delay (ideal)                             0.00       5.00
  s_w_5_reg_34_/CP (DFKCNQD1BWP40P140)                    0.00       5.00 r
  library setup time                                     -0.04       4.96
  data required time                                                 4.96
  --------------------------------------------------------------------------
  data required time                                                 4.96
  data arrival time                                                 -4.77
  --------------------------------------------------------------------------
  slack (MET)                                                        0.18


  Startpoint: io_b_0[0] (input port clocked by clk)
  Endpoint: s_w_4_reg_34_
            (rising edge-triggered flip-flop clocked by clk)
  Path Group: clk
  Path Type: max

  Des/Clust/Port     Wire Load Model       Library
  ------------------------------------------------
  core4_a32_b8_c32   ZeroWireload          tcbn28hpcplusbwp40p140hvtssg0p81vm40c_ccs
  core4_a32_b8_c32_DW_mult_uns_J2_0
                     ZeroWireload          tcbn28hpcplusbwp40p140hvtssg0p81vm40c_ccs
  Eval_1_DP_OP_52J3_123_8122_J3_0
                     ZeroWireload          tcbn28hpcplusbwp40p140hvtssg0p81vm40c_ccs
  Eval_1_DP_OP_53J3_124_1615_J3_0
                     ZeroWireload          tcbn28hpcplusbwp40p140hvtssg0p81vm40c_ccs
  Eval_1_DP_OP_54J3_125_8645_J3_0
                     ZeroWireload          tcbn28hpcplusbwp40p140hvtssg0p81vm40c_ccs
  core4_a32_b8_c32_DW_mult_tc_J2_1
                     ZeroWireload          tcbn28hpcplusbwp40p140hvtssg0p81vm40c_ccs

  Point                                                   Incr       Path
  --------------------------------------------------------------------------
  clock clk (rise edge)                                   0.00       0.00
  clock network delay (ideal)                             0.00       0.00
  input external delay                                    0.50       0.50 r
  io_b_0[0] (in)                                          0.00       0.50 r
  evalB/io_in_0[0] (Eval_1)                               0.00       0.50 r
  evalB/U11/ZN (CKND0BWP40P140)                           0.01       0.51 f
  evalB/U4/ZN (CKND0BWP40P140)                            0.05       0.56 r
  evalB/DP_OP_54J3_125_8645/I1[2] (Eval_1_DP_OP_54J3_125_8645_J3_0)
                                                          0.00       0.56 r
  evalB/DP_OP_54J3_125_8645/U81/CO (HA1D0BWP40P140)       0.06       0.63 r
  evalB/DP_OP_54J3_125_8645/U78/CO (FA1D0BWP40P140)       0.07       0.70 r
  evalB/DP_OP_54J3_125_8645/U75/CO (FA1D0BWP40P140)       0.07       0.77 r
  evalB/DP_OP_54J3_125_8645/U72/CO (FA1D0BWP40P140)       0.07       0.84 r
  evalB/DP_OP_54J3_125_8645/U69/CO (FA1D0BWP40P140)       0.07       0.92 r
  evalB/DP_OP_54J3_125_8645/U66/S (FA1D0BWP40P140)        0.13       1.04 f
  evalB/DP_OP_54J3_125_8645/U101/CO (FA1D0BWP40P140)      0.09       1.13 f
  evalB/DP_OP_54J3_125_8645/U100/S (FA1D0BWP40P140)       0.20       1.34 r
  evalB/DP_OP_54J3_125_8645/O1[9] (Eval_1_DP_OP_54J3_125_8645_J3_0)
                                                          0.00       1.34 r
  evalB/io_out_4[9] (Eval_1)                              0.00       1.34 r
  mult_x_5/b[9] (core4_a32_b8_c32_DW_mult_tc_J2_1)        0.00       1.34 r
  mult_x_5/U794/ZN (CKND0BWP40P140)                       0.17       1.51 f
  mult_x_5/U825/ZN (AOI22D0BWP40P140)                     0.28       1.78 r
  mult_x_5/U750/ZN (AOI221D0BWP40P140)                    0.20       1.99 f
  mult_x_5/U746/Z (AO22D0BWP40P140)                       0.15       2.14 f
  mult_x_5/U1236/S (FA1D0BWP40P140)                       0.12       2.26 r
  mult_x_5/U1248/S (FA1D0BWP40P140)                       0.11       2.37 f
  mult_x_5/U1260/S (FA1D0BWP40P140)                       0.12       2.49 r
  mult_x_5/U1338/CO (FA1D0BWP40P140)                      0.08       2.56 r
  mult_x_5/U1337/CO (FA1D0BWP40P140)                      0.07       2.64 r
  mult_x_5/U1336/CO (FA1D0BWP40P140)                      0.07       2.71 r
  mult_x_5/U1335/CO (FA1D0BWP40P140)                      0.07       2.79 r
  mult_x_5/U1334/CO (FA1D0BWP40P140)                      0.07       2.86 r
  mult_x_5/U1333/CO (FA1D0BWP40P140)                      0.07       2.93 r
  mult_x_5/U1332/CO (FA1D0BWP40P140)                      0.07       3.01 r
  mult_x_5/U1331/CO (FA1D0BWP40P140)                      0.07       3.08 r
  mult_x_5/U1330/CO (FA1D0BWP40P140)                      0.07       3.16 r
  mult_x_5/U1329/CO (FA1D0BWP40P140)                      0.07       3.23 r
  mult_x_5/U1328/CO (FA1D0BWP40P140)                      0.07       3.30 r
  mult_x_5/U1327/CO (FA1D0BWP40P140)                      0.07       3.38 r
  mult_x_5/U1326/CO (FA1D0BWP40P140)                      0.07       3.45 r
  mult_x_5/U1325/CO (FA1D0BWP40P140)                      0.07       3.53 r
  mult_x_5/U1324/CO (FA1D0BWP40P140)                      0.07       3.60 r
  mult_x_5/U1323/CO (FA1D0BWP40P140)                      0.07       3.68 r
  mult_x_5/U1322/CO (FA1D0BWP40P140)                      0.07       3.75 r
  mult_x_5/U1321/CO (FA1D0BWP40P140)                      0.07       3.82 r
  mult_x_5/U1320/CO (FA1D0BWP40P140)                      0.07       3.90 r
  mult_x_5/U1319/CO (FA1D0BWP40P140)                      0.07       3.97 r
  mult_x_5/U1318/CO (FA1D0BWP40P140)                      0.07       4.05 r
  mult_x_5/U1367/CO (FA1D0BWP40P140)                      0.07       4.12 r
  mult_x_5/U1378/CO (FA1D0BWP40P140)                      0.07       4.19 r
  mult_x_5/U744/Z (XOR4D0BWP40P140)                       0.10       4.29 r
  mult_x_5/U743/Z (XOR4D0BWP40P140)                       0.12       4.40 r
  mult_x_5/U813/Z (XOR4D0BWP40P140)                       0.12       4.53 r
  mult_x_5/U760/Z (XOR4D0BWP40P140)                       0.10       4.62 r
  mult_x_5/product[34] (core4_a32_b8_c32_DW_mult_tc_J2_1)
                                                          0.00       4.62 r
  s_w_4_reg_34_/D (DFKCNQD1BWP40P140)                     0.00       4.62 r
  data arrival time                                                  4.62

  clock clk (rise edge)                                   5.00       5.00
  clock network delay (ideal)                             0.00       5.00
  s_w_4_reg_34_/CP (DFKCNQD1BWP40P140)                    0.00       5.00 r
  library setup time                                     -0.04       4.96
  data required time                                                 4.96
  --------------------------------------------------------------------------
  data required time                                                 4.96
  data arrival time                                                 -4.62
  --------------------------------------------------------------------------
  slack (MET)                                                        0.34


1
