Information: Updating design information... (UID-85)
Warning: Design 'core64_a32_b12_c32' contains 10 high-fanout nets. A fanout number of 1000 will be used for delay calculations involving these nets. (TIM-134)
 
****************************************
Report : qor
Design : core64_a32_b12_c32
Version: O-2018.06-SP5
Date   : Wed May 13 02:39:44 2026
****************************************


  Timing Path Group 'clk'
  -----------------------------------
  Levels of Logic:              73.00
  Critical Path Length:          4.47
  Critical Path Slack:           0.00
  Critical Path Clk Period:      5.00
  Total Negative Slack:          0.00
  No. of Violating Paths:        0.00
  Worst Hold Violation:          0.00
  Total Hold Violation:          0.00
  No. of Hold Violations:        0.00
  -----------------------------------


  Cell Count
  -----------------------------------
  Hierarchical Cell Count:       1314
  Hierarchical Port Count:     375294
  Leaf Cell Count:             629998
  Buf/Inv Cell Count:           74540
  Buf Cell Count:                9974
  Inv Cell Count:               64566
  CT Buf/Inv Cell Count:            0
  Combinational Cell Count:    591448
  Sequential Cell Count:        38550
  Macro Count:                      0
  -----------------------------------


  Area
  -----------------------------------
  Combinational Area:   746039.814736
  Noncombinational Area: 77699.665244
  Buf/Inv Area:          20070.918173
  Total Buffer Area:          3772.94
  Total Inverter Area:       16297.97
  Macro/Black Box Area:      0.000000
  Net Area:                  0.000000
  -----------------------------------
  Cell Area:            823739.479980
  Design Area:          823739.479980


  Design Rules
  -----------------------------------
  Total Number of Nets:        887256
  Nets With Violations:             0
  Max Trans Violations:             0
  Max Cap Violations:               0
  -----------------------------------


  Hostname: inspur19

  Compile CPU Statistics
  -----------------------------------------
  Resource Sharing:                    0.00
  Logic Optimization:                  0.00
  Mapping Optimization:                0.00
  -----------------------------------------
  Overall Compile Time:            11500.85
  Overall Compile Wall Clock Time:   966.75

  --------------------------------------------------------------------

  Design  WNS: 0.00  TNS: 0.00  Number of Violating Paths: 0


  Design (Hold)  WNS: 0.00  TNS: 0.00  Number of Violating Paths: 0

  --------------------------------------------------------------------


1
