 
****************************************
Report : timing
        -path full
        -delay max
        -nets
        -max_paths 1
        -transition_time
Design : core16_a32_b12_c32
Version: O-2018.06-SP5
Date   : Tue May 12 15:57:40 2026
****************************************

 # A fanout number of 1000 was used for high fanout net computations.

Operating Conditions: ssg0p81vm40c   Library: tcbn28hpcplusbwp40p140hvtssg0p81vm40c_ccs
Wire Load Model Mode: segmented

  Startpoint: io_b_15[0] (input port clocked by clk)
  Endpoint: core4_2/s_w_2_reg_37_
            (rising edge-triggered flip-flop clocked by clk)
  Path Group: clk
  Path Type: max

  Des/Clust/Port     Wire Load Model       Library
  ------------------------------------------------
  core16_a32_b12_c32 ZeroWireload          tcbn28hpcplusbwp40p140hvtssg0p81vm40c_ccs
  Eval_1_0_DP_OP_52J7_122_7082_J7_0_0 ZeroWireload tcbn28hpcplusbwp40p140hvtssg0p81vm40c_ccs
  Eval_1_0_DP_OP_53J7_123_1358_J7_0_0 ZeroWireload tcbn28hpcplusbwp40p140hvtssg0p81vm40c_ccs
  Eval_1_0_DP_OP_54J7_124_7047_J7_0_0 ZeroWireload tcbn28hpcplusbwp40p140hvtssg0p81vm40c_ccs
  Eval_9_4_DP_OP_56J8_130_4817_J8_0 ZeroWireload tcbn28hpcplusbwp40p140hvtssg0p81vm40c_ccs
  Eval_9_4_DP_OP_55J8_129_3266_J8_0 ZeroWireload tcbn28hpcplusbwp40p140hvtssg0p81vm40c_ccs
  Eval_9_4_DP_OP_54J8_128_4538_J8_0 ZeroWireload tcbn28hpcplusbwp40p140hvtssg0p81vm40c_ccs
  core4_4_DW_mult_tc_J7_2 ZeroWireload     tcbn28hpcplusbwp40p140hvtssg0p81vm40c_ccs

Attributes:
    d - dont_touch
    u - dont_use
   mo - map_only
   so - size_only
    i - ideal_net or ideal_network
  inf - infeasible path

  Point                                       Fanout     Trans      Incr       Path      Attributes
  ---------------------------------------------------------------------------------------------------------
  clock clk (rise edge)                                             0.00       0.00
  clock network delay (ideal)                                       0.00       0.00
  input external delay                                              0.50       0.50 r
  io_b_15[0] (in)                                         0.00      0.00       0.50 r
  io_b_15[0] (net)                              1                   0.00       0.50 r
  evalB_3/io_in_3[0] (Eval_1_0)                                     0.00       0.50 r
  evalB_3/io_in_3[0] (net)                                          0.00       0.50 r
  evalB_3/U26/ZN (INVD0P7BWP40P140)                       0.01      0.01       0.51 f
  evalB_3/n3 (net)                              1                   0.00       0.51 f
  evalB_3/U7/ZN (CKND0BWP40P140)                          0.06      0.04       0.55 r
  evalB_3/io_out_0[0] (net)                     4                   0.00       0.55 r
  evalB_3/DP_OP_53J7_123_1358/I4[0] (Eval_1_0_DP_OP_53J7_123_1358_J7_0_0)     0.00     0.55 r
  evalB_3/DP_OP_53J7_123_1358/I4[0] (net)                           0.00       0.55 r
  evalB_3/DP_OP_53J7_123_1358/U87/CO (HA1D0BWP40P140)     0.02      0.06       0.60 r
  evalB_3/DP_OP_53J7_123_1358/n168 (net)        1                   0.00       0.60 r
  evalB_3/DP_OP_53J7_123_1358/U103/S (FA1D1BWP40P140)     0.03      0.10       0.70 f
  evalB_3/DP_OP_53J7_123_1358/n171 (net)        2                   0.00       0.70 f
  evalB_3/DP_OP_53J7_123_1358/U101/S (FA1D1BWP40P140)     0.05      0.13       0.84 r
  evalB_3/DP_OP_53J7_123_1358/O1[1] (net)       5                   0.00       0.84 r
  evalB_3/DP_OP_53J7_123_1358/O1[1] (Eval_1_0_DP_OP_53J7_123_1358_J7_0_0)     0.00     0.84 r
  evalB_3/io_out_2[1] (net)                                         0.00       0.84 r
  evalB_3/io_out_2[1] (Eval_1_0)                                    0.00       0.84 r
  evalB_3_io_out_2[1] (net)                                         0.00       0.84 r
  core4_2/io_b_3[1] (core4_4)                                       0.00       0.84 r
  core4_2/io_b_3[1] (net)                                           0.00       0.84 r
  core4_2/evalB/io_in_3[1] (Eval_9_4)                               0.00       0.84 r
  core4_2/evalB/io_in_3[1] (net)                                    0.00       0.84 r
  core4_2/evalB/DP_OP_55J8_129_3266/I4[1] (Eval_9_4_DP_OP_55J8_129_3266_J8_0)     0.00     0.84 r
  core4_2/evalB/DP_OP_55J8_129_3266/I4[1] (net)                     0.00       0.84 r
  core4_2/evalB/DP_OP_55J8_129_3266/U141/CO (FA1D0BWP40P140)     0.03     0.08     0.92 r
  core4_2/evalB/DP_OP_55J8_129_3266/n231 (net)     1                0.00       0.92 r
  core4_2/evalB/DP_OP_55J8_129_3266/U154/CO (FA1D0BWP40P140)     0.03     0.07     0.99 r
  core4_2/evalB/DP_OP_55J8_129_3266/n229 (net)     1                0.00       0.99 r
  core4_2/evalB/DP_OP_55J8_129_3266/U124/CO (FA1D0BWP40P140)     0.03     0.07     1.07 r
  core4_2/evalB/DP_OP_55J8_129_3266/n227 (net)     1                0.00       1.07 r
  core4_2/evalB/DP_OP_55J8_129_3266/U109/CO (FA1D0BWP40P140)     0.03     0.07     1.14 r
  core4_2/evalB/DP_OP_55J8_129_3266/n225 (net)     1                0.00       1.14 r
  core4_2/evalB/DP_OP_55J8_129_3266/U138/CO (FA1D0BWP40P140)     0.03     0.07     1.22 r
  core4_2/evalB/DP_OP_55J8_129_3266/n223 (net)     1                0.00       1.22 r
  core4_2/evalB/DP_OP_55J8_129_3266/U116/CO (FA1D0BWP40P140)     0.03     0.07     1.29 r
  core4_2/evalB/DP_OP_55J8_129_3266/n221 (net)     1                0.00       1.29 r
  core4_2/evalB/DP_OP_55J8_129_3266/U129/CO (FA1D0BWP40P140)     0.03     0.07     1.37 r
  core4_2/evalB/DP_OP_55J8_129_3266/n219 (net)     1                0.00       1.37 r
  core4_2/evalB/DP_OP_55J8_129_3266/U146/CO (FA1D0BWP40P140)     0.03     0.07     1.44 r
  core4_2/evalB/DP_OP_55J8_129_3266/n217 (net)     1                0.00       1.44 r
  core4_2/evalB/DP_OP_55J8_129_3266/U118/CO (FA1D0BWP40P140)     0.03     0.07     1.51 r
  core4_2/evalB/DP_OP_55J8_129_3266/n215 (net)     1                0.00       1.51 r
  core4_2/evalB/DP_OP_55J8_129_3266/U127/S (FA1D0BWP40P140)     0.04     0.12     1.63 f
  core4_2/evalB/DP_OP_55J8_129_3266/n261 (net)     2                0.00       1.63 f
  core4_2/evalB/DP_OP_55J8_129_3266/U145/CO (FA1D0BWP40P140)     0.03     0.08     1.71 f
  core4_2/evalB/DP_OP_55J8_129_3266/n258 (net)     1                0.00       1.71 f
  core4_2/evalB/DP_OP_55J8_129_3266/U107/S (FA1D1BWP40P140)     0.10     0.14     1.86 f
  core4_2/evalB/DP_OP_55J8_129_3266/O1[11] (net)    33              0.00       1.86 f
  core4_2/evalB/DP_OP_55J8_129_3266/O1[11] (Eval_9_4_DP_OP_55J8_129_3266_J8_0)     0.00     1.86 f
  core4_2/evalB/io_out_2[11] (net)                                  0.00       1.86 f
  core4_2/evalB/io_out_2[11] (Eval_9_4)                             0.00       1.86 f
  core4_2/evalB_io_out_2[11] (net)                                  0.00       1.86 f
  core4_2/mult_x_3/b[11] (core4_4_DW_mult_tc_J7_2)                  0.00       1.86 f
  core4_2/mult_x_3/b[11] (net)                                      0.00       1.86 f
  core4_2/mult_x_3/U1111/ZN (CKND0BWP40P140)              0.18      0.16       2.01 r
  core4_2/mult_x_3/n1827 (net)                 31                   0.00       2.01 r
  core4_2/mult_x_3/U1485/ZN (MUX2ND0BWP40P140)            0.06      0.08       2.09 f
  core4_2/mult_x_3/n1512 (net)                  3                   0.00       2.09 f
  core4_2/mult_x_3/U1488/ZN (NR2D0BWP40P140)              0.34      0.23       2.33 r
  core4_2/mult_x_3/n1809 (net)                 28                   0.00       2.33 r
  core4_2/mult_x_3/U1176/ZN (AOI222D0BWP40P140)           0.11      0.11       2.43 f
  core4_2/mult_x_3/n1636 (net)                  1                   0.00       2.43 f
  core4_2/mult_x_3/U1561/ZN (MUX2ND0BWP40P140)            0.07      0.07       2.51 r
  core4_2/mult_x_3/n1776 (net)                  1                   0.00       2.51 r
  core4_2/mult_x_3/U1160/CO (HA1D0BWP40P140)              0.03      0.06       2.57 r
  core4_2/mult_x_3/n1771 (net)                  1                   0.00       2.57 r
  core4_2/mult_x_3/U1157/CO (HA1D0BWP40P140)              0.02      0.05       2.62 r
  core4_2/mult_x_3/n1766 (net)                  1                   0.00       2.62 r
  core4_2/mult_x_3/U1216/CO (FA1D0BWP40P140)              0.03      0.07       2.69 r
  core4_2/mult_x_3/n1761 (net)                  1                   0.00       2.69 r
  core4_2/mult_x_3/U1217/CO (FA1D0BWP40P140)              0.03      0.07       2.76 r
  core4_2/mult_x_3/n1756 (net)                  1                   0.00       2.76 r
  core4_2/mult_x_3/U1218/CO (FA1D0BWP40P140)              0.03      0.07       2.83 r
  core4_2/mult_x_3/n1751 (net)                  1                   0.00       2.83 r
  core4_2/mult_x_3/U1219/CO (FA1D0BWP40P140)              0.03      0.07       2.91 r
  core4_2/mult_x_3/n1746 (net)                  1                   0.00       2.91 r
  core4_2/mult_x_3/U1220/CO (FA1D0BWP40P140)              0.03      0.07       2.98 r
  core4_2/mult_x_3/n1741 (net)                  1                   0.00       2.98 r
  core4_2/mult_x_3/U1221/CO (FA1D0BWP40P140)              0.03      0.07       3.06 r
  core4_2/mult_x_3/n1736 (net)                  1                   0.00       3.06 r
  core4_2/mult_x_3/U1222/CO (FA1D0BWP40P140)              0.03      0.07       3.13 r
  core4_2/mult_x_3/n1731 (net)                  1                   0.00       3.13 r
  core4_2/mult_x_3/U1223/CO (FA1D0BWP40P140)              0.03      0.07       3.21 r
  core4_2/mult_x_3/n1726 (net)                  1                   0.00       3.21 r
  core4_2/mult_x_3/U1215/CO (FA1D0BWP40P140)              0.03      0.07       3.28 r
  core4_2/mult_x_3/n1721 (net)                  1                   0.00       3.28 r
  core4_2/mult_x_3/U1224/CO (FA1D0BWP40P140)              0.03      0.07       3.35 r
  core4_2/mult_x_3/n1716 (net)                  1                   0.00       3.35 r
  core4_2/mult_x_3/U1225/CO (FA1D0BWP40P140)              0.03      0.07       3.43 r
  core4_2/mult_x_3/n1711 (net)                  1                   0.00       3.43 r
  core4_2/mult_x_3/U1226/CO (FA1D0BWP40P140)              0.03      0.07       3.50 r
  core4_2/mult_x_3/n1706 (net)                  1                   0.00       3.50 r
  core4_2/mult_x_3/U1227/CO (FA1D0BWP40P140)              0.03      0.07       3.58 r
  core4_2/mult_x_3/n1701 (net)                  1                   0.00       3.58 r
  core4_2/mult_x_3/U1228/S (FA1D0BWP40P140)               0.03      0.11       3.69 f
  core4_2/mult_x_3/n1891 (net)                  1                   0.00       3.69 f
  core4_2/mult_x_3/U1256/S (FA1D0BWP40P140)               0.04      0.13       3.82 r
  core4_2/mult_x_3/n2073 (net)                  1                   0.00       3.82 r
  core4_2/mult_x_3/U1312/CO (FA1D0BWP40P140)              0.03      0.08       3.90 r
  core4_2/mult_x_3/n2065 (net)                  1                   0.00       3.90 r
  core4_2/mult_x_3/U1314/CO (FA1D0BWP40P140)              0.03      0.07       3.97 r
  core4_2/mult_x_3/n2059 (net)                  1                   0.00       3.97 r
  core4_2/mult_x_3/U1316/CO (FA1D0BWP40P140)              0.03      0.07       4.05 r
  core4_2/mult_x_3/n2053 (net)                  1                   0.00       4.05 r
  core4_2/mult_x_3/U1318/CO (FA1D0BWP40P140)              0.03      0.07       4.12 r
  core4_2/mult_x_3/n2047 (net)                  1                   0.00       4.12 r
  core4_2/mult_x_3/U1320/CO (FA1D0BWP40P140)              0.03      0.07       4.20 r
  core4_2/mult_x_3/n2041 (net)                  1                   0.00       4.20 r
  core4_2/mult_x_3/U1161/CO (FA1D0BWP40P140)              0.03      0.07       4.27 r
  core4_2/mult_x_3/n2035 (net)                  1                   0.00       4.27 r
  core4_2/mult_x_3/U1158/CO (FA1D0BWP40P140)              0.03      0.07       4.34 r
  core4_2/mult_x_3/n2029 (net)                  1                   0.00       4.34 r
  core4_2/mult_x_3/U1324/CO (FA1D0BWP40P140)              0.03      0.07       4.42 r
  core4_2/mult_x_3/n2023 (net)                  1                   0.00       4.42 r
  core4_2/mult_x_3/U1326/CO (FA1D0BWP40P140)              0.03      0.07       4.49 r
  core4_2/mult_x_3/n2017 (net)                  1                   0.00       4.49 r
  core4_2/mult_x_3/U1328/CO (FA1D0BWP40P140)              0.03      0.07       4.57 r
  core4_2/mult_x_3/n2009 (net)                  1                   0.00       4.57 r
  core4_2/mult_x_3/U1274/CO (FA1D0BWP40P140)              0.03      0.07       4.64 r
  core4_2/mult_x_3/n2001 (net)                  1                   0.00       4.64 r
  core4_2/mult_x_3/U1330/CO (FA1D0BWP40P140)              0.03      0.07       4.71 r
  core4_2/mult_x_3/n1995 (net)                  1                   0.00       4.71 r
  core4_2/mult_x_3/U1146/Z (XOR4D0BWP40P140)              0.03      0.10       4.82 r
  core4_2/mult_x_3/n2000 (net)                  1                   0.00       4.82 r
  core4_2/mult_x_3/U1115/ZN (XNR2UD0BWP40P140)            0.06      0.04       4.86 r
  core4_2/mult_x_3/n2217 (net)                  1                   0.00       4.86 r
  core4_2/mult_x_3/U1114/ZN (XNR2UD0BWP40P140)            0.04      0.04       4.90 r
  core4_2/mult_x_3/n2218 (net)                  1                   0.00       4.90 r
  core4_2/mult_x_3/U1113/Z (XOR3UD0BWP40P140)             0.04      0.06       4.96 r
  core4_2/mult_x_3/product[37] (net)            1                   0.00       4.96 r
  core4_2/mult_x_3/product[37] (core4_4_DW_mult_tc_J7_2)            0.00       4.96 r
  core4_2/n_w_2_T_1[37] (net)                                       0.00       4.96 r
  core4_2/s_w_2_reg_37_/D (DFQD1BWP40P140)                0.04      0.00       4.96 r
  data arrival time                                                            4.96

  clock clk (rise edge)                                             5.00       5.00
  clock network delay (ideal)                                       0.00       5.00
  core4_2/s_w_2_reg_37_/CP (DFQD1BWP40P140)                         0.00       5.00 r
  library setup time                                               -0.04       4.96
  data required time                                                           4.96
  ---------------------------------------------------------------------------------------------------------
  data required time                                                           4.96
  data arrival time                                                           -4.96
  ---------------------------------------------------------------------------------------------------------
  slack (MET)                                                                  0.00


1
