 
****************************************
Report : timing
        -path full
        -delay max
        -max_paths 3
Design : core4_a24_b8_c24
Version: O-2018.06-SP5
Date   : Tue May 12 05:43:49 2026
****************************************

Operating Conditions: ssg0p81vm40c   Library: tcbn28hpcplusbwp40p140hvtssg0p81vm40c_ccs
Wire Load Model Mode: segmented

  Startpoint: io_b_0[2] (input port clocked by clk)
  Endpoint: s_w_2_reg_26_
            (rising edge-triggered flip-flop clocked by clk)
  Path Group: clk
  Path Type: max

  Des/Clust/Port     Wire Load Model       Library
  ------------------------------------------------
  core4_a24_b8_c24   ZeroWireload          tcbn28hpcplusbwp40p140hvtssg0p81vm40c_ccs
  core4_a24_b8_c24_DW_mult_uns_J2_0
                     ZeroWireload          tcbn28hpcplusbwp40p140hvtssg0p81vm40c_ccs
  Eval_1_DP_OP_52J2_126_8122_J2_0
                     ZeroWireload          tcbn28hpcplusbwp40p140hvtssg0p81vm40c_ccs
  Eval_1_DP_OP_53J2_127_1615_J2_0
                     ZeroWireload          tcbn28hpcplusbwp40p140hvtssg0p81vm40c_ccs
  Eval_1_DP_OP_54J2_128_8645_J2_0
                     ZeroWireload          tcbn28hpcplusbwp40p140hvtssg0p81vm40c_ccs
  core4_a24_b8_c24_DW_mult_uns_J2_1
                     ZeroWireload          tcbn28hpcplusbwp40p140hvtssg0p81vm40c_ccs

  Point                                                   Incr       Path
  --------------------------------------------------------------------------
  clock clk (rise edge)                                   0.00       0.00
  clock network delay (ideal)                             0.00       0.00
  input external delay                                    0.50       0.50 r
  io_b_0[2] (in)                                          0.00       0.50 r
  evalB/io_in_0[2] (Eval_1)                               0.00       0.50 r
  evalB/U21/ZN (CKND0BWP40P140)                           0.01       0.51 f
  evalB/U5/ZN (CKND0BWP40P140)                            0.15       0.65 r
  evalB/DP_OP_53J2_127_1615/I2[2] (Eval_1_DP_OP_53J2_127_1615_J2_0)
                                                          0.00       0.65 r
  evalB/DP_OP_53J2_127_1615/U85/S (FA1D1BWP40P140)        0.17       0.83 f
  evalB/DP_OP_53J2_127_1615/U86/CO (FA1D0BWP40P140)       0.08       0.90 f
  evalB/DP_OP_53J2_127_1615/U73/CO (FA1D1BWP40P140)       0.06       0.97 f
  evalB/DP_OP_53J2_127_1615/U69/CO (FA1D1BWP40P140)       0.06       1.02 f
  evalB/DP_OP_53J2_127_1615/U81/CO (FA1D0BWP40P140)       0.07       1.09 f
  evalB/DP_OP_53J2_127_1615/U62/CO (FA1D1BWP40P140)       0.06       1.15 f
  evalB/DP_OP_53J2_127_1615/U55/CO (FA1D1BWP40P140)       0.06       1.20 f
  evalB/DP_OP_53J2_127_1615/U64/S (FA1D0BWP40P140)        0.19       1.39 r
  evalB/DP_OP_53J2_127_1615/O1[8] (Eval_1_DP_OP_53J2_127_1615_J2_0)
                                                          0.00       1.39 r
  evalB/io_out_2[8] (Eval_1)                              0.00       1.39 r
  mult_x_3/b[8] (core4_a24_b8_c24_DW_mult_uns_J2_1)       0.00       1.39 r
  mult_x_3/U718/ZN (CKND0BWP40P140)                       0.14       1.53 f
  mult_x_3/U707/ZN (MUX2ND0BWP40P140)                     0.10       1.63 r
  mult_x_3/U677/ZN (INR2D0BWP40P140)                      0.14       1.77 r
  mult_x_3/U660/ZN (AOI222D0BWP40P140)                    0.09       1.86 f
  mult_x_3/U629/ZN (MUX2ND0BWP40P140)                     0.08       1.94 f
  mult_x_3/U614/CO (HA1D1BWP40P140)                       0.05       1.99 f
  mult_x_3/U608/CO (HA1D1BWP40P140)                       0.03       2.02 f
  mult_x_3/U597/CO (FA1D1BWP40P140)                       0.05       2.07 f
  mult_x_3/U573/CO (FA1D1BWP40P140)                       0.06       2.13 f
  mult_x_3/U569/CO (FA1D1BWP40P140)                       0.06       2.18 f
  mult_x_3/U553/CO (FA1D1BWP40P140)                       0.06       2.24 f
  mult_x_3/U536/CO (FA1D1BWP40P140)                       0.06       2.29 f
  mult_x_3/U561/CO (FA1D0BWP40P140)                       0.07       2.36 f
  mult_x_3/U533/CO (FA1D0BWP40P140)                       0.07       2.43 f
  mult_x_3/U508/CO (FA1D1BWP40P140)                       0.06       2.49 f
  mult_x_3/U519/CO (FA1D0BWP40P140)                       0.07       2.56 f
  mult_x_3/U487/CO (FA1D1BWP40P140)                       0.06       2.62 f
  mult_x_3/U482/CO (FA1D1BWP40P140)                       0.06       2.68 f
  mult_x_3/U517/S (FA1D0BWP40P140)                        0.12       2.80 r
  mult_x_3/U474/S (FA1D1BWP40P140)                        0.11       2.91 f
  mult_x_3/U471/CO (FA1D1BWP40P140)                       0.07       2.97 f
  mult_x_3/U751/CO (FA1D0BWP40P140)                       0.07       3.04 f
  mult_x_3/U467/CO (FA1D1BWP40P140)                       0.06       3.10 f
  mult_x_3/U462/CO (FA1D1BWP40P140)                       0.06       3.16 f
  mult_x_3/U461/CO (FA1D1BWP40P140)                       0.06       3.21 f
  mult_x_3/U459/CO (FA1D1BWP40P140)                       0.05       3.26 f
  mult_x_3/U458/ZN (MUX2ND0BWP40P140)                     0.04       3.30 f
  mult_x_3/U457/ZN (XNR4D0BWP40P140)                      0.13       3.43 r
  mult_x_3/U456/Z (XOR3UD0BWP40P140)                      0.05       3.48 r
  mult_x_3/U455/Z (XOR3UD0BWP40P140)                      0.06       3.54 r
  mult_x_3/product[26] (core4_a24_b8_c24_DW_mult_uns_J2_1)
                                                          0.00       3.54 r
  s_w_2_reg_26_/D (DFKCNQD1BWP40P140)                     0.00       3.54 r
  data arrival time                                                  3.54

  clock clk (rise edge)                                   5.00       5.00
  clock network delay (ideal)                             0.00       5.00
  s_w_2_reg_26_/CP (DFKCNQD1BWP40P140)                    0.00       5.00 r
  library setup time                                     -0.05       4.95
  data required time                                                 4.95
  --------------------------------------------------------------------------
  data required time                                                 4.95
  data arrival time                                                 -3.54
  --------------------------------------------------------------------------
  slack (MET)                                                        1.41


  Startpoint: io_b_3[2] (input port clocked by clk)
  Endpoint: s_w_4_reg_26_
            (rising edge-triggered flip-flop clocked by clk)
  Path Group: clk
  Path Type: max

  Des/Clust/Port     Wire Load Model       Library
  ------------------------------------------------
  core4_a24_b8_c24   ZeroWireload          tcbn28hpcplusbwp40p140hvtssg0p81vm40c_ccs
  core4_a24_b8_c24_DW_mult_uns_J2_2
                     ZeroWireload          tcbn28hpcplusbwp40p140hvtssg0p81vm40c_ccs
  Eval_1_DP_OP_52J2_126_8122_J2_0
                     ZeroWireload          tcbn28hpcplusbwp40p140hvtssg0p81vm40c_ccs
  Eval_1_DP_OP_53J2_127_1615_J2_0
                     ZeroWireload          tcbn28hpcplusbwp40p140hvtssg0p81vm40c_ccs
  Eval_1_DP_OP_54J2_128_8645_J2_0
                     ZeroWireload          tcbn28hpcplusbwp40p140hvtssg0p81vm40c_ccs
  core4_a24_b8_c24_DW_mult_tc_J2_1
                     ZeroWireload          tcbn28hpcplusbwp40p140hvtssg0p81vm40c_ccs

  Point                                                   Incr       Path
  --------------------------------------------------------------------------
  clock clk (rise edge)                                   0.00       0.00
  clock network delay (ideal)                             0.00       0.00
  input external delay                                    0.50       0.50 f
  io_b_3[2] (in)                                          0.00       0.50 f
  evalB/io_in_3[2] (Eval_1)                               0.00       0.50 f
  evalB/U18/ZN (CKND0BWP40P140)                           0.01       0.51 r
  evalB/U7/ZN (CKND0BWP40P140)                            0.14       0.65 f
  evalB/DP_OP_54J2_128_8645/I3[2] (Eval_1_DP_OP_54J2_128_8645_J2_0)
                                                          0.00       0.65 f
  evalB/DP_OP_54J2_128_8645/U105/CO (HA1D1BWP40P140)      0.10       0.75 f
  evalB/DP_OP_54J2_128_8645/U100/S (FA1D1BWP40P140)       0.10       0.85 r
  evalB/DP_OP_54J2_128_8645/U95/S (FA1D0BWP40P140)        0.18       1.02 f
  evalB/DP_OP_54J2_128_8645/O1[3] (Eval_1_DP_OP_54J2_128_8645_J2_0)
                                                          0.00       1.02 f
  evalB/io_out_4[3] (Eval_1)                              0.00       1.02 f
  mult_x_5/b[3] (core4_a24_b8_c24_DW_mult_tc_J2_1)        0.00       1.02 f
  mult_x_5/U865/ZN (CKND0BWP40P140)                       0.16       1.19 r
  mult_x_5/U859/ZN (AOI22D0BWP40P140)                     0.21       1.39 f
  mult_x_5/U856/ZN (AOI221D0BWP40P140)                    0.30       1.69 r
  mult_x_5/U988/Z (AO22D0BWP40P140)                       0.13       1.82 r
  mult_x_5/U824/S (FA1D1BWP40P140)                        0.10       1.92 f
  mult_x_5/U821/CO (FA1D1BWP40P140)                       0.06       1.99 f
  mult_x_5/U840/CO (FA1D0BWP40P140)                       0.07       2.06 f
  mult_x_5/U765/CO (FA1D1BWP40P140)                       0.06       2.12 f
  mult_x_5/U814/CO (FA1D0BWP40P140)                       0.07       2.18 f
  mult_x_5/U712/CO (FA1D1BWP40P140)                       0.06       2.24 f
  mult_x_5/U680/CO (FA1D1BWP40P140)                       0.06       2.30 f
  mult_x_5/U666/CO (FA1D1BWP40P140)                       0.06       2.36 f
  mult_x_5/U650/CO (FA1D1BWP40P140)                       0.06       2.41 f
  mult_x_5/U641/CO (FA1D1BWP40P140)                       0.06       2.47 f
  mult_x_5/U620/CO (FA1D1BWP40P140)                       0.06       2.52 f
  mult_x_5/U604/CO (FA1D1BWP40P140)                       0.06       2.58 f
  mult_x_5/U597/CO (FA1D1BWP40P140)                       0.06       2.63 f
  mult_x_5/U580/CO (FA1D1BWP40P140)                       0.06       2.69 f
  mult_x_5/U568/CO (FA1D1BWP40P140)                       0.06       2.74 f
  mult_x_5/U802/CO (FA1D0BWP40P140)                       0.07       2.81 f
  mult_x_5/U555/CO (FA1D1BWP40P140)                       0.06       2.87 f
  mult_x_5/U549/CO (FA1D1BWP40P140)                       0.06       2.93 f
  mult_x_5/U547/CO (FA1D1BWP40P140)                       0.06       2.98 f
  mult_x_5/U544/CO (FA1D1BWP40P140)                       0.06       3.04 f
  mult_x_5/U543/CO (FA1D1BWP40P140)                       0.06       3.09 f
  mult_x_5/U800/CO (FA1D0BWP40P140)                       0.06       3.15 f
  mult_x_5/U541/Z (XOR4D0BWP40P140)                       0.11       3.27 r
  mult_x_5/U540/Z (XOR4D0BWP40P140)                       0.12       3.39 r
  mult_x_5/U539/Z (XOR4D0BWP40P140)                       0.10       3.48 r
  mult_x_5/product[26] (core4_a24_b8_c24_DW_mult_tc_J2_1)
                                                          0.00       3.48 r
  s_w_4_reg_26_/D (DFKCNQD1BWP40P140)                     0.00       3.48 r
  data arrival time                                                  3.48

  clock clk (rise edge)                                   5.00       5.00
  clock network delay (ideal)                             0.00       5.00
  s_w_4_reg_26_/CP (DFKCNQD1BWP40P140)                    0.00       5.00 r
  library setup time                                     -0.04       4.96
  data required time                                                 4.96
  --------------------------------------------------------------------------
  data required time                                                 4.96
  data arrival time                                                 -3.48
  --------------------------------------------------------------------------
  slack (MET)                                                        1.47


  Startpoint: io_b_3[0] (input port clocked by clk)
  Endpoint: s_w_3_reg_26_
            (rising edge-triggered flip-flop clocked by clk)
  Path Group: clk
  Path Type: max

  Des/Clust/Port     Wire Load Model       Library
  ------------------------------------------------
  core4_a24_b8_c24   ZeroWireload          tcbn28hpcplusbwp40p140hvtssg0p81vm40c_ccs
  core4_a24_b8_c24_DW_mult_uns_J2_2
                     ZeroWireload          tcbn28hpcplusbwp40p140hvtssg0p81vm40c_ccs
  Eval_1_DP_OP_52J2_126_8122_J2_0
                     ZeroWireload          tcbn28hpcplusbwp40p140hvtssg0p81vm40c_ccs
  Eval_1_DP_OP_53J2_127_1615_J2_0
                     ZeroWireload          tcbn28hpcplusbwp40p140hvtssg0p81vm40c_ccs
  Eval_1_DP_OP_54J2_128_8645_J2_0
                     ZeroWireload          tcbn28hpcplusbwp40p140hvtssg0p81vm40c_ccs
  core4_a24_b8_c24_DW_mult_tc_J2_2
                     ZeroWireload          tcbn28hpcplusbwp40p140hvtssg0p81vm40c_ccs

  Point                                                   Incr       Path
  --------------------------------------------------------------------------
  clock clk (rise edge)                                   0.00       0.00
  clock network delay (ideal)                             0.00       0.00
  input external delay                                    0.50       0.50 r
  io_b_3[0] (in)                                          0.00       0.50 r
  evalB/io_in_3[0] (Eval_1)                               0.00       0.50 r
  evalB/U17/ZN (CKND0BWP40P140)                           0.01       0.51 f
  evalB/U6/ZN (CKND0BWP40P140)                            0.05       0.56 r
  evalB/DP_OP_53J2_127_1615/I4[0] (Eval_1_DP_OP_53J2_127_1615_J2_0)
                                                          0.00       0.56 r
  evalB/DP_OP_53J2_127_1615/U92/CO (HA1D1BWP40P140)       0.06       0.62 r
  evalB/DP_OP_53J2_127_1615/U90/S (FA1D1BWP40P140)        0.09       0.72 f
  evalB/DP_OP_53J2_127_1615/U83/ZN (CKND0BWP40P140)       0.03       0.74 r
  evalB/DP_OP_53J2_127_1615/U70/S (FA1D0BWP40P140)        0.18       0.92 f
  evalB/DP_OP_53J2_127_1615/O2[1] (Eval_1_DP_OP_53J2_127_1615_J2_0)
                                                          0.00       0.92 f
  evalB/io_out_3[1] (Eval_1)                              0.00       0.92 f
  mult_x_4/b[1] (core4_a24_b8_c24_DW_mult_tc_J2_2)        0.00       0.92 f
  mult_x_4/U869/ZN (CKND0BWP40P140)                       0.25       1.17 r
  mult_x_4/U746/ZN (AOI22D0BWP40P140)                     0.26       1.44 f
  mult_x_4/U857/ZN (AOI221D0BWP40P140)                    0.32       1.76 r
  mult_x_4/U976/Z (AO22D0BWP40P140)                       0.13       1.89 r
  mult_x_4/U845/S (HA1D1BWP40P140)                        0.06       1.95 f
  mult_x_4/U842/CO (FA1D1BWP40P140)                       0.06       2.01 f
  mult_x_4/U830/CO (FA1D1BWP40P140)                       0.06       2.07 f
  mult_x_4/U822/CO (FA1D1BWP40P140)                       0.06       2.12 f
  mult_x_4/U810/CO (FA1D1BWP40P140)                       0.06       2.18 f
  mult_x_4/U769/CO (FA1D1BWP40P140)                       0.06       2.23 f
  mult_x_4/U745/CO (FA1D1BWP40P140)                       0.06       2.29 f
  mult_x_4/U739/CO (FA1D1BWP40P140)                       0.06       2.35 f
  mult_x_4/U710/CO (FA1D1BWP40P140)                       0.06       2.40 f
  mult_x_4/U701/CO (FA1D1BWP40P140)                       0.06       2.46 f
  mult_x_4/U694/CO (FA1D1BWP40P140)                       0.06       2.51 f
  mult_x_4/U666/CO (FA1D1BWP40P140)                       0.06       2.57 f
  mult_x_4/U661/CO (FA1D1BWP40P140)                       0.06       2.62 f
  mult_x_4/U635/CO (FA1D1BWP40P140)                       0.06       2.68 f
  mult_x_4/U629/CO (FA1D1BWP40P140)                       0.06       2.73 f
  mult_x_4/U613/CO (FA1D1BWP40P140)                       0.06       2.79 f
  mult_x_4/U597/CO (FA1D1BWP40P140)                       0.06       2.85 f
  mult_x_4/U583/CO (FA1D1BWP40P140)                       0.06       2.90 f
  mult_x_4/U574/CO (FA1D1BWP40P140)                       0.06       2.96 f
  mult_x_4/U560/CO (FA1D1BWP40P140)                       0.06       3.01 f
  mult_x_4/U555/CO (FA1D1BWP40P140)                       0.06       3.07 f
  mult_x_4/U549/CO (FA1D1BWP40P140)                       0.06       3.12 f
  mult_x_4/U546/CO (FA1D1BWP40P140)                       0.06       3.18 f
  mult_x_4/U544/CO (FA1D1BWP40P140)                       0.05       3.23 f
  mult_x_4/U542/ZN (XNR2UD0BWP40P140)                     0.04       3.27 r
  mult_x_4/U541/ZN (XNR2UD0BWP40P140)                     0.05       3.32 r
  mult_x_4/U540/ZN (XNR2UD0BWP40P140)                     0.05       3.37 r
  mult_x_4/U539/Z (XOR2UD0BWP40P140)                      0.05       3.42 r
  mult_x_4/product[26] (core4_a24_b8_c24_DW_mult_tc_J2_2)
                                                          0.00       3.42 r
  s_w_3_reg_26_/D (DFKCNQD1BWP40P140)                     0.00       3.42 r
  data arrival time                                                  3.42

  clock clk (rise edge)                                   5.00       5.00
  clock network delay (ideal)                             0.00       5.00
  s_w_3_reg_26_/CP (DFKCNQD1BWP40P140)                    0.00       5.00 r
  library setup time                                     -0.05       4.95
  data required time                                                 4.95
  --------------------------------------------------------------------------
  data required time                                                 4.95
  data arrival time                                                 -3.42
  --------------------------------------------------------------------------
  slack (MET)                                                        1.53


1
