 
****************************************
Report : timing
        -path full
        -delay max
        -nets
        -max_paths 1
        -transition_time
Design : core16_a24_b14_c24
Version: O-2018.06-SP5
Date   : Tue May 12 13:31:32 2026
****************************************

 # A fanout number of 1000 was used for high fanout net computations.

Operating Conditions: ssg0p81vm40c   Library: tcbn28hpcplusbwp40p140hvtssg0p81vm40c_ccs
Wire Load Model Mode: segmented

  Startpoint: io_b_15[0] (input port clocked by clk)
  Endpoint: core4_5/s_w_5_reg_29_
            (rising edge-triggered flip-flop clocked by clk)
  Path Group: clk
  Path Type: max

  Des/Clust/Port     Wire Load Model       Library
  ------------------------------------------------
  core16_a24_b14_c24 ZeroWireload          tcbn28hpcplusbwp40p140hvtssg0p81vm40c_ccs
  Eval_1_0_DP_OP_52J5_129_4593_J5_0_0 ZeroWireload tcbn28hpcplusbwp40p140hvtssg0p81vm40c_ccs
  Eval_1_0_DP_OP_53J5_130_1321_J5_0_0 ZeroWireload tcbn28hpcplusbwp40p140hvtssg0p81vm40c_ccs
  Eval_1_0_DP_OP_54J5_131_2501_J5_0_0 ZeroWireload tcbn28hpcplusbwp40p140hvtssg0p81vm40c_ccs
  core4_1_DW_mult_tc_J8_6_0 ZeroWireload   tcbn28hpcplusbwp40p140hvtssg0p81vm40c_ccs
  Eval_9_1_DP_OP_53J12_122_4467_J12_0_0 ZeroWireload tcbn28hpcplusbwp40p140hvtssg0p81vm40c_ccs
  Eval_9_1_DP_OP_54J12_123_1582_J12_0_0 ZeroWireload tcbn28hpcplusbwp40p140hvtssg0p81vm40c_ccs
  Eval_9_1_DP_OP_55J12_124_5235_J12_0_0 ZeroWireload tcbn28hpcplusbwp40p140hvtssg0p81vm40c_ccs
  core4_1_DW_mult_tc_J8_1_0 ZeroWireload   tcbn28hpcplusbwp40p140hvtssg0p81vm40c_ccs

Attributes:
    d - dont_touch
    u - dont_use
   mo - map_only
   so - size_only
    i - ideal_net or ideal_network
  inf - infeasible path

  Point                                       Fanout     Trans      Incr       Path      Attributes
  ---------------------------------------------------------------------------------------------------------
  clock clk (rise edge)                                             0.00       0.00
  clock network delay (ideal)                                       0.00       0.00
  input external delay                                              0.50       0.50 r
  io_b_15[0] (in)                                         0.00      0.00       0.50 r
  io_b_15[0] (net)                              1                   0.00       0.50 r
  evalB_3/io_in_3[0] (Eval_1_0)                                     0.00       0.50 r
  evalB_3/io_in_3[0] (net)                                          0.00       0.50 r
  evalB_3/U30/ZN (CKND0BWP40P140)                         0.01      0.01       0.51 f
  evalB_3/n1 (net)                              1                   0.00       0.51 f
  evalB_3/U29/ZN (CKND0BWP40P140)                         0.06      0.04       0.55 r
  evalB_3/io_out_0[0] (net)                     4                   0.00       0.55 r
  evalB_3/DP_OP_54J5_131_2501/I3[0] (Eval_1_0_DP_OP_54J5_131_2501_J5_0_0)     0.00     0.55 r
  evalB_3/DP_OP_54J5_131_2501/I3[0] (net)                           0.00       0.55 r
  evalB_3/DP_OP_54J5_131_2501/U163/ZN (CKND0BWP40P140)     0.03     0.04       0.59 f
  evalB_3/DP_OP_54J5_131_2501/n230 (net)        2                   0.00       0.59 f
  evalB_3/DP_OP_54J5_131_2501/U108/CO (FA1D1BWP40P140)     0.02     0.06       0.66 f
  evalB_3/DP_OP_54J5_131_2501/n228 (net)        1                   0.00       0.66 f
  evalB_3/DP_OP_54J5_131_2501/U107/CO (FA1D1BWP40P140)     0.02     0.06       0.71 f
  evalB_3/DP_OP_54J5_131_2501/n227 (net)        1                   0.00       0.71 f
  evalB_3/DP_OP_54J5_131_2501/U104/S (FA1D1BWP40P140)     0.02      0.10       0.82 r
  evalB_3/DP_OP_54J5_131_2501/O2[3] (net)       1                   0.00       0.82 r
  evalB_3/DP_OP_54J5_131_2501/O2[3] (Eval_1_0_DP_OP_54J5_131_2501_J5_0_0)     0.00     0.82 r
  evalB_3/io_out_5[3] (net)                                         0.00       0.82 r
  evalB_3/io_out_5[3] (Eval_1_0)                                    0.00       0.82 r
  evalB_3_io_out_5[3] (net)                                         0.00       0.82 r
  core4_5/io_b_3[3] (core4_1)                                       0.00       0.82 r
  core4_5/io_b_3[3] (net)                                           0.00       0.82 r
  core4_5/evalB/io_in_3[3] (Eval_9_1)                               0.00       0.82 r
  core4_5/evalB/io_in_3[3] (net)                                    0.00       0.82 r
  core4_5/evalB/U20/ZN (CKND0BWP40P140)                   0.01      0.02       0.84 f
  core4_5/evalB/n3 (net)                        1                   0.00       0.84 f
  core4_5/evalB/U19/ZN (INVD1BWP40P140)                   0.13      0.08       0.92 r
  core4_5/evalB/io_out_0[3] (net)              33                   0.00       0.92 r
  core4_5/evalB/DP_OP_55J12_124_5235/I3[3] (Eval_9_1_DP_OP_55J12_124_5235_J12_0_0)     0.00     0.92 r
  core4_5/evalB/DP_OP_55J12_124_5235/I3[3] (net)                    0.00       0.92 r
  core4_5/evalB/DP_OP_55J12_124_5235/U167/CO (FA1D0BWP40P140)     0.03     0.11     1.02 r
  core4_5/evalB/DP_OP_55J12_124_5235/n291 (net)     1               0.00       1.02 r
  core4_5/evalB/DP_OP_55J12_124_5235/U190/CO (FA1D0BWP40P140)     0.03     0.07     1.10 r
  core4_5/evalB/DP_OP_55J12_124_5235/n298 (net)     1               0.00       1.10 r
  core4_5/evalB/DP_OP_55J12_124_5235/U122/S (FA1D0BWP40P140)     0.04     0.12     1.22 f
  core4_5/evalB/DP_OP_55J12_124_5235/n304 (net)     2               0.00       1.22 f
  core4_5/evalB/DP_OP_55J12_124_5235/U212/ZN (CKND0BWP40P140)     0.03     0.04     1.25 r
  core4_5/evalB/DP_OP_55J12_124_5235/n351 (net)     1               0.00       1.25 r
  core4_5/evalB/DP_OP_55J12_124_5235/U127/CO (FA1D0BWP40P140)     0.03     0.07     1.33 r
  core4_5/evalB/DP_OP_55J12_124_5235/n417 (net)     1               0.00       1.33 r
  core4_5/evalB/DP_OP_55J12_124_5235/U168/CO (FA1D0BWP40P140)     0.03     0.07     1.40 r
  core4_5/evalB/DP_OP_55J12_124_5235/n414 (net)     1               0.00       1.40 r
  core4_5/evalB/DP_OP_55J12_124_5235/U188/CO (FA1D0BWP40P140)     0.03     0.07     1.48 r
  core4_5/evalB/DP_OP_55J12_124_5235/n366 (net)     1               0.00       1.48 r
  core4_5/evalB/DP_OP_55J12_124_5235/U124/CO (FA1D1BWP40P140)     0.02     0.06     1.53 r
  core4_5/evalB/DP_OP_55J12_124_5235/n411 (net)     1               0.00       1.53 r
  core4_5/evalB/DP_OP_55J12_124_5235/U150/CO (FA1D0BWP40P140)     0.03     0.07     1.60 r
  core4_5/evalB/DP_OP_55J12_124_5235/n408 (net)     1               0.00       1.60 r
  core4_5/evalB/DP_OP_55J12_124_5235/U172/CO (FA1D0BWP40P140)     0.03     0.07     1.67 r
  core4_5/evalB/DP_OP_55J12_124_5235/n405 (net)     1               0.00       1.67 r
  core4_5/evalB/DP_OP_55J12_124_5235/U198/CO (FA1D0BWP40P140)     0.03     0.07     1.75 r
  core4_5/evalB/DP_OP_55J12_124_5235/n402 (net)     1               0.00       1.75 r
  core4_5/evalB/DP_OP_55J12_124_5235/U194/CO (FA1D0BWP40P140)     0.03     0.07     1.82 r
  core4_5/evalB/DP_OP_55J12_124_5235/n399 (net)     1               0.00       1.82 r
  core4_5/evalB/DP_OP_55J12_124_5235/U195/CO (FA1D0BWP40P140)     0.03     0.07     1.90 r
  core4_5/evalB/DP_OP_55J12_124_5235/n396 (net)     1               0.00       1.90 r
  core4_5/evalB/DP_OP_55J12_124_5235/U193/S (FA1D0BWP40P140)     0.11     0.16     2.06 f
  core4_5/evalB/DP_OP_55J12_124_5235/O2[14] (net)    20             0.00       2.06 f
  core4_5/evalB/DP_OP_55J12_124_5235/O2[14] (Eval_9_1_DP_OP_55J12_124_5235_J12_0_0)     0.00     2.06 f
  core4_5/evalB/io_out_5[14] (net)                                  0.00       2.06 f
  core4_5/evalB/io_out_5[14] (Eval_9_1)                             0.00       2.06 f
  core4_5/evalB_io_out_5[14] (net)                                  0.00       2.06 f
  core4_5/mult_x_6/b[14] (core4_1_DW_mult_tc_J8_1_0)                0.00       2.06 f
  core4_5/mult_x_6/b[14] (net)                                      0.00       2.06 f
  core4_5/mult_x_6/U908/ZN (INVD0P7BWP40P140)             0.11      0.11       2.17 r
  core4_5/mult_x_6/n1832 (net)                 22                   0.00       2.17 r
  core4_5/mult_x_6/U1143/ZN (MUX2ND0BWP40P140)            0.05      0.06       2.23 f
  core4_5/mult_x_6/n1108 (net)                  3                   0.00       2.23 f
  core4_5/mult_x_6/U1034/ZN (IND3D0BWP40P140HVT)          0.34      0.25       2.48 f
  core4_5/mult_x_6/n1320 (net)                 16                   0.00       2.48 f
  core4_5/mult_x_6/U1119/ZN (OAI222D0BWP40P140)           0.08      0.16       2.64 r
  core4_5/mult_x_6/n1321 (net)                  1                   0.00       2.64 r
  core4_5/mult_x_6/U1296/ZN (AOI21D0BWP40P140)            0.05      0.04       2.68 f
  core4_5/mult_x_6/n1323 (net)                  1                   0.00       2.68 f
  core4_5/mult_x_6/U1297/ZN (MUX2ND0BWP40P140)            0.06      0.05       2.73 r
  core4_5/mult_x_6/n1406 (net)                  1                   0.00       2.73 r
  core4_5/mult_x_6/U899/CO (HA1D0BWP40P140)               0.02      0.06       2.78 r
  core4_5/mult_x_6/n1400 (net)                  1                   0.00       2.78 r
  core4_5/mult_x_6/U975/S (FA1D0BWP40P140)                0.03      0.11       2.90 f
  core4_5/mult_x_6/n1492 (net)                  1                   0.00       2.90 f
  core4_5/mult_x_6/U996/S (FA1D0BWP40P140)                0.04      0.13       3.03 r
  core4_5/mult_x_6/n1601 (net)                  1                   0.00       3.03 r
  core4_5/mult_x_6/U1018/CO (FA1D0BWP40P140)              0.03      0.08       3.11 r
  core4_5/mult_x_6/n1594 (net)                  1                   0.00       3.11 r
  core4_5/mult_x_6/U1019/CO (FA1D0BWP40P140)              0.03      0.07       3.18 r
  core4_5/mult_x_6/n1589 (net)                  1                   0.00       3.18 r
  core4_5/mult_x_6/U1020/CO (FA1D0BWP40P140)              0.03      0.07       3.25 r
  core4_5/mult_x_6/n1584 (net)                  1                   0.00       3.25 r
  core4_5/mult_x_6/U1021/S (FA1D0BWP40P140)               0.03      0.11       3.37 f
  core4_5/mult_x_6/n1722 (net)                  1                   0.00       3.37 f
  core4_5/mult_x_6/U1063/S (FA1D0BWP40P140)               0.04      0.13       3.50 r
  core4_5/mult_x_6/n1926 (net)                  1                   0.00       3.50 r
  core4_5/mult_x_6/U1102/CO (FA1D0BWP40P140)              0.03      0.08       3.58 r
  core4_5/mult_x_6/n1921 (net)                  1                   0.00       3.58 r
  core4_5/mult_x_6/U1103/CO (FA1D0BWP40P140)              0.03      0.07       3.65 r
  core4_5/mult_x_6/n1918 (net)                  1                   0.00       3.65 r
  core4_5/mult_x_6/U1104/CO (FA1D0BWP40P140)              0.03      0.07       3.73 r
  core4_5/mult_x_6/n1915 (net)                  1                   0.00       3.73 r
  core4_5/mult_x_6/U1105/CO (FA1D0BWP40P140)              0.03      0.07       3.80 r
  core4_5/mult_x_6/n1912 (net)                  1                   0.00       3.80 r
  core4_5/mult_x_6/U1106/CO (FA1D0BWP40P140)              0.03      0.07       3.88 r
  core4_5/mult_x_6/n1909 (net)                  1                   0.00       3.88 r
  core4_5/mult_x_6/U1107/CO (FA1D0BWP40P140)              0.03      0.07       3.95 r
  core4_5/mult_x_6/n1906 (net)                  1                   0.00       3.95 r
  core4_5/mult_x_6/U1108/CO (FA1D0BWP40P140)              0.03      0.07       4.02 r
  core4_5/mult_x_6/n1903 (net)                  1                   0.00       4.02 r
  core4_5/mult_x_6/U1109/CO (FA1D0BWP40P140)              0.03      0.07       4.10 r
  core4_5/mult_x_6/n1900 (net)                  1                   0.00       4.10 r
  core4_5/mult_x_6/U1110/CO (FA1D0BWP40P140)              0.03      0.07       4.17 r
  core4_5/mult_x_6/n1897 (net)                  1                   0.00       4.17 r
  core4_5/mult_x_6/U1111/CO (FA1D0BWP40P140)              0.03      0.07       4.25 r
  core4_5/mult_x_6/n1894 (net)                  1                   0.00       4.25 r
  core4_5/mult_x_6/U1112/CO (FA1D0BWP40P140)              0.03      0.07       4.32 r
  core4_5/mult_x_6/n1823 (net)                  1                   0.00       4.32 r
  core4_5/mult_x_6/U882/ZN (MUX2NUD1BWP40P140LVT)         0.04      0.03       4.35 r
  core4_5/mult_x_6/n1835 (net)                  1                   0.00       4.35 r
  core4_5/mult_x_6/U971/Z (XOR4D1BWP40P140)               0.02      0.10       4.45 r
  core4_5/mult_x_6/n1837 (net)                  1                   0.00       4.45 r
  core4_5/mult_x_6/U969/Z (XOR2UD0BWP40P140)              0.06      0.05       4.50 r
  core4_5/mult_x_6/n1850 (net)                  2                   0.00       4.50 r
  core4_5/mult_x_6/U968/ZN (OAI21D0BWP40P140HVT)          0.04      0.05       4.55 f
  core4_5/mult_x_6/n1847 (net)                  1                   0.00       4.55 f
  core4_5/mult_x_6/U993/ZN (OAI31D0BWP40P140LVT)          0.05      0.03       4.58 r
  core4_5/mult_x_6/n1851 (net)                  1                   0.00       4.58 r
  core4_5/mult_x_6/U991/Z (XOR4D0BWP40P140)               0.03      0.10       4.68 r
  core4_5/mult_x_6/n1878 (net)                  1                   0.00       4.68 r
  core4_5/mult_x_6/U1012/Z (XOR4D0BWP40P140)              0.02      0.11       4.80 f
  core4_5/mult_x_6/n1887 (net)                  1                   0.00       4.80 f
  core4_5/mult_x_6/U1036/Z (XOR4D1BWP40P140)              0.02      0.11       4.90 r
  core4_5/mult_x_6/n1891 (net)                  2                   0.00       4.90 r
  core4_5/mult_x_6/U881/ZN (OAI21D0BWP40P140)             0.04      0.03       4.93 f
  core4_5/mult_x_6/n1890 (net)                  1                   0.00       4.93 f
  core4_5/mult_x_6/U1086/ZN (OAI31D0BWP40P140LVT)         0.03      0.03       4.96 r
  core4_5/mult_x_6/product[29] (net)            1                   0.00       4.96 r
  core4_5/mult_x_6/product[29] (core4_1_DW_mult_tc_J8_1_0)          0.00       4.96 r
  core4_5/n_w_5_T_1[29] (net)                                       0.00       4.96 r
  core4_5/s_w_5_reg_29_/D (DFKCNQD1BWP40P140)             0.03      0.00       4.96 r
  data arrival time                                                            4.96

  clock clk (rise edge)                                             5.00       5.00
  clock network delay (ideal)                                       0.00       5.00
  core4_5/s_w_5_reg_29_/CP (DFKCNQD1BWP40P140)                      0.00       5.00 r
  library setup time                                               -0.04       4.96
  data required time                                                           4.96
  ---------------------------------------------------------------------------------------------------------
  data required time                                                           4.96
  data arrival time                                                           -4.96
  ---------------------------------------------------------------------------------------------------------
  slack (MET)                                                                  0.00


1
