 
****************************************
Report : timing
        -path full
        -delay max
        -nets
        -max_paths 1
        -transition_time
Design : core64_a28_b16_c28
Version: O-2018.06-SP5
Date   : Wed May 13 01:41:42 2026
****************************************

 # A fanout number of 1000 was used for high fanout net computations.

Operating Conditions: ssg0p81vm40c   Library: tcbn28hpcplusbwp40p140hvtssg0p81vm40c_ccs
Wire Load Model Mode: segmented

  Startpoint: io_b_60[0] (input port clocked by clk)
  Endpoint: core16_6/core4_3/s_w_4_reg_36_
            (rising edge-triggered flip-flop clocked by clk)
  Path Group: clk
  Path Type: max

  Des/Clust/Port     Wire Load Model       Library
  ------------------------------------------------
  core64_a28_b16_c28 ZeroWireload          tcbn28hpcplusbwp40p140hvtssg0p81vm40c_ccs
  Eval_1_0_DP_OP_52J25_125_2082_J25_0_0 ZeroWireload tcbn28hpcplusbwp40p140hvtssg0p81vm40c_ccs
  Eval_1_0_DP_OP_53J25_126_7779_J25_0_0 ZeroWireload tcbn28hpcplusbwp40p140hvtssg0p81vm40c_ccs
  Eval_1_0_DP_OP_54J25_127_2477_J25_0_0 ZeroWireload tcbn28hpcplusbwp40p140hvtssg0p81vm40c_ccs
  Eval_33_49_DP_OP_56J19_127_3466_J19_0_0 ZeroWireload tcbn28hpcplusbwp40p140hvtssg0p81vm40c_ccs
  Eval_33_49_DP_OP_55J19_126_784_J19_0_0 ZeroWireload tcbn28hpcplusbwp40p140hvtssg0p81vm40c_ccs
  Eval_33_49_DP_OP_54J19_125_1425_J19_0_0 ZeroWireload tcbn28hpcplusbwp40p140hvtssg0p81vm40c_ccs
  core4_1_DW_mult_tc_J21_6_1 ZeroWireload  tcbn28hpcplusbwp40p140hvtssg0p81vm40c_ccs
  Eval_33_1_DP_OP_53J24_122_8097_J24_0_1 ZeroWireload tcbn28hpcplusbwp40p140hvtssg0p81vm40c_ccs
  Eval_33_1_DP_OP_54J24_123_1200_J24_0_1 ZeroWireload tcbn28hpcplusbwp40p140hvtssg0p81vm40c_ccs
  Eval_33_1_DP_OP_55J24_124_5184_J24_0_1 ZeroWireload tcbn28hpcplusbwp40p140hvtssg0p81vm40c_ccs
  core4_1_DW_mult_tc_J21_2_1 ZeroWireload  tcbn28hpcplusbwp40p140hvtssg0p81vm40c_ccs

Attributes:
    d - dont_touch
    u - dont_use
   mo - map_only
   so - size_only
    i - ideal_net or ideal_network
  inf - infeasible path

  Point                                       Fanout     Trans      Incr       Path      Attributes
  ---------------------------------------------------------------------------------------------------------
  clock clk (rise edge)                                             0.00       0.00
  clock network delay (ideal)                                       0.00       0.00
  input external delay                                              0.50       0.50 f
  io_b_60[0] (in)                                         0.00      0.00       0.50 f
  io_b_60[0] (net)                              1                   0.00       0.50 f
  evalB_15/io_in_0[0] (Eval_1_0)                                    0.00       0.50 f
  evalB_15/io_in_0[0] (net)                                         0.00       0.50 f
  evalB_15/U7/ZN (INVD3BWP40P140)                         0.01      0.01       0.51 r
  evalB_15/n9 (net)                             1                   0.00       0.51 r
  evalB_15/U5/ZN (INVD4BWP40P140LVT)                      0.01      0.01       0.52 f
  evalB_15/io_out_6[0] (net)                    4                   0.00       0.52 f
  evalB_15/io_out_6[0] (Eval_1_0)                                   0.00       0.52 f
  evalB_15_io_out_6[0] (net)                                        0.00       0.52 f
  core16_6/io_b_15[0] (core16_0)                                    0.00       0.52 f
  core16_6/io_b_15[0] (net)                                         0.00       0.52 f
  core16_6/evalB_3/io_in_3[0] (Eval_33_49)                          0.00       0.52 f
  core16_6/evalB_3/io_in_3[0] (net)                                 0.00       0.52 f
  core16_6/evalB_3/U17/ZN (INVD1BWP40P140)                0.01      0.01       0.53 r
  core16_6/evalB_3/n68 (net)                    1                   0.00       0.53 r
  core16_6/evalB_3/U10/ZN (CKND1BWP40P140)                0.03      0.02       0.55 f
  core16_6/evalB_3/io_out_0[0] (net)            4                   0.00       0.55 f
  core16_6/evalB_3/DP_OP_55J19_126_784/I4[0] (Eval_33_49_DP_OP_55J19_126_784_J19_0_0)     0.00     0.55 f
  core16_6/evalB_3/DP_OP_55J19_126_784/I4[0] (net)                  0.00       0.55 f
  core16_6/evalB_3/DP_OP_55J19_126_784/U211/CO (HA1D0BWP40P140LVT)     0.02     0.03     0.58 f
  core16_6/evalB_3/DP_OP_55J19_126_784/n292 (net)     1             0.00       0.58 f
  core16_6/evalB_3/DP_OP_55J19_126_784/U214/CO (FA1D1BWP40P140LVT)     0.02     0.04     0.63 f
  core16_6/evalB_3/DP_OP_55J19_126_784/n290 (net)     1             0.00       0.63 f
  core16_6/evalB_3/DP_OP_55J19_126_784/U167/S (FA1D1BWP40P140)     0.03     0.10     0.73 r
  core16_6/evalB_3/DP_OP_55J19_126_784/n307 (net)     2             0.00       0.73 r
  core16_6/evalB_3/DP_OP_55J19_126_784/U209/ZN (CKND0BWP40P140)     0.03     0.03     0.76 f
  core16_6/evalB_3/DP_OP_55J19_126_784/n301 (net)     1             0.00       0.76 f
  core16_6/evalB_3/DP_OP_55J19_126_784/U125/CO (FA1D1BWP40P140)     0.02     0.07     0.83 f
  core16_6/evalB_3/DP_OP_55J19_126_784/n317 (net)     1             0.00       0.83 f
  core16_6/evalB_3/DP_OP_55J19_126_784/U223/CO (FA1D1BWP40P140)     0.02     0.06     0.88 f
  core16_6/evalB_3/DP_OP_55J19_126_784/n314 (net)     1             0.00       0.88 f
  core16_6/evalB_3/DP_OP_55J19_126_784/U222/CO (FA1D1BWP40P140)     0.02     0.06     0.94 f
  core16_6/evalB_3/DP_OP_55J19_126_784/n298 (net)     1             0.00       0.94 f
  core16_6/evalB_3/DP_OP_55J19_126_784/U163/CO (FA1D1BWP40P140)     0.02     0.06     1.00 f
  core16_6/evalB_3/DP_OP_55J19_126_784/n373 (net)     1             0.00       1.00 f
  core16_6/evalB_3/DP_OP_55J19_126_784/U229/CO (FA1D1BWP40P140)     0.02     0.06     1.05 f
  core16_6/evalB_3/DP_OP_55J19_126_784/n370 (net)     1             0.00       1.05 f
  core16_6/evalB_3/DP_OP_55J19_126_784/U228/CO (FA1D1BWP40P140)     0.02     0.06     1.11 f
  core16_6/evalB_3/DP_OP_55J19_126_784/n308 (net)     1             0.00       1.11 f
  core16_6/evalB_3/DP_OP_55J19_126_784/U185/CO (FA1D0BWP40P140)     0.03     0.07     1.17 f
  core16_6/evalB_3/DP_OP_55J19_126_784/n367 (net)     1             0.00       1.17 f
  core16_6/evalB_3/DP_OP_55J19_126_784/U227/CO (FA1D1BWP40P140)     0.02     0.06     1.23 f
  core16_6/evalB_3/DP_OP_55J19_126_784/n364 (net)     1             0.00       1.23 f
  core16_6/evalB_3/DP_OP_55J19_126_784/U226/CO (FA1D1BWP40P140)     0.02     0.06     1.29 f
  core16_6/evalB_3/DP_OP_55J19_126_784/n361 (net)     1             0.00       1.29 f
  core16_6/evalB_3/DP_OP_55J19_126_784/U225/S (FA1D1BWP40P140)     0.02     0.09     1.39 r
  core16_6/evalB_3/DP_OP_55J19_126_784/O2[11] (net)     1           0.00       1.39 r
  core16_6/evalB_3/DP_OP_55J19_126_784/O2[11] (Eval_33_49_DP_OP_55J19_126_784_J19_0_0)     0.00     1.39 r
  core16_6/evalB_3/io_out_3[11] (net)                               0.00       1.39 r
  core16_6/evalB_3/io_out_3[11] (Eval_33_49)                        0.00       1.39 r
  core16_6/evalB_3_io_out_3[11] (net)                               0.00       1.39 r
  core16_6/core4_3/io_b_3[11] (core4_3)                             0.00       1.39 r
  core16_6/core4_3/io_b_3[11] (net)                                 0.00       1.39 r
  core16_6/core4_3/evalB/io_in_3[11] (Eval_33_3)                    0.00       1.39 r
  core16_6/core4_3/evalB/io_in_3[11] (net)                          0.00       1.39 r
  core16_6/core4_3/evalB/U66/ZN (CKND0BWP40P140)          0.01      0.01       1.40 f
  core16_6/core4_3/evalB/n6 (net)               1                   0.00       1.40 f
  core16_6/core4_3/evalB/U6/ZN (CKND0BWP40P140)           0.25      0.15       1.55 r
  core16_6/core4_3/evalB/io_out_0[11] (net)    34                   0.00       1.55 r
  core16_6/core4_3/evalB/DP_OP_55J24_124_5184/I3[11] (Eval_33_1_DP_OP_55J24_124_5184_J24_0_1)     0.00     1.55 r
  core16_6/core4_3/evalB/DP_OP_55J24_124_5184/I3[11] (net)          0.00       1.55 r
  core16_6/core4_3/evalB/DP_OP_55J24_124_5184/U216/S (FA1D0BWP40P140)     0.04     0.17     1.72 f
  core16_6/core4_3/evalB/DP_OP_55J24_124_5184/n533 (net)     2      0.00       1.72 f
  core16_6/core4_3/evalB/DP_OP_55J24_124_5184/U234/CO (FA1D0BWP40P140)     0.03     0.08     1.80 f
  core16_6/core4_3/evalB/DP_OP_55J24_124_5184/n529 (net)     1      0.00       1.80 f
  core16_6/core4_3/evalB/DP_OP_55J24_124_5184/U185/CO (FA1D0BWP40P140)     0.03     0.07     1.87 f
  core16_6/core4_3/evalB/DP_OP_55J24_124_5184/n526 (net)     1      0.00       1.87 f
  core16_6/core4_3/evalB/DP_OP_55J24_124_5184/U293/CO (FA1D1BWP40P140)     0.02     0.06     1.93 f
  core16_6/core4_3/evalB/DP_OP_55J24_124_5184/n523 (net)     1      0.00       1.93 f
  core16_6/core4_3/evalB/DP_OP_55J24_124_5184/U227/CO (FA1D0BWP40P140)     0.03     0.07     2.00 f
  core16_6/core4_3/evalB/DP_OP_55J24_124_5184/n520 (net)     1      0.00       2.00 f
  core16_6/core4_3/evalB/DP_OP_55J24_124_5184/U189/CO (FA1D0BWP40P140)     0.03     0.07     2.07 f
  core16_6/core4_3/evalB/DP_OP_55J24_124_5184/n517 (net)     1      0.00       2.07 f
  core16_6/core4_3/evalB/DP_OP_55J24_124_5184/U194/CO (FA1D0BWP40P140)     0.03     0.07     2.14 f
  core16_6/core4_3/evalB/DP_OP_55J24_124_5184/n514 (net)     1      0.00       2.14 f
  core16_6/core4_3/evalB/DP_OP_55J24_124_5184/U222/CO (FA1D0BWP40P140)     0.03     0.07     2.21 f
  core16_6/core4_3/evalB/DP_OP_55J24_124_5184/n511 (net)     1      0.00       2.21 f
  core16_6/core4_3/evalB/DP_OP_55J24_124_5184/U223/CO (FA1D0BWP40P140)     0.03     0.07     2.29 f
  core16_6/core4_3/evalB/DP_OP_55J24_124_5184/n508 (net)     1      0.00       2.29 f
  core16_6/core4_3/evalB/DP_OP_55J24_124_5184/U292/CO (FA1D1BWP40P140)     0.02     0.06     2.35 f
  core16_6/core4_3/evalB/DP_OP_55J24_124_5184/n505 (net)     1      0.00       2.35 f
  core16_6/core4_3/evalB/DP_OP_55J24_124_5184/U221/CO (FA1D0BWP40P140)     0.03     0.07     2.42 f
  core16_6/core4_3/evalB/DP_OP_55J24_124_5184/n502 (net)     1      0.00       2.42 f
  core16_6/core4_3/evalB/DP_OP_55J24_124_5184/U202/CO (FA1D0BWP40P140)     0.04     0.08     2.49 f
  core16_6/core4_3/evalB/DP_OP_55J24_124_5184/n499 (net)     1      0.00       2.49 f
  core16_6/core4_3/evalB/DP_OP_55J24_124_5184/U149/CO (FA1OPTCD1BWP40P140)     0.02     0.05     2.54 f
  core16_6/core4_3/evalB/DP_OP_55J24_124_5184/n496 (net)     1      0.00       2.54 f
  core16_6/core4_3/evalB/DP_OP_55J24_124_5184/U154/CO (FA1D1BWP40P140LVT)     0.02     0.04     2.58 f
  core16_6/core4_3/evalB/DP_OP_55J24_124_5184/n493 (net)     1      0.00       2.58 f
  core16_6/core4_3/evalB/DP_OP_55J24_124_5184/U212/CO (FA1D0BWP40P140)     0.03     0.07     2.65 f
  core16_6/core4_3/evalB/DP_OP_55J24_124_5184/n490 (net)     1      0.00       2.65 f
  core16_6/core4_3/evalB/DP_OP_55J24_124_5184/U291/CO (FA1D1BWP40P140)     0.02     0.06     2.71 f
  core16_6/core4_3/evalB/DP_OP_55J24_124_5184/n553 (net)     1      0.00       2.71 f
  core16_6/core4_3/evalB/DP_OP_55J24_124_5184/U238/S (FA1D0BWP40P140)     0.12     0.16     2.87 r
  core16_6/core4_3/evalB/DP_OP_55J24_124_5184/O1[26] (net)    17     0.00      2.87 r
  core16_6/core4_3/evalB/DP_OP_55J24_124_5184/O1[26] (Eval_33_1_DP_OP_55J24_124_5184_J24_0_1)     0.00     2.87 r
  core16_6/core4_3/evalB/io_out_4[26] (net)                         0.00       2.87 r
  core16_6/core4_3/evalB/io_out_4[26] (Eval_33_3)                   0.00       2.87 r
  core16_6/core4_3/evalB_io_out_4[26] (net)                         0.00       2.87 r
  core16_6/core4_3/mult_x_5/b[26] (core4_1_DW_mult_tc_J21_2_1)      0.00       2.87 r
  core16_6/core4_3/mult_x_5/b[26] (net)                             0.00       2.87 r
  core16_6/core4_3/mult_x_5/U1336/ZN (INVD1BWP40P140LVT)     0.06     0.07     2.94 f
  core16_6/core4_3/mult_x_5/n2784 (net)        15                   0.00       2.94 f
  core16_6/core4_3/mult_x_5/U1335/ZN (MUX2ND0BWP40P140)     0.06     0.06      3.00 r
  core16_6/core4_3/mult_x_5/n1632 (net)         3                   0.00       3.00 r
  core16_6/core4_3/mult_x_5/U1540/Z (OR3D1BWP40P140)      0.04      0.07       3.07 r
  core16_6/core4_3/mult_x_5/n2906 (net)        11                   0.00       3.07 r
  core16_6/core4_3/mult_x_5/U1568/ZN (OAI222D0BWP40P140)     0.05     0.06     3.13 f
  core16_6/core4_3/mult_x_5/n1671 (net)         1                   0.00       3.13 f
  core16_6/core4_3/mult_x_5/U1569/ZN (AOI21D0BWP40P140)     0.04     0.06      3.19 r
  core16_6/core4_3/mult_x_5/n1672 (net)         1                   0.00       3.19 r
  core16_6/core4_3/mult_x_5/U1570/ZN (MUX2ND0BWP40P140)     0.06     0.06      3.25 r
  core16_6/core4_3/mult_x_5/n1721 (net)         1                   0.00       3.25 r
  core16_6/core4_3/mult_x_5/U1327/CO (HA1D0BWP40P140)     0.03      0.06       3.31 r
  core16_6/core4_3/mult_x_5/n1715 (net)         2                   0.00       3.31 r
  core16_6/core4_3/mult_x_5/U1326/ZN (MAOI222D0BWP40P140)     0.04     0.04     3.34 f
  core16_6/core4_3/mult_x_5/n2917 (net)         1                   0.00       3.34 f
  core16_6/core4_3/mult_x_5/U1322/ZN (CKND0BWP40P140)     0.03      0.03       3.38 r
  core16_6/core4_3/mult_x_5/n1710 (net)         1                   0.00       3.38 r
  core16_6/core4_3/mult_x_5/U1607/S (FA1D1BWP40P140)      0.03      0.10       3.48 f
  core16_6/core4_3/mult_x_5/n1772 (net)         1                   0.00       3.48 f
  core16_6/core4_3/mult_x_5/U1375/CO (FA1D0BWP40P140)     0.03      0.08       3.56 f
  core16_6/core4_3/mult_x_5/n1765 (net)         2                   0.00       3.56 f
  core16_6/core4_3/mult_x_5/U1321/ZN (MAOI222D0BWP40P140)     0.04     0.05     3.60 r
  core16_6/core4_3/mult_x_5/n2916 (net)         1                   0.00       3.60 r
  core16_6/core4_3/mult_x_5/U1309/ZN (CKND0BWP40P140)     0.03      0.03       3.63 f
  core16_6/core4_3/mult_x_5/n1759 (net)         1                   0.00       3.63 f
  core16_6/core4_3/mult_x_5/U1654/S (FA1D1BWP40P140)      0.03      0.11       3.74 r
  core16_6/core4_3/mult_x_5/n1836 (net)         1                   0.00       3.74 r
  core16_6/core4_3/mult_x_5/U1716/S (FA1D1BWP40P140)      0.03      0.10       3.84 f
  core16_6/core4_3/mult_x_5/n1926 (net)         1                   0.00       3.84 f
  core16_6/core4_3/mult_x_5/U1791/S (FA1D1BWP40P140)      0.03      0.12       3.96 r
  core16_6/core4_3/mult_x_5/n2045 (net)         1                   0.00       3.96 r
  core16_6/core4_3/mult_x_5/U1872/CO (FA1D1BWP40P140)     0.02      0.06       4.02 r
  core16_6/core4_3/mult_x_5/n2038 (net)         2                   0.00       4.02 r
  core16_6/core4_3/mult_x_5/U1289/Z (XOR2UD0BWP40P140)     0.06     0.05       4.07 r
  core16_6/core4_3/mult_x_5/n1607 (net)         1                   0.00       4.07 r
  core16_6/core4_3/mult_x_5/U1287/Z (XOR2UD0BWP40P140)     0.08     0.06       4.13 r
  core16_6/core4_3/mult_x_5/n2160 (net)         1                   0.00       4.13 r
  core16_6/core4_3/mult_x_5/U1897/S (FA1D0BWP40P140)      0.03      0.13       4.26 f
  core16_6/core4_3/mult_x_5/n2294 (net)         1                   0.00       4.26 f
  core16_6/core4_3/mult_x_5/U1412/S (FA1D0BWP40P140)      0.04      0.13       4.39 r
  core16_6/core4_3/mult_x_5/n2443 (net)         1                   0.00       4.39 r
  core16_6/core4_3/mult_x_5/U2177/S (FA1D1BWP40P140)      0.03      0.11       4.50 f
  core16_6/core4_3/mult_x_5/n2615 (net)         1                   0.00       4.50 f
  core16_6/core4_3/mult_x_5/U2282/CO (FA1D1BWP40P140)     0.02      0.07       4.56 f
  core16_6/core4_3/mult_x_5/n2610 (net)         1                   0.00       4.56 f
  core16_6/core4_3/mult_x_5/U1472/CO (FA1D0BWP40P140)     0.03      0.07       4.63 f
  core16_6/core4_3/mult_x_5/n2607 (net)         1                   0.00       4.63 f
  core16_6/core4_3/mult_x_5/U2281/CO (FA1D1BWP40P140)     0.02      0.06       4.69 f
  core16_6/core4_3/mult_x_5/n2765 (net)         1                   0.00       4.69 f
  core16_6/core4_3/mult_x_5/U2329/CO (FA1D1BWP40P140)     0.02      0.06       4.75 f
  core16_6/core4_3/mult_x_5/n2831 (net)         1                   0.00       4.75 f
  core16_6/core4_3/mult_x_5/U1473/CO (FA1D0BWP40P140)     0.03      0.07       4.81 f
  core16_6/core4_3/mult_x_5/n2834 (net)         1                   0.00       4.81 f
  core16_6/core4_3/mult_x_5/U1282/Z (XOR2UD0BWP40P140)     0.05     0.03       4.84 r
  core16_6/core4_3/mult_x_5/n1618 (net)         1                   0.00       4.84 r
  core16_6/core4_3/mult_x_5/U1281/ZN (XNR2UD0BWP40P140)     0.05     0.06      4.90 r
  core16_6/core4_3/mult_x_5/n1617 (net)         1                   0.00       4.90 r
  core16_6/core4_3/mult_x_5/U1280/ZN (XNR3UD0BWP40P140)     0.04     0.06      4.96 r
  core16_6/core4_3/mult_x_5/product[36] (net)     1                 0.00       4.96 r
  core16_6/core4_3/mult_x_5/product[36] (core4_1_DW_mult_tc_J21_2_1)     0.00     4.96 r
  core16_6/core4_3/n_w_4_T_1[36] (net)                              0.00       4.96 r
  core16_6/core4_3/s_w_4_reg_36_/D (DFQD1BWP40P140)       0.04      0.00       4.96 r
  data arrival time                                                            4.96

  clock clk (rise edge)                                             5.00       5.00
  clock network delay (ideal)                                       0.00       5.00
  core16_6/core4_3/s_w_4_reg_36_/CP (DFQD1BWP40P140)                0.00       5.00 r
  library setup time                                               -0.04       4.96
  data required time                                                           4.96
  ---------------------------------------------------------------------------------------------------------
  data required time                                                           4.96
  data arrival time                                                           -4.96
  ---------------------------------------------------------------------------------------------------------
  slack (MET)                                                                  0.00


1
