 
****************************************
Report : timing
        -path full
        -delay max
        -nets
        -max_paths 1
        -transition_time
Design : core64_a28_b14_c28
Version: O-2018.06-SP5
Date   : Tue May 12 23:55:23 2026
****************************************

 # A fanout number of 1000 was used for high fanout net computations.

Operating Conditions: ssg0p81vm40c   Library: tcbn28hpcplusbwp40p140hvtssg0p81vm40c_ccs
Wire Load Model Mode: segmented

  Startpoint: io_b_12[0] (input port clocked by clk)
  Endpoint: core16_3/core4_5/s_w_3_reg_36_
            (rising edge-triggered flip-flop clocked by clk)
  Path Group: clk
  Path Type: max

  Des/Clust/Port     Wire Load Model       Library
  ------------------------------------------------
  core64_a28_b14_c28 ZeroWireload          tcbn28hpcplusbwp40p140hvtssg0p81vm40c_ccs
  Eval_1_0_DP_OP_52J25_125_4593_J25_0_12 ZeroWireload tcbn28hpcplusbwp40p140hvtssg0p81vm40c_ccs
  Eval_1_0_DP_OP_53J25_126_1321_J25_0_12 ZeroWireload tcbn28hpcplusbwp40p140hvtssg0p81vm40c_ccs
  Eval_1_0_DP_OP_54J25_127_2501_J25_0_12 ZeroWireload tcbn28hpcplusbwp40p140hvtssg0p81vm40c_ccs
  Eval_33_1_DP_OP_53J23_122_9164_J23_0_36 ZeroWireload tcbn28hpcplusbwp40p140hvtssg0p81vm40c_ccs
  Eval_33_1_DP_OP_54J23_123_1920_J23_0_36 ZeroWireload tcbn28hpcplusbwp40p140hvtssg0p81vm40c_ccs
  Eval_33_1_DP_OP_55J23_124_2354_J23_0_36 ZeroWireload tcbn28hpcplusbwp40p140hvtssg0p81vm40c_ccs
  Eval_33_1_DP_OP_55J23_124_2354_J23_0_14 ZeroWireload tcbn28hpcplusbwp40p140hvtssg0p81vm40c_ccs
  Eval_33_1_DP_OP_54J23_123_1920_J23_0_14 ZeroWireload tcbn28hpcplusbwp40p140hvtssg0p81vm40c_ccs
  Eval_33_1_DP_OP_53J23_122_9164_J23_0_14 ZeroWireload tcbn28hpcplusbwp40p140hvtssg0p81vm40c_ccs
  core4_1_DW_mult_tc_J20_0_10 ZeroWireload tcbn28hpcplusbwp40p140hvtssg0p81vm40c_ccs
  core4_1_DW_mult_tc_J20_3_10 ZeroWireload tcbn28hpcplusbwp40p140hvtssg0p81vm40c_ccs

Attributes:
    d - dont_touch
    u - dont_use
   mo - map_only
   so - size_only
    i - ideal_net or ideal_network
  inf - infeasible path

  Point                                       Fanout     Trans      Incr       Path      Attributes
  ---------------------------------------------------------------------------------------------------------
  clock clk (rise edge)                                             0.00       0.00
  clock network delay (ideal)                                       0.00       0.00
  input external delay                                              0.50       0.50 f
  io_b_12[0] (in)                                         0.00      0.00       0.50 f
  io_b_12[0] (net)                              1                   0.00       0.50 f
  evalB_3/io_in_0[0] (Eval_1_12)                                    0.00       0.50 f
  evalB_3/io_in_0[0] (net)                                          0.00       0.50 f
  evalB_3/U32/ZN (CKND2BWP40P140)                         0.01      0.01       0.51 r
  evalB_3/n3 (net)                              1                   0.00       0.51 r
  evalB_3/U5/ZN (INVD2BWP40P140LVT)                       0.01      0.01       0.52 f
  evalB_3/io_out_6[0] (net)                     5                   0.00       0.52 f
  evalB_3/DP_OP_53J25_126_1321/I2[0] (Eval_1_0_DP_OP_53J25_126_1321_J25_0_12)     0.00     0.52 f
  evalB_3/DP_OP_53J25_126_1321/I2[0] (net)                          0.00       0.52 f
  evalB_3/DP_OP_53J25_126_1321/U104/ZN (ND2D1BWP40P140LVT)     0.01     0.01     0.53 r
  evalB_3/DP_OP_53J25_126_1321/n194 (net)       1                   0.00       0.53 r
  evalB_3/DP_OP_53J25_126_1321/U103/ZN (CKND1BWP40P140)     0.01     0.01      0.54 f
  evalB_3/DP_OP_53J25_126_1321/n210 (net)       1                   0.00       0.54 f
  evalB_3/DP_OP_53J25_126_1321/U83/CO (FA1D1BWP40P140LVT)     0.02     0.04     0.59 f
  evalB_3/DP_OP_53J25_126_1321/n208 (net)       1                   0.00       0.59 f
  evalB_3/DP_OP_53J25_126_1321/U119/CO (FA1OPTCD1BWP40P140LVT)     0.02     0.03     0.62 f
  evalB_3/DP_OP_53J25_126_1321/n206 (net)       1                   0.00       0.62 f
  evalB_3/DP_OP_53J25_126_1321/U82/CO (FA1OPTCD1BWP40P140LVT)     0.02     0.03     0.65 f
  evalB_3/DP_OP_53J25_126_1321/n204 (net)       1                   0.00       0.65 f
  evalB_3/DP_OP_53J25_126_1321/U131/CO (FA1D1BWP40P140LVT)     0.02     0.04     0.69 f
  evalB_3/DP_OP_53J25_126_1321/n202 (net)       1                   0.00       0.69 f
  evalB_3/DP_OP_53J25_126_1321/U86/S (FA1D1BWP40P140)     0.05      0.11       0.80 r
  evalB_3/DP_OP_53J25_126_1321/n251 (net)       2                   0.00       0.80 r
  evalB_3/DP_OP_53J25_126_1321/U138/S (FA1D1BWP40P140LVT)     0.01     0.08     0.88 f
  evalB_3/DP_OP_53J25_126_1321/O2[5] (net)      1                   0.00       0.88 f
  evalB_3/DP_OP_53J25_126_1321/O2[5] (Eval_1_0_DP_OP_53J25_126_1321_J25_0_12)     0.00     0.88 f
  evalB_3/io_out_3[5] (net)                                         0.00       0.88 f
  evalB_3/io_out_3[5] (Eval_1_12)                                   0.00       0.88 f
  evalB_3_io_out_3[5] (net)                                         0.00       0.88 f
  core16_3/io_b_3[5] (core16_3)                                     0.00       0.88 f
  core16_3/io_b_3[5] (net)                                          0.00       0.88 f
  core16_3/evalB/io_in_3[5] (Eval_33_64)                            0.00       0.88 f
  core16_3/evalB/io_in_3[5] (net)                                   0.00       0.88 f
  core16_3/evalB/U40/ZN (CKND0BWP40P140)                  0.01      0.02       0.90 r
  core16_3/evalB/n1 (net)                       1                   0.00       0.90 r
  core16_3/evalB/U63/ZN (CKND1BWP40P140)                  0.04      0.03       0.93 f
  core16_3/evalB/io_out_0[5] (net)              6                   0.00       0.93 f
  core16_3/evalB/DP_OP_55J23_124_2354/I3[5] (Eval_33_1_DP_OP_55J23_124_2354_J23_0_36)     0.00     0.93 f
  core16_3/evalB/DP_OP_55J23_124_2354/I3[5] (net)                   0.00       0.93 f
  core16_3/evalB/DP_OP_55J23_124_2354/U191/CO (FA1D1BWP40P140LVT)     0.02     0.06     0.99 f
  core16_3/evalB/DP_OP_55J23_124_2354/n400 (net)     1              0.00       0.99 f
  core16_3/evalB/DP_OP_55J23_124_2354/U301/CO (FA1D1BWP40P140)     0.02     0.05     1.04 f
  core16_3/evalB/DP_OP_55J23_124_2354/n398 (net)     1              0.00       1.04 f
  core16_3/evalB/DP_OP_55J23_124_2354/U189/CO (FA1D1BWP40P140)     0.02     0.06     1.10 f
  core16_3/evalB/DP_OP_55J23_124_2354/n410 (net)     1              0.00       1.10 f
  core16_3/evalB/DP_OP_55J23_124_2354/U281/CO (FA1D0BWP40P140)     0.03     0.07     1.17 f
  core16_3/evalB/DP_OP_55J23_124_2354/n440 (net)     1              0.00       1.17 f
  core16_3/evalB/DP_OP_55J23_124_2354/U305/CO (FA1D1BWP40P140)     0.02     0.06     1.23 f
  core16_3/evalB/DP_OP_55J23_124_2354/n438 (net)     1              0.00       1.23 f
  core16_3/evalB/DP_OP_55J23_124_2354/U228/CO (FA1D0BWP40P140)     0.03     0.07     1.29 f
  core16_3/evalB/DP_OP_55J23_124_2354/n436 (net)     1              0.00       1.29 f
  core16_3/evalB/DP_OP_55J23_124_2354/U184/S (FA1D1BWP40P140)     0.03     0.11     1.40 r
  core16_3/evalB/DP_OP_55J23_124_2354/n462 (net)     2              0.00       1.40 r
  core16_3/evalB/DP_OP_55J23_124_2354/U264/ZN (CKND0BWP40P140)     0.03     0.03     1.43 f
  core16_3/evalB/DP_OP_55J23_124_2354/n481 (net)     1              0.00       1.43 f
  core16_3/evalB/DP_OP_55J23_124_2354/U183/CO (FA1D1BWP40P140)     0.02     0.07     1.50 f
  core16_3/evalB/DP_OP_55J23_124_2354/n516 (net)     1              0.00       1.50 f
  core16_3/evalB/DP_OP_55J23_124_2354/U222/CO (FA1D0BWP40P140)     0.03     0.07     1.57 f
  core16_3/evalB/DP_OP_55J23_124_2354/n513 (net)     1              0.00       1.57 f
  core16_3/evalB/DP_OP_55J23_124_2354/U223/CO (FA1D0BWP40P140)     0.03     0.07     1.64 f
  core16_3/evalB/DP_OP_55J23_124_2354/n510 (net)     1              0.00       1.64 f
  core16_3/evalB/DP_OP_55J23_124_2354/U238/CO (FA1D0BWP40P140)     0.03     0.07     1.71 f
  core16_3/evalB/DP_OP_55J23_124_2354/n507 (net)     1              0.00       1.71 f
  core16_3/evalB/DP_OP_55J23_124_2354/U242/CO (FA1D0BWP40P140)     0.03     0.07     1.79 f
  core16_3/evalB/DP_OP_55J23_124_2354/n504 (net)     1              0.00       1.79 f
  core16_3/evalB/DP_OP_55J23_124_2354/U244/CO (FA1D0BWP40P140)     0.03     0.07     1.86 f
  core16_3/evalB/DP_OP_55J23_124_2354/n501 (net)     1              0.00       1.86 f
  core16_3/evalB/DP_OP_55J23_124_2354/U240/S (FA1D0BWP40P140)     0.02     0.11     1.97 r
  core16_3/evalB/DP_OP_55J23_124_2354/O2[17] (net)     1            0.00       1.97 r
  core16_3/evalB/DP_OP_55J23_124_2354/O2[17] (Eval_33_1_DP_OP_55J23_124_2354_J23_0_36)     0.00     1.97 r
  core16_3/evalB/io_out_5[17] (net)                                 0.00       1.97 r
  core16_3/evalB/io_out_5[17] (Eval_33_64)                          0.00       1.97 r
  core16_3/evalB_io_out_5[17] (net)                                 0.00       1.97 r
  core16_3/core4_5/io_b_0[17] (core4_22)                            0.00       1.97 r
  core16_3/core4_5/io_b_0[17] (net)                                 0.00       1.97 r
  core16_3/core4_5/evalB/io_in_0[17] (Eval_33_22)                   0.00       1.97 r
  core16_3/core4_5/evalB/io_in_0[17] (net)                          0.00       1.97 r
  core16_3/core4_5/evalB/U6/ZN (CKND0BWP40P140)           0.01      0.02       1.99 f
  core16_3/core4_5/evalB/n7 (net)               1                   0.00       1.99 f
  core16_3/core4_5/evalB/U63/ZN (INVD1BWP40P140LVT)       0.09      0.06       2.05 r
  core16_3/core4_5/evalB/io_out_6[17] (net)    28                   0.00       2.05 r
  core16_3/core4_5/evalB/DP_OP_54J23_123_1920/I1[17] (Eval_33_1_DP_OP_54J23_123_1920_J23_0_14)     0.00     2.05 r
  core16_3/core4_5/evalB/DP_OP_54J23_123_1920/I1[17] (net)          0.00       2.05 r
  core16_3/core4_5/evalB/DP_OP_54J23_123_1920/U182/CO (FA1D0BWP40P140)     0.03     0.09     2.14 r
  core16_3/core4_5/evalB/DP_OP_54J23_123_1920/n391 (net)     1      0.00       2.14 r
  core16_3/core4_5/evalB/DP_OP_54J23_123_1920/U184/CO (FA1D0BWP40P140)     0.03     0.07     2.22 r
  core16_3/core4_5/evalB/DP_OP_54J23_123_1920/n389 (net)     1      0.00       2.22 r
  core16_3/core4_5/evalB/DP_OP_54J23_123_1920/U186/S (FA1D0BWP40P140)     0.05     0.13     2.34 f
  core16_3/core4_5/evalB/DP_OP_54J23_123_1920/n474 (net)     2      0.00       2.34 f
  core16_3/core4_5/evalB/DP_OP_54J23_123_1920/U188/CO (FA1D0BWP40P140)     0.03     0.09     2.43 f
  core16_3/core4_5/evalB/DP_OP_54J23_123_1920/n469 (net)     1      0.00       2.43 f
  core16_3/core4_5/evalB/DP_OP_54J23_123_1920/U204/S (FA1D0BWP40P140)     0.14     0.18     2.61 r
  core16_3/core4_5/evalB/DP_OP_54J23_123_1920/O2[20] (net)    22     0.00      2.61 r
  core16_3/core4_5/evalB/DP_OP_54J23_123_1920/O2[20] (Eval_33_1_DP_OP_54J23_123_1920_J23_0_14)     0.00     2.61 r
  core16_3/core4_5/evalB/io_out_3[20] (net)                         0.00       2.61 r
  core16_3/core4_5/evalB/io_out_3[20] (Eval_33_22)                  0.00       2.61 r
  core16_3/core4_5/evalB_io_out_3[20] (net)                         0.00       2.61 r
  core16_3/core4_5/mult_x_4/b[20] (core4_1_DW_mult_tc_J20_3_10)     0.00       2.61 r
  core16_3/core4_5/mult_x_4/b[20] (net)                             0.00       2.61 r
  core16_3/core4_5/mult_x_4/U1270/ZN (INVD0P7BWP40P140)     0.10     0.11      2.72 f
  core16_3/core4_5/mult_x_4/n2712 (net)        22                   0.00       2.72 f
  core16_3/core4_5/mult_x_4/U1705/ZN (MUX2ND0BWP40P140)     0.05     0.07      2.79 r
  core16_3/core4_5/mult_x_4/n1599 (net)         3                   0.00       2.79 r
  core16_3/core4_5/mult_x_4/U1407/ZN (CKND0BWP40P140)     0.03      0.03       2.82 f
  core16_3/core4_5/mult_x_4/n1646 (net)         3                   0.00       2.82 f
  core16_3/core4_5/mult_x_4/U1417/ZN (NR2D0BWP40P140)     0.19      0.13       2.95 r
  core16_3/core4_5/mult_x_4/n2787 (net)        15                   0.00       2.95 r
  core16_3/core4_5/mult_x_4/U1570/ZN (AOI222D0BWP40P140)     0.08     0.08     3.03 f
  core16_3/core4_5/mult_x_4/n1645 (net)         1                   0.00       3.03 f
  core16_3/core4_5/mult_x_4/U1262/ZN (MUX2ND0BWP40P140)     0.06     0.08      3.11 f
  core16_3/core4_5/mult_x_4/n1711 (net)         1                   0.00       3.11 f
  core16_3/core4_5/mult_x_4/U1224/S (HA1D1BWP40P140)      0.02      0.07       3.18 r
  core16_3/core4_5/mult_x_4/n1788 (net)         1                   0.00       3.18 r
  core16_3/core4_5/mult_x_4/U1371/CO (FA1D0BWP40P140)     0.03      0.07       3.25 r
  core16_3/core4_5/mult_x_4/n1781 (net)         1                   0.00       3.25 r
  core16_3/core4_5/mult_x_4/U1661/S (FA1D1BWP40P140)      0.03      0.10       3.35 f
  core16_3/core4_5/mult_x_4/n1877 (net)         1                   0.00       3.35 f
  core16_3/core4_5/mult_x_4/U1736/CO (FA1D1BWP40P140)     0.02      0.07       3.42 f
  core16_3/core4_5/mult_x_4/n1869 (net)         1                   0.00       3.42 f
  core16_3/core4_5/mult_x_4/U1384/CO (FA1D0BWP40P140)     0.03      0.07       3.49 f
  core16_3/core4_5/mult_x_4/n1863 (net)         1                   0.00       3.49 f
  core16_3/core4_5/mult_x_4/U1728/CO (FA1D1BWP40P140)     0.02      0.06       3.55 f
  core16_3/core4_5/mult_x_4/n1857 (net)         1                   0.00       3.55 f
  core16_3/core4_5/mult_x_4/U1227/CO (FA1D1BWP40P140)     0.02      0.06       3.60 f
  core16_3/core4_5/mult_x_4/n1852 (net)         2                   0.00       3.60 f
  core16_3/core4_5/mult_x_4/U1244/ZN (OAI21D0BWP40P140)     0.03     0.02      3.63 r
  core16_3/core4_5/mult_x_4/n1546 (net)         1                   0.00       3.63 r
  core16_3/core4_5/mult_x_4/U1243/ZN (IOA21D0BWP40P140)     0.04     0.03      3.66 f
  core16_3/core4_5/mult_x_4/n1847 (net)         1                   0.00       3.66 f
  core16_3/core4_5/mult_x_4/U1718/CO (FA1D1BWP40P140)     0.02      0.06       3.73 f
  core16_3/core4_5/mult_x_4/n1842 (net)         1                   0.00       3.73 f
  core16_3/core4_5/mult_x_4/U1714/CO (FA1D1BWP40P140)     0.02      0.06       3.78 f
  core16_3/core4_5/mult_x_4/n1836 (net)         1                   0.00       3.78 f
  core16_3/core4_5/mult_x_4/U1710/CO (FA1D1BWP40P140)     0.02      0.06       3.84 f
  core16_3/core4_5/mult_x_4/n1830 (net)         1                   0.00       3.84 f
  core16_3/core4_5/mult_x_4/U1330/CO (FA1D0BWP40P140)     0.03      0.07       3.90 f
  core16_3/core4_5/mult_x_4/n1823 (net)         1                   0.00       3.90 f
  core16_3/core4_5/mult_x_4/U1700/CO (FA1D1BWP40P140)     0.02      0.06       3.96 f
  core16_3/core4_5/mult_x_4/n1817 (net)         1                   0.00       3.96 f
  core16_3/core4_5/mult_x_4/U1286/CO (FA1D0BWP40P140)     0.03      0.07       4.03 f
  core16_3/core4_5/mult_x_4/n2643 (net)         1                   0.00       4.03 f
  core16_3/core4_5/mult_x_4/U2237/CO (FA1D1BWP40P140)     0.02      0.06       4.09 f
  core16_3/core4_5/mult_x_4/n2724 (net)         1                   0.00       4.09 f
  core16_3/core4_5/mult_x_4/U1272/S (FA1D0BWP40P140)      0.04      0.12       4.21 r
  core16_3/core4_5/mult_x_4/n2729 (net)         3                   0.00       4.21 r
  core16_3/core4_5/mult_x_4/U1241/Z (XOR2UD0BWP40P140)     0.07     0.04       4.25 r
  core16_3/core4_5/mult_x_4/n1550 (net)         1                   0.00       4.25 r
  core16_3/core4_5/mult_x_4/U1239/Z (XOR2UD0BWP40P140)     0.08     0.06       4.32 r
  core16_3/core4_5/mult_x_4/n2736 (net)         1                   0.00       4.32 r
  core16_3/core4_5/mult_x_4/U1827/S (FA1D0BWP40P140)      0.03      0.13       4.44 f
  core16_3/core4_5/mult_x_4/n2716 (net)         3                   0.00       4.44 f
  core16_3/core4_5/mult_x_4/U1236/ZN (NR2D0BWP40P140)     0.03      0.03       4.47 r
  core16_3/core4_5/mult_x_4/n1539 (net)         1                   0.00       4.47 r
  core16_3/core4_5/mult_x_4/U1223/ZN (MOAI22D0BWP40P140)     0.04     0.03     4.51 f
  core16_3/core4_5/mult_x_4/n2740 (net)         1                   0.00       4.51 f
  core16_3/core4_5/mult_x_4/U1276/Z (XOR4D1BWP40P140)     0.02      0.09       4.60 r
  core16_3/core4_5/mult_x_4/n2745 (net)         1                   0.00       4.60 r
  core16_3/core4_5/mult_x_4/U1235/Z (XOR2UD0BWP40P140)     0.05     0.03       4.63 r
  core16_3/core4_5/mult_x_4/n1558 (net)         1                   0.00       4.63 r
  core16_3/core4_5/mult_x_4/U1234/Z (XOR2UD0BWP40P140)     0.06     0.06       4.68 r
  core16_3/core4_5/mult_x_4/n1557 (net)         1                   0.00       4.68 r
  core16_3/core4_5/mult_x_4/U1275/Z (XOR2UD1BWP40P140LVT)     0.03     0.04     4.72 r
  core16_3/core4_5/mult_x_4/n2766 (net)         2                   0.00       4.72 r
  core16_3/core4_5/mult_x_4/U1226/ZN (OAI21D0BWP40P140HVT)     0.04     0.04     4.77 f
  core16_3/core4_5/mult_x_4/n2763 (net)         1                   0.00       4.77 f
  core16_3/core4_5/mult_x_4/U1228/ZN (OAI31D0BWP40P140LVT)     0.05     0.03     4.80 r
  core16_3/core4_5/mult_x_4/n2773 (net)         1                   0.00       4.80 r
  core16_3/core4_5/mult_x_4/U2276/Z (XOR2UD1BWP40P140LVT)     0.04     0.03     4.84 r
  core16_3/core4_5/mult_x_4/n2785 (net)         2                   0.00       4.84 r
  core16_3/core4_5/mult_x_4/U1274/ZN (OAI21D1BWP40P140LVT)     0.03     0.03     4.87 f
  core16_3/core4_5/mult_x_4/n2782 (net)         1                   0.00       4.87 f
  core16_3/core4_5/mult_x_4/U1232/ZN (ND2D1BWP40P140LVT)     0.01     0.02     4.88 r
  core16_3/core4_5/mult_x_4/n1552 (net)         1                   0.00       4.88 r
  core16_3/core4_5/mult_x_4/U1231/Z (XOR2UD1BWP40P140)     0.04     0.03       4.91 r
  core16_3/core4_5/mult_x_4/n1551 (net)         1                   0.00       4.91 r
  core16_3/core4_5/mult_x_4/U1273/ZN (XNR3UD1BWP40P140)     0.03     0.05      4.96 r
  core16_3/core4_5/mult_x_4/product[36] (net)     1                 0.00       4.96 r
  core16_3/core4_5/mult_x_4/product[36] (core4_1_DW_mult_tc_J20_3_10)     0.00     4.96 r
  core16_3/core4_5/n_w_3_T_1[36] (net)                              0.00       4.96 r
  core16_3/core4_5/s_w_3_reg_36_/D (DFQD1BWP40P140)       0.03      0.00       4.96 r
  data arrival time                                                            4.96

  clock clk (rise edge)                                             5.00       5.00
  clock network delay (ideal)                                       0.00       5.00
  core16_3/core4_5/s_w_3_reg_36_/CP (DFQD1BWP40P140)                0.00       5.00 r
  library setup time                                               -0.04       4.96
  data required time                                                           4.96
  ---------------------------------------------------------------------------------------------------------
  data required time                                                           4.96
  data arrival time                                                           -4.96
  ---------------------------------------------------------------------------------------------------------
  slack (MET)                                                                  0.00


1
