 
****************************************
Report : area
Design : core4_a32_b8_c32
Version: O-2018.06-SP5
Date   : Tue May 12 07:49:24 2026
****************************************

Library(s) Used:

    tcbn28hpcplusbwp40p140lvtssg0p81vm40c_ccs (File: /export1/Library/TN28HPC+/STD_CELL_ext/track9_200824/TSMCHOME/digital/Front_End/timing_power_noise/CCS/tcbn28hpcplusbwp40p140lvt_180a/tcbn28hpcplusbwp40p140lvtssg0p81vm40c_ccs.db)
    tcbn28hpcplusbwp40p140ssg0p81vm40c_ccs (File: /export1/Library/TN28HPC+/STD_CELL_ext/track9_200824/TSMCHOME/digital/Front_End/timing_power_noise/CCS/tcbn28hpcplusbwp40p140_180a/tcbn28hpcplusbwp40p140ssg0p81vm40c_ccs.db)
    tcbn28hpcplusbwp40p140hvtssg0p81vm40c_ccs (File: /export1/Library/TN28HPC+/STD_CELL_ext/track9_200824/TSMCHOME/digital/Front_End/timing_power_noise/CCS/tcbn28hpcplusbwp40p140hvt_180a/tcbn28hpcplusbwp40p140hvtssg0p81vm40c_ccs.db)

Number of ports:                         3498
Number of nets:                         11466
Number of cells:                         6022
Number of combinational cells:           5626
Number of sequential cells:               372
Number of macros/black boxes:               0
Number of buf/inv:                        711
Number of references:                      14

Combinational area:               6961.247887
Buf/Inv area:                      189.756002
Noncombinational area:             749.952012
Macro/Black Box area:                0.000000
Net Interconnect area:      undefined  (Wire load has zero net area)

Total cell area:                  7711.199899
Total area:                 undefined

Area of detected synthetic parts
--------------------------------
                                                  Perc. of
  Module               Implem.  Count       Area cell area
  -------------------- -------  ----- ---------- ---------
  DP_OP_106J3_122_9073     str      1  2043.7019     26.5%
  DP_OP_52J2_122_8276      str      1   205.6319      2.7%
  DP_OP_52J3_123_8122      str      1    56.9520      0.7%
  DP_OP_53J2_123_963       str      1   284.5078      3.7%
  DP_OP_53J3_124_1615      str      1    72.8280      0.9%
  DP_OP_54J2_124_7758      str      1   286.0199      3.7%
  DP_OP_54J3_125_8645      str      1    79.8840      1.0%
  DW_mult_tc           apparch      4  2573.4288     33.4%
  DW_mult_uns          apparch      3  1323.5066     17.2%
  -------------------- -------  ----- ---------- ---------
  DP_OP Subtotal:                   7  3029.5254     39.3%
  Total:                           14  6926.4608     89.8%

Subtotal of datapath(DP_OP) cell area:  3029.5254  39.3%  
Total synthetic cell area:              6926.4608  89.8%  

1
