 
****************************************
Report : area
Design : core16_a28_b16_c28
Version: O-2018.06-SP5
Date   : Tue May 12 14:54:05 2026
****************************************

Library(s) Used:

    tcbn28hpcplusbwp40p140lvtssg0p81vm40c_ccs (File: /export1/Library/TN28HPC+/STD_CELL_ext/track9_200824/TSMCHOME/digital/Front_End/timing_power_noise/CCS/tcbn28hpcplusbwp40p140lvt_180a/tcbn28hpcplusbwp40p140lvtssg0p81vm40c_ccs.db)
    tcbn28hpcplusbwp40p140ssg0p81vm40c_ccs (File: /export1/Library/TN28HPC+/STD_CELL_ext/track9_200824/TSMCHOME/digital/Front_End/timing_power_noise/CCS/tcbn28hpcplusbwp40p140_180a/tcbn28hpcplusbwp40p140ssg0p81vm40c_ccs.db)
    tcbn28hpcplusbwp40p140hvtssg0p81vm40c_ccs (File: /export1/Library/TN28HPC+/STD_CELL_ext/track9_200824/TSMCHOME/digital/Front_End/timing_power_noise/CCS/tcbn28hpcplusbwp40p140hvt_180a/tcbn28hpcplusbwp40p140hvtssg0p81vm40c_ccs.db)

Number of ports:                        39764
Number of nets:                        130211
Number of cells:                        68656
Number of combinational cells:          64189
Number of sequential cells:              3821
Number of macros/black boxes:               0
Number of buf/inv:                       8957
Number of references:                      21

Combinational area:              78361.540769
Buf/Inv area:                     2398.914022
Noncombinational area:            7696.710122
Macro/Black Box area:                0.000000
Net Interconnect area:      undefined  (Wire load has zero net area)

Total cell area:                 86058.250891
Total area:                 undefined

Area of detected synthetic parts
--------------------------------
                                                    Perc. of
  Module                Implem.  Count        Area cell area
  --------------------- -------  ----- ----------- ---------
  DP_OP_106J13_122_7394     str      3   5653.7220      6.6%
  DP_OP_106J5_122_6990      str      4   7888.0653      9.2%
  DP_OP_421J3_122_8897      str      1   7496.7466      8.7%
  DP_OP_52J5_129_2082       str      4    435.4558      0.5%
  DP_OP_52J7_122_6653       str      4    996.9114      1.2%
  DP_OP_53J12_122_7336      str      2    291.0598      0.3%
  DP_OP_53J13_123_375       str      3    610.2176      0.7%
  DP_OP_53J5_130_7779       str      4    573.5516      0.7%
  DP_OP_53J7_123_5333       str      4   1025.3873      1.2%
  DP_OP_54J10_122_4542      str      1    121.7160      0.1%
  DP_OP_54J11_122_7041      str      1    138.2219      0.2%
  DP_OP_54J12_123_2306      str      2    430.6677      0.5%
  DP_OP_54J13_124_5567      str      3    878.0934      1.0%
  DP_OP_54J13_126_1209      str      1    185.9759      0.2%
  DP_OP_54J5_126_2984       str      1    185.9759      0.2%
  DP_OP_54J5_131_2477       str      4    602.0277      0.7%
  DP_OP_54J6_122_6534       str      1    196.8119      0.2%
  DP_OP_54J6_125_6671       str      1    108.8640      0.1%
  DP_OP_54J7_124_6891       str      4    743.9036      0.9%
  DP_OP_54J8_122_8446       str      1    108.8640      0.1%
  DP_OP_54J9_122_3674       str      1    138.9779      0.2%
  DP_OP_55J10_123_1863      str      1    162.9179      0.2%
  DP_OP_55J11_123_4988      str      1    190.8899      0.2%
  DP_OP_55J12_124_7382      str      2    403.9557      0.5%
  DP_OP_55J13_125_9053      str      3    842.3094      1.0%
  DP_OP_55J13_127_8322      str      1    250.7398      0.3%
  DP_OP_55J5_123_375        str      1    202.4819      0.2%
  DP_OP_55J5_127_1759       str      1    250.7398      0.3%
  DP_OP_55J6_123_706        str      1    267.6238      0.3%
  DP_OP_55J6_126_6987       str      1    146.0339      0.2%
  DP_OP_55J8_123_4652       str      1    146.0339      0.2%
  DP_OP_55J9_123_6114       str      1    188.2439      0.2%
  DP_OP_56J10_124_2317      str      1    168.8399      0.2%
  DP_OP_56J11_124_2989      str      1    189.8819      0.2%
  DP_OP_56J13_128_9131      str      1    256.6618      0.3%
  DP_OP_56J5_124_1407       str      1    291.1858      0.3%
  DP_OP_56J5_128_6780       str      1    256.6618      0.3%
  DP_OP_56J6_124_7308       str      1    272.7898      0.3%
  DP_OP_56J6_127_8611       str      1    151.9559      0.2%
  DP_OP_56J8_124_979        str      1    151.9559      0.2%
  DP_OP_56J9_124_3823       str      1    193.4099      0.2%
  DP_OP_57J5_125_8619       str      1    280.4758      0.3%
  DW_mult_tc            apparch     33  31128.6677     36.2%
  DW_mult_uns           apparch     16  12689.1455     14.7%
  --------------------- -------  ----- ----------- ---------
  DP_OP Subtotal:                   74  34077.0062     39.6%
  Total:                           123  77894.8194     90.5%

Subtotal of datapath(DP_OP) cell area:  34077.0062  39.6%  
Total synthetic cell area:              77894.8194  90.5%  

1
