 
****************************************
Report : timing
        -path full
        -delay max
        -nets
        -max_paths 1
        -transition_time
Design : core4_a24_b16_c24
Version: O-2018.06-SP5
Date   : Tue May 12 04:59:12 2026
****************************************

Operating Conditions: ssg0p81vm40c   Library: tcbn28hpcplusbwp40p140hvtssg0p81vm40c_ccs
Wire Load Model Mode: segmented

  Startpoint: io_b_0[2] (input port clocked by clk)
  Endpoint: s_w_2_reg_26_
            (rising edge-triggered flip-flop clocked by clk)
  Path Group: clk
  Path Type: max

  Des/Clust/Port     Wire Load Model       Library
  ------------------------------------------------
  core4_a24_b16_c24  ZeroWireload          tcbn28hpcplusbwp40p140hvtssg0p81vm40c_ccs
  core4_a24_b16_c24_DW_mult_uns_J2_0 ZeroWireload tcbn28hpcplusbwp40p140hvtssg0p81vm40c_ccs
  Eval_1_DP_OP_52J2_122_4926_J2_0 ZeroWireload tcbn28hpcplusbwp40p140hvtssg0p81vm40c_ccs
  Eval_1_DP_OP_53J2_123_4557_J2_0 ZeroWireload tcbn28hpcplusbwp40p140hvtssg0p81vm40c_ccs
  Eval_1_DP_OP_54J2_124_8477_J2_0 ZeroWireload tcbn28hpcplusbwp40p140hvtssg0p81vm40c_ccs
  core4_a24_b16_c24_DW_mult_uns_J2_1 ZeroWireload tcbn28hpcplusbwp40p140hvtssg0p81vm40c_ccs

Attributes:
    d - dont_touch
    u - dont_use
   mo - map_only
   so - size_only
    i - ideal_net or ideal_network
  inf - infeasible path

  Point                                       Fanout     Trans      Incr       Path      Attributes
  ---------------------------------------------------------------------------------------------------------
  clock clk (rise edge)                                             0.00       0.00
  clock network delay (ideal)                                       0.00       0.00
  input external delay                                              0.50       0.50 f
  io_b_0[2] (in)                                          0.00      0.00       0.50 f
  io_b_0[2] (net)                               1                   0.00       0.50 f
  evalB/io_in_0[2] (Eval_1)                                         0.00       0.50 f
  evalB/io_in_0[2] (net)                                            0.00       0.50 f
  evalB/U8/ZN (CKND0BWP40P140)                            0.01      0.01       0.51 r
  evalB/n3 (net)                                1                   0.00       0.51 r
  evalB/U7/ZN (CKND0BWP40P140)                            0.23      0.14       0.64 f
  evalB/io_out_6[2] (net)                      33                   0.00       0.64 f
  evalB/DP_OP_53J2_123_4557/I2[2] (Eval_1_DP_OP_53J2_123_4557_J2_0)     0.00     0.64 f
  evalB/DP_OP_53J2_123_4557/I2[2] (net)                             0.00       0.64 f
  evalB/DP_OP_53J2_123_4557/U91/S (FA1D0BWP40P140)        0.06      0.23       0.87 r
  evalB/DP_OP_53J2_123_4557/n329 (net)          2                   0.00       0.87 r
  evalB/DP_OP_53J2_123_4557/U92/CO (FA1D0BWP40P140)       0.03      0.08       0.95 r
  evalB/DP_OP_53J2_123_4557/n322 (net)          1                   0.00       0.95 r
  evalB/DP_OP_53J2_123_4557/U169/CO (FA1D0BWP40P140)      0.03      0.07       1.03 r
  evalB/DP_OP_53J2_123_4557/n319 (net)          1                   0.00       1.03 r
  evalB/DP_OP_53J2_123_4557/U168/CO (FA1D0BWP40P140)      0.03      0.07       1.10 r
  evalB/DP_OP_53J2_123_4557/n316 (net)          1                   0.00       1.10 r
  evalB/DP_OP_53J2_123_4557/U167/CO (FA1D0BWP40P140)      0.03      0.07       1.18 r
  evalB/DP_OP_53J2_123_4557/n313 (net)          1                   0.00       1.18 r
  evalB/DP_OP_53J2_123_4557/U166/CO (FA1D0BWP40P140)      0.03      0.07       1.25 r
  evalB/DP_OP_53J2_123_4557/n310 (net)          1                   0.00       1.25 r
  evalB/DP_OP_53J2_123_4557/U165/CO (FA1D0BWP40P140)      0.03      0.07       1.32 r
  evalB/DP_OP_53J2_123_4557/n307 (net)          1                   0.00       1.32 r
  evalB/DP_OP_53J2_123_4557/U164/CO (FA1D0BWP40P140)      0.03      0.07       1.40 r
  evalB/DP_OP_53J2_123_4557/n304 (net)          1                   0.00       1.40 r
  evalB/DP_OP_53J2_123_4557/U163/CO (FA1D0BWP40P140)      0.03      0.07       1.47 r
  evalB/DP_OP_53J2_123_4557/n301 (net)          1                   0.00       1.47 r
  evalB/DP_OP_53J2_123_4557/U162/CO (FA1D0BWP40P140)      0.03      0.07       1.55 r
  evalB/DP_OP_53J2_123_4557/n298 (net)          1                   0.00       1.55 r
  evalB/DP_OP_53J2_123_4557/U161/CO (FA1D0BWP40P140)      0.03      0.07       1.62 r
  evalB/DP_OP_53J2_123_4557/n295 (net)          1                   0.00       1.62 r
  evalB/DP_OP_53J2_123_4557/U160/CO (FA1D0BWP40P140)      0.03      0.07       1.70 r
  evalB/DP_OP_53J2_123_4557/n292 (net)          1                   0.00       1.70 r
  evalB/DP_OP_53J2_123_4557/U159/CO (FA1D0BWP40P140)      0.03      0.07       1.77 r
  evalB/DP_OP_53J2_123_4557/n289 (net)          1                   0.00       1.77 r
  evalB/DP_OP_53J2_123_4557/U158/CO (FA1D0BWP40P140)      0.03      0.07       1.84 r
  evalB/DP_OP_53J2_123_4557/n286 (net)          1                   0.00       1.84 r
  evalB/DP_OP_53J2_123_4557/U157/CO (FA1D0BWP40P140)      0.03      0.07       1.92 r
  evalB/DP_OP_53J2_123_4557/n283 (net)          1                   0.00       1.92 r
  evalB/DP_OP_53J2_123_4557/U156/CO (FA1D0BWP40P140)      0.10      0.12       2.04 r
  evalB/DP_OP_53J2_123_4557/O1[17] (net)       14                   0.00       2.04 r
  evalB/DP_OP_53J2_123_4557/O1[17] (Eval_1_DP_OP_53J2_123_4557_J2_0)     0.00     2.04 r
  evalB/io_out_2[17] (net)                                          0.00       2.04 r
  evalB/io_out_2[17] (Eval_1)                                       0.00       2.04 r
  evalB_io_out_2[17] (net)                                          0.00       2.04 r
  mult_x_3/b[17] (core4_a24_b16_c24_DW_mult_uns_J2_1)               0.00       2.04 r
  mult_x_3/b[17] (net)                                              0.00       2.04 r
  mult_x_3/U771/ZN (CKND0BWP40P140)                       0.13      0.12       2.15 f
  mult_x_3/n1422 (net)                         22                   0.00       2.15 f
  mult_x_3/U700/ZN (MUX2ND0BWP40P140)                     0.05      0.09       2.24 r
  mult_x_3/n878 (net)                           3                   0.00       2.24 r
  mult_x_3/U682/ZN (ND2D0BWP40P140HVT)                    0.15      0.11       2.35 f
  mult_x_3/n1449 (net)                         11                   0.00       2.35 f
  mult_x_3/U829/ZN (OAI222D0BWP40P140)                    0.08      0.10       2.44 r
  mult_x_3/n916 (net)                           1                   0.00       2.44 r
  mult_x_3/U686/ZN (MUX2ND0BWP40P140)                     0.06      0.07       2.51 r
  mult_x_3/n967 (net)                           1                   0.00       2.51 r
  mult_x_3/U868/S (HA1D0BWP40P140)                        0.03      0.08       2.59 f
  mult_x_3/n1029 (net)                          1                   0.00       2.59 f
  mult_x_3/U925/S (FA1D0BWP40P140)                        0.04      0.13       2.72 r
  mult_x_3/n1103 (net)                          1                   0.00       2.72 r
  mult_x_3/U986/CO (FA1D0BWP40P140)                       0.03      0.08       2.80 r
  mult_x_3/n1096 (net)                          1                   0.00       2.80 r
  mult_x_3/U983/CO (FA1D0BWP40P140)                       0.03      0.07       2.87 r
  mult_x_3/n1091 (net)                          1                   0.00       2.87 r
  mult_x_3/U979/CO (FA1D0BWP40P140)                       0.03      0.07       2.94 r
  mult_x_3/n1086 (net)                          1                   0.00       2.94 r
  mult_x_3/U975/CO (FA1D0BWP40P140)                       0.03      0.07       3.02 r
  mult_x_3/n1081 (net)                          1                   0.00       3.02 r
  mult_x_3/U972/CO (FA1D0BWP40P140)                       0.03      0.07       3.09 r
  mult_x_3/n1076 (net)                          1                   0.00       3.09 r
  mult_x_3/U969/CO (FA1D0BWP40P140)                       0.03      0.07       3.17 r
  mult_x_3/n1071 (net)                          1                   0.00       3.17 r
  mult_x_3/U965/S (FA1D0BWP40P140)                        0.03      0.11       3.28 f
  mult_x_3/n1180 (net)                          1                   0.00       3.28 f
  mult_x_3/U1036/S (FA1D0BWP40P140)                       0.04      0.13       3.41 r
  mult_x_3/n1289 (net)                          1                   0.00       3.41 r
  mult_x_3/U1122/CO (FA1D0BWP40P140)                      0.03      0.08       3.49 r
  mult_x_3/n1281 (net)                          1                   0.00       3.49 r
  mult_x_3/U1119/CO (FA1D0BWP40P140)                      0.03      0.07       3.57 r
  mult_x_3/n1274 (net)                          1                   0.00       3.57 r
  mult_x_3/U1114/CO (FA1D0BWP40P140)                      0.03      0.07       3.64 r
  mult_x_3/n1414 (net)                          1                   0.00       3.64 r
  mult_x_3/U1203/S (FA1D0BWP40P140)                       0.03      0.11       3.75 f
  mult_x_3/n1459 (net)                          1                   0.00       3.75 f
  mult_x_3/U1214/CO (FA1D0BWP40P140)                      0.03      0.08       3.83 f
  mult_x_3/n1420 (net)                          1                   0.00       3.83 f
  mult_x_3/U685/Z (XOR4D0BWP40P140)                       0.03      0.10       3.93 r
  mult_x_3/n1423 (net)                          2                   0.00       3.93 r
  mult_x_3/U1204/ZN (OAI21D0BWP40P140HVT)                 0.05      0.04       3.97 f
  mult_x_3/n1421 (net)                          1                   0.00       3.97 f
  mult_x_3/U1205/ZN (OAI31D0BWP40P140LVT)                 0.06      0.04       4.01 r
  mult_x_3/n1431 (net)                          1                   0.00       4.01 r
  mult_x_3/U704/Z (XOR2UD0BWP40P140)                      0.06      0.04       4.05 r
  mult_x_3/n1439 (net)                          1                   0.00       4.05 r
  mult_x_3/U684/Z (XOR4D0BWP40P140)                       0.03      0.13       4.19 r
  mult_x_3/n1453 (net)                          2                   0.00       4.19 r
  mult_x_3/U1212/ZN (OAI21D0BWP40P140HVT)                 0.04      0.04       4.23 f
  mult_x_3/n1450 (net)                          1                   0.00       4.23 f
  mult_x_3/U1213/ZN (OAI31D0BWP40P140LVT)                 0.03      0.03       4.26 r
  mult_x_3/n1454 (net)                          1                   0.00       4.26 r
  mult_x_3/U683/Z (XOR3UD0BWP40P140)                      0.04      0.06       4.31 r
  mult_x_3/product[26] (net)                    1                   0.00       4.31 r
  mult_x_3/product[26] (core4_a24_b16_c24_DW_mult_uns_J2_1)         0.00       4.31 r
  n_w_2_T_1[26] (net)                                               0.00       4.31 r
  s_w_2_reg_26_/D (DFKCNQD1BWP40P140)                     0.04      0.00       4.31 r
  data arrival time                                                            4.31

  clock clk (rise edge)                                             5.00       5.00
  clock network delay (ideal)                                       0.00       5.00
  s_w_2_reg_26_/CP (DFKCNQD1BWP40P140)                              0.00       5.00 r
  library setup time                                               -0.05       4.95
  data required time                                                           4.95
  ---------------------------------------------------------------------------------------------------------
  data required time                                                           4.95
  data arrival time                                                           -4.31
  ---------------------------------------------------------------------------------------------------------
  slack (MET)                                                                  0.64


1
