 
****************************************
Report : timing
        -path full
        -delay max
        -max_paths 3
Design : core64_a32_b14_c32
Version: O-2018.06-SP5
Date   : Wed May 13 04:30:27 2026
****************************************

 # A fanout number of 1000 was used for high fanout net computations.

Operating Conditions: ssg0p81vm40c   Library: tcbn28hpcplusbwp40p140hvtssg0p81vm40c_ccs
Wire Load Model Mode: segmented

  Startpoint: io_b_44[0] (input port clocked by clk)
  Endpoint: core16_6/core4_3/s_w_1_reg_39_
            (rising edge-triggered flip-flop clocked by clk)
  Path Group: clk
  Path Type: max

  Des/Clust/Port     Wire Load Model       Library
  ------------------------------------------------
  Eval_1_0_DP_OP_54J20_127_2501_J20_0_4
                     ZeroWireload          tcbn28hpcplusbwp40p140hvtssg0p81vm40c_ccs
  Eval_1_0_DP_OP_52J20_125_4593_J20_0_4
                     ZeroWireload          tcbn28hpcplusbwp40p140hvtssg0p81vm40c_ccs
  Eval_1_4_DP_OP_53J20_126_1321_0
                     ZeroWireload          tcbn28hpcplusbwp40p140hvtssg0p81vm40c_ccs
  core64_a32_b14_c32 ZeroWireload          tcbn28hpcplusbwp40p140hvtssg0p81vm40c_ccs
  Eval_33_0_DP_OP_56J22_131_8079_J22_0_1
                     ZeroWireload          tcbn28hpcplusbwp40p140hvtssg0p81vm40c_ccs
  Eval_33_0_DP_OP_55J22_130_4344_J22_0_1
                     ZeroWireload          tcbn28hpcplusbwp40p140hvtssg0p81vm40c_ccs
  Eval_33_0_DP_OP_54J22_129_8022_J22_0_1
                     ZeroWireload          tcbn28hpcplusbwp40p140hvtssg0p81vm40c_ccs
  Eval_33_49_DP_OP_56J19_127_6292_J19_0_1
                     ZeroWireload          tcbn28hpcplusbwp40p140hvtssg0p81vm40c_ccs
  Eval_33_49_DP_OP_55J19_126_2557_J19_0_1
                     ZeroWireload          tcbn28hpcplusbwp40p140hvtssg0p81vm40c_ccs
  Eval_33_49_DP_OP_54J19_125_8523_J19_0_1
                     ZeroWireload          tcbn28hpcplusbwp40p140hvtssg0p81vm40c_ccs
  Eval_33_1_DP_OP_55J27_124_2354_J27_0_1
                     ZeroWireload          tcbn28hpcplusbwp40p140hvtssg0p81vm40c_ccs
  Eval_33_1_DP_OP_54J27_123_1920_J27_0_1
                     ZeroWireload          tcbn28hpcplusbwp40p140hvtssg0p81vm40c_ccs
  Eval_33_1_DP_OP_53J27_122_9164_J27_0_1
                     ZeroWireload          tcbn28hpcplusbwp40p140hvtssg0p81vm40c_ccs
  core4_1_DW_mult_tc_J24_5_1
                     ZeroWireload          tcbn28hpcplusbwp40p140hvtssg0p81vm40c_ccs

  Point                                                   Incr       Path
  --------------------------------------------------------------------------
  clock clk (rise edge)                                   0.00       0.00
  clock network delay (ideal)                             0.00       0.00
  input external delay                                    0.50       0.50 f
  io_b_44[0] (in)                                         0.00       0.50 f
  evalB_11/io_in_0[0] (Eval_1_4)                          0.00       0.50 f
  evalB_11/U7/ZN (INVD1BWP40P140)                         0.01       0.51 r
  evalB_11/U2/ZN (INVD1BWP40P140)                         0.01       0.52 f
  evalB_11/io_out_6[0] (Eval_1_4)                         0.00       0.52 f
  core16_6/io_b_11[0] (core16_0)                          0.00       0.52 f
  core16_6/evalB_2/io_in_3[0] (Eval_33_50)                0.00       0.52 f
  core16_6/evalB_2/U4/ZN (INVD1BWP40P140LVT)              0.01       0.53 r
  core16_6/evalB_2/U2/ZN (INVD2BWP40P140LVT)              0.02       0.55 f
  core16_6/evalB_2/DP_OP_55J19_126_2557/I4[0] (Eval_33_49_DP_OP_55J19_126_2557_J19_0_1)
                                                          0.00       0.55 f
  core16_6/evalB_2/DP_OP_55J19_126_2557/U174/CO (HA1D1BWP40P140)
                                                          0.03       0.58 f
  core16_6/evalB_2/DP_OP_55J19_126_2557/U172/CO (FA1D1BWP40P140LVT)
                                                          0.04       0.62 f
  core16_6/evalB_2/DP_OP_55J19_126_2557/U116/S (FA1D1BWP40P140)
                                                          0.10       0.73 r
  core16_6/evalB_2/DP_OP_55J19_126_2557/U228/ZN (CKND0BWP40P140)
                                                          0.03       0.76 f
  core16_6/evalB_2/DP_OP_55J19_126_2557/U170/CO (FA1D1BWP40P140)
                                                          0.07       0.83 f
  core16_6/evalB_2/DP_OP_55J19_126_2557/U115/S (FA1D1BWP40P140)
                                                          0.11       0.93 f
  core16_6/evalB_2/DP_OP_55J19_126_2557/O2[3] (Eval_33_49_DP_OP_55J19_126_2557_J19_0_1)
                                                          0.00       0.93 f
  core16_6/evalB_2/io_out_3[3] (Eval_33_50)               0.00       0.93 f
  core16_6/core4_3/io_b_2[3] (core4_3)                    0.00       0.93 f
  core16_6/core4_3/evalB/io_in_2[3] (Eval_33_3)           0.00       0.93 f
  core16_6/core4_3/evalB/DP_OP_53J27_122_9164/I1[3] (Eval_33_1_DP_OP_53J27_122_9164_J27_0_1)
                                                          0.00       0.93 f
  core16_6/core4_3/evalB/DP_OP_53J27_122_9164/U151/CO (FA1D1BWP40P140)
                                                          0.08       1.01 f
  core16_6/core4_3/evalB/DP_OP_53J27_122_9164/U103/S (FA1D0BWP40P140)
                                                          0.12       1.13 r
  core16_6/core4_3/evalB/DP_OP_53J27_122_9164/U115/CO (FA1D0BWP40P140)
                                                          0.08       1.20 r
  core16_6/core4_3/evalB/DP_OP_53J27_122_9164/U117/CO (FA1D0BWP40P140)
                                                          0.07       1.28 r
  core16_6/core4_3/evalB/DP_OP_53J27_122_9164/U132/S (FA1D0BWP40P140)
                                                          0.12       1.39 f
  core16_6/core4_3/evalB/DP_OP_53J27_122_9164/U88/CO (FA1D1BWP40P140)
                                                          0.07       1.46 f
  core16_6/core4_3/evalB/DP_OP_53J27_122_9164/U121/CO (FA1D0BWP40P140)
                                                          0.07       1.53 f
  core16_6/core4_3/evalB/DP_OP_53J27_122_9164/U122/CO (FA1D0BWP40P140)
                                                          0.07       1.60 f
  core16_6/core4_3/evalB/DP_OP_53J27_122_9164/U134/S (FA1D0BWP40P140)
                                                          0.22       1.82 r
  core16_6/core4_3/evalB/DP_OP_53J27_122_9164/O1[11] (Eval_33_1_DP_OP_53J27_122_9164_J27_0_1)
                                                          0.00       1.82 r
  core16_6/core4_3/evalB/io_out_1[11] (Eval_33_3)         0.00       1.82 r
  core16_6/core4_3/mult_x_2/b[11] (core4_1_DW_mult_tc_J24_5_1)
                                                          0.00       1.82 r
  core16_6/core4_3/mult_x_2/U1568/ZN (CKND0BWP40P140)     0.19       2.01 f
  core16_6/core4_3/mult_x_2/U1892/ZN (MUX2ND0BWP40P140)
                                                          0.11       2.12 r
  core16_6/core4_3/mult_x_2/U1448/ZN (ND3D0BWP40P140HVT)
                                                          0.35       2.47 f
  core16_6/core4_3/mult_x_2/U1447/ZN (OAI22D0BWP40P140)
                                                          0.21       2.68 r
  core16_6/core4_3/mult_x_2/U1417/Z (OR2D0BWP40P140)      0.05       2.73 r
  core16_6/core4_3/mult_x_2/U1980/ZN (AOI21D0BWP40P140)
                                                          0.02       2.75 f
  core16_6/core4_3/mult_x_2/U1981/ZN (MUX2ND0BWP40P140)
                                                          0.07       2.81 f
  core16_6/core4_3/mult_x_2/U1380/CO (HA1D0BWP40P140)     0.05       2.86 f
  core16_6/core4_3/mult_x_2/U1478/S (FA1D0BWP40P140)      0.12       2.98 r
  core16_6/core4_3/mult_x_2/U2174/S (FA1D1BWP40P140)      0.11       3.09 f
  core16_6/core4_3/mult_x_2/U2283/CO (FA1D1BWP40P140)     0.07       3.16 f
  core16_6/core4_3/mult_x_2/U1496/CO (FA1D0BWP40P140)     0.07       3.23 f
  core16_6/core4_3/mult_x_2/U2344/CO (FA1D0BWP40P140)     0.07       3.30 f
  core16_6/core4_3/mult_x_2/U2273/CO (FA1D1BWP40P140)     0.06       3.36 f
  core16_6/core4_3/mult_x_2/U1497/CO (FA1D0BWP40P140)     0.07       3.43 f
  core16_6/core4_3/mult_x_2/U2266/CO (FA1D1BWP40P140)     0.06       3.49 f
  core16_6/core4_3/mult_x_2/U2262/CO (FA1D1BWP40P140)     0.06       3.54 f
  core16_6/core4_3/mult_x_2/U1498/CO (FA1D0BWP40P140)     0.07       3.61 f
  core16_6/core4_3/mult_x_2/U2374/S (FA1D0BWP40P140)      0.12       3.73 r
  core16_6/core4_3/mult_x_2/U2472/CO (FA1D0BWP40P140)     0.08       3.81 r
  core16_6/core4_3/mult_x_2/U1535/CO (FA1D0BWP40P140)     0.07       3.89 r
  core16_6/core4_3/mult_x_2/U2367/S (FA1D1BWP40P140)      0.10       3.99 f
  core16_6/core4_3/mult_x_2/U2457/CO (FA1D1BWP40P140)     0.07       4.06 f
  core16_6/core4_3/mult_x_2/U1562/CO (FA1D0BWP40P140)     0.07       4.12 f
  core16_6/core4_3/mult_x_2/U2456/CO (FA1D1BWP40P140)     0.06       4.18 f
  core16_6/core4_3/mult_x_2/U2455/CO (FA1D1BWP40P140)     0.06       4.24 f
  core16_6/core4_3/mult_x_2/U1563/CO (FA1D0BWP40P140)     0.07       4.31 f
  core16_6/core4_3/mult_x_2/U2454/CO (FA1D1BWP40P140)     0.06       4.37 f
  core16_6/core4_3/mult_x_2/U2453/CO (FA1D1BWP40P140)     0.06       4.42 f
  core16_6/core4_3/mult_x_2/U1564/CO (FA1D0BWP40P140)     0.07       4.49 f
  core16_6/core4_3/mult_x_2/U2452/CO (FA1D1BWP40P140)     0.06       4.55 f
  core16_6/core4_3/mult_x_2/U2451/CO (FA1D1BWP40P140)     0.06       4.61 f
  core16_6/core4_3/mult_x_2/U2508/CO (FA1D0BWP40P140)     0.07       4.68 f
  core16_6/core4_3/mult_x_2/U2450/CO (FA1D1BWP40P140)     0.06       4.74 f
  core16_6/core4_3/mult_x_2/U2497/CO (FA1D1BWP40P140)     0.06       4.79 f
  core16_6/core4_3/mult_x_2/U1385/CO (FA1D1BWP40P140LVT)
                                                          0.04       4.84 f
  core16_6/core4_3/mult_x_2/U1355/Z (XOR2UD1BWP40P140)
                                                          0.02       4.86 r
  core16_6/core4_3/mult_x_2/U1352/ZN (ND2D0BWP40P140HVT)
                                                          0.04       4.89 f
  core16_6/core4_3/mult_x_2/U1353/ZN (OAI31D0BWP40P140LVT)
                                                          0.03       4.92 r
  core16_6/core4_3/mult_x_2/U1354/Z (XOR2UD1BWP40P140)
                                                          0.04       4.96 r
  core16_6/core4_3/mult_x_2/product[39] (core4_1_DW_mult_tc_J24_5_1)
                                                          0.00       4.96 r
  core16_6/core4_3/s_w_1_reg_39_/D (DFQD1BWP40P140)       0.00       4.96 r
  data arrival time                                                  4.96

  clock clk (rise edge)                                   5.00       5.00
  clock network delay (ideal)                             0.00       5.00
  core16_6/core4_3/s_w_1_reg_39_/CP (DFQD1BWP40P140)      0.00       5.00 r
  library setup time                                     -0.04       4.96
  data required time                                                 4.96
  --------------------------------------------------------------------------
  data required time                                                 4.96
  data arrival time                                                 -4.96
  --------------------------------------------------------------------------
  slack (MET)                                                        0.00


  Startpoint: io_b_29[0] (input port clocked by clk)
  Endpoint: core16_2/core4_5/s_w_2_reg_40_
            (rising edge-triggered flip-flop clocked by clk)
  Path Group: clk
  Path Type: max

  Des/Clust/Port     Wire Load Model       Library
  ------------------------------------------------
  Eval_1_0_DP_OP_54J20_127_2501_J20_0_8
                     ZeroWireload          tcbn28hpcplusbwp40p140hvtssg0p81vm40c_ccs
  Eval_1_0_DP_OP_52J20_125_4593_J20_0_8
                     ZeroWireload          tcbn28hpcplusbwp40p140hvtssg0p81vm40c_ccs
  Eval_1_8_DP_OP_53J20_126_1321_0
                     ZeroWireload          tcbn28hpcplusbwp40p140hvtssg0p81vm40c_ccs
  core64_a32_b14_c32 ZeroWireload          tcbn28hpcplusbwp40p140hvtssg0p81vm40c_ccs
  Eval_33_65_DP_OP_55J21_130_1408_J21_0_2
                     ZeroWireload          tcbn28hpcplusbwp40p140hvtssg0p81vm40c_ccs
  Eval_33_65_DP_OP_54J21_129_7300_J21_0_2
                     ZeroWireload          tcbn28hpcplusbwp40p140hvtssg0p81vm40c_ccs
  Eval_33_67_DP_OP_56J21_131_2646_0
                     ZeroWireload          tcbn28hpcplusbwp40p140hvtssg0p81vm40c_ccs
  Eval_33_29_DP_OP_53J27_122_9164_0
                     ZeroWireload          tcbn28hpcplusbwp40p140hvtssg0p81vm40c_ccs
  Eval_33_29_DP_OP_54J27_123_1920_0
                     ZeroWireload          tcbn28hpcplusbwp40p140hvtssg0p81vm40c_ccs
  Eval_33_29_DP_OP_55J27_124_2354_0
                     ZeroWireload          tcbn28hpcplusbwp40p140hvtssg0p81vm40c_ccs
  core4_1_DW_mult_tc_J24_4_14
                     ZeroWireload          tcbn28hpcplusbwp40p140hvtssg0p81vm40c_ccs

  Point                                                   Incr       Path
  --------------------------------------------------------------------------
  clock clk (rise edge)                                   0.00       0.00
  clock network delay (ideal)                             0.00       0.00
  input external delay                                    0.50       0.50 r
  io_b_29[0] (in)                                         0.00       0.50 r
  evalB_7/io_in_1[0] (Eval_1_8)                           0.00       0.50 r
  evalB_7/DP_OP_53J20_126_1321/I3[0] (Eval_1_8_DP_OP_53J20_126_1321_0)
                                                          0.00       0.50 r
  evalB_7/DP_OP_53J20_126_1321/U310/CO (HA1D1BWP40P140LVT)
                                                          0.02       0.52 r
  evalB_7/DP_OP_53J20_126_1321/U298/S (FA1D1BWP40P140LVT)
                                                          0.07       0.59 f
  evalB_7/DP_OP_53J20_126_1321/U250/ZN (NR2D0BWP40P140)
                                                          0.03       0.62 r
  evalB_7/DP_OP_53J20_126_1321/U195/ZN (NR2D0BWP40P140LVT)
                                                          0.01       0.63 f
  evalB_7/DP_OP_53J20_126_1321/U194/ZN (INR2D0BWP40P140)
                                                          0.03       0.66 r
  evalB_7/DP_OP_53J20_126_1321/U193/ZN (NR2D0BWP40P140)
                                                          0.02       0.68 f
  evalB_7/DP_OP_53J20_126_1321/U192/ZN (INR2D1BWP40P140)
                                                          0.02       0.70 r
  evalB_7/DP_OP_53J20_126_1321/U245/ZN (CKND0BWP40P140)
                                                          0.02       0.72 f
  evalB_7/DP_OP_53J20_126_1321/U232/ZN (AOI21D1BWP40P140LVT)
                                                          0.03       0.75 r
  evalB_7/DP_OP_53J20_126_1321/U338/ZN (OAI21D1BWP40P140LVT)
                                                          0.03       0.78 f
  evalB_7/DP_OP_53J20_126_1321/U299/ZN (XNR2D0BWP40P140)
                                                          0.10       0.88 r
  evalB_7/DP_OP_53J20_126_1321/O1[6] (Eval_1_8_DP_OP_53J20_126_1321_0)
                                                          0.00       0.88 r
  evalB_7/io_out_2[6] (Eval_1_8)                          0.00       0.88 r
  core16_2/io_b_7[6] (core16_4)                           0.00       0.88 r
  core16_2/evalB_1/io_in_3[6] (Eval_33_67)                0.00       0.88 r
  core16_2/evalB_1/DP_OP_56J21_131_2646/I3[6] (Eval_33_67_DP_OP_56J21_131_2646_0)
                                                          0.00       0.88 r
  core16_2/evalB_1/DP_OP_56J21_131_2646/U361/ZN (CKND0BWP40P140)
                                                          0.05       0.93 f
  core16_2/evalB_1/DP_OP_56J21_131_2646/U286/CO (FA1D1BWP40P140LVT)
                                                          0.06       0.99 f
  core16_2/evalB_1/DP_OP_56J21_131_2646/U323/CO (FA1D1BWP40P140LVT)
                                                          0.04       1.04 f
  core16_2/evalB_1/DP_OP_56J21_131_2646/U242/CO (FA1D1BWP40P140LVT)
                                                          0.05       1.09 f
  core16_2/evalB_1/DP_OP_56J21_131_2646/U289/CO (FA1D1BWP40P140LVT)
                                                          0.05       1.14 f
  core16_2/evalB_1/DP_OP_56J21_131_2646/U297/S (FA1D1BWP40P140LVT)
                                                          0.08       1.22 r
  core16_2/evalB_1/DP_OP_56J21_131_2646/U266/S (FA1D1BWP40P140LVT)
                                                          0.07       1.29 f
  core16_2/evalB_1/DP_OP_56J21_131_2646/U239/ZN (ND2D0BWP40P140HVT)
                                                          0.03       1.31 r
  core16_2/evalB_1/DP_OP_56J21_131_2646/U238/ZN (ND2D0BWP40P140HVT)
                                                          0.04       1.36 f
  core16_2/evalB_1/DP_OP_56J21_131_2646/U261/ZN (XNR2UD0BWP40P140)
                                                          0.10       1.46 f
  core16_2/evalB_1/DP_OP_56J21_131_2646/O2[10] (Eval_33_67_DP_OP_56J21_131_2646_0)
                                                          0.00       1.46 f
  core16_2/evalB_1/io_out_5[10] (Eval_33_67)              0.00       1.46 f
  core16_2/core4_5/io_b_1[10] (core4_29)                  0.00       1.46 f
  core16_2/core4_5/evalB/io_in_1[10] (Eval_33_29)         0.00       1.46 f
  core16_2/core4_5/evalB/DP_OP_54J27_123_1920/I3[10] (Eval_33_29_DP_OP_54J27_123_1920_0)
                                                          0.00       1.46 f
  core16_2/core4_5/evalB/DP_OP_54J27_123_1920/U257/CO (FA1D1BWP40P140)
                                                          0.12       1.58 f
  core16_2/core4_5/evalB/DP_OP_54J27_123_1920/U297/CO (FA1D1BWP40P140LVT)
                                                          0.05       1.63 f
  core16_2/core4_5/evalB/DP_OP_54J27_123_1920/U289/CO (FA1D1BWP40P140LVT)
                                                          0.04       1.68 f
  core16_2/core4_5/evalB/DP_OP_54J27_123_1920/U290/CO (FA1D1BWP40P140)
                                                          0.07       1.74 f
  core16_2/core4_5/evalB/DP_OP_54J27_123_1920/U293/CO (FA1D1BWP40P140LVT)
                                                          0.05       1.79 f
  core16_2/core4_5/evalB/DP_OP_54J27_123_1920/U291/S (FA1D1BWP40P140LVT)
                                                          0.06       1.85 f
  core16_2/core4_5/evalB/DP_OP_54J27_123_1920/U295/S (FA1D1BWP40P140LVT)
                                                          0.08       1.93 r
  core16_2/core4_5/evalB/DP_OP_54J27_123_1920/U316/CO (FA1D0BWP40P140)
                                                          0.08       2.01 r
  core16_2/core4_5/evalB/DP_OP_54J27_123_1920/U317/CO (FA1OPTCD1BWP40P140)
                                                          0.05       2.06 r
  core16_2/core4_5/evalB/DP_OP_54J27_123_1920/U206/S (FA1D1BWP40P140LVT)
                                                          0.11       2.16 f
  core16_2/core4_5/evalB/DP_OP_54J27_123_1920/O1[17] (Eval_33_29_DP_OP_54J27_123_1920_0)
                                                          0.00       2.16 f
  core16_2/core4_5/evalB/io_out_2[17] (Eval_33_29)        0.00       2.16 f
  core16_2/core4_5/mult_x_3/b[17] (core4_1_DW_mult_tc_J24_4_14)
                                                          0.00       2.16 f
  core16_2/core4_5/mult_x_3/U1568/ZN (CKND0BWP40P140)     0.13       2.29 r
  core16_2/core4_5/mult_x_3/U1718/ZN (MUX2ND0BWP40P140)
                                                          0.08       2.37 f
  core16_2/core4_5/mult_x_3/U1723/ZN (NR2D0BWP40P140)     0.20       2.58 r
  core16_2/core4_5/mult_x_3/U1770/ZN (AOI222D0BWP40P140)
                                                          0.09       2.67 f
  core16_2/core4_5/mult_x_3/U1771/ZN (MUX2ND0BWP40P140)
                                                          0.08       2.74 r
  core16_2/core4_5/mult_x_3/U1394/CO (HA1D1BWP40P140)     0.06       2.80 r
  core16_2/core4_5/mult_x_3/U1396/CO (HA1D0BWP40P140)     0.05       2.85 r
  core16_2/core4_5/mult_x_3/U1831/CO (FA1D1BWP40P140)     0.05       2.90 r
  core16_2/core4_5/mult_x_3/U1477/S (FA1D0BWP40P140)      0.11       3.01 f
  core16_2/core4_5/mult_x_3/U1896/S (FA1D1BWP40P140)      0.12       3.13 r
  core16_2/core4_5/mult_x_3/U1486/CO (FA1D0BWP40P140)     0.08       3.20 r
  core16_2/core4_5/mult_x_3/U1979/S (FA1D0BWP40P140)      0.12       3.32 f
  core16_2/core4_5/mult_x_3/U2070/S (FA1D1BWP40P140)      0.12       3.44 r
  core16_2/core4_5/mult_x_3/U1531/CO (FA1D0BWP40P140)     0.08       3.51 r
  core16_2/core4_5/mult_x_3/U2167/S (FA1D1BWP40P140)      0.10       3.62 f
  core16_2/core4_5/mult_x_3/U2242/CO (FA1D1BWP40P140)     0.07       3.68 f
  core16_2/core4_5/mult_x_3/U1559/CO (FA1D0BWP40P140)     0.07       3.75 f
  core16_2/core4_5/mult_x_3/U2563/CO (FA1D0BWP40P140)     0.07       3.82 f
  core16_2/core4_5/mult_x_3/U2240/CO (FA1D1BWP40P140)     0.06       3.88 f
  core16_2/core4_5/mult_x_3/U1560/CO (FA1D0BWP40P140)     0.07       3.95 f
  core16_2/core4_5/mult_x_3/U2239/CO (FA1D1BWP40P140)     0.06       4.01 f
  core16_2/core4_5/mult_x_3/U2238/CO (FA1D1BWP40P140)     0.06       4.07 f
  core16_2/core4_5/mult_x_3/U1561/CO (FA1D0BWP40P140)     0.07       4.14 f
  core16_2/core4_5/mult_x_3/U2237/CO (FA1D1BWP40P140)     0.06       4.20 f
  core16_2/core4_5/mult_x_3/U2285/CO (FA1D1BWP40P140)     0.06       4.25 f
  core16_2/core4_5/mult_x_3/U1562/CO (FA1D0BWP40P140)     0.07       4.32 f
  core16_2/core4_5/mult_x_3/U1408/CO (FA1D1BWP40P140LVT)
                                                          0.05       4.37 f
  core16_2/core4_5/mult_x_3/U1393/CO (FA1D1BWP40P140LVT)
                                                          0.04       4.41 f
  core16_2/core4_5/mult_x_3/U1407/CO (FA1D1BWP40P140)     0.05       4.47 f
  core16_2/core4_5/mult_x_3/U2575/CO (FA1D1BWP40P140LVT)
                                                          0.04       4.51 f
  core16_2/core4_5/mult_x_3/U2576/CO (FA1D1BWP40P140LVT)
                                                          0.04       4.55 f
  core16_2/core4_5/mult_x_3/U2577/CO (FA1D1BWP40P140LVT)
                                                          0.04       4.59 f
  core16_2/core4_5/mult_x_3/U2578/CO (FA1D1BWP40P140LVT)
                                                          0.04       4.64 f
  core16_2/core4_5/mult_x_3/U2579/CO (FA1D1BWP40P140LVT)
                                                          0.04       4.68 f
  core16_2/core4_5/mult_x_3/U1406/Z (XOR2UD1BWP40P140LVT)
                                                          0.02       4.70 r
  core16_2/core4_5/mult_x_3/U1395/ZN (OAI21D0BWP40P140)
                                                          0.03       4.73 f
  core16_2/core4_5/mult_x_3/U2568/ZN (OAI31D0BWP40P140LVT)
                                                          0.03       4.76 r
  core16_2/core4_5/mult_x_3/U1397/Z (XOR2UD0BWP40P140)
                                                          0.04       4.80 r
  core16_2/core4_5/mult_x_3/U1405/Z (XOR3UD1BWP40P140LVT)
                                                          0.05       4.85 r
  core16_2/core4_5/mult_x_3/U2572/ZN (OAI21D0BWP40P140)
                                                          0.03       4.88 f
  core16_2/core4_5/mult_x_3/U2573/ZN (OAI31D0BWP40P140LVT)
                                                          0.02       4.90 r
  core16_2/core4_5/mult_x_3/U2574/ZN (XNR3UD0BWP40P140)
                                                          0.06       4.96 r
  core16_2/core4_5/mult_x_3/product[40] (core4_1_DW_mult_tc_J24_4_14)
                                                          0.00       4.96 r
  core16_2/core4_5/s_w_2_reg_40_/D (DFQD1BWP40P140)       0.00       4.96 r
  data arrival time                                                  4.96

  clock clk (rise edge)                                   5.00       5.00
  clock network delay (ideal)                             0.00       5.00
  core16_2/core4_5/s_w_2_reg_40_/CP (DFQD1BWP40P140)      0.00       5.00 r
  library setup time                                     -0.04       4.96
  data required time                                                 4.96
  --------------------------------------------------------------------------
  data required time                                                 4.96
  data arrival time                                                 -4.96
  --------------------------------------------------------------------------
  slack (MET)                                                        0.00


  Startpoint: io_b_43[1] (input port clocked by clk)
  Endpoint: core16_2/core4_1/s_w_1_reg_39_
            (rising edge-triggered flip-flop clocked by clk)
  Path Group: clk
  Path Type: max

  Des/Clust/Port     Wire Load Model       Library
  ------------------------------------------------
  Eval_1_0_DP_OP_54J20_127_2501_J20_0_5
                     ZeroWireload          tcbn28hpcplusbwp40p140hvtssg0p81vm40c_ccs
  Eval_1_0_DP_OP_52J20_125_4593_J20_0_5
                     ZeroWireload          tcbn28hpcplusbwp40p140hvtssg0p81vm40c_ccs
  Eval_1_5_DP_OP_53J20_126_1321_0
                     ZeroWireload          tcbn28hpcplusbwp40p140hvtssg0p81vm40c_ccs
  core64_a32_b14_c32 ZeroWireload          tcbn28hpcplusbwp40p140hvtssg0p81vm40c_ccs
  Eval_33_65_DP_OP_55J21_130_1408_J21_0_1
                     ZeroWireload          tcbn28hpcplusbwp40p140hvtssg0p81vm40c_ccs
  Eval_33_65_DP_OP_54J21_129_7300_J21_0_1
                     ZeroWireload          tcbn28hpcplusbwp40p140hvtssg0p81vm40c_ccs
  Eval_33_66_DP_OP_56J21_131_2646_0
                     ZeroWireload          tcbn28hpcplusbwp40p140hvtssg0p81vm40c_ccs
  Eval_33_33_DP_OP_56J24_124_2242_J24_0
                     ZeroWireload          tcbn28hpcplusbwp40p140hvtssg0p81vm40c_ccs
  Eval_33_33_DP_OP_55J24_123_7030_J24_0
                     ZeroWireload          tcbn28hpcplusbwp40p140hvtssg0p81vm40c_ccs
  Eval_33_33_DP_OP_54J24_122_1014_J24_0
                     ZeroWireload          tcbn28hpcplusbwp40p140hvtssg0p81vm40c_ccs
  core4_33_DW_mult_tc_J29_4
                     ZeroWireload          tcbn28hpcplusbwp40p140hvtssg0p81vm40c_ccs

  Point                                                   Incr       Path
  --------------------------------------------------------------------------
  clock clk (rise edge)                                   0.00       0.00
  clock network delay (ideal)                             0.00       0.00
  input external delay                                    0.50       0.50 r
  io_b_43[1] (in)                                         0.00       0.50 r
  evalB_10/io_in_3[1] (Eval_1_5)                          0.00       0.50 r
  evalB_10/DP_OP_53J20_126_1321/I4[1] (Eval_1_5_DP_OP_53J20_126_1321_0)
                                                          0.00       0.50 r
  evalB_10/DP_OP_53J20_126_1321/U167/ZN (XNR2UD1BWP40P140LVT)
                                                          0.03       0.53 r
  evalB_10/DP_OP_53J20_126_1321/U161/ZN (XNR2UD1BWP40P140)
                                                          0.05       0.58 r
  evalB_10/DP_OP_53J20_126_1321/U153/ZN (ND2D0BWP40P140)
                                                          0.04       0.62 f
  evalB_10/DP_OP_53J20_126_1321/U190/ZN (IND2D1BWP40P140LVT)
                                                          0.02       0.64 r
  evalB_10/DP_OP_53J20_126_1321/U274/Z (XOR2UD0BWP40P140)
                                                          0.03       0.67 r
  evalB_10/DP_OP_53J20_126_1321/O1[1] (Eval_1_5_DP_OP_53J20_126_1321_0)
                                                          0.00       0.67 r
  evalB_10/U13/Z (BUFFD0P7BWP40P140)                      0.07       0.74 r
  evalB_10/io_out_2[1] (Eval_1_5)                         0.00       0.74 r
  core16_2/io_b_10[1] (core16_4)                          0.00       0.74 r
  core16_2/evalB_2/io_in_2[1] (Eval_33_66)                0.00       0.74 r
  core16_2/evalB_2/DP_OP_54J21_129_7300/I1[1] (Eval_33_65_DP_OP_54J21_129_7300_J21_0_1)
                                                          0.00       0.74 r
  core16_2/evalB_2/DP_OP_54J21_129_7300/U78/S (HA1D0BWP40P140)
                                                          0.07       0.81 f
  core16_2/evalB_2/DP_OP_54J21_129_7300/U131/S (FA1D0BWP40P140)
                                                          0.12       0.92 r
  core16_2/evalB_2/DP_OP_54J21_129_7300/U91/S (FA1D1BWP40P140)
                                                          0.11       1.04 f
  core16_2/evalB_2/DP_OP_54J21_129_7300/O1[3] (Eval_33_65_DP_OP_54J21_129_7300_J21_0_1)
                                                          0.00       1.04 f
  core16_2/evalB_2/io_out_1[3] (Eval_33_66)               0.00       1.04 f
  core16_2/core4_1/io_b_2[3] (core4_33)                   0.00       1.04 f
  core16_2/core4_1/evalB/io_in_2[3] (Eval_33_33)          0.00       1.04 f
  core16_2/core4_1/evalB/DP_OP_54J24_122_1014/I1[3] (Eval_33_33_DP_OP_54J24_122_1014_J24_0)
                                                          0.00       1.04 f
  core16_2/core4_1/evalB/DP_OP_54J24_122_1014/U161/CO (FA1D0BWP40P140)
                                                          0.08       1.12 f
  core16_2/core4_1/evalB/DP_OP_54J24_122_1014/U126/S (FA1D0BWP40P140)
                                                          0.12       1.24 r
  core16_2/core4_1/evalB/DP_OP_54J24_122_1014/U139/CO (FA1D0BWP40P140)
                                                          0.08       1.31 r
  core16_2/core4_1/evalB/DP_OP_54J24_122_1014/U141/CO (FA1D0BWP40P140)
                                                          0.07       1.39 r
  core16_2/core4_1/evalB/DP_OP_54J24_122_1014/U158/CO (FA1D0BWP40P140)
                                                          0.07       1.46 r
  core16_2/core4_1/evalB/DP_OP_54J24_122_1014/U129/CO (FA1D0BWP40P140)
                                                          0.07       1.54 r
  core16_2/core4_1/evalB/DP_OP_54J24_122_1014/U130/CO (FA1D0BWP40P140)
                                                          0.07       1.61 r
  core16_2/core4_1/evalB/DP_OP_54J24_122_1014/U142/CO (FA1D0BWP40P140)
                                                          0.07       1.68 r
  core16_2/core4_1/evalB/DP_OP_54J24_122_1014/U131/CO (FA1D0BWP40P140)
                                                          0.07       1.76 r
  core16_2/core4_1/evalB/DP_OP_54J24_122_1014/U132/CO (FA1D0BWP40P140)
                                                          0.07       1.83 r
  core16_2/core4_1/evalB/DP_OP_54J24_122_1014/U144/CO (FA1D0BWP40P140)
                                                          0.07       1.91 r
  core16_2/core4_1/evalB/DP_OP_54J24_122_1014/U91/CO (FA1D0BWP40P140)
                                                          0.07       1.98 r
  core16_2/core4_1/evalB/DP_OP_54J24_122_1014/U98/CO (FA1D0BWP40P140)
                                                          0.07       2.06 r
  core16_2/core4_1/evalB/DP_OP_54J24_122_1014/U148/S (FA1D0BWP40P140)
                                                          0.12       2.17 f
  core16_2/core4_1/evalB/DP_OP_54J24_122_1014/U178/CO (FA1D1BWP40P140)
                                                          0.07       2.24 f
  core16_2/core4_1/evalB/DP_OP_54J24_122_1014/U166/CO (FA1D0BWP40P140)
                                                          0.07       2.31 f
  core16_2/core4_1/evalB/DP_OP_54J24_122_1014/U167/CO (FA1D0BWP40P140)
                                                          0.07       2.38 f
  core16_2/core4_1/evalB/DP_OP_54J24_122_1014/U109/Z (XOR2D1BWP40P140)
                                                          0.10       2.48 r
  core16_2/core4_1/evalB/DP_OP_54J24_122_1014/O1[20] (Eval_33_33_DP_OP_54J24_122_1014_J24_0)
                                                          0.00       2.48 r
  core16_2/core4_1/evalB/io_out_1[20] (Eval_33_33)        0.00       2.48 r
  core16_2/core4_1/mult_x_2/b[20] (core4_33_DW_mult_tc_J29_4)
                                                          0.00       2.48 r
  core16_2/core4_1/mult_x_2/U1699/ZN (MAOI22D0BWP40P140)
                                                          0.07       2.55 r
  core16_2/core4_1/mult_x_2/U1708/ZN (IND3D1BWP40P140HVT)
                                                          0.19       2.74 f
  core16_2/core4_1/mult_x_2/U1772/ZN (OAI222D0BWP40P140)
                                                          0.14       2.88 r
  core16_2/core4_1/mult_x_2/U1773/ZN (AOI21D0BWP40P140)
                                                          0.04       2.92 f
  core16_2/core4_1/mult_x_2/U1774/ZN (MUX2ND0BWP40P140)
                                                          0.06       2.97 f
  core16_2/core4_1/mult_x_2/U1405/CO (HA1D0BWP40P140)     0.05       3.02 f
  core16_2/core4_1/mult_x_2/U1840/CO (FA1D1BWP40P140)     0.06       3.08 f
  core16_2/core4_1/mult_x_2/U1836/CO (FA1D1BWP40P140)     0.06       3.13 f
  core16_2/core4_1/mult_x_2/U1370/ZN (ND2D0BWP40P140)     0.02       3.15 r
  core16_2/core4_1/mult_x_2/U1369/ZN (ND2D1BWP40P140LVT)
                                                          0.02       3.17 f
  core16_2/core4_1/mult_x_2/U1383/CO (FA1D0BWP40P140)     0.06       3.24 f
  core16_2/core4_1/mult_x_2/U1365/ZN (OAI21D0BWP40P140)
                                                          0.02       3.26 r
  core16_2/core4_1/mult_x_2/U1642/ZN (ND2D0BWP40P140)     0.03       3.30 f
  core16_2/core4_1/mult_x_2/U1456/CO (FA1D0BWP40P140)     0.08       3.37 f
  core16_2/core4_1/mult_x_2/U1820/S (FA1D1BWP40P140)      0.11       3.48 r
  core16_2/core4_1/mult_x_2/U1793/CO (FA1D0BWP40P140)     0.08       3.56 r
  core16_2/core4_1/mult_x_2/U1463/CO (FA1D0BWP40P140)     0.07       3.63 r
  core16_2/core4_1/mult_x_2/U1899/CO (FA1D0BWP40P140)     0.07       3.71 r
  core16_2/core4_1/mult_x_2/U1902/CO (FA1D0BWP40P140)     0.07       3.78 r
  core16_2/core4_1/mult_x_2/U1464/CO (FA1D0BWP40P140)     0.07       3.85 r
  core16_2/core4_1/mult_x_2/U1909/CO (FA1D0BWP40P140)     0.07       3.93 r
  core16_2/core4_1/mult_x_2/U1885/S (FA1D1BWP40P140)      0.10       4.03 f
  core16_2/core4_1/mult_x_2/U1472/CO (FA1D0BWP40P140)     0.08       4.11 f
  core16_2/core4_1/mult_x_2/U1976/CO (FA1D1BWP40P140)     0.06       4.17 f
  core16_2/core4_1/mult_x_2/U2094/CO (FA1D0BWP40P140)     0.07       4.24 f
  core16_2/core4_1/mult_x_2/U1969/S (FA1D1BWP40P140)      0.11       4.34 r
  core16_2/core4_1/mult_x_2/U1482/CO (FA1D0BWP40P140)     0.08       4.42 r
  core16_2/core4_1/mult_x_2/U2457/S (FA1D1BWP40P140)      0.10       4.52 f
  core16_2/core4_1/mult_x_2/U2373/CO (FA1D0BWP40P140)     0.08       4.60 f
  core16_2/core4_1/mult_x_2/U1498/S (FA1D0BWP40P140)      0.12       4.72 r
  core16_2/core4_1/mult_x_2/U2448/S (FA1D0BWP40P140)      0.12       4.84 f
  core16_2/core4_1/mult_x_2/U1562/CO (FA1D0BWP40P140)     0.07       4.92 f
  core16_2/core4_1/mult_x_2/U1357/ZN (INVD1BWP40P140)     0.02       4.94 r
  core16_2/core4_1/mult_x_2/U1355/Z (XOR2UD1BWP40P140)
                                                          0.03       4.96 r
  core16_2/core4_1/mult_x_2/product[39] (core4_33_DW_mult_tc_J29_4)
                                                          0.00       4.96 r
  core16_2/core4_1/s_w_1_reg_39_/D (DFQD1BWP40P140)       0.00       4.96 r
  data arrival time                                                  4.96

  clock clk (rise edge)                                   5.00       5.00
  clock network delay (ideal)                             0.00       5.00
  core16_2/core4_1/s_w_1_reg_39_/CP (DFQD1BWP40P140)      0.00       5.00 r
  library setup time                                     -0.04       4.96
  data required time                                                 4.96
  --------------------------------------------------------------------------
  data required time                                                 4.96
  data arrival time                                                 -4.96
  --------------------------------------------------------------------------
  slack (MET)                                                        0.00


1
