 
****************************************
Report : area
Design : core16_a36_b14_c36
Version: O-2018.06-SP5
Date   : Tue May 12 18:07:48 2026
****************************************

Library(s) Used:

    tcbn28hpcplusbwp40p140lvtssg0p81vm40c_ccs (File: /export1/Library/TN28HPC+/STD_CELL_ext/track9_200824/TSMCHOME/digital/Front_End/timing_power_noise/CCS/tcbn28hpcplusbwp40p140lvt_180a/tcbn28hpcplusbwp40p140lvtssg0p81vm40c_ccs.db)
    tcbn28hpcplusbwp40p140ssg0p81vm40c_ccs (File: /export1/Library/TN28HPC+/STD_CELL_ext/track9_200824/TSMCHOME/digital/Front_End/timing_power_noise/CCS/tcbn28hpcplusbwp40p140_180a/tcbn28hpcplusbwp40p140ssg0p81vm40c_ccs.db)
    tcbn28hpcplusbwp40p140hvtssg0p81vm40c_ccs (File: /export1/Library/TN28HPC+/STD_CELL_ext/track9_200824/TSMCHOME/digital/Front_End/timing_power_noise/CCS/tcbn28hpcplusbwp40p140hvt_180a/tcbn28hpcplusbwp40p140hvtssg0p81vm40c_ccs.db)

Number of ports:                        46336
Number of nets:                        156589
Number of cells:                        82633
Number of combinational cells:          77198
Number of sequential cells:              4789
Number of macros/black boxes:               0
Number of buf/inv:                       9019
Number of references:                      21

Combinational area:              97354.528471
Buf/Inv area:                     2439.486020
Noncombinational area:            9647.316153
Macro/Black Box area:                0.000000
Net Interconnect area:      undefined  (Wire load has zero net area)

Total cell area:                107001.844623
Total area:                 undefined

Area of detected synthetic parts
--------------------------------
                                                    Perc. of
  Module                Implem.  Count        Area cell area
  --------------------- -------  ----- ----------- ---------
  DP_OP_106J12_122_8869     str      4  11445.9192     10.7%
  DP_OP_106J15_122_5029     str      3   8294.1245      7.8%
  DP_OP_421J3_122_7810      str      1  10875.7090     10.2%
  DP_OP_52J14_128_4593      str      4    384.8039      0.4%
  DP_OP_52J15_123_8845      str      4   1279.1512      1.2%
  DP_OP_53J12_123_4467      str      2    265.6079      0.2%
  DP_OP_53J13_122_4700      str      3    764.4415      0.7%
  DP_OP_53J14_129_1321      str      4    503.7477      0.5%
  DP_OP_53J15_124_1745      str      4   1307.6271      1.2%
  DP_OP_54J11_122_6548      str      1    248.2198      0.2%
  DP_OP_54J11_125_6861      str      1    125.3700      0.1%
  DP_OP_54J11_128_9182      str      1     96.0120      0.1%
  DP_OP_54J12_124_1582      str      2    396.0177      0.4%
  DP_OP_54J12_126_990       str      1     96.0120      0.1%
  DP_OP_54J13_123_9540      str      3   1089.7733      1.0%
  DP_OP_54J13_128_8677      str      1    237.3839      0.2%
  DP_OP_54J13_131_9127      str      1    109.1160      0.1%
  DP_OP_54J14_122_485       str      1    237.3839      0.2%
  DP_OP_54J14_125_4764      str      1    126.2519      0.1%
  DP_OP_54J14_130_2501      str      4    531.4677      0.5%
  DP_OP_54J15_125_3730      str      4    949.5355      0.9%
  DP_OP_55J11_123_3996      str      1    338.1838      0.3%
  DP_OP_55J11_126_7444      str      1    173.7539      0.2%
  DP_OP_55J11_129_1285      str      1    128.3939      0.1%
  DP_OP_55J12_125_5235      str      2    369.3058      0.3%
  DP_OP_55J12_127_6795      str      1    128.3939      0.1%
  DP_OP_55J13_124_2689      str      3   1053.9893      1.0%
  DP_OP_55J13_125_1150      str      1    253.8898      0.2%
  DP_OP_55J13_129_6253      str      1    321.2998      0.3%
  DP_OP_55J13_132_5372      str      1    145.5299      0.1%
  DP_OP_55J14_123_3918      str      1    321.2998      0.3%
  DP_OP_55J14_126_4337      str      1    170.8559      0.2%
  DP_OP_56J11_124_1718      str      1    343.3498      0.3%
  DP_OP_56J11_127_3026      str      1    172.3679      0.2%
  DP_OP_56J11_130_8200      str      1    134.3159      0.1%
  DP_OP_56J12_128_568       str      1    134.3159      0.1%
  DP_OP_56J13_126_9613      str      1    361.7458      0.3%
  DP_OP_56J13_130_5010      str      1    327.2217      0.3%
  DP_OP_56J13_133_271       str      1    151.3259      0.1%
  DP_OP_56J14_124_7345      str      1    327.2218      0.3%
  DP_OP_56J14_127_3581      str      1    176.0219      0.2%
  DP_OP_57J13_127_6858      str      1    351.0358      0.3%
  DW_mult_tc            apparch     33  36412.5763     34.0%
  DW_mult_uns           apparch     16  15180.5662     14.2%
  --------------------- -------  ----- ----------- ---------
  DP_OP Subtotal:                   74  45247.4937     42.3%
  Total:                           123  96840.6362     90.5%

Subtotal of datapath(DP_OP) cell area:  45247.4937  42.3%  
Total synthetic cell area:              96840.6362  90.5%  

1
