 
****************************************
Report : timing
        -path full
        -delay max
        -nets
        -max_paths 1
        -transition_time
Design : core64_a32_b14_c32
Version: O-2018.06-SP5
Date   : Wed May 13 04:29:52 2026
****************************************

 # A fanout number of 1000 was used for high fanout net computations.

Operating Conditions: ssg0p81vm40c   Library: tcbn28hpcplusbwp40p140hvtssg0p81vm40c_ccs
Wire Load Model Mode: segmented

  Startpoint: io_b_44[0] (input port clocked by clk)
  Endpoint: core16_6/core4_3/s_w_1_reg_39_
            (rising edge-triggered flip-flop clocked by clk)
  Path Group: clk
  Path Type: max

  Des/Clust/Port     Wire Load Model       Library
  ------------------------------------------------
  Eval_1_0_DP_OP_54J20_127_2501_J20_0_4 ZeroWireload tcbn28hpcplusbwp40p140hvtssg0p81vm40c_ccs
  Eval_1_0_DP_OP_52J20_125_4593_J20_0_4 ZeroWireload tcbn28hpcplusbwp40p140hvtssg0p81vm40c_ccs
  Eval_1_4_DP_OP_53J20_126_1321_0 ZeroWireload tcbn28hpcplusbwp40p140hvtssg0p81vm40c_ccs
  core64_a32_b14_c32 ZeroWireload          tcbn28hpcplusbwp40p140hvtssg0p81vm40c_ccs
  Eval_33_0_DP_OP_56J22_131_8079_J22_0_1 ZeroWireload tcbn28hpcplusbwp40p140hvtssg0p81vm40c_ccs
  Eval_33_0_DP_OP_55J22_130_4344_J22_0_1 ZeroWireload tcbn28hpcplusbwp40p140hvtssg0p81vm40c_ccs
  Eval_33_0_DP_OP_54J22_129_8022_J22_0_1 ZeroWireload tcbn28hpcplusbwp40p140hvtssg0p81vm40c_ccs
  Eval_33_49_DP_OP_56J19_127_6292_J19_0_1 ZeroWireload tcbn28hpcplusbwp40p140hvtssg0p81vm40c_ccs
  Eval_33_49_DP_OP_55J19_126_2557_J19_0_1 ZeroWireload tcbn28hpcplusbwp40p140hvtssg0p81vm40c_ccs
  Eval_33_49_DP_OP_54J19_125_8523_J19_0_1 ZeroWireload tcbn28hpcplusbwp40p140hvtssg0p81vm40c_ccs
  Eval_33_1_DP_OP_55J27_124_2354_J27_0_1 ZeroWireload tcbn28hpcplusbwp40p140hvtssg0p81vm40c_ccs
  Eval_33_1_DP_OP_54J27_123_1920_J27_0_1 ZeroWireload tcbn28hpcplusbwp40p140hvtssg0p81vm40c_ccs
  Eval_33_1_DP_OP_53J27_122_9164_J27_0_1 ZeroWireload tcbn28hpcplusbwp40p140hvtssg0p81vm40c_ccs
  core4_1_DW_mult_tc_J24_5_1 ZeroWireload  tcbn28hpcplusbwp40p140hvtssg0p81vm40c_ccs

Attributes:
    d - dont_touch
    u - dont_use
   mo - map_only
   so - size_only
    i - ideal_net or ideal_network
  inf - infeasible path

  Point                                       Fanout     Trans      Incr       Path      Attributes
  ---------------------------------------------------------------------------------------------------------
  clock clk (rise edge)                                             0.00       0.00
  clock network delay (ideal)                                       0.00       0.00
  input external delay                                              0.50       0.50 f
  io_b_44[0] (in)                                         0.00      0.00       0.50 f
  io_b_44[0] (net)                              7                   0.00       0.50 f
  evalB_11/io_in_0[0] (Eval_1_4)                                    0.00       0.50 f
  evalB_11/io_in_0[0] (net)                                         0.00       0.50 f
  evalB_11/U7/ZN (INVD1BWP40P140)                         0.01      0.01       0.51 r
  evalB_11/n47 (net)                            1                   0.00       0.51 r
  evalB_11/U2/ZN (INVD1BWP40P140)                         0.01      0.01       0.52 f
  evalB_11/io_out_6[0] (net)                    1                   0.00       0.52 f
  evalB_11/io_out_6[0] (Eval_1_4)                                   0.00       0.52 f
  evalB_11_io_out_6[0] (net)                                        0.00       0.52 f
  core16_6/io_b_11[0] (core16_0)                                    0.00       0.52 f
  core16_6/io_b_11[0] (net)                                         0.00       0.52 f
  core16_6/evalB_2/io_in_3[0] (Eval_33_50)                          0.00       0.52 f
  core16_6/evalB_2/io_in_3[0] (net)                                 0.00       0.52 f
  core16_6/evalB_2/U4/ZN (INVD1BWP40P140LVT)              0.01      0.01       0.53 r
  core16_6/evalB_2/n68 (net)                    1                   0.00       0.53 r
  core16_6/evalB_2/U2/ZN (INVD2BWP40P140LVT)              0.03      0.02       0.55 f
  core16_6/evalB_2/io_out_0[0] (net)            8                   0.00       0.55 f
  core16_6/evalB_2/DP_OP_55J19_126_2557/I4[0] (Eval_33_49_DP_OP_55J19_126_2557_J19_0_1)     0.00     0.55 f
  core16_6/evalB_2/DP_OP_55J19_126_2557/I4[0] (net)                 0.00       0.55 f
  core16_6/evalB_2/DP_OP_55J19_126_2557/U174/CO (HA1D1BWP40P140)     0.01     0.03     0.58 f
  core16_6/evalB_2/DP_OP_55J19_126_2557/n286 (net)     1            0.00       0.58 f
  core16_6/evalB_2/DP_OP_55J19_126_2557/U172/CO (FA1D1BWP40P140LVT)     0.02     0.04     0.62 f
  core16_6/evalB_2/DP_OP_55J19_126_2557/n284 (net)     1            0.00       0.62 f
  core16_6/evalB_2/DP_OP_55J19_126_2557/U116/S (FA1D1BWP40P140)     0.03     0.10     0.73 r
  core16_6/evalB_2/DP_OP_55J19_126_2557/n291 (net)     2            0.00       0.73 r
  core16_6/evalB_2/DP_OP_55J19_126_2557/U228/ZN (CKND0BWP40P140)     0.03     0.03     0.76 f
  core16_6/evalB_2/DP_OP_55J19_126_2557/n303 (net)     1            0.00       0.76 f
  core16_6/evalB_2/DP_OP_55J19_126_2557/U170/CO (FA1D1BWP40P140)     0.02     0.07     0.83 f
  core16_6/evalB_2/DP_OP_55J19_126_2557/n300 (net)     1            0.00       0.83 f
  core16_6/evalB_2/DP_OP_55J19_126_2557/U115/S (FA1D1BWP40P140)     0.05     0.11     0.93 f
  core16_6/evalB_2/DP_OP_55J19_126_2557/O2[3] (net)     3           0.00       0.93 f
  core16_6/evalB_2/DP_OP_55J19_126_2557/O2[3] (Eval_33_49_DP_OP_55J19_126_2557_J19_0_1)     0.00     0.93 f
  core16_6/evalB_2/io_out_3[3] (net)                                0.00       0.93 f
  core16_6/evalB_2/io_out_3[3] (Eval_33_50)                         0.00       0.93 f
  core16_6/evalB_2_io_out_3[3] (net)                                0.00       0.93 f
  core16_6/core4_3/io_b_2[3] (core4_3)                              0.00       0.93 f
  core16_6/core4_3/io_b_2[3] (net)                                  0.00       0.93 f
  core16_6/core4_3/evalB/io_in_2[3] (Eval_33_3)                     0.00       0.93 f
  core16_6/core4_3/evalB/io_in_2[3] (net)                           0.00       0.93 f
  core16_6/core4_3/evalB/DP_OP_53J27_122_9164/I1[3] (Eval_33_1_DP_OP_53J27_122_9164_J27_0_1)     0.00     0.93 f
  core16_6/core4_3/evalB/DP_OP_53J27_122_9164/I1[3] (net)           0.00       0.93 f
  core16_6/core4_3/evalB/DP_OP_53J27_122_9164/U151/CO (FA1D1BWP40P140)     0.02     0.08     1.01 f
  core16_6/core4_3/evalB/DP_OP_53J27_122_9164/n273 (net)     1      0.00       1.01 f
  core16_6/core4_3/evalB/DP_OP_53J27_122_9164/U103/S (FA1D0BWP40P140)     0.04     0.12     1.13 r
  core16_6/core4_3/evalB/DP_OP_53J27_122_9164/n279 (net)     1      0.00       1.13 r
  core16_6/core4_3/evalB/DP_OP_53J27_122_9164/U115/CO (FA1D0BWP40P140)     0.03     0.08     1.20 r
  core16_6/core4_3/evalB/DP_OP_53J27_122_9164/n276 (net)     1      0.00       1.20 r
  core16_6/core4_3/evalB/DP_OP_53J27_122_9164/U117/CO (FA1D0BWP40P140)     0.03     0.07     1.28 r
  core16_6/core4_3/evalB/DP_OP_53J27_122_9164/n298 (net)     1      0.00       1.28 r
  core16_6/core4_3/evalB/DP_OP_53J27_122_9164/U132/S (FA1D0BWP40P140)     0.03     0.12     1.39 f
  core16_6/core4_3/evalB/DP_OP_53J27_122_9164/n331 (net)     1      0.00       1.39 f
  core16_6/core4_3/evalB/DP_OP_53J27_122_9164/U88/CO (FA1D1BWP40P140)     0.02     0.07     1.46 f
  core16_6/core4_3/evalB/DP_OP_53J27_122_9164/n360 (net)     1      0.00       1.46 f
  core16_6/core4_3/evalB/DP_OP_53J27_122_9164/U121/CO (FA1D0BWP40P140)     0.03     0.07     1.53 f
  core16_6/core4_3/evalB/DP_OP_53J27_122_9164/n358 (net)     1      0.00       1.53 f
  core16_6/core4_3/evalB/DP_OP_53J27_122_9164/U122/CO (FA1D0BWP40P140)     0.03     0.07     1.60 f
  core16_6/core4_3/evalB/DP_OP_53J27_122_9164/n356 (net)     1      0.00       1.60 f
  core16_6/core4_3/evalB/DP_OP_53J27_122_9164/U134/S (FA1D0BWP40P140)     0.20     0.22     1.82 r
  core16_6/core4_3/evalB/DP_OP_53J27_122_9164/O1[11] (net)    35     0.00      1.82 r
  core16_6/core4_3/evalB/DP_OP_53J27_122_9164/O1[11] (Eval_33_1_DP_OP_53J27_122_9164_J27_0_1)     0.00     1.82 r
  core16_6/core4_3/evalB/io_out_1[11] (net)                         0.00       1.82 r
  core16_6/core4_3/evalB/io_out_1[11] (Eval_33_3)                   0.00       1.82 r
  core16_6/core4_3/evalB_io_out_1[11] (net)                         0.00       1.82 r
  core16_6/core4_3/mult_x_2/b[11] (core4_1_DW_mult_tc_J24_5_1)      0.00       1.82 r
  core16_6/core4_3/mult_x_2/b[11] (net)                             0.00       1.82 r
  core16_6/core4_3/mult_x_2/U1568/ZN (CKND0BWP40P140)     0.21      0.19       2.01 f
  core16_6/core4_3/mult_x_2/n3011 (net)        33                   0.00       2.01 f
  core16_6/core4_3/mult_x_2/U1892/ZN (MUX2ND0BWP40P140)     0.06     0.11      2.12 r
  core16_6/core4_3/mult_x_2/n2032 (net)         3                   0.00       2.12 r
  core16_6/core4_3/mult_x_2/U1448/ZN (ND3D0BWP40P140HVT)     0.54     0.35     2.47 f
  core16_6/core4_3/mult_x_2/n3078 (net)        26                   0.00       2.47 f
  core16_6/core4_3/mult_x_2/U1447/ZN (OAI22D0BWP40P140)     0.09     0.21      2.68 r
  core16_6/core4_3/mult_x_2/n1728 (net)         1                   0.00       2.68 r
  core16_6/core4_3/mult_x_2/U1417/Z (OR2D0BWP40P140)      0.01      0.05       2.73 r
  core16_6/core4_3/mult_x_2/n1727 (net)         1                   0.00       2.73 r
  core16_6/core4_3/mult_x_2/U1980/ZN (AOI21D0BWP40P140)     0.06     0.02      2.75 f
  core16_6/core4_3/mult_x_2/n2161 (net)         1                   0.00       2.75 f
  core16_6/core4_3/mult_x_2/U1981/ZN (MUX2ND0BWP40P140)     0.06     0.07      2.81 f
  core16_6/core4_3/mult_x_2/n2289 (net)         1                   0.00       2.81 f
  core16_6/core4_3/mult_x_2/U1380/CO (HA1D0BWP40P140)     0.02      0.05       2.86 f
  core16_6/core4_3/mult_x_2/n2283 (net)         1                   0.00       2.86 f
  core16_6/core4_3/mult_x_2/U1478/S (FA1D0BWP40P140)      0.04      0.12       2.98 r
  core16_6/core4_3/mult_x_2/n2420 (net)         1                   0.00       2.98 r
  core16_6/core4_3/mult_x_2/U2174/S (FA1D1BWP40P140)      0.03      0.11       3.09 f
  core16_6/core4_3/mult_x_2/n2570 (net)         1                   0.00       3.09 f
  core16_6/core4_3/mult_x_2/U2283/CO (FA1D1BWP40P140)     0.02      0.07       3.16 f
  core16_6/core4_3/mult_x_2/n2563 (net)         1                   0.00       3.16 f
  core16_6/core4_3/mult_x_2/U1496/CO (FA1D0BWP40P140)     0.03      0.07       3.23 f
  core16_6/core4_3/mult_x_2/n2558 (net)         1                   0.00       3.23 f
  core16_6/core4_3/mult_x_2/U2344/CO (FA1D0BWP40P140)     0.03      0.07       3.30 f
  core16_6/core4_3/mult_x_2/n2553 (net)         1                   0.00       3.30 f
  core16_6/core4_3/mult_x_2/U2273/CO (FA1D1BWP40P140)     0.02      0.06       3.36 f
  core16_6/core4_3/mult_x_2/n2548 (net)         1                   0.00       3.36 f
  core16_6/core4_3/mult_x_2/U1497/CO (FA1D0BWP40P140)     0.03      0.07       3.43 f
  core16_6/core4_3/mult_x_2/n2543 (net)         1                   0.00       3.43 f
  core16_6/core4_3/mult_x_2/U2266/CO (FA1D1BWP40P140)     0.02      0.06       3.49 f
  core16_6/core4_3/mult_x_2/n2538 (net)         1                   0.00       3.49 f
  core16_6/core4_3/mult_x_2/U2262/CO (FA1D1BWP40P140)     0.02      0.06       3.54 f
  core16_6/core4_3/mult_x_2/n2533 (net)         1                   0.00       3.54 f
  core16_6/core4_3/mult_x_2/U1498/CO (FA1D0BWP40P140)     0.03      0.07       3.61 f
  core16_6/core4_3/mult_x_2/n2528 (net)         1                   0.00       3.61 f
  core16_6/core4_3/mult_x_2/U2374/S (FA1D0BWP40P140)      0.04      0.12       3.73 r
  core16_6/core4_3/mult_x_2/n2698 (net)         1                   0.00       3.73 r
  core16_6/core4_3/mult_x_2/U2472/CO (FA1D0BWP40P140)     0.03      0.08       3.81 r
  core16_6/core4_3/mult_x_2/n2691 (net)         1                   0.00       3.81 r
  core16_6/core4_3/mult_x_2/U1535/CO (FA1D0BWP40P140)     0.03      0.07       3.89 r
  core16_6/core4_3/mult_x_2/n2685 (net)         1                   0.00       3.89 r
  core16_6/core4_3/mult_x_2/U2367/S (FA1D1BWP40P140)      0.03      0.10       3.99 f
  core16_6/core4_3/mult_x_2/n2854 (net)         1                   0.00       3.99 f
  core16_6/core4_3/mult_x_2/U2457/CO (FA1D1BWP40P140)     0.02      0.07       4.06 f
  core16_6/core4_3/mult_x_2/n2849 (net)         1                   0.00       4.06 f
  core16_6/core4_3/mult_x_2/U1562/CO (FA1D0BWP40P140)     0.03      0.07       4.12 f
  core16_6/core4_3/mult_x_2/n2846 (net)         1                   0.00       4.12 f
  core16_6/core4_3/mult_x_2/U2456/CO (FA1D1BWP40P140)     0.02      0.06       4.18 f
  core16_6/core4_3/mult_x_2/n2843 (net)         1                   0.00       4.18 f
  core16_6/core4_3/mult_x_2/U2455/CO (FA1D1BWP40P140)     0.02      0.06       4.24 f
  core16_6/core4_3/mult_x_2/n2840 (net)         1                   0.00       4.24 f
  core16_6/core4_3/mult_x_2/U1563/CO (FA1D0BWP40P140)     0.03      0.07       4.31 f
  core16_6/core4_3/mult_x_2/n2837 (net)         1                   0.00       4.31 f
  core16_6/core4_3/mult_x_2/U2454/CO (FA1D1BWP40P140)     0.02      0.06       4.37 f
  core16_6/core4_3/mult_x_2/n2834 (net)         1                   0.00       4.37 f
  core16_6/core4_3/mult_x_2/U2453/CO (FA1D1BWP40P140)     0.02      0.06       4.42 f
  core16_6/core4_3/mult_x_2/n2831 (net)         1                   0.00       4.42 f
  core16_6/core4_3/mult_x_2/U1564/CO (FA1D0BWP40P140)     0.03      0.07       4.49 f
  core16_6/core4_3/mult_x_2/n2828 (net)         1                   0.00       4.49 f
  core16_6/core4_3/mult_x_2/U2452/CO (FA1D1BWP40P140)     0.02      0.06       4.55 f
  core16_6/core4_3/mult_x_2/n2825 (net)         1                   0.00       4.55 f
  core16_6/core4_3/mult_x_2/U2451/CO (FA1D1BWP40P140)     0.02      0.06       4.61 f
  core16_6/core4_3/mult_x_2/n2822 (net)         1                   0.00       4.61 f
  core16_6/core4_3/mult_x_2/U2508/CO (FA1D0BWP40P140)     0.03      0.07       4.68 f
  core16_6/core4_3/mult_x_2/n2819 (net)         1                   0.00       4.68 f
  core16_6/core4_3/mult_x_2/U2450/CO (FA1D1BWP40P140)     0.02      0.06       4.74 f
  core16_6/core4_3/mult_x_2/n2982 (net)         1                   0.00       4.74 f
  core16_6/core4_3/mult_x_2/U2497/CO (FA1D1BWP40P140)     0.02      0.06       4.79 f
  core16_6/core4_3/mult_x_2/n3037 (net)         1                   0.00       4.79 f
  core16_6/core4_3/mult_x_2/U1385/CO (FA1D1BWP40P140LVT)     0.02     0.04     4.84 f
  core16_6/core4_3/mult_x_2/n3040 (net)         1                   0.00       4.84 f
  core16_6/core4_3/mult_x_2/U1355/Z (XOR2UD1BWP40P140)     0.04     0.02       4.86 r
  core16_6/core4_3/mult_x_2/n3086 (net)         2                   0.00       4.86 r
  core16_6/core4_3/mult_x_2/U1352/ZN (ND2D0BWP40P140HVT)     0.03     0.04     4.89 f
  core16_6/core4_3/mult_x_2/n3083 (net)         1                   0.00       4.89 f
  core16_6/core4_3/mult_x_2/U1353/ZN (OAI31D0BWP40P140LVT)     0.05     0.03     4.92 r
  core16_6/core4_3/mult_x_2/n3094 (net)         1                   0.00       4.92 r
  core16_6/core4_3/mult_x_2/U1354/Z (XOR2UD1BWP40P140)     0.04     0.04       4.96 r
  core16_6/core4_3/mult_x_2/product[39] (net)     1                 0.00       4.96 r
  core16_6/core4_3/mult_x_2/product[39] (core4_1_DW_mult_tc_J24_5_1)     0.00     4.96 r
  core16_6/core4_3/n_w_1_T_1[39] (net)                              0.00       4.96 r
  core16_6/core4_3/s_w_1_reg_39_/D (DFQD1BWP40P140)       0.04      0.00       4.96 r
  data arrival time                                                            4.96

  clock clk (rise edge)                                             5.00       5.00
  clock network delay (ideal)                                       0.00       5.00
  core16_6/core4_3/s_w_1_reg_39_/CP (DFQD1BWP40P140)                0.00       5.00 r
  library setup time                                               -0.04       4.96
  data required time                                                           4.96
  ---------------------------------------------------------------------------------------------------------
  data required time                                                           4.96
  data arrival time                                                           -4.96
  ---------------------------------------------------------------------------------------------------------
  slack (MET)                                                                  0.00


1
