 
****************************************
Report : timing
        -path full
        -delay max
        -max_paths 3
Design : core4_a24_b12_c24
Version: O-2018.06-SP5
Date   : Tue May 12 04:49:52 2026
****************************************

Operating Conditions: ssg0p81vm40c   Library: tcbn28hpcplusbwp40p140hvtssg0p81vm40c_ccs
Wire Load Model Mode: segmented

  Startpoint: io_b_0[1] (input port clocked by clk)
  Endpoint: s_w_3_reg_26_
            (rising edge-triggered flip-flop clocked by clk)
  Path Group: clk
  Path Type: max

  Des/Clust/Port     Wire Load Model       Library
  ------------------------------------------------
  core4_a24_b12_c24  ZeroWireload          tcbn28hpcplusbwp40p140hvtssg0p81vm40c_ccs
  core4_a24_b12_c24_DW_mult_uns_J2_0
                     ZeroWireload          tcbn28hpcplusbwp40p140hvtssg0p81vm40c_ccs
  Eval_1_DP_OP_52J2_126_9921_J2_0
                     ZeroWireload          tcbn28hpcplusbwp40p140hvtssg0p81vm40c_ccs
  Eval_1_DP_OP_53J2_127_5236_J2_0
                     ZeroWireload          tcbn28hpcplusbwp40p140hvtssg0p81vm40c_ccs
  Eval_1_DP_OP_54J2_128_3064_J2_0
                     ZeroWireload          tcbn28hpcplusbwp40p140hvtssg0p81vm40c_ccs
  core4_a24_b12_c24_DW_mult_tc_J2_2
                     ZeroWireload          tcbn28hpcplusbwp40p140hvtssg0p81vm40c_ccs

  Point                                                   Incr       Path
  --------------------------------------------------------------------------
  clock clk (rise edge)                                   0.00       0.00
  clock network delay (ideal)                             0.00       0.00
  input external delay                                    0.50       0.50 f
  io_b_0[1] (in)                                          0.00       0.50 f
  evalB/io_in_0[1] (Eval_1)                               0.00       0.50 f
  evalB/U8/ZN (CKND0BWP40P140)                            0.01       0.51 r
  evalB/U7/ZN (CKND0BWP40P140)                            0.13       0.63 f
  evalB/DP_OP_53J2_127_5236/I2[1] (Eval_1_DP_OP_53J2_127_5236_J2_0)
                                                          0.00       0.63 f
  evalB/DP_OP_53J2_127_5236/U93/S (FA1D0BWP40P140)        0.22       0.85 r
  evalB/DP_OP_53J2_127_5236/U132/S (FA1D0BWP40P140)       0.19       1.04 f
  evalB/DP_OP_53J2_127_5236/O2[1] (Eval_1_DP_OP_53J2_127_5236_J2_0)
                                                          0.00       1.04 f
  evalB/io_out_3[1] (Eval_1)                              0.00       1.04 f
  mult_x_4/b[1] (core4_a24_b12_c24_DW_mult_tc_J2_2)       0.00       1.04 f
  mult_x_4/U690/ZN (CKND0BWP40P140)                       0.25       1.29 r
  mult_x_4/U912/ZN (AOI22D0BWP40P140)                     0.27       1.55 f
  mult_x_4/U696/ZN (AOI221D0BWP40P140)                    0.33       1.88 r
  mult_x_4/U1114/Z (AO22D0BWP40P140)                      0.13       2.01 r
  mult_x_4/U1116/S (HA1D0BWP40P140)                       0.05       2.06 r
  mult_x_4/U1143/CO (FA1D0BWP40P140)                      0.07       2.13 r
  mult_x_4/U1142/CO (FA1D0BWP40P140)                      0.07       2.20 r
  mult_x_4/U1141/CO (FA1D0BWP40P140)                      0.07       2.28 r
  mult_x_4/U1140/CO (FA1D0BWP40P140)                      0.07       2.35 r
  mult_x_4/U1139/CO (FA1D0BWP40P140)                      0.07       2.42 r
  mult_x_4/U1138/CO (FA1D0BWP40P140)                      0.07       2.50 r
  mult_x_4/U1137/CO (FA1D0BWP40P140)                      0.07       2.57 r
  mult_x_4/U1136/CO (FA1D0BWP40P140)                      0.07       2.65 r
  mult_x_4/U1135/CO (FA1D0BWP40P140)                      0.07       2.72 r
  mult_x_4/U1134/CO (FA1D0BWP40P140)                      0.07       2.80 r
  mult_x_4/U1133/CO (FA1D0BWP40P140)                      0.07       2.87 r
  mult_x_4/U1132/CO (FA1D0BWP40P140)                      0.07       2.94 r
  mult_x_4/U1131/CO (FA1D0BWP40P140)                      0.07       3.02 r
  mult_x_4/U1130/CO (FA1D0BWP40P140)                      0.07       3.09 r
  mult_x_4/U1129/CO (FA1D0BWP40P140)                      0.07       3.17 r
  mult_x_4/U1128/CO (FA1D0BWP40P140)                      0.07       3.24 r
  mult_x_4/U1127/CO (FA1D0BWP40P140)                      0.07       3.31 r
  mult_x_4/U1126/CO (FA1D0BWP40P140)                      0.07       3.39 r
  mult_x_4/U1125/CO (FA1D0BWP40P140)                      0.07       3.46 r
  mult_x_4/U1124/CO (FA1D0BWP40P140)                      0.07       3.54 r
  mult_x_4/U1123/CO (FA1D0BWP40P140)                      0.07       3.61 r
  mult_x_4/U1171/CO (FA1D0BWP40P140)                      0.07       3.68 r
  mult_x_4/U1186/CO (FA1D0BWP40P140)                      0.07       3.76 r
  mult_x_4/U629/Z (XOR4D0BWP40P140)                       0.10       3.85 r
  mult_x_4/U628/ZN (XNR2UD0BWP40P140)                     0.05       3.90 r
  mult_x_4/U631/Z (XOR4D0BWP40P140)                       0.13       4.03 r
  mult_x_4/U632/Z (XOR4D0BWP40P140)                       0.10       4.13 r
  mult_x_4/product[26] (core4_a24_b12_c24_DW_mult_tc_J2_2)
                                                          0.00       4.13 r
  s_w_3_reg_26_/D (DFKCNQD1BWP40P140)                     0.00       4.13 r
  data arrival time                                                  4.13

  clock clk (rise edge)                                   5.00       5.00
  clock network delay (ideal)                             0.00       5.00
  s_w_3_reg_26_/CP (DFKCNQD1BWP40P140)                    0.00       5.00 r
  library setup time                                     -0.04       4.96
  data required time                                                 4.96
  --------------------------------------------------------------------------
  data required time                                                 4.96
  data arrival time                                                 -4.13
  --------------------------------------------------------------------------
  slack (MET)                                                        0.83


  Startpoint: io_b_3[1] (input port clocked by clk)
  Endpoint: s_w_5_reg_26_
            (rising edge-triggered flip-flop clocked by clk)
  Path Group: clk
  Path Type: max

  Des/Clust/Port     Wire Load Model       Library
  ------------------------------------------------
  core4_a24_b12_c24  ZeroWireload          tcbn28hpcplusbwp40p140hvtssg0p81vm40c_ccs
  core4_a24_b12_c24_DW_mult_uns_J2_2
                     ZeroWireload          tcbn28hpcplusbwp40p140hvtssg0p81vm40c_ccs
  Eval_1_DP_OP_52J2_126_9921_J2_0
                     ZeroWireload          tcbn28hpcplusbwp40p140hvtssg0p81vm40c_ccs
  Eval_1_DP_OP_53J2_127_5236_J2_0
                     ZeroWireload          tcbn28hpcplusbwp40p140hvtssg0p81vm40c_ccs
  Eval_1_DP_OP_54J2_128_3064_J2_0
                     ZeroWireload          tcbn28hpcplusbwp40p140hvtssg0p81vm40c_ccs
  core4_a24_b12_c24_DW_mult_tc_J2_0
                     ZeroWireload          tcbn28hpcplusbwp40p140hvtssg0p81vm40c_ccs

  Point                                                   Incr       Path
  --------------------------------------------------------------------------
  clock clk (rise edge)                                   0.00       0.00
  clock network delay (ideal)                             0.00       0.00
  input external delay                                    0.50       0.50 f
  io_b_3[1] (in)                                          0.00       0.50 f
  evalB/io_in_3[1] (Eval_1)                               0.00       0.50 f
  evalB/U10/ZN (CKND0BWP40P140)                           0.01       0.51 r
  evalB/U9/ZN (CKND0BWP40P140)                            0.13       0.64 f
  evalB/DP_OP_54J2_128_3064/I3[1] (Eval_1_DP_OP_54J2_128_3064_J2_0)
                                                          0.00       0.64 f
  evalB/DP_OP_54J2_128_3064/U116/ZN (CKND0BWP40P140)      0.10       0.74 r
  evalB/DP_OP_54J2_128_3064/U133/S (FA1D0BWP40P140)       0.19       0.93 f
  evalB/DP_OP_54J2_128_3064/O2[1] (Eval_1_DP_OP_54J2_128_3064_J2_0)
                                                          0.00       0.93 f
  evalB/io_out_5[1] (Eval_1)                              0.00       0.93 f
  mult_x_6/b[1] (core4_a24_b12_c24_DW_mult_tc_J2_0)       0.00       0.93 f
  mult_x_6/U724/ZN (CKND0BWP40P140)                       0.25       1.18 r
  mult_x_6/U699/ZN (AOI22D0BWP40P140)                     0.27       1.45 f
  mult_x_6/U703/ZN (AOI221D0BWP40P140)                    0.33       1.78 r
  mult_x_6/U1105/Z (AO22D0BWP40P140)                      0.13       1.91 r
  mult_x_6/U1108/S (HA1D0BWP40P140)                       0.05       1.95 r
  mult_x_6/U1136/CO (FA1D0BWP40P140)                      0.07       2.03 r
  mult_x_6/U1135/CO (FA1D0BWP40P140)                      0.07       2.10 r
  mult_x_6/U1134/CO (FA1D0BWP40P140)                      0.07       2.18 r
  mult_x_6/U1133/CO (FA1D0BWP40P140)                      0.07       2.25 r
  mult_x_6/U1132/CO (FA1D0BWP40P140)                      0.07       2.32 r
  mult_x_6/U1131/CO (FA1D0BWP40P140)                      0.07       2.40 r
  mult_x_6/U1130/CO (FA1D0BWP40P140)                      0.07       2.47 r
  mult_x_6/U1129/CO (FA1D0BWP40P140)                      0.07       2.55 r
  mult_x_6/U1128/CO (FA1D0BWP40P140)                      0.07       2.62 r
  mult_x_6/U1127/CO (FA1D0BWP40P140)                      0.07       2.69 r
  mult_x_6/U1126/CO (FA1D0BWP40P140)                      0.07       2.77 r
  mult_x_6/U1125/CO (FA1D0BWP40P140)                      0.07       2.84 r
  mult_x_6/U1124/CO (FA1D0BWP40P140)                      0.07       2.92 r
  mult_x_6/U1123/CO (FA1D0BWP40P140)                      0.07       2.99 r
  mult_x_6/U1122/CO (FA1D0BWP40P140)                      0.07       3.06 r
  mult_x_6/U1121/CO (FA1D0BWP40P140)                      0.07       3.14 r
  mult_x_6/U1120/CO (FA1D0BWP40P140)                      0.07       3.21 r
  mult_x_6/U1119/CO (FA1D0BWP40P140)                      0.07       3.29 r
  mult_x_6/U1118/CO (FA1D0BWP40P140)                      0.07       3.36 r
  mult_x_6/U1117/CO (FA1D0BWP40P140)                      0.07       3.43 r
  mult_x_6/U1116/CO (FA1D0BWP40P140)                      0.07       3.51 r
  mult_x_6/U1162/CO (FA1D0BWP40P140)                      0.07       3.58 r
  mult_x_6/U1181/CO (FA1D0BWP40P140)                      0.07       3.65 r
  mult_x_6/U628/Z (XOR4D0BWP40P140)                       0.10       3.76 r
  mult_x_6/U627/Z (XOR4D0BWP40P140)                       0.10       3.85 r
  mult_x_6/U629/Z (XOR4D0BWP40P140)                       0.12       3.98 r
  mult_x_6/U655/Z (XOR4D0BWP40P140)                       0.10       4.07 r
  mult_x_6/product[26] (core4_a24_b12_c24_DW_mult_tc_J2_0)
                                                          0.00       4.07 r
  s_w_5_reg_26_/D (DFKCNQD1BWP40P140)                     0.00       4.07 r
  data arrival time                                                  4.07

  clock clk (rise edge)                                   5.00       5.00
  clock network delay (ideal)                             0.00       5.00
  s_w_5_reg_26_/CP (DFKCNQD1BWP40P140)                    0.00       5.00 r
  library setup time                                     -0.04       4.96
  data required time                                                 4.96
  --------------------------------------------------------------------------
  data required time                                                 4.96
  data arrival time                                                 -4.07
  --------------------------------------------------------------------------
  slack (MET)                                                        0.89


  Startpoint: io_b_0[1] (input port clocked by clk)
  Endpoint: s_w_2_reg_26_
            (rising edge-triggered flip-flop clocked by clk)
  Path Group: clk
  Path Type: max

  Des/Clust/Port     Wire Load Model       Library
  ------------------------------------------------
  core4_a24_b12_c24  ZeroWireload          tcbn28hpcplusbwp40p140hvtssg0p81vm40c_ccs
  core4_a24_b12_c24_DW_mult_uns_J2_0
                     ZeroWireload          tcbn28hpcplusbwp40p140hvtssg0p81vm40c_ccs
  Eval_1_DP_OP_52J2_126_9921_J2_0
                     ZeroWireload          tcbn28hpcplusbwp40p140hvtssg0p81vm40c_ccs
  Eval_1_DP_OP_53J2_127_5236_J2_0
                     ZeroWireload          tcbn28hpcplusbwp40p140hvtssg0p81vm40c_ccs
  Eval_1_DP_OP_54J2_128_3064_J2_0
                     ZeroWireload          tcbn28hpcplusbwp40p140hvtssg0p81vm40c_ccs
  core4_a24_b12_c24_DW_mult_uns_J2_1
                     ZeroWireload          tcbn28hpcplusbwp40p140hvtssg0p81vm40c_ccs

  Point                                                   Incr       Path
  --------------------------------------------------------------------------
  clock clk (rise edge)                                   0.00       0.00
  clock network delay (ideal)                             0.00       0.00
  input external delay                                    0.50       0.50 f
  io_b_0[1] (in)                                          0.00       0.50 f
  evalB/io_in_0[1] (Eval_1)                               0.00       0.50 f
  evalB/U8/ZN (CKND0BWP40P140)                            0.01       0.51 r
  evalB/U7/ZN (CKND0BWP40P140)                            0.13       0.63 f
  evalB/DP_OP_53J2_127_5236/I2[1] (Eval_1_DP_OP_53J2_127_5236_J2_0)
                                                          0.00       0.63 f
  evalB/DP_OP_53J2_127_5236/U93/CO (FA1D0BWP40P140)       0.16       0.79 f
  evalB/DP_OP_53J2_127_5236/U89/S (FA1D0BWP40P140)        0.14       0.93 r
  evalB/DP_OP_53J2_127_5236/U69/CO (FA1D0BWP40P140)       0.08       1.01 r
  evalB/DP_OP_53J2_127_5236/U103/CO (FA1D0BWP40P140)      0.07       1.08 r
  evalB/DP_OP_53J2_127_5236/U102/CO (FA1D0BWP40P140)      0.07       1.16 r
  evalB/DP_OP_53J2_127_5236/U101/CO (FA1D0BWP40P140)      0.07       1.23 r
  evalB/DP_OP_53J2_127_5236/U100/CO (FA1D0BWP40P140)      0.07       1.31 r
  evalB/DP_OP_53J2_127_5236/U99/CO (FA1D0BWP40P140)       0.07       1.38 r
  evalB/DP_OP_53J2_127_5236/U98/CO (FA1D0BWP40P140)       0.07       1.45 r
  evalB/DP_OP_53J2_127_5236/U97/CO (FA1D0BWP40P140)       0.07       1.53 r
  evalB/DP_OP_53J2_127_5236/U96/CO (FA1D0BWP40P140)       0.07       1.60 r
  evalB/DP_OP_53J2_127_5236/U95/S (FA1D0BWP40P140)        0.17       1.77 f
  evalB/DP_OP_53J2_127_5236/O1[11] (Eval_1_DP_OP_53J2_127_5236_J2_0)
                                                          0.00       1.77 f
  evalB/io_out_2[11] (Eval_1)                             0.00       1.77 f
  mult_x_3/b[11] (core4_a24_b12_c24_DW_mult_uns_J2_1)     0.00       1.77 f
  mult_x_3/U615/ZN (CKND0BWP40P140)                       0.13       1.90 r
  mult_x_3/U567/ZN (MUX2ND0BWP40P140)                     0.07       1.97 f
  mult_x_3/U630/ZN (NR2D0BWP40P140)                       0.15       2.11 r
  mult_x_3/U722/ZN (AOI222D0BWP40P140)                    0.08       2.19 f
  mult_x_3/U561/ZN (MUX2ND0BWP40P140)                     0.07       2.27 f
  mult_x_3/U786/S (HA1D0BWP40P140)                        0.08       2.34 r
  mult_x_3/U862/CO (FA1D0BWP40P140)                       0.08       2.42 r
  mult_x_3/U858/S (FA1D0BWP40P140)                        0.11       2.53 f
  mult_x_3/U939/S (FA1D0BWP40P140)                        0.13       2.66 r
  mult_x_3/U988/CO (FA1D0BWP40P140)                       0.08       2.74 r
  mult_x_3/U987/CO (FA1D0BWP40P140)                       0.07       2.82 r
  mult_x_3/U986/CO (FA1D0BWP40P140)                       0.07       2.89 r
  mult_x_3/U985/CO (FA1D0BWP40P140)                       0.07       2.97 r
  mult_x_3/U984/CO (FA1D0BWP40P140)                       0.07       3.04 r
  mult_x_3/U983/CO (FA1D0BWP40P140)                       0.07       3.11 r
  mult_x_3/U982/CO (FA1D0BWP40P140)                       0.07       3.19 r
  mult_x_3/U981/CO (FA1D0BWP40P140)                       0.07       3.26 r
  mult_x_3/U980/CO (FA1D0BWP40P140)                       0.07       3.34 r
  mult_x_3/U979/CO (FA1D0BWP40P140)                       0.07       3.41 r
  mult_x_3/U978/CO (FA1D0BWP40P140)                       0.07       3.48 r
  mult_x_3/U977/CO (FA1D0BWP40P140)                       0.07       3.56 r
  mult_x_3/U976/CO (FA1D0BWP40P140)                       0.07       3.63 r
  mult_x_3/U1018/CO (FA1D0BWP40P140)                      0.07       3.71 r
  mult_x_3/U1035/CO (FA1D0BWP40P140)                      0.07       3.77 r
  mult_x_3/U571/ZN (XNR3UD0BWP40P140)                     0.10       3.87 r
  mult_x_3/U573/Z (XOR3UD0BWP40P140)                      0.07       3.94 r
  mult_x_3/U572/Z (XOR4D0BWP40P140)                       0.10       4.04 r
  mult_x_3/product[26] (core4_a24_b12_c24_DW_mult_uns_J2_1)
                                                          0.00       4.04 r
  s_w_2_reg_26_/D (DFKCNQD1BWP40P140)                     0.00       4.04 r
  data arrival time                                                  4.04

  clock clk (rise edge)                                   5.00       5.00
  clock network delay (ideal)                             0.00       5.00
  s_w_2_reg_26_/CP (DFKCNQD1BWP40P140)                    0.00       5.00 r
  library setup time                                     -0.04       4.96
  data required time                                                 4.96
  --------------------------------------------------------------------------
  data required time                                                 4.96
  data arrival time                                                 -4.04
  --------------------------------------------------------------------------
  slack (MET)                                                        0.92


1
