 
****************************************
Report : timing
        -path full
        -delay max
        -max_paths 3
Design : core4_a32_b12_c32
Version: O-2018.06-SP5
Date   : Tue May 12 06:55:35 2026
****************************************

Operating Conditions: ssg0p81vm40c   Library: tcbn28hpcplusbwp40p140hvtssg0p81vm40c_ccs
Wire Load Model Mode: segmented

  Startpoint: io_b_3[5] (input port clocked by clk)
  Endpoint: s_w_5_reg_34_
            (rising edge-triggered flip-flop clocked by clk)
  Path Group: clk
  Path Type: max

  Des/Clust/Port     Wire Load Model       Library
  ------------------------------------------------
  core4_a32_b12_c32  ZeroWireload          tcbn28hpcplusbwp40p140hvtssg0p81vm40c_ccs
  core4_a32_b12_c32_DW_mult_uns_J3_2
                     ZeroWireload          tcbn28hpcplusbwp40p140hvtssg0p81vm40c_ccs
  Eval_1_DP_OP_52J3_122_9921_J3_0
                     ZeroWireload          tcbn28hpcplusbwp40p140hvtssg0p81vm40c_ccs
  Eval_1_DP_OP_53J3_123_5236_J3_0
                     ZeroWireload          tcbn28hpcplusbwp40p140hvtssg0p81vm40c_ccs
  Eval_1_DP_OP_54J3_124_3064_J3_0
                     ZeroWireload          tcbn28hpcplusbwp40p140hvtssg0p81vm40c_ccs
  core4_a32_b12_c32_DW_mult_tc_J3_0
                     ZeroWireload          tcbn28hpcplusbwp40p140hvtssg0p81vm40c_ccs

  Point                                                   Incr       Path
  --------------------------------------------------------------------------
  clock clk (rise edge)                                   0.00       0.00
  clock network delay (ideal)                             0.00       0.00
  input external delay                                    0.50       0.50 f
  io_b_3[5] (in)                                          0.00       0.50 f
  evalB/io_in_3[5] (Eval_1)                               0.00       0.50 f
  evalB/U16/ZN (CKND0BWP40P140)                           0.01       0.51 r
  evalB/U7/ZN (CKND0BWP40P140)                            0.15       0.66 f
  evalB/DP_OP_54J3_124_3064/I3[5] (Eval_1_DP_OP_54J3_124_3064_J3_0)
                                                          0.00       0.66 f
  evalB/DP_OP_54J3_124_3064/U103/CO (FA1D0BWP40P140)      0.17       0.82 f
  evalB/DP_OP_54J3_124_3064/U101/CO (FA1D0BWP40P140)      0.07       0.90 f
  evalB/DP_OP_54J3_124_3064/U99/CO (FA1D0BWP40P140)       0.07       0.97 f
  evalB/DP_OP_54J3_124_3064/U97/CO (FA1D0BWP40P140)       0.07       1.04 f
  evalB/DP_OP_54J3_124_3064/U95/CO (FA1D0BWP40P140)       0.07       1.11 f
  evalB/DP_OP_54J3_124_3064/U93/CO (FA1D0BWP40P140)       0.07       1.19 f
  evalB/DP_OP_54J3_124_3064/U91/S (FA1D0BWP40P140)        0.12       1.31 r
  evalB/DP_OP_54J3_124_3064/U125/ZN (CKND0BWP40P140)      0.03       1.35 f
  evalB/DP_OP_54J3_124_3064/U139/CO (FA1D0BWP40P140)      0.08       1.42 f
  evalB/DP_OP_54J3_124_3064/U138/CO (FA1D0BWP40P140)      0.07       1.49 f
  evalB/DP_OP_54J3_124_3064/U137/CO (FA1D0BWP40P140)      0.07       1.57 f
  evalB/DP_OP_54J3_124_3064/U78/S (FA1D1BWP40P140)        0.15       1.71 r
  evalB/DP_OP_54J3_124_3064/O2[14] (Eval_1_DP_OP_54J3_124_3064_J3_0)
                                                          0.00       1.71 r
  evalB/io_out_5[14] (Eval_1)                             0.00       1.71 r
  mult_x_6/b[14] (core4_a32_b12_c32_DW_mult_tc_J3_0)      0.00       1.71 r
  mult_x_6/U950/ZN (INVD1BWP40P140)                       0.09       1.80 f
  mult_x_6/U1063/ZN (MAOI22D0BWP40P140)                   0.07       1.88 f
  mult_x_6/U1069/ZN (CKND0BWP40P140)                      0.03       1.90 r
  mult_x_6/U927/ZN (ND3D0BWP40P140HVT)                    0.29       2.19 f
  mult_x_6/U1160/ZN (OAI222D0BWP40P140)                   0.20       2.39 r
  mult_x_6/U1161/ZN (AOI21D0BWP40P140)                    0.04       2.43 f
  mult_x_6/U932/ZN (MUX2ND0BWP40P140)                     0.06       2.49 r
  mult_x_6/U1236/CO (HA1D0BWP40P140)                      0.06       2.55 r
  mult_x_6/U1233/S (FA1D0BWP40P140)                       0.11       2.66 f
  mult_x_6/U1324/S (FA1D0BWP40P140)                       0.13       2.79 r
  mult_x_6/U1425/CO (FA1D0BWP40P140)                      0.08       2.87 r
  mult_x_6/U1421/CO (FA1D0BWP40P140)                      0.07       2.94 r
  mult_x_6/U1418/CO (FA1D0BWP40P140)                      0.07       3.02 r
  mult_x_6/U1414/CO (FA1D0BWP40P140)                      0.07       3.09 r
  mult_x_6/U1411/CO (FA1D0BWP40P140)                      0.07       3.17 r
  mult_x_6/U1407/CO (FA1D0BWP40P140)                      0.07       3.24 r
  mult_x_6/U1403/CO (FA1D0BWP40P140)                      0.07       3.31 r
  mult_x_6/U1399/CO (FA1D0BWP40P140)                      0.07       3.39 r
  mult_x_6/U1395/CO (FA1D0BWP40P140)                      0.07       3.46 r
  mult_x_6/U1392/CO (FA1D0BWP40P140)                      0.07       3.54 r
  mult_x_6/U1388/CO (FA1D0BWP40P140)                      0.07       3.61 r
  mult_x_6/U1385/CO (FA1D0BWP40P140)                      0.07       3.68 r
  mult_x_6/U1381/CO (FA1D0BWP40P140)                      0.07       3.76 r
  mult_x_6/U1377/CO (FA1D0BWP40P140)                      0.07       3.83 r
  mult_x_6/U1376/CO (FA1D0BWP40P140)                      0.07       3.91 r
  mult_x_6/U1372/CO (FA1D0BWP40P140)                      0.07       3.98 r
  mult_x_6/U1368/CO (FA1D0BWP40P140)                      0.07       4.05 r
  mult_x_6/U1634/S (FA1D0BWP40P140)                       0.11       4.17 f
  mult_x_6/U1637/S (FA1D0BWP40P140)                       0.13       4.30 r
  mult_x_6/U1641/CO (FA1D0BWP40P140)                      0.08       4.38 r
  mult_x_6/U1653/CO (FA1D0BWP40P140)                      0.07       4.45 r
  mult_x_6/U930/Z (XOR4D0BWP40P140)                       0.10       4.55 r
  mult_x_6/U929/Z (XOR4D1BWP40P140)                       0.10       4.65 r
  mult_x_6/U958/Z (XOR4D0BWP40P140)                       0.12       4.76 r
  mult_x_6/U1659/ZN (OAI21D0BWP40P140HVT)                 0.04       4.81 f
  mult_x_6/U1660/ZN (OAI31D0BWP40P140LVT)                 0.03       4.84 r
  mult_x_6/U993/Z (XOR4D0BWP40P140)                       0.12       4.95 r
  mult_x_6/product[34] (core4_a32_b12_c32_DW_mult_tc_J3_0)
                                                          0.00       4.95 r
  s_w_5_reg_34_/D (DFKCNQD1BWP40P140)                     0.00       4.95 r
  data arrival time                                                  4.95

  clock clk (rise edge)                                   5.00       5.00
  clock network delay (ideal)                             0.00       5.00
  s_w_5_reg_34_/CP (DFKCNQD1BWP40P140)                    0.00       5.00 r
  library setup time                                     -0.04       4.96
  data required time                                                 4.96
  --------------------------------------------------------------------------
  data required time                                                 4.96
  data arrival time                                                 -4.95
  --------------------------------------------------------------------------
  slack (MET)                                                        0.00


  Startpoint: io_b_1[0] (input port clocked by clk)
  Endpoint: s_w_3_reg_34_
            (rising edge-triggered flip-flop clocked by clk)
  Path Group: clk
  Path Type: max

  Des/Clust/Port     Wire Load Model       Library
  ------------------------------------------------
  Eval_1_DP_OP_54J3_124_3064_J3_0
                     ZeroWireload          tcbn28hpcplusbwp40p140hvtssg0p81vm40c_ccs
  Eval_1_DP_OP_53J3_123_5236_J3_0
                     ZeroWireload          tcbn28hpcplusbwp40p140hvtssg0p81vm40c_ccs
  Eval_1_DP_OP_52J3_122_9921_J3_0
                     ZeroWireload          tcbn28hpcplusbwp40p140hvtssg0p81vm40c_ccs
  core4_a32_b12_c32  ZeroWireload          tcbn28hpcplusbwp40p140hvtssg0p81vm40c_ccs
  core4_a32_b12_c32_DW_mult_tc_J3_2
                     ZeroWireload          tcbn28hpcplusbwp40p140hvtssg0p81vm40c_ccs

  Point                                                   Incr       Path
  --------------------------------------------------------------------------
  clock clk (rise edge)                                   0.00       0.00
  clock network delay (ideal)                             0.00       0.00
  input external delay                                    0.50       0.50 r
  io_b_1[0] (in)                                          0.00       0.50 r
  evalB/io_in_1[0] (Eval_1)                               0.00       0.50 r
  evalB/DP_OP_53J3_123_5236/I3[0] (Eval_1_DP_OP_53J3_123_5236_J3_0)
                                                          0.00       0.50 r
  evalB/DP_OP_53J3_123_5236/U93/CO (HA1D0BWP40P140)       0.04       0.54 r
  evalB/DP_OP_53J3_123_5236/U95/CO (FA1D0BWP40P140)       0.07       0.61 r
  evalB/DP_OP_53J3_123_5236/U72/S (FA1D0BWP40P140)        0.12       0.73 f
  evalB/DP_OP_53J3_123_5236/U118/ZN (CKND0BWP40P140)      0.04       0.76 r
  evalB/DP_OP_53J3_123_5236/U73/CO (FA1D0BWP40P140)       0.07       0.84 r
  evalB/DP_OP_53J3_123_5236/U130/CO (FA1D0BWP40P140)      0.07       0.91 r
  evalB/DP_OP_53J3_123_5236/U129/CO (FA1D0BWP40P140)      0.07       0.99 r
  evalB/DP_OP_53J3_123_5236/U128/CO (FA1D0BWP40P140)      0.07       1.06 r
  evalB/DP_OP_53J3_123_5236/U127/CO (FA1D0BWP40P140)      0.07       1.13 r
  evalB/DP_OP_53J3_123_5236/U126/CO (FA1D0BWP40P140)      0.07       1.21 r
  evalB/DP_OP_53J3_123_5236/U125/CO (FA1D0BWP40P140)      0.07       1.28 r
  evalB/DP_OP_53J3_123_5236/U124/CO (FA1D0BWP40P140)      0.07       1.36 r
  evalB/DP_OP_53J3_123_5236/U123/CO (FA1D0BWP40P140)      0.07       1.43 r
  evalB/DP_OP_53J3_123_5236/U69/S (FA1D0BWP40P140)        0.18       1.61 f
  evalB/DP_OP_53J3_123_5236/O2[11] (Eval_1_DP_OP_53J3_123_5236_J3_0)
                                                          0.00       1.61 f
  evalB/io_out_3[11] (Eval_1)                             0.00       1.61 f
  mult_x_4/b[11] (core4_a32_b12_c32_DW_mult_tc_J3_2)      0.00       1.61 f
  mult_x_4/U939/ZN (CKND0BWP40P140)                       0.17       1.78 r
  mult_x_4/U1160/ZN (MUX2ND0BWP40P140)                    0.11       1.90 f
  mult_x_4/U1159/ZN (AOI211D0BWP40P140)                   0.26       2.16 r
  mult_x_4/U1158/ZN (AOI22D0BWP40P140)                    0.10       2.26 f
  mult_x_4/U956/ZN (MUX2ND0BWP40P140)                     0.08       2.34 f
  mult_x_4/U1232/S (HA1D0BWP40P140)                       0.09       2.43 r
  mult_x_4/U1312/CO (FA1D0BWP40P140)                      0.08       2.51 r
  mult_x_4/U1309/CO (FA1D0BWP40P140)                      0.07       2.58 r
  mult_x_4/U1306/CO (FA1D0BWP40P140)                      0.07       2.65 r
  mult_x_4/U1302/CO (FA1D0BWP40P140)                      0.07       2.73 r
  mult_x_4/U1298/CO (FA1D0BWP40P140)                      0.07       2.80 r
  mult_x_4/U1294/CO (FA1D0BWP40P140)                      0.07       2.88 r
  mult_x_4/U1291/CO (FA1D0BWP40P140)                      0.07       2.95 r
  mult_x_4/U1287/CO (FA1D0BWP40P140)                      0.07       3.02 r
  mult_x_4/U1283/CO (FA1D0BWP40P140)                      0.07       3.10 r
  mult_x_4/U1280/CO (FA1D0BWP40P140)                      0.07       3.17 r
  mult_x_4/U1276/CO (FA1D0BWP40P140)                      0.07       3.25 r
  mult_x_4/U1272/CO (FA1D0BWP40P140)                      0.07       3.32 r
  mult_x_4/U1269/CO (FA1D0BWP40P140)                      0.07       3.40 r
  mult_x_4/U1267/CO (FA1D0BWP40P140)                      0.07       3.47 r
  mult_x_4/U1264/CO (FA1D0BWP40P140)                      0.07       3.54 r
  mult_x_4/U1261/CO (FA1D0BWP40P140)                      0.07       3.62 r
  mult_x_4/U1258/CO (FA1D0BWP40P140)                      0.07       3.69 r
  mult_x_4/U1254/CO (FA1D0BWP40P140)                      0.07       3.77 r
  mult_x_4/U1250/CO (FA1D0BWP40P140)                      0.07       3.84 r
  mult_x_4/U1603/S (FA1D0BWP40P140)                       0.11       3.96 f
  mult_x_4/U1605/S (FA1D0BWP40P140)                       0.13       4.09 r
  mult_x_4/U1608/CO (FA1D0BWP40P140)                      0.08       4.17 r
  mult_x_4/U1622/S (FA1D0BWP40P140)                       0.11       4.28 f
  mult_x_4/U1624/CO (FA1D0BWP40P140)                      0.08       4.36 f
  mult_x_4/U929/Z (XOR4D0BWP40P140)                       0.10       4.46 r
  mult_x_4/U928/Z (XOR4D0BWP40P140)                       0.12       4.58 r
  mult_x_4/U1055/ZN (XNR2UD0BWP40P140)                    0.06       4.63 r
  mult_x_4/U1026/Z (XOR2UD0BWP40P140)                     0.04       4.68 r
  mult_x_4/U978/ZN (ND2D0BWP40P140HVT)                    0.05       4.72 f
  mult_x_4/U1643/ZN (OAI21D0BWP40P140HVT)                 0.03       4.76 r
  mult_x_4/U1062/Z (XOR4D0BWP40P140)                      0.12       4.88 r
  mult_x_4/product[34] (core4_a32_b12_c32_DW_mult_tc_J3_2)
                                                          0.00       4.88 r
  s_w_3_reg_34_/D (DFKCNQD1BWP40P140)                     0.00       4.88 r
  data arrival time                                                  4.88

  clock clk (rise edge)                                   5.00       5.00
  clock network delay (ideal)                             0.00       5.00
  s_w_3_reg_34_/CP (DFKCNQD1BWP40P140)                    0.00       5.00 r
  library setup time                                     -0.04       4.96
  data required time                                                 4.96
  --------------------------------------------------------------------------
  data required time                                                 4.96
  data arrival time                                                 -4.88
  --------------------------------------------------------------------------
  slack (MET)                                                        0.08


  Startpoint: io_b_3[5] (input port clocked by clk)
  Endpoint: s_w_4_reg_34_
            (rising edge-triggered flip-flop clocked by clk)
  Path Group: clk
  Path Type: max

  Des/Clust/Port     Wire Load Model       Library
  ------------------------------------------------
  core4_a32_b12_c32  ZeroWireload          tcbn28hpcplusbwp40p140hvtssg0p81vm40c_ccs
  core4_a32_b12_c32_DW_mult_uns_J3_2
                     ZeroWireload          tcbn28hpcplusbwp40p140hvtssg0p81vm40c_ccs
  Eval_1_DP_OP_52J3_122_9921_J3_0
                     ZeroWireload          tcbn28hpcplusbwp40p140hvtssg0p81vm40c_ccs
  Eval_1_DP_OP_53J3_123_5236_J3_0
                     ZeroWireload          tcbn28hpcplusbwp40p140hvtssg0p81vm40c_ccs
  Eval_1_DP_OP_54J3_124_3064_J3_0
                     ZeroWireload          tcbn28hpcplusbwp40p140hvtssg0p81vm40c_ccs
  core4_a32_b12_c32_DW_mult_tc_J3_1
                     ZeroWireload          tcbn28hpcplusbwp40p140hvtssg0p81vm40c_ccs

  Point                                                   Incr       Path
  --------------------------------------------------------------------------
  clock clk (rise edge)                                   0.00       0.00
  clock network delay (ideal)                             0.00       0.00
  input external delay                                    0.50       0.50 f
  io_b_3[5] (in)                                          0.00       0.50 f
  evalB/io_in_3[5] (Eval_1)                               0.00       0.50 f
  evalB/U16/ZN (CKND0BWP40P140)                           0.01       0.51 r
  evalB/U7/ZN (CKND0BWP40P140)                            0.15       0.66 f
  evalB/DP_OP_54J3_124_3064/I3[5] (Eval_1_DP_OP_54J3_124_3064_J3_0)
                                                          0.00       0.66 f
  evalB/DP_OP_54J3_124_3064/U103/S (FA1D0BWP40P140)       0.22       0.87 r
  evalB/DP_OP_54J3_124_3064/U118/CO (FA1D0BWP40P140)      0.08       0.95 r
  evalB/DP_OP_54J3_124_3064/U117/CO (FA1D0BWP40P140)      0.07       1.03 r
  evalB/DP_OP_54J3_124_3064/U116/CO (FA1D0BWP40P140)      0.07       1.10 r
  evalB/DP_OP_54J3_124_3064/U115/CO (FA1D0BWP40P140)      0.07       1.17 r
  evalB/DP_OP_54J3_124_3064/U114/CO (FA1D0BWP40P140)      0.07       1.25 r
  evalB/DP_OP_54J3_124_3064/U113/CO (FA1D0BWP40P140)      0.07       1.32 r
  evalB/DP_OP_54J3_124_3064/U112/CO (FA1D0BWP40P140)      0.07       1.40 r
  evalB/DP_OP_54J3_124_3064/U111/CO (FA1D0BWP40P140)      0.07       1.47 r
  evalB/DP_OP_54J3_124_3064/U110/CO (FA1D0BWP40P140)      0.07       1.55 r
  evalB/DP_OP_54J3_124_3064/U109/S (FA1D0BWP40P140)       0.17       1.72 r
  evalB/DP_OP_54J3_124_3064/O1[14] (Eval_1_DP_OP_54J3_124_3064_J3_0)
                                                          0.00       1.72 r
  evalB/io_out_4[14] (Eval_1)                             0.00       1.72 r
  mult_x_5/b[14] (core4_a32_b12_c32_DW_mult_tc_J3_1)      0.00       1.72 r
  mult_x_5/U944/ZN (INVD1BWP40P140)                       0.12       1.83 f
  mult_x_5/U1070/ZN (MAOI22D0BWP40P140)                   0.08       1.91 f
  mult_x_5/U941/ZN (IND3D1BWP40P140HVT)                   0.23       2.14 f
  mult_x_5/U1167/ZN (OAI222D0BWP40P140)                   0.15       2.29 r
  mult_x_5/U1168/ZN (AOI21D0BWP40P140)                    0.04       2.33 f
  mult_x_5/U962/ZN (MUX2ND0BWP40P140)                     0.07       2.40 f
  mult_x_5/U1245/CO (HA1D0BWP40P140)                      0.05       2.44 f
  mult_x_5/U1241/S (FA1D0BWP40P140)                       0.12       2.56 r
  mult_x_5/U1331/CO (FA1D0BWP40P140)                      0.08       2.64 r
  mult_x_5/U1327/S (FA1D0BWP40P140)                       0.11       2.76 f
  mult_x_5/U1428/S (FA1D0BWP40P140)                       0.13       2.89 r
  mult_x_5/U1535/CO (FA1D0BWP40P140)                      0.08       2.97 r
  mult_x_5/U1531/CO (FA1D0BWP40P140)                      0.07       3.04 r
  mult_x_5/U1529/CO (FA1D0BWP40P140)                      0.07       3.12 r
  mult_x_5/U1525/CO (FA1D0BWP40P140)                      0.07       3.19 r
  mult_x_5/U1521/CO (FA1D0BWP40P140)                      0.07       3.26 r
  mult_x_5/U1517/CO (FA1D0BWP40P140)                      0.07       3.34 r
  mult_x_5/U1513/CO (FA1D0BWP40P140)                      0.07       3.41 r
  mult_x_5/U1509/CO (FA1D0BWP40P140)                      0.07       3.49 r
  mult_x_5/U1505/CO (FA1D0BWP40P140)                      0.07       3.56 r
  mult_x_5/U1502/CO (FA1D0BWP40P140)                      0.07       3.63 r
  mult_x_5/U1498/CO (FA1D0BWP40P140)                      0.07       3.71 r
  mult_x_5/U1495/CO (FA1D0BWP40P140)                      0.07       3.78 r
  mult_x_5/U1491/CO (FA1D0BWP40P140)                      0.07       3.86 r
  mult_x_5/U1488/CO (FA1D0BWP40P140)                      0.07       3.93 r
  mult_x_5/U1485/CO (FA1D0BWP40P140)                      0.07       4.00 r
  mult_x_5/U1481/CO (FA1D0BWP40P140)                      0.07       4.08 r
  mult_x_5/U1638/CO (FA1D0BWP40P140)                      0.07       4.15 r
  mult_x_5/U1650/S (FA1D0BWP40P140)                       0.11       4.27 f
  mult_x_5/U1652/CO (FA1D0BWP40P140)                      0.08       4.35 f
  mult_x_5/U929/Z (XOR4D1BWP40P140)                       0.09       4.43 r
  mult_x_5/U928/Z (XOR4D0BWP40P140)                       0.11       4.55 r
  mult_x_5/U965/Z (XOR4D0BWP40P140)                       0.12       4.67 r
  mult_x_5/U1658/ZN (OAI21D0BWP40P140HVT)                 0.04       4.71 f
  mult_x_5/U1659/ZN (OAI31D0BWP40P140LVT)                 0.03       4.74 r
  mult_x_5/U1004/Z (XOR4D0BWP40P140)                      0.12       4.85 r
  mult_x_5/product[34] (core4_a32_b12_c32_DW_mult_tc_J3_1)
                                                          0.00       4.85 r
  s_w_4_reg_34_/D (DFKCNQD1BWP40P140)                     0.00       4.85 r
  data arrival time                                                  4.85

  clock clk (rise edge)                                   5.00       5.00
  clock network delay (ideal)                             0.00       5.00
  s_w_4_reg_34_/CP (DFKCNQD1BWP40P140)                    0.00       5.00 r
  library setup time                                     -0.04       4.96
  data required time                                                 4.96
  --------------------------------------------------------------------------
  data required time                                                 4.96
  data arrival time                                                 -4.85
  --------------------------------------------------------------------------
  slack (MET)                                                        0.11


1
