 
****************************************
Report : area
Design : core64_a28_b14_c28
Version: O-2018.06-SP5
Date   : Tue May 12 23:55:35 2026
****************************************

Library(s) Used:

    tcbn28hpcplusbwp40p140lvtssg0p81vm40c_ccs (File: /export1/Library/TN28HPC+/STD_CELL_ext/track9_200824/TSMCHOME/digital/Front_End/timing_power_noise/CCS/tcbn28hpcplusbwp40p140lvt_180a/tcbn28hpcplusbwp40p140lvtssg0p81vm40c_ccs.db)
    tcbn28hpcplusbwp40p140ssg0p81vm40c_ccs (File: /export1/Library/TN28HPC+/STD_CELL_ext/track9_200824/TSMCHOME/digital/Front_End/timing_power_noise/CCS/tcbn28hpcplusbwp40p140_180a/tcbn28hpcplusbwp40p140ssg0p81vm40c_ccs.db)
    tcbn28hpcplusbwp40p140hvtssg0p81vm40c_ccs (File: /export1/Library/TN28HPC+/STD_CELL_ext/track9_200824/TSMCHOME/digital/Front_End/timing_power_noise/CCS/tcbn28hpcplusbwp40p140hvt_180a/tcbn28hpcplusbwp40p140hvtssg0p81vm40c_ccs.db)

Number of ports:                       356470
Number of nets:                       1112667
Number of cells:                       574616
Number of combinational cells:         532686
Number of sequential cells:             34458
Number of macros/black boxes:               0
Number of buf/inv:                      67646
Number of references:                      45

Combinational area:             666161.233761
Buf/Inv area:                    18230.562154
Noncombinational area:           69453.343112
Macro/Black Box area:                0.000000
Net Interconnect area:      undefined  (Wire load has zero net area)

Total cell area:                735614.576873
Total area:                 undefined

Area of detected synthetic parts
--------------------------------
                                                     Perc. of
  Module                Implem.  Count         Area cell area
  --------------------- -------  ----- ------------ ---------
  DP_OP_106J26_122_4688     str     28   68195.2852      9.3%
  DP_OP_106J27_122_4023     str     21   49236.2146      6.7%
  DP_OP_1681J3_122_140      str      1   30030.5449      4.1%
  DP_OP_421J11_122_4903     str      4   33348.6416      4.5%
  DP_OP_421J12_122_4174     str      3   23670.7725      3.2%
  DP_OP_52J19_122_6891      str     16    2975.6145      0.4%
  DP_OP_52J25_125_4593      str     16    1576.5117      0.2%
  DP_OP_53J19_123_6653      str     16    3987.6454      0.5%
  DP_OP_53J23_122_9164      str     37    5782.2644      0.8%
  DP_OP_53J25_126_1321      str     16    2205.3772      0.3%
  DP_OP_53J27_123_3533      str     41    9060.7803      1.2%
  DP_OP_54J15_122_5398      str      4     795.3116      0.1%
  DP_OP_54J15_125_2521      str      1      97.2720      0.0%
  DP_OP_54J16_122_2576      str      4     864.3595      0.1%
  DP_OP_54J16_125_7163      str      1      96.8940      0.0%
  DP_OP_54J17_122_4700      str      4     864.3595      0.1%
  DP_OP_54J17_125_3067      str      1      99.0360      0.0%
  DP_OP_54J18_122_3077      str      2     397.6558      0.1%
  DP_OP_54J18_125_4842      str      1      96.3900      0.0%
  DP_OP_54J19_124_5333      str     16    4101.5496      0.6%
  DP_OP_54J19_125_8523      str      4     386.4419      0.1%
  DP_OP_54J20_122_1014      str      1     144.0179      0.0%
  DP_OP_54J20_125_6062      str      4     515.7178      0.1%
  DP_OP_54J21_122_59        str      1     156.7439      0.0%
  DP_OP_54J21_125_8890      str      4     515.9698      0.1%
  DP_OP_54J22_122_1996      str      2     311.5979      0.0%
  DP_OP_54J22_125_3335      str      2     220.2480      0.0%
  DP_OP_54J23_123_1920      str     37    8370.4276      1.1%
  DP_OP_54J23_125_7300      str      4     441.8819      0.1%
  DP_OP_54J24_125_8022      str      4     386.8199      0.1%
  DP_OP_54J25_122_2391      str      4     743.9036      0.1%
  DP_OP_54J25_127_2501      str     16    2206.8896      0.3%
  DP_OP_54J26_126_5395      str      4     862.3435      0.1%
  DP_OP_54J26_129_1059      str      4     527.1838      0.1%
  DP_OP_54J27_124_9398      str     41   13013.0198      1.8%
  DP_OP_54J27_126_4175      str      4     862.3435      0.1%
  DP_OP_54J27_129_883       str      4     531.9719      0.1%
  DP_OP_54J28_122_598       str      1     220.3739      0.0%
  DP_OP_54J28_125_9023      str      1     142.2540      0.0%
  DP_OP_54J29_122_8680      str      1     185.9759      0.0%
  DP_OP_54J30_122_6359      str      1     185.9759      0.0%
  DP_OP_54J31_122_1034      str      1     185.9759      0.0%
  DP_OP_54J32_122_3355      str      1     185.9759      0.0%
  DP_OP_54J33_122_7582      str      4     743.9036      0.1%
  DP_OP_55J15_123_3777      str      4    1075.0313      0.1%
  DP_OP_55J15_126_5264      str      1     132.1740      0.0%
  DP_OP_55J16_123_96        str      4    1176.3352      0.2%
  DP_OP_55J16_126_6546      str      1     131.1659      0.0%
  DP_OP_55J17_123_7798      str      4    1176.3352      0.2%
  DP_OP_55J17_126_1456      str      1     129.9059      0.0%
  DP_OP_55J18_123_9952      str      2     537.5157      0.1%
  DP_OP_55J18_126_6966      str      1     134.5679      0.0%
  DP_OP_55J19_126_2557      str      4     534.3659      0.1%
  DP_OP_55J20_123_7030      str      1     193.6619      0.0%
  DP_OP_55J20_126_8970      str      4     691.1096      0.1%
  DP_OP_55J21_123_5296      str      1     218.3579      0.0%
  DP_OP_55J21_126_7119      str      4     698.1658      0.1%
  DP_OP_55J22_123_2434      str      2     434.0697      0.1%
  DP_OP_55J22_126_8732      str      2     294.8399      0.0%
  DP_OP_55J23_124_2354      str     37    7979.0720      1.1%
  DP_OP_55J23_126_1408      str      4     595.0978      0.1%
  DP_OP_55J24_122_6661      str      1     159.0120      0.0%
  DP_OP_55J24_126_4344      str      4     522.3958      0.1%
  DP_OP_55J25_123_3961      str      4    1007.4953      0.1%
  DP_OP_55J26_123_7810      str      1     221.3819      0.0%
  DP_OP_55J26_127_4610      str      4    1186.4152      0.2%
  DP_OP_55J26_130_7099      str      4     702.1976      0.1%
  DP_OP_55J27_125_9832      str     41   12534.9758      1.7%
  DP_OP_55J27_127_4830      str      4    1186.4152      0.2%
  DP_OP_55J27_130_2461      str      4     705.8517      0.1%
  DP_OP_55J28_123_2724      str      1     310.9678      0.0%
  DP_OP_55J28_126_8917      str      1     188.9999      0.0%
  DP_OP_55J29_123_5431      str      1     251.8738      0.0%
  DP_OP_55J30_123_3729      str      1     251.8738      0.0%
  DP_OP_55J31_123_9239      str      1     251.8738      0.0%
  DP_OP_55J32_123_8851      str      1     251.8738      0.0%
  DP_OP_55J33_123_4862      str      4    1007.4953      0.1%
  DP_OP_56J15_124_1913      str      4    1099.0974      0.1%
  DP_OP_56J15_127_4771      str      1     139.2300      0.0%
  DP_OP_56J16_124_6698      str      4    1196.9993      0.2%
  DP_OP_56J16_127_3489      str      1     135.8279      0.0%
  DP_OP_56J17_124_7165      str      4    1196.9993      0.2%
  DP_OP_56J17_127_5191      str      1     141.1200      0.0%
  DP_OP_56J18_124_7035      str      2     549.4857      0.1%
  DP_OP_56J18_127_9648      str      1     141.4980      0.0%
  DP_OP_56J19_127_6292      str      4     556.5419      0.1%
  DP_OP_56J20_124_2242      str      1     193.0319      0.0%
  DP_OP_56J20_127_2491      str      4     719.2076      0.1%
  DP_OP_56J21_124_4803      str      1     217.4759      0.0%
  DP_OP_56J21_127_7864      str      4     722.2318      0.1%
  DP_OP_56J22_124_4531      str      2     431.0457      0.1%
  DP_OP_56J22_127_6811      str      2     308.4479      0.0%
  DP_OP_56J23_127_2646      str      4     616.6437      0.1%
  DP_OP_56J24_123_6786      str      1     224.1539      0.0%
  DP_OP_56J24_127_8079      str      4     547.0918      0.1%
  DP_OP_56J25_124_3269      str      4    1031.1832      0.1%
  DP_OP_56J26_124_154       str      1     311.5978      0.0%
  DP_OP_56J26_128_7292      str      4    1182.8872      0.2%
  DP_OP_56J26_131_9781      str      4     702.8277      0.1%
  DP_OP_56J27_128_5833      str      4    1182.8872      0.2%
  DP_OP_56J27_131_6196      str      4     711.6478      0.1%
  DP_OP_56J28_124_8504      str      1     305.6758      0.0%
  DP_OP_56J28_127_2315      str      1     196.9379      0.0%
  DP_OP_56J29_124_4718      str      1     257.7958      0.0%
  DP_OP_56J30_124_8771      str      1     257.7958      0.0%
  DP_OP_56J31_124_4314      str      1     257.7958      0.0%
  DP_OP_56J32_124_8122      str      1     257.7958      0.0%
  DP_OP_56J33_124_9872      str      4    1031.1833      0.1%
  DP_OP_57J24_124_1504      str      1     217.4759      0.0%
  DP_OP_57J26_125_8419      str      1     304.5418      0.0%
  DW_mult_tc            apparch    274  276825.3310     37.6%
  DW_mult_uns           apparch     69   61323.7712      8.3%
  --------------------- -------  ----- ------------ ---------
  DP_OP Subtotal:                  615  323749.4665     44.0%
  Total:                           958  661898.5686     90.0%

Subtotal of datapath(DP_OP) cell area:  323749.4665  44.0%  
Total synthetic cell area:              661898.5686  90.0%  

1
