 
****************************************
Report : area
Design : core4_a24_b8_c24
Version: O-2018.06-SP5
Date   : Tue May 12 05:43:43 2026
****************************************

Library(s) Used:

    tcbn28hpcplusbwp40p140lvtssg0p81vm40c_ccs (File: /export1/Library/TN28HPC+/STD_CELL_ext/track9_200824/TSMCHOME/digital/Front_End/timing_power_noise/CCS/tcbn28hpcplusbwp40p140lvt_180a/tcbn28hpcplusbwp40p140lvtssg0p81vm40c_ccs.db)
    tcbn28hpcplusbwp40p140ssg0p81vm40c_ccs (File: /export1/Library/TN28HPC+/STD_CELL_ext/track9_200824/TSMCHOME/digital/Front_End/timing_power_noise/CCS/tcbn28hpcplusbwp40p140_180a/tcbn28hpcplusbwp40p140ssg0p81vm40c_ccs.db)
    tcbn28hpcplusbwp40p140hvtssg0p81vm40c_ccs (File: /export1/Library/TN28HPC+/STD_CELL_ext/track9_200824/TSMCHOME/digital/Front_End/timing_power_noise/CCS/tcbn28hpcplusbwp40p140hvt_180a/tcbn28hpcplusbwp40p140hvtssg0p81vm40c_ccs.db)

Number of ports:                         2778
Number of nets:                          8724
Number of cells:                         4548
Number of combinational cells:           4240
Number of sequential cells:               284
Number of macros/black boxes:               0
Number of buf/inv:                        571
Number of references:                      14

Combinational area:               5186.033918
Buf/Inv area:                      151.956001
Noncombinational area:             572.544009
Macro/Black Box area:                0.000000
Net Interconnect area:      undefined  (Wire load has zero net area)

Total cell area:                  5758.577927
Total area:                 undefined

Hierarchical area distribution
------------------------------

                                  Global cell area          Local cell area
                                  ------------------  ---------------------------- 
Hierarchical cell                 Absolute   Percent  Combi-     Noncombi-  Black-
                                  Total      Total    national   national   boxes   Design
--------------------------------  ---------  -------  ---------  ---------  ------  -------------------------------------------
core4_a24_b8_c24                  5758.5779    100.0     1.0080   376.9920  0.0000  core4_a24_b8_c24
evalA                              602.6580     10.5    19.0260     0.0000  0.0000  Eval
evalA/DP_OP_52J2_123_5738          154.2240      2.7   154.2240     0.0000  0.0000  Eval_DP_OP_52J2_123_5738_J2_0
evalA/DP_OP_53J2_124_3642          213.9480      3.7   213.9480     0.0000  0.0000  Eval_DP_OP_53J2_124_3642_J2_0
evalA/DP_OP_54J2_125_276           215.4600      3.7   215.4600     0.0000  0.0000  Eval_DP_OP_54J2_125_276_J2_0
evalB                              217.0980      3.8     8.1900     0.0000  0.0000  Eval_1
evalB/DP_OP_52J2_126_8122           56.1960      1.0    56.1960     0.0000  0.0000  Eval_1_DP_OP_52J2_126_8122_J2_0
evalB/DP_OP_53J2_127_1615           72.8280      1.3    72.8280     0.0000  0.0000  Eval_1_DP_OP_53J2_127_1615_J2_0
evalB/DP_OP_54J2_128_8645           79.8840      1.4    79.8840     0.0000  0.0000  Eval_1_DP_OP_54J2_128_8645_J2_0
interp                            1701.3780     29.5     0.7560   195.5520  0.0000  Interpolation
interp/interp                     1505.0700     26.1     0.2520     0.0000  0.0000  InterpolationComb
interp/interp/DP_OP_106J2_122_5429 1504.8180    26.1  1504.8180     0.0000  0.0000  InterpolationComb_DP_OP_106J2_122_5429_J2_0
mult_x_1                           300.5100      5.2   300.5100     0.0000  0.0000  core4_a24_b8_c24_DW_mult_uns_J2_2
mult_x_2                           468.4680      8.1   468.4680     0.0000  0.0000  core4_a24_b8_c24_DW_mult_tc_J2_3
mult_x_3                           390.6000      6.8   390.6000     0.0000  0.0000  core4_a24_b8_c24_DW_mult_uns_J2_1
mult_x_4                           397.6560      6.9   397.6560     0.0000  0.0000  core4_a24_b8_c24_DW_mult_tc_J2_2
mult_x_5                           500.8500      8.7   500.8500     0.0000  0.0000  core4_a24_b8_c24_DW_mult_tc_J2_1
mult_x_6                           500.8500      8.7   500.8500     0.0000  0.0000  core4_a24_b8_c24_DW_mult_tc_J2_0
mult_x_7                           300.5100      5.2   300.5100     0.0000  0.0000  core4_a24_b8_c24_DW_mult_uns_J2_0
--------------------------------  ---------  -------  ---------  ---------  ------  -------------------------------------------
Total                                                 5186.0339   572.5440  0.0000

1
