 
****************************************
Report : area
Design : core64_a28_b8_c28
Version: O-2018.06-SP5
Date   : Wed May 13 01:49:37 2026
****************************************

Library(s) Used:

    tcbn28hpcplusbwp40p140lvtssg0p81vm40c_ccs (File: /export1/Library/TN28HPC+/STD_CELL_ext/track9_200824/TSMCHOME/digital/Front_End/timing_power_noise/CCS/tcbn28hpcplusbwp40p140lvt_180a/tcbn28hpcplusbwp40p140lvtssg0p81vm40c_ccs.db)
    tcbn28hpcplusbwp40p140ssg0p81vm40c_ccs (File: /export1/Library/TN28HPC+/STD_CELL_ext/track9_200824/TSMCHOME/digital/Front_End/timing_power_noise/CCS/tcbn28hpcplusbwp40p140_180a/tcbn28hpcplusbwp40p140ssg0p81vm40c_ccs.db)
    tcbn28hpcplusbwp40p140hvtssg0p81vm40c_ccs (File: /export1/Library/TN28HPC+/STD_CELL_ext/track9_200824/TSMCHOME/digital/Front_End/timing_power_noise/CCS/tcbn28hpcplusbwp40p140hvt_180a/tcbn28hpcplusbwp40p140hvtssg0p81vm40c_ccs.db)

Number of ports:                       334498
Number of nets:                       1007021
Number of cells:                       506323
Number of combinational cells:         464471
Number of sequential cells:             34458
Number of macros/black boxes:               0
Number of buf/inv:                      61059
Number of references:                      45

Combinational area:             595318.616541
Buf/Inv area:                    16594.452125
Noncombinational area:           67880.610529
Macro/Black Box area:                0.000000
Net Interconnect area:      undefined  (Wire load has zero net area)

Total cell area:                663199.227070
Total area:                 undefined

Area of detected synthetic parts
--------------------------------
                                                     Perc. of
  Module                Implem.  Count         Area cell area
  --------------------- -------  ----- ------------ ---------
  DP_OP_106J20_122_4688     str     28   68228.0386     10.3%
  DP_OP_106J21_122_4023     str     21   49239.9883      7.4%
  DP_OP_1681J3_122_140      str      1   30030.5449      4.5%
  DP_OP_421J11_122_4903     str      4   33360.2344      5.0%
  DP_OP_421J12_122_4174     str      3   23654.1421      3.6%
  DP_OP_52J19_122_6891      str     16    2975.6145      0.4%
  DP_OP_52J22_125_102       str     16     934.1639      0.1%
  DP_OP_53J19_123_6653      str     16    3987.6454      0.6%
  DP_OP_53J21_123_3533      str     41    9060.7803      1.4%
  DP_OP_53J22_126_6763      str     16    1185.5335      0.2%
  DP_OP_53J26_122_4708      str     37    4020.5324      0.6%
  DP_OP_54J15_122_598       str      1     220.3739      0.0%
  DP_OP_54J15_125_2840      str      1     102.4380      0.0%
  DP_OP_54J15_128_1287      str      1      58.0860      0.0%
  DP_OP_54J16_122_2576      str      4     864.3595      0.1%
  DP_OP_54J16_125_8975      str      1      57.4560      0.0%
  DP_OP_54J17_122_4700      str      4     864.3595      0.1%
  DP_OP_54J17_125_5131      str      1      57.4560      0.0%
  DP_OP_54J18_122_3077      str      2     397.6558      0.1%
  DP_OP_54J18_125_9213      str      1      57.4560      0.0%
  DP_OP_54J19_124_5333      str     16    4101.5492      0.6%
  DP_OP_54J19_125_2881      str      4     230.7060      0.0%
  DP_OP_54J20_126_5395      str      4     862.3435      0.1%
  DP_OP_54J20_129_194       str      4     282.7439      0.0%
  DP_OP_54J21_124_9398      str     41   13012.3898      2.0%
  DP_OP_54J21_126_4175      str      4     862.3435      0.1%
  DP_OP_54J21_129_7149      str      4     229.8240      0.0%
  DP_OP_54J22_122_5398      str      4     795.3116      0.1%
  DP_OP_54J22_127_2528      str     16    1302.4617      0.2%
  DP_OP_54J23_122_1008      str      1     104.8320      0.0%
  DP_OP_54J23_125_1053      str      4     371.5739      0.1%
  DP_OP_54J24_122_53        str      1     115.6679      0.0%
  DP_OP_54J24_125_7977      str      4     373.4639      0.1%
  DP_OP_54J25_122_2735      str      2     229.9499      0.0%
  DP_OP_54J25_125_8201      str      4     360.7379      0.1%
  DP_OP_54J26_123_8292      str     37    6364.5086      1.0%
  DP_OP_54J26_125_5295      str      4     359.8559      0.1%
  DP_OP_54J27_125_6879      str      2     141.8760      0.0%
  DP_OP_54J28_122_8680      str      1     185.9759      0.0%
  DP_OP_54J29_122_6359      str      1     185.9759      0.0%
  DP_OP_54J30_122_1034      str      1     185.9759      0.0%
  DP_OP_54J31_122_3355      str      1     185.9759      0.0%
  DP_OP_54J32_122_7582      str      4     743.9036      0.1%
  DP_OP_54J33_122_2391      str      4     743.9036      0.1%
  DP_OP_55J15_123_2724      str      1     310.9678      0.0%
  DP_OP_55J15_126_7954      str      1     136.0799      0.0%
  DP_OP_55J15_129_1161      str      1      76.9860      0.0%
  DP_OP_55J16_123_96        str      4    1176.3352      0.2%
  DP_OP_55J16_126_8568      str      1      78.3720      0.0%
  DP_OP_55J17_123_7798      str      4    1176.3352      0.2%
  DP_OP_55J17_126_393       str      1      76.9860      0.0%
  DP_OP_55J18_123_9952      str      2     537.5156      0.1%
  DP_OP_55J18_126_9848      str      1      77.6160      0.0%
  DP_OP_55J19_126_9882      str      4     311.9759      0.0%
  DP_OP_55J20_123_7810      str      1     221.3819      0.0%
  DP_OP_55J20_127_4610      str      4    1186.4152      0.2%
  DP_OP_55J20_130_6727      str      4     379.5119      0.1%
  DP_OP_55J21_125_9832      str     41   12530.4398      1.9%
  DP_OP_55J21_127_4830      str      4    1186.4152      0.2%
  DP_OP_55J21_130_8220      str      4     307.9439      0.0%
  DP_OP_55J22_123_3777      str      4    1075.0313      0.2%
  DP_OP_55J23_123_2382      str      1     139.2299      0.0%
  DP_OP_55J23_126_2451      str      4     488.1238      0.1%
  DP_OP_55J24_123_8509      str      1     161.4059      0.0%
  DP_OP_55J24_126_7780      str      4     496.8178      0.1%
  DP_OP_55J25_123_575       str      2     325.2058      0.0%
  DP_OP_55J25_126_1455      str      4     476.7838      0.1%
  DP_OP_55J26_124_8043      str     37    5964.5848      0.9%
  DP_OP_55J26_126_6412      str      4     480.1858      0.1%
  DP_OP_55J27_122_736       str      1     119.5739      0.0%
  DP_OP_55J27_126_3031      str      2     189.2519      0.0%
  DP_OP_55J28_123_5431      str      1     251.8738      0.0%
  DP_OP_55J29_123_3729      str      1     251.8738      0.0%
  DP_OP_55J30_123_9239      str      1     251.8738      0.0%
  DP_OP_55J31_123_8851      str      1     251.8738      0.0%
  DP_OP_55J32_123_4862      str      4    1007.4953      0.2%
  DP_OP_55J33_123_3961      str      4    1007.4953      0.2%
  DP_OP_56J15_124_8504      str      1     305.5498      0.0%
  DP_OP_56J15_127_8379      str      1     142.0019      0.0%
  DP_OP_56J15_130_9194      str      1      82.9080      0.0%
  DP_OP_56J16_124_6698      str      4    1196.9993      0.2%
  DP_OP_56J16_127_7693      str      1      83.7900      0.0%
  DP_OP_56J17_124_7165      str      4    1196.9993      0.2%
  DP_OP_56J17_127_4961      str      1      82.9080      0.0%
  DP_OP_56J18_124_7035      str      2     549.3597      0.1%
  DP_OP_56J18_127_3460      str      1      82.9080      0.0%
  DP_OP_56J19_127_2673      str      4     331.6319      0.1%
  DP_OP_56J20_124_154       str      1     311.5978      0.0%
  DP_OP_56J20_128_7292      str      4    1182.8872      0.2%
  DP_OP_56J20_131_4045      str      4     400.1759      0.1%
  DP_OP_56J21_128_5833      str      4    1182.8872      0.2%
  DP_OP_56J21_131_9312      str      4     331.6319      0.1%
  DP_OP_56J22_124_1913      str      4    1098.9713      0.2%
  DP_OP_56J23_124_6117      str      1     140.1120      0.0%
  DP_OP_56J23_127_8683      str      4     486.1078      0.1%
  DP_OP_56J24_124_9233      str      1     163.9259      0.0%
  DP_OP_56J24_127_5098      str      4     488.6278      0.1%
  DP_OP_56J25_124_2549      str      2     324.4499      0.0%
  DP_OP_56J25_127_8740      str      4     501.1018      0.1%
  DP_OP_56J26_127_6732      str      4     506.5198      0.1%
  DP_OP_56J27_123_5121      str      1     171.8639      0.0%
  DP_OP_56J27_127_9263      str      2     199.5839      0.0%
  DP_OP_56J28_124_4718      str      1     257.7958      0.0%
  DP_OP_56J29_124_8771      str      1     257.7958      0.0%
  DP_OP_56J30_124_4314      str      1     257.7958      0.0%
  DP_OP_56J31_124_8122      str      1     257.7958      0.0%
  DP_OP_56J32_124_9872      str      4    1031.1833      0.2%
  DP_OP_56J33_124_3269      str      4    1031.1833      0.2%
  DP_OP_57J20_125_8419      str      1     304.5418      0.0%
  DP_OP_57J27_124_6823      str      1     163.7999      0.0%
  DW_mult_tc            apparch    274  233668.9402     35.2%
  DW_mult_uns           apparch     69   48468.3631      7.3%
  --------------------- -------  ----- ------------ ---------
  DP_OP Subtotal:                  615  309508.0587     46.7%
  Total:                           958  591645.3620     89.2%

Subtotal of datapath(DP_OP) cell area:  309508.0587  46.7%  
Total synthetic cell area:              591645.3620  89.2%  

1
