 
****************************************
Report : timing
        -path full
        -delay max
        -max_paths 3
Design : core4_a32_b16_c32
Version: O-2018.06-SP5
Date   : Tue May 12 07:48:27 2026
****************************************

Operating Conditions: ssg0p81vm40c   Library: tcbn28hpcplusbwp40p140hvtssg0p81vm40c_ccs
Wire Load Model Mode: segmented

  Startpoint: io_b_2[0] (input port clocked by clk)
  Endpoint: s_w_2_reg_34_
            (rising edge-triggered flip-flop clocked by clk)
  Path Group: clk
  Path Type: max

  Des/Clust/Port     Wire Load Model       Library
  ------------------------------------------------
  Eval_1_DP_OP_54J3_124_8477_J3_0
                     ZeroWireload          tcbn28hpcplusbwp40p140hvtssg0p81vm40c_ccs
  Eval_1_DP_OP_53J3_123_4557_J3_0
                     ZeroWireload          tcbn28hpcplusbwp40p140hvtssg0p81vm40c_ccs
  Eval_1_DP_OP_52J3_122_4926_J3_0
                     ZeroWireload          tcbn28hpcplusbwp40p140hvtssg0p81vm40c_ccs
  core4_a32_b16_c32  ZeroWireload          tcbn28hpcplusbwp40p140hvtssg0p81vm40c_ccs
  core4_a32_b16_c32_DW_mult_uns_J3_1
                     ZeroWireload          tcbn28hpcplusbwp40p140hvtssg0p81vm40c_ccs

  Point                                                   Incr       Path
  --------------------------------------------------------------------------
  clock clk (rise edge)                                   0.00       0.00
  clock network delay (ideal)                             0.00       0.00
  input external delay                                    0.50       0.50 r
  io_b_2[0] (in)                                          0.00       0.50 r
  evalB/io_in_2[0] (Eval_1)                               0.00       0.50 r
  evalB/DP_OP_53J3_123_4557/I1[0] (Eval_1_DP_OP_53J3_123_4557_J3_0)
                                                          0.00       0.50 r
  evalB/DP_OP_53J3_123_4557/U135/CO (HA1D0BWP40P140)      0.04       0.54 r
  evalB/DP_OP_53J3_123_4557/U138/CO (FA1D0BWP40P140)      0.07       0.61 r
  evalB/DP_OP_53J3_123_4557/U91/CO (FA1D0BWP40P140)       0.07       0.68 r
  evalB/DP_OP_53J3_123_4557/U131/CO (FA1D0BWP40P140)      0.07       0.76 r
  evalB/DP_OP_53J3_123_4557/U128/CO (FA1D0BWP40P140)      0.07       0.83 r
  evalB/DP_OP_53J3_123_4557/U125/CO (FA1D0BWP40P140)      0.07       0.90 r
  evalB/DP_OP_53J3_123_4557/U122/CO (FA1D0BWP40P140)      0.08       0.98 r
  evalB/DP_OP_53J3_123_4557/U119/CO (FA1D0BWP40P140)      0.07       1.05 r
  evalB/DP_OP_53J3_123_4557/U116/CO (FA1D0BWP40P140)      0.07       1.13 r
  evalB/DP_OP_53J3_123_4557/U113/CO (FA1D0BWP40P140)      0.08       1.20 r
  evalB/DP_OP_53J3_123_4557/U110/CO (FA1D0BWP40P140)      0.07       1.28 r
  evalB/DP_OP_53J3_123_4557/U107/CO (FA1D0BWP40P140)      0.07       1.35 r
  evalB/DP_OP_53J3_123_4557/U104/CO (FA1D0BWP40P140)      0.08       1.43 r
  evalB/DP_OP_53J3_123_4557/U101/CO (FA1D0BWP40P140)      0.07       1.50 r
  evalB/DP_OP_53J3_123_4557/U98/S (FA1D0BWP40P140)        0.13       1.63 f
  evalB/DP_OP_53J3_123_4557/U158/S (FA1D0BWP40P140)       0.20       1.83 r
  evalB/DP_OP_53J3_123_4557/O1[14] (Eval_1_DP_OP_53J3_123_4557_J3_0)
                                                          0.00       1.83 r
  evalB/io_out_2[14] (Eval_1)                             0.00       1.83 r
  mult_x_3/b[14] (core4_a32_b16_c32_DW_mult_uns_J3_1)     0.00       1.83 r
  mult_x_3/U970/ZN (CKND0BWP40P140)                       0.16       1.98 f
  mult_x_3/U1220/ZN (MOAI22D0BWP40P140)                   0.11       2.09 f
  mult_x_3/U1223/ZN (NR2D0BWP40P140)                      0.19       2.28 r
  mult_x_3/U1274/ZN (AOI222D0BWP40P140)                   0.09       2.36 f
  mult_x_3/U1036/ZN (MUX2ND0BWP40P140)                    0.08       2.44 f
  mult_x_3/U1350/S (HA1D0BWP40P140)                       0.07       2.51 f
  mult_x_3/U1434/S (FA1D0BWP40P140)                       0.13       2.64 r
  mult_x_3/U1526/CO (FA1D0BWP40P140)                      0.08       2.72 r
  mult_x_3/U1523/S (FA1D0BWP40P140)                       0.11       2.83 f
  mult_x_3/U1630/S (FA1D0BWP40P140)                       0.13       2.97 r
  mult_x_3/U1709/CO (FA1D0BWP40P140)                      0.08       3.05 r
  mult_x_3/U1708/CO (FA1D0BWP40P140)                      0.07       3.12 r
  mult_x_3/U1707/CO (FA1D0BWP40P140)                      0.07       3.19 r
  mult_x_3/U1706/CO (FA1D0BWP40P140)                      0.07       3.27 r
  mult_x_3/U1705/CO (FA1D0BWP40P140)                      0.07       3.34 r
  mult_x_3/U1704/CO (FA1D0BWP40P140)                      0.07       3.42 r
  mult_x_3/U1703/CO (FA1D0BWP40P140)                      0.07       3.49 r
  mult_x_3/U1702/CO (FA1D0BWP40P140)                      0.07       3.56 r
  mult_x_3/U1701/CO (FA1D0BWP40P140)                      0.07       3.64 r
  mult_x_3/U1700/CO (FA1D0BWP40P140)                      0.07       3.71 r
  mult_x_3/U1699/CO (FA1D0BWP40P140)                      0.07       3.79 r
  mult_x_3/U1698/CO (FA1D0BWP40P140)                      0.07       3.86 r
  mult_x_3/U1697/CO (FA1D0BWP40P140)                      0.07       3.93 r
  mult_x_3/U1696/CO (FA1D0BWP40P140)                      0.07       4.01 r
  mult_x_3/U1695/CO (FA1D0BWP40P140)                      0.07       4.08 r
  mult_x_3/U1694/CO (FA1D0BWP40P140)                      0.07       4.16 r
  mult_x_3/U1693/CO (FA1D0BWP40P140)                      0.07       4.23 r
  mult_x_3/U1692/CO (FA1D0BWP40P140)                      0.07       4.30 r
  mult_x_3/U1691/CO (FA1D0BWP40P140)                      0.07       4.38 r
  mult_x_3/U1690/CO (FA1D0BWP40P140)                      0.07       4.45 r
  mult_x_3/U971/ZN (XNR4D0BWP40P140)                      0.10       4.55 r
  mult_x_3/U1682/ZN (OAI21D0BWP40P140HVT)                 0.04       4.59 f
  mult_x_3/U1683/ZN (OAI31D0BWP40P140LVT)                 0.04       4.63 r
  mult_x_3/U954/Z (XOR2UD0BWP40P140)                      0.05       4.68 r
  mult_x_3/U982/Z (XOR4D0BWP40P140)                       0.13       4.82 r
  mult_x_3/U1688/ZN (OAI21D0BWP40P140HVT)                 0.04       4.86 f
  mult_x_3/U1689/ZN (OAI31D0BWP40P140LVT)                 0.03       4.89 r
  mult_x_3/U952/Z (XOR3UD0BWP40P140)                      0.06       4.94 r
  mult_x_3/product[34] (core4_a32_b16_c32_DW_mult_uns_J3_1)
                                                          0.00       4.94 r
  s_w_2_reg_34_/CN (DFKCNQD1BWP40P140)                    0.00       4.94 r
  data arrival time                                                  4.94

  clock clk (rise edge)                                   5.00       5.00
  clock network delay (ideal)                             0.00       5.00
  s_w_2_reg_34_/CP (DFKCNQD1BWP40P140)                    0.00       5.00 r
  library setup time                                     -0.05       4.95
  data required time                                                 4.95
  --------------------------------------------------------------------------
  data required time                                                 4.95
  data arrival time                                                 -4.94
  --------------------------------------------------------------------------
  slack (MET)                                                        0.01


  Startpoint: io_b_2[0] (input port clocked by clk)
  Endpoint: s_w_3_reg_34_
            (rising edge-triggered flip-flop clocked by clk)
  Path Group: clk
  Path Type: max

  Des/Clust/Port     Wire Load Model       Library
  ------------------------------------------------
  Eval_1_DP_OP_54J3_124_8477_J3_0
                     ZeroWireload          tcbn28hpcplusbwp40p140hvtssg0p81vm40c_ccs
  Eval_1_DP_OP_53J3_123_4557_J3_0
                     ZeroWireload          tcbn28hpcplusbwp40p140hvtssg0p81vm40c_ccs
  Eval_1_DP_OP_52J3_122_4926_J3_0
                     ZeroWireload          tcbn28hpcplusbwp40p140hvtssg0p81vm40c_ccs
  core4_a32_b16_c32  ZeroWireload          tcbn28hpcplusbwp40p140hvtssg0p81vm40c_ccs
  core4_a32_b16_c32_DW_mult_tc_J3_2
                     ZeroWireload          tcbn28hpcplusbwp40p140hvtssg0p81vm40c_ccs

  Point                                                   Incr       Path
  --------------------------------------------------------------------------
  clock clk (rise edge)                                   0.00       0.00
  clock network delay (ideal)                             0.00       0.00
  input external delay                                    0.50       0.50 r
  io_b_2[0] (in)                                          0.00       0.50 r
  evalB/io_in_2[0] (Eval_1)                               0.00       0.50 r
  evalB/DP_OP_53J3_123_4557/I1[0] (Eval_1_DP_OP_53J3_123_4557_J3_0)
                                                          0.00       0.50 r
  evalB/DP_OP_53J3_123_4557/U135/CO (HA1D0BWP40P140)      0.04       0.54 r
  evalB/DP_OP_53J3_123_4557/U138/CO (FA1D0BWP40P140)      0.07       0.61 r
  evalB/DP_OP_53J3_123_4557/U91/CO (FA1D0BWP40P140)       0.07       0.68 r
  evalB/DP_OP_53J3_123_4557/U131/CO (FA1D0BWP40P140)      0.07       0.76 r
  evalB/DP_OP_53J3_123_4557/U128/CO (FA1D0BWP40P140)      0.07       0.83 r
  evalB/DP_OP_53J3_123_4557/U125/CO (FA1D0BWP40P140)      0.07       0.90 r
  evalB/DP_OP_53J3_123_4557/U122/CO (FA1D0BWP40P140)      0.08       0.98 r
  evalB/DP_OP_53J3_123_4557/U119/CO (FA1D0BWP40P140)      0.07       1.05 r
  evalB/DP_OP_53J3_123_4557/U116/CO (FA1D0BWP40P140)      0.07       1.13 r
  evalB/DP_OP_53J3_123_4557/U113/CO (FA1D0BWP40P140)      0.08       1.20 r
  evalB/DP_OP_53J3_123_4557/U110/CO (FA1D0BWP40P140)      0.07       1.28 r
  evalB/DP_OP_53J3_123_4557/U107/CO (FA1D0BWP40P140)      0.07       1.35 r
  evalB/DP_OP_53J3_123_4557/U104/CO (FA1D0BWP40P140)      0.08       1.43 r
  evalB/DP_OP_53J3_123_4557/U101/CO (FA1D0BWP40P140)      0.07       1.50 r
  evalB/DP_OP_53J3_123_4557/U98/S (FA1D0BWP40P140)        0.13       1.63 f
  evalB/DP_OP_53J3_123_4557/U144/S (FA1D0BWP40P140)       0.20       1.83 r
  evalB/DP_OP_53J3_123_4557/O2[14] (Eval_1_DP_OP_53J3_123_4557_J3_0)
                                                          0.00       1.83 r
  evalB/io_out_3[14] (Eval_1)                             0.00       1.83 r
  mult_x_4/b[14] (core4_a32_b16_c32_DW_mult_tc_J3_2)      0.00       1.83 r
  mult_x_4/U1012/ZN (CKND0BWP40P140)                      0.15       1.98 f
  mult_x_4/U1252/ZN (MAOI22D0BWP40P140)                   0.10       2.08 f
  mult_x_4/U1214/ZN (IND3D0BWP40P140HVT)                  0.32       2.41 f
  mult_x_4/U1323/ZN (OAI222D0BWP40P140)                   0.19       2.60 r
  mult_x_4/U1324/ZN (AOI21D0BWP40P140)                    0.04       2.64 f
  mult_x_4/U1060/ZN (MUX2ND0BWP40P140)                    0.05       2.70 r
  mult_x_4/U1394/CO (HA1D0BWP40P140)                      0.06       2.75 r
  mult_x_4/U1390/CO (FA1D0BWP40P140)                      0.07       2.82 r
  mult_x_4/U1387/CO (FA1D0BWP40P140)                      0.07       2.90 r
  mult_x_4/U1383/CO (FA1D0BWP40P140)                      0.07       2.97 r
  mult_x_4/U1380/CO (FA1D0BWP40P140)                      0.07       3.05 r
  mult_x_4/U1377/CO (FA1D0BWP40P140)                      0.07       3.12 r
  mult_x_4/U1373/CO (FA1D0BWP40P140)                      0.07       3.19 r
  mult_x_4/U1369/CO (FA1D0BWP40P140)                      0.07       3.27 r
  mult_x_4/U1367/CO (FA1D0BWP40P140)                      0.07       3.34 r
  mult_x_4/U1363/CO (FA1D0BWP40P140)                      0.07       3.42 r
  mult_x_4/U1359/CO (FA1D0BWP40P140)                      0.07       3.49 r
  mult_x_4/U1356/CO (FA1D0BWP40P140)                      0.07       3.57 r
  mult_x_4/U1353/CO (FA1D0BWP40P140)                      0.07       3.64 r
  mult_x_4/U1350/CO (FA1D0BWP40P140)                      0.07       3.71 r
  mult_x_4/U1347/CO (FA1D0BWP40P140)                      0.07       3.79 r
  mult_x_4/U1345/CO (FA1D0BWP40P140)                      0.07       3.86 r
  mult_x_4/U1341/CO (FA1D0BWP40P140)                      0.07       3.94 r
  mult_x_4/U1337/CO (FA1D0BWP40P140)                      0.07       4.01 r
  mult_x_4/U1782/S (FA1D0BWP40P140)                       0.11       4.13 f
  mult_x_4/U1786/S (FA1D0BWP40P140)                       0.13       4.26 r
  mult_x_4/U1787/CO (FA1D0BWP40P140)                      0.08       4.34 r
  mult_x_4/U1818/S (FA1D0BWP40P140)                       0.11       4.45 f
  mult_x_4/U1802/S (FA1D0BWP40P140)                       0.13       4.58 r
  mult_x_4/U1816/CO (FA1D0BWP40P140)                      0.08       4.66 r
  mult_x_4/U1013/Z (XOR4D0BWP40P140)                      0.10       4.76 r
  mult_x_4/U1054/Z (XOR2UD0BWP40P140)                     0.03       4.80 r
  mult_x_4/product[34] (core4_a32_b16_c32_DW_mult_tc_J3_2)
                                                          0.00       4.80 r
  s_w_3_reg_34_/D (DFKCNQD1BWP40P140)                     0.00       4.80 r
  data arrival time                                                  4.80

  clock clk (rise edge)                                   5.00       5.00
  clock network delay (ideal)                             0.00       5.00
  s_w_3_reg_34_/CP (DFKCNQD1BWP40P140)                    0.00       5.00 r
  library setup time                                     -0.05       4.95
  data required time                                                 4.95
  --------------------------------------------------------------------------
  data required time                                                 4.95
  data arrival time                                                 -4.80
  --------------------------------------------------------------------------
  slack (MET)                                                        0.15


  Startpoint: io_b_3[5] (input port clocked by clk)
  Endpoint: s_w_5_reg_34_
            (rising edge-triggered flip-flop clocked by clk)
  Path Group: clk
  Path Type: max

  Des/Clust/Port     Wire Load Model       Library
  ------------------------------------------------
  core4_a32_b16_c32  ZeroWireload          tcbn28hpcplusbwp40p140hvtssg0p81vm40c_ccs
  core4_a32_b16_c32_DW_mult_uns_J3_2
                     ZeroWireload          tcbn28hpcplusbwp40p140hvtssg0p81vm40c_ccs
  Eval_1_DP_OP_52J3_122_4926_J3_0
                     ZeroWireload          tcbn28hpcplusbwp40p140hvtssg0p81vm40c_ccs
  Eval_1_DP_OP_53J3_123_4557_J3_0
                     ZeroWireload          tcbn28hpcplusbwp40p140hvtssg0p81vm40c_ccs
  Eval_1_DP_OP_54J3_124_8477_J3_0
                     ZeroWireload          tcbn28hpcplusbwp40p140hvtssg0p81vm40c_ccs
  core4_a32_b16_c32_DW_mult_tc_J3_0
                     ZeroWireload          tcbn28hpcplusbwp40p140hvtssg0p81vm40c_ccs

  Point                                                   Incr       Path
  --------------------------------------------------------------------------
  clock clk (rise edge)                                   0.00       0.00
  clock network delay (ideal)                             0.00       0.00
  input external delay                                    0.50       0.50 f
  io_b_3[5] (in)                                          0.00       0.50 f
  evalB/io_in_3[5] (Eval_1)                               0.00       0.50 f
  evalB/U17/ZN (CKND0BWP40P140)                           0.01       0.51 r
  evalB/U31/ZN (CKND0BWP40P140)                           0.15       0.66 f
  evalB/DP_OP_54J3_124_8477/I3[5] (Eval_1_DP_OP_54J3_124_8477_J3_0)
                                                          0.00       0.66 f
  evalB/DP_OP_54J3_124_8477/U132/CO (FA1D0BWP40P140)      0.17       0.82 f
  evalB/DP_OP_54J3_124_8477/U130/CO (FA1D0BWP40P140)      0.07       0.90 f
  evalB/DP_OP_54J3_124_8477/U128/CO (FA1D0BWP40P140)      0.07       0.97 f
  evalB/DP_OP_54J3_124_8477/U126/S (FA1D0BWP40P140)       0.12       1.09 r
  evalB/DP_OP_54J3_124_8477/U165/ZN (CKND0BWP40P140)      0.03       1.13 f
  evalB/DP_OP_54J3_124_8477/U182/CO (FA1D0BWP40P140)      0.07       1.20 f
  evalB/DP_OP_54J3_124_8477/U181/CO (FA1D0BWP40P140)      0.07       1.27 f
  evalB/DP_OP_54J3_124_8477/U180/CO (FA1D0BWP40P140)      0.07       1.35 f
  evalB/DP_OP_54J3_124_8477/U179/CO (FA1D0BWP40P140)      0.07       1.42 f
  evalB/DP_OP_54J3_124_8477/U178/CO (FA1D0BWP40P140)      0.07       1.49 f
  evalB/DP_OP_54J3_124_8477/U177/CO (FA1D0BWP40P140)      0.07       1.56 f
  evalB/DP_OP_54J3_124_8477/U176/S (FA1D0BWP40P140)       0.19       1.75 r
  evalB/DP_OP_54J3_124_8477/O2[14] (Eval_1_DP_OP_54J3_124_8477_J3_0)
                                                          0.00       1.75 r
  evalB/io_out_5[14] (Eval_1)                             0.00       1.75 r
  mult_x_6/b[14] (core4_a32_b16_c32_DW_mult_tc_J3_0)      0.00       1.75 r
  mult_x_6/U1041/ZN (CKND0BWP40P140)                      0.15       1.91 f
  mult_x_6/U1244/ZN (MAOI22D0BWP40P140)                   0.10       2.01 f
  mult_x_6/U1042/ZN (IND3D0BWP40P140HVT)                  0.32       2.33 f
  mult_x_6/U1317/ZN (OAI222D0BWP40P140)                   0.19       2.52 r
  mult_x_6/U1318/ZN (AOI21D0BWP40P140)                    0.04       2.57 f
  mult_x_6/U1066/ZN (MUX2ND0BWP40P140)                    0.06       2.63 f
  mult_x_6/U1402/CO (HA1D0BWP40P140)                      0.05       2.68 f
  mult_x_6/U1398/S (FA1D0BWP40P140)                       0.12       2.80 r
  mult_x_6/U1492/CO (FA1D0BWP40P140)                      0.08       2.88 r
  mult_x_6/U1488/S (FA1D0BWP40P140)                       0.11       2.99 f
  mult_x_6/U1597/S (FA1D0BWP40P140)                       0.13       3.13 r
  mult_x_6/U1709/CO (FA1D0BWP40P140)                      0.08       3.21 r
  mult_x_6/U1705/CO (FA1D0BWP40P140)                      0.07       3.28 r
  mult_x_6/U1702/CO (FA1D0BWP40P140)                      0.07       3.35 r
  mult_x_6/U1699/CO (FA1D0BWP40P140)                      0.07       3.43 r
  mult_x_6/U1695/CO (FA1D0BWP40P140)                      0.07       3.50 r
  mult_x_6/U1692/CO (FA1D0BWP40P140)                      0.07       3.58 r
  mult_x_6/U1688/CO (FA1D0BWP40P140)                      0.07       3.65 r
  mult_x_6/U1684/CO (FA1D0BWP40P140)                      0.07       3.72 r
  mult_x_6/U1680/CO (FA1D0BWP40P140)                      0.07       3.80 r
  mult_x_6/U1677/CO (FA1D0BWP40P140)                      0.07       3.87 r
  mult_x_6/U1674/CO (FA1D0BWP40P140)                      0.07       3.95 r
  mult_x_6/U1670/CO (FA1D0BWP40P140)                      0.07       4.02 r
  mult_x_6/U1666/CO (FA1D0BWP40P140)                      0.07       4.09 r
  mult_x_6/U1662/CO (FA1D0BWP40P140)                      0.07       4.17 r
  mult_x_6/U1657/CO (FA1D0BWP40P140)                      0.07       4.24 r
  mult_x_6/U1653/CO (FA1D0BWP40P140)                      0.07       4.32 r
  mult_x_6/U1819/CO (FA1D0BWP40P140)                      0.07       4.39 r
  mult_x_6/U1832/S (FA1D0BWP40P140)                       0.11       4.50 f
  mult_x_6/U1848/CO (FA1D0BWP40P140)                      0.08       4.58 f
  mult_x_6/U1013/Z (XOR4D0BWP40P140)                      0.10       4.69 r
  mult_x_6/U1048/Z (XOR2UD0BWP40P140)                     0.03       4.72 r
  mult_x_6/product[34] (core4_a32_b16_c32_DW_mult_tc_J3_0)
                                                          0.00       4.72 r
  s_w_5_reg_34_/D (DFKCNQD1BWP40P140)                     0.00       4.72 r
  data arrival time                                                  4.72

  clock clk (rise edge)                                   5.00       5.00
  clock network delay (ideal)                             0.00       5.00
  s_w_5_reg_34_/CP (DFKCNQD1BWP40P140)                    0.00       5.00 r
  library setup time                                     -0.05       4.95
  data required time                                                 4.95
  --------------------------------------------------------------------------
  data required time                                                 4.95
  data arrival time                                                 -4.72
  --------------------------------------------------------------------------
  slack (MET)                                                        0.23


1
