 
****************************************
Report : area
Design : core16_a36_b8_c36
Version: O-2018.06-SP5
Date   : Tue May 12 18:32:53 2026
****************************************

Library(s) Used:

    tcbn28hpcplusbwp40p140lvtssg0p81vm40c_ccs (File: /export1/Library/TN28HPC+/STD_CELL_ext/track9_200824/TSMCHOME/digital/Front_End/timing_power_noise/CCS/tcbn28hpcplusbwp40p140lvt_180a/tcbn28hpcplusbwp40p140lvtssg0p81vm40c_ccs.db)
    tcbn28hpcplusbwp40p140ssg0p81vm40c_ccs (File: /export1/Library/TN28HPC+/STD_CELL_ext/track9_200824/TSMCHOME/digital/Front_End/timing_power_noise/CCS/tcbn28hpcplusbwp40p140_180a/tcbn28hpcplusbwp40p140ssg0p81vm40c_ccs.db)
    tcbn28hpcplusbwp40p140hvtssg0p81vm40c_ccs (File: /export1/Library/TN28HPC+/STD_CELL_ext/track9_200824/TSMCHOME/digital/Front_End/timing_power_noise/CCS/tcbn28hpcplusbwp40p140hvt_180a/tcbn28hpcplusbwp40p140hvtssg0p81vm40c_ccs.db)

Number of ports:                        43636
Number of nets:                        138103
Number of cells:                        69745
Number of combinational cells:          64310
Number of sequential cells:              4789
Number of macros/black boxes:               0
Number of buf/inv:                       7802
Number of references:                      21

Combinational area:              83988.322606
Buf/Inv area:                     2120.832016
Noncombinational area:            9647.442153
Macro/Black Box area:                0.000000
Net Interconnect area:      undefined  (Wire load has zero net area)

Total cell area:                 93635.764758
Total area:                 undefined

Hierarchical area distribution
------------------------------

                                  Global cell area            Local cell area
                                  -------------------  ----------------------------- 
Hierarchical cell                 Absolute    Percent  Combi-      Noncombi-  Black-
                                  Total       Total    national    national   boxes   Design
--------------------------------  ----------  -------  ----------  ---------  ------  -------------------------------------------------
core16_a36_b8_c36                 93635.7648    100.0      2.0160  2179.2960  0.0000  core16_a36_b8_c36
core4_0                            9450.7559     10.1      1.0080   588.0420  0.0000  core4_6
core4_0/evalA                       913.6260      1.0     27.7200     0.0000  0.0000  Eval_8_6
core4_0/evalA/DP_OP_54J12_128_8677   237.3840     0.3    237.3840     0.0000  0.0000  Eval_8_6_DP_OP_54J12_128_8677_J12_0
core4_0/evalA/DP_OP_55J12_129_6253   321.3000     0.3    321.3000     0.0000  0.0000  Eval_8_6_DP_OP_55J12_129_6253_J12_0
core4_0/evalA/DP_OP_56J12_130_5010   327.2220     0.3    327.2220     0.0000  0.0000  Eval_8_6_DP_OP_56J12_130_5010_J12_0
core4_0/evalB                       221.2560      0.2      6.8040     0.0000  0.0000  Eval_9_6
core4_0/evalB/DP_OP_54J12_131_5862    57.4560     0.1     57.4560     0.0000  0.0000  Eval_9_6_DP_OP_54J12_131_5862_J12_0
core4_0/evalB/DP_OP_55J12_132_2234    75.4740     0.1     75.4740     0.0000  0.0000  Eval_9_6_DP_OP_55J12_132_2234_J12_0
core4_0/evalB/DP_OP_56J12_133_2589    81.5220     0.1     81.5220     0.0000  0.0000  Eval_9_6_DP_OP_56J12_133_2589_J12_0
core4_0/interp                     3076.2900      3.3      0.7560   308.4480  0.0000  Interpolation_6
core4_0/interp/interp              2767.0860      3.0      0.2520     0.0000  0.0000  InterpolationComb_6
core4_0/interp/interp/DP_OP_106J11_122_5029  2766.8340     3.0  2766.8340    0.0000 0.0000 InterpolationComb_0_DP_OP_106J11_122_5029_J11_0_2
core4_0/mult_x_1                    476.2800      0.5    476.2800     0.0000  0.0000  core4_6_DW_mult_uns_J10_3
core4_0/mult_x_2                    777.6720      0.8    777.6720     0.0000  0.0000  core4_6_DW_mult_uns_J10_2
core4_0/mult_x_3                    621.8100      0.7    621.8100     0.0000  0.0000  core4_6_DW_mult_tc_J10_2
core4_0/mult_x_4                    691.1100      0.7    691.1100     0.0000  0.0000  core4_6_DW_mult_tc_J10_1
core4_0/mult_x_5                    778.6800      0.8    778.6800     0.0000  0.0000  core4_6_DW_mult_uns_J10_1
core4_0/mult_x_6                    828.7020      0.9    828.7020     0.0000  0.0000  core4_6_DW_mult_tc_J10_0
core4_0/mult_x_7                    476.2800      0.5    476.2800     0.0000  0.0000  core4_6_DW_mult_uns_J10_0
core4_1                           11335.2118     12.1      1.0080   587.4120  0.0000  core4_5
core4_1/evalA                       995.7780      1.1     31.5000     0.0000  0.0000  Eval_8_5
core4_1/evalA/DP_OP_53J12_122_4700   254.8980     0.3    254.8980     0.0000  0.0000  Eval_8_1_DP_OP_53J12_122_4700_J12_0_2
core4_1/evalA/DP_OP_54J12_123_9540   359.2260     0.4    359.2260     0.0000  0.0000  Eval_8_1_DP_OP_54J12_123_9540_J12_0_2
core4_1/evalA/DP_OP_55J12_124_2689   350.1540     0.4    350.1540     0.0000  0.0000  Eval_8_1_DP_OP_55J12_124_2689_J12_0_2
core4_1/evalB                       337.3020      0.4     10.3320     0.0000  0.0000  Eval_9_5
core4_1/evalB/DP_OP_54J13_125_6849    87.1920     0.1     87.1920     0.0000  0.0000  Eval_9_5_DP_OP_54J13_125_6849_J13_0
core4_1/evalB/DP_OP_55J13_126_8115   120.3300     0.1    120.3300     0.0000  0.0000  Eval_9_5_DP_OP_55J13_126_8115_J13_0
core4_1/evalB/DP_OP_56J13_127_6564   119.4480     0.1    119.4480     0.0000  0.0000  Eval_9_5_DP_OP_56J13_127_6564_J13_0
core4_1/interp                     3074.7780      3.3      0.7560   308.4480  0.0000  Interpolation_5
core4_1/interp/interp              2765.5740      3.0      0.2520     0.0000  0.0000  InterpolationComb_5
core4_1/interp/interp/DP_OP_106J11_122_5029  2765.3220     3.0  2765.3220    0.0000 0.0000 InterpolationComb_0_DP_OP_106J11_122_5029_J11_0_1
core4_1/mult_x_1                    777.6720      0.8    777.6720     0.0000  0.0000  core4_5_DW_mult_uns_J6_1
core4_1/mult_x_2                    948.5280      1.0    948.5280     0.0000  0.0000  core4_5_DW_mult_tc_J6_4
core4_1/mult_x_3                    914.7600      1.0    914.7600     0.0000  0.0000  core4_5_DW_mult_tc_J6_3
core4_1/mult_x_4                    968.4360      1.0    968.4360     0.0000  0.0000  core4_5_DW_mult_tc_J6_2
core4_1/mult_x_5                    976.3740      1.0    976.3740     0.0000  0.0000  core4_5_DW_mult_tc_J6_1
core4_1/mult_x_6                    975.8700      1.0    975.8700     0.0000  0.0000  core4_5_DW_mult_tc_J6_0
core4_1/mult_x_7                    777.2940      0.8    777.2940     0.0000  0.0000  core4_5_DW_mult_uns_J6_0
core4_2                           10355.1839     11.1      1.0080   587.5380  0.0000  core4_4
core4_2/evalA                       958.9860      1.0     29.2320     0.0000  0.0000  Eval_8_4
core4_2/evalA/DP_OP_54J13_122_6548   248.2200     0.3    248.2200     0.0000  0.0000  Eval_8_4_DP_OP_54J13_122_6548_J13_0
core4_2/evalA/DP_OP_55J13_123_3996   338.1840     0.4    338.1840     0.0000  0.0000  Eval_8_4_DP_OP_55J13_123_3996_J13_0
core4_2/evalA/DP_OP_56J13_124_1718   343.3500     0.4    343.3500     0.0000  0.0000  Eval_8_4_DP_OP_56J13_124_1718_J13_0
core4_2/evalB                       269.1360      0.3      7.9380     0.0000  0.0000  Eval_9_4
core4_2/evalB/DP_OP_54J14_126_4528    70.3080     0.1     70.3080     0.0000  0.0000  Eval_9_4_DP_OP_54J14_126_4528_J14_0
core4_2/evalB/DP_OP_55J14_127_4307    92.6100     0.1     92.6100     0.0000  0.0000  Eval_9_4_DP_OP_55J14_127_4307_J14_0
core4_2/evalB/DP_OP_56J14_128_942    98.2800      0.1     98.2800     0.0000  0.0000  Eval_9_4_DP_OP_56J14_128_942_J14_0
core4_2/interp                     3178.9800      3.4      0.7560   316.5120  0.0000  Interpolation_4
core4_2/interp/interp              2861.7120      3.1      0.2520     0.0000  0.0000  InterpolationComb_4
core4_2/interp/interp/DP_OP_106J14_122_8869  2861.4600     3.1  2861.4600    0.0000 0.0000 InterpolationComb_1_DP_OP_106J14_122_8869_J14_0_3
core4_2/mult_x_1                    610.9740      0.7    610.9740     0.0000  0.0000  core4_4_DW_mult_uns_J8_3
core4_2/mult_x_2                    854.2800      0.9    854.2800     0.0000  0.0000  core4_4_DW_mult_uns_J8_2
core4_2/mult_x_3                    765.9540      0.8    765.9540     0.0000  0.0000  core4_4_DW_mult_tc_J8_2
core4_2/mult_x_4                    732.3120      0.8    732.3120     0.0000  0.0000  core4_4_DW_mult_tc_J8_1
core4_2/mult_x_5                    912.1140      1.0    912.1140     0.0000  0.0000  core4_4_DW_mult_uns_J8_1
core4_2/mult_x_6                    872.9280      0.9    872.9280     0.0000  0.0000  core4_4_DW_mult_tc_J8_0
core4_2/mult_x_7                    610.9740      0.7    610.9740     0.0000  0.0000  core4_4_DW_mult_uns_J8_0
core4_3                           11349.9538     12.1      0.7560   587.4120  0.0000  core4_3
core4_3/evalA                      1004.2200      1.1     32.2560     0.0000  0.0000  Eval_8_3
core4_3/evalA/DP_OP_53J12_122_4700   254.7720     0.3    254.7720     0.0000  0.0000  Eval_8_1_DP_OP_53J12_122_4700_J12_0_1
core4_3/evalA/DP_OP_54J12_123_9540   365.2740     0.4    365.2740     0.0000  0.0000  Eval_8_1_DP_OP_54J12_123_9540_J12_0_1
core4_3/evalA/DP_OP_55J12_124_2689   351.9180     0.4    351.9180     0.0000  0.0000  Eval_8_1_DP_OP_55J12_124_2689_J12_0_1
core4_3/evalB                       384.3000      0.4     13.1040     0.0000  0.0000  Eval_9_3
core4_3/evalB/DP_OP_53J14_123_7322    94.1220     0.1     94.1220     0.0000  0.0000  Eval_9_1_DP_OP_53J14_123_7322_J14_0_1
core4_3/evalB/DP_OP_54J14_124_7247   145.1520     0.2    145.1520     0.0000  0.0000  Eval_9_1_DP_OP_54J14_124_7247_J14_0_1
core4_3/evalB/DP_OP_55J14_125_912   131.9220      0.1    131.9220     0.0000  0.0000  Eval_9_1_DP_OP_55J14_125_912_J14_0_1
core4_3/interp                     3178.9800      3.4      0.7560   316.5120  0.0000  Interpolation_3
core4_3/interp/interp              2861.7120      3.1      0.2520     0.0000  0.0000  InterpolationComb_3
core4_3/interp/interp/DP_OP_106J14_122_8869  2861.4600     3.1  2861.4600    0.0000 0.0000 InterpolationComb_1_DP_OP_106J14_122_8869_J14_0_2
core4_3/mult_x_1                    671.0760      0.7    671.0760     0.0000  0.0000  core4_1_DW_mult_tc_J5_6_1
core4_3/mult_x_2                    948.4020      1.0    948.4020     0.0000  0.0000  core4_1_DW_mult_tc_J5_5_1
core4_3/mult_x_3                    975.9960      1.0    975.9960     0.0000  0.0000  core4_1_DW_mult_tc_J5_4_1
core4_3/mult_x_4                    975.8700      1.0    975.8700     0.0000  0.0000  core4_1_DW_mult_tc_J5_3_1
core4_3/mult_x_5                    975.9960      1.0    975.9960     0.0000  0.0000  core4_1_DW_mult_tc_J5_2_1
core4_3/mult_x_6                    975.8700      1.0    975.8700     0.0000  0.0000  core4_1_DW_mult_tc_J5_1_1
core4_3/mult_x_7                    671.0760      0.7    671.0760     0.0000  0.0000  core4_1_DW_mult_tc_J5_0_1
core4_4                           11302.1998     12.1      1.0080   587.5380  0.0000  core4_2
core4_4/evalA                       998.1720      1.1     31.5000     0.0000  0.0000  Eval_8_2
core4_4/evalA/DP_OP_55J12_125_1150   253.8900     0.3    253.8900     0.0000  0.0000  Eval_8_2_DP_OP_55J12_125_1150_J12_0
core4_4/evalA/DP_OP_56J12_126_9613   361.7460     0.4    361.7460     0.0000  0.0000  Eval_8_2_DP_OP_56J12_126_9613_J12_0
core4_4/evalA/DP_OP_57J12_127_6858   351.0360     0.4    351.0360     0.0000  0.0000  Eval_8_2_DP_OP_57J12_127_6858_J12_0
core4_4/evalB                       338.9400      0.4     10.3320     0.0000  0.0000  Eval_9_2
core4_4/evalB/DP_OP_54J15_125_110    87.5700      0.1     87.5700     0.0000  0.0000  Eval_9_2_DP_OP_54J15_125_110_J15_0
core4_4/evalB/DP_OP_55J15_126_2141   117.6840     0.1    117.6840     0.0000  0.0000  Eval_9_2_DP_OP_55J15_126_2141_J15_0
core4_4/evalB/DP_OP_56J15_127_8780   123.3540     0.1    123.3540     0.0000  0.0000  Eval_9_2_DP_OP_56J15_127_8780_J15_0
core4_4/interp                     3178.9800      3.4      0.7560   316.5120  0.0000  Interpolation_2
core4_4/interp/interp              2861.7120      3.1      0.2520     0.0000  0.0000  InterpolationComb_2
core4_4/interp/interp/DP_OP_106J14_122_8869  2861.4600     3.1  2861.4600    0.0000 0.0000 InterpolationComb_1_DP_OP_106J14_122_8869_J14_0_1
core4_4/mult_x_1                    758.3940      0.8    758.3940     0.0000  0.0000  core4_2_DW_mult_uns_J7_1
core4_4/mult_x_2                    948.4020      1.0    948.4020     0.0000  0.0000  core4_2_DW_mult_tc_J7_4
core4_4/mult_x_3                    907.4520      1.0    907.4520     0.0000  0.0000  core4_2_DW_mult_tc_J7_3
core4_4/mult_x_4                    872.9280      0.9    872.9280     0.0000  0.0000  core4_2_DW_mult_tc_J7_2
core4_4/mult_x_5                    975.8700      1.0    975.8700     0.0000  0.0000  core4_2_DW_mult_tc_J7_1
core4_4/mult_x_6                    976.1220      1.0    976.1220     0.0000  0.0000  core4_2_DW_mult_tc_J7_0
core4_4/mult_x_7                    758.3940      0.8    758.3940     0.0000  0.0000  core4_2_DW_mult_uns_J7_0
core4_5                           11622.7438     12.4      0.7560   587.5380  0.0000  core4_1
core4_5/evalA                      1004.2200      1.1     32.2560     0.0000  0.0000  Eval_8_1
core4_5/evalA/DP_OP_53J12_122_4700   254.7720     0.3    254.7720     0.0000  0.0000  Eval_8_1_DP_OP_53J12_122_4700_J12_0_0
core4_5/evalA/DP_OP_54J12_123_9540   365.2740     0.4    365.2740     0.0000  0.0000  Eval_8_1_DP_OP_54J12_123_9540_J12_0_0
core4_5/evalA/DP_OP_55J12_124_2689   351.9180     0.4    351.9180     0.0000  0.0000  Eval_8_1_DP_OP_55J12_124_2689_J12_0_0
core4_5/evalB                       384.0480      0.4     13.3560     0.0000  0.0000  Eval_9_1
core4_5/evalB/DP_OP_53J14_123_7322    94.1220     0.1     94.1220     0.0000  0.0000  Eval_9_1_DP_OP_53J14_123_7322_J14_0_0
core4_5/evalB/DP_OP_54J14_124_7247   145.0260     0.2    145.0260     0.0000  0.0000  Eval_9_1_DP_OP_54J14_124_7247_J14_0_0
core4_5/evalB/DP_OP_55J14_125_912   131.5440      0.1    131.5440     0.0000  0.0000  Eval_9_1_DP_OP_55J14_125_912_J14_0_0
core4_5/interp                     3178.9800      3.4      0.7560   316.5120  0.0000  Interpolation_1
core4_5/interp/interp              2861.7120      3.1      0.2520     0.0000  0.0000  InterpolationComb_1
core4_5/interp/interp/DP_OP_106J14_122_8869  2861.4600     3.1  2861.4600    0.0000 0.0000 InterpolationComb_1_DP_OP_106J14_122_8869_J14_0_0
core4_5/mult_x_1                    807.5340      0.9    807.5340     0.0000  0.0000  core4_1_DW_mult_tc_J5_6_0
core4_5/mult_x_2                    948.5280      1.0    948.5280     0.0000  0.0000  core4_1_DW_mult_tc_J5_5_0
core4_5/mult_x_3                    975.8700      1.0    975.8700     0.0000  0.0000  core4_1_DW_mult_tc_J5_4_0
core4_5/mult_x_4                    975.8700      1.0    975.8700     0.0000  0.0000  core4_1_DW_mult_tc_J5_3_0
core4_5/mult_x_5                    975.9960      1.0    975.9960     0.0000  0.0000  core4_1_DW_mult_tc_J5_2_0
core4_5/mult_x_6                    975.8700      1.0    975.8700     0.0000  0.0000  core4_1_DW_mult_tc_J5_1_0
core4_5/mult_x_7                    807.5340      0.9    807.5340     0.0000  0.0000  core4_1_DW_mult_tc_J5_0_0
core4_6                            9448.1099     10.1      1.0080   588.0420  0.0000  core4_0
core4_6/evalA                       913.6260      1.0     27.7200     0.0000  0.0000  Eval_8_0
core4_6/evalA/DP_OP_54J15_122_485   237.3840      0.3    237.3840     0.0000  0.0000  Eval_8_0_DP_OP_54J15_122_485_J15_0
core4_6/evalA/DP_OP_55J15_123_3918   321.3000     0.3    321.3000     0.0000  0.0000  Eval_8_0_DP_OP_55J15_123_3918_J15_0
core4_6/evalA/DP_OP_56J15_124_7345   327.2220     0.3    327.2220     0.0000  0.0000  Eval_8_0_DP_OP_56J15_124_7345_J15_0
core4_6/evalB                       221.1300      0.2      6.8040     0.0000  0.0000  Eval_9_0
core4_6/evalB/DP_OP_54J13_128_9944    57.4560     0.1     57.4560     0.0000  0.0000  Eval_9_0_DP_OP_54J13_128_9944_J13_0
core4_6/evalB/DP_OP_55J13_129_3770    75.4740     0.1     75.4740     0.0000  0.0000  Eval_9_0_DP_OP_55J13_129_3770_J13_0
core4_6/evalB/DP_OP_56J13_130_1088    81.3960     0.1     81.3960     0.0000  0.0000  Eval_9_0_DP_OP_56J13_130_1088_J13_0
core4_6/interp                     3075.7860      3.3      0.7560   308.4480  0.0000  Interpolation_0
core4_6/interp/interp              2766.5820      3.0      0.2520     0.0000  0.0000  InterpolationComb_0
core4_6/interp/interp/DP_OP_106J11_122_5029  2766.3300     3.0  2766.3300    0.0000 0.0000 InterpolationComb_0_DP_OP_106J11_122_5029_J11_0_0
core4_6/mult_x_1                    476.2800      0.5    476.2800     0.0000  0.0000  core4_0_DW_mult_uns_J9_3
core4_6/mult_x_2                    777.6720      0.8    777.6720     0.0000  0.0000  core4_0_DW_mult_uns_J9_2
core4_6/mult_x_3                    620.5500      0.7    620.5500     0.0000  0.0000  core4_0_DW_mult_tc_J9_2
core4_6/mult_x_4                    690.4800      0.7    690.4800     0.0000  0.0000  core4_0_DW_mult_tc_J9_1
core4_6/mult_x_5                    778.5540      0.8    778.5540     0.0000  0.0000  core4_0_DW_mult_uns_J9_1
core4_6/mult_x_6                    828.7020      0.9    828.7020     0.0000  0.0000  core4_0_DW_mult_tc_J9_0
core4_6/mult_x_7                    476.2800      0.5    476.2800     0.0000  0.0000  core4_0_DW_mult_uns_J9_0
evalA                               913.6260      1.0     29.6100     0.0000  0.0000  Eval_4
evalA/DP_OP_52J11_123_8845          319.7880      0.3    319.7880     0.0000  0.0000  Eval_0_DP_OP_52J11_123_8845_J11_0_3
evalA/DP_OP_53J11_124_1745          326.8440      0.3    326.8440     0.0000  0.0000  Eval_0_DP_OP_53J11_124_1745_J11_0_3
evalA/DP_OP_54J11_125_3730          237.3840      0.3    237.3840     0.0000  0.0000  Eval_0_DP_OP_54J11_125_3730_J11_0_3
evalA_1                             913.5000      1.0     29.3580     0.0000  0.0000  Eval_3
evalA_1/DP_OP_52J11_123_8845        319.7880      0.3    319.7880     0.0000  0.0000  Eval_0_DP_OP_52J11_123_8845_J11_0_2
evalA_1/DP_OP_53J11_124_1745        326.9700      0.3    326.9700     0.0000  0.0000  Eval_0_DP_OP_53J11_124_1745_J11_0_2
evalA_1/DP_OP_54J11_125_3730        237.3840      0.3    237.3840     0.0000  0.0000  Eval_0_DP_OP_54J11_125_3730_J11_0_2
evalA_2                             913.5000      1.0     29.3580     0.0000  0.0000  Eval_2
evalA_2/DP_OP_52J11_123_8845        319.7880      0.3    319.7880     0.0000  0.0000  Eval_0_DP_OP_52J11_123_8845_J11_0_1
evalA_2/DP_OP_53J11_124_1745        326.9700      0.3    326.9700     0.0000  0.0000  Eval_0_DP_OP_53J11_124_1745_J11_0_1
evalA_2/DP_OP_54J11_125_3730        237.3840      0.3    237.3840     0.0000  0.0000  Eval_0_DP_OP_54J11_125_3730_J11_0_1
evalA_3                             913.6260      1.0     29.6100     0.0000  0.0000  Eval_0
evalA_3/DP_OP_52J11_123_8845        319.7880      0.3    319.7880     0.0000  0.0000  Eval_0_DP_OP_52J11_123_8845_J11_0_0
evalA_3/DP_OP_53J11_124_1745        326.8440      0.3    326.8440     0.0000  0.0000  Eval_0_DP_OP_53J11_124_1745_J11_0_0
evalA_3/DP_OP_54J11_125_3730        237.3840      0.3    237.3840     0.0000  0.0000  Eval_0_DP_OP_54J11_125_3730_J11_0_0
evalB                               221.7600      0.2     11.5920     0.0000  0.0000  Eval_1_3
evalB/DP_OP_52J15_128_102            57.4560      0.1     57.4560     0.0000  0.0000  Eval_1_0_DP_OP_52J15_128_102_J15_0_3
evalB/DP_OP_53J15_129_6763           72.8280      0.1     72.8280     0.0000  0.0000  Eval_1_0_DP_OP_53J15_129_6763_J15_0_3
evalB/DP_OP_54J15_130_2528           79.8840      0.1     79.8840     0.0000  0.0000  Eval_1_0_DP_OP_54J15_130_2528_J15_0_3
evalB_1                             220.7520      0.2     10.4580     0.0000  0.0000  Eval_1_2
evalB_1/DP_OP_52J15_128_102          57.4560      0.1     57.4560     0.0000  0.0000  Eval_1_0_DP_OP_52J15_128_102_J15_0_2
evalB_1/DP_OP_53J15_129_6763         72.8280      0.1     72.8280     0.0000  0.0000  Eval_1_0_DP_OP_53J15_129_6763_J15_0_2
evalB_1/DP_OP_54J15_130_2528         80.0100      0.1     80.0100     0.0000  0.0000  Eval_1_0_DP_OP_54J15_130_2528_J15_0_2
evalB_2                             220.7520      0.2     10.4580     0.0000  0.0000  Eval_1_1
evalB_2/DP_OP_52J15_128_102          57.4560      0.1     57.4560     0.0000  0.0000  Eval_1_0_DP_OP_52J15_128_102_J15_0_1
evalB_2/DP_OP_53J15_129_6763         72.8280      0.1     72.8280     0.0000  0.0000  Eval_1_0_DP_OP_53J15_129_6763_J15_0_1
evalB_2/DP_OP_54J15_130_2528         80.0100      0.1     80.0100     0.0000  0.0000  Eval_1_0_DP_OP_54J15_130_2528_J15_0_1
evalB_3                             226.0440      0.2     13.9860     0.0000  0.0000  Eval_1_0
evalB_3/DP_OP_52J15_128_102          57.4560      0.1     57.4560     0.0000  0.0000  Eval_1_0_DP_OP_52J15_128_102_J15_0_0
evalB_3/DP_OP_53J15_129_6763         74.7180      0.1     74.7180     0.0000  0.0000  Eval_1_0_DP_OP_53J15_129_6763_J15_0_0
evalB_3/DP_OP_54J15_130_2528         79.8840      0.1     79.8840     0.0000  0.0000  Eval_1_0_DP_OP_54J15_130_2528_J15_0_0
interp                            12046.7338     12.9      0.7560  1163.2320  0.0000  Interpolation_7
interp/interp                     10882.7458     11.6      0.2520     0.0000  0.0000  InterpolationComb_7
interp/interp/DP_OP_421J3_122_7810 10882.4938    11.6  10882.4938     0.0000  0.0000  InterpolationComb_7_DP_OP_421J3_122_7810_J3_0
--------------------------------  ----------  -------  ----------  ---------  ------  -------------------------------------------------
Total                                                  83988.3226  9647.4422  0.0000

1
