 
****************************************
Report : timing
        -path full
        -delay max
        -max_paths 3
Design : core64_a24_b12_c24
Version: O-2018.06-SP5
Date   : Tue May 12 21:24:05 2026
****************************************

 # A fanout number of 1000 was used for high fanout net computations.

Operating Conditions: ssg0p81vm40c   Library: tcbn28hpcplusbwp40p140hvtssg0p81vm40c_ccs
Wire Load Model Mode: segmented

  Startpoint: io_b_3[0] (input port clocked by clk)
  Endpoint: core16_1/core4_6/s_w_1_reg_31_
            (rising edge-triggered flip-flop clocked by clk)
  Path Group: clk
  Path Type: max

  Des/Clust/Port     Wire Load Model       Library
  ------------------------------------------------
  core64_a24_b12_c24 ZeroWireload          tcbn28hpcplusbwp40p140hvtssg0p81vm40c_ccs
  Eval_1_0_DP_OP_52J25_125_7082_J25_0_15
                     ZeroWireload          tcbn28hpcplusbwp40p140hvtssg0p81vm40c_ccs
  Eval_1_0_DP_OP_53J25_126_1358_J25_0_15
                     ZeroWireload          tcbn28hpcplusbwp40p140hvtssg0p81vm40c_ccs
  Eval_1_0_DP_OP_54J25_127_7047_J25_0_15
                     ZeroWireload          tcbn28hpcplusbwp40p140hvtssg0p81vm40c_ccs
  Eval_33_69_DP_OP_54J27_129_881_J27_0_3
                     ZeroWireload          tcbn28hpcplusbwp40p140hvtssg0p81vm40c_ccs
  Eval_33_69_DP_OP_55J27_130_7101_J27_0_3
                     ZeroWireload          tcbn28hpcplusbwp40p140hvtssg0p81vm40c_ccs
  Eval_33_69_DP_OP_56J27_131_7878_J27_0_3
                     ZeroWireload          tcbn28hpcplusbwp40p140hvtssg0p81vm40c_ccs
  core4_35_DW_mult_uns_J32_0_0
                     ZeroWireload          tcbn28hpcplusbwp40p140hvtssg0p81vm40c_ccs
  Eval_33_5_DP_OP_54J26_129_1057_J26_0_1
                     ZeroWireload          tcbn28hpcplusbwp40p140hvtssg0p81vm40c_ccs
  Eval_33_5_DP_OP_55J26_130_1772_J26_0_1
                     ZeroWireload          tcbn28hpcplusbwp40p140hvtssg0p81vm40c_ccs
  Eval_33_5_DP_OP_56J26_131_5228_J26_0_1
                     ZeroWireload          tcbn28hpcplusbwp40p140hvtssg0p81vm40c_ccs
  core4_35_DW_mult_uns_J32_2_0
                     ZeroWireload          tcbn28hpcplusbwp40p140hvtssg0p81vm40c_ccs

  Point                                                   Incr       Path
  --------------------------------------------------------------------------
  clock clk (rise edge)                                   0.00       0.00
  clock network delay (ideal)                             0.00       0.00
  input external delay                                    0.50       0.50 r
  io_b_3[0] (in)                                          0.00       0.50 r
  evalB/io_in_3[0] (Eval_1_15)                            0.00       0.50 r
  evalB/U6/ZN (INVD2BWP40P140LVT)                         0.00       0.50 f
  evalB/U3/ZN (INVD2BWP40P140LVT)                         0.01       0.52 r
  evalB/DP_OP_52J25_125_7082/I2[1] (Eval_1_0_DP_OP_52J25_125_7082_J25_0_15)
                                                          0.00       0.52 r
  evalB/DP_OP_52J25_125_7082/U86/CO (HA1D1BWP40P140)      0.04       0.55 r
  evalB/DP_OP_52J25_125_7082/U73/CO (FA1D1BWP40P140)      0.05       0.60 r
  evalB/DP_OP_52J25_125_7082/U71/CO (FA1D1BWP40P140)      0.05       0.65 r
  evalB/DP_OP_52J25_125_7082/U82/CO (FA1D0BWP40P140)      0.07       0.72 r
  evalB/DP_OP_52J25_125_7082/U83/CO (FA1D0BWP40P140)      0.07       0.79 r
  evalB/DP_OP_52J25_125_7082/U79/S (FA1D0BWP40P140)       0.11       0.91 f
  evalB/DP_OP_52J25_125_7082/U60/S (FA1D0BWP40P140)       0.12       1.03 r
  evalB/DP_OP_52J25_125_7082/U61/S (FA1D1BWP40P140)       0.09       1.12 f
  evalB/DP_OP_52J25_125_7082/O1[8] (Eval_1_0_DP_OP_52J25_125_7082_J25_0_15)
                                                          0.00       1.12 f
  evalB/io_out_1[8] (Eval_1_15)                           0.00       1.12 f
  core16_1/io_b_0[8] (core16_5)                           0.00       1.12 f
  core16_1/evalB/io_in_0[8] (Eval_33_72)                  0.00       1.12 f
  core16_1/evalB/U47/ZN (CKND0BWP40P140)                  0.02       1.14 r
  core16_1/evalB/U28/ZN (CKND0BWP40P140)                  0.05       1.19 f
  core16_1/evalB/io_out_6[8] (Eval_33_72)                 0.00       1.19 f
  core16_1/core4_6/io_b_0[8] (core4_35)                   0.00       1.19 f
  core16_1/core4_6/evalB/io_in_0[8] (Eval_33_35)          0.00       1.19 f
  core16_1/core4_6/evalB/U47/ZN (CKND0BWP40P140)          0.04       1.23 r
  core16_1/core4_6/evalB/U48/ZN (CKND0BWP40P140)          0.14       1.37 f
  core16_1/core4_6/evalB/DP_OP_54J26_129_1057/I4[8] (Eval_33_5_DP_OP_54J26_129_1057_J26_0_1)
                                                          0.00       1.37 f
  core16_1/core4_6/evalB/DP_OP_54J26_129_1057/U76/CO (FA1D1BWP40P140)
                                                          0.15       1.52 f
  core16_1/core4_6/evalB/DP_OP_54J26_129_1057/U103/CO (FA1D0BWP40P140)
                                                          0.07       1.59 f
  core16_1/core4_6/evalB/DP_OP_54J26_129_1057/U104/CO (FA1D0BWP40P140)
                                                          0.07       1.66 f
  core16_1/core4_6/evalB/DP_OP_54J26_129_1057/U118/CO (FA1D0BWP40P140)
                                                          0.07       1.73 f
  core16_1/core4_6/evalB/DP_OP_54J26_129_1057/U119/CO (FA1D0BWP40P140)
                                                          0.07       1.81 f
  core16_1/core4_6/evalB/DP_OP_54J26_129_1057/U120/CO (FA1D0BWP40P140)
                                                          0.07       1.88 f
  core16_1/core4_6/evalB/DP_OP_54J26_129_1057/U108/CO (FA1D0BWP40P140)
                                                          0.07       1.95 f
  core16_1/core4_6/evalB/DP_OP_54J26_129_1057/U102/CO (FA1D0BWP40P140)
                                                          0.07       2.02 f
  core16_1/core4_6/evalB/DP_OP_54J26_129_1057/U123/Z (AN2D0BWP40P140)
                                                          0.04       2.06 f
  core16_1/core4_6/evalB/DP_OP_54J26_129_1057/U122/S (FA1D0BWP40P140)
                                                          0.17       2.23 r
  core16_1/core4_6/evalB/DP_OP_54J26_129_1057/O1[17] (Eval_33_5_DP_OP_54J26_129_1057_J26_0_1)
                                                          0.00       2.23 r
  core16_1/core4_6/evalB/io_out_1[17] (Eval_33_35)        0.00       2.23 r
  core16_1/core4_6/mult_x_2/b[17] (core4_35_DW_mult_uns_J32_2_0)
                                                          0.00       2.23 r
  core16_1/core4_6/mult_x_2/U1160/ZN (CKND0BWP40P140)     0.12       2.35 f
  core16_1/core4_6/mult_x_2/U1261/ZN (MUX2ND0BWP40P140)
                                                          0.08       2.43 r
  core16_1/core4_6/mult_x_2/U1267/ZN (ND2D0BWP40P140HVT)
                                                          0.15       2.58 f
  core16_1/core4_6/mult_x_2/U1317/ZN (OAI222D0BWP40P140)
                                                          0.12       2.70 r
  core16_1/core4_6/mult_x_2/U1318/ZN (MUX2ND0BWP40P140)
                                                          0.07       2.77 r
  core16_1/core4_6/mult_x_2/U989/CO (HA1D0BWP40P140)      0.06       2.83 r
  core16_1/core4_6/mult_x_2/U979/CO (HA1D0BWP40P140)      0.05       2.88 r
  core16_1/core4_6/mult_x_2/U1371/S (FA1D1BWP40P140)      0.10       2.97 f
  core16_1/core4_6/mult_x_2/U1020/S (FA1D0BWP40P140)      0.13       3.10 r
  core16_1/core4_6/mult_x_2/U1034/S (FA1D0BWP40P140)      0.12       3.22 f
  core16_1/core4_6/mult_x_2/U1050/S (FA1D0BWP40P140)      0.13       3.35 r
  core16_1/core4_6/mult_x_2/U1084/CO (FA1D0BWP40P140)     0.08       3.43 r
  core16_1/core4_6/mult_x_2/U1709/CO (FA1D0BWP40P140)     0.07       3.51 r
  core16_1/core4_6/mult_x_2/U1087/CO (FA1D0BWP40P140)     0.07       3.58 r
  core16_1/core4_6/mult_x_2/U1688/CO (FA1D1BWP40P140)     0.06       3.64 r
  core16_1/core4_6/mult_x_2/U1089/CO (FA1D0BWP40P140)     0.07       3.70 r
  core16_1/core4_6/mult_x_2/U1682/CO (FA1D1BWP40P140)     0.06       3.76 r
  core16_1/core4_6/mult_x_2/U1092/CO (FA1D0BWP40P140)     0.07       3.83 r
  core16_1/core4_6/mult_x_2/U1695/CO (FA1D0BWP40P140)     0.07       3.90 r
  core16_1/core4_6/mult_x_2/U1095/S (FA1D0BWP40P140)      0.11       4.02 f
  core16_1/core4_6/mult_x_2/U1119/CO (FA1D0BWP40P140)     0.08       4.10 f
  core16_1/core4_6/mult_x_2/U1778/CO (FA1D1BWP40P140)     0.06       4.16 f
  core16_1/core4_6/mult_x_2/U1120/CO (FA1D0BWP40P140)     0.07       4.23 f
  core16_1/core4_6/mult_x_2/U1777/CO (FA1D1BWP40P140)     0.06       4.29 f
  core16_1/core4_6/mult_x_2/U1121/CO (FA1D0BWP40P140)     0.07       4.35 f
  core16_1/core4_6/mult_x_2/U1754/Z (XOR4D1BWP40P140)     0.09       4.44 r
  core16_1/core4_6/mult_x_2/U1030/ZN (XNR2UD0BWP40P140)
                                                          0.03       4.48 r
  core16_1/core4_6/mult_x_2/U1029/ZN (OAI21D0BWP40P140HVT)
                                                          0.05       4.53 f
  core16_1/core4_6/mult_x_2/U1028/ZN (OAI31D0BWP40P140LVT)
                                                          0.03       4.56 r
  core16_1/core4_6/mult_x_2/U981/Z (XOR4D1BWP40P140)      0.11       4.67 f
  core16_1/core4_6/mult_x_2/U1057/Z (XOR4D0BWP40P140)     0.09       4.76 r
  core16_1/core4_6/mult_x_2/U978/ZN (OAI21D0BWP40P140HVT)
                                                          0.04       4.81 f
  core16_1/core4_6/mult_x_2/U1156/ZN (OAI31D0BWP40P140LVT)
                                                          0.03       4.84 r
  core16_1/core4_6/mult_x_2/U1007/Z (XOR2UD0BWP40P140)
                                                          0.04       4.88 r
  core16_1/core4_6/mult_x_2/U977/ZN (OAI21D0BWP40P140HVT)
                                                          0.06       4.94 f
  core16_1/core4_6/mult_x_2/U1122/ZN (OAI31D0BWP40P140LVT)
                                                          0.03       4.96 r
  core16_1/core4_6/mult_x_2/product[31] (core4_35_DW_mult_uns_J32_2_0)
                                                          0.00       4.96 r
  core16_1/core4_6/s_w_1_reg_31_/D (DFQD1BWP40P140)       0.00       4.96 r
  data arrival time                                                  4.96

  clock clk (rise edge)                                   5.00       5.00
  clock network delay (ideal)                             0.00       5.00
  core16_1/core4_6/s_w_1_reg_31_/CP (DFQD1BWP40P140)      0.00       5.00 r
  library setup time                                     -0.04       4.96
  data required time                                                 4.96
  --------------------------------------------------------------------------
  data required time                                                 4.96
  data arrival time                                                 -4.96
  --------------------------------------------------------------------------
  slack (MET)                                                        0.00


  Startpoint: io_b_51[2] (input port clocked by clk)
  Endpoint: core16_5/core4_3/s_w_5_reg_32_
            (rising edge-triggered flip-flop clocked by clk)
  Path Group: clk
  Path Type: max

  Des/Clust/Port     Wire Load Model       Library
  ------------------------------------------------
  core64_a24_b12_c24 ZeroWireload          tcbn28hpcplusbwp40p140hvtssg0p81vm40c_ccs
  Eval_1_0_DP_OP_52J25_125_7082_J25_0_3
                     ZeroWireload          tcbn28hpcplusbwp40p140hvtssg0p81vm40c_ccs
  Eval_1_0_DP_OP_53J25_126_1358_J25_0_3
                     ZeroWireload          tcbn28hpcplusbwp40p140hvtssg0p81vm40c_ccs
  Eval_1_0_DP_OP_54J25_127_7047_J25_0_3
                     ZeroWireload          tcbn28hpcplusbwp40p140hvtssg0p81vm40c_ccs
  Eval_33_1_DP_OP_53J23_122_5226_J23_0_29
                     ZeroWireload          tcbn28hpcplusbwp40p140hvtssg0p81vm40c_ccs
  Eval_33_1_DP_OP_54J23_123_7613_J23_0_29
                     ZeroWireload          tcbn28hpcplusbwp40p140hvtssg0p81vm40c_ccs
  Eval_33_1_DP_OP_55J23_124_8730_J23_0_29
                     ZeroWireload          tcbn28hpcplusbwp40p140hvtssg0p81vm40c_ccs
  Eval_33_1_DP_OP_53J23_122_5226_J23_0_3
                     ZeroWireload          tcbn28hpcplusbwp40p140hvtssg0p81vm40c_ccs
  Eval_33_1_DP_OP_54J23_123_7613_J23_0_3
                     ZeroWireload          tcbn28hpcplusbwp40p140hvtssg0p81vm40c_ccs
  Eval_33_1_DP_OP_55J23_124_8730_J23_0_3
                     ZeroWireload          tcbn28hpcplusbwp40p140hvtssg0p81vm40c_ccs
  core4_1_DW_mult_tc_J20_6_5
                     ZeroWireload          tcbn28hpcplusbwp40p140hvtssg0p81vm40c_ccs
  Eval_33_1_DP_OP_53J23_122_5226_J23_0_6
                     ZeroWireload          tcbn28hpcplusbwp40p140hvtssg0p81vm40c_ccs
  Eval_33_1_DP_OP_54J23_123_7613_J23_0_6
                     ZeroWireload          tcbn28hpcplusbwp40p140hvtssg0p81vm40c_ccs
  Eval_33_1_DP_OP_55J23_124_8730_J23_0_6
                     ZeroWireload          tcbn28hpcplusbwp40p140hvtssg0p81vm40c_ccs
  core4_1_DW_mult_tc_J20_1_5
                     ZeroWireload          tcbn28hpcplusbwp40p140hvtssg0p81vm40c_ccs

  Point                                                   Incr       Path
  --------------------------------------------------------------------------
  clock clk (rise edge)                                   0.00       0.00
  clock network delay (ideal)                             0.00       0.00
  input external delay                                    0.50       0.50 r
  io_b_51[2] (in)                                         0.00       0.50 r
  evalB_12/io_in_3[2] (Eval_1_3)                          0.00       0.50 r
  evalB_12/U6/ZN (INVD2BWP40P140LVT)                      0.01       0.51 f
  evalB_12/U2/ZN (INVD4BWP40P140LVT)                      0.01       0.52 r
  evalB_12/DP_OP_54J25_127_7047/I3[2] (Eval_1_0_DP_OP_54J25_127_7047_J25_0_3)
                                                          0.00       0.52 r
  evalB_12/DP_OP_54J25_127_7047/U86/CO (HA1D0BWP40P140)
                                                          0.04       0.56 r
  evalB_12/DP_OP_54J25_127_7047/U124/CO (FA1D1BWP40P140LVT)
                                                          0.04       0.60 r
  evalB_12/DP_OP_54J25_127_7047/U83/CO (FA1D1BWP40P140LVT)
                                                          0.04       0.64 r
  evalB_12/DP_OP_54J25_127_7047/U77/CO (FA1D1BWP40P140)
                                                          0.05       0.69 r
  evalB_12/DP_OP_54J25_127_7047/U94/S (FA1D0BWP40P140)
                                                          0.11       0.80 f
  evalB_12/DP_OP_54J25_127_7047/U132/ZN (CKND0BWP40P140)
                                                          0.04       0.83 r
  evalB_12/DP_OP_54J25_127_7047/U131/CO (FA1D0BWP40P140)
                                                          0.07       0.91 r
  evalB_12/DP_OP_54J25_127_7047/U138/S (FA1D0BWP40P140)
                                                          0.10       1.01 f
  evalB_12/DP_OP_54J25_127_7047/O2[7] (Eval_1_0_DP_OP_54J25_127_7047_J25_0_3)
                                                          0.00       1.01 f
  evalB_12/io_out_5[7] (Eval_1_3)                         0.00       1.01 f
  core16_5/io_b_12[7] (core16_1)                          0.00       1.01 f
  core16_5/evalB_3/io_in_0[7] (Eval_33_53)                0.00       1.01 f
  core16_5/evalB_3/U43/ZN (CKND0BWP40P140)                0.02       1.03 r
  core16_5/evalB_3/U42/ZN (CKND0BWP40P140)                0.08       1.11 f
  core16_5/evalB_3/DP_OP_54J23_123_7613/I1[7] (Eval_33_1_DP_OP_54J23_123_7613_J23_0_29)
                                                          0.00       1.11 f
  core16_5/evalB_3/DP_OP_54J23_123_7613/U213/S (FA1D0BWP40P140)
                                                          0.18       1.30 r
  core16_5/evalB_3/DP_OP_54J23_123_7613/U232/CO (FA1D0BWP40P140)
                                                          0.09       1.38 r
  core16_5/evalB_3/DP_OP_54J23_123_7613/U194/CO (FA1D0BWP40P140)
                                                          0.07       1.46 r
  core16_5/evalB_3/DP_OP_54J23_123_7613/U146/CO (FA1D0BWP40P140)
                                                          0.07       1.53 r
  core16_5/evalB_3/DP_OP_54J23_123_7613/U192/CO (FA1D0BWP40P140)
                                                          0.07       1.60 r
  core16_5/evalB_3/DP_OP_54J23_123_7613/U145/CO (FA1D0BWP40P140)
                                                          0.07       1.68 r
  core16_5/evalB_3/DP_OP_54J23_123_7613/U201/CO (FA1D0BWP40P140)
                                                          0.07       1.75 r
  core16_5/evalB_3/DP_OP_54J23_123_7613/U236/S (FA1D0BWP40P140)
                                                          0.10       1.86 f
  core16_5/evalB_3/DP_OP_54J23_123_7613/O2[13] (Eval_33_1_DP_OP_54J23_123_7613_J23_0_29)
                                                          0.00       1.86 f
  core16_5/evalB_3/io_out_3[13] (Eval_33_53)              0.00       1.86 f
  core16_5/core4_3/io_b_3[13] (core4_10)                  0.00       1.86 f
  core16_5/core4_3/evalB/io_in_3[13] (Eval_33_10)         0.00       1.86 f
  core16_5/core4_3/evalB/U22/ZN (CKND0BWP40P140)          0.02       1.87 r
  core16_5/core4_3/evalB/U35/ZN (CKND0BWP40P140)          0.11       1.99 f
  core16_5/core4_3/evalB/DP_OP_55J23_124_8730/I3[13] (Eval_33_1_DP_OP_55J23_124_8730_J23_0_6)
                                                          0.00       1.99 f
  core16_5/core4_3/evalB/DP_OP_55J23_124_8730/U200/S (FA1D0BWP40P140)
                                                          0.19       2.18 r
  core16_5/core4_3/evalB/DP_OP_55J23_124_8730/U219/ZN (CKND0BWP40P140)
                                                          0.03       2.21 f
  core16_5/core4_3/evalB/DP_OP_55J23_124_8730/U218/S (FA1D0BWP40P140)
                                                          0.19       2.40 r
  core16_5/core4_3/evalB/DP_OP_55J23_124_8730/O2[13] (Eval_33_1_DP_OP_55J23_124_8730_J23_0_6)
                                                          0.00       2.40 r
  core16_5/core4_3/evalB/io_out_5[13] (Eval_33_10)        0.00       2.40 r
  core16_5/core4_3/mult_x_6/b[13] (core4_1_DW_mult_tc_J20_1_5)
                                                          0.00       2.40 r
  core16_5/core4_3/mult_x_6/U1296/ZN (CKND0BWP40P140)     0.14       2.54 f
  core16_5/core4_3/mult_x_6/U1219/ZN (AOI22D0BWP40P140)
                                                          0.24       2.78 r
  core16_5/core4_3/mult_x_6/U1013/ZN (AOI221D0BWP40P140)
                                                          0.16       2.94 f
  core16_5/core4_3/mult_x_6/U1722/Z (AO22D0BWP40P140)     0.13       3.07 f
  core16_5/core4_3/mult_x_6/U1103/S (FA1D0BWP40P140)      0.12       3.19 r
  core16_5/core4_3/mult_x_6/U1181/S (FA1D0BWP40P140)      0.12       3.30 f
  core16_5/core4_3/mult_x_6/U1240/S (FA1D0BWP40P140)      0.12       3.43 r
  core16_5/core4_3/mult_x_6/U1274/CO (FA1D0BWP40P140)     0.08       3.50 r
  core16_5/core4_3/mult_x_6/U1275/CO (FA1D0BWP40P140)     0.07       3.58 r
  core16_5/core4_3/mult_x_6/U1276/CO (FA1D0BWP40P140)     0.07       3.65 r
  core16_5/core4_3/mult_x_6/U1277/CO (FA1D0BWP40P140)     0.07       3.72 r
  core16_5/core4_3/mult_x_6/U1261/CO (FA1D0BWP40P140)     0.07       3.80 r
  core16_5/core4_3/mult_x_6/U1278/CO (FA1D0BWP40P140)     0.07       3.87 r
  core16_5/core4_3/mult_x_6/U1279/CO (FA1D0BWP40P140)     0.07       3.95 r
  core16_5/core4_3/mult_x_6/U1280/CO (FA1D0BWP40P140)     0.07       4.02 r
  core16_5/core4_3/mult_x_6/U1281/CO (FA1D0BWP40P140)     0.07       4.09 r
  core16_5/core4_3/mult_x_6/U1282/CO (FA1D0BWP40P140)     0.07       4.17 r
  core16_5/core4_3/mult_x_6/U1283/CO (FA1D0BWP40P140)     0.07       4.24 r
  core16_5/core4_3/mult_x_6/U1284/CO (FA1D0BWP40P140)     0.07       4.32 r
  core16_5/core4_3/mult_x_6/U1285/CO (FA1D0BWP40P140)     0.07       4.39 r
  core16_5/core4_3/mult_x_6/U1286/CO (FA1D0BWP40P140)     0.07       4.46 r
  core16_5/core4_3/mult_x_6/U1287/CO (FA1D0BWP40P140)     0.07       4.54 r
  core16_5/core4_3/mult_x_6/U1288/CO (FA1D0BWP40P140)     0.07       4.61 r
  core16_5/core4_3/mult_x_6/U1289/CO (FA1D0BWP40P140)     0.07       4.68 r
  core16_5/core4_3/mult_x_6/U1227/ZN (XNR4D1BWP40P140)
                                                          0.09       4.78 r
  core16_5/core4_3/mult_x_6/U1016/Z (XOR4D1BWP40P140)     0.10       4.88 f
  core16_5/core4_3/mult_x_6/U1015/Z (XOR4D1BWP40P140)     0.08       4.97 r
  core16_5/core4_3/mult_x_6/product[32] (core4_1_DW_mult_tc_J20_1_5)
                                                          0.00       4.97 r
  core16_5/core4_3/s_w_5_reg_32_/D (DFQD1BWP40P140)       0.00       4.97 r
  data arrival time                                                  4.97

  clock clk (rise edge)                                   5.00       5.00
  clock network delay (ideal)                             0.00       5.00
  core16_5/core4_3/s_w_5_reg_32_/CP (DFQD1BWP40P140)      0.00       5.00 r
  library setup time                                     -0.03       4.97
  data required time                                                 4.97
  --------------------------------------------------------------------------
  data required time                                                 4.97
  data arrival time                                                 -4.97
  --------------------------------------------------------------------------
  slack (MET)                                                        0.00


  Startpoint: io_b_9[0] (input port clocked by clk)
  Endpoint: core16_5/core4_1/s_w_2_reg_32_
            (rising edge-triggered flip-flop clocked by clk)
  Path Group: clk
  Path Type: max

  Des/Clust/Port     Wire Load Model       Library
  ------------------------------------------------
  Eval_1_0_DP_OP_54J25_127_7047_J25_0_13
                     ZeroWireload          tcbn28hpcplusbwp40p140hvtssg0p81vm40c_ccs
  Eval_1_0_DP_OP_53J25_126_1358_J25_0_13
                     ZeroWireload          tcbn28hpcplusbwp40p140hvtssg0p81vm40c_ccs
  Eval_1_0_DP_OP_52J25_125_7082_J25_0_13
                     ZeroWireload          tcbn28hpcplusbwp40p140hvtssg0p81vm40c_ccs
  core64_a24_b12_c24 ZeroWireload          tcbn28hpcplusbwp40p140hvtssg0p81vm40c_ccs
  Eval_33_1_DP_OP_55J23_124_8730_J23_0_32
                     ZeroWireload          tcbn28hpcplusbwp40p140hvtssg0p81vm40c_ccs
  Eval_33_1_DP_OP_54J23_123_7613_J23_0_32
                     ZeroWireload          tcbn28hpcplusbwp40p140hvtssg0p81vm40c_ccs
  Eval_33_1_DP_OP_53J23_122_5226_J23_0_32
                     ZeroWireload          tcbn28hpcplusbwp40p140hvtssg0p81vm40c_ccs
  core4_7_DW_mult_tc_J21_0_1
                     ZeroWireload          tcbn28hpcplusbwp40p140hvtssg0p81vm40c_ccs
  Eval_33_1_DP_OP_53J23_122_5226_J23_0_8
                     ZeroWireload          tcbn28hpcplusbwp40p140hvtssg0p81vm40c_ccs
  Eval_33_1_DP_OP_54J23_123_7613_J23_0_8
                     ZeroWireload          tcbn28hpcplusbwp40p140hvtssg0p81vm40c_ccs
  Eval_33_1_DP_OP_55J23_124_8730_J23_0_8
                     ZeroWireload          tcbn28hpcplusbwp40p140hvtssg0p81vm40c_ccs
  core4_7_DW_mult_tc_J21_4_1
                     ZeroWireload          tcbn28hpcplusbwp40p140hvtssg0p81vm40c_ccs

  Point                                                   Incr       Path
  --------------------------------------------------------------------------
  clock clk (rise edge)                                   0.00       0.00
  clock network delay (ideal)                             0.00       0.00
  input external delay                                    0.50       0.50 f
  io_b_9[0] (in)                                          0.00       0.50 f
  evalB_2/io_in_1[0] (Eval_1_13)                          0.00       0.50 f
  evalB_2/DP_OP_54J25_127_7047/I4[2] (Eval_1_0_DP_OP_54J25_127_7047_J25_0_13)
                                                          0.00       0.50 f
  evalB_2/DP_OP_54J25_127_7047/U141/S (HA1D0BWP40P140)
                                                          0.05       0.55 r
  evalB_2/DP_OP_54J25_127_7047/U142/ZN (CKND0BWP40P140)
                                                          0.03       0.58 f
  evalB_2/DP_OP_54J25_127_7047/U118/S (FA1D1BWP40P140)
                                                          0.13       0.71 r
  evalB_2/DP_OP_54J25_127_7047/O2[2] (Eval_1_0_DP_OP_54J25_127_7047_J25_0_13)
                                                          0.00       0.71 r
  evalB_2/io_out_5[2] (Eval_1_13)                         0.00       0.71 r
  core16_5/io_b_2[2] (core16_1)                           0.00       0.71 r
  core16_5/evalB/io_in_2[2] (Eval_33_56)                  0.00       0.71 r
  core16_5/evalB/DP_OP_53J23_122_5226/I1[2] (Eval_33_1_DP_OP_53J23_122_5226_J23_0_32)
                                                          0.00       0.71 r
  core16_5/evalB/DP_OP_53J23_122_5226/U103/S (FA1D0BWP40P140)
                                                          0.11       0.83 f
  core16_5/evalB/DP_OP_53J23_122_5226/U123/S (FA1D0BWP40P140)
                                                          0.12       0.95 r
  core16_5/evalB/DP_OP_53J23_122_5226/U85/CO (FA1D0BWP40P140)
                                                          0.08       1.03 r
  core16_5/evalB/DP_OP_53J23_122_5226/U86/S (FA1D1BWP40P140)
                                                          0.10       1.12 f
  core16_5/evalB/DP_OP_53J23_122_5226/O1[5] (Eval_33_1_DP_OP_53J23_122_5226_J23_0_32)
                                                          0.00       1.12 f
  core16_5/evalB/io_out_1[5] (Eval_33_56)                 0.00       1.12 f
  core16_5/core4_1/io_b_0[5] (core4_12)                   0.00       1.12 f
  core16_5/core4_1/evalB/io_in_0[5] (Eval_33_12)          0.00       1.12 f
  core16_5/core4_1/evalB/U7/ZN (CKND0BWP40P140)           0.02       1.14 r
  core16_5/core4_1/evalB/U31/ZN (CKND0BWP40P140)          0.14       1.27 f
  core16_5/core4_1/evalB/DP_OP_54J23_123_7613/I1[5] (Eval_33_1_DP_OP_54J23_123_7613_J23_0_8)
                                                          0.00       1.27 f
  core16_5/core4_1/evalB/DP_OP_54J23_123_7613/U137/S (FA1D0BWP40P140)
                                                          0.22       1.50 r
  core16_5/core4_1/evalB/DP_OP_54J23_123_7613/U248/S (FA1D0BWP40P140)
                                                          0.19       1.69 r
  core16_5/core4_1/evalB/DP_OP_54J23_123_7613/O1[5] (Eval_33_1_DP_OP_54J23_123_7613_J23_0_8)
                                                          0.00       1.69 r
  core16_5/core4_1/evalB/io_out_2[5] (Eval_33_12)         0.00       1.69 r
  core16_5/core4_1/mult_x_3/b[5] (core4_7_DW_mult_tc_J21_4_1)
                                                          0.00       1.69 r
  core16_5/core4_1/mult_x_3/U1293/ZN (CKND0BWP40P140)     0.18       1.87 f
  core16_5/core4_1/mult_x_3/U1413/ZN (AOI22D0BWP40P140)
                                                          0.13       2.00 r
  core16_5/core4_1/mult_x_3/U1096/ZN (CKND0BWP40P140)     0.13       2.14 f
  core16_5/core4_1/mult_x_3/U1415/ZN (AOI221D0BWP40P140)
                                                          0.29       2.43 r
  core16_5/core4_1/mult_x_3/U1816/Z (AO22D0BWP40P140)     0.13       2.56 r
  core16_5/core4_1/mult_x_3/U1179/S (FA1D0BWP40P140)      0.11       2.67 f
  core16_5/core4_1/mult_x_3/U1031/S (FA1D0BWP40P140)      0.12       2.79 r
  core16_5/core4_1/mult_x_3/U1400/CO (FA1D0BWP40P140)     0.08       2.86 r
  core16_5/core4_1/mult_x_3/U1264/CO (FA1D0BWP40P140)     0.07       2.94 r
  core16_5/core4_1/mult_x_3/U1265/CO (FA1D0BWP40P140)     0.07       3.01 r
  core16_5/core4_1/mult_x_3/U1266/CO (FA1D0BWP40P140)     0.07       3.08 r
  core16_5/core4_1/mult_x_3/U1267/CO (FA1D0BWP40P140)     0.07       3.16 r
  core16_5/core4_1/mult_x_3/U1268/CO (FA1D0BWP40P140)     0.07       3.23 r
  core16_5/core4_1/mult_x_3/U1269/CO (FA1D0BWP40P140)     0.07       3.31 r
  core16_5/core4_1/mult_x_3/U1270/CO (FA1D0BWP40P140)     0.07       3.38 r
  core16_5/core4_1/mult_x_3/U1271/CO (FA1D0BWP40P140)     0.07       3.45 r
  core16_5/core4_1/mult_x_3/U1272/CO (FA1D0BWP40P140)     0.07       3.53 r
  core16_5/core4_1/mult_x_3/U1259/CO (FA1D0BWP40P140)     0.07       3.60 r
  core16_5/core4_1/mult_x_3/U1273/CO (FA1D0BWP40P140)     0.07       3.68 r
  core16_5/core4_1/mult_x_3/U1274/CO (FA1D0BWP40P140)     0.07       3.75 r
  core16_5/core4_1/mult_x_3/U1275/CO (FA1D0BWP40P140)     0.07       3.82 r
  core16_5/core4_1/mult_x_3/U1276/CO (FA1D0BWP40P140)     0.07       3.90 r
  core16_5/core4_1/mult_x_3/U1277/CO (FA1D0BWP40P140)     0.07       3.97 r
  core16_5/core4_1/mult_x_3/U1278/CO (FA1D0BWP40P140)     0.07       4.05 r
  core16_5/core4_1/mult_x_3/U1279/CO (FA1D0BWP40P140)     0.07       4.12 r
  core16_5/core4_1/mult_x_3/U1280/CO (FA1D0BWP40P140)     0.07       4.19 r
  core16_5/core4_1/mult_x_3/U1337/CO (FA1D0BWP40P140)     0.07       4.27 r
  core16_5/core4_1/mult_x_3/U1281/CO (FA1D0BWP40P140)     0.07       4.34 r
  core16_5/core4_1/mult_x_3/U1282/CO (FA1D0BWP40P140)     0.07       4.42 r
  core16_5/core4_1/mult_x_3/U1283/CO (FA1D0BWP40P140)     0.07       4.49 r
  core16_5/core4_1/mult_x_3/U1284/CO (FA1D0BWP40P140)     0.07       4.57 r
  core16_5/core4_1/mult_x_3/U1285/CO (FA1D0BWP40P140)     0.07       4.64 r
  core16_5/core4_1/mult_x_3/U1008/ZN (XNR4D0BWP40P140)
                                                          0.10       4.73 r
  core16_5/core4_1/mult_x_3/U1030/Z (XOR4D0BWP40P140)     0.13       4.86 f
  core16_5/core4_1/mult_x_3/U1013/Z (XOR4D0BWP40P140)     0.10       4.96 r
  core16_5/core4_1/mult_x_3/product[32] (core4_7_DW_mult_tc_J21_4_1)
                                                          0.00       4.96 r
  core16_5/core4_1/s_w_2_reg_32_/D (DFKCNQD1BWP40P140)
                                                          0.00       4.96 r
  data arrival time                                                  4.96

  clock clk (rise edge)                                   5.00       5.00
  clock network delay (ideal)                             0.00       5.00
  core16_5/core4_1/s_w_2_reg_32_/CP (DFKCNQD1BWP40P140)
                                                          0.00       5.00 r
  library setup time                                     -0.04       4.96
  data required time                                                 4.96
  --------------------------------------------------------------------------
  data required time                                                 4.96
  data arrival time                                                 -4.96
  --------------------------------------------------------------------------
  slack (MET)                                                        0.00


1
