 
****************************************
Report : timing
        -path full
        -delay max
        -nets
        -max_paths 1
        -transition_time
Design : core16_a36_b10_c36
Version: O-2018.06-SP5
Date   : Tue May 12 17:17:08 2026
****************************************

 # A fanout number of 1000 was used for high fanout net computations.

Operating Conditions: ssg0p81vm40c   Library: tcbn28hpcplusbwp40p140hvtssg0p81vm40c_ccs
Wire Load Model Mode: segmented

  Startpoint: io_b_10[1] (input port clocked by clk)
  Endpoint: core4_1/s_w_1_reg_40_
            (rising edge-triggered flip-flop clocked by clk)
  Path Group: clk
  Path Type: max

  Des/Clust/Port     Wire Load Model       Library
  ------------------------------------------------
  Eval_1_0_DP_OP_54J15_130_5286_J15_0_1 ZeroWireload tcbn28hpcplusbwp40p140hvtssg0p81vm40c_ccs
  Eval_1_0_DP_OP_53J15_129_8511_J15_0_1 ZeroWireload tcbn28hpcplusbwp40p140hvtssg0p81vm40c_ccs
  Eval_1_0_DP_OP_52J15_128_4583_J15_0_1 ZeroWireload tcbn28hpcplusbwp40p140hvtssg0p81vm40c_ccs
  core16_a36_b10_c36 ZeroWireload          tcbn28hpcplusbwp40p140hvtssg0p81vm40c_ccs
  Eval_9_5_DP_OP_56J11_127_4421_J11_0 ZeroWireload tcbn28hpcplusbwp40p140hvtssg0p81vm40c_ccs
  Eval_9_5_DP_OP_55J11_126_5659_J11_0 ZeroWireload tcbn28hpcplusbwp40p140hvtssg0p81vm40c_ccs
  Eval_9_5_DP_OP_54J11_125_7920_J11_0 ZeroWireload tcbn28hpcplusbwp40p140hvtssg0p81vm40c_ccs
  core4_5_DW_mult_tc_J6_4 ZeroWireload     tcbn28hpcplusbwp40p140hvtssg0p81vm40c_ccs

Attributes:
    d - dont_touch
    u - dont_use
   mo - map_only
   so - size_only
    i - ideal_net or ideal_network
  inf - infeasible path

  Point                                       Fanout     Trans      Incr       Path      Attributes
  ---------------------------------------------------------------------------------------------------------
  clock clk (rise edge)                                             0.00       0.00
  clock network delay (ideal)                                       0.00       0.00
  input external delay                                              0.50       0.50 r
  io_b_10[1] (in)                                         0.00      0.00       0.50 r
  io_b_10[1] (net)                              4                   0.00       0.50 r
  evalB_2/io_in_2[1] (Eval_1_1)                                     0.00       0.50 r
  evalB_2/io_in_2[1] (net)                                          0.00       0.50 r
  evalB_2/DP_OP_52J15_128_4583/I1[1] (Eval_1_0_DP_OP_52J15_128_4583_J15_0_1)     0.00     0.50 r
  evalB_2/DP_OP_52J15_128_4583/I1[1] (net)                          0.00       0.50 r
  evalB_2/DP_OP_52J15_128_4583/U61/CO (HA1D1BWP40P140)     0.02     0.03       0.53 r
  evalB_2/DP_OP_52J15_128_4583/n122 (net)       1                   0.00       0.53 r
  evalB_2/DP_OP_52J15_128_4583/U57/S (FA1D0BWP40P140)     0.03      0.10       0.63 f
  evalB_2/DP_OP_52J15_128_4583/n127 (net)       1                   0.00       0.63 f
  evalB_2/DP_OP_52J15_128_4583/U65/S (FA1D0BWP40P140)     0.03      0.12       0.75 r
  evalB_2/DP_OP_52J15_128_4583/n135 (net)       1                   0.00       0.75 r
  evalB_2/DP_OP_52J15_128_4583/U69/S (FA1D0BWP40P140)     0.07      0.14       0.89 f
  evalB_2/DP_OP_52J15_128_4583/O1[4] (net)      3                   0.00       0.89 f
  evalB_2/DP_OP_52J15_128_4583/O1[4] (Eval_1_0_DP_OP_52J15_128_4583_J15_0_1)     0.00     0.89 f
  evalB_2/io_out_1[4] (net)                                         0.00       0.89 f
  evalB_2/io_out_1[4] (Eval_1_1)                                    0.00       0.89 f
  evalB_2_io_out_1[4] (net)                                         0.00       0.89 f
  core4_1/io_b_2[4] (core4_5)                                       0.00       0.89 f
  core4_1/io_b_2[4] (net)                                           0.00       0.89 f
  core4_1/evalB/io_in_2[4] (Eval_9_5)                               0.00       0.89 f
  core4_1/evalB/io_in_2[4] (net)                                    0.00       0.89 f
  core4_1/evalB/DP_OP_54J11_125_7920/I1[4] (Eval_9_5_DP_OP_54J11_125_7920_J11_0)     0.00     0.89 f
  core4_1/evalB/DP_OP_54J11_125_7920/I1[4] (net)                    0.00       0.89 f
  core4_1/evalB/DP_OP_54J11_125_7920/U68/CO (FA1D0BWP40P140)     0.03     0.09     0.98 f
  core4_1/evalB/DP_OP_54J11_125_7920/n181 (net)     1               0.00       0.98 f
  core4_1/evalB/DP_OP_54J11_125_7920/U73/S (FA1D0BWP40P140)     0.04     0.12     1.10 r
  core4_1/evalB/DP_OP_54J11_125_7920/n192 (net)     1               0.00       1.10 r
  core4_1/evalB/DP_OP_54J11_125_7920/U87/CO (FA1D0BWP40P140)     0.03     0.08     1.18 r
  core4_1/evalB/DP_OP_54J11_125_7920/n189 (net)     1               0.00       1.18 r
  core4_1/evalB/DP_OP_54J11_125_7920/U79/CO (FA1D0BWP40P140)     0.03     0.07     1.25 r
  core4_1/evalB/DP_OP_54J11_125_7920/n187 (net)     1               0.00       1.25 r
  core4_1/evalB/DP_OP_54J11_125_7920/U93/S (FA1D0BWP40P140)     0.03     0.12     1.37 f
  core4_1/evalB/DP_OP_54J11_125_7920/n202 (net)     1               0.00       1.37 f
  core4_1/evalB/DP_OP_54J11_125_7920/U59/S (FA1D1BWP40P140)     0.11     0.17     1.54 r
  core4_1/evalB/DP_OP_54J11_125_7920/O1[9] (net)    36              0.00       1.54 r
  core4_1/evalB/DP_OP_54J11_125_7920/O1[9] (Eval_9_5_DP_OP_54J11_125_7920_J11_0)     0.00     1.54 r
  core4_1/evalB/io_out_1[9] (net)                                   0.00       1.54 r
  core4_1/evalB/io_out_1[9] (Eval_9_5)                              0.00       1.54 r
  core4_1/evalB_io_out_1[9] (net)                                   0.00       1.54 r
  core4_1/mult_x_2/b[9] (core4_5_DW_mult_tc_J6_4)                   0.00       1.54 r
  core4_1/mult_x_2/b[9] (net)                                       0.00       1.54 r
  core4_1/mult_x_2/U1473/ZN (CKND0BWP40P140)              0.20      0.16       1.70 f
  core4_1/mult_x_2/n2684 (net)                 36                   0.00       1.70 f
  core4_1/mult_x_2/U1533/ZN (AOI22D0BWP40P140)            0.08      0.14       1.84 r
  core4_1/mult_x_2/n2676 (net)                  4                   0.00       1.84 r
  core4_1/mult_x_2/U1321/ZN (CKND0BWP40P140)              0.19      0.14       1.99 f
  core4_1/mult_x_2/n2652 (net)                 31                   0.00       1.99 f
  core4_1/mult_x_2/U1536/ZN (AOI221D0BWP40P140)           0.40      0.33       2.32 r
  core4_1/mult_x_2/n2680 (net)                 30                   0.00       2.32 r
  core4_1/mult_x_2/U2036/Z (AO22D0BWP40P140)              0.04      0.13       2.45 r
  core4_1/mult_x_2/n2382 (net)                  1                   0.00       2.45 r
  core4_1/mult_x_2/U1227/S (FA1D0BWP40P140)               0.03      0.09       2.54 r
  core4_1/mult_x_2/n2402 (net)                  1                   0.00       2.54 r
  core4_1/mult_x_2/U1340/S (FA1D0BWP40P140)               0.03      0.11       2.65 f
  core4_1/mult_x_2/n2420 (net)                  1                   0.00       2.65 f
  core4_1/mult_x_2/U1409/S (FA1D0BWP40P140)               0.04      0.12       2.77 r
  core4_1/mult_x_2/n2578 (net)                  1                   0.00       2.77 r
  core4_1/mult_x_2/U1449/CO (FA1D0BWP40P140)              0.03      0.08       2.85 r
  core4_1/mult_x_2/n2574 (net)                  1                   0.00       2.85 r
  core4_1/mult_x_2/U1450/CO (FA1D0BWP40P140)              0.03      0.07       2.92 r
  core4_1/mult_x_2/n2571 (net)                  1                   0.00       2.92 r
  core4_1/mult_x_2/U1451/CO (FA1D0BWP40P140)              0.03      0.07       3.00 r
  core4_1/mult_x_2/n2568 (net)                  1                   0.00       3.00 r
  core4_1/mult_x_2/U1452/CO (FA1D0BWP40P140)              0.03      0.07       3.07 r
  core4_1/mult_x_2/n2565 (net)                  1                   0.00       3.07 r
  core4_1/mult_x_2/U1453/CO (FA1D0BWP40P140)              0.03      0.08       3.15 r
  core4_1/mult_x_2/n2562 (net)                  1                   0.00       3.15 r
  core4_1/mult_x_2/U1176/CO (FA1D1BWP40P140LVT)           0.02      0.05       3.19 r
  core4_1/mult_x_2/n2559 (net)                  1                   0.00       3.19 r
  core4_1/mult_x_2/U1163/CO (FA1OPTCD1BWP40P140LVT)       0.02      0.03       3.23 r
  core4_1/mult_x_2/n2556 (net)                  1                   0.00       3.23 r
  core4_1/mult_x_2/U1454/CO (FA1D0BWP40P140)              0.03      0.07       3.29 r
  core4_1/mult_x_2/n2553 (net)                  1                   0.00       3.29 r
  core4_1/mult_x_2/U1455/CO (FA1D0BWP40P140)              0.03      0.07       3.37 r
  core4_1/mult_x_2/n2550 (net)                  1                   0.00       3.37 r
  core4_1/mult_x_2/U1456/CO (FA1D0BWP40P140)              0.03      0.07       3.44 r
  core4_1/mult_x_2/n2547 (net)                  1                   0.00       3.44 r
  core4_1/mult_x_2/U1457/CO (FA1D0BWP40P140)              0.03      0.07       3.52 r
  core4_1/mult_x_2/n2544 (net)                  1                   0.00       3.52 r
  core4_1/mult_x_2/U1458/CO (FA1D0BWP40P140)              0.03      0.07       3.59 r
  core4_1/mult_x_2/n2541 (net)                  1                   0.00       3.59 r
  core4_1/mult_x_2/U1459/CO (FA1D0BWP40P140)              0.03      0.08       3.67 r
  core4_1/mult_x_2/n2538 (net)                  1                   0.00       3.67 r
  core4_1/mult_x_2/U1155/CO (FA1D1BWP40P140LVT)           0.02      0.05       3.71 r
  core4_1/mult_x_2/n2535 (net)                  1                   0.00       3.71 r
  core4_1/mult_x_2/U1153/CO (FA1OPTCD1BWP40P140LVT)       0.02      0.04       3.75 r
  core4_1/mult_x_2/n2532 (net)                  1                   0.00       3.75 r
  core4_1/mult_x_2/U1151/CO (FA1OPTCD1BWP40P140LVT)       0.02      0.03       3.78 r
  core4_1/mult_x_2/n2529 (net)                  1                   0.00       3.78 r
  core4_1/mult_x_2/U1460/CO (FA1D0BWP40P140)              0.03      0.07       3.85 r
  core4_1/mult_x_2/n2526 (net)                  1                   0.00       3.85 r
  core4_1/mult_x_2/U1461/CO (FA1D0BWP40P140)              0.03      0.07       3.92 r
  core4_1/mult_x_2/n2523 (net)                  1                   0.00       3.92 r
  core4_1/mult_x_2/U1462/CO (FA1D0BWP40P140)              0.03      0.07       4.00 r
  core4_1/mult_x_2/n2520 (net)                  1                   0.00       4.00 r
  core4_1/mult_x_2/U1463/CO (FA1D0BWP40P140)              0.03      0.07       4.07 r
  core4_1/mult_x_2/n2517 (net)                  1                   0.00       4.07 r
  core4_1/mult_x_2/U1439/CO (FA1D0BWP40P140)              0.03      0.07       4.14 r
  core4_1/mult_x_2/n2514 (net)                  1                   0.00       4.14 r
  core4_1/mult_x_2/U1464/CO (FA1D0BWP40P140)              0.03      0.07       4.22 r
  core4_1/mult_x_2/n2511 (net)                  1                   0.00       4.22 r
  core4_1/mult_x_2/U1465/CO (FA1D0BWP40P140)              0.03      0.08       4.29 r
  core4_1/mult_x_2/n2508 (net)                  1                   0.00       4.29 r
  core4_1/mult_x_2/U1141/CO (FA1D1BWP40P140LVT)           0.02      0.05       4.34 r
  core4_1/mult_x_2/n2505 (net)                  1                   0.00       4.34 r
  core4_1/mult_x_2/U1140/CO (FA1OPTCD1BWP40P140LVT)       0.02      0.03       4.37 r
  core4_1/mult_x_2/n2502 (net)                  1                   0.00       4.37 r
  core4_1/mult_x_2/U1466/CO (FA1D0BWP40P140)              0.03      0.07       4.44 r
  core4_1/mult_x_2/n2499 (net)                  1                   0.00       4.44 r
  core4_1/mult_x_2/U1467/CO (FA1D0BWP40P140)              0.03      0.08       4.51 r
  core4_1/mult_x_2/n2661 (net)                  1                   0.00       4.51 r
  core4_1/mult_x_2/U1139/CO (FA1D1BWP40P140LVT)           0.02      0.05       4.56 r
  core4_1/mult_x_2/n2737 (net)                  1                   0.00       4.56 r
  core4_1/mult_x_2/U1177/CO (FA1OPTCD2BWP40P140LVT)       0.01      0.03       4.59 r
  core4_1/mult_x_2/n2748 (net)                  1                   0.00       4.59 r
  core4_1/mult_x_2/U1138/Z (XOR4D1BWP40P140)              0.02      0.09       4.68 r
  core4_1/mult_x_2/n2757 (net)                  1                   0.00       4.68 r
  core4_1/mult_x_2/U1437/Z (XOR4D1BWP40P140)              0.02      0.10       4.78 f
  core4_1/mult_x_2/n2764 (net)                  1                   0.00       4.78 f
  core4_1/mult_x_2/U1137/Z (XOR4D1BWP40P140)              0.02      0.10       4.89 r
  core4_1/mult_x_2/n2767 (net)                  1                   0.00       4.89 r
  core4_1/mult_x_2/U1468/Z (XOR4D1BWP40P140)              0.02      0.08       4.97 r
  core4_1/mult_x_2/product[40] (net)            1                   0.00       4.97 r
  core4_1/mult_x_2/product[40] (core4_5_DW_mult_tc_J6_4)            0.00       4.97 r
  core4_1/n_w_1_T_1[40] (net)                                       0.00       4.97 r
  core4_1/s_w_1_reg_40_/D (DFQD1BWP40P140)                0.02      0.00       4.97 r
  data arrival time                                                            4.97

  clock clk (rise edge)                                             5.00       5.00
  clock network delay (ideal)                                       0.00       5.00
  core4_1/s_w_1_reg_40_/CP (DFQD1BWP40P140)                         0.00       5.00 r
  library setup time                                               -0.03       4.97
  data required time                                                           4.97
  ---------------------------------------------------------------------------------------------------------
  data required time                                                           4.97
  data arrival time                                                           -4.97
  ---------------------------------------------------------------------------------------------------------
  slack (MET)                                                                  0.00


1
