 
****************************************
Report : timing
        -path full
        -delay max
        -nets
        -max_paths 1
        -transition_time
Design : core4_a32_b14_c32
Version: O-2018.06-SP5
Date   : Tue May 12 07:40:18 2026
****************************************

Operating Conditions: ssg0p81vm40c   Library: tcbn28hpcplusbwp40p140hvtssg0p81vm40c_ccs
Wire Load Model Mode: segmented

  Startpoint: io_b_0[0] (input port clocked by clk)
  Endpoint: s_w_3_reg_34_
            (rising edge-triggered flip-flop clocked by clk)
  Path Group: clk
  Path Type: max

  Des/Clust/Port     Wire Load Model       Library
  ------------------------------------------------
  core4_a32_b14_c32  ZeroWireload          tcbn28hpcplusbwp40p140hvtssg0p81vm40c_ccs
  core4_a32_b14_c32_DW_mult_uns_J3_0 ZeroWireload tcbn28hpcplusbwp40p140hvtssg0p81vm40c_ccs
  Eval_1_DP_OP_52J3_122_4543_J3_0 ZeroWireload tcbn28hpcplusbwp40p140hvtssg0p81vm40c_ccs
  Eval_1_DP_OP_53J3_123_5215_J3_0 ZeroWireload tcbn28hpcplusbwp40p140hvtssg0p81vm40c_ccs
  Eval_1_DP_OP_54J3_124_1990_J3_0 ZeroWireload tcbn28hpcplusbwp40p140hvtssg0p81vm40c_ccs
  core4_a32_b14_c32_DW_mult_tc_J3_2 ZeroWireload tcbn28hpcplusbwp40p140hvtssg0p81vm40c_ccs

Attributes:
    d - dont_touch
    u - dont_use
   mo - map_only
   so - size_only
    i - ideal_net or ideal_network
  inf - infeasible path

  Point                                       Fanout     Trans      Incr       Path      Attributes
  ---------------------------------------------------------------------------------------------------------
  clock clk (rise edge)                                             0.00       0.00
  clock network delay (ideal)                                       0.00       0.00
  input external delay                                              0.50       0.50 r
  io_b_0[0] (in)                                          0.00      0.00       0.50 r
  io_b_0[0] (net)                               1                   0.00       0.50 r
  evalB/io_in_0[0] (Eval_1)                                         0.00       0.50 r
  evalB/io_in_0[0] (net)                                            0.00       0.50 r
  evalB/U14/ZN (CKND0BWP40P140)                           0.01      0.01       0.51 f
  evalB/n3 (net)                                1                   0.00       0.51 f
  evalB/U17/ZN (CKND0BWP40P140)                           0.09      0.05       0.56 r
  evalB/io_out_6[0] (net)                       8                   0.00       0.56 r
  evalB/DP_OP_53J3_123_5215/I2[0] (Eval_1_DP_OP_53J3_123_5215_J3_0)     0.00     0.56 r
  evalB/DP_OP_53J3_123_5215/I2[0] (net)                             0.00       0.56 r
  evalB/DP_OP_53J3_123_5215/U81/S (HA1D0BWP40P140)        0.04      0.09       0.65 f
  evalB/DP_OP_53J3_123_5215/n291 (net)          3                   0.00       0.65 f
  evalB/DP_OP_53J3_123_5215/U121/ZN (IND2D0BWP40P140HVT)     0.07     0.08     0.73 f
  evalB/DP_OP_53J3_123_5215/n248 (net)          1                   0.00       0.73 f
  evalB/DP_OP_53J3_123_5215/U139/S (FA1D0BWP40P140)       0.21      0.25       0.98 r
  evalB/DP_OP_53J3_123_5215/O2[1] (net)        37                   0.00       0.98 r
  evalB/DP_OP_53J3_123_5215/O2[1] (Eval_1_DP_OP_53J3_123_5215_J3_0)     0.00     0.98 r
  evalB/io_out_3[1] (net)                                           0.00       0.98 r
  evalB/io_out_3[1] (Eval_1)                                        0.00       0.98 r
  evalB_io_out_3[1] (net)                                           0.00       0.98 r
  mult_x_4/b[1] (core4_a32_b14_c32_DW_mult_tc_J3_2)                 0.00       0.98 r
  mult_x_4/b[1] (net)                                               0.00       0.98 r
  mult_x_4/U1164/ZN (CKND0BWP40P140)                      0.39      0.31       1.30 f
  mult_x_4/n2207 (net)                         69                   0.00       1.30 f
  mult_x_4/U1056/ZN (AOI22D0BWP40P140)                    0.10      0.21       1.50 r
  mult_x_4/n2158 (net)                          4                   0.00       1.50 r
  mult_x_4/U1057/ZN (CKND0BWP40P140)                      0.19      0.15       1.65 f
  mult_x_4/n2151 (net)                         33                   0.00       1.65 f
  mult_x_4/U1095/ZN (AOI221D0BWP40P140)                   0.40      0.33       1.98 r
  mult_x_4/n2162 (net)                         32                   0.00       1.98 r
  mult_x_4/U1016/Z (AO22D0BWP40P140)                      0.04      0.14       2.12 r
  mult_x_4/n2007 (net)                          1                   0.00       2.12 r
  mult_x_4/U1708/S (HA1D0BWP40P140)                       0.03      0.05       2.17 r
  mult_x_4/n2100 (net)                          1                   0.00       2.17 r
  mult_x_4/U1744/CO (FA1D0BWP40P140)                      0.03      0.07       2.24 r
  mult_x_4/n2096 (net)                          1                   0.00       2.24 r
  mult_x_4/U1743/CO (FA1D0BWP40P140)                      0.03      0.07       2.31 r
  mult_x_4/n2093 (net)                          1                   0.00       2.31 r
  mult_x_4/U1742/CO (FA1D0BWP40P140)                      0.03      0.07       2.39 r
  mult_x_4/n2090 (net)                          1                   0.00       2.39 r
  mult_x_4/U1741/CO (FA1D0BWP40P140)                      0.03      0.07       2.46 r
  mult_x_4/n2087 (net)                          1                   0.00       2.46 r
  mult_x_4/U1740/CO (FA1D0BWP40P140)                      0.03      0.07       2.54 r
  mult_x_4/n2084 (net)                          1                   0.00       2.54 r
  mult_x_4/U1739/CO (FA1D0BWP40P140)                      0.03      0.07       2.61 r
  mult_x_4/n2081 (net)                          1                   0.00       2.61 r
  mult_x_4/U1738/CO (FA1D0BWP40P140)                      0.03      0.07       2.68 r
  mult_x_4/n2078 (net)                          1                   0.00       2.68 r
  mult_x_4/U1737/CO (FA1D0BWP40P140)                      0.03      0.07       2.76 r
  mult_x_4/n2075 (net)                          1                   0.00       2.76 r
  mult_x_4/U1736/CO (FA1D0BWP40P140)                      0.03      0.07       2.83 r
  mult_x_4/n2072 (net)                          1                   0.00       2.83 r
  mult_x_4/U1735/CO (FA1D0BWP40P140)                      0.03      0.07       2.91 r
  mult_x_4/n2069 (net)                          1                   0.00       2.91 r
  mult_x_4/U1734/CO (FA1D0BWP40P140)                      0.03      0.07       2.98 r
  mult_x_4/n2066 (net)                          1                   0.00       2.98 r
  mult_x_4/U1733/CO (FA1D0BWP40P140)                      0.03      0.07       3.05 r
  mult_x_4/n2063 (net)                          1                   0.00       3.05 r
  mult_x_4/U1732/CO (FA1D0BWP40P140)                      0.03      0.07       3.13 r
  mult_x_4/n2060 (net)                          1                   0.00       3.13 r
  mult_x_4/U1731/CO (FA1D0BWP40P140)                      0.03      0.07       3.20 r
  mult_x_4/n2057 (net)                          1                   0.00       3.20 r
  mult_x_4/U1730/CO (FA1D0BWP40P140)                      0.03      0.07       3.28 r
  mult_x_4/n2054 (net)                          1                   0.00       3.28 r
  mult_x_4/U1729/CO (FA1D0BWP40P140)                      0.03      0.07       3.35 r
  mult_x_4/n2051 (net)                          1                   0.00       3.35 r
  mult_x_4/U1728/CO (FA1D0BWP40P140)                      0.03      0.07       3.43 r
  mult_x_4/n2048 (net)                          1                   0.00       3.43 r
  mult_x_4/U1727/CO (FA1D0BWP40P140)                      0.03      0.07       3.50 r
  mult_x_4/n2045 (net)                          1                   0.00       3.50 r
  mult_x_4/U1726/CO (FA1D0BWP40P140)                      0.03      0.07       3.57 r
  mult_x_4/n2042 (net)                          1                   0.00       3.57 r
  mult_x_4/U1725/CO (FA1D0BWP40P140)                      0.03      0.07       3.65 r
  mult_x_4/n2039 (net)                          1                   0.00       3.65 r
  mult_x_4/U1724/CO (FA1D0BWP40P140)                      0.03      0.07       3.72 r
  mult_x_4/n2036 (net)                          1                   0.00       3.72 r
  mult_x_4/U1723/CO (FA1D0BWP40P140)                      0.03      0.07       3.80 r
  mult_x_4/n2033 (net)                          1                   0.00       3.80 r
  mult_x_4/U1722/CO (FA1D0BWP40P140)                      0.03      0.07       3.87 r
  mult_x_4/n2030 (net)                          1                   0.00       3.87 r
  mult_x_4/U1721/CO (FA1D0BWP40P140)                      0.03      0.07       3.94 r
  mult_x_4/n2027 (net)                          1                   0.00       3.94 r
  mult_x_4/U1720/CO (FA1D0BWP40P140)                      0.03      0.07       4.02 r
  mult_x_4/n2024 (net)                          1                   0.00       4.02 r
  mult_x_4/U1719/CO (FA1D0BWP40P140)                      0.03      0.07       4.09 r
  mult_x_4/n2021 (net)                          1                   0.00       4.09 r
  mult_x_4/U1718/CO (FA1D0BWP40P140)                      0.03      0.07       4.17 r
  mult_x_4/n2018 (net)                          1                   0.00       4.17 r
  mult_x_4/U1717/CO (FA1D0BWP40P140)                      0.03      0.07       4.24 r
  mult_x_4/n2015 (net)                          1                   0.00       4.24 r
  mult_x_4/U1716/CO (FA1D0BWP40P140)                      0.03      0.07       4.31 r
  mult_x_4/n2155 (net)                          1                   0.00       4.31 r
  mult_x_4/U1775/CO (FA1D0BWP40P140)                      0.03      0.07       4.39 r
  mult_x_4/n2228 (net)                          1                   0.00       4.39 r
  mult_x_4/U1800/CO (FA1D0BWP40P140)                      0.02      0.07       4.45 r
  mult_x_4/n2239 (net)                          1                   0.00       4.45 r
  mult_x_4/U951/Z (XOR4D0BWP40P140)                       0.03      0.11       4.57 r
  mult_x_4/n2248 (net)                          1                   0.00       4.57 r
  mult_x_4/U986/Z (XOR4D0BWP40P140)                       0.02      0.12       4.69 f
  mult_x_4/n2251 (net)                          1                   0.00       4.69 f
  mult_x_4/U950/Z (XOR2UD0BWP40P140)                      0.05      0.04       4.73 r
  mult_x_4/n2253 (net)                          1                   0.00       4.73 r
  mult_x_4/U949/Z (XOR2UD0BWP40P140)                      0.05      0.05       4.79 r
  mult_x_4/product[34] (net)                    1                   0.00       4.79 r
  mult_x_4/product[34] (core4_a32_b14_c32_DW_mult_tc_J3_2)          0.00       4.79 r
  n_w_3_T_1[34] (net)                                               0.00       4.79 r
  s_w_3_reg_34_/D (DFKCNQD1BWP40P140)                     0.05      0.00       4.79 r
  data arrival time                                                            4.79

  clock clk (rise edge)                                             5.00       5.00
  clock network delay (ideal)                                       0.00       5.00
  s_w_3_reg_34_/CP (DFKCNQD1BWP40P140)                              0.00       5.00 r
  library setup time                                               -0.05       4.95
  data required time                                                           4.95
  ---------------------------------------------------------------------------------------------------------
  data required time                                                           4.95
  data arrival time                                                           -4.79
  ---------------------------------------------------------------------------------------------------------
  slack (MET)                                                                  0.16


1
