 
****************************************
check_design summary:
Version:     O-2018.06-SP5
Date:        Tue May 12 21:31:48 2026
****************************************

                   Name                                            Total
--------------------------------------------------------------------------------
Inputs/Outputs                                                    467
    Unconnected ports (LINT-28)                                    63
    Feedthrough (LINT-29)                                         212
    Shorted outputs (LINT-31)                                     108
    Constant outputs (LINT-52)                                     84
--------------------------------------------------------------------------------

Warning: In design 'InterpolationComb_56', port 'io_w_0[30]' is not connected to any nets. (LINT-28)
Warning: In design 'InterpolationComb_56', port 'io_w_1[30]' is not connected to any nets. (LINT-28)
Warning: In design 'InterpolationComb_56', port 'io_w_2[30]' is not connected to any nets. (LINT-28)
Warning: In design 'InterpolationComb_56', port 'io_w_3[30]' is not connected to any nets. (LINT-28)
Warning: In design 'InterpolationComb_56', port 'io_w_4[30]' is not connected to any nets. (LINT-28)
Warning: In design 'InterpolationComb_56', port 'io_w_5[30]' is not connected to any nets. (LINT-28)
Warning: In design 'InterpolationComb_56', port 'io_w_6[30]' is not connected to any nets. (LINT-28)
Warning: In design 'InterpolationComb_56', port 'io_w_7[30]' is not connected to any nets. (LINT-28)
Warning: In design 'InterpolationComb_56', port 'io_w_8[30]' is not connected to any nets. (LINT-28)
Warning: In design 'InterpolationComb_56', port 'io_w_9[30]' is not connected to any nets. (LINT-28)
Warning: In design 'InterpolationComb_56', port 'io_w_10[30]' is not connected to any nets. (LINT-28)
Warning: In design 'InterpolationComb_56', port 'io_w_11[30]' is not connected to any nets. (LINT-28)
Warning: In design 'InterpolationComb_56', port 'io_w_12[30]' is not connected to any nets. (LINT-28)
Warning: In design 'InterpolationComb_56', port 'io_w_13[30]' is not connected to any nets. (LINT-28)
Warning: In design 'InterpolationComb_56', port 'io_w_14[30]' is not connected to any nets. (LINT-28)
Warning: In design 'InterpolationComb_56', port 'io_w_15[30]' is not connected to any nets. (LINT-28)
Warning: In design 'InterpolationComb_56', port 'io_w_16[30]' is not connected to any nets. (LINT-28)
Warning: In design 'InterpolationComb_56', port 'io_w_17[30]' is not connected to any nets. (LINT-28)
Warning: In design 'InterpolationComb_56', port 'io_w_18[30]' is not connected to any nets. (LINT-28)
Warning: In design 'InterpolationComb_56', port 'io_w_19[30]' is not connected to any nets. (LINT-28)
Warning: In design 'InterpolationComb_56', port 'io_w_20[30]' is not connected to any nets. (LINT-28)
Warning: In design 'InterpolationComb_56', port 'io_w_21[30]' is not connected to any nets. (LINT-28)
Warning: In design 'InterpolationComb_56', port 'io_w_22[30]' is not connected to any nets. (LINT-28)
Warning: In design 'InterpolationComb_56', port 'io_w_23[30]' is not connected to any nets. (LINT-28)
Warning: In design 'InterpolationComb_56', port 'io_w_24[30]' is not connected to any nets. (LINT-28)
Warning: In design 'InterpolationComb_56', port 'io_w_25[30]' is not connected to any nets. (LINT-28)
Warning: In design 'InterpolationComb_56', port 'io_w_26[30]' is not connected to any nets. (LINT-28)
Warning: In design 'InterpolationComb_56', port 'io_w_27[30]' is not connected to any nets. (LINT-28)
Warning: In design 'InterpolationComb_56', port 'io_w_28[30]' is not connected to any nets. (LINT-28)
Warning: In design 'InterpolationComb_56', port 'io_w_29[30]' is not connected to any nets. (LINT-28)
Warning: In design 'InterpolationComb_56', port 'io_w_30[30]' is not connected to any nets. (LINT-28)
Warning: In design 'InterpolationComb_56', port 'io_w_31[30]' is not connected to any nets. (LINT-28)
Warning: In design 'InterpolationComb_56', port 'io_w_96[30]' is not connected to any nets. (LINT-28)
Warning: In design 'InterpolationComb_56', port 'io_w_97[30]' is not connected to any nets. (LINT-28)
Warning: In design 'InterpolationComb_56', port 'io_w_98[30]' is not connected to any nets. (LINT-28)
Warning: In design 'InterpolationComb_56', port 'io_w_99[30]' is not connected to any nets. (LINT-28)
Warning: In design 'InterpolationComb_56', port 'io_w_100[30]' is not connected to any nets. (LINT-28)
Warning: In design 'InterpolationComb_56', port 'io_w_101[30]' is not connected to any nets. (LINT-28)
Warning: In design 'InterpolationComb_56', port 'io_w_102[30]' is not connected to any nets. (LINT-28)
Warning: In design 'InterpolationComb_56', port 'io_w_103[30]' is not connected to any nets. (LINT-28)
Warning: In design 'InterpolationComb_56', port 'io_w_104[30]' is not connected to any nets. (LINT-28)
Warning: In design 'InterpolationComb_56', port 'io_w_105[30]' is not connected to any nets. (LINT-28)
Warning: In design 'InterpolationComb_56', port 'io_w_106[30]' is not connected to any nets. (LINT-28)
Warning: In design 'InterpolationComb_56', port 'io_w_107[30]' is not connected to any nets. (LINT-28)
Warning: In design 'InterpolationComb_56', port 'io_w_108[30]' is not connected to any nets. (LINT-28)
Warning: In design 'InterpolationComb_56', port 'io_w_109[30]' is not connected to any nets. (LINT-28)
Warning: In design 'InterpolationComb_56', port 'io_w_110[30]' is not connected to any nets. (LINT-28)
Warning: In design 'InterpolationComb_56', port 'io_w_111[30]' is not connected to any nets. (LINT-28)
Warning: In design 'InterpolationComb_7', port 'io_w_0[33]' is not connected to any nets. (LINT-28)
Warning: In design 'InterpolationComb_7', port 'io_w_1[33]' is not connected to any nets. (LINT-28)
Warning: In design 'InterpolationComb_7', port 'io_w_2[33]' is not connected to any nets. (LINT-28)
Warning: In design 'InterpolationComb_7', port 'io_w_3[33]' is not connected to any nets. (LINT-28)
Warning: In design 'InterpolationComb_7', port 'io_w_4[33]' is not connected to any nets. (LINT-28)
Warning: In design 'InterpolationComb_7', port 'io_w_5[33]' is not connected to any nets. (LINT-28)
Warning: In design 'InterpolationComb_7', port 'io_w_6[33]' is not connected to any nets. (LINT-28)
Warning: In design 'InterpolationComb_7', port 'io_w_7[33]' is not connected to any nets. (LINT-28)
Warning: In design 'InterpolationComb_7', port 'io_w_24[33]' is not connected to any nets. (LINT-28)
Warning: In design 'InterpolationComb_7', port 'io_w_25[33]' is not connected to any nets. (LINT-28)
Warning: In design 'InterpolationComb_7', port 'io_w_26[33]' is not connected to any nets. (LINT-28)
Warning: In design 'InterpolationComb_7', port 'io_w_27[33]' is not connected to any nets. (LINT-28)
Warning: In design 'InterpolationComb', port 'io_w_0[36]' is not connected to any nets. (LINT-28)
Warning: In design 'InterpolationComb', port 'io_w_1[36]' is not connected to any nets. (LINT-28)
Warning: In design 'InterpolationComb', port 'io_w_6[36]' is not connected to any nets. (LINT-28)
Warning: In design 'Eval', input port 'io_in_0[27]' is connected directly to output port 'io_out_6[27]'. (LINT-29)
Warning: In design 'Eval', input port 'io_in_0[26]' is connected directly to output port 'io_out_6[26]'. (LINT-29)
Warning: In design 'Eval', input port 'io_in_0[25]' is connected directly to output port 'io_out_6[25]'. (LINT-29)
Warning: In design 'Eval', input port 'io_in_0[24]' is connected directly to output port 'io_out_6[24]'. (LINT-29)
Warning: In design 'Eval', input port 'io_in_0[23]' is connected directly to output port 'io_out_6[23]'. (LINT-29)
Warning: In design 'Eval', input port 'io_in_0[22]' is connected directly to output port 'io_out_6[22]'. (LINT-29)
Warning: In design 'Eval', input port 'io_in_0[21]' is connected directly to output port 'io_out_6[21]'. (LINT-29)
Warning: In design 'Eval', input port 'io_in_0[20]' is connected directly to output port 'io_out_6[20]'. (LINT-29)
Warning: In design 'Eval', input port 'io_in_0[19]' is connected directly to output port 'io_out_6[19]'. (LINT-29)
Warning: In design 'Eval', input port 'io_in_0[18]' is connected directly to output port 'io_out_6[18]'. (LINT-29)
Warning: In design 'Eval', input port 'io_in_0[17]' is connected directly to output port 'io_out_6[17]'. (LINT-29)
Warning: In design 'Eval', input port 'io_in_0[16]' is connected directly to output port 'io_out_6[16]'. (LINT-29)
Warning: In design 'Eval', input port 'io_in_0[15]' is connected directly to output port 'io_out_6[15]'. (LINT-29)
Warning: In design 'Eval', input port 'io_in_0[14]' is connected directly to output port 'io_out_6[14]'. (LINT-29)
Warning: In design 'Eval', input port 'io_in_0[13]' is connected directly to output port 'io_out_6[13]'. (LINT-29)
Warning: In design 'Eval', input port 'io_in_0[12]' is connected directly to output port 'io_out_6[12]'. (LINT-29)
Warning: In design 'Eval', input port 'io_in_0[11]' is connected directly to output port 'io_out_6[11]'. (LINT-29)
Warning: In design 'Eval', input port 'io_in_0[10]' is connected directly to output port 'io_out_6[10]'. (LINT-29)
Warning: In design 'Eval', input port 'io_in_0[9]' is connected directly to output port 'io_out_6[9]'. (LINT-29)
Warning: In design 'Eval', input port 'io_in_0[8]' is connected directly to output port 'io_out_6[8]'. (LINT-29)
Warning: In design 'Eval', input port 'io_in_0[7]' is connected directly to output port 'io_out_6[7]'. (LINT-29)
Warning: In design 'Eval', input port 'io_in_0[6]' is connected directly to output port 'io_out_6[6]'. (LINT-29)
Warning: In design 'Eval', input port 'io_in_0[5]' is connected directly to output port 'io_out_6[5]'. (LINT-29)
Warning: In design 'Eval', input port 'io_in_0[4]' is connected directly to output port 'io_out_6[4]'. (LINT-29)
Warning: In design 'Eval', input port 'io_in_0[3]' is connected directly to output port 'io_out_6[3]'. (LINT-29)
Warning: In design 'Eval', input port 'io_in_0[2]' is connected directly to output port 'io_out_6[2]'. (LINT-29)
Warning: In design 'Eval', input port 'io_in_0[1]' is connected directly to output port 'io_out_6[1]'. (LINT-29)
Warning: In design 'Eval', input port 'io_in_0[0]' is connected directly to output port 'io_out_6[0]'. (LINT-29)
Warning: In design 'Eval', input port 'io_in_3[27]' is connected directly to output port 'io_out_0[27]'. (LINT-29)
Warning: In design 'Eval', input port 'io_in_3[26]' is connected directly to output port 'io_out_0[26]'. (LINT-29)
Warning: In design 'Eval', input port 'io_in_3[25]' is connected directly to output port 'io_out_0[25]'. (LINT-29)
Warning: In design 'Eval', input port 'io_in_3[24]' is connected directly to output port 'io_out_0[24]'. (LINT-29)
Warning: In design 'Eval', input port 'io_in_3[23]' is connected directly to output port 'io_out_0[23]'. (LINT-29)
Warning: In design 'Eval', input port 'io_in_3[22]' is connected directly to output port 'io_out_0[22]'. (LINT-29)
Warning: In design 'Eval', input port 'io_in_3[21]' is connected directly to output port 'io_out_0[21]'. (LINT-29)
Warning: In design 'Eval', input port 'io_in_3[20]' is connected directly to output port 'io_out_0[20]'. (LINT-29)
Warning: In design 'Eval', input port 'io_in_3[19]' is connected directly to output port 'io_out_0[19]'. (LINT-29)
Warning: In design 'Eval', input port 'io_in_3[18]' is connected directly to output port 'io_out_0[18]'. (LINT-29)
Warning: In design 'Eval', input port 'io_in_3[17]' is connected directly to output port 'io_out_0[17]'. (LINT-29)
Warning: In design 'Eval', input port 'io_in_3[16]' is connected directly to output port 'io_out_0[16]'. (LINT-29)
Warning: In design 'Eval', input port 'io_in_3[15]' is connected directly to output port 'io_out_0[15]'. (LINT-29)
Warning: In design 'Eval', input port 'io_in_3[14]' is connected directly to output port 'io_out_0[14]'. (LINT-29)
Warning: In design 'Eval', input port 'io_in_3[13]' is connected directly to output port 'io_out_0[13]'. (LINT-29)
Warning: In design 'Eval', input port 'io_in_3[12]' is connected directly to output port 'io_out_0[12]'. (LINT-29)
Warning: In design 'Eval', input port 'io_in_3[11]' is connected directly to output port 'io_out_0[11]'. (LINT-29)
Warning: In design 'Eval', input port 'io_in_3[10]' is connected directly to output port 'io_out_0[10]'. (LINT-29)
Warning: In design 'Eval', input port 'io_in_3[9]' is connected directly to output port 'io_out_0[9]'. (LINT-29)
Warning: In design 'Eval', input port 'io_in_3[8]' is connected directly to output port 'io_out_0[8]'. (LINT-29)
Warning: In design 'Eval', input port 'io_in_3[7]' is connected directly to output port 'io_out_0[7]'. (LINT-29)
Warning: In design 'Eval', input port 'io_in_3[6]' is connected directly to output port 'io_out_0[6]'. (LINT-29)
Warning: In design 'Eval', input port 'io_in_3[5]' is connected directly to output port 'io_out_0[5]'. (LINT-29)
Warning: In design 'Eval', input port 'io_in_3[4]' is connected directly to output port 'io_out_0[4]'. (LINT-29)
Warning: In design 'Eval', input port 'io_in_3[3]' is connected directly to output port 'io_out_0[3]'. (LINT-29)
Warning: In design 'Eval', input port 'io_in_3[2]' is connected directly to output port 'io_out_0[2]'. (LINT-29)
Warning: In design 'Eval', input port 'io_in_3[1]' is connected directly to output port 'io_out_0[1]'. (LINT-29)
Warning: In design 'Eval', input port 'io_in_3[0]' is connected directly to output port 'io_out_0[0]'. (LINT-29)
Warning: In design 'Eval_1', input port 'io_in_0[13]' is connected directly to output port 'io_out_6[13]'. (LINT-29)
Warning: In design 'Eval_1', input port 'io_in_0[12]' is connected directly to output port 'io_out_6[12]'. (LINT-29)
Warning: In design 'Eval_1', input port 'io_in_0[11]' is connected directly to output port 'io_out_6[11]'. (LINT-29)
Warning: In design 'Eval_1', input port 'io_in_0[10]' is connected directly to output port 'io_out_6[10]'. (LINT-29)
Warning: In design 'Eval_1', input port 'io_in_0[9]' is connected directly to output port 'io_out_6[9]'. (LINT-29)
Warning: In design 'Eval_1', input port 'io_in_0[8]' is connected directly to output port 'io_out_6[8]'. (LINT-29)
Warning: In design 'Eval_1', input port 'io_in_0[7]' is connected directly to output port 'io_out_6[7]'. (LINT-29)
Warning: In design 'Eval_1', input port 'io_in_0[6]' is connected directly to output port 'io_out_6[6]'. (LINT-29)
Warning: In design 'Eval_1', input port 'io_in_0[5]' is connected directly to output port 'io_out_6[5]'. (LINT-29)
Warning: In design 'Eval_1', input port 'io_in_0[4]' is connected directly to output port 'io_out_6[4]'. (LINT-29)
Warning: In design 'Eval_1', input port 'io_in_0[3]' is connected directly to output port 'io_out_6[3]'. (LINT-29)
Warning: In design 'Eval_1', input port 'io_in_0[2]' is connected directly to output port 'io_out_6[2]'. (LINT-29)
Warning: In design 'Eval_1', input port 'io_in_0[1]' is connected directly to output port 'io_out_6[1]'. (LINT-29)
Warning: In design 'Eval_1', input port 'io_in_0[0]' is connected directly to output port 'io_out_6[0]'. (LINT-29)
Warning: In design 'Eval_1', input port 'io_in_3[13]' is connected directly to output port 'io_out_0[13]'. (LINT-29)
Warning: In design 'Eval_1', input port 'io_in_3[12]' is connected directly to output port 'io_out_0[12]'. (LINT-29)
Warning: In design 'Eval_1', input port 'io_in_3[11]' is connected directly to output port 'io_out_0[11]'. (LINT-29)
Warning: In design 'Eval_1', input port 'io_in_3[10]' is connected directly to output port 'io_out_0[10]'. (LINT-29)
Warning: In design 'Eval_1', input port 'io_in_3[9]' is connected directly to output port 'io_out_0[9]'. (LINT-29)
Warning: In design 'Eval_1', input port 'io_in_3[8]' is connected directly to output port 'io_out_0[8]'. (LINT-29)
Warning: In design 'Eval_1', input port 'io_in_3[7]' is connected directly to output port 'io_out_0[7]'. (LINT-29)
Warning: In design 'Eval_1', input port 'io_in_3[6]' is connected directly to output port 'io_out_0[6]'. (LINT-29)
Warning: In design 'Eval_1', input port 'io_in_3[5]' is connected directly to output port 'io_out_0[5]'. (LINT-29)
Warning: In design 'Eval_1', input port 'io_in_3[4]' is connected directly to output port 'io_out_0[4]'. (LINT-29)
Warning: In design 'Eval_1', input port 'io_in_3[3]' is connected directly to output port 'io_out_0[3]'. (LINT-29)
Warning: In design 'Eval_1', input port 'io_in_3[2]' is connected directly to output port 'io_out_0[2]'. (LINT-29)
Warning: In design 'Eval_1', input port 'io_in_3[1]' is connected directly to output port 'io_out_0[1]'. (LINT-29)
Warning: In design 'Eval_1', input port 'io_in_3[0]' is connected directly to output port 'io_out_0[0]'. (LINT-29)
Warning: In design 'Eval_32', input port 'io_in_0[36]' is connected directly to output port 'io_out_6[36]'. (LINT-29)
Warning: In design 'Eval_32', input port 'io_in_0[35]' is connected directly to output port 'io_out_6[35]'. (LINT-29)
Warning: In design 'Eval_32', input port 'io_in_0[34]' is connected directly to output port 'io_out_6[34]'. (LINT-29)
Warning: In design 'Eval_32', input port 'io_in_0[33]' is connected directly to output port 'io_out_6[33]'. (LINT-29)
Warning: In design 'Eval_32', input port 'io_in_0[32]' is connected directly to output port 'io_out_6[32]'. (LINT-29)
Warning: In design 'Eval_32', input port 'io_in_0[31]' is connected directly to output port 'io_out_6[31]'. (LINT-29)
Warning: In design 'Eval_32', input port 'io_in_0[30]' is connected directly to output port 'io_out_6[30]'. (LINT-29)
Warning: In design 'Eval_32', input port 'io_in_0[29]' is connected directly to output port 'io_out_6[29]'. (LINT-29)
Warning: In design 'Eval_32', input port 'io_in_0[28]' is connected directly to output port 'io_out_6[28]'. (LINT-29)
Warning: In design 'Eval_32', input port 'io_in_0[27]' is connected directly to output port 'io_out_6[27]'. (LINT-29)
Warning: In design 'Eval_32', input port 'io_in_0[26]' is connected directly to output port 'io_out_6[26]'. (LINT-29)
Warning: In design 'Eval_32', input port 'io_in_0[25]' is connected directly to output port 'io_out_6[25]'. (LINT-29)
Warning: In design 'Eval_32', input port 'io_in_0[24]' is connected directly to output port 'io_out_6[24]'. (LINT-29)
Warning: In design 'Eval_32', input port 'io_in_0[23]' is connected directly to output port 'io_out_6[23]'. (LINT-29)
Warning: In design 'Eval_32', input port 'io_in_0[22]' is connected directly to output port 'io_out_6[22]'. (LINT-29)
Warning: In design 'Eval_32', input port 'io_in_0[21]' is connected directly to output port 'io_out_6[21]'. (LINT-29)
Warning: In design 'Eval_32', input port 'io_in_0[20]' is connected directly to output port 'io_out_6[20]'. (LINT-29)
Warning: In design 'Eval_32', input port 'io_in_0[19]' is connected directly to output port 'io_out_6[19]'. (LINT-29)
Warning: In design 'Eval_32', input port 'io_in_0[18]' is connected directly to output port 'io_out_6[18]'. (LINT-29)
Warning: In design 'Eval_32', input port 'io_in_0[17]' is connected directly to output port 'io_out_6[17]'. (LINT-29)
Warning: In design 'Eval_32', input port 'io_in_0[16]' is connected directly to output port 'io_out_6[16]'. (LINT-29)
Warning: In design 'Eval_32', input port 'io_in_0[15]' is connected directly to output port 'io_out_6[15]'. (LINT-29)
Warning: In design 'Eval_32', input port 'io_in_0[14]' is connected directly to output port 'io_out_6[14]'. (LINT-29)
Warning: In design 'Eval_32', input port 'io_in_0[13]' is connected directly to output port 'io_out_6[13]'. (LINT-29)
Warning: In design 'Eval_32', input port 'io_in_0[12]' is connected directly to output port 'io_out_6[12]'. (LINT-29)
Warning: In design 'Eval_32', input port 'io_in_0[11]' is connected directly to output port 'io_out_6[11]'. (LINT-29)
Warning: In design 'Eval_32', input port 'io_in_0[10]' is connected directly to output port 'io_out_6[10]'. (LINT-29)
Warning: In design 'Eval_32', input port 'io_in_0[9]' is connected directly to output port 'io_out_6[9]'. (LINT-29)
Warning: In design 'Eval_32', input port 'io_in_0[8]' is connected directly to output port 'io_out_6[8]'. (LINT-29)
Warning: In design 'Eval_32', input port 'io_in_0[7]' is connected directly to output port 'io_out_6[7]'. (LINT-29)
Warning: In design 'Eval_32', input port 'io_in_0[6]' is connected directly to output port 'io_out_6[6]'. (LINT-29)
Warning: In design 'Eval_32', input port 'io_in_0[5]' is connected directly to output port 'io_out_6[5]'. (LINT-29)
Warning: In design 'Eval_32', input port 'io_in_0[4]' is connected directly to output port 'io_out_6[4]'. (LINT-29)
Warning: In design 'Eval_32', input port 'io_in_0[3]' is connected directly to output port 'io_out_6[3]'. (LINT-29)
Warning: In design 'Eval_32', input port 'io_in_0[2]' is connected directly to output port 'io_out_6[2]'. (LINT-29)
Warning: In design 'Eval_32', input port 'io_in_0[1]' is connected directly to output port 'io_out_6[1]'. (LINT-29)
Warning: In design 'Eval_32', input port 'io_in_0[0]' is connected directly to output port 'io_out_6[0]'. (LINT-29)
Warning: In design 'Eval_32', input port 'io_in_3[36]' is connected directly to output port 'io_out_0[36]'. (LINT-29)
Warning: In design 'Eval_32', input port 'io_in_3[35]' is connected directly to output port 'io_out_0[35]'. (LINT-29)
Warning: In design 'Eval_32', input port 'io_in_3[34]' is connected directly to output port 'io_out_0[34]'. (LINT-29)
Warning: In design 'Eval_32', input port 'io_in_3[33]' is connected directly to output port 'io_out_0[33]'. (LINT-29)
Warning: In design 'Eval_32', input port 'io_in_3[32]' is connected directly to output port 'io_out_0[32]'. (LINT-29)
Warning: In design 'Eval_32', input port 'io_in_3[31]' is connected directly to output port 'io_out_0[31]'. (LINT-29)
Warning: In design 'Eval_32', input port 'io_in_3[30]' is connected directly to output port 'io_out_0[30]'. (LINT-29)
Warning: In design 'Eval_32', input port 'io_in_3[29]' is connected directly to output port 'io_out_0[29]'. (LINT-29)
Warning: In design 'Eval_32', input port 'io_in_3[28]' is connected directly to output port 'io_out_0[28]'. (LINT-29)
Warning: In design 'Eval_32', input port 'io_in_3[27]' is connected directly to output port 'io_out_0[27]'. (LINT-29)
Warning: In design 'Eval_32', input port 'io_in_3[26]' is connected directly to output port 'io_out_0[26]'. (LINT-29)
Warning: In design 'Eval_32', input port 'io_in_3[25]' is connected directly to output port 'io_out_0[25]'. (LINT-29)
Warning: In design 'Eval_32', input port 'io_in_3[24]' is connected directly to output port 'io_out_0[24]'. (LINT-29)
Warning: In design 'Eval_32', input port 'io_in_3[23]' is connected directly to output port 'io_out_0[23]'. (LINT-29)
Warning: In design 'Eval_32', input port 'io_in_3[22]' is connected directly to output port 'io_out_0[22]'. (LINT-29)
Warning: In design 'Eval_32', input port 'io_in_3[21]' is connected directly to output port 'io_out_0[21]'. (LINT-29)
Warning: In design 'Eval_32', input port 'io_in_3[20]' is connected directly to output port 'io_out_0[20]'. (LINT-29)
Warning: In design 'Eval_32', input port 'io_in_3[19]' is connected directly to output port 'io_out_0[19]'. (LINT-29)
Warning: In design 'Eval_32', input port 'io_in_3[18]' is connected directly to output port 'io_out_0[18]'. (LINT-29)
Warning: In design 'Eval_32', input port 'io_in_3[17]' is connected directly to output port 'io_out_0[17]'. (LINT-29)
Warning: In design 'Eval_32', input port 'io_in_3[16]' is connected directly to output port 'io_out_0[16]'. (LINT-29)
Warning: In design 'Eval_32', input port 'io_in_3[15]' is connected directly to output port 'io_out_0[15]'. (LINT-29)
Warning: In design 'Eval_32', input port 'io_in_3[14]' is connected directly to output port 'io_out_0[14]'. (LINT-29)
Warning: In design 'Eval_32', input port 'io_in_3[13]' is connected directly to output port 'io_out_0[13]'. (LINT-29)
Warning: In design 'Eval_32', input port 'io_in_3[12]' is connected directly to output port 'io_out_0[12]'. (LINT-29)
Warning: In design 'Eval_32', input port 'io_in_3[11]' is connected directly to output port 'io_out_0[11]'. (LINT-29)
Warning: In design 'Eval_32', input port 'io_in_3[10]' is connected directly to output port 'io_out_0[10]'. (LINT-29)
Warning: In design 'Eval_32', input port 'io_in_3[9]' is connected directly to output port 'io_out_0[9]'. (LINT-29)
Warning: In design 'Eval_32', input port 'io_in_3[8]' is connected directly to output port 'io_out_0[8]'. (LINT-29)
Warning: In design 'Eval_32', input port 'io_in_3[7]' is connected directly to output port 'io_out_0[7]'. (LINT-29)
Warning: In design 'Eval_32', input port 'io_in_3[6]' is connected directly to output port 'io_out_0[6]'. (LINT-29)
Warning: In design 'Eval_32', input port 'io_in_3[5]' is connected directly to output port 'io_out_0[5]'. (LINT-29)
Warning: In design 'Eval_32', input port 'io_in_3[4]' is connected directly to output port 'io_out_0[4]'. (LINT-29)
Warning: In design 'Eval_32', input port 'io_in_3[3]' is connected directly to output port 'io_out_0[3]'. (LINT-29)
Warning: In design 'Eval_32', input port 'io_in_3[2]' is connected directly to output port 'io_out_0[2]'. (LINT-29)
Warning: In design 'Eval_32', input port 'io_in_3[1]' is connected directly to output port 'io_out_0[1]'. (LINT-29)
Warning: In design 'Eval_32', input port 'io_in_3[0]' is connected directly to output port 'io_out_0[0]'. (LINT-29)
Warning: In design 'Eval_33', input port 'io_in_0[26]' is connected directly to output port 'io_out_6[26]'. (LINT-29)
Warning: In design 'Eval_33', input port 'io_in_0[25]' is connected directly to output port 'io_out_6[25]'. (LINT-29)
Warning: In design 'Eval_33', input port 'io_in_0[24]' is connected directly to output port 'io_out_6[24]'. (LINT-29)
Warning: In design 'Eval_33', input port 'io_in_0[23]' is connected directly to output port 'io_out_6[23]'. (LINT-29)
Warning: In design 'Eval_33', input port 'io_in_0[22]' is connected directly to output port 'io_out_6[22]'. (LINT-29)
Warning: In design 'Eval_33', input port 'io_in_0[21]' is connected directly to output port 'io_out_6[21]'. (LINT-29)
Warning: In design 'Eval_33', input port 'io_in_0[20]' is connected directly to output port 'io_out_6[20]'. (LINT-29)
Warning: In design 'Eval_33', input port 'io_in_0[19]' is connected directly to output port 'io_out_6[19]'. (LINT-29)
Warning: In design 'Eval_33', input port 'io_in_0[18]' is connected directly to output port 'io_out_6[18]'. (LINT-29)
Warning: In design 'Eval_33', input port 'io_in_0[17]' is connected directly to output port 'io_out_6[17]'. (LINT-29)
Warning: In design 'Eval_33', input port 'io_in_0[16]' is connected directly to output port 'io_out_6[16]'. (LINT-29)
Warning: In design 'Eval_33', input port 'io_in_0[15]' is connected directly to output port 'io_out_6[15]'. (LINT-29)
Warning: In design 'Eval_33', input port 'io_in_0[14]' is connected directly to output port 'io_out_6[14]'. (LINT-29)
Warning: In design 'Eval_33', input port 'io_in_0[13]' is connected directly to output port 'io_out_6[13]'. (LINT-29)
Warning: In design 'Eval_33', input port 'io_in_0[12]' is connected directly to output port 'io_out_6[12]'. (LINT-29)
Warning: In design 'Eval_33', input port 'io_in_0[11]' is connected directly to output port 'io_out_6[11]'. (LINT-29)
Warning: In design 'Eval_33', input port 'io_in_0[10]' is connected directly to output port 'io_out_6[10]'. (LINT-29)
Warning: In design 'Eval_33', input port 'io_in_0[9]' is connected directly to output port 'io_out_6[9]'. (LINT-29)
Warning: In design 'Eval_33', input port 'io_in_0[8]' is connected directly to output port 'io_out_6[8]'. (LINT-29)
Warning: In design 'Eval_33', input port 'io_in_0[7]' is connected directly to output port 'io_out_6[7]'. (LINT-29)
Warning: In design 'Eval_33', input port 'io_in_0[6]' is connected directly to output port 'io_out_6[6]'. (LINT-29)
Warning: In design 'Eval_33', input port 'io_in_0[5]' is connected directly to output port 'io_out_6[5]'. (LINT-29)
Warning: In design 'Eval_33', input port 'io_in_0[4]' is connected directly to output port 'io_out_6[4]'. (LINT-29)
Warning: In design 'Eval_33', input port 'io_in_0[3]' is connected directly to output port 'io_out_6[3]'. (LINT-29)
Warning: In design 'Eval_33', input port 'io_in_0[2]' is connected directly to output port 'io_out_6[2]'. (LINT-29)
Warning: In design 'Eval_33', input port 'io_in_0[1]' is connected directly to output port 'io_out_6[1]'. (LINT-29)
Warning: In design 'Eval_33', input port 'io_in_0[0]' is connected directly to output port 'io_out_6[0]'. (LINT-29)
Warning: In design 'Eval_33', input port 'io_in_3[26]' is connected directly to output port 'io_out_0[26]'. (LINT-29)
Warning: In design 'Eval_33', input port 'io_in_3[25]' is connected directly to output port 'io_out_0[25]'. (LINT-29)
Warning: In design 'Eval_33', input port 'io_in_3[24]' is connected directly to output port 'io_out_0[24]'. (LINT-29)
Warning: In design 'Eval_33', input port 'io_in_3[23]' is connected directly to output port 'io_out_0[23]'. (LINT-29)
Warning: In design 'Eval_33', input port 'io_in_3[22]' is connected directly to output port 'io_out_0[22]'. (LINT-29)
Warning: In design 'Eval_33', input port 'io_in_3[21]' is connected directly to output port 'io_out_0[21]'. (LINT-29)
Warning: In design 'Eval_33', input port 'io_in_3[20]' is connected directly to output port 'io_out_0[20]'. (LINT-29)
Warning: In design 'Eval_33', input port 'io_in_3[19]' is connected directly to output port 'io_out_0[19]'. (LINT-29)
Warning: In design 'Eval_33', input port 'io_in_3[18]' is connected directly to output port 'io_out_0[18]'. (LINT-29)
Warning: In design 'Eval_33', input port 'io_in_3[17]' is connected directly to output port 'io_out_0[17]'. (LINT-29)
Warning: In design 'Eval_33', input port 'io_in_3[16]' is connected directly to output port 'io_out_0[16]'. (LINT-29)
Warning: In design 'Eval_33', input port 'io_in_3[15]' is connected directly to output port 'io_out_0[15]'. (LINT-29)
Warning: In design 'Eval_33', input port 'io_in_3[14]' is connected directly to output port 'io_out_0[14]'. (LINT-29)
Warning: In design 'Eval_33', input port 'io_in_3[13]' is connected directly to output port 'io_out_0[13]'. (LINT-29)
Warning: In design 'Eval_33', input port 'io_in_3[12]' is connected directly to output port 'io_out_0[12]'. (LINT-29)
Warning: In design 'Eval_33', input port 'io_in_3[11]' is connected directly to output port 'io_out_0[11]'. (LINT-29)
Warning: In design 'Eval_33', input port 'io_in_3[10]' is connected directly to output port 'io_out_0[10]'. (LINT-29)
Warning: In design 'Eval_33', input port 'io_in_3[9]' is connected directly to output port 'io_out_0[9]'. (LINT-29)
Warning: In design 'Eval_33', input port 'io_in_3[8]' is connected directly to output port 'io_out_0[8]'. (LINT-29)
Warning: In design 'Eval_33', input port 'io_in_3[7]' is connected directly to output port 'io_out_0[7]'. (LINT-29)
Warning: In design 'Eval_33', input port 'io_in_3[6]' is connected directly to output port 'io_out_0[6]'. (LINT-29)
Warning: In design 'Eval_33', input port 'io_in_3[5]' is connected directly to output port 'io_out_0[5]'. (LINT-29)
Warning: In design 'Eval_33', input port 'io_in_3[4]' is connected directly to output port 'io_out_0[4]'. (LINT-29)
Warning: In design 'Eval_33', input port 'io_in_3[3]' is connected directly to output port 'io_out_0[3]'. (LINT-29)
Warning: In design 'Eval_33', input port 'io_in_3[2]' is connected directly to output port 'io_out_0[2]'. (LINT-29)
Warning: In design 'Eval_33', input port 'io_in_3[1]' is connected directly to output port 'io_out_0[1]'. (LINT-29)
Warning: In design 'Eval_33', input port 'io_in_3[0]' is connected directly to output port 'io_out_0[0]'. (LINT-29)
Warning: In design 'Eval', output port 'io_out_0[36]' is connected directly to output port 'io_out_6[28]'. (LINT-31)
Warning: In design 'Eval', output port 'io_out_0[36]' is connected directly to output port 'io_out_6[29]'. (LINT-31)
Warning: In design 'Eval', output port 'io_out_0[36]' is connected directly to output port 'io_out_6[30]'. (LINT-31)
Warning: In design 'Eval', output port 'io_out_0[36]' is connected directly to output port 'io_out_6[31]'. (LINT-31)
Warning: In design 'Eval', output port 'io_out_0[36]' is connected directly to output port 'io_out_6[32]'. (LINT-31)
Warning: In design 'Eval', output port 'io_out_0[36]' is connected directly to output port 'io_out_6[33]'. (LINT-31)
Warning: In design 'Eval', output port 'io_out_0[36]' is connected directly to output port 'io_out_6[34]'. (LINT-31)
Warning: In design 'Eval', output port 'io_out_0[36]' is connected directly to output port 'io_out_6[35]'. (LINT-31)
Warning: In design 'Eval', output port 'io_out_0[36]' is connected directly to output port 'io_out_6[36]'. (LINT-31)
Warning: In design 'Eval', output port 'io_out_0[36]' is connected directly to output port 'io_out_4[33]'. (LINT-31)
Warning: In design 'Eval', output port 'io_out_0[36]' is connected directly to output port 'io_out_4[34]'. (LINT-31)
Warning: In design 'Eval', output port 'io_out_0[36]' is connected directly to output port 'io_out_4[35]'. (LINT-31)
Warning: In design 'Eval', output port 'io_out_0[36]' is connected directly to output port 'io_out_4[36]'. (LINT-31)
Warning: In design 'Eval', output port 'io_out_0[36]' is connected directly to output port 'io_out_2[30]'. (LINT-31)
Warning: In design 'Eval', output port 'io_out_0[36]' is connected directly to output port 'io_out_2[31]'. (LINT-31)
Warning: In design 'Eval', output port 'io_out_0[36]' is connected directly to output port 'io_out_2[32]'. (LINT-31)
Warning: In design 'Eval', output port 'io_out_0[36]' is connected directly to output port 'io_out_2[33]'. (LINT-31)
Warning: In design 'Eval', output port 'io_out_0[36]' is connected directly to output port 'io_out_2[34]'. (LINT-31)
Warning: In design 'Eval', output port 'io_out_0[36]' is connected directly to output port 'io_out_2[35]'. (LINT-31)
Warning: In design 'Eval', output port 'io_out_0[36]' is connected directly to output port 'io_out_2[36]'. (LINT-31)
Warning: In design 'Eval', output port 'io_out_0[36]' is connected directly to output port 'io_out_1[34]'. (LINT-31)
Warning: In design 'Eval', output port 'io_out_0[36]' is connected directly to output port 'io_out_1[35]'. (LINT-31)
Warning: In design 'Eval', output port 'io_out_0[36]' is connected directly to output port 'io_out_1[36]'. (LINT-31)
Warning: In design 'Eval', output port 'io_out_0[36]' is connected directly to output port 'io_out_0[28]'. (LINT-31)
Warning: In design 'Eval', output port 'io_out_0[36]' is connected directly to output port 'io_out_0[29]'. (LINT-31)
Warning: In design 'Eval', output port 'io_out_0[36]' is connected directly to output port 'io_out_0[30]'. (LINT-31)
Warning: In design 'Eval', output port 'io_out_0[36]' is connected directly to output port 'io_out_0[31]'. (LINT-31)
Warning: In design 'Eval', output port 'io_out_0[36]' is connected directly to output port 'io_out_0[32]'. (LINT-31)
Warning: In design 'Eval', output port 'io_out_0[36]' is connected directly to output port 'io_out_0[33]'. (LINT-31)
Warning: In design 'Eval', output port 'io_out_0[36]' is connected directly to output port 'io_out_0[34]'. (LINT-31)
Warning: In design 'Eval', output port 'io_out_0[36]' is connected directly to output port 'io_out_0[35]'. (LINT-31)
Warning: In design 'Eval', output port 'io_out_3[36]' is connected directly to output port 'io_out_3[30]'. (LINT-31)
Warning: In design 'Eval', output port 'io_out_3[36]' is connected directly to output port 'io_out_3[31]'. (LINT-31)
Warning: In design 'Eval', output port 'io_out_3[36]' is connected directly to output port 'io_out_3[32]'. (LINT-31)
Warning: In design 'Eval', output port 'io_out_3[36]' is connected directly to output port 'io_out_3[33]'. (LINT-31)
Warning: In design 'Eval', output port 'io_out_3[36]' is connected directly to output port 'io_out_3[34]'. (LINT-31)
Warning: In design 'Eval', output port 'io_out_3[36]' is connected directly to output port 'io_out_3[35]'. (LINT-31)
Warning: In design 'Eval', output port 'io_out_5[36]' is connected directly to output port 'io_out_5[33]'. (LINT-31)
Warning: In design 'Eval', output port 'io_out_5[36]' is connected directly to output port 'io_out_5[34]'. (LINT-31)
Warning: In design 'Eval', output port 'io_out_5[36]' is connected directly to output port 'io_out_5[35]'. (LINT-31)
Warning: In design 'Eval_1', output port 'io_out_0[26]' is connected directly to output port 'io_out_6[14]'. (LINT-31)
Warning: In design 'Eval_1', output port 'io_out_0[26]' is connected directly to output port 'io_out_6[15]'. (LINT-31)
Warning: In design 'Eval_1', output port 'io_out_0[26]' is connected directly to output port 'io_out_6[16]'. (LINT-31)
Warning: In design 'Eval_1', output port 'io_out_0[26]' is connected directly to output port 'io_out_6[17]'. (LINT-31)
Warning: In design 'Eval_1', output port 'io_out_0[26]' is connected directly to output port 'io_out_6[18]'. (LINT-31)
Warning: In design 'Eval_1', output port 'io_out_0[26]' is connected directly to output port 'io_out_6[19]'. (LINT-31)
Warning: In design 'Eval_1', output port 'io_out_0[26]' is connected directly to output port 'io_out_6[20]'. (LINT-31)
Warning: In design 'Eval_1', output port 'io_out_0[26]' is connected directly to output port 'io_out_6[21]'. (LINT-31)
Warning: In design 'Eval_1', output port 'io_out_0[26]' is connected directly to output port 'io_out_6[22]'. (LINT-31)
Warning: In design 'Eval_1', output port 'io_out_0[26]' is connected directly to output port 'io_out_6[23]'. (LINT-31)
Warning: In design 'Eval_1', output port 'io_out_0[26]' is connected directly to output port 'io_out_6[24]'. (LINT-31)
Warning: In design 'Eval_1', output port 'io_out_0[26]' is connected directly to output port 'io_out_6[25]'. (LINT-31)
Warning: In design 'Eval_1', output port 'io_out_0[26]' is connected directly to output port 'io_out_6[26]'. (LINT-31)
Warning: In design 'Eval_1', output port 'io_out_0[26]' is connected directly to output port 'io_out_4[19]'. (LINT-31)
Warning: In design 'Eval_1', output port 'io_out_0[26]' is connected directly to output port 'io_out_4[20]'. (LINT-31)
Warning: In design 'Eval_1', output port 'io_out_0[26]' is connected directly to output port 'io_out_4[21]'. (LINT-31)
Warning: In design 'Eval_1', output port 'io_out_0[26]' is connected directly to output port 'io_out_4[22]'. (LINT-31)
Warning: In design 'Eval_1', output port 'io_out_0[26]' is connected directly to output port 'io_out_4[23]'. (LINT-31)
Warning: In design 'Eval_1', output port 'io_out_0[26]' is connected directly to output port 'io_out_4[24]'. (LINT-31)
Warning: In design 'Eval_1', output port 'io_out_0[26]' is connected directly to output port 'io_out_4[25]'. (LINT-31)
Warning: In design 'Eval_1', output port 'io_out_0[26]' is connected directly to output port 'io_out_4[26]'. (LINT-31)
Warning: In design 'Eval_1', output port 'io_out_0[26]' is connected directly to output port 'io_out_2[16]'. (LINT-31)
Warning: In design 'Eval_1', output port 'io_out_0[26]' is connected directly to output port 'io_out_2[17]'. (LINT-31)
Warning: In design 'Eval_1', output port 'io_out_0[26]' is connected directly to output port 'io_out_2[18]'. (LINT-31)
Warning: In design 'Eval_1', output port 'io_out_0[26]' is connected directly to output port 'io_out_2[19]'. (LINT-31)
Warning: In design 'Eval_1', output port 'io_out_0[26]' is connected directly to output port 'io_out_2[20]'. (LINT-31)
Warning: In design 'Eval_1', output port 'io_out_0[26]' is connected directly to output port 'io_out_2[21]'. (LINT-31)
Warning: In design 'Eval_1', output port 'io_out_0[26]' is connected directly to output port 'io_out_2[22]'. (LINT-31)
Warning: In design 'Eval_1', output port 'io_out_0[26]' is connected directly to output port 'io_out_2[23]'. (LINT-31)
Warning: In design 'Eval_1', output port 'io_out_0[26]' is connected directly to output port 'io_out_2[24]'. (LINT-31)
Warning: In design 'Eval_1', output port 'io_out_0[26]' is connected directly to output port 'io_out_2[25]'. (LINT-31)
Warning: In design 'Eval_1', output port 'io_out_0[26]' is connected directly to output port 'io_out_2[26]'. (LINT-31)
Warning: In design 'Eval_1', output port 'io_out_0[26]' is connected directly to output port 'io_out_1[20]'. (LINT-31)
Warning: In design 'Eval_1', output port 'io_out_0[26]' is connected directly to output port 'io_out_1[21]'. (LINT-31)
Warning: In design 'Eval_1', output port 'io_out_0[26]' is connected directly to output port 'io_out_1[22]'. (LINT-31)
Warning: In design 'Eval_1', output port 'io_out_0[26]' is connected directly to output port 'io_out_1[23]'. (LINT-31)
Warning: In design 'Eval_1', output port 'io_out_0[26]' is connected directly to output port 'io_out_1[24]'. (LINT-31)
Warning: In design 'Eval_1', output port 'io_out_0[26]' is connected directly to output port 'io_out_1[25]'. (LINT-31)
Warning: In design 'Eval_1', output port 'io_out_0[26]' is connected directly to output port 'io_out_1[26]'. (LINT-31)
Warning: In design 'Eval_1', output port 'io_out_0[26]' is connected directly to output port 'io_out_0[14]'. (LINT-31)
Warning: In design 'Eval_1', output port 'io_out_0[26]' is connected directly to output port 'io_out_0[15]'. (LINT-31)
Warning: In design 'Eval_1', output port 'io_out_0[26]' is connected directly to output port 'io_out_0[16]'. (LINT-31)
Warning: In design 'Eval_1', output port 'io_out_0[26]' is connected directly to output port 'io_out_0[17]'. (LINT-31)
Warning: In design 'Eval_1', output port 'io_out_0[26]' is connected directly to output port 'io_out_0[18]'. (LINT-31)
Warning: In design 'Eval_1', output port 'io_out_0[26]' is connected directly to output port 'io_out_0[19]'. (LINT-31)
Warning: In design 'Eval_1', output port 'io_out_0[26]' is connected directly to output port 'io_out_0[20]'. (LINT-31)
Warning: In design 'Eval_1', output port 'io_out_0[26]' is connected directly to output port 'io_out_0[21]'. (LINT-31)
Warning: In design 'Eval_1', output port 'io_out_0[26]' is connected directly to output port 'io_out_0[22]'. (LINT-31)
Warning: In design 'Eval_1', output port 'io_out_0[26]' is connected directly to output port 'io_out_0[23]'. (LINT-31)
Warning: In design 'Eval_1', output port 'io_out_0[26]' is connected directly to output port 'io_out_0[24]'. (LINT-31)
Warning: In design 'Eval_1', output port 'io_out_0[26]' is connected directly to output port 'io_out_0[25]'. (LINT-31)
Warning: In design 'Eval_1', output port 'io_out_3[26]' is connected directly to output port 'io_out_3[16]'. (LINT-31)
Warning: In design 'Eval_1', output port 'io_out_3[26]' is connected directly to output port 'io_out_3[17]'. (LINT-31)
Warning: In design 'Eval_1', output port 'io_out_3[26]' is connected directly to output port 'io_out_3[18]'. (LINT-31)
Warning: In design 'Eval_1', output port 'io_out_3[26]' is connected directly to output port 'io_out_3[19]'. (LINT-31)
Warning: In design 'Eval_1', output port 'io_out_3[26]' is connected directly to output port 'io_out_3[20]'. (LINT-31)
Warning: In design 'Eval_1', output port 'io_out_3[26]' is connected directly to output port 'io_out_3[21]'. (LINT-31)
Warning: In design 'Eval_1', output port 'io_out_3[26]' is connected directly to output port 'io_out_3[22]'. (LINT-31)
Warning: In design 'Eval_1', output port 'io_out_3[26]' is connected directly to output port 'io_out_3[23]'. (LINT-31)
Warning: In design 'Eval_1', output port 'io_out_3[26]' is connected directly to output port 'io_out_3[24]'. (LINT-31)
Warning: In design 'Eval_1', output port 'io_out_3[26]' is connected directly to output port 'io_out_3[25]'. (LINT-31)
Warning: In design 'Eval_1', output port 'io_out_5[26]' is connected directly to output port 'io_out_5[19]'. (LINT-31)
Warning: In design 'Eval_1', output port 'io_out_5[26]' is connected directly to output port 'io_out_5[20]'. (LINT-31)
Warning: In design 'Eval_1', output port 'io_out_5[26]' is connected directly to output port 'io_out_5[21]'. (LINT-31)
Warning: In design 'Eval_1', output port 'io_out_5[26]' is connected directly to output port 'io_out_5[22]'. (LINT-31)
Warning: In design 'Eval_1', output port 'io_out_5[26]' is connected directly to output port 'io_out_5[23]'. (LINT-31)
Warning: In design 'Eval_1', output port 'io_out_5[26]' is connected directly to output port 'io_out_5[24]'. (LINT-31)
Warning: In design 'Eval_1', output port 'io_out_5[26]' is connected directly to output port 'io_out_5[25]'. (LINT-31)
Warning: In design 'Eval', output port 'io_out_0[36]' is connected directly to 'logic 0'. (LINT-52)
Warning: In design 'Eval', output port 'io_out_0[35]' is connected directly to 'logic 0'. (LINT-52)
Warning: In design 'Eval', output port 'io_out_0[34]' is connected directly to 'logic 0'. (LINT-52)
Warning: In design 'Eval', output port 'io_out_0[33]' is connected directly to 'logic 0'. (LINT-52)
Warning: In design 'Eval', output port 'io_out_0[32]' is connected directly to 'logic 0'. (LINT-52)
Warning: In design 'Eval', output port 'io_out_0[31]' is connected directly to 'logic 0'. (LINT-52)
Warning: In design 'Eval', output port 'io_out_0[30]' is connected directly to 'logic 0'. (LINT-52)
Warning: In design 'Eval', output port 'io_out_0[29]' is connected directly to 'logic 0'. (LINT-52)
Warning: In design 'Eval', output port 'io_out_0[28]' is connected directly to 'logic 0'. (LINT-52)
Warning: In design 'Eval', output port 'io_out_1[36]' is connected directly to 'logic 0'. (LINT-52)
Warning: In design 'Eval', output port 'io_out_1[35]' is connected directly to 'logic 0'. (LINT-52)
Warning: In design 'Eval', output port 'io_out_1[34]' is connected directly to 'logic 0'. (LINT-52)
Warning: In design 'Eval', output port 'io_out_2[36]' is connected directly to 'logic 0'. (LINT-52)
Warning: In design 'Eval', output port 'io_out_2[35]' is connected directly to 'logic 0'. (LINT-52)
Warning: In design 'Eval', output port 'io_out_2[34]' is connected directly to 'logic 0'. (LINT-52)
Warning: In design 'Eval', output port 'io_out_2[33]' is connected directly to 'logic 0'. (LINT-52)
Warning: In design 'Eval', output port 'io_out_2[32]' is connected directly to 'logic 0'. (LINT-52)
Warning: In design 'Eval', output port 'io_out_2[31]' is connected directly to 'logic 0'. (LINT-52)
Warning: In design 'Eval', output port 'io_out_2[30]' is connected directly to 'logic 0'. (LINT-52)
Warning: In design 'Eval', output port 'io_out_4[36]' is connected directly to 'logic 0'. (LINT-52)
Warning: In design 'Eval', output port 'io_out_4[35]' is connected directly to 'logic 0'. (LINT-52)
Warning: In design 'Eval', output port 'io_out_4[34]' is connected directly to 'logic 0'. (LINT-52)
Warning: In design 'Eval', output port 'io_out_4[33]' is connected directly to 'logic 0'. (LINT-52)
Warning: In design 'Eval', output port 'io_out_6[36]' is connected directly to 'logic 0'. (LINT-52)
Warning: In design 'Eval', output port 'io_out_6[35]' is connected directly to 'logic 0'. (LINT-52)
Warning: In design 'Eval', output port 'io_out_6[34]' is connected directly to 'logic 0'. (LINT-52)
Warning: In design 'Eval', output port 'io_out_6[33]' is connected directly to 'logic 0'. (LINT-52)
Warning: In design 'Eval', output port 'io_out_6[32]' is connected directly to 'logic 0'. (LINT-52)
Warning: In design 'Eval', output port 'io_out_6[31]' is connected directly to 'logic 0'. (LINT-52)
Warning: In design 'Eval', output port 'io_out_6[30]' is connected directly to 'logic 0'. (LINT-52)
Warning: In design 'Eval', output port 'io_out_6[29]' is connected directly to 'logic 0'. (LINT-52)
Warning: In design 'Eval', output port 'io_out_6[28]' is connected directly to 'logic 0'. (LINT-52)
Warning: In design 'Eval_1', output port 'io_out_0[26]' is connected directly to 'logic 0'. (LINT-52)
Warning: In design 'Eval_1', output port 'io_out_0[25]' is connected directly to 'logic 0'. (LINT-52)
Warning: In design 'Eval_1', output port 'io_out_0[24]' is connected directly to 'logic 0'. (LINT-52)
Warning: In design 'Eval_1', output port 'io_out_0[23]' is connected directly to 'logic 0'. (LINT-52)
Warning: In design 'Eval_1', output port 'io_out_0[22]' is connected directly to 'logic 0'. (LINT-52)
Warning: In design 'Eval_1', output port 'io_out_0[21]' is connected directly to 'logic 0'. (LINT-52)
Warning: In design 'Eval_1', output port 'io_out_0[20]' is connected directly to 'logic 0'. (LINT-52)
Warning: In design 'Eval_1', output port 'io_out_0[19]' is connected directly to 'logic 0'. (LINT-52)
Warning: In design 'Eval_1', output port 'io_out_0[18]' is connected directly to 'logic 0'. (LINT-52)
Warning: In design 'Eval_1', output port 'io_out_0[17]' is connected directly to 'logic 0'. (LINT-52)
Warning: In design 'Eval_1', output port 'io_out_0[16]' is connected directly to 'logic 0'. (LINT-52)
Warning: In design 'Eval_1', output port 'io_out_0[15]' is connected directly to 'logic 0'. (LINT-52)
Warning: In design 'Eval_1', output port 'io_out_0[14]' is connected directly to 'logic 0'. (LINT-52)
Warning: In design 'Eval_1', output port 'io_out_1[26]' is connected directly to 'logic 0'. (LINT-52)
Warning: In design 'Eval_1', output port 'io_out_1[25]' is connected directly to 'logic 0'. (LINT-52)
Warning: In design 'Eval_1', output port 'io_out_1[24]' is connected directly to 'logic 0'. (LINT-52)
Warning: In design 'Eval_1', output port 'io_out_1[23]' is connected directly to 'logic 0'. (LINT-52)
Warning: In design 'Eval_1', output port 'io_out_1[22]' is connected directly to 'logic 0'. (LINT-52)
Warning: In design 'Eval_1', output port 'io_out_1[21]' is connected directly to 'logic 0'. (LINT-52)
Warning: In design 'Eval_1', output port 'io_out_1[20]' is connected directly to 'logic 0'. (LINT-52)
Warning: In design 'Eval_1', output port 'io_out_2[26]' is connected directly to 'logic 0'. (LINT-52)
Warning: In design 'Eval_1', output port 'io_out_2[25]' is connected directly to 'logic 0'. (LINT-52)
Warning: In design 'Eval_1', output port 'io_out_2[24]' is connected directly to 'logic 0'. (LINT-52)
Warning: In design 'Eval_1', output port 'io_out_2[23]' is connected directly to 'logic 0'. (LINT-52)
Warning: In design 'Eval_1', output port 'io_out_2[22]' is connected directly to 'logic 0'. (LINT-52)
Warning: In design 'Eval_1', output port 'io_out_2[21]' is connected directly to 'logic 0'. (LINT-52)
Warning: In design 'Eval_1', output port 'io_out_2[20]' is connected directly to 'logic 0'. (LINT-52)
Warning: In design 'Eval_1', output port 'io_out_2[19]' is connected directly to 'logic 0'. (LINT-52)
Warning: In design 'Eval_1', output port 'io_out_2[18]' is connected directly to 'logic 0'. (LINT-52)
Warning: In design 'Eval_1', output port 'io_out_2[17]' is connected directly to 'logic 0'. (LINT-52)
Warning: In design 'Eval_1', output port 'io_out_2[16]' is connected directly to 'logic 0'. (LINT-52)
Warning: In design 'Eval_1', output port 'io_out_4[26]' is connected directly to 'logic 0'. (LINT-52)
Warning: In design 'Eval_1', output port 'io_out_4[25]' is connected directly to 'logic 0'. (LINT-52)
Warning: In design 'Eval_1', output port 'io_out_4[24]' is connected directly to 'logic 0'. (LINT-52)
Warning: In design 'Eval_1', output port 'io_out_4[23]' is connected directly to 'logic 0'. (LINT-52)
Warning: In design 'Eval_1', output port 'io_out_4[22]' is connected directly to 'logic 0'. (LINT-52)
Warning: In design 'Eval_1', output port 'io_out_4[21]' is connected directly to 'logic 0'. (LINT-52)
Warning: In design 'Eval_1', output port 'io_out_4[20]' is connected directly to 'logic 0'. (LINT-52)
Warning: In design 'Eval_1', output port 'io_out_4[19]' is connected directly to 'logic 0'. (LINT-52)
Warning: In design 'Eval_1', output port 'io_out_6[26]' is connected directly to 'logic 0'. (LINT-52)
Warning: In design 'Eval_1', output port 'io_out_6[25]' is connected directly to 'logic 0'. (LINT-52)
Warning: In design 'Eval_1', output port 'io_out_6[24]' is connected directly to 'logic 0'. (LINT-52)
Warning: In design 'Eval_1', output port 'io_out_6[23]' is connected directly to 'logic 0'. (LINT-52)
Warning: In design 'Eval_1', output port 'io_out_6[22]' is connected directly to 'logic 0'. (LINT-52)
Warning: In design 'Eval_1', output port 'io_out_6[21]' is connected directly to 'logic 0'. (LINT-52)
Warning: In design 'Eval_1', output port 'io_out_6[20]' is connected directly to 'logic 0'. (LINT-52)
Warning: In design 'Eval_1', output port 'io_out_6[19]' is connected directly to 'logic 0'. (LINT-52)
Warning: In design 'Eval_1', output port 'io_out_6[18]' is connected directly to 'logic 0'. (LINT-52)
Warning: In design 'Eval_1', output port 'io_out_6[17]' is connected directly to 'logic 0'. (LINT-52)
Warning: In design 'Eval_1', output port 'io_out_6[16]' is connected directly to 'logic 0'. (LINT-52)
Warning: In design 'Eval_1', output port 'io_out_6[15]' is connected directly to 'logic 0'. (LINT-52)
Warning: In design 'Eval_1', output port 'io_out_6[14]' is connected directly to 'logic 0'. (LINT-52)
1
