 
****************************************
Report : area
Design : core16_a36_b14_c36
Version: O-2018.06-SP5
Date   : Tue May 12 18:07:44 2026
****************************************

Library(s) Used:

    tcbn28hpcplusbwp40p140lvtssg0p81vm40c_ccs (File: /export1/Library/TN28HPC+/STD_CELL_ext/track9_200824/TSMCHOME/digital/Front_End/timing_power_noise/CCS/tcbn28hpcplusbwp40p140lvt_180a/tcbn28hpcplusbwp40p140lvtssg0p81vm40c_ccs.db)
    tcbn28hpcplusbwp40p140ssg0p81vm40c_ccs (File: /export1/Library/TN28HPC+/STD_CELL_ext/track9_200824/TSMCHOME/digital/Front_End/timing_power_noise/CCS/tcbn28hpcplusbwp40p140_180a/tcbn28hpcplusbwp40p140ssg0p81vm40c_ccs.db)
    tcbn28hpcplusbwp40p140hvtssg0p81vm40c_ccs (File: /export1/Library/TN28HPC+/STD_CELL_ext/track9_200824/TSMCHOME/digital/Front_End/timing_power_noise/CCS/tcbn28hpcplusbwp40p140hvt_180a/tcbn28hpcplusbwp40p140hvtssg0p81vm40c_ccs.db)

Number of ports:                        46336
Number of nets:                        156589
Number of cells:                        82633
Number of combinational cells:          77198
Number of sequential cells:              4789
Number of macros/black boxes:               0
Number of buf/inv:                       9019
Number of references:                      21

Combinational area:              97354.528471
Buf/Inv area:                     2439.486020
Noncombinational area:            9647.316153
Macro/Black Box area:                0.000000
Net Interconnect area:      undefined  (Wire load has zero net area)

Total cell area:                107001.844623
Total area:                 undefined

Hierarchical area distribution
------------------------------

                                  Global cell area             Local cell area
                                  --------------------  ----------------------------- 
Hierarchical cell                 Absolute     Percent  Combi-      Noncombi-  Black-
                                  Total        Total    national    national   boxes   Design
--------------------------------  -----------  -------  ----------  ---------  ------  -------------------------------------------------
core16_a36_b14_c36                107001.8446    100.0      2.0160  2179.2960  0.0000  core16_a36_b14_c36
core4_0                            11482.3798     10.7      1.0080   587.6640  0.0000  core4_6
core4_0/evalA                        913.6260      0.9     27.7200     0.0000  0.0000  Eval_8_6
core4_0/evalA/DP_OP_54J13_128_8677    237.3840     0.2    237.3840     0.0000  0.0000  Eval_8_6_DP_OP_54J13_128_8677_J13_0
core4_0/evalA/DP_OP_55J13_129_6253    321.3000     0.3    321.3000     0.0000  0.0000  Eval_8_6_DP_OP_55J13_129_6253_J13_0
core4_0/evalA/DP_OP_56J13_130_5010    327.2220     0.3    327.2220     0.0000  0.0000  Eval_8_6_DP_OP_56J13_130_5010_J13_0
core4_0/evalB                        370.6920      0.3     11.9700     0.0000  0.0000  Eval_9_6
core4_0/evalB/DP_OP_54J11_128_9182     96.0120     0.1     96.0120     0.0000  0.0000  Eval_9_6_DP_OP_54J11_128_9182_J11_0
core4_0/evalB/DP_OP_55J11_129_1285    128.3940     0.1    128.3940     0.0000  0.0000  Eval_9_6_DP_OP_55J11_129_1285_J11_0
core4_0/evalB/DP_OP_56J11_130_8200    134.3160     0.1    134.3160     0.0000  0.0000  Eval_9_6_DP_OP_56J11_130_8200_J11_0
core4_0/interp                      3073.8960      2.9      0.7560   308.4480  0.0000  Interpolation_6
core4_0/interp/interp               2764.6920      2.6      0.2520     0.0000  0.0000  InterpolationComb_6
core4_0/interp/interp/DP_OP_106J15_122_5029   2764.4400     2.6  2764.4400    0.0000 0.0000 InterpolationComb_0_DP_OP_106J15_122_5029_J15_0_2
core4_0/mult_x_1                     773.0100      0.7    773.0100     0.0000  0.0000  core4_6_DW_mult_uns_J10_3
core4_0/mult_x_2                    1014.6780      0.9   1014.6780     0.0000  0.0000  core4_6_DW_mult_uns_J10_2
core4_0/mult_x_3                     900.9000      0.8    900.9000     0.0000  0.0000  core4_6_DW_mult_tc_J10_2
core4_0/mult_x_4                     966.7980      0.9    966.7980     0.0000  0.0000  core4_6_DW_mult_tc_J10_1
core4_0/mult_x_5                    1030.3020      1.0   1030.3020     0.0000  0.0000  core4_6_DW_mult_uns_J10_1
core4_0/mult_x_6                    1076.7960      1.0   1076.7960     0.0000  0.0000  core4_6_DW_mult_tc_J10_0
core4_0/mult_x_7                     773.0100      0.7    773.0100     0.0000  0.0000  core4_6_DW_mult_uns_J10_0
core4_1                            13026.0058     12.2      1.0080   587.4120  0.0000  core4_5
core4_1/evalA                        995.7780      0.9     31.5000     0.0000  0.0000  Eval_8_5
core4_1/evalA/DP_OP_53J13_122_4700    254.8980     0.2    254.8980     0.0000  0.0000  Eval_8_1_DP_OP_53J13_122_4700_J13_0_2
core4_1/evalA/DP_OP_54J13_123_9540    359.2260     0.3    359.2260     0.0000  0.0000  Eval_8_1_DP_OP_54J13_123_9540_J13_0_2
core4_1/evalA/DP_OP_55J13_124_2689    350.1540     0.3    350.1540     0.0000  0.0000  Eval_8_1_DP_OP_55J13_124_2689_J13_0_2
core4_1/evalB                        486.8640      0.5     15.3720     0.0000  0.0000  Eval_9_5
core4_1/evalB/DP_OP_54J11_125_6861    125.3700     0.1    125.3700     0.0000  0.0000  Eval_9_5_DP_OP_54J11_125_6861_J11_0
core4_1/evalB/DP_OP_55J11_126_7444    173.7540     0.2    173.7540     0.0000  0.0000  Eval_9_5_DP_OP_55J11_126_7444_J11_0
core4_1/evalB/DP_OP_56J11_127_3026    172.3680     0.2    172.3680     0.0000  0.0000  Eval_9_5_DP_OP_56J11_127_3026_J11_0
core4_1/interp                      3074.2740      2.9      0.7560   308.4480  0.0000  Interpolation_5
core4_1/interp/interp               2765.0700      2.6      0.2520     0.0000  0.0000  InterpolationComb_5
core4_1/interp/interp/DP_OP_106J15_122_5029   2764.8180     2.6  2764.8180    0.0000 0.0000 InterpolationComb_0_DP_OP_106J15_122_5029_J15_0_1
core4_1/mult_x_1                    1014.5520      0.9   1014.5520     0.0000  0.0000  core4_5_DW_mult_uns_J6_1
core4_1/mult_x_2                    1150.8840      1.1   1150.8840     0.0000  0.0000  core4_5_DW_mult_tc_J6_4
core4_1/mult_x_3                    1141.6860      1.1   1141.6860     0.0000  0.0000  core4_5_DW_mult_tc_J6_3
core4_1/mult_x_4                    1182.3840      1.1   1182.3840     0.0000  0.0000  core4_5_DW_mult_tc_J6_2
core4_1/mult_x_5                    1188.0540      1.1   1188.0540     0.0000  0.0000  core4_5_DW_mult_tc_J6_1
core4_1/mult_x_6                    1188.4320      1.1   1188.4320     0.0000  0.0000  core4_5_DW_mult_tc_J6_0
core4_1/mult_x_7                    1014.6780      0.9   1014.6780     0.0000  0.0000  core4_5_DW_mult_uns_J6_0
core4_2                            12240.3958     11.4      1.0080   587.1600  0.0000  core4_4
core4_2/evalA                        958.9860      0.9     29.2320     0.0000  0.0000  Eval_8_4
core4_2/evalA/DP_OP_54J11_122_6548    248.2200     0.2    248.2200     0.0000  0.0000  Eval_8_4_DP_OP_54J11_122_6548_J11_0
core4_2/evalA/DP_OP_55J11_123_3996    338.1840     0.3    338.1840     0.0000  0.0000  Eval_8_4_DP_OP_55J11_123_3996_J11_0
core4_2/evalA/DP_OP_56J11_124_1718    343.3500     0.3    343.3500     0.0000  0.0000  Eval_8_4_DP_OP_56J11_124_1718_J11_0
core4_2/evalB                        418.3200      0.4     12.3480     0.0000  0.0000  Eval_9_4
core4_2/evalB/DP_OP_54J13_131_9127    109.1160     0.1    109.1160     0.0000  0.0000  Eval_9_4_DP_OP_54J13_131_9127_J13_0
core4_2/evalB/DP_OP_55J13_132_5372    145.5300     0.1    145.5300     0.0000  0.0000  Eval_9_4_DP_OP_55J13_132_5372_J13_0
core4_2/evalB/DP_OP_56J13_133_271    151.3260      0.1    151.3260     0.0000  0.0000  Eval_9_4_DP_OP_56J13_133_271_J13_0
core4_2/interp                      3179.4840      3.0      0.7560   316.5120  0.0000  Interpolation_4
core4_2/interp/interp               2862.2160      2.7      0.2520     0.0000  0.0000  InterpolationComb_4
core4_2/interp/interp/DP_OP_106J12_122_8869   2861.9640     2.7  2861.9640    0.0000 0.0000 InterpolationComb_1_DP_OP_106J12_122_8869_J12_0_3
core4_2/mult_x_1                     882.1260      0.8    882.1260     0.0000  0.0000  core4_4_DW_mult_uns_J8_3
core4_2/mult_x_2                    1074.4020      1.0   1074.4020     0.0000  0.0000  core4_4_DW_mult_uns_J8_2
core4_2/mult_x_3                    1021.3560      1.0   1021.3560     0.0000  0.0000  core4_4_DW_mult_tc_J8_2
core4_2/mult_x_4                    1000.1880      0.9   1000.1880     0.0000  0.0000  core4_4_DW_mult_tc_J8_1
core4_2/mult_x_5                    1128.5820      1.1   1128.5820     0.0000  0.0000  core4_4_DW_mult_uns_J8_1
core4_2/mult_x_6                    1106.9100      1.0   1106.9100     0.0000  0.0000  core4_4_DW_mult_tc_J8_0
core4_2/mult_x_7                     881.8740      0.8    881.8740     0.0000  0.0000  core4_4_DW_mult_uns_J8_0
core4_3                            13085.7298     12.2      0.7560   587.9160  0.0000  core4_3
core4_3/evalA                       1004.2200      0.9     32.2560     0.0000  0.0000  Eval_8_3
core4_3/evalA/DP_OP_53J13_122_4700    254.7720     0.2    254.7720     0.0000  0.0000  Eval_8_1_DP_OP_53J13_122_4700_J13_0_1
core4_3/evalA/DP_OP_54J13_123_9540    365.2740     0.3    365.2740     0.0000  0.0000  Eval_8_1_DP_OP_54J13_123_9540_J13_0_1
core4_3/evalA/DP_OP_55J13_124_2689    351.9180     0.3    351.9180     0.0000  0.0000  Eval_8_1_DP_OP_55J13_124_2689_J13_0_1
core4_3/evalB                        533.6100      0.5     18.0180     0.0000  0.0000  Eval_9_3
core4_3/evalB/DP_OP_53J12_123_4467    132.8040     0.1    132.8040     0.0000  0.0000  Eval_9_1_DP_OP_53J12_123_4467_J12_0_1
core4_3/evalB/DP_OP_54J12_124_1582    197.9460     0.2    197.9460     0.0000  0.0000  Eval_9_1_DP_OP_54J12_124_1582_J12_0_1
core4_3/evalB/DP_OP_55J12_125_5235    184.8420     0.2    184.8420     0.0000  0.0000  Eval_9_1_DP_OP_55J12_125_5235_J12_0_1
core4_3/interp                      3178.4760      3.0      0.7560   316.5120  0.0000  Interpolation_3
core4_3/interp/interp               2861.2080      2.7      0.2520     0.0000  0.0000  InterpolationComb_3
core4_3/interp/interp/DP_OP_106J12_122_8869   2860.9560     2.7  2860.9560    0.0000 0.0000 InterpolationComb_1_DP_OP_106J12_122_8869_J12_0_2
core4_3/mult_x_1                     936.3060      0.9    936.3060     0.0000  0.0000  core4_1_DW_mult_tc_J5_6_1
core4_3/mult_x_2                    1151.6400      1.1   1151.6400     0.0000  0.0000  core4_1_DW_mult_tc_J5_5_1
core4_3/mult_x_3                    1188.9360      1.1   1188.9360     0.0000  0.0000  core4_1_DW_mult_tc_J5_4_1
core4_3/mult_x_4                    1187.6760      1.1   1187.6760     0.0000  0.0000  core4_1_DW_mult_tc_J5_3_1
core4_3/mult_x_5                    1188.4320      1.1   1188.4320     0.0000  0.0000  core4_1_DW_mult_tc_J5_2_1
core4_3/mult_x_6                    1188.6840      1.1   1188.6840     0.0000  0.0000  core4_1_DW_mult_tc_J5_1_1
core4_3/mult_x_7                     939.0780      0.9    939.0780     0.0000  0.0000  core4_1_DW_mult_tc_J5_0_1
core4_4                            13025.6278     12.2      1.0080   587.7900  0.0000  core4_2
core4_4/evalA                        998.1720      0.9     31.5000     0.0000  0.0000  Eval_8_2
core4_4/evalA/DP_OP_55J13_125_1150    253.8900     0.2    253.8900     0.0000  0.0000  Eval_8_2_DP_OP_55J13_125_1150_J13_0
core4_4/evalA/DP_OP_56J13_126_9613    361.7460     0.3    361.7460     0.0000  0.0000  Eval_8_2_DP_OP_56J13_126_9613_J13_0
core4_4/evalA/DP_OP_57J13_127_6858    351.0360     0.3    351.0360     0.0000  0.0000  Eval_8_2_DP_OP_57J13_127_6858_J13_0
core4_4/evalB                        488.8800      0.5     15.7500     0.0000  0.0000  Eval_9_2
core4_4/evalB/DP_OP_54J14_125_4764    126.2520     0.1    126.2520     0.0000  0.0000  Eval_9_2_DP_OP_54J14_125_4764_J14_0
core4_4/evalB/DP_OP_55J14_126_4337    170.8560     0.2    170.8560     0.0000  0.0000  Eval_9_2_DP_OP_55J14_126_4337_J14_0
core4_4/evalB/DP_OP_56J14_127_3581    176.0220     0.2    176.0220     0.0000  0.0000  Eval_9_2_DP_OP_56J14_127_3581_J14_0
core4_4/interp                      3178.9800      3.0      0.7560   316.5120  0.0000  Interpolation_2
core4_4/interp/interp               2861.7120      2.7      0.2520     0.0000  0.0000  InterpolationComb_2
core4_4/interp/interp/DP_OP_106J12_122_8869   2861.4600     2.7  2861.4600    0.0000 0.0000 InterpolationComb_1_DP_OP_106J12_122_8869_J12_0_1
core4_4/mult_x_1                    1001.0700      0.9   1001.0700     0.0000  0.0000  core4_2_DW_mult_uns_J7_1
core4_4/mult_x_2                    1150.8840      1.1   1150.8840     0.0000  0.0000  core4_2_DW_mult_tc_J7_4
core4_4/mult_x_3                    1135.5120      1.1   1135.5120     0.0000  0.0000  core4_2_DW_mult_tc_J7_3
core4_4/mult_x_4                    1106.7840      1.0   1106.7840     0.0000  0.0000  core4_2_DW_mult_tc_J7_2
core4_4/mult_x_5                    1187.8020      1.1   1187.8020     0.0000  0.0000  core4_2_DW_mult_tc_J7_1
core4_4/mult_x_6                    1187.6760      1.1   1187.6760     0.0000  0.0000  core4_2_DW_mult_tc_J7_0
core4_4/mult_x_7                    1001.0700      0.9   1001.0700     0.0000  0.0000  core4_2_DW_mult_uns_J7_0
core4_5                            13299.4258     12.4      0.7560   587.7900  0.0000  core4_1
core4_5/evalA                       1004.2200      0.9     32.2560     0.0000  0.0000  Eval_8_1
core4_5/evalA/DP_OP_53J13_122_4700    254.7720     0.2    254.7720     0.0000  0.0000  Eval_8_1_DP_OP_53J13_122_4700_J13_0_0
core4_5/evalA/DP_OP_54J13_123_9540    365.2740     0.3    365.2740     0.0000  0.0000  Eval_8_1_DP_OP_54J13_123_9540_J13_0_0
core4_5/evalA/DP_OP_55J13_124_2689    351.9180     0.3    351.9180     0.0000  0.0000  Eval_8_1_DP_OP_55J13_124_2689_J13_0_0
core4_5/evalB                        533.7360      0.5     18.3960     0.0000  0.0000  Eval_9_1
core4_5/evalB/DP_OP_53J12_123_4467    132.8040     0.1    132.8040     0.0000  0.0000  Eval_9_1_DP_OP_53J12_123_4467_J12_0_0
core4_5/evalB/DP_OP_54J12_124_1582    198.0720     0.2    198.0720     0.0000  0.0000  Eval_9_1_DP_OP_54J12_124_1582_J12_0_0
core4_5/evalB/DP_OP_55J12_125_5235    184.4640     0.2    184.4640     0.0000  0.0000  Eval_9_1_DP_OP_55J12_125_5235_J12_0_0
core4_5/interp                      3178.9800      3.0      0.7560   316.5120  0.0000  Interpolation_1
core4_5/interp/interp               2861.7120      2.7      0.2520     0.0000  0.0000  InterpolationComb_1
core4_5/interp/interp/DP_OP_106J12_122_8869   2861.4600     2.7  2861.4600    0.0000 0.0000 InterpolationComb_1_DP_OP_106J12_122_8869_J12_0_0
core4_5/mult_x_1                    1045.9260      1.0   1045.9260     0.0000  0.0000  core4_1_DW_mult_tc_J5_6_0
core4_5/mult_x_2                    1150.8840      1.1   1150.8840     0.0000  0.0000  core4_1_DW_mult_tc_J5_5_0
core4_5/mult_x_3                    1188.0540      1.1   1188.0540     0.0000  0.0000  core4_1_DW_mult_tc_J5_4_0
core4_5/mult_x_4                    1187.8020      1.1   1187.8020     0.0000  0.0000  core4_1_DW_mult_tc_J5_3_0
core4_5/mult_x_5                    1187.8020      1.1   1187.8020     0.0000  0.0000  core4_1_DW_mult_tc_J5_2_0
core4_5/mult_x_6                    1187.6760      1.1   1187.6760     0.0000  0.0000  core4_1_DW_mult_tc_J5_1_0
core4_5/mult_x_7                    1045.8000      1.0   1045.8000     0.0000  0.0000  core4_1_DW_mult_tc_J5_0_0
core4_6                            11483.0098     10.7      1.0080   587.6640  0.0000  core4_0
core4_6/evalA                        913.6260      0.9     27.7200     0.0000  0.0000  Eval_8_0
core4_6/evalA/DP_OP_54J14_122_485    237.3840      0.2    237.3840     0.0000  0.0000  Eval_8_0_DP_OP_54J14_122_485_J14_0
core4_6/evalA/DP_OP_55J14_123_3918    321.3000     0.3    321.3000     0.0000  0.0000  Eval_8_0_DP_OP_55J14_123_3918_J14_0
core4_6/evalA/DP_OP_56J14_124_7345    327.2220     0.3    327.2220     0.0000  0.0000  Eval_8_0_DP_OP_56J14_124_7345_J14_0
core4_6/evalB                        370.5660      0.3     11.8440     0.0000  0.0000  Eval_9_0
core4_6/evalB/DP_OP_54J12_126_990     96.0120      0.1     96.0120     0.0000  0.0000  Eval_9_0_DP_OP_54J12_126_990_J12_0
core4_6/evalB/DP_OP_55J12_127_6795    128.3940     0.1    128.3940     0.0000  0.0000  Eval_9_0_DP_OP_55J12_127_6795_J12_0
core4_6/evalB/DP_OP_56J12_128_568    134.3160      0.1    134.3160     0.0000  0.0000  Eval_9_0_DP_OP_56J12_128_568_J12_0
core4_6/interp                      3074.2740      2.9      0.7560   308.4480  0.0000  Interpolation_0
core4_6/interp/interp               2765.0700      2.6      0.2520     0.0000  0.0000  InterpolationComb_0
core4_6/interp/interp/DP_OP_106J15_122_5029   2764.8180     2.6  2764.8180    0.0000 0.0000 InterpolationComb_0_DP_OP_106J15_122_5029_J15_0_0
core4_6/mult_x_1                     773.0100      0.7    773.0100     0.0000  0.0000  core4_0_DW_mult_uns_J9_3
core4_6/mult_x_2                    1014.6780      0.9   1014.6780     0.0000  0.0000  core4_0_DW_mult_uns_J9_2
core4_6/mult_x_3                     901.1520      0.8    901.1520     0.0000  0.0000  core4_0_DW_mult_tc_J9_2
core4_6/mult_x_4                     966.7980      0.9    966.7980     0.0000  0.0000  core4_0_DW_mult_tc_J9_1
core4_6/mult_x_5                    1030.4280      1.0   1030.4280     0.0000  0.0000  core4_0_DW_mult_uns_J9_1
core4_6/mult_x_6                    1076.7960      1.0   1076.7960     0.0000  0.0000  core4_0_DW_mult_tc_J9_0
core4_6/mult_x_7                     773.0100      0.7    773.0100     0.0000  0.0000  core4_0_DW_mult_uns_J9_0
evalA                                913.6260      0.9     29.6100     0.0000  0.0000  Eval_4
evalA/DP_OP_52J15_123_8845           319.7880      0.3    319.7880     0.0000  0.0000  Eval_0_DP_OP_52J15_123_8845_J15_0_3
evalA/DP_OP_53J15_124_1745           326.8440      0.3    326.8440     0.0000  0.0000  Eval_0_DP_OP_53J15_124_1745_J15_0_3
evalA/DP_OP_54J15_125_3730           237.3840      0.2    237.3840     0.0000  0.0000  Eval_0_DP_OP_54J15_125_3730_J15_0_3
evalA_1                              913.5000      0.9     29.3580     0.0000  0.0000  Eval_3
evalA_1/DP_OP_52J15_123_8845         319.7880      0.3    319.7880     0.0000  0.0000  Eval_0_DP_OP_52J15_123_8845_J15_0_2
evalA_1/DP_OP_53J15_124_1745         326.9700      0.3    326.9700     0.0000  0.0000  Eval_0_DP_OP_53J15_124_1745_J15_0_2
evalA_1/DP_OP_54J15_125_3730         237.3840      0.2    237.3840     0.0000  0.0000  Eval_0_DP_OP_54J15_125_3730_J15_0_2
evalA_2                              913.5000      0.9     29.3580     0.0000  0.0000  Eval_2
evalA_2/DP_OP_52J15_123_8845         319.7880      0.3    319.7880     0.0000  0.0000  Eval_0_DP_OP_52J15_123_8845_J15_0_1
evalA_2/DP_OP_53J15_124_1745         326.9700      0.3    326.9700     0.0000  0.0000  Eval_0_DP_OP_53J15_124_1745_J15_0_1
evalA_2/DP_OP_54J15_125_3730         237.3840      0.2    237.3840     0.0000  0.0000  Eval_0_DP_OP_54J15_125_3730_J15_0_1
evalA_3                              913.6260      0.9     29.6100     0.0000  0.0000  Eval_0
evalA_3/DP_OP_52J15_123_8845         319.7880      0.3    319.7880     0.0000  0.0000  Eval_0_DP_OP_52J15_123_8845_J15_0_0
evalA_3/DP_OP_53J15_124_1745         326.8440      0.3    326.8440     0.0000  0.0000  Eval_0_DP_OP_53J15_124_1745_J15_0_0
evalA_3/DP_OP_54J15_125_3730         237.3840      0.2    237.3840     0.0000  0.0000  Eval_0_DP_OP_54J15_125_3730_J15_0_0
evalB                                371.5740      0.3     17.0100     0.0000  0.0000  Eval_1_3
evalB/DP_OP_52J14_128_4593            96.0120      0.1     96.0120     0.0000  0.0000  Eval_1_0_DP_OP_52J14_128_4593_J14_0_3
evalB/DP_OP_53J14_129_1321           125.7480      0.1    125.7480     0.0000  0.0000  Eval_1_0_DP_OP_53J14_129_1321_J14_0_3
evalB/DP_OP_54J14_130_2501           132.8040      0.1    132.8040     0.0000  0.0000  Eval_1_0_DP_OP_54J14_130_2501_J14_0_3
evalB_1                              369.6840      0.3     14.9940     0.0000  0.0000  Eval_1_2
evalB_1/DP_OP_52J14_128_4593          96.0120      0.1     96.0120     0.0000  0.0000  Eval_1_0_DP_OP_52J14_128_4593_J14_0_2
evalB_1/DP_OP_53J14_129_1321         125.7480      0.1    125.7480     0.0000  0.0000  Eval_1_0_DP_OP_53J14_129_1321_J14_0_2
evalB_1/DP_OP_54J14_130_2501         132.9300      0.1    132.9300     0.0000  0.0000  Eval_1_0_DP_OP_54J14_130_2501_J14_0_2
evalB_2                              370.4400      0.3     14.9940     0.0000  0.0000  Eval_1_1
evalB_2/DP_OP_52J14_128_4593          96.3900      0.1     96.3900     0.0000  0.0000  Eval_1_0_DP_OP_52J14_128_4593_J14_0_1
evalB_2/DP_OP_53J14_129_1321         126.1260      0.1    126.1260     0.0000  0.0000  Eval_1_0_DP_OP_53J14_129_1321_J14_0_1
evalB_2/DP_OP_54J14_130_2501         132.9300      0.1    132.9300     0.0000  0.0000  Eval_1_0_DP_OP_54J14_130_2501_J14_0_1
evalB_3                              371.8260      0.3     16.5060     0.0000  0.0000  Eval_1_0
evalB_3/DP_OP_52J14_128_4593          96.3900      0.1     96.3900     0.0000  0.0000  Eval_1_0_DP_OP_52J14_128_4593_J14_0_0
evalB_3/DP_OP_53J14_129_1321         126.1260      0.1    126.1260     0.0000  0.0000  Eval_1_0_DP_OP_53J14_129_1321_J14_0_0
evalB_3/DP_OP_54J14_130_2501         132.8040      0.1    132.8040     0.0000  0.0000  Eval_1_0_DP_OP_54J14_130_2501_J14_0_0
interp                             12040.1818     11.3      0.7560  1163.2320  0.0000  Interpolation_7
interp/interp                      10876.1938     10.2      0.2520     0.0000  0.0000  InterpolationComb_7
interp/interp/DP_OP_421J3_122_7810  10875.9418    10.2  10875.9418     0.0000  0.0000  InterpolationComb_7_DP_OP_421J3_122_7810_J3_0
--------------------------------  -----------  -------  ----------  ---------  ------  -------------------------------------------------
Total                                                   97354.5285  9647.3162  0.0000

1
