Information: Updating design information... (UID-85)
 
****************************************
Report : qor
Design : core4_a32_b12_c32
Version: O-2018.06-SP5
Date   : Tue May 12 06:55:29 2026
****************************************


  Timing Path Group 'clk'
  -----------------------------------
  Levels of Logic:              51.00
  Critical Path Length:          4.45
  Critical Path Slack:           0.00
  Critical Path Clk Period:      5.00
  Total Negative Slack:          0.00
  No. of Violating Paths:        0.00
  Worst Hold Violation:          0.00
  Total Hold Violation:          0.00
  No. of Hold Violations:        0.00
  -----------------------------------


  Cell Count
  -----------------------------------
  Hierarchical Cell Count:         18
  Hierarchical Port Count:       3374
  Leaf Cell Count:               6878
  Buf/Inv Cell Count:             668
  Buf Cell Count:                  89
  Inv Cell Count:                 579
  CT Buf/Inv Cell Count:            0
  Combinational Cell Count:      6506
  Sequential Cell Count:          372
  Macro Count:                      0
  -----------------------------------


  Area
  -----------------------------------
  Combinational Area:     8018.261866
  Noncombinational Area:   749.952012
  Buf/Inv Area:            179.550002
  Total Buffer Area:            33.64
  Total Inverter Area:         145.91
  Macro/Black Box Area:      0.000000
  Net Area:                  0.000000
  -----------------------------------
  Cell Area:              8768.213878
  Design Area:            8768.213878


  Design Rules
  -----------------------------------
  Total Number of Nets:          9590
  Nets With Violations:             0
  Max Trans Violations:             0
  Max Cap Violations:               0
  -----------------------------------


  Hostname: inspur19

  Compile CPU Statistics
  -----------------------------------------
  Resource Sharing:                    0.00
  Logic Optimization:                  0.00
  Mapping Optimization:                0.00
  -----------------------------------------
  Overall Compile Time:              143.98
  Overall Compile Wall Clock Time:   365.12

  --------------------------------------------------------------------

  Design  WNS: 0.00  TNS: 0.00  Number of Violating Paths: 0


  Design (Hold)  WNS: 0.00  TNS: 0.00  Number of Violating Paths: 0

  --------------------------------------------------------------------


1
