 
****************************************
Report : timing
        -path full
        -delay max
        -nets
        -max_paths 1
        -transition_time
Design : core64_a32_b12_c32
Version: O-2018.06-SP5
Date   : Wed May 13 02:39:51 2026
****************************************

 # A fanout number of 1000 was used for high fanout net computations.

Operating Conditions: ssg0p81vm40c   Library: tcbn28hpcplusbwp40p140hvtssg0p81vm40c_ccs
Wire Load Model Mode: segmented

  Startpoint: io_b_55[2] (input port clocked by clk)
  Endpoint: core16_5/core4_3/s_w_5_reg_40_
            (rising edge-triggered flip-flop clocked by clk)
  Path Group: clk
  Path Type: max

  Des/Clust/Port     Wire Load Model       Library
  ------------------------------------------------
  Eval_1_0_DP_OP_54J22_127_7047_J22_0_2 ZeroWireload tcbn28hpcplusbwp40p140hvtssg0p81vm40c_ccs
  Eval_1_0_DP_OP_53J22_126_1358_J22_0_2 ZeroWireload tcbn28hpcplusbwp40p140hvtssg0p81vm40c_ccs
  Eval_1_0_DP_OP_52J22_125_7082_J22_0_2 ZeroWireload tcbn28hpcplusbwp40p140hvtssg0p81vm40c_ccs
  core64_a32_b12_c32 ZeroWireload          tcbn28hpcplusbwp40p140hvtssg0p81vm40c_ccs
  Eval_33_1_DP_OP_55J27_124_8730_J27_0_29 ZeroWireload tcbn28hpcplusbwp40p140hvtssg0p81vm40c_ccs
  Eval_33_1_DP_OP_54J27_123_7613_J27_0_29 ZeroWireload tcbn28hpcplusbwp40p140hvtssg0p81vm40c_ccs
  Eval_33_1_DP_OP_53J27_122_5226_J27_0_29 ZeroWireload tcbn28hpcplusbwp40p140hvtssg0p81vm40c_ccs
  core4_1_DW_mult_tc_J24_6_5 ZeroWireload  tcbn28hpcplusbwp40p140hvtssg0p81vm40c_ccs
  Eval_33_1_DP_OP_53J27_122_5226_J27_0_6 ZeroWireload tcbn28hpcplusbwp40p140hvtssg0p81vm40c_ccs
  Eval_33_1_DP_OP_54J27_123_7613_J27_0_6 ZeroWireload tcbn28hpcplusbwp40p140hvtssg0p81vm40c_ccs
  Eval_33_1_DP_OP_55J27_124_8730_J27_0_6 ZeroWireload tcbn28hpcplusbwp40p140hvtssg0p81vm40c_ccs
  core4_1_DW_mult_tc_J24_1_5 ZeroWireload  tcbn28hpcplusbwp40p140hvtssg0p81vm40c_ccs

Attributes:
    d - dont_touch
    u - dont_use
   mo - map_only
   so - size_only
    i - ideal_net or ideal_network
  inf - infeasible path

  Point                                       Fanout     Trans      Incr       Path      Attributes
  ---------------------------------------------------------------------------------------------------------
  clock clk (rise edge)                                             0.00       0.00
  clock network delay (ideal)                                       0.00       0.00
  input external delay                                              0.50       0.50 f
  io_b_55[2] (in)                                         0.00      0.00       0.50 f
  io_b_55[2] (net)                              7                   0.00       0.50 f
  evalB_13/io_in_3[2] (Eval_1_2)                                    0.00       0.50 f
  evalB_13/io_in_3[2] (net)                                         0.00       0.50 f
  evalB_13/DP_OP_54J22_127_7047/I3[2] (Eval_1_0_DP_OP_54J22_127_7047_J22_0_2)     0.00     0.50 f
  evalB_13/DP_OP_54J22_127_7047/I3[2] (net)                         0.00       0.50 f
  evalB_13/DP_OP_54J22_127_7047/U99/Z (CKAN2D0BWP40P140)     0.02     0.03     0.53 f
  evalB_13/DP_OP_54J22_127_7047/n184 (net)      1                   0.00       0.53 f
  evalB_13/DP_OP_54J22_127_7047/U124/CO (FA1D1BWP40P140LVT)     0.02     0.04     0.57 f
  evalB_13/DP_OP_54J22_127_7047/n198 (net)      1                   0.00       0.57 f
  evalB_13/DP_OP_54J22_127_7047/U121/CO (FA1D1BWP40P140LVT)     0.02     0.04     0.61 f
  evalB_13/DP_OP_54J22_127_7047/n196 (net)      1                   0.00       0.61 f
  evalB_13/DP_OP_54J22_127_7047/U118/CO (FA1D1BWP40P140LVT)     0.02     0.04     0.65 f
  evalB_13/DP_OP_54J22_127_7047/n194 (net)      1                   0.00       0.65 f
  evalB_13/DP_OP_54J22_127_7047/U115/CO (FA1D1BWP40P140LVT)     0.02     0.04     0.70 f
  evalB_13/DP_OP_54J22_127_7047/n226 (net)      1                   0.00       0.70 f
  evalB_13/DP_OP_54J22_127_7047/U136/CO (FA1D1BWP40P140LVT)     0.02     0.04     0.74 f
  evalB_13/DP_OP_54J22_127_7047/n230 (net)      2                   0.00       0.74 f
  evalB_13/DP_OP_54J22_127_7047/U91/ZN (ND2D1BWP40P140LVT)     0.01     0.01     0.75 r
  evalB_13/DP_OP_54J22_127_7047/n186 (net)      1                   0.00       0.75 r
  evalB_13/DP_OP_54J22_127_7047/U90/ZN (CKND2D1BWP40P140LVT)     0.02     0.01     0.77 f
  evalB_13/DP_OP_54J22_127_7047/n238 (net)      1                   0.00       0.77 f
  evalB_13/DP_OP_54J22_127_7047/U144/CO (FA1D1BWP40P140)     0.02     0.05     0.82 f
  evalB_13/DP_OP_54J22_127_7047/n236 (net)      1                   0.00       0.82 f
  evalB_13/DP_OP_54J22_127_7047/U142/S (FA1D1BWP40P140)     0.03     0.10      0.93 r
  evalB_13/DP_OP_54J22_127_7047/n276 (net)      2                   0.00       0.93 r
  evalB_13/DP_OP_54J22_127_7047/U86/ZN (CKND0BWP40P140)     0.03     0.03      0.96 f
  evalB_13/DP_OP_54J22_127_7047/n253 (net)      1                   0.00       0.96 f
  evalB_13/DP_OP_54J22_127_7047/U151/CO (FA1D1BWP40P140)     0.02     0.07     1.03 f
  evalB_13/DP_OP_54J22_127_7047/n250 (net)      1                   0.00       1.03 f
  evalB_13/DP_OP_54J22_127_7047/U150/CO (FA1D1BWP40P140)     0.02     0.06     1.08 f
  evalB_13/DP_OP_54J22_127_7047/n248 (net)      1                   0.00       1.08 f
  evalB_13/DP_OP_54J22_127_7047/U149/CO (FA1D1BWP40P140)     0.02     0.06     1.14 f
  evalB_13/DP_OP_54J22_127_7047/n243 (net)      1                   0.00       1.14 f
  evalB_13/DP_OP_54J22_127_7047/U146/S (FA1D1BWP40P140)     0.05     0.11      1.24 f
  evalB_13/DP_OP_54J22_127_7047/O2[13] (net)     3                  0.00       1.24 f
  evalB_13/DP_OP_54J22_127_7047/O2[13] (Eval_1_0_DP_OP_54J22_127_7047_J22_0_2)     0.00     1.24 f
  evalB_13/io_out_5[13] (net)                                       0.00       1.24 f
  evalB_13/io_out_5[13] (Eval_1_2)                                  0.00       1.24 f
  evalB_13_io_out_5[13] (net)                                       0.00       1.24 f
  core16_5/io_b_13[13] (core16_1)                                   0.00       1.24 f
  core16_5/io_b_13[13] (net)                                        0.00       1.24 f
  core16_5/evalB_3/io_in_1[13] (Eval_33_53)                         0.00       1.24 f
  core16_5/evalB_3/io_in_1[13] (net)                                0.00       1.24 f
  core16_5/evalB_3/DP_OP_54J27_123_7613/I3[13] (Eval_33_1_DP_OP_54J27_123_7613_J27_0_29)     0.00     1.24 f
  core16_5/evalB_3/DP_OP_54J27_123_7613/I3[13] (net)                0.00       1.24 f
  core16_5/evalB_3/DP_OP_54J27_123_7613/U247/S (FA1D1BWP40P140)     0.03     0.13     1.37 r
  core16_5/evalB_3/DP_OP_54J27_123_7613/n444 (net)     2            0.00       1.37 r
  core16_5/evalB_3/DP_OP_54J27_123_7613/U256/ZN (CKND0BWP40P140)     0.03     0.03     1.40 f
  core16_5/evalB_3/DP_OP_54J27_123_7613/n487 (net)     1            0.00       1.40 f
  core16_5/evalB_3/DP_OP_54J27_123_7613/U267/CO (FA1D1BWP40P140)     0.02     0.07     1.47 f
  core16_5/evalB_3/DP_OP_54J27_123_7613/n483 (net)     1            0.00       1.47 f
  core16_5/evalB_3/DP_OP_54J27_123_7613/U266/CO (FA1D1BWP40P140)     0.02     0.06     1.52 f
  core16_5/evalB_3/DP_OP_54J27_123_7613/n480 (net)     1            0.00       1.52 f
  core16_5/evalB_3/DP_OP_54J27_123_7613/U265/CO (FA1D1BWP40P140)     0.02     0.06     1.58 f
  core16_5/evalB_3/DP_OP_54J27_123_7613/n477 (net)     1            0.00       1.58 f
  core16_5/evalB_3/DP_OP_54J27_123_7613/U264/CO (FA1D1BWP40P140)     0.02     0.06     1.64 f
  core16_5/evalB_3/DP_OP_54J27_123_7613/n474 (net)     1            0.00       1.64 f
  core16_5/evalB_3/DP_OP_54J27_123_7613/U263/S (FA1D1BWP40P140)     0.02     0.08     1.71 f
  core16_5/evalB_3/DP_OP_54J27_123_7613/O2[17] (net)     1          0.00       1.71 f
  core16_5/evalB_3/DP_OP_54J27_123_7613/O2[17] (Eval_33_1_DP_OP_54J27_123_7613_J27_0_29)     0.00     1.71 f
  core16_5/evalB_3/io_out_3[17] (net)                               0.00       1.71 f
  core16_5/evalB_3/io_out_3[17] (Eval_33_53)                        0.00       1.71 f
  core16_5/evalB_3_io_out_3[17] (net)                               0.00       1.71 f
  core16_5/core4_3/io_b_3[17] (core4_10)                            0.00       1.71 f
  core16_5/core4_3/io_b_3[17] (net)                                 0.00       1.71 f
  core16_5/core4_3/evalB/io_in_3[17] (Eval_33_10)                   0.00       1.71 f
  core16_5/core4_3/evalB/io_in_3[17] (net)                          0.00       1.71 f
  core16_5/core4_3/evalB/U54/ZN (CKND0BWP40P140)          0.01      0.02       1.73 r
  core16_5/core4_3/evalB/n2 (net)               1                   0.00       1.73 r
  core16_5/core4_3/evalB/U55/ZN (INVD1BWP40P140)          0.12      0.08       1.81 f
  core16_5/core4_3/evalB/io_out_0[17] (net)    30                   0.00       1.81 f
  core16_5/core4_3/evalB/DP_OP_55J27_124_8730/I3[17] (Eval_33_1_DP_OP_55J27_124_8730_J27_0_6)     0.00     1.81 f
  core16_5/core4_3/evalB/DP_OP_55J27_124_8730/I3[17] (net)          0.00       1.81 f
  core16_5/core4_3/evalB/DP_OP_55J27_124_8730/U185/S (FA1D1BWP40P140)     0.03     0.16     1.97 r
  core16_5/core4_3/evalB/DP_OP_55J27_124_8730/n391 (net)     2      0.00       1.97 r
  core16_5/core4_3/evalB/DP_OP_55J27_124_8730/U217/ZN (CKND0BWP40P140)     0.03     0.03     2.00 f
  core16_5/core4_3/evalB/DP_OP_55J27_124_8730/n416 (net)     1      0.00       2.00 f
  core16_5/core4_3/evalB/DP_OP_55J27_124_8730/U230/CO (FA1D1BWP40P140)     0.02     0.07     2.07 f
  core16_5/core4_3/evalB/DP_OP_55J27_124_8730/n412 (net)     1      0.00       2.07 f
  core16_5/core4_3/evalB/DP_OP_55J27_124_8730/U229/CO (FA1D1BWP40P140)     0.02     0.06     2.12 f
  core16_5/core4_3/evalB/DP_OP_55J27_124_8730/n409 (net)     1      0.00       2.12 f
  core16_5/core4_3/evalB/DP_OP_55J27_124_8730/U228/CO (FA1D1BWP40P140)     0.02     0.06     2.18 f
  core16_5/core4_3/evalB/DP_OP_55J27_124_8730/n406 (net)     1      0.00       2.18 f
  core16_5/core4_3/evalB/DP_OP_55J27_124_8730/U227/S (FA1D1BWP40P140)     0.08     0.14     2.32 r
  core16_5/core4_3/evalB/DP_OP_55J27_124_8730/O2[20] (net)    25     0.00      2.32 r
  core16_5/core4_3/evalB/DP_OP_55J27_124_8730/O2[20] (Eval_33_1_DP_OP_55J27_124_8730_J27_0_6)     0.00     2.32 r
  core16_5/core4_3/evalB/io_out_5[20] (net)                         0.00       2.32 r
  core16_5/core4_3/evalB/io_out_5[20] (Eval_33_10)                  0.00       2.32 r
  core16_5/core4_3/evalB_io_out_5[20] (net)                         0.00       2.32 r
  core16_5/core4_3/mult_x_6/b[20] (core4_1_DW_mult_tc_J24_1_5)      0.00       2.32 r
  core16_5/core4_3/mult_x_6/b[20] (net)                             0.00       2.32 r
  core16_5/core4_3/mult_x_6/U1721/ZN (CKND0BWP40P140)     0.16      0.13       2.44 f
  core16_5/core4_3/mult_x_6/n2423 (net)        27                   0.00       2.44 f
  core16_5/core4_3/mult_x_6/U1722/ZN (MOAI22D0BWP40P140)     0.07     0.11     2.55 f
  core16_5/core4_3/mult_x_6/n1878 (net)         3                   0.00       2.55 f
  core16_5/core4_3/mult_x_6/U1723/ZN (CKND0BWP40P140)     0.02      0.04       2.58 r
  core16_5/core4_3/mult_x_6/n1875 (net)         1                   0.00       2.58 r
  core16_5/core4_3/mult_x_6/U1724/ZN (NR2OPTIBD1BWP40P140)     0.07     0.05     2.63 f
  core16_5/core4_3/mult_x_6/n1972 (net)        21                   0.00       2.63 f
  core16_5/core4_3/mult_x_6/U1801/ZN (AOI222D0BWP40P140)     0.09     0.10     2.73 r
  core16_5/core4_3/mult_x_6/n1975 (net)         1                   0.00       2.73 r
  core16_5/core4_3/mult_x_6/U1802/ZN (MUX2ND0BWP40P140)     0.06     0.07      2.80 r
  core16_5/core4_3/mult_x_6/n2082 (net)         1                   0.00       2.80 r
  core16_5/core4_3/mult_x_6/U1882/CO (HA1D0BWP40P140LVT)     0.03     0.05     2.85 r
  core16_5/core4_3/mult_x_6/n2076 (net)         1                   0.00       2.85 r
  core16_5/core4_3/mult_x_6/U1438/CO (HA1D1BWP40P140)     0.02      0.04       2.89 r
  core16_5/core4_3/mult_x_6/n2071 (net)         1                   0.00       2.89 r
  core16_5/core4_3/mult_x_6/U1875/S (FA1D1BWP40P140)      0.03      0.09       2.99 f
  core16_5/core4_3/mult_x_6/n2213 (net)         1                   0.00       2.99 f
  core16_5/core4_3/mult_x_6/U1979/CO (FA1D1BWP40P140)     0.02      0.07       3.05 f
  core16_5/core4_3/mult_x_6/n2205 (net)         1                   0.00       3.05 f
  core16_5/core4_3/mult_x_6/U1975/CO (FA1D1BWP40P140)     0.02      0.06       3.11 f
  core16_5/core4_3/mult_x_6/n2199 (net)         1                   0.00       3.11 f
  core16_5/core4_3/mult_x_6/U1972/CO (FA1D1BWP40P140)     0.02      0.06       3.16 f
  core16_5/core4_3/mult_x_6/n2193 (net)         1                   0.00       3.16 f
  core16_5/core4_3/mult_x_6/U1968/CO (FA1D1BWP40P140)     0.02      0.06       3.22 f
  core16_5/core4_3/mult_x_6/n2187 (net)         1                   0.00       3.22 f
  core16_5/core4_3/mult_x_6/U1964/CO (FA1D1BWP40P140)     0.02      0.06       3.27 f
  core16_5/core4_3/mult_x_6/n2181 (net)         1                   0.00       3.27 f
  core16_5/core4_3/mult_x_6/U1960/CO (FA1D1BWP40P140)     0.02      0.06       3.33 f
  core16_5/core4_3/mult_x_6/n2175 (net)         1                   0.00       3.33 f
  core16_5/core4_3/mult_x_6/U1957/CO (FA1D1BWP40P140)     0.02      0.06       3.39 f
  core16_5/core4_3/mult_x_6/n2169 (net)         1                   0.00       3.39 f
  core16_5/core4_3/mult_x_6/U1953/CO (FA1D1BWP40P140)     0.02      0.06       3.44 f
  core16_5/core4_3/mult_x_6/n2163 (net)         1                   0.00       3.44 f
  core16_5/core4_3/mult_x_6/U1949/CO (FA1D1BWP40P140)     0.02      0.06       3.50 f
  core16_5/core4_3/mult_x_6/n2157 (net)         1                   0.00       3.50 f
  core16_5/core4_3/mult_x_6/U1945/CO (FA1D1BWP40P140)     0.02      0.06       3.55 f
  core16_5/core4_3/mult_x_6/n2148 (net)         1                   0.00       3.55 f
  core16_5/core4_3/mult_x_6/U1940/CO (FA1D1BWP40P140)     0.02      0.06       3.61 f
  core16_5/core4_3/mult_x_6/n2143 (net)         1                   0.00       3.61 f
  core16_5/core4_3/mult_x_6/U1936/CO (FA1D1BWP40P140)     0.02      0.06       3.66 f
  core16_5/core4_3/mult_x_6/n2138 (net)         1                   0.00       3.66 f
  core16_5/core4_3/mult_x_6/U1932/CO (FA1D1BWP40P140)     0.02      0.06       3.72 f
  core16_5/core4_3/mult_x_6/n2132 (net)         1                   0.00       3.72 f
  core16_5/core4_3/mult_x_6/U1928/CO (FA1D1BWP40P140)     0.02      0.06       3.77 f
  core16_5/core4_3/mult_x_6/n2126 (net)         1                   0.00       3.77 f
  core16_5/core4_3/mult_x_6/U1924/CO (FA1D1BWP40P140)     0.02      0.06       3.83 f
  core16_5/core4_3/mult_x_6/n2120 (net)         1                   0.00       3.83 f
  core16_5/core4_3/mult_x_6/U1920/CO (FA1D1BWP40P140)     0.02      0.06       3.89 f
  core16_5/core4_3/mult_x_6/n2112 (net)         1                   0.00       3.89 f
  core16_5/core4_3/mult_x_6/U1916/CO (FA1D1BWP40P140)     0.02      0.06       3.94 f
  core16_5/core4_3/mult_x_6/n2106 (net)         1                   0.00       3.94 f
  core16_5/core4_3/mult_x_6/U1912/CO (FA1D1BWP40P140)     0.02      0.06       4.00 f
  core16_5/core4_3/mult_x_6/n2405 (net)         1                   0.00       4.00 f
  core16_5/core4_3/mult_x_6/U2122/S (FA1D1BWP40P140)      0.03      0.10       4.10 r
  core16_5/core4_3/mult_x_6/n2410 (net)         1                   0.00       4.10 r
  core16_5/core4_3/mult_x_6/U2123/S (FA1D1BWP40P140)      0.03      0.10       4.20 f
  core16_5/core4_3/mult_x_6/n2433 (net)         1                   0.00       4.20 f
  core16_5/core4_3/mult_x_6/U2129/S (FA1D1BWP40P140)      0.03      0.12       4.32 r
  core16_5/core4_3/mult_x_6/n2600 (net)         1                   0.00       4.32 r
  core16_5/core4_3/mult_x_6/U2256/S (FA1D1BWP40P140)      0.03      0.10       4.42 f
  core16_5/core4_3/mult_x_6/n2777 (net)         1                   0.00       4.42 f
  core16_5/core4_3/mult_x_6/U2397/S (FA1D1BWP40P140)      0.03      0.12       4.54 r
  core16_5/core4_3/mult_x_6/n3060 (net)         1                   0.00       4.54 r
  core16_5/core4_3/mult_x_6/U2541/CO (FA1D1BWP40P140)     0.02      0.06       4.60 r
  core16_5/core4_3/mult_x_6/n3004 (net)         1                   0.00       4.60 r
  core16_5/core4_3/mult_x_6/U1397/Z (XOR2UD0BWP40P140)     0.06     0.03       4.63 r
  core16_5/core4_3/mult_x_6/n3012 (net)         2                   0.00       4.63 r
  core16_5/core4_3/mult_x_6/U1573/ZN (OAI21D0BWP40P140HVT)     0.04     0.05     4.68 f
  core16_5/core4_3/mult_x_6/n3011 (net)         1                   0.00       4.68 f
  core16_5/core4_3/mult_x_6/U1420/ZN (OAI31D0BWP40P140LVT)     0.04     0.03     4.71 r
  core16_5/core4_3/mult_x_6/n3015 (net)         1                   0.00       4.71 r
  core16_5/core4_3/mult_x_6/U1419/Z (XOR3UD1BWP40P140)     0.04     0.05       4.76 r
  core16_5/core4_3/mult_x_6/n3029 (net)         2                   0.00       4.76 r
  core16_5/core4_3/mult_x_6/U1396/ZN (OAI21D0BWP40P140)     0.03     0.03      4.80 f
  core16_5/core4_3/mult_x_6/n3026 (net)         1                   0.00       4.80 f
  core16_5/core4_3/mult_x_6/U1594/ZN (OAI31D0BWP40P140LVT)     0.03     0.02     4.82 r
  core16_5/core4_3/mult_x_6/n3037 (net)         1                   0.00       4.82 r
  core16_5/core4_3/mult_x_6/U1395/Z (XOR2UD0BWP40P140)     0.06     0.05       4.87 r
  core16_5/core4_3/mult_x_6/n1760 (net)         1                   0.00       4.87 r
  core16_5/core4_3/mult_x_6/U1418/Z (XOR3UD1BWP40P140LVT)     0.03     0.05     4.92 r
  core16_5/core4_3/mult_x_6/n3055 (net)         2                   0.00       4.92 r
  core16_5/core4_3/mult_x_6/U1394/ZN (OAI21D0BWP40P140)     0.03     0.03      4.95 f
  core16_5/core4_3/mult_x_6/n3054 (net)         1                   0.00       4.95 f
  core16_5/core4_3/mult_x_6/U1549/ZN (OAI31D0BWP40P140LVT)     0.03     0.02     4.97 r
  core16_5/core4_3/mult_x_6/product[40] (net)     1                 0.00       4.97 r
  core16_5/core4_3/mult_x_6/product[40] (core4_1_DW_mult_tc_J24_1_5)     0.00     4.97 r
  core16_5/core4_3/n_w_5_T_1[40] (net)                              0.00       4.97 r
  core16_5/core4_3/s_w_5_reg_40_/D (DFQD1BWP40P140LVT)     0.03     0.00       4.97 r
  data arrival time                                                            4.97

  clock clk (rise edge)                                             5.00       5.00
  clock network delay (ideal)                                       0.00       5.00
  core16_5/core4_3/s_w_5_reg_40_/CP (DFQD1BWP40P140LVT)             0.00       5.00 r
  library setup time                                               -0.03       4.97
  data required time                                                           4.97
  ---------------------------------------------------------------------------------------------------------
  data required time                                                           4.97
  data arrival time                                                           -4.97
  ---------------------------------------------------------------------------------------------------------
  slack (MET)                                                                  0.00


1
