 
****************************************
Report : area
Design : core16_a24_b8_c24
Version: O-2018.06-SP5
Date   : Tue May 12 13:43:04 2026
****************************************

Library(s) Used:

    tcbn28hpcplusbwp40p140lvtssg0p81vm40c_ccs (File: /export1/Library/TN28HPC+/STD_CELL_ext/track9_200824/TSMCHOME/digital/Front_End/timing_power_noise/CCS/tcbn28hpcplusbwp40p140lvt_180a/tcbn28hpcplusbwp40p140lvtssg0p81vm40c_ccs.db)
    tcbn28hpcplusbwp40p140ssg0p81vm40c_ccs (File: /export1/Library/TN28HPC+/STD_CELL_ext/track9_200824/TSMCHOME/digital/Front_End/timing_power_noise/CCS/tcbn28hpcplusbwp40p140_180a/tcbn28hpcplusbwp40p140ssg0p81vm40c_ccs.db)
    tcbn28hpcplusbwp40p140hvtssg0p81vm40c_ccs (File: /export1/Library/TN28HPC+/STD_CELL_ext/track9_200824/TSMCHOME/digital/Front_End/timing_power_noise/CCS/tcbn28hpcplusbwp40p140hvt_180a/tcbn28hpcplusbwp40p140hvtssg0p81vm40c_ccs.db)

Number of ports:                        32428
Number of nets:                         95223
Number of cells:                        47669
Number of combinational cells:          43690
Number of sequential cells:              3337
Number of macros/black boxes:               0
Number of buf/inv:                       6055
Number of references:                      21

Combinational area:              55193.795127
Buf/Inv area:                     1638.504013
Noncombinational area:            6727.392108
Macro/Black Box area:                0.000000
Net Interconnect area:      undefined  (Wire load has zero net area)

Total cell area:                 61921.187235
Total area:                 undefined

Area of detected synthetic parts
--------------------------------
                                                   Perc. of
  Module               Implem.  Count        Area cell area
  -------------------- -------  ----- ----------- ---------
  DP_OP_106J7_122_4067     str      3   4864.4707      7.9%
  DP_OP_106J8_122_8896     str      4   6819.6030     11.0%
  DP_OP_421J3_122_8434     str      1   6365.7183     10.3%
  DP_OP_52J6_122_2684      str      4    855.7914      1.4%
  DP_OP_52J9_125_102       str      4    229.8240      0.4%
  DP_OP_53J6_123_8373      str      4    884.2675      1.4%
  DP_OP_53J8_123_7322      str      2    188.2439      0.3%
  DP_OP_53J9_122_4273      str      3    533.1057      0.9%
  DP_OP_53J9_126_6763      str      4    291.3119      0.5%
  DP_OP_54J10_122_1205     str      1    160.2719      0.3%
  DP_OP_54J11_122_2980     str      1    160.2719      0.3%
  DP_OP_54J12_122_1278     str      1    171.1079      0.3%
  DP_OP_54J5_125_5862      str      1     57.4560      0.1%
  DP_OP_54J6_124_6887      str      4    641.0877      1.0%
  DP_OP_54J6_125_9944      str      1     57.4560      0.1%
  DP_OP_54J7_123_6849      str      1     86.8140      0.1%
  DP_OP_54J7_126_4528      str      1     70.3080      0.1%
  DP_OP_54J8_124_7247      str      2    289.6739      0.5%
  DP_OP_54J8_126_110       str      1     87.5700      0.1%
  DP_OP_54J9_123_4880      str      3    772.2534      1.2%
  DP_OP_54J9_127_2528      str      4    319.7879      0.5%
  DP_OP_55J10_123_7635     str      1    215.4599      0.3%
  DP_OP_55J11_123_3178     str      1    215.4599      0.3%
  DP_OP_55J12_123_4892     str      1    232.3439      0.4%
  DP_OP_55J5_122_1132      str      1    176.7779      0.3%
  DP_OP_55J5_126_2234      str      1     75.4740      0.1%
  DP_OP_55J6_126_3770      str      1     75.4740      0.1%
  DP_OP_55J7_124_8115      str      1    120.3299      0.2%
  DP_OP_55J7_127_4307      str      1     92.3580      0.1%
  DP_OP_55J8_125_912       str      2    262.8359      0.4%
  DP_OP_55J8_127_2141      str      1    117.6839      0.2%
  DP_OP_55J9_124_524       str      3    736.4695      1.2%
  DP_OP_56J10_124_620      str      1    221.3819      0.4%
  DP_OP_56J11_124_2987     str      1    221.3819      0.4%
  DP_OP_56J12_124_887      str      1    237.5099      0.4%
  DP_OP_56J5_123_2086      str      1    255.9058      0.4%
  DP_OP_56J5_127_2589      str      1     81.3960      0.1%
  DP_OP_56J6_127_1088      str      1     81.3960      0.1%
  DP_OP_56J7_125_6564      str      1    119.3220      0.2%
  DP_OP_56J7_128_942       str      1     98.2800      0.2%
  DP_OP_56J8_128_8780      str      1    122.8499      0.2%
  DP_OP_57J5_124_2783      str      1    245.1958      0.4%
  DW_mult_tc           apparch     33  19406.7888     31.3%
  DW_mult_uns          apparch     16   7512.3677     12.1%
  -------------------- -------  ----- ----------- ---------
  DP_OP Subtotal:                  74  27911.6807     45.1%
  Total:                          123  54830.8372     88.5%

Subtotal of datapath(DP_OP) cell area:  27911.6807  45.1%  
Total synthetic cell area:              54830.8372  88.5%  

1
