 
****************************************
Report : timing
        -path full
        -delay max
        -nets
        -max_paths 1
        -transition_time
Design : core64_a36_b8_c36
Version: O-2018.06-SP5
Date   : Wed May 13 09:09:57 2026
****************************************

 # A fanout number of 1000 was used for high fanout net computations.

Operating Conditions: ssg0p81vm40c   Library: tcbn28hpcplusbwp40p140hvtssg0p81vm40c_ccs
Wire Load Model Mode: segmented

  Startpoint: io_b_20[0] (input port clocked by clk)
  Endpoint: core16_3/core4_1/s_w_3_reg_44_
            (rising edge-triggered flip-flop clocked by clk)
  Path Group: clk
  Path Type: max

  Des/Clust/Port     Wire Load Model       Library
  ------------------------------------------------
  Eval_1_0_DP_OP_54J22_130_2528_J22_0_10 ZeroWireload tcbn28hpcplusbwp40p140hvtssg0p81vm40c_ccs
  Eval_1_0_DP_OP_53J22_129_6763_J22_0_10 ZeroWireload tcbn28hpcplusbwp40p140hvtssg0p81vm40c_ccs
  Eval_1_0_DP_OP_52J22_128_102_J22_0_10 ZeroWireload tcbn28hpcplusbwp40p140hvtssg0p81vm40c_ccs
  core64_a36_b8_c36  ZeroWireload          tcbn28hpcplusbwp40p140hvtssg0p81vm40c_ccs
  Eval_33_1_DP_OP_55J18_124_8043_J18_0_35 ZeroWireload tcbn28hpcplusbwp40p140hvtssg0p81vm40c_ccs
  Eval_33_1_DP_OP_54J18_123_8292_J18_0_35 ZeroWireload tcbn28hpcplusbwp40p140hvtssg0p81vm40c_ccs
  Eval_33_63_DP_OP_53J18_122_4708_0 ZeroWireload tcbn28hpcplusbwp40p140hvtssg0p81vm40c_ccs
  Eval_33_1_DP_OP_55J18_124_8043_J18_0_18 ZeroWireload tcbn28hpcplusbwp40p140hvtssg0p81vm40c_ccs
  Eval_33_1_DP_OP_54J18_123_8292_J18_0_18 ZeroWireload tcbn28hpcplusbwp40p140hvtssg0p81vm40c_ccs
  Eval_33_1_DP_OP_53J18_122_4708_J18_0_18 ZeroWireload tcbn28hpcplusbwp40p140hvtssg0p81vm40c_ccs
  core4_7_DW_mult_tc_J15_3_4 ZeroWireload  tcbn28hpcplusbwp40p140hvtssg0p81vm40c_ccs

Attributes:
    d - dont_touch
    u - dont_use
   mo - map_only
   so - size_only
    i - ideal_net or ideal_network
  inf - infeasible path

  Point                                       Fanout     Trans      Incr       Path      Attributes
  ---------------------------------------------------------------------------------------------------------
  clock clk (rise edge)                                             0.00       0.00
  clock network delay (ideal)                                       0.00       0.00
  input external delay                                              0.50       0.50 r
  io_b_20[0] (in)                                         0.00      0.00       0.50 r
  io_b_20[0] (net)                              4                   0.00       0.50 r
  evalB_5/io_in_0[0] (Eval_1_10)                                    0.00       0.50 r
  evalB_5/io_in_0[0] (net)                                          0.00       0.50 r
  evalB_5/DP_OP_53J22_129_6763/I2[0] (Eval_1_0_DP_OP_53J22_129_6763_J22_0_10)     0.00     0.50 r
  evalB_5/DP_OP_53J22_129_6763/I2[0] (net)                          0.00       0.50 r
  evalB_5/DP_OP_53J22_129_6763/U67/S (HA1D1BWP40P140LVT)     0.03     0.05     0.55 f
  evalB_5/DP_OP_53J22_129_6763/n158 (net)       3                   0.00       0.55 f
  evalB_5/DP_OP_53J22_129_6763/U65/ZN (IND2D0BWP40P140)     0.05     0.06      0.61 f
  evalB_5/DP_OP_53J22_129_6763/n157 (net)       1                   0.00       0.61 f
  evalB_5/DP_OP_53J22_129_6763/U76/CO (FA1D1BWP40P140)     0.02     0.08       0.68 f
  evalB_5/DP_OP_53J22_129_6763/n160 (net)       2                   0.00       0.68 f
  evalB_5/DP_OP_53J22_129_6763/U58/ZN (CKND0BWP40P140)     0.02     0.02       0.70 r
  evalB_5/DP_OP_53J22_129_6763/n189 (net)       1                   0.00       0.70 r
  evalB_5/DP_OP_53J22_129_6763/U56/ZN (MAOI222D1BWP40P140LVT)     0.04     0.03     0.73 f
  evalB_5/DP_OP_53J22_129_6763/n184 (net)       1                   0.00       0.73 f
  evalB_5/DP_OP_53J22_129_6763/U109/CO (FA1D1BWP40P140)     0.02     0.07      0.80 f
  evalB_5/DP_OP_53J22_129_6763/n154 (net)       2                   0.00       0.80 f
  evalB_5/DP_OP_53J22_129_6763/U55/ZN (MAOI222D0BWP40P140)     0.04     0.04     0.84 r
  evalB_5/DP_OP_53J22_129_6763/n188 (net)       1                   0.00       0.84 r
  evalB_5/DP_OP_53J22_129_6763/U53/ZN (CKND0BWP40P140)     0.03     0.03       0.87 f
  evalB_5/DP_OP_53J22_129_6763/n152 (net)       1                   0.00       0.87 f
  evalB_5/DP_OP_53J22_129_6763/U102/S (FA1D1BWP40P140LVT)     0.04     0.08     0.95 f
  evalB_5/DP_OP_53J22_129_6763/O2[5] (net)      4                   0.00       0.95 f
  evalB_5/DP_OP_53J22_129_6763/O2[5] (Eval_1_0_DP_OP_53J22_129_6763_J22_0_10)     0.00     0.95 f
  evalB_5/io_out_3[5] (net)                                         0.00       0.95 f
  evalB_5/io_out_3[5] (Eval_1_10)                                   0.00       0.95 f
  evalB_5_io_out_3[5] (net)                                         0.00       0.95 f
  core16_3/io_b_5[5] (core16_3)                                     0.00       0.95 f
  core16_3/io_b_5[5] (net)                                          0.00       0.95 f
  core16_3/evalB_1/io_in_1[5] (Eval_33_63)                          0.00       0.95 f
  core16_3/evalB_1/io_in_1[5] (net)                                 0.00       0.95 f
  core16_3/evalB_1/DP_OP_53J18_122_4708/I3[5] (Eval_33_63_DP_OP_53J18_122_4708_0)     0.00     0.95 f
  core16_3/evalB_1/DP_OP_53J18_122_4708/I3[5] (net)                 0.00       0.95 f
  core16_3/evalB_1/DP_OP_53J18_122_4708/U89/S (FA1D1BWP40P140)     0.03     0.11     1.06 r
  core16_3/evalB_1/DP_OP_53J18_122_4708/n206 (net)     1            0.00       1.06 r
  core16_3/evalB_1/DP_OP_53J18_122_4708/U97/S (FA1D1BWP40P140LVT)     0.02     0.08     1.14 f
  core16_3/evalB_1/DP_OP_53J18_122_4708/n229 (net)     1            0.00       1.14 f
  core16_3/evalB_1/DP_OP_53J18_122_4708/U85/CO (FA1D1BWP40P140)     0.02     0.07     1.20 f
  core16_3/evalB_1/DP_OP_53J18_122_4708/n231 (net)     1            0.00       1.20 f
  core16_3/evalB_1/DP_OP_53J18_122_4708/U84/CO (FA1D1BWP40P140)     0.02     0.07     1.27 f
  core16_3/evalB_1/DP_OP_53J18_122_4708/n233 (net)     1            0.00       1.27 f
  core16_3/evalB_1/DP_OP_53J18_122_4708/U83/CO (FA1D1BWP40P140)     0.02     0.06     1.33 f
  core16_3/evalB_1/DP_OP_53J18_122_4708/n234 (net)     1            0.00       1.33 f
  core16_3/evalB_1/DP_OP_53J18_122_4708/U82/CO (FA1D1BWP40P140)     0.02     0.06     1.39 f
  core16_3/evalB_1/DP_OP_53J18_122_4708/n237 (net)     1            0.00       1.39 f
  core16_3/evalB_1/DP_OP_53J18_122_4708/U81/CO (FA1D1BWP40P140)     0.02     0.06     1.44 f
  core16_3/evalB_1/DP_OP_53J18_122_4708/n240 (net)     1            0.00       1.44 f
  core16_3/evalB_1/DP_OP_53J18_122_4708/U80/S (FA1D1BWP40P140)     0.05     0.12     1.56 r
  core16_3/evalB_1/DP_OP_53J18_122_4708/O1[11] (net)     3          0.00       1.56 r
  core16_3/evalB_1/DP_OP_53J18_122_4708/O1[11] (Eval_33_63_DP_OP_53J18_122_4708_0)     0.00     1.56 r
  core16_3/evalB_1/io_out_1[11] (net)                               0.00       1.56 r
  core16_3/evalB_1/io_out_1[11] (Eval_33_63)                        0.00       1.56 r
  core16_3/evalB_1_io_out_1[11] (net)                               0.00       1.56 r
  core16_3/core4_1/io_b_1[11] (core4_26)                            0.00       1.56 r
  core16_3/core4_1/io_b_1[11] (net)                                 0.00       1.56 r
  core16_3/core4_1/evalB/io_in_1[11] (Eval_33_26)                   0.00       1.56 r
  core16_3/core4_1/evalB/io_in_1[11] (net)                          0.00       1.56 r
  core16_3/core4_1/evalB/DP_OP_54J18_123_8292/I3[11] (Eval_33_1_DP_OP_54J18_123_8292_J18_0_18)     0.00     1.56 r
  core16_3/core4_1/evalB/DP_OP_54J18_123_8292/I3[11] (net)          0.00       1.56 r
  core16_3/core4_1/evalB/DP_OP_54J18_123_8292/U175/S (FA1D0BWP40P140)     0.04     0.12     1.69 f
  core16_3/core4_1/evalB/DP_OP_54J18_123_8292/n366 (net)     2      0.00       1.69 f
  core16_3/core4_1/evalB/DP_OP_54J18_123_8292/U205/ZN (CKND0BWP40P140)     0.03     0.04     1.72 r
  core16_3/core4_1/evalB/DP_OP_54J18_123_8292/n390 (net)     1      0.00       1.72 r
  core16_3/core4_1/evalB/DP_OP_54J18_123_8292/U180/S (FA1D0BWP40P140)     0.20     0.21     1.93 f
  core16_3/core4_1/evalB/DP_OP_54J18_123_8292/O2[11] (net)    40     0.00      1.93 f
  core16_3/core4_1/evalB/DP_OP_54J18_123_8292/O2[11] (Eval_33_1_DP_OP_54J18_123_8292_J18_0_18)     0.00     1.93 f
  core16_3/core4_1/evalB/io_out_3[11] (net)                         0.00       1.93 f
  core16_3/core4_1/evalB/io_out_3[11] (Eval_33_26)                  0.00       1.93 f
  core16_3/core4_1/evalB_io_out_3[11] (net)                         0.00       1.93 f
  core16_3/core4_1/mult_x_4/b[11] (core4_7_DW_mult_tc_J15_3_4)      0.00       1.93 f
  core16_3/core4_1/mult_x_4/b[11] (net)                             0.00       1.93 f
  core16_3/core4_1/mult_x_4/U1447/ZN (INVD1BWP40P140LVT)     0.12     0.13     2.07 r
  core16_3/core4_1/mult_x_4/n3049 (net)        37                   0.00       2.07 r
  core16_3/core4_1/mult_x_4/U1677/ZN (MUX2ND0BWP40P140)     0.07     0.07      2.14 f
  core16_3/core4_1/mult_x_4/n1949 (net)         4                   0.00       2.14 f
  core16_3/core4_1/mult_x_4/U1682/ZN (CKND0BWP40P140)     0.03      0.04       2.18 r
  core16_3/core4_1/mult_x_4/n1841 (net)         2                   0.00       2.18 r
  core16_3/core4_1/mult_x_4/U1544/ZN (ND2D0BWP40P140HVT)     0.32     0.20     2.38 f
  core16_3/core4_1/mult_x_4/n1947 (net)        28                   0.00       2.38 f
  core16_3/core4_1/mult_x_4/U1553/ZN (CKND0BWP40P140)     0.09      0.15       2.52 r
  core16_3/core4_1/mult_x_4/n1836 (net)         5                   0.00       2.52 r
  core16_3/core4_1/mult_x_4/U1767/ZN (AOI222D0BWP40P140)     0.11     0.06     2.58 f
  core16_3/core4_1/mult_x_4/n1948 (net)         1                   0.00       2.58 f
  core16_3/core4_1/mult_x_4/U1768/ZN (MUX2ND0BWP40P140)     0.06     0.07      2.65 r
  core16_3/core4_1/mult_x_4/n2039 (net)         1                   0.00       2.65 r
  core16_3/core4_1/mult_x_4/U1418/CO (HA1D0BWP40P140)     0.03      0.06       2.72 r
  core16_3/core4_1/mult_x_4/n2034 (net)         1                   0.00       2.72 r
  core16_3/core4_1/mult_x_4/U1414/CO (HA1D0BWP40P140)     0.02      0.05       2.77 r
  core16_3/core4_1/mult_x_4/n2029 (net)         1                   0.00       2.77 r
  core16_3/core4_1/mult_x_4/U1832/CO (FA1D1BWP40P140)     0.02      0.05       2.82 r
  core16_3/core4_1/mult_x_4/n2024 (net)         2                   0.00       2.82 r
  core16_3/core4_1/mult_x_4/U1437/Z (XOR2UD0BWP40P140)     0.07     0.04       2.85 r
  core16_3/core4_1/mult_x_4/n1711 (net)         1                   0.00       2.85 r
  core16_3/core4_1/mult_x_4/U1436/Z (XOR2UD0BWP40P140)     0.08     0.06       2.92 r
  core16_3/core4_1/mult_x_4/n2127 (net)         1                   0.00       2.92 r
  core16_3/core4_1/mult_x_4/U1912/S (FA1D1BWP40P140)      0.03      0.12       3.04 f
  core16_3/core4_1/mult_x_4/n2244 (net)         1                   0.00       3.04 f
  core16_3/core4_1/mult_x_4/U2007/CO (FA1D1BWP40P140)     0.02      0.07       3.10 f
  core16_3/core4_1/mult_x_4/n2237 (net)         1                   0.00       3.10 f
  core16_3/core4_1/mult_x_4/U2003/CO (FA1D1BWP40P140)     0.02      0.06       3.16 f
  core16_3/core4_1/mult_x_4/n2232 (net)         1                   0.00       3.16 f
  core16_3/core4_1/mult_x_4/U1999/CO (FA1D1BWP40P140)     0.02      0.06       3.22 f
  core16_3/core4_1/mult_x_4/n2227 (net)         1                   0.00       3.22 f
  core16_3/core4_1/mult_x_4/U1995/CO (FA1D1BWP40P140)     0.02      0.06       3.27 f
  core16_3/core4_1/mult_x_4/n2222 (net)         1                   0.00       3.27 f
  core16_3/core4_1/mult_x_4/U1991/CO (FA1D1BWP40P140)     0.02      0.06       3.33 f
  core16_3/core4_1/mult_x_4/n2217 (net)         1                   0.00       3.33 f
  core16_3/core4_1/mult_x_4/U1987/CO (FA1D1BWP40P140)     0.02      0.06       3.38 f
  core16_3/core4_1/mult_x_4/n2212 (net)         1                   0.00       3.38 f
  core16_3/core4_1/mult_x_4/U1983/CO (FA1D1BWP40P140)     0.02      0.06       3.44 f
  core16_3/core4_1/mult_x_4/n2207 (net)         1                   0.00       3.44 f
  core16_3/core4_1/mult_x_4/U1979/CO (FA1D1BWP40P140)     0.02      0.06       3.49 f
  core16_3/core4_1/mult_x_4/n2202 (net)         1                   0.00       3.49 f
  core16_3/core4_1/mult_x_4/U1975/CO (FA1D1BWP40P140)     0.02      0.06       3.55 f
  core16_3/core4_1/mult_x_4/n2197 (net)         1                   0.00       3.55 f
  core16_3/core4_1/mult_x_4/U1971/CO (FA1D1BWP40P140)     0.02      0.06       3.60 f
  core16_3/core4_1/mult_x_4/n2192 (net)         1                   0.00       3.60 f
  core16_3/core4_1/mult_x_4/U1967/CO (FA1D1BWP40P140)     0.02      0.06       3.66 f
  core16_3/core4_1/mult_x_4/n2187 (net)         1                   0.00       3.66 f
  core16_3/core4_1/mult_x_4/U1963/CO (FA1D1BWP40P140)     0.02      0.06       3.72 f
  core16_3/core4_1/mult_x_4/n2181 (net)         1                   0.00       3.72 f
  core16_3/core4_1/mult_x_4/U1959/CO (FA1D1BWP40P140)     0.02      0.06       3.77 f
  core16_3/core4_1/mult_x_4/n2175 (net)         1                   0.00       3.77 f
  core16_3/core4_1/mult_x_4/U1955/CO (FA1D1BWP40P140)     0.02      0.06       3.83 f
  core16_3/core4_1/mult_x_4/n2564 (net)         1                   0.00       3.83 f
  core16_3/core4_1/mult_x_4/U2200/CO (FA1D1BWP40P140)     0.02      0.06       3.88 f
  core16_3/core4_1/mult_x_4/n2894 (net)         1                   0.00       3.88 f
  core16_3/core4_1/mult_x_4/U2438/CO (FA1D1BWP40P140)     0.02      0.06       3.94 f
  core16_3/core4_1/mult_x_4/n2963 (net)         1                   0.00       3.94 f
  core16_3/core4_1/mult_x_4/U2484/CO (FA1D1BWP40P140)     0.02      0.06       3.99 f
  core16_3/core4_1/mult_x_4/n2957 (net)         1                   0.00       3.99 f
  core16_3/core4_1/mult_x_4/U2480/CO (FA1D1BWP40P140)     0.02      0.06       4.05 f
  core16_3/core4_1/mult_x_4/n2951 (net)         1                   0.00       4.05 f
  core16_3/core4_1/mult_x_4/U2476/CO (FA1D1BWP40P140)     0.02      0.06       4.10 f
  core16_3/core4_1/mult_x_4/n2946 (net)         1                   0.00       4.10 f
  core16_3/core4_1/mult_x_4/U2472/CO (FA1D1BWP40P140)     0.02      0.06       4.16 f
  core16_3/core4_1/mult_x_4/n2941 (net)         1                   0.00       4.16 f
  core16_3/core4_1/mult_x_4/U2468/CO (FA1D1BWP40P140)     0.02      0.06       4.22 f
  core16_3/core4_1/mult_x_4/n2936 (net)         1                   0.00       4.22 f
  core16_3/core4_1/mult_x_4/U2464/CO (FA1D1BWP40P140)     0.02      0.06       4.27 f
  core16_3/core4_1/mult_x_4/n2931 (net)         1                   0.00       4.27 f
  core16_3/core4_1/mult_x_4/U2460/CO (FA1D1BWP40P140)     0.02      0.06       4.33 f
  core16_3/core4_1/mult_x_4/n2926 (net)         1                   0.00       4.33 f
  core16_3/core4_1/mult_x_4/U2456/CO (FA1D1BWP40P140)     0.02      0.06       4.38 f
  core16_3/core4_1/mult_x_4/n2921 (net)         1                   0.00       4.38 f
  core16_3/core4_1/mult_x_4/U2452/CO (FA1D1BWP40P140)     0.02      0.06       4.44 f
  core16_3/core4_1/mult_x_4/n2915 (net)         1                   0.00       4.44 f
  core16_3/core4_1/mult_x_4/U2448/CO (FA1D1BWP40P140)     0.02      0.06       4.49 f
  core16_3/core4_1/mult_x_4/n2909 (net)         1                   0.00       4.49 f
  core16_3/core4_1/mult_x_4/U2445/CO (FA1D1BWP40P140)     0.02      0.06       4.55 f
  core16_3/core4_1/mult_x_4/n2903 (net)         1                   0.00       4.55 f
  core16_3/core4_1/mult_x_4/U2441/CO (FA1D1BWP40P140)     0.02      0.05       4.60 f
  core16_3/core4_1/mult_x_4/n2897 (net)         1                   0.00       4.60 f
  core16_3/core4_1/mult_x_4/U2439/ZN (MUX2ND0BWP40P140)     0.06     0.04      4.64 f
  core16_3/core4_1/mult_x_4/n2899 (net)         1                   0.00       4.64 f
  core16_3/core4_1/mult_x_4/U2440/ZN (XNR4D0BWP40P140)     0.03     0.12       4.77 r
  core16_3/core4_1/mult_x_4/n3044 (net)         1                   0.00       4.77 r
  core16_3/core4_1/mult_x_4/U1445/Z (XOR2UD1BWP40P140)     0.04     0.05       4.81 r
  core16_3/core4_1/mult_x_4/n1729 (net)         1                   0.00       4.81 r
  core16_3/core4_1/mult_x_4/U1346/ZN (XNR2UD0BWP40P140)     0.05     0.04      4.85 r
  core16_3/core4_1/mult_x_4/n1696 (net)         1                   0.00       4.85 r
  core16_3/core4_1/mult_x_4/U1370/Z (XOR2UD1BWP40P140LVT)     0.04     0.04     4.90 r
  core16_3/core4_1/mult_x_4/n1695 (net)         1                   0.00       4.90 r
  core16_3/core4_1/mult_x_4/U1368/Z (XOR2UD1BWP40P140LVT)     0.05     0.03     4.93 r
  core16_3/core4_1/mult_x_4/n1694 (net)         1                   0.00       4.93 r
  core16_3/core4_1/mult_x_4/U1367/Z (XOR2UD1BWP40P140LVT)     0.03     0.04     4.96 r
  core16_3/core4_1/mult_x_4/product[44] (net)     1                 0.00       4.96 r
  core16_3/core4_1/mult_x_4/product[44] (core4_7_DW_mult_tc_J15_3_4)     0.00     4.96 r
  core16_3/core4_1/n_w_3_T_1[44] (net)                              0.00       4.96 r
  core16_3/core4_1/s_w_3_reg_44_/D (DFQD1BWP40P140)       0.03      0.00       4.96 r
  data arrival time                                                            4.96

  clock clk (rise edge)                                             5.00       5.00
  clock network delay (ideal)                                       0.00       5.00
  core16_3/core4_1/s_w_3_reg_44_/CP (DFQD1BWP40P140)                0.00       5.00 r
  library setup time                                               -0.04       4.96
  data required time                                                           4.96
  ---------------------------------------------------------------------------------------------------------
  data required time                                                           4.96
  data arrival time                                                           -4.96
  ---------------------------------------------------------------------------------------------------------
  slack (MET)                                                                  0.00


1
