 
****************************************
Report : area
Design : core16_a24_b12_c24
Version: O-2018.06-SP5
Date   : Tue May 12 12:32:09 2026
****************************************

Library(s) Used:

    tcbn28hpcplusbwp40p140lvtssg0p81vm40c_ccs (File: /export1/Library/TN28HPC+/STD_CELL_ext/track9_200824/TSMCHOME/digital/Front_End/timing_power_noise/CCS/tcbn28hpcplusbwp40p140lvt_180a/tcbn28hpcplusbwp40p140lvtssg0p81vm40c_ccs.db)
    tcbn28hpcplusbwp40p140ssg0p81vm40c_ccs (File: /export1/Library/TN28HPC+/STD_CELL_ext/track9_200824/TSMCHOME/digital/Front_End/timing_power_noise/CCS/tcbn28hpcplusbwp40p140_180a/tcbn28hpcplusbwp40p140ssg0p81vm40c_ccs.db)
    tcbn28hpcplusbwp40p140hvtssg0p81vm40c_ccs (File: /export1/Library/TN28HPC+/STD_CELL_ext/track9_200824/TSMCHOME/digital/Front_End/timing_power_noise/CCS/tcbn28hpcplusbwp40p140hvt_180a/tcbn28hpcplusbwp40p140hvtssg0p81vm40c_ccs.db)

Number of ports:                        34228
Number of nets:                        102916
Number of cells:                        52482
Number of combinational cells:          48499
Number of sequential cells:              3337
Number of macros/black boxes:               0
Number of buf/inv:                       6265
Number of references:                      21

Combinational area:              60627.545039
Buf/Inv area:                     1699.614013
Noncombinational area:            6727.392108
Macro/Black Box area:                0.000000
Net Interconnect area:      undefined  (Wire load has zero net area)

Total cell area:                 67354.937147
Total area:                 undefined

Area of detected synthetic parts
--------------------------------
                                                    Perc. of
  Module                Implem.  Count        Area cell area
  --------------------- -------  ----- ----------- ---------
  DP_OP_106J13_122_4067     str      3   4863.4626      7.2%
  DP_OP_106J5_122_8896      str      4   6819.6030     10.1%
  DP_OP_421J3_122_8434      str      1   6365.7168      9.5%
  DP_OP_52J5_129_7082       str      4    332.6399      0.5%
  DP_OP_52J7_122_2684       str      4    855.7914      1.3%
  DP_OP_53J12_122_3190      str      2    239.6519      0.4%
  DP_OP_53J13_123_4273      str      3    533.1057      0.8%
  DP_OP_53J5_130_1358       str      4    432.4318      0.6%
  DP_OP_53J7_123_8373       str      4    884.2675      1.3%
  DP_OP_54J10_122_4538      str      1     96.0120      0.1%
  DP_OP_54J11_122_6859      str      1    112.5180      0.2%
  DP_OP_54J12_123_2985      str      2    360.1078      0.5%
  DP_OP_54J13_124_4880      str      3    772.2535      1.1%
  DP_OP_54J13_126_1205      str      1    160.2719      0.2%
  DP_OP_54J5_126_2980       str      1    160.2719      0.2%
  DP_OP_54J5_131_7047       str      4    460.9078      0.7%
  DP_OP_54J6_122_1278       str      1    171.1079      0.3%
  DP_OP_54J6_125_1710       str      1     83.1600      0.1%
  DP_OP_54J7_124_6887       str      4    641.0877      1.0%
  DP_OP_54J8_122_3485       str      1     83.1600      0.1%
  DP_OP_54J9_122_120        str      1    113.2740      0.2%
  DP_OP_55J10_123_3266      str      1    127.6379      0.2%
  DP_OP_55J11_123_4984      str      1    155.6099      0.2%
  DP_OP_55J12_124_8061      str      2    333.5218      0.5%
  DP_OP_55J13_125_524       str      3    736.4695      1.1%
  DP_OP_55J13_127_7635      str      1    215.4599      0.3%
  DP_OP_55J5_123_1132       str      1    176.7779      0.3%
  DP_OP_55J5_127_3178       str      1    215.4599      0.3%
  DP_OP_55J6_123_4892       str      1    232.3439      0.3%
  DP_OP_55J6_126_8406       str      1    110.7540      0.2%
  DP_OP_55J8_123_3965       str      1    110.7540      0.2%
  DP_OP_55J9_123_6793       str      1    152.9639      0.2%
  DP_OP_56J10_124_4817      str      1    133.6859      0.2%
  DP_OP_56J11_124_9671      str      1    154.6019      0.2%
  DP_OP_56J13_128_620       str      1    221.3819      0.3%
  DP_OP_56J5_124_2086       str      1    255.9058      0.4%
  DP_OP_56J5_128_2987       str      1    221.3819      0.3%
  DP_OP_56J6_124_887        str      1    237.5099      0.4%
  DP_OP_56J6_127_5041       str      1    116.6760      0.2%
  DP_OP_56J8_124_9514       str      1    116.6759      0.2%
  DP_OP_56J9_124_5617       str      1    158.1299      0.2%
  DP_OP_57J5_125_2783       str      1    245.1958      0.4%
  DW_mult_tc            apparch     33  21938.9203     32.6%
  DW_mult_uns           apparch     16   9320.6051     13.8%
  --------------------- -------  ----- ----------- ---------
  DP_OP Subtotal:                   74  28969.7006     43.0%
  Total:                           123  60229.2260     89.4%

Subtotal of datapath(DP_OP) cell area:  28969.7006  43.0%  
Total synthetic cell area:              60229.2260  89.4%  

1
