 
****************************************
Report : area
Design : core4_a36_b14_c36
Version: O-2018.06-SP5
Date   : Tue May 12 08:49:03 2026
****************************************

Library(s) Used:

    tcbn28hpcplusbwp40p140lvtssg0p81vm40c_ccs (File: /export1/Library/TN28HPC+/STD_CELL_ext/track9_200824/TSMCHOME/digital/Front_End/timing_power_noise/CCS/tcbn28hpcplusbwp40p140lvt_180a/tcbn28hpcplusbwp40p140lvtssg0p81vm40c_ccs.db)
    tcbn28hpcplusbwp40p140ssg0p81vm40c_ccs (File: /export1/Library/TN28HPC+/STD_CELL_ext/track9_200824/TSMCHOME/digital/Front_End/timing_power_noise/CCS/tcbn28hpcplusbwp40p140_180a/tcbn28hpcplusbwp40p140ssg0p81vm40c_ccs.db)
    tcbn28hpcplusbwp40p140hvtssg0p81vm40c_ccs (File: /export1/Library/TN28HPC+/STD_CELL_ext/track9_200824/TSMCHOME/digital/Front_End/timing_power_noise/CCS/tcbn28hpcplusbwp40p140hvt_180a/tcbn28hpcplusbwp40p140hvtssg0p81vm40c_ccs.db)

Number of ports:                         4134
Number of nets:                         15736
Number of cells:                         8783
Number of combinational cells:           8343
Number of sequential cells:               416
Number of macros/black boxes:               0
Number of buf/inv:                        980
Number of references:                      14

Combinational area:              10119.689836
Buf/Inv area:                      259.560003
Noncombinational area:             838.656013
Macro/Black Box area:                0.000000
Net Interconnect area:      undefined  (Wire load has zero net area)

Total cell area:                 10958.345849
Total area:                 undefined

Area of detected synthetic parts
--------------------------------
                                                   Perc. of
  Module               Implem.  Count        Area cell area
  -------------------- -------  ----- ----------- ---------
  DP_OP_106J2_122_6288     str      1   2594.7146     23.7%
  DP_OP_52J2_123_3307      str      1    231.3359      2.1%
  DP_OP_52J3_122_4543      str      1     95.5080      0.9%
  DP_OP_53J2_124_7384      str      1    319.7880      2.9%
  DP_OP_53J3_123_5215      str      1    125.7479      1.1%
  DP_OP_54J2_125_3435      str      1    321.2998      2.9%
  DP_OP_54J3_124_1990      str      1    132.8039      1.2%
  DW_mult_tc           apparch      4   3979.0873     36.3%
  DW_mult_uns          apparch      3   2276.0688     20.8%
  -------------------- -------  ----- ----------- ---------
  DP_OP Subtotal:                   7   3821.1980     34.9%
  Total:                           14  10076.3542     92.0%

Subtotal of datapath(DP_OP) cell area:  3821.1980  34.9%  
Total synthetic cell area:              10076.3542  92.0%  

1
