 
****************************************
Report : timing
        -path full
        -delay max
        -nets
        -max_paths 1
        -transition_time
Design : core16_a32_b16_c32
Version: O-2018.06-SP5
Date   : Tue May 12 16:44:04 2026
****************************************

 # A fanout number of 1000 was used for high fanout net computations.

Operating Conditions: ssg0p81vm40c   Library: tcbn28hpcplusbwp40p140hvtssg0p81vm40c_ccs
Wire Load Model Mode: segmented

  Startpoint: io_b_3[2] (input port clocked by clk)
  Endpoint: core4_5/s_w_3_reg_37_
            (rising edge-triggered flip-flop clocked by clk)
  Path Group: clk
  Path Type: max

  Des/Clust/Port     Wire Load Model       Library
  ------------------------------------------------
  core16_a32_b16_c32 ZeroWireload          tcbn28hpcplusbwp40p140hvtssg0p81vm40c_ccs
  Eval_1_0_DP_OP_52J7_122_2082_J7_0_3 ZeroWireload tcbn28hpcplusbwp40p140hvtssg0p81vm40c_ccs
  Eval_1_0_DP_OP_53J7_123_7779_J7_0_3 ZeroWireload tcbn28hpcplusbwp40p140hvtssg0p81vm40c_ccs
  Eval_1_0_DP_OP_54J7_124_2477_J7_0_3 ZeroWireload tcbn28hpcplusbwp40p140hvtssg0p81vm40c_ccs
  Eval_9_6_DP_OP_54J6_122_6671_J6_0 ZeroWireload tcbn28hpcplusbwp40p140hvtssg0p81vm40c_ccs
  Eval_9_6_DP_OP_55J6_123_6987_J6_0 ZeroWireload tcbn28hpcplusbwp40p140hvtssg0p81vm40c_ccs
  Eval_9_6_DP_OP_56J6_124_8611_J6_0 ZeroWireload tcbn28hpcplusbwp40p140hvtssg0p81vm40c_ccs
  core4_1_DW_mult_tc_J12_0_0 ZeroWireload  tcbn28hpcplusbwp40p140hvtssg0p81vm40c_ccs
  Eval_9_1_DP_OP_53J9_126_7336_J9_0_0 ZeroWireload tcbn28hpcplusbwp40p140hvtssg0p81vm40c_ccs
  Eval_9_1_DP_OP_54J9_127_2306_J9_0_0 ZeroWireload tcbn28hpcplusbwp40p140hvtssg0p81vm40c_ccs
  Eval_9_1_DP_OP_55J9_128_7382_J9_0_0 ZeroWireload tcbn28hpcplusbwp40p140hvtssg0p81vm40c_ccs
  core4_1_DW_mult_tc_J12_3_0 ZeroWireload  tcbn28hpcplusbwp40p140hvtssg0p81vm40c_ccs

Attributes:
    d - dont_touch
    u - dont_use
   mo - map_only
   so - size_only
    i - ideal_net or ideal_network
  inf - infeasible path

  Point                                       Fanout     Trans      Incr       Path      Attributes
  ---------------------------------------------------------------------------------------------------------
  clock clk (rise edge)                                             0.00       0.00
  clock network delay (ideal)                                       0.00       0.00
  input external delay                                              0.50       0.50 f
  io_b_3[2] (in)                                          0.00      0.00       0.50 f
  io_b_3[2] (net)                               1                   0.00       0.50 f
  evalB/io_in_3[2] (Eval_1_3)                                       0.00       0.50 f
  evalB/io_in_3[2] (net)                                            0.00       0.50 f
  evalB/U3/ZN (INVD2BWP40P140)                            0.01      0.01       0.51 r
  evalB/n12 (net)                               1                   0.00       0.51 r
  evalB/U2/ZN (INVD2BWP40P140LVT)                         0.03      0.02       0.53 f
  evalB/io_out_0[2] (net)                       7                   0.00       0.53 f
  evalB/DP_OP_54J7_124_2477/I3[2] (Eval_1_0_DP_OP_54J7_124_2477_J7_0_3)     0.00     0.53 f
  evalB/DP_OP_54J7_124_2477/I3[2] (net)                             0.00       0.53 f
  evalB/DP_OP_54J7_124_2477/U122/CO (HA1D0BWP40P140)      0.02      0.04       0.57 f
  evalB/DP_OP_54J7_124_2477/n238 (net)          1                   0.00       0.57 f
  evalB/DP_OP_54J7_124_2477/U146/CO (FA1D1BWP40P140)      0.02      0.06       0.62 f
  evalB/DP_OP_54J7_124_2477/n237 (net)          1                   0.00       0.62 f
  evalB/DP_OP_54J7_124_2477/U100/CO (FA1D1BWP40P140)      0.02      0.06       0.68 f
  evalB/DP_OP_54J7_124_2477/n241 (net)          1                   0.00       0.68 f
  evalB/DP_OP_54J7_124_2477/U142/CO (FA1D1BWP40P140)      0.02      0.06       0.74 f
  evalB/DP_OP_54J7_124_2477/n266 (net)          1                   0.00       0.74 f
  evalB/DP_OP_54J7_124_2477/U121/CO (FA1D1BWP40P140LVT)     0.02     0.04      0.78 f
  evalB/DP_OP_54J7_124_2477/n264 (net)          1                   0.00       0.78 f
  evalB/DP_OP_54J7_124_2477/U120/CO (FA1D1BWP40P140LVT)     0.02     0.04      0.82 f
  evalB/DP_OP_54J7_124_2477/n262 (net)          1                   0.00       0.82 f
  evalB/DP_OP_54J7_124_2477/U139/CO (FA1D1BWP40P140)      0.02      0.05       0.88 f
  evalB/DP_OP_54J7_124_2477/n260 (net)          1                   0.00       0.88 f
  evalB/DP_OP_54J7_124_2477/U150/CO (FA1D0BWP40P140)      0.03      0.07       0.94 f
  evalB/DP_OP_54J7_124_2477/n258 (net)          1                   0.00       0.94 f
  evalB/DP_OP_54J7_124_2477/U148/S (FA1D0BWP40P140)       0.04      0.12       1.07 r
  evalB/DP_OP_54J7_124_2477/n324 (net)          2                   0.00       1.07 r
  evalB/DP_OP_54J7_124_2477/U152/ZN (CKND0BWP40P140)      0.03      0.03       1.10 f
  evalB/DP_OP_54J7_124_2477/n297 (net)          1                   0.00       1.10 f
  evalB/DP_OP_54J7_124_2477/U151/CO (FA1D0BWP40P140)      0.03      0.08       1.18 f
  evalB/DP_OP_54J7_124_2477/n268 (net)          1                   0.00       1.18 f
  evalB/DP_OP_54J7_124_2477/U131/CO (FA1D1BWP40P140)      0.02      0.06       1.24 f
  evalB/DP_OP_54J7_124_2477/n352 (net)          1                   0.00       1.24 f
  evalB/DP_OP_54J7_124_2477/U188/CO (FA1D1BWP40P140)      0.02      0.06       1.29 f
  evalB/DP_OP_54J7_124_2477/n349 (net)          1                   0.00       1.29 f
  evalB/DP_OP_54J7_124_2477/U114/CO (FA1D1BWP40P140)      0.02      0.06       1.35 f
  evalB/DP_OP_54J7_124_2477/n346 (net)          1                   0.00       1.35 f
  evalB/DP_OP_54J7_124_2477/U98/CO (FA1D1BWP40P140)       0.02      0.06       1.40 f
  evalB/DP_OP_54J7_124_2477/n343 (net)          1                   0.00       1.40 f
  evalB/DP_OP_54J7_124_2477/U162/S (FA1D0BWP40P140)       0.02      0.11       1.51 r
  evalB/DP_OP_54J7_124_2477/O2[15] (net)        1                   0.00       1.51 r
  evalB/DP_OP_54J7_124_2477/O2[15] (Eval_1_0_DP_OP_54J7_124_2477_J7_0_3)     0.00     1.51 r
  evalB/io_out_5[15] (net)                                          0.00       1.51 r
  evalB/io_out_5[15] (Eval_1_3)                                     0.00       1.51 r
  evalB_io_out_5[15] (net)                                          0.00       1.51 r
  core4_5/io_b_0[15] (core4_1)                                      0.00       1.51 r
  core4_5/io_b_0[15] (net)                                          0.00       1.51 r
  core4_5/evalB/io_in_0[15] (Eval_9_1)                              0.00       1.51 r
  core4_5/evalB/io_in_0[15] (net)                                   0.00       1.51 r
  core4_5/evalB/U6/ZN (CKND0BWP40P140)                    0.01      0.02       1.52 f
  core4_5/evalB/n10 (net)                       1                   0.00       1.52 f
  core4_5/evalB/U10/ZN (CKND0BWP40P140)                   0.22      0.13       1.66 r
  core4_5/evalB/io_out_6[15] (net)             29                   0.00       1.66 r
  core4_5/evalB/DP_OP_54J9_127_2306/I1[15] (Eval_9_1_DP_OP_54J9_127_2306_J9_0_0)     0.00     1.66 r
  core4_5/evalB/DP_OP_54J9_127_2306/I1[15] (net)                    0.00       1.66 r
  core4_5/evalB/DP_OP_54J9_127_2306/U152/CO (FA1D1BWP40P140LVT)     0.02     0.08     1.74 r
  core4_5/evalB/DP_OP_54J9_127_2306/n364 (net)     1                0.00       1.74 r
  core4_5/evalB/DP_OP_54J9_127_2306/U172/S (FA1D0BWP40P140)     0.05     0.12     1.86 f
  core4_5/evalB/DP_OP_54J9_127_2306/n442 (net)     2                0.00       1.86 f
  core4_5/evalB/DP_OP_54J9_127_2306/U245/CO (FA1D1BWP40P140)     0.02     0.08     1.94 f
  core4_5/evalB/DP_OP_54J9_127_2306/n437 (net)     1                0.00       1.94 f
  core4_5/evalB/DP_OP_54J9_127_2306/U183/CO (FA1D0BWP40P140)     0.03     0.07     2.01 f
  core4_5/evalB/DP_OP_54J9_127_2306/n434 (net)     1                0.00       2.01 f
  core4_5/evalB/DP_OP_54J9_127_2306/U182/CO (FA1D0BWP40P140)     0.03     0.07     2.08 f
  core4_5/evalB/DP_OP_54J9_127_2306/n431 (net)     1                0.00       2.08 f
  core4_5/evalB/DP_OP_54J9_127_2306/U244/CO (FA1D1BWP40P140)     0.02     0.06     2.14 f
  core4_5/evalB/DP_OP_54J9_127_2306/n428 (net)     1                0.00       2.14 f
  core4_5/evalB/DP_OP_54J9_127_2306/U150/CO (FA1D1BWP40P140)     0.02     0.06     2.20 f
  core4_5/evalB/DP_OP_54J9_127_2306/n425 (net)     1                0.00       2.20 f
  core4_5/evalB/DP_OP_54J9_127_2306/U186/CO (FA1D0BWP40P140)     0.03     0.07     2.26 f
  core4_5/evalB/DP_OP_54J9_127_2306/n491 (net)     1                0.00       2.26 f
  core4_5/evalB/DP_OP_54J9_127_2306/U256/CO (FA1D1BWP40P140)     0.02     0.06     2.32 f
  core4_5/evalB/DP_OP_54J9_127_2306/n494 (net)     1                0.00       2.32 f
  core4_5/evalB/DP_OP_54J9_127_2306/U140/S (FA1D1BWP40P140LVT)     0.06     0.11     2.43 r
  core4_5/evalB/DP_OP_54J9_127_2306/O2[23] (net)    20              0.00       2.43 r
  core4_5/evalB/DP_OP_54J9_127_2306/O2[23] (Eval_9_1_DP_OP_54J9_127_2306_J9_0_0)     0.00     2.43 r
  core4_5/evalB/io_out_3[23] (net)                                  0.00       2.43 r
  core4_5/evalB/io_out_3[23] (Eval_9_1)                             0.00       2.43 r
  core4_5/evalB_io_out_3[23] (net)                                  0.00       2.43 r
  core4_5/mult_x_4/b[23] (core4_1_DW_mult_tc_J12_3_0)               0.00       2.43 r
  core4_5/mult_x_4/b[23] (net)                                      0.00       2.43 r
  core4_5/mult_x_4/U1268/ZN (INVD3BWP40P140LVT)           0.03      0.04       2.47 f
  core4_5/mult_x_4/n2172 (net)                 31                   0.00       2.47 f
  core4_5/mult_x_4/U1320/ZN (MUX2ND0BWP40P140)            0.04      0.04       2.51 r
  core4_5/mult_x_4/n1614 (net)                  2                   0.00       2.51 r
  core4_5/mult_x_4/U1312/ZN (INVD0P7BWP40P140)            0.02      0.02       2.53 f
  core4_5/mult_x_4/n1615 (net)                  2                   0.00       2.53 f
  core4_5/mult_x_4/U1275/ZN (NR2D0BWP40P140)              0.16      0.11       2.64 r
  core4_5/mult_x_4/n2742 (net)                 16                   0.00       2.64 r
  core4_5/mult_x_4/U1616/ZN (AOI222D0BWP40P140)           0.07      0.09       2.73 f
  core4_5/mult_x_4/n1682 (net)                  1                   0.00       2.73 f
  core4_5/mult_x_4/U1294/ZN (MUX2NUD1BWP40P140)           0.05      0.05       2.78 r
  core4_5/mult_x_4/n1760 (net)                  1                   0.00       2.78 r
  core4_5/mult_x_4/U1356/S (HA1D0BWP40P140)               0.03      0.08       2.86 f
  core4_5/mult_x_4/n1849 (net)                  1                   0.00       2.86 f
  core4_5/mult_x_4/U1781/CO (FA1D1BWP40P140)              0.02      0.07       2.92 f
  core4_5/mult_x_4/n1842 (net)                  1                   0.00       2.92 f
  core4_5/mult_x_4/U1474/CO (FA1D0BWP40P140)              0.03      0.07       2.99 f
  core4_5/mult_x_4/n1837 (net)                  1                   0.00       2.99 f
  core4_5/mult_x_4/U1776/CO (FA1D1BWP40P140)              0.02      0.06       3.05 f
  core4_5/mult_x_4/n1832 (net)                  1                   0.00       3.05 f
  core4_5/mult_x_4/U1773/CO (FA1D1BWP40P140)              0.02      0.06       3.11 f
  core4_5/mult_x_4/n1827 (net)                  1                   0.00       3.11 f
  core4_5/mult_x_4/U1476/CO (FA1D0BWP40P140)              0.03      0.07       3.17 f
  core4_5/mult_x_4/n1822 (net)                  1                   0.00       3.17 f
  core4_5/mult_x_4/U1769/CO (FA1D1BWP40P140)              0.02      0.06       3.24 f
  core4_5/mult_x_4/n1817 (net)                  1                   0.00       3.24 f
  core4_5/mult_x_4/U1766/CO (FA1D1BWP40P140)              0.02      0.06       3.29 f
  core4_5/mult_x_4/n1812 (net)                  1                   0.00       3.29 f
  core4_5/mult_x_4/U1479/S (FA1D0BWP40P140)               0.04      0.12       3.41 r
  core4_5/mult_x_4/n1923 (net)                  1                   0.00       3.41 r
  core4_5/mult_x_4/U1823/S (FA1D1BWP40P140)               0.03      0.11       3.52 f
  core4_5/mult_x_4/n2060 (net)                  1                   0.00       3.52 f
  core4_5/mult_x_4/U1274/CO (FA1D1BWP40P140)              0.02      0.07       3.58 f
  core4_5/mult_x_4/n2053 (net)                  1                   0.00       3.58 f
  core4_5/mult_x_4/U1426/S (FA1D1BWP40P140)               0.03      0.10       3.69 r
  core4_5/mult_x_4/n2212 (net)                  1                   0.00       3.69 r
  core4_5/mult_x_4/U1734/CO (FA1D0BWP40P140)              0.03      0.08       3.76 r
  core4_5/mult_x_4/n2205 (net)                  1                   0.00       3.76 r
  core4_5/mult_x_4/U1982/S (FA1D1BWP40P140)               0.03      0.10       3.86 f
  core4_5/mult_x_4/n2361 (net)                  1                   0.00       3.86 f
  core4_5/mult_x_4/U2087/CO (FA1D0BWP40P140)              0.03      0.08       3.94 f
  core4_5/mult_x_4/n2354 (net)                  1                   0.00       3.94 f
  core4_5/mult_x_4/U2084/CO (FA1D0BWP40P140)              0.03      0.07       4.01 f
  core4_5/mult_x_4/n2349 (net)                  1                   0.00       4.01 f
  core4_5/mult_x_4/U2083/S (FA1D1BWP40P140)               0.03      0.11       4.12 r
  core4_5/mult_x_4/n2513 (net)                  1                   0.00       4.12 r
  core4_5/mult_x_4/U2190/CO (FA1D0BWP40P140)              0.03      0.08       4.20 r
  core4_5/mult_x_4/n2505 (net)                  1                   0.00       4.20 r
  core4_5/mult_x_4/U1588/CO (FA1D0BWP40P140)              0.03      0.07       4.27 r
  core4_5/mult_x_4/n2498 (net)                  1                   0.00       4.27 r
  core4_5/mult_x_4/U2185/S (FA1D1BWP40P140)               0.03      0.10       4.37 f
  core4_5/mult_x_4/n2766 (net)                  1                   0.00       4.37 f
  core4_5/mult_x_4/U2303/CO (FA1D1BWP40P140)              0.02      0.07       4.44 f
  core4_5/mult_x_4/n2761 (net)                  1                   0.00       4.44 f
  core4_5/mult_x_4/U1399/CO (FA1D1BWP40P140LVT)           0.02      0.04       4.48 f
  core4_5/mult_x_4/n2702 (net)                  1                   0.00       4.48 f
  core4_5/mult_x_4/U1341/ZN (XNR4D1BWP40P140LVT)          0.02      0.07       4.56 r
  core4_5/mult_x_4/n2706 (net)                  1                   0.00       4.56 r
  core4_5/mult_x_4/U1340/Z (XOR4D1BWP40P140LVT)           0.02      0.06       4.62 r
  core4_5/mult_x_4/n2711 (net)                  2                   0.00       4.62 r
  core4_5/mult_x_4/U1278/ZN (OAI21D0P7BWP40P140LVT)       0.03      0.02       4.64 f
  core4_5/mult_x_4/n2710 (net)                  1                   0.00       4.64 f
  core4_5/mult_x_4/U1339/ZN (OAI31D0BWP40P140LVT)         0.03      0.02       4.66 r
  core4_5/mult_x_4/n2714 (net)                  1                   0.00       4.66 r
  core4_5/mult_x_4/U1266/Z (XOR3UD1BWP40P140)             0.04      0.06       4.72 r
  core4_5/mult_x_4/n2728 (net)                  2                   0.00       4.72 r
  core4_5/mult_x_4/U2299/ZN (OAI21D1BWP40P140LVT)         0.02      0.03       4.75 f
  core4_5/mult_x_4/n2725 (net)                  1                   0.00       4.75 f
  core4_5/mult_x_4/U2300/ZN (OAI31D1BWP40P140LVT)         0.03      0.02       4.77 r
  core4_5/mult_x_4/n2736 (net)                  1                   0.00       4.77 r
  core4_5/mult_x_4/U1338/Z (XOR2UD1BWP40P140)             0.05      0.04       4.80 r
  core4_5/mult_x_4/n2748 (net)                  2                   0.00       4.80 r
  core4_5/mult_x_4/U1277/ZN (OAI21D1BWP40P140LVT)         0.02      0.03       4.83 f
  core4_5/mult_x_4/n2745 (net)                  1                   0.00       4.83 f
  core4_5/mult_x_4/U1276/ZN (OAI31D0BWP40P140LVT)         0.05      0.03       4.86 r
  core4_5/mult_x_4/n2756 (net)                  1                   0.00       4.86 r
  core4_5/mult_x_4/U1337/Z (XOR2UD1BWP40P140)             0.05      0.04       4.90 r
  core4_5/mult_x_4/n2758 (net)                  2                   0.00       4.90 r
  core4_5/mult_x_4/U1336/ZN (OAI21D0BWP40P140)            0.03      0.04       4.94 f
  core4_5/mult_x_4/n2757 (net)                  1                   0.00       4.94 f
  core4_5/mult_x_4/U1609/ZN (OAI31D0BWP40P140LVT)         0.03      0.02       4.96 r
  core4_5/mult_x_4/product[37] (net)            1                   0.00       4.96 r
  core4_5/mult_x_4/product[37] (core4_1_DW_mult_tc_J12_3_0)         0.00       4.96 r
  core4_5/n_w_3_T_1[37] (net)                                       0.00       4.96 r
  core4_5/s_w_3_reg_37_/D (DFQD1BWP40P140)                0.03      0.00       4.96 r
  data arrival time                                                            4.96

  clock clk (rise edge)                                             5.00       5.00
  clock network delay (ideal)                                       0.00       5.00
  core4_5/s_w_3_reg_37_/CP (DFQD1BWP40P140)                         0.00       5.00 r
  library setup time                                               -0.04       4.96
  data required time                                                           4.96
  ---------------------------------------------------------------------------------------------------------
  data required time                                                           4.96
  data arrival time                                                           -4.96
  ---------------------------------------------------------------------------------------------------------
  slack (MET)                                                                  0.00


1
