 
****************************************
check_design summary:
Version:     O-2018.06-SP5
Date:        Wed May 13 05:05:55 2026
****************************************

                   Name                                            Total
--------------------------------------------------------------------------------
Inputs/Outputs                                                    507
    Unconnected ports (LINT-28)                                    63
    Feedthrough (LINT-29)                                         252
    Shorted outputs (LINT-31)                                     108
    Constant outputs (LINT-52)                                     84
--------------------------------------------------------------------------------

Warning: In design 'InterpolationComb_56', port 'io_w_0[38]' is not connected to any nets. (LINT-28)
Warning: In design 'InterpolationComb_56', port 'io_w_1[38]' is not connected to any nets. (LINT-28)
Warning: In design 'InterpolationComb_56', port 'io_w_2[38]' is not connected to any nets. (LINT-28)
Warning: In design 'InterpolationComb_56', port 'io_w_3[38]' is not connected to any nets. (LINT-28)
Warning: In design 'InterpolationComb_56', port 'io_w_4[38]' is not connected to any nets. (LINT-28)
Warning: In design 'InterpolationComb_56', port 'io_w_5[38]' is not connected to any nets. (LINT-28)
Warning: In design 'InterpolationComb_56', port 'io_w_6[38]' is not connected to any nets. (LINT-28)
Warning: In design 'InterpolationComb_56', port 'io_w_7[38]' is not connected to any nets. (LINT-28)
Warning: In design 'InterpolationComb_56', port 'io_w_8[38]' is not connected to any nets. (LINT-28)
Warning: In design 'InterpolationComb_56', port 'io_w_9[38]' is not connected to any nets. (LINT-28)
Warning: In design 'InterpolationComb_56', port 'io_w_10[38]' is not connected to any nets. (LINT-28)
Warning: In design 'InterpolationComb_56', port 'io_w_11[38]' is not connected to any nets. (LINT-28)
Warning: In design 'InterpolationComb_56', port 'io_w_12[38]' is not connected to any nets. (LINT-28)
Warning: In design 'InterpolationComb_56', port 'io_w_13[38]' is not connected to any nets. (LINT-28)
Warning: In design 'InterpolationComb_56', port 'io_w_14[38]' is not connected to any nets. (LINT-28)
Warning: In design 'InterpolationComb_56', port 'io_w_15[38]' is not connected to any nets. (LINT-28)
Warning: In design 'InterpolationComb_56', port 'io_w_16[38]' is not connected to any nets. (LINT-28)
Warning: In design 'InterpolationComb_56', port 'io_w_17[38]' is not connected to any nets. (LINT-28)
Warning: In design 'InterpolationComb_56', port 'io_w_18[38]' is not connected to any nets. (LINT-28)
Warning: In design 'InterpolationComb_56', port 'io_w_19[38]' is not connected to any nets. (LINT-28)
Warning: In design 'InterpolationComb_56', port 'io_w_20[38]' is not connected to any nets. (LINT-28)
Warning: In design 'InterpolationComb_56', port 'io_w_21[38]' is not connected to any nets. (LINT-28)
Warning: In design 'InterpolationComb_56', port 'io_w_22[38]' is not connected to any nets. (LINT-28)
Warning: In design 'InterpolationComb_56', port 'io_w_23[38]' is not connected to any nets. (LINT-28)
Warning: In design 'InterpolationComb_56', port 'io_w_24[38]' is not connected to any nets. (LINT-28)
Warning: In design 'InterpolationComb_56', port 'io_w_25[38]' is not connected to any nets. (LINT-28)
Warning: In design 'InterpolationComb_56', port 'io_w_26[38]' is not connected to any nets. (LINT-28)
Warning: In design 'InterpolationComb_56', port 'io_w_27[38]' is not connected to any nets. (LINT-28)
Warning: In design 'InterpolationComb_56', port 'io_w_28[38]' is not connected to any nets. (LINT-28)
Warning: In design 'InterpolationComb_56', port 'io_w_29[38]' is not connected to any nets. (LINT-28)
Warning: In design 'InterpolationComb_56', port 'io_w_30[38]' is not connected to any nets. (LINT-28)
Warning: In design 'InterpolationComb_56', port 'io_w_31[38]' is not connected to any nets. (LINT-28)
Warning: In design 'InterpolationComb_56', port 'io_w_96[38]' is not connected to any nets. (LINT-28)
Warning: In design 'InterpolationComb_56', port 'io_w_97[38]' is not connected to any nets. (LINT-28)
Warning: In design 'InterpolationComb_56', port 'io_w_98[38]' is not connected to any nets. (LINT-28)
Warning: In design 'InterpolationComb_56', port 'io_w_99[38]' is not connected to any nets. (LINT-28)
Warning: In design 'InterpolationComb_56', port 'io_w_100[38]' is not connected to any nets. (LINT-28)
Warning: In design 'InterpolationComb_56', port 'io_w_101[38]' is not connected to any nets. (LINT-28)
Warning: In design 'InterpolationComb_56', port 'io_w_102[38]' is not connected to any nets. (LINT-28)
Warning: In design 'InterpolationComb_56', port 'io_w_103[38]' is not connected to any nets. (LINT-28)
Warning: In design 'InterpolationComb_56', port 'io_w_104[38]' is not connected to any nets. (LINT-28)
Warning: In design 'InterpolationComb_56', port 'io_w_105[38]' is not connected to any nets. (LINT-28)
Warning: In design 'InterpolationComb_56', port 'io_w_106[38]' is not connected to any nets. (LINT-28)
Warning: In design 'InterpolationComb_56', port 'io_w_107[38]' is not connected to any nets. (LINT-28)
Warning: In design 'InterpolationComb_56', port 'io_w_108[38]' is not connected to any nets. (LINT-28)
Warning: In design 'InterpolationComb_56', port 'io_w_109[38]' is not connected to any nets. (LINT-28)
Warning: In design 'InterpolationComb_56', port 'io_w_110[38]' is not connected to any nets. (LINT-28)
Warning: In design 'InterpolationComb_56', port 'io_w_111[38]' is not connected to any nets. (LINT-28)
Warning: In design 'InterpolationComb_7', port 'io_w_0[41]' is not connected to any nets. (LINT-28)
Warning: In design 'InterpolationComb_7', port 'io_w_1[41]' is not connected to any nets. (LINT-28)
Warning: In design 'InterpolationComb_7', port 'io_w_2[41]' is not connected to any nets. (LINT-28)
Warning: In design 'InterpolationComb_7', port 'io_w_3[41]' is not connected to any nets. (LINT-28)
Warning: In design 'InterpolationComb_7', port 'io_w_4[41]' is not connected to any nets. (LINT-28)
Warning: In design 'InterpolationComb_7', port 'io_w_5[41]' is not connected to any nets. (LINT-28)
Warning: In design 'InterpolationComb_7', port 'io_w_6[41]' is not connected to any nets. (LINT-28)
Warning: In design 'InterpolationComb_7', port 'io_w_7[41]' is not connected to any nets. (LINT-28)
Warning: In design 'InterpolationComb_7', port 'io_w_24[41]' is not connected to any nets. (LINT-28)
Warning: In design 'InterpolationComb_7', port 'io_w_25[41]' is not connected to any nets. (LINT-28)
Warning: In design 'InterpolationComb_7', port 'io_w_26[41]' is not connected to any nets. (LINT-28)
Warning: In design 'InterpolationComb_7', port 'io_w_27[41]' is not connected to any nets. (LINT-28)
Warning: In design 'InterpolationComb', port 'io_w_0[44]' is not connected to any nets. (LINT-28)
Warning: In design 'InterpolationComb', port 'io_w_1[44]' is not connected to any nets. (LINT-28)
Warning: In design 'InterpolationComb', port 'io_w_6[44]' is not connected to any nets. (LINT-28)
Warning: In design 'Eval', input port 'io_in_0[35]' is connected directly to output port 'io_out_6[35]'. (LINT-29)
Warning: In design 'Eval', input port 'io_in_0[34]' is connected directly to output port 'io_out_6[34]'. (LINT-29)
Warning: In design 'Eval', input port 'io_in_0[33]' is connected directly to output port 'io_out_6[33]'. (LINT-29)
Warning: In design 'Eval', input port 'io_in_0[32]' is connected directly to output port 'io_out_6[32]'. (LINT-29)
Warning: In design 'Eval', input port 'io_in_0[31]' is connected directly to output port 'io_out_6[31]'. (LINT-29)
Warning: In design 'Eval', input port 'io_in_0[30]' is connected directly to output port 'io_out_6[30]'. (LINT-29)
Warning: In design 'Eval', input port 'io_in_0[29]' is connected directly to output port 'io_out_6[29]'. (LINT-29)
Warning: In design 'Eval', input port 'io_in_0[28]' is connected directly to output port 'io_out_6[28]'. (LINT-29)
Warning: In design 'Eval', input port 'io_in_0[27]' is connected directly to output port 'io_out_6[27]'. (LINT-29)
Warning: In design 'Eval', input port 'io_in_0[26]' is connected directly to output port 'io_out_6[26]'. (LINT-29)
Warning: In design 'Eval', input port 'io_in_0[25]' is connected directly to output port 'io_out_6[25]'. (LINT-29)
Warning: In design 'Eval', input port 'io_in_0[24]' is connected directly to output port 'io_out_6[24]'. (LINT-29)
Warning: In design 'Eval', input port 'io_in_0[23]' is connected directly to output port 'io_out_6[23]'. (LINT-29)
Warning: In design 'Eval', input port 'io_in_0[22]' is connected directly to output port 'io_out_6[22]'. (LINT-29)
Warning: In design 'Eval', input port 'io_in_0[21]' is connected directly to output port 'io_out_6[21]'. (LINT-29)
Warning: In design 'Eval', input port 'io_in_0[20]' is connected directly to output port 'io_out_6[20]'. (LINT-29)
Warning: In design 'Eval', input port 'io_in_0[19]' is connected directly to output port 'io_out_6[19]'. (LINT-29)
Warning: In design 'Eval', input port 'io_in_0[18]' is connected directly to output port 'io_out_6[18]'. (LINT-29)
Warning: In design 'Eval', input port 'io_in_0[17]' is connected directly to output port 'io_out_6[17]'. (LINT-29)
Warning: In design 'Eval', input port 'io_in_0[16]' is connected directly to output port 'io_out_6[16]'. (LINT-29)
Warning: In design 'Eval', input port 'io_in_0[15]' is connected directly to output port 'io_out_6[15]'. (LINT-29)
Warning: In design 'Eval', input port 'io_in_0[14]' is connected directly to output port 'io_out_6[14]'. (LINT-29)
Warning: In design 'Eval', input port 'io_in_0[13]' is connected directly to output port 'io_out_6[13]'. (LINT-29)
Warning: In design 'Eval', input port 'io_in_0[12]' is connected directly to output port 'io_out_6[12]'. (LINT-29)
Warning: In design 'Eval', input port 'io_in_0[11]' is connected directly to output port 'io_out_6[11]'. (LINT-29)
Warning: In design 'Eval', input port 'io_in_0[10]' is connected directly to output port 'io_out_6[10]'. (LINT-29)
Warning: In design 'Eval', input port 'io_in_0[9]' is connected directly to output port 'io_out_6[9]'. (LINT-29)
Warning: In design 'Eval', input port 'io_in_0[8]' is connected directly to output port 'io_out_6[8]'. (LINT-29)
Warning: In design 'Eval', input port 'io_in_0[7]' is connected directly to output port 'io_out_6[7]'. (LINT-29)
Warning: In design 'Eval', input port 'io_in_0[6]' is connected directly to output port 'io_out_6[6]'. (LINT-29)
Warning: In design 'Eval', input port 'io_in_0[5]' is connected directly to output port 'io_out_6[5]'. (LINT-29)
Warning: In design 'Eval', input port 'io_in_0[4]' is connected directly to output port 'io_out_6[4]'. (LINT-29)
Warning: In design 'Eval', input port 'io_in_0[3]' is connected directly to output port 'io_out_6[3]'. (LINT-29)
Warning: In design 'Eval', input port 'io_in_0[2]' is connected directly to output port 'io_out_6[2]'. (LINT-29)
Warning: In design 'Eval', input port 'io_in_0[1]' is connected directly to output port 'io_out_6[1]'. (LINT-29)
Warning: In design 'Eval', input port 'io_in_0[0]' is connected directly to output port 'io_out_6[0]'. (LINT-29)
Warning: In design 'Eval', input port 'io_in_3[35]' is connected directly to output port 'io_out_0[35]'. (LINT-29)
Warning: In design 'Eval', input port 'io_in_3[34]' is connected directly to output port 'io_out_0[34]'. (LINT-29)
Warning: In design 'Eval', input port 'io_in_3[33]' is connected directly to output port 'io_out_0[33]'. (LINT-29)
Warning: In design 'Eval', input port 'io_in_3[32]' is connected directly to output port 'io_out_0[32]'. (LINT-29)
Warning: In design 'Eval', input port 'io_in_3[31]' is connected directly to output port 'io_out_0[31]'. (LINT-29)
Warning: In design 'Eval', input port 'io_in_3[30]' is connected directly to output port 'io_out_0[30]'. (LINT-29)
Warning: In design 'Eval', input port 'io_in_3[29]' is connected directly to output port 'io_out_0[29]'. (LINT-29)
Warning: In design 'Eval', input port 'io_in_3[28]' is connected directly to output port 'io_out_0[28]'. (LINT-29)
Warning: In design 'Eval', input port 'io_in_3[27]' is connected directly to output port 'io_out_0[27]'. (LINT-29)
Warning: In design 'Eval', input port 'io_in_3[26]' is connected directly to output port 'io_out_0[26]'. (LINT-29)
Warning: In design 'Eval', input port 'io_in_3[25]' is connected directly to output port 'io_out_0[25]'. (LINT-29)
Warning: In design 'Eval', input port 'io_in_3[24]' is connected directly to output port 'io_out_0[24]'. (LINT-29)
Warning: In design 'Eval', input port 'io_in_3[23]' is connected directly to output port 'io_out_0[23]'. (LINT-29)
Warning: In design 'Eval', input port 'io_in_3[22]' is connected directly to output port 'io_out_0[22]'. (LINT-29)
Warning: In design 'Eval', input port 'io_in_3[21]' is connected directly to output port 'io_out_0[21]'. (LINT-29)
Warning: In design 'Eval', input port 'io_in_3[20]' is connected directly to output port 'io_out_0[20]'. (LINT-29)
Warning: In design 'Eval', input port 'io_in_3[19]' is connected directly to output port 'io_out_0[19]'. (LINT-29)
Warning: In design 'Eval', input port 'io_in_3[18]' is connected directly to output port 'io_out_0[18]'. (LINT-29)
Warning: In design 'Eval', input port 'io_in_3[17]' is connected directly to output port 'io_out_0[17]'. (LINT-29)
Warning: In design 'Eval', input port 'io_in_3[16]' is connected directly to output port 'io_out_0[16]'. (LINT-29)
Warning: In design 'Eval', input port 'io_in_3[15]' is connected directly to output port 'io_out_0[15]'. (LINT-29)
Warning: In design 'Eval', input port 'io_in_3[14]' is connected directly to output port 'io_out_0[14]'. (LINT-29)
Warning: In design 'Eval', input port 'io_in_3[13]' is connected directly to output port 'io_out_0[13]'. (LINT-29)
Warning: In design 'Eval', input port 'io_in_3[12]' is connected directly to output port 'io_out_0[12]'. (LINT-29)
Warning: In design 'Eval', input port 'io_in_3[11]' is connected directly to output port 'io_out_0[11]'. (LINT-29)
Warning: In design 'Eval', input port 'io_in_3[10]' is connected directly to output port 'io_out_0[10]'. (LINT-29)
Warning: In design 'Eval', input port 'io_in_3[9]' is connected directly to output port 'io_out_0[9]'. (LINT-29)
Warning: In design 'Eval', input port 'io_in_3[8]' is connected directly to output port 'io_out_0[8]'. (LINT-29)
Warning: In design 'Eval', input port 'io_in_3[7]' is connected directly to output port 'io_out_0[7]'. (LINT-29)
Warning: In design 'Eval', input port 'io_in_3[6]' is connected directly to output port 'io_out_0[6]'. (LINT-29)
Warning: In design 'Eval', input port 'io_in_3[5]' is connected directly to output port 'io_out_0[5]'. (LINT-29)
Warning: In design 'Eval', input port 'io_in_3[4]' is connected directly to output port 'io_out_0[4]'. (LINT-29)
Warning: In design 'Eval', input port 'io_in_3[3]' is connected directly to output port 'io_out_0[3]'. (LINT-29)
Warning: In design 'Eval', input port 'io_in_3[2]' is connected directly to output port 'io_out_0[2]'. (LINT-29)
Warning: In design 'Eval', input port 'io_in_3[1]' is connected directly to output port 'io_out_0[1]'. (LINT-29)
Warning: In design 'Eval', input port 'io_in_3[0]' is connected directly to output port 'io_out_0[0]'. (LINT-29)
Warning: In design 'Eval_1', input port 'io_in_0[15]' is connected directly to output port 'io_out_6[15]'. (LINT-29)
Warning: In design 'Eval_1', input port 'io_in_0[14]' is connected directly to output port 'io_out_6[14]'. (LINT-29)
Warning: In design 'Eval_1', input port 'io_in_0[13]' is connected directly to output port 'io_out_6[13]'. (LINT-29)
Warning: In design 'Eval_1', input port 'io_in_0[12]' is connected directly to output port 'io_out_6[12]'. (LINT-29)
Warning: In design 'Eval_1', input port 'io_in_0[11]' is connected directly to output port 'io_out_6[11]'. (LINT-29)
Warning: In design 'Eval_1', input port 'io_in_0[10]' is connected directly to output port 'io_out_6[10]'. (LINT-29)
Warning: In design 'Eval_1', input port 'io_in_0[9]' is connected directly to output port 'io_out_6[9]'. (LINT-29)
Warning: In design 'Eval_1', input port 'io_in_0[8]' is connected directly to output port 'io_out_6[8]'. (LINT-29)
Warning: In design 'Eval_1', input port 'io_in_0[7]' is connected directly to output port 'io_out_6[7]'. (LINT-29)
Warning: In design 'Eval_1', input port 'io_in_0[6]' is connected directly to output port 'io_out_6[6]'. (LINT-29)
Warning: In design 'Eval_1', input port 'io_in_0[5]' is connected directly to output port 'io_out_6[5]'. (LINT-29)
Warning: In design 'Eval_1', input port 'io_in_0[4]' is connected directly to output port 'io_out_6[4]'. (LINT-29)
Warning: In design 'Eval_1', input port 'io_in_0[3]' is connected directly to output port 'io_out_6[3]'. (LINT-29)
Warning: In design 'Eval_1', input port 'io_in_0[2]' is connected directly to output port 'io_out_6[2]'. (LINT-29)
Warning: In design 'Eval_1', input port 'io_in_0[1]' is connected directly to output port 'io_out_6[1]'. (LINT-29)
Warning: In design 'Eval_1', input port 'io_in_0[0]' is connected directly to output port 'io_out_6[0]'. (LINT-29)
Warning: In design 'Eval_1', input port 'io_in_3[15]' is connected directly to output port 'io_out_0[15]'. (LINT-29)
Warning: In design 'Eval_1', input port 'io_in_3[14]' is connected directly to output port 'io_out_0[14]'. (LINT-29)
Warning: In design 'Eval_1', input port 'io_in_3[13]' is connected directly to output port 'io_out_0[13]'. (LINT-29)
Warning: In design 'Eval_1', input port 'io_in_3[12]' is connected directly to output port 'io_out_0[12]'. (LINT-29)
Warning: In design 'Eval_1', input port 'io_in_3[11]' is connected directly to output port 'io_out_0[11]'. (LINT-29)
Warning: In design 'Eval_1', input port 'io_in_3[10]' is connected directly to output port 'io_out_0[10]'. (LINT-29)
Warning: In design 'Eval_1', input port 'io_in_3[9]' is connected directly to output port 'io_out_0[9]'. (LINT-29)
Warning: In design 'Eval_1', input port 'io_in_3[8]' is connected directly to output port 'io_out_0[8]'. (LINT-29)
Warning: In design 'Eval_1', input port 'io_in_3[7]' is connected directly to output port 'io_out_0[7]'. (LINT-29)
Warning: In design 'Eval_1', input port 'io_in_3[6]' is connected directly to output port 'io_out_0[6]'. (LINT-29)
Warning: In design 'Eval_1', input port 'io_in_3[5]' is connected directly to output port 'io_out_0[5]'. (LINT-29)
Warning: In design 'Eval_1', input port 'io_in_3[4]' is connected directly to output port 'io_out_0[4]'. (LINT-29)
Warning: In design 'Eval_1', input port 'io_in_3[3]' is connected directly to output port 'io_out_0[3]'. (LINT-29)
Warning: In design 'Eval_1', input port 'io_in_3[2]' is connected directly to output port 'io_out_0[2]'. (LINT-29)
Warning: In design 'Eval_1', input port 'io_in_3[1]' is connected directly to output port 'io_out_0[1]'. (LINT-29)
Warning: In design 'Eval_1', input port 'io_in_3[0]' is connected directly to output port 'io_out_0[0]'. (LINT-29)
Warning: In design 'Eval_32', input port 'io_in_0[44]' is connected directly to output port 'io_out_6[44]'. (LINT-29)
Warning: In design 'Eval_32', input port 'io_in_0[43]' is connected directly to output port 'io_out_6[43]'. (LINT-29)
Warning: In design 'Eval_32', input port 'io_in_0[42]' is connected directly to output port 'io_out_6[42]'. (LINT-29)
Warning: In design 'Eval_32', input port 'io_in_0[41]' is connected directly to output port 'io_out_6[41]'. (LINT-29)
Warning: In design 'Eval_32', input port 'io_in_0[40]' is connected directly to output port 'io_out_6[40]'. (LINT-29)
Warning: In design 'Eval_32', input port 'io_in_0[39]' is connected directly to output port 'io_out_6[39]'. (LINT-29)
Warning: In design 'Eval_32', input port 'io_in_0[38]' is connected directly to output port 'io_out_6[38]'. (LINT-29)
Warning: In design 'Eval_32', input port 'io_in_0[37]' is connected directly to output port 'io_out_6[37]'. (LINT-29)
Warning: In design 'Eval_32', input port 'io_in_0[36]' is connected directly to output port 'io_out_6[36]'. (LINT-29)
Warning: In design 'Eval_32', input port 'io_in_0[35]' is connected directly to output port 'io_out_6[35]'. (LINT-29)
Warning: In design 'Eval_32', input port 'io_in_0[34]' is connected directly to output port 'io_out_6[34]'. (LINT-29)
Warning: In design 'Eval_32', input port 'io_in_0[33]' is connected directly to output port 'io_out_6[33]'. (LINT-29)
Warning: In design 'Eval_32', input port 'io_in_0[32]' is connected directly to output port 'io_out_6[32]'. (LINT-29)
Warning: In design 'Eval_32', input port 'io_in_0[31]' is connected directly to output port 'io_out_6[31]'. (LINT-29)
Warning: In design 'Eval_32', input port 'io_in_0[30]' is connected directly to output port 'io_out_6[30]'. (LINT-29)
Warning: In design 'Eval_32', input port 'io_in_0[29]' is connected directly to output port 'io_out_6[29]'. (LINT-29)
Warning: In design 'Eval_32', input port 'io_in_0[28]' is connected directly to output port 'io_out_6[28]'. (LINT-29)
Warning: In design 'Eval_32', input port 'io_in_0[27]' is connected directly to output port 'io_out_6[27]'. (LINT-29)
Warning: In design 'Eval_32', input port 'io_in_0[26]' is connected directly to output port 'io_out_6[26]'. (LINT-29)
Warning: In design 'Eval_32', input port 'io_in_0[25]' is connected directly to output port 'io_out_6[25]'. (LINT-29)
Warning: In design 'Eval_32', input port 'io_in_0[24]' is connected directly to output port 'io_out_6[24]'. (LINT-29)
Warning: In design 'Eval_32', input port 'io_in_0[23]' is connected directly to output port 'io_out_6[23]'. (LINT-29)
Warning: In design 'Eval_32', input port 'io_in_0[22]' is connected directly to output port 'io_out_6[22]'. (LINT-29)
Warning: In design 'Eval_32', input port 'io_in_0[21]' is connected directly to output port 'io_out_6[21]'. (LINT-29)
Warning: In design 'Eval_32', input port 'io_in_0[20]' is connected directly to output port 'io_out_6[20]'. (LINT-29)
Warning: In design 'Eval_32', input port 'io_in_0[19]' is connected directly to output port 'io_out_6[19]'. (LINT-29)
Warning: In design 'Eval_32', input port 'io_in_0[18]' is connected directly to output port 'io_out_6[18]'. (LINT-29)
Warning: In design 'Eval_32', input port 'io_in_0[17]' is connected directly to output port 'io_out_6[17]'. (LINT-29)
Warning: In design 'Eval_32', input port 'io_in_0[16]' is connected directly to output port 'io_out_6[16]'. (LINT-29)
Warning: In design 'Eval_32', input port 'io_in_0[15]' is connected directly to output port 'io_out_6[15]'. (LINT-29)
Warning: In design 'Eval_32', input port 'io_in_0[14]' is connected directly to output port 'io_out_6[14]'. (LINT-29)
Warning: In design 'Eval_32', input port 'io_in_0[13]' is connected directly to output port 'io_out_6[13]'. (LINT-29)
Warning: In design 'Eval_32', input port 'io_in_0[12]' is connected directly to output port 'io_out_6[12]'. (LINT-29)
Warning: In design 'Eval_32', input port 'io_in_0[11]' is connected directly to output port 'io_out_6[11]'. (LINT-29)
Warning: In design 'Eval_32', input port 'io_in_0[10]' is connected directly to output port 'io_out_6[10]'. (LINT-29)
Warning: In design 'Eval_32', input port 'io_in_0[9]' is connected directly to output port 'io_out_6[9]'. (LINT-29)
Warning: In design 'Eval_32', input port 'io_in_0[8]' is connected directly to output port 'io_out_6[8]'. (LINT-29)
Warning: In design 'Eval_32', input port 'io_in_0[7]' is connected directly to output port 'io_out_6[7]'. (LINT-29)
Warning: In design 'Eval_32', input port 'io_in_0[6]' is connected directly to output port 'io_out_6[6]'. (LINT-29)
Warning: In design 'Eval_32', input port 'io_in_0[5]' is connected directly to output port 'io_out_6[5]'. (LINT-29)
Warning: In design 'Eval_32', input port 'io_in_0[4]' is connected directly to output port 'io_out_6[4]'. (LINT-29)
Warning: In design 'Eval_32', input port 'io_in_0[3]' is connected directly to output port 'io_out_6[3]'. (LINT-29)
Warning: In design 'Eval_32', input port 'io_in_0[2]' is connected directly to output port 'io_out_6[2]'. (LINT-29)
Warning: In design 'Eval_32', input port 'io_in_0[1]' is connected directly to output port 'io_out_6[1]'. (LINT-29)
Warning: In design 'Eval_32', input port 'io_in_0[0]' is connected directly to output port 'io_out_6[0]'. (LINT-29)
Warning: In design 'Eval_32', input port 'io_in_3[44]' is connected directly to output port 'io_out_0[44]'. (LINT-29)
Warning: In design 'Eval_32', input port 'io_in_3[43]' is connected directly to output port 'io_out_0[43]'. (LINT-29)
Warning: In design 'Eval_32', input port 'io_in_3[42]' is connected directly to output port 'io_out_0[42]'. (LINT-29)
Warning: In design 'Eval_32', input port 'io_in_3[41]' is connected directly to output port 'io_out_0[41]'. (LINT-29)
Warning: In design 'Eval_32', input port 'io_in_3[40]' is connected directly to output port 'io_out_0[40]'. (LINT-29)
Warning: In design 'Eval_32', input port 'io_in_3[39]' is connected directly to output port 'io_out_0[39]'. (LINT-29)
Warning: In design 'Eval_32', input port 'io_in_3[38]' is connected directly to output port 'io_out_0[38]'. (LINT-29)
Warning: In design 'Eval_32', input port 'io_in_3[37]' is connected directly to output port 'io_out_0[37]'. (LINT-29)
Warning: In design 'Eval_32', input port 'io_in_3[36]' is connected directly to output port 'io_out_0[36]'. (LINT-29)
Warning: In design 'Eval_32', input port 'io_in_3[35]' is connected directly to output port 'io_out_0[35]'. (LINT-29)
Warning: In design 'Eval_32', input port 'io_in_3[34]' is connected directly to output port 'io_out_0[34]'. (LINT-29)
Warning: In design 'Eval_32', input port 'io_in_3[33]' is connected directly to output port 'io_out_0[33]'. (LINT-29)
Warning: In design 'Eval_32', input port 'io_in_3[32]' is connected directly to output port 'io_out_0[32]'. (LINT-29)
Warning: In design 'Eval_32', input port 'io_in_3[31]' is connected directly to output port 'io_out_0[31]'. (LINT-29)
Warning: In design 'Eval_32', input port 'io_in_3[30]' is connected directly to output port 'io_out_0[30]'. (LINT-29)
Warning: In design 'Eval_32', input port 'io_in_3[29]' is connected directly to output port 'io_out_0[29]'. (LINT-29)
Warning: In design 'Eval_32', input port 'io_in_3[28]' is connected directly to output port 'io_out_0[28]'. (LINT-29)
Warning: In design 'Eval_32', input port 'io_in_3[27]' is connected directly to output port 'io_out_0[27]'. (LINT-29)
Warning: In design 'Eval_32', input port 'io_in_3[26]' is connected directly to output port 'io_out_0[26]'. (LINT-29)
Warning: In design 'Eval_32', input port 'io_in_3[25]' is connected directly to output port 'io_out_0[25]'. (LINT-29)
Warning: In design 'Eval_32', input port 'io_in_3[24]' is connected directly to output port 'io_out_0[24]'. (LINT-29)
Warning: In design 'Eval_32', input port 'io_in_3[23]' is connected directly to output port 'io_out_0[23]'. (LINT-29)
Warning: In design 'Eval_32', input port 'io_in_3[22]' is connected directly to output port 'io_out_0[22]'. (LINT-29)
Warning: In design 'Eval_32', input port 'io_in_3[21]' is connected directly to output port 'io_out_0[21]'. (LINT-29)
Warning: In design 'Eval_32', input port 'io_in_3[20]' is connected directly to output port 'io_out_0[20]'. (LINT-29)
Warning: In design 'Eval_32', input port 'io_in_3[19]' is connected directly to output port 'io_out_0[19]'. (LINT-29)
Warning: In design 'Eval_32', input port 'io_in_3[18]' is connected directly to output port 'io_out_0[18]'. (LINT-29)
Warning: In design 'Eval_32', input port 'io_in_3[17]' is connected directly to output port 'io_out_0[17]'. (LINT-29)
Warning: In design 'Eval_32', input port 'io_in_3[16]' is connected directly to output port 'io_out_0[16]'. (LINT-29)
Warning: In design 'Eval_32', input port 'io_in_3[15]' is connected directly to output port 'io_out_0[15]'. (LINT-29)
Warning: In design 'Eval_32', input port 'io_in_3[14]' is connected directly to output port 'io_out_0[14]'. (LINT-29)
Warning: In design 'Eval_32', input port 'io_in_3[13]' is connected directly to output port 'io_out_0[13]'. (LINT-29)
Warning: In design 'Eval_32', input port 'io_in_3[12]' is connected directly to output port 'io_out_0[12]'. (LINT-29)
Warning: In design 'Eval_32', input port 'io_in_3[11]' is connected directly to output port 'io_out_0[11]'. (LINT-29)
Warning: In design 'Eval_32', input port 'io_in_3[10]' is connected directly to output port 'io_out_0[10]'. (LINT-29)
Warning: In design 'Eval_32', input port 'io_in_3[9]' is connected directly to output port 'io_out_0[9]'. (LINT-29)
Warning: In design 'Eval_32', input port 'io_in_3[8]' is connected directly to output port 'io_out_0[8]'. (LINT-29)
Warning: In design 'Eval_32', input port 'io_in_3[7]' is connected directly to output port 'io_out_0[7]'. (LINT-29)
Warning: In design 'Eval_32', input port 'io_in_3[6]' is connected directly to output port 'io_out_0[6]'. (LINT-29)
Warning: In design 'Eval_32', input port 'io_in_3[5]' is connected directly to output port 'io_out_0[5]'. (LINT-29)
Warning: In design 'Eval_32', input port 'io_in_3[4]' is connected directly to output port 'io_out_0[4]'. (LINT-29)
Warning: In design 'Eval_32', input port 'io_in_3[3]' is connected directly to output port 'io_out_0[3]'. (LINT-29)
Warning: In design 'Eval_32', input port 'io_in_3[2]' is connected directly to output port 'io_out_0[2]'. (LINT-29)
Warning: In design 'Eval_32', input port 'io_in_3[1]' is connected directly to output port 'io_out_0[1]'. (LINT-29)
Warning: In design 'Eval_32', input port 'io_in_3[0]' is connected directly to output port 'io_out_0[0]'. (LINT-29)
Warning: In design 'Eval_33', input port 'io_in_0[28]' is connected directly to output port 'io_out_6[28]'. (LINT-29)
Warning: In design 'Eval_33', input port 'io_in_0[27]' is connected directly to output port 'io_out_6[27]'. (LINT-29)
Warning: In design 'Eval_33', input port 'io_in_0[26]' is connected directly to output port 'io_out_6[26]'. (LINT-29)
Warning: In design 'Eval_33', input port 'io_in_0[25]' is connected directly to output port 'io_out_6[25]'. (LINT-29)
Warning: In design 'Eval_33', input port 'io_in_0[24]' is connected directly to output port 'io_out_6[24]'. (LINT-29)
Warning: In design 'Eval_33', input port 'io_in_0[23]' is connected directly to output port 'io_out_6[23]'. (LINT-29)
Warning: In design 'Eval_33', input port 'io_in_0[22]' is connected directly to output port 'io_out_6[22]'. (LINT-29)
Warning: In design 'Eval_33', input port 'io_in_0[21]' is connected directly to output port 'io_out_6[21]'. (LINT-29)
Warning: In design 'Eval_33', input port 'io_in_0[20]' is connected directly to output port 'io_out_6[20]'. (LINT-29)
Warning: In design 'Eval_33', input port 'io_in_0[19]' is connected directly to output port 'io_out_6[19]'. (LINT-29)
Warning: In design 'Eval_33', input port 'io_in_0[18]' is connected directly to output port 'io_out_6[18]'. (LINT-29)
Warning: In design 'Eval_33', input port 'io_in_0[17]' is connected directly to output port 'io_out_6[17]'. (LINT-29)
Warning: In design 'Eval_33', input port 'io_in_0[16]' is connected directly to output port 'io_out_6[16]'. (LINT-29)
Warning: In design 'Eval_33', input port 'io_in_0[15]' is connected directly to output port 'io_out_6[15]'. (LINT-29)
Warning: In design 'Eval_33', input port 'io_in_0[14]' is connected directly to output port 'io_out_6[14]'. (LINT-29)
Warning: In design 'Eval_33', input port 'io_in_0[13]' is connected directly to output port 'io_out_6[13]'. (LINT-29)
Warning: In design 'Eval_33', input port 'io_in_0[12]' is connected directly to output port 'io_out_6[12]'. (LINT-29)
Warning: In design 'Eval_33', input port 'io_in_0[11]' is connected directly to output port 'io_out_6[11]'. (LINT-29)
Warning: In design 'Eval_33', input port 'io_in_0[10]' is connected directly to output port 'io_out_6[10]'. (LINT-29)
Warning: In design 'Eval_33', input port 'io_in_0[9]' is connected directly to output port 'io_out_6[9]'. (LINT-29)
Warning: In design 'Eval_33', input port 'io_in_0[8]' is connected directly to output port 'io_out_6[8]'. (LINT-29)
Warning: In design 'Eval_33', input port 'io_in_0[7]' is connected directly to output port 'io_out_6[7]'. (LINT-29)
Warning: In design 'Eval_33', input port 'io_in_0[6]' is connected directly to output port 'io_out_6[6]'. (LINT-29)
Warning: In design 'Eval_33', input port 'io_in_0[5]' is connected directly to output port 'io_out_6[5]'. (LINT-29)
Warning: In design 'Eval_33', input port 'io_in_0[4]' is connected directly to output port 'io_out_6[4]'. (LINT-29)
Warning: In design 'Eval_33', input port 'io_in_0[3]' is connected directly to output port 'io_out_6[3]'. (LINT-29)
Warning: In design 'Eval_33', input port 'io_in_0[2]' is connected directly to output port 'io_out_6[2]'. (LINT-29)
Warning: In design 'Eval_33', input port 'io_in_0[1]' is connected directly to output port 'io_out_6[1]'. (LINT-29)
Warning: In design 'Eval_33', input port 'io_in_0[0]' is connected directly to output port 'io_out_6[0]'. (LINT-29)
Warning: In design 'Eval_33', input port 'io_in_3[28]' is connected directly to output port 'io_out_0[28]'. (LINT-29)
Warning: In design 'Eval_33', input port 'io_in_3[27]' is connected directly to output port 'io_out_0[27]'. (LINT-29)
Warning: In design 'Eval_33', input port 'io_in_3[26]' is connected directly to output port 'io_out_0[26]'. (LINT-29)
Warning: In design 'Eval_33', input port 'io_in_3[25]' is connected directly to output port 'io_out_0[25]'. (LINT-29)
Warning: In design 'Eval_33', input port 'io_in_3[24]' is connected directly to output port 'io_out_0[24]'. (LINT-29)
Warning: In design 'Eval_33', input port 'io_in_3[23]' is connected directly to output port 'io_out_0[23]'. (LINT-29)
Warning: In design 'Eval_33', input port 'io_in_3[22]' is connected directly to output port 'io_out_0[22]'. (LINT-29)
Warning: In design 'Eval_33', input port 'io_in_3[21]' is connected directly to output port 'io_out_0[21]'. (LINT-29)
Warning: In design 'Eval_33', input port 'io_in_3[20]' is connected directly to output port 'io_out_0[20]'. (LINT-29)
Warning: In design 'Eval_33', input port 'io_in_3[19]' is connected directly to output port 'io_out_0[19]'. (LINT-29)
Warning: In design 'Eval_33', input port 'io_in_3[18]' is connected directly to output port 'io_out_0[18]'. (LINT-29)
Warning: In design 'Eval_33', input port 'io_in_3[17]' is connected directly to output port 'io_out_0[17]'. (LINT-29)
Warning: In design 'Eval_33', input port 'io_in_3[16]' is connected directly to output port 'io_out_0[16]'. (LINT-29)
Warning: In design 'Eval_33', input port 'io_in_3[15]' is connected directly to output port 'io_out_0[15]'. (LINT-29)
Warning: In design 'Eval_33', input port 'io_in_3[14]' is connected directly to output port 'io_out_0[14]'. (LINT-29)
Warning: In design 'Eval_33', input port 'io_in_3[13]' is connected directly to output port 'io_out_0[13]'. (LINT-29)
Warning: In design 'Eval_33', input port 'io_in_3[12]' is connected directly to output port 'io_out_0[12]'. (LINT-29)
Warning: In design 'Eval_33', input port 'io_in_3[11]' is connected directly to output port 'io_out_0[11]'. (LINT-29)
Warning: In design 'Eval_33', input port 'io_in_3[10]' is connected directly to output port 'io_out_0[10]'. (LINT-29)
Warning: In design 'Eval_33', input port 'io_in_3[9]' is connected directly to output port 'io_out_0[9]'. (LINT-29)
Warning: In design 'Eval_33', input port 'io_in_3[8]' is connected directly to output port 'io_out_0[8]'. (LINT-29)
Warning: In design 'Eval_33', input port 'io_in_3[7]' is connected directly to output port 'io_out_0[7]'. (LINT-29)
Warning: In design 'Eval_33', input port 'io_in_3[6]' is connected directly to output port 'io_out_0[6]'. (LINT-29)
Warning: In design 'Eval_33', input port 'io_in_3[5]' is connected directly to output port 'io_out_0[5]'. (LINT-29)
Warning: In design 'Eval_33', input port 'io_in_3[4]' is connected directly to output port 'io_out_0[4]'. (LINT-29)
Warning: In design 'Eval_33', input port 'io_in_3[3]' is connected directly to output port 'io_out_0[3]'. (LINT-29)
Warning: In design 'Eval_33', input port 'io_in_3[2]' is connected directly to output port 'io_out_0[2]'. (LINT-29)
Warning: In design 'Eval_33', input port 'io_in_3[1]' is connected directly to output port 'io_out_0[1]'. (LINT-29)
Warning: In design 'Eval_33', input port 'io_in_3[0]' is connected directly to output port 'io_out_0[0]'. (LINT-29)
Warning: In design 'Eval', output port 'io_out_0[44]' is connected directly to output port 'io_out_6[36]'. (LINT-31)
Warning: In design 'Eval', output port 'io_out_0[44]' is connected directly to output port 'io_out_6[37]'. (LINT-31)
Warning: In design 'Eval', output port 'io_out_0[44]' is connected directly to output port 'io_out_6[38]'. (LINT-31)
Warning: In design 'Eval', output port 'io_out_0[44]' is connected directly to output port 'io_out_6[39]'. (LINT-31)
Warning: In design 'Eval', output port 'io_out_0[44]' is connected directly to output port 'io_out_6[40]'. (LINT-31)
Warning: In design 'Eval', output port 'io_out_0[44]' is connected directly to output port 'io_out_6[41]'. (LINT-31)
Warning: In design 'Eval', output port 'io_out_0[44]' is connected directly to output port 'io_out_6[42]'. (LINT-31)
Warning: In design 'Eval', output port 'io_out_0[44]' is connected directly to output port 'io_out_6[43]'. (LINT-31)
Warning: In design 'Eval', output port 'io_out_0[44]' is connected directly to output port 'io_out_6[44]'. (LINT-31)
Warning: In design 'Eval', output port 'io_out_0[44]' is connected directly to output port 'io_out_4[41]'. (LINT-31)
Warning: In design 'Eval', output port 'io_out_0[44]' is connected directly to output port 'io_out_4[42]'. (LINT-31)
Warning: In design 'Eval', output port 'io_out_0[44]' is connected directly to output port 'io_out_4[43]'. (LINT-31)
Warning: In design 'Eval', output port 'io_out_0[44]' is connected directly to output port 'io_out_4[44]'. (LINT-31)
Warning: In design 'Eval', output port 'io_out_0[44]' is connected directly to output port 'io_out_2[38]'. (LINT-31)
Warning: In design 'Eval', output port 'io_out_0[44]' is connected directly to output port 'io_out_2[39]'. (LINT-31)
Warning: In design 'Eval', output port 'io_out_0[44]' is connected directly to output port 'io_out_2[40]'. (LINT-31)
Warning: In design 'Eval', output port 'io_out_0[44]' is connected directly to output port 'io_out_2[41]'. (LINT-31)
Warning: In design 'Eval', output port 'io_out_0[44]' is connected directly to output port 'io_out_2[42]'. (LINT-31)
Warning: In design 'Eval', output port 'io_out_0[44]' is connected directly to output port 'io_out_2[43]'. (LINT-31)
Warning: In design 'Eval', output port 'io_out_0[44]' is connected directly to output port 'io_out_2[44]'. (LINT-31)
Warning: In design 'Eval', output port 'io_out_0[44]' is connected directly to output port 'io_out_1[42]'. (LINT-31)
Warning: In design 'Eval', output port 'io_out_0[44]' is connected directly to output port 'io_out_1[43]'. (LINT-31)
Warning: In design 'Eval', output port 'io_out_0[44]' is connected directly to output port 'io_out_1[44]'. (LINT-31)
Warning: In design 'Eval', output port 'io_out_0[44]' is connected directly to output port 'io_out_0[36]'. (LINT-31)
Warning: In design 'Eval', output port 'io_out_0[44]' is connected directly to output port 'io_out_0[37]'. (LINT-31)
Warning: In design 'Eval', output port 'io_out_0[44]' is connected directly to output port 'io_out_0[38]'. (LINT-31)
Warning: In design 'Eval', output port 'io_out_0[44]' is connected directly to output port 'io_out_0[39]'. (LINT-31)
Warning: In design 'Eval', output port 'io_out_0[44]' is connected directly to output port 'io_out_0[40]'. (LINT-31)
Warning: In design 'Eval', output port 'io_out_0[44]' is connected directly to output port 'io_out_0[41]'. (LINT-31)
Warning: In design 'Eval', output port 'io_out_0[44]' is connected directly to output port 'io_out_0[42]'. (LINT-31)
Warning: In design 'Eval', output port 'io_out_0[44]' is connected directly to output port 'io_out_0[43]'. (LINT-31)
Warning: In design 'Eval', output port 'io_out_3[44]' is connected directly to output port 'io_out_3[38]'. (LINT-31)
Warning: In design 'Eval', output port 'io_out_3[44]' is connected directly to output port 'io_out_3[39]'. (LINT-31)
Warning: In design 'Eval', output port 'io_out_3[44]' is connected directly to output port 'io_out_3[40]'. (LINT-31)
Warning: In design 'Eval', output port 'io_out_3[44]' is connected directly to output port 'io_out_3[41]'. (LINT-31)
Warning: In design 'Eval', output port 'io_out_3[44]' is connected directly to output port 'io_out_3[42]'. (LINT-31)
Warning: In design 'Eval', output port 'io_out_3[44]' is connected directly to output port 'io_out_3[43]'. (LINT-31)
Warning: In design 'Eval', output port 'io_out_5[44]' is connected directly to output port 'io_out_5[41]'. (LINT-31)
Warning: In design 'Eval', output port 'io_out_5[44]' is connected directly to output port 'io_out_5[42]'. (LINT-31)
Warning: In design 'Eval', output port 'io_out_5[44]' is connected directly to output port 'io_out_5[43]'. (LINT-31)
Warning: In design 'Eval_1', output port 'io_out_0[28]' is connected directly to output port 'io_out_6[16]'. (LINT-31)
Warning: In design 'Eval_1', output port 'io_out_0[28]' is connected directly to output port 'io_out_6[17]'. (LINT-31)
Warning: In design 'Eval_1', output port 'io_out_0[28]' is connected directly to output port 'io_out_6[18]'. (LINT-31)
Warning: In design 'Eval_1', output port 'io_out_0[28]' is connected directly to output port 'io_out_6[19]'. (LINT-31)
Warning: In design 'Eval_1', output port 'io_out_0[28]' is connected directly to output port 'io_out_6[20]'. (LINT-31)
Warning: In design 'Eval_1', output port 'io_out_0[28]' is connected directly to output port 'io_out_6[21]'. (LINT-31)
Warning: In design 'Eval_1', output port 'io_out_0[28]' is connected directly to output port 'io_out_6[22]'. (LINT-31)
Warning: In design 'Eval_1', output port 'io_out_0[28]' is connected directly to output port 'io_out_6[23]'. (LINT-31)
Warning: In design 'Eval_1', output port 'io_out_0[28]' is connected directly to output port 'io_out_6[24]'. (LINT-31)
Warning: In design 'Eval_1', output port 'io_out_0[28]' is connected directly to output port 'io_out_6[25]'. (LINT-31)
Warning: In design 'Eval_1', output port 'io_out_0[28]' is connected directly to output port 'io_out_6[26]'. (LINT-31)
Warning: In design 'Eval_1', output port 'io_out_0[28]' is connected directly to output port 'io_out_6[27]'. (LINT-31)
Warning: In design 'Eval_1', output port 'io_out_0[28]' is connected directly to output port 'io_out_6[28]'. (LINT-31)
Warning: In design 'Eval_1', output port 'io_out_0[28]' is connected directly to output port 'io_out_4[21]'. (LINT-31)
Warning: In design 'Eval_1', output port 'io_out_0[28]' is connected directly to output port 'io_out_4[22]'. (LINT-31)
Warning: In design 'Eval_1', output port 'io_out_0[28]' is connected directly to output port 'io_out_4[23]'. (LINT-31)
Warning: In design 'Eval_1', output port 'io_out_0[28]' is connected directly to output port 'io_out_4[24]'. (LINT-31)
Warning: In design 'Eval_1', output port 'io_out_0[28]' is connected directly to output port 'io_out_4[25]'. (LINT-31)
Warning: In design 'Eval_1', output port 'io_out_0[28]' is connected directly to output port 'io_out_4[26]'. (LINT-31)
Warning: In design 'Eval_1', output port 'io_out_0[28]' is connected directly to output port 'io_out_4[27]'. (LINT-31)
Warning: In design 'Eval_1', output port 'io_out_0[28]' is connected directly to output port 'io_out_4[28]'. (LINT-31)
Warning: In design 'Eval_1', output port 'io_out_0[28]' is connected directly to output port 'io_out_2[18]'. (LINT-31)
Warning: In design 'Eval_1', output port 'io_out_0[28]' is connected directly to output port 'io_out_2[19]'. (LINT-31)
Warning: In design 'Eval_1', output port 'io_out_0[28]' is connected directly to output port 'io_out_2[20]'. (LINT-31)
Warning: In design 'Eval_1', output port 'io_out_0[28]' is connected directly to output port 'io_out_2[21]'. (LINT-31)
Warning: In design 'Eval_1', output port 'io_out_0[28]' is connected directly to output port 'io_out_2[22]'. (LINT-31)
Warning: In design 'Eval_1', output port 'io_out_0[28]' is connected directly to output port 'io_out_2[23]'. (LINT-31)
Warning: In design 'Eval_1', output port 'io_out_0[28]' is connected directly to output port 'io_out_2[24]'. (LINT-31)
Warning: In design 'Eval_1', output port 'io_out_0[28]' is connected directly to output port 'io_out_2[25]'. (LINT-31)
Warning: In design 'Eval_1', output port 'io_out_0[28]' is connected directly to output port 'io_out_2[26]'. (LINT-31)
Warning: In design 'Eval_1', output port 'io_out_0[28]' is connected directly to output port 'io_out_2[27]'. (LINT-31)
Warning: In design 'Eval_1', output port 'io_out_0[28]' is connected directly to output port 'io_out_2[28]'. (LINT-31)
Warning: In design 'Eval_1', output port 'io_out_0[28]' is connected directly to output port 'io_out_1[22]'. (LINT-31)
Warning: In design 'Eval_1', output port 'io_out_0[28]' is connected directly to output port 'io_out_1[23]'. (LINT-31)
Warning: In design 'Eval_1', output port 'io_out_0[28]' is connected directly to output port 'io_out_1[24]'. (LINT-31)
Warning: In design 'Eval_1', output port 'io_out_0[28]' is connected directly to output port 'io_out_1[25]'. (LINT-31)
Warning: In design 'Eval_1', output port 'io_out_0[28]' is connected directly to output port 'io_out_1[26]'. (LINT-31)
Warning: In design 'Eval_1', output port 'io_out_0[28]' is connected directly to output port 'io_out_1[27]'. (LINT-31)
Warning: In design 'Eval_1', output port 'io_out_0[28]' is connected directly to output port 'io_out_1[28]'. (LINT-31)
Warning: In design 'Eval_1', output port 'io_out_0[28]' is connected directly to output port 'io_out_0[16]'. (LINT-31)
Warning: In design 'Eval_1', output port 'io_out_0[28]' is connected directly to output port 'io_out_0[17]'. (LINT-31)
Warning: In design 'Eval_1', output port 'io_out_0[28]' is connected directly to output port 'io_out_0[18]'. (LINT-31)
Warning: In design 'Eval_1', output port 'io_out_0[28]' is connected directly to output port 'io_out_0[19]'. (LINT-31)
Warning: In design 'Eval_1', output port 'io_out_0[28]' is connected directly to output port 'io_out_0[20]'. (LINT-31)
Warning: In design 'Eval_1', output port 'io_out_0[28]' is connected directly to output port 'io_out_0[21]'. (LINT-31)
Warning: In design 'Eval_1', output port 'io_out_0[28]' is connected directly to output port 'io_out_0[22]'. (LINT-31)
Warning: In design 'Eval_1', output port 'io_out_0[28]' is connected directly to output port 'io_out_0[23]'. (LINT-31)
Warning: In design 'Eval_1', output port 'io_out_0[28]' is connected directly to output port 'io_out_0[24]'. (LINT-31)
Warning: In design 'Eval_1', output port 'io_out_0[28]' is connected directly to output port 'io_out_0[25]'. (LINT-31)
Warning: In design 'Eval_1', output port 'io_out_0[28]' is connected directly to output port 'io_out_0[26]'. (LINT-31)
Warning: In design 'Eval_1', output port 'io_out_0[28]' is connected directly to output port 'io_out_0[27]'. (LINT-31)
Warning: In design 'Eval_1', output port 'io_out_3[28]' is connected directly to output port 'io_out_3[18]'. (LINT-31)
Warning: In design 'Eval_1', output port 'io_out_3[28]' is connected directly to output port 'io_out_3[19]'. (LINT-31)
Warning: In design 'Eval_1', output port 'io_out_3[28]' is connected directly to output port 'io_out_3[20]'. (LINT-31)
Warning: In design 'Eval_1', output port 'io_out_3[28]' is connected directly to output port 'io_out_3[21]'. (LINT-31)
Warning: In design 'Eval_1', output port 'io_out_3[28]' is connected directly to output port 'io_out_3[22]'. (LINT-31)
Warning: In design 'Eval_1', output port 'io_out_3[28]' is connected directly to output port 'io_out_3[23]'. (LINT-31)
Warning: In design 'Eval_1', output port 'io_out_3[28]' is connected directly to output port 'io_out_3[24]'. (LINT-31)
Warning: In design 'Eval_1', output port 'io_out_3[28]' is connected directly to output port 'io_out_3[25]'. (LINT-31)
Warning: In design 'Eval_1', output port 'io_out_3[28]' is connected directly to output port 'io_out_3[26]'. (LINT-31)
Warning: In design 'Eval_1', output port 'io_out_3[28]' is connected directly to output port 'io_out_3[27]'. (LINT-31)
Warning: In design 'Eval_1', output port 'io_out_5[28]' is connected directly to output port 'io_out_5[21]'. (LINT-31)
Warning: In design 'Eval_1', output port 'io_out_5[28]' is connected directly to output port 'io_out_5[22]'. (LINT-31)
Warning: In design 'Eval_1', output port 'io_out_5[28]' is connected directly to output port 'io_out_5[23]'. (LINT-31)
Warning: In design 'Eval_1', output port 'io_out_5[28]' is connected directly to output port 'io_out_5[24]'. (LINT-31)
Warning: In design 'Eval_1', output port 'io_out_5[28]' is connected directly to output port 'io_out_5[25]'. (LINT-31)
Warning: In design 'Eval_1', output port 'io_out_5[28]' is connected directly to output port 'io_out_5[26]'. (LINT-31)
Warning: In design 'Eval_1', output port 'io_out_5[28]' is connected directly to output port 'io_out_5[27]'. (LINT-31)
Warning: In design 'Eval', output port 'io_out_0[44]' is connected directly to 'logic 0'. (LINT-52)
Warning: In design 'Eval', output port 'io_out_0[43]' is connected directly to 'logic 0'. (LINT-52)
Warning: In design 'Eval', output port 'io_out_0[42]' is connected directly to 'logic 0'. (LINT-52)
Warning: In design 'Eval', output port 'io_out_0[41]' is connected directly to 'logic 0'. (LINT-52)
Warning: In design 'Eval', output port 'io_out_0[40]' is connected directly to 'logic 0'. (LINT-52)
Warning: In design 'Eval', output port 'io_out_0[39]' is connected directly to 'logic 0'. (LINT-52)
Warning: In design 'Eval', output port 'io_out_0[38]' is connected directly to 'logic 0'. (LINT-52)
Warning: In design 'Eval', output port 'io_out_0[37]' is connected directly to 'logic 0'. (LINT-52)
Warning: In design 'Eval', output port 'io_out_0[36]' is connected directly to 'logic 0'. (LINT-52)
Warning: In design 'Eval', output port 'io_out_1[44]' is connected directly to 'logic 0'. (LINT-52)
Warning: In design 'Eval', output port 'io_out_1[43]' is connected directly to 'logic 0'. (LINT-52)
Warning: In design 'Eval', output port 'io_out_1[42]' is connected directly to 'logic 0'. (LINT-52)
Warning: In design 'Eval', output port 'io_out_2[44]' is connected directly to 'logic 0'. (LINT-52)
Warning: In design 'Eval', output port 'io_out_2[43]' is connected directly to 'logic 0'. (LINT-52)
Warning: In design 'Eval', output port 'io_out_2[42]' is connected directly to 'logic 0'. (LINT-52)
Warning: In design 'Eval', output port 'io_out_2[41]' is connected directly to 'logic 0'. (LINT-52)
Warning: In design 'Eval', output port 'io_out_2[40]' is connected directly to 'logic 0'. (LINT-52)
Warning: In design 'Eval', output port 'io_out_2[39]' is connected directly to 'logic 0'. (LINT-52)
Warning: In design 'Eval', output port 'io_out_2[38]' is connected directly to 'logic 0'. (LINT-52)
Warning: In design 'Eval', output port 'io_out_4[44]' is connected directly to 'logic 0'. (LINT-52)
Warning: In design 'Eval', output port 'io_out_4[43]' is connected directly to 'logic 0'. (LINT-52)
Warning: In design 'Eval', output port 'io_out_4[42]' is connected directly to 'logic 0'. (LINT-52)
Warning: In design 'Eval', output port 'io_out_4[41]' is connected directly to 'logic 0'. (LINT-52)
Warning: In design 'Eval', output port 'io_out_6[44]' is connected directly to 'logic 0'. (LINT-52)
Warning: In design 'Eval', output port 'io_out_6[43]' is connected directly to 'logic 0'. (LINT-52)
Warning: In design 'Eval', output port 'io_out_6[42]' is connected directly to 'logic 0'. (LINT-52)
Warning: In design 'Eval', output port 'io_out_6[41]' is connected directly to 'logic 0'. (LINT-52)
Warning: In design 'Eval', output port 'io_out_6[40]' is connected directly to 'logic 0'. (LINT-52)
Warning: In design 'Eval', output port 'io_out_6[39]' is connected directly to 'logic 0'. (LINT-52)
Warning: In design 'Eval', output port 'io_out_6[38]' is connected directly to 'logic 0'. (LINT-52)
Warning: In design 'Eval', output port 'io_out_6[37]' is connected directly to 'logic 0'. (LINT-52)
Warning: In design 'Eval', output port 'io_out_6[36]' is connected directly to 'logic 0'. (LINT-52)
Warning: In design 'Eval_1', output port 'io_out_0[28]' is connected directly to 'logic 0'. (LINT-52)
Warning: In design 'Eval_1', output port 'io_out_0[27]' is connected directly to 'logic 0'. (LINT-52)
Warning: In design 'Eval_1', output port 'io_out_0[26]' is connected directly to 'logic 0'. (LINT-52)
Warning: In design 'Eval_1', output port 'io_out_0[25]' is connected directly to 'logic 0'. (LINT-52)
Warning: In design 'Eval_1', output port 'io_out_0[24]' is connected directly to 'logic 0'. (LINT-52)
Warning: In design 'Eval_1', output port 'io_out_0[23]' is connected directly to 'logic 0'. (LINT-52)
Warning: In design 'Eval_1', output port 'io_out_0[22]' is connected directly to 'logic 0'. (LINT-52)
Warning: In design 'Eval_1', output port 'io_out_0[21]' is connected directly to 'logic 0'. (LINT-52)
Warning: In design 'Eval_1', output port 'io_out_0[20]' is connected directly to 'logic 0'. (LINT-52)
Warning: In design 'Eval_1', output port 'io_out_0[19]' is connected directly to 'logic 0'. (LINT-52)
Warning: In design 'Eval_1', output port 'io_out_0[18]' is connected directly to 'logic 0'. (LINT-52)
Warning: In design 'Eval_1', output port 'io_out_0[17]' is connected directly to 'logic 0'. (LINT-52)
Warning: In design 'Eval_1', output port 'io_out_0[16]' is connected directly to 'logic 0'. (LINT-52)
Warning: In design 'Eval_1', output port 'io_out_1[28]' is connected directly to 'logic 0'. (LINT-52)
Warning: In design 'Eval_1', output port 'io_out_1[27]' is connected directly to 'logic 0'. (LINT-52)
Warning: In design 'Eval_1', output port 'io_out_1[26]' is connected directly to 'logic 0'. (LINT-52)
Warning: In design 'Eval_1', output port 'io_out_1[25]' is connected directly to 'logic 0'. (LINT-52)
Warning: In design 'Eval_1', output port 'io_out_1[24]' is connected directly to 'logic 0'. (LINT-52)
Warning: In design 'Eval_1', output port 'io_out_1[23]' is connected directly to 'logic 0'. (LINT-52)
Warning: In design 'Eval_1', output port 'io_out_1[22]' is connected directly to 'logic 0'. (LINT-52)
Warning: In design 'Eval_1', output port 'io_out_2[28]' is connected directly to 'logic 0'. (LINT-52)
Warning: In design 'Eval_1', output port 'io_out_2[27]' is connected directly to 'logic 0'. (LINT-52)
Warning: In design 'Eval_1', output port 'io_out_2[26]' is connected directly to 'logic 0'. (LINT-52)
Warning: In design 'Eval_1', output port 'io_out_2[25]' is connected directly to 'logic 0'. (LINT-52)
Warning: In design 'Eval_1', output port 'io_out_2[24]' is connected directly to 'logic 0'. (LINT-52)
Warning: In design 'Eval_1', output port 'io_out_2[23]' is connected directly to 'logic 0'. (LINT-52)
Warning: In design 'Eval_1', output port 'io_out_2[22]' is connected directly to 'logic 0'. (LINT-52)
Warning: In design 'Eval_1', output port 'io_out_2[21]' is connected directly to 'logic 0'. (LINT-52)
Warning: In design 'Eval_1', output port 'io_out_2[20]' is connected directly to 'logic 0'. (LINT-52)
Warning: In design 'Eval_1', output port 'io_out_2[19]' is connected directly to 'logic 0'. (LINT-52)
Warning: In design 'Eval_1', output port 'io_out_2[18]' is connected directly to 'logic 0'. (LINT-52)
Warning: In design 'Eval_1', output port 'io_out_4[28]' is connected directly to 'logic 0'. (LINT-52)
Warning: In design 'Eval_1', output port 'io_out_4[27]' is connected directly to 'logic 0'. (LINT-52)
Warning: In design 'Eval_1', output port 'io_out_4[26]' is connected directly to 'logic 0'. (LINT-52)
Warning: In design 'Eval_1', output port 'io_out_4[25]' is connected directly to 'logic 0'. (LINT-52)
Warning: In design 'Eval_1', output port 'io_out_4[24]' is connected directly to 'logic 0'. (LINT-52)
Warning: In design 'Eval_1', output port 'io_out_4[23]' is connected directly to 'logic 0'. (LINT-52)
Warning: In design 'Eval_1', output port 'io_out_4[22]' is connected directly to 'logic 0'. (LINT-52)
Warning: In design 'Eval_1', output port 'io_out_4[21]' is connected directly to 'logic 0'. (LINT-52)
Warning: In design 'Eval_1', output port 'io_out_6[28]' is connected directly to 'logic 0'. (LINT-52)
Warning: In design 'Eval_1', output port 'io_out_6[27]' is connected directly to 'logic 0'. (LINT-52)
Warning: In design 'Eval_1', output port 'io_out_6[26]' is connected directly to 'logic 0'. (LINT-52)
Warning: In design 'Eval_1', output port 'io_out_6[25]' is connected directly to 'logic 0'. (LINT-52)
Warning: In design 'Eval_1', output port 'io_out_6[24]' is connected directly to 'logic 0'. (LINT-52)
Warning: In design 'Eval_1', output port 'io_out_6[23]' is connected directly to 'logic 0'. (LINT-52)
Warning: In design 'Eval_1', output port 'io_out_6[22]' is connected directly to 'logic 0'. (LINT-52)
Warning: In design 'Eval_1', output port 'io_out_6[21]' is connected directly to 'logic 0'. (LINT-52)
Warning: In design 'Eval_1', output port 'io_out_6[20]' is connected directly to 'logic 0'. (LINT-52)
Warning: In design 'Eval_1', output port 'io_out_6[19]' is connected directly to 'logic 0'. (LINT-52)
Warning: In design 'Eval_1', output port 'io_out_6[18]' is connected directly to 'logic 0'. (LINT-52)
Warning: In design 'Eval_1', output port 'io_out_6[17]' is connected directly to 'logic 0'. (LINT-52)
Warning: In design 'Eval_1', output port 'io_out_6[16]' is connected directly to 'logic 0'. (LINT-52)
1
