 
****************************************
Report : timing
        -path full
        -delay max
        -max_paths 3
Design : core16_a36_b16_c36
Version: O-2018.06-SP5
Date   : Tue May 12 18:15:36 2026
****************************************

 # A fanout number of 1000 was used for high fanout net computations.

Operating Conditions: ssg0p81vm40c   Library: tcbn28hpcplusbwp40p140hvtssg0p81vm40c_ccs
Wire Load Model Mode: segmented

  Startpoint: io_b_0[0] (input port clocked by clk)
  Endpoint: core4_2/s_w_2_reg_41_
            (rising edge-triggered flip-flop clocked by clk)
  Path Group: clk
  Path Type: max

  Des/Clust/Port     Wire Load Model       Library
  ------------------------------------------------
  core16_a36_b16_c36 ZeroWireload          tcbn28hpcplusbwp40p140hvtssg0p81vm40c_ccs
  Eval_1_0_DP_OP_52J13_128_2082_J13_0_3
                     ZeroWireload          tcbn28hpcplusbwp40p140hvtssg0p81vm40c_ccs
  Eval_1_0_DP_OP_53J13_129_7779_J13_0_3
                     ZeroWireload          tcbn28hpcplusbwp40p140hvtssg0p81vm40c_ccs
  Eval_1_0_DP_OP_54J13_130_2477_J13_0_3
                     ZeroWireload          tcbn28hpcplusbwp40p140hvtssg0p81vm40c_ccs
  Eval_9_4_DP_OP_56J14_133_2317_J14_0
                     ZeroWireload          tcbn28hpcplusbwp40p140hvtssg0p81vm40c_ccs
  Eval_9_4_DP_OP_55J14_132_1863_J14_0
                     ZeroWireload          tcbn28hpcplusbwp40p140hvtssg0p81vm40c_ccs
  Eval_9_4_DP_OP_54J14_131_4542_J14_0
                     ZeroWireload          tcbn28hpcplusbwp40p140hvtssg0p81vm40c_ccs
  core4_4_DW_mult_tc_J8_2
                     ZeroWireload          tcbn28hpcplusbwp40p140hvtssg0p81vm40c_ccs

  Point                                                   Incr       Path
  --------------------------------------------------------------------------
  clock clk (rise edge)                                   0.00       0.00
  clock network delay (ideal)                             0.00       0.00
  input external delay                                    0.50       0.50 f
  io_b_0[0] (in)                                          0.00       0.50 f
  evalB/io_in_0[0] (Eval_1_3)                             0.00       0.50 f
  evalB/U26/ZN (INVD0P7BWP40P140)                         0.01       0.51 r
  evalB/U36/ZN (INVD1BWP40P140LVT)                        0.02       0.53 f
  evalB/DP_OP_53J13_129_7779/I2[0] (Eval_1_0_DP_OP_53J13_129_7779_J13_0_3)
                                                          0.00       0.53 f
  evalB/DP_OP_53J13_129_7779/U115/CO (HA1D1BWP40P140LVT)
                                                          0.03       0.55 f
  evalB/DP_OP_53J13_129_7779/U89/CO (FA1D1BWP40P140)      0.05       0.61 f
  evalB/DP_OP_53J13_129_7779/U107/CO (FA1D1BWP40P140LVT)
                                                          0.04       0.65 f
  evalB/DP_OP_53J13_129_7779/U140/S (FA1D1BWP40P140)      0.11       0.76 r
  evalB/DP_OP_53J13_129_7779/U161/S (FA1D1BWP40P140)      0.12       0.88 f
  evalB/DP_OP_53J13_129_7779/O1[3] (Eval_1_0_DP_OP_53J13_129_7779_J13_0_3)
                                                          0.00       0.88 f
  evalB/io_out_2[3] (Eval_1_3)                            0.00       0.88 f
  core4_2/io_b_0[3] (core4_4)                             0.00       0.88 f
  core4_2/evalB/io_in_0[3] (Eval_9_4)                     0.00       0.88 f
  core4_2/evalB/DP_OP_55J14_132_1863/I2[3] (Eval_9_4_DP_OP_55J14_132_1863_J14_0)
                                                          0.00       0.88 f
  core4_2/evalB/DP_OP_55J14_132_1863/U147/S (FA1D0BWP40P140)
                                                          0.15       1.03 r
  core4_2/evalB/DP_OP_55J14_132_1863/U162/CO (FA1D0BWP40P140)
                                                          0.08       1.11 r
  core4_2/evalB/DP_OP_55J14_132_1863/U163/CO (FA1D0BWP40P140)
                                                          0.07       1.19 r
  core4_2/evalB/DP_OP_55J14_132_1863/U169/CO (FA1D0BWP40P140)
                                                          0.07       1.26 r
  core4_2/evalB/DP_OP_55J14_132_1863/U139/CO (FA1D0BWP40P140)
                                                          0.07       1.34 r
  core4_2/evalB/DP_OP_55J14_132_1863/U144/CO (FA1D0BWP40P140)
                                                          0.07       1.41 r
  core4_2/evalB/DP_OP_55J14_132_1863/U128/CO (FA1D1BWP40P140)
                                                          0.06       1.46 r
  core4_2/evalB/DP_OP_55J14_132_1863/U145/CO (FA1D0BWP40P140)
                                                          0.07       1.53 r
  core4_2/evalB/DP_OP_55J14_132_1863/U151/CO (FA1D0BWP40P140)
                                                          0.07       1.61 r
  core4_2/evalB/DP_OP_55J14_132_1863/U164/CO (FA1D0BWP40P140)
                                                          0.07       1.68 r
  core4_2/evalB/DP_OP_55J14_132_1863/U165/CO (FA1D0BWP40P140)
                                                          0.07       1.76 r
  core4_2/evalB/DP_OP_55J14_132_1863/U166/CO (FA1D0BWP40P140)
                                                          0.07       1.83 r
  core4_2/evalB/DP_OP_55J14_132_1863/U204/S (FA1D1BWP40P140)
                                                          0.15       1.98 f
  core4_2/evalB/DP_OP_55J14_132_1863/O1[14] (Eval_9_4_DP_OP_55J14_132_1863_J14_0)
                                                          0.00       1.98 f
  core4_2/evalB/io_out_2[14] (Eval_9_4)                   0.00       1.98 f
  core4_2/mult_x_3/b[14] (core4_4_DW_mult_tc_J8_2)        0.00       1.98 f
  core4_2/mult_x_3/U1495/ZN (INVD0P7BWP40P140)            0.13       2.11 r
  core4_2/mult_x_3/U1470/ZN (MUX2ND0BWP40P140)            0.07       2.19 f
  core4_2/mult_x_3/U1720/ZN (NR2D0BWP40P140)              0.24       2.42 r
  core4_2/mult_x_3/U1894/ZN (AOI222D0BWP40P140)           0.11       2.53 f
  core4_2/mult_x_3/U1895/ZN (MUX2ND0BWP40P140)            0.08       2.60 r
  core4_2/mult_x_3/U1464/CO (HA1D0BWP40P140)              0.06       2.67 r
  core4_2/mult_x_3/U1463/CO (HA1D1BWP40P140)              0.04       2.71 r
  core4_2/mult_x_3/U1996/S (FA1D1BWP40P140)               0.09       2.81 f
  core4_2/mult_x_3/U2116/CO (FA1D1BWP40P140)              0.07       2.87 f
  core4_2/mult_x_3/U2113/CO (FA1D1BWP40P140)              0.06       2.93 f
  core4_2/mult_x_3/U2110/CO (FA1D1BWP40P140)              0.06       2.98 f
  core4_2/mult_x_3/U2106/CO (FA1D1BWP40P140)              0.06       3.04 f
  core4_2/mult_x_3/U2102/CO (FA1D1BWP40P140)              0.06       3.09 f
  core4_2/mult_x_3/U2098/CO (FA1D1BWP40P140)              0.06       3.15 f
  core4_2/mult_x_3/U2094/CO (FA1D1BWP40P140)              0.06       3.21 f
  core4_2/mult_x_3/U2090/CO (FA1D1BWP40P140)              0.06       3.26 f
  core4_2/mult_x_3/U2086/CO (FA1D1BWP40P140)              0.06       3.32 f
  core4_2/mult_x_3/U2082/CO (FA1D1BWP40P140)              0.06       3.37 f
  core4_2/mult_x_3/U2078/CO (FA1D1BWP40P140)              0.06       3.43 f
  core4_2/mult_x_3/U2074/CO (FA1D1BWP40P140)              0.06       3.48 f
  core4_2/mult_x_3/U2070/CO (FA1D1BWP40P140)              0.06       3.54 f
  core4_2/mult_x_3/U2066/CO (FA1D1BWP40P140)              0.06       3.59 f
  core4_2/mult_x_3/U2062/CO (FA1D1BWP40P140)              0.06       3.65 f
  core4_2/mult_x_3/U2058/CO (FA1D1BWP40P140)              0.06       3.70 f
  core4_2/mult_x_3/U2055/CO (FA1D1BWP40P140)              0.06       3.76 f
  core4_2/mult_x_3/U2051/CO (FA1D1BWP40P140)              0.06       3.82 f
  core4_2/mult_x_3/U2047/CO (FA1D1BWP40P140)              0.06       3.87 f
  core4_2/mult_x_3/U2043/CO (FA1D1BWP40P140)              0.06       3.93 f
  core4_2/mult_x_3/U2039/CO (FA1D1BWP40P140)              0.06       3.98 f
  core4_2/mult_x_3/U2036/CO (FA1D1BWP40P140)              0.06       4.04 f
  core4_2/mult_x_3/U2033/CO (FA1D1BWP40P140)              0.06       4.09 f
  core4_2/mult_x_3/U2030/CO (FA1D1BWP40P140)              0.06       4.15 f
  core4_2/mult_x_3/U2023/S (FA1D0BWP40P140)               0.12       4.27 r
  core4_2/mult_x_3/U2149/S (FA1D1BWP40P140)               0.11       4.37 f
  core4_2/mult_x_3/U2279/CO (FA1D0BWP40P140)              0.08       4.45 f
  core4_2/mult_x_3/U2420/S (FA1D1BWP40P140)               0.11       4.56 r
  core4_2/mult_x_3/U2425/CO (FA1D1BWP40P140)              0.06       4.62 r
  core4_2/mult_x_3/U1435/ZN (NR2D0BWP40P140)              0.02       4.64 f
  core4_2/mult_x_3/U1441/ZN (MUX2NUD1BWP40P140)           0.03       4.67 r
  core4_2/mult_x_3/U1477/ZN (ND2D1BWP40P140LVT)           0.02       4.69 f
  core4_2/mult_x_3/U1476/Z (XOR4D1BWP40P140LVT)           0.07       4.75 r
  core4_2/mult_x_3/U2421/ZN (OAI21D1BWP40P140LVT)         0.02       4.77 f
  core4_2/mult_x_3/U1475/ZN (OAI31D0BWP40P140LVT)         0.02       4.80 r
  core4_2/mult_x_3/U1547/Z (XOR3UD1BWP40P140LVT)          0.04       4.84 r
  core4_2/mult_x_3/U2422/ZN (OAI21D1BWP40P140LVT)         0.02       4.86 f
  core4_2/mult_x_3/U1436/ZN (OAI31D0BWP40P140LVT)         0.03       4.89 r
  core4_2/mult_x_3/U1437/ZN (XNR2UD0BWP40P140)            0.04       4.93 r
  core4_2/mult_x_3/U1474/Z (XOR3UD1BWP40P140LVT)          0.05       4.97 r
  core4_2/mult_x_3/product[41] (core4_4_DW_mult_tc_J8_2)
                                                          0.00       4.97 r
  core4_2/s_w_2_reg_41_/D (DFQD1BWP40P140LVT)             0.00       4.97 r
  data arrival time                                                  4.97

  clock clk (rise edge)                                   5.00       5.00
  clock network delay (ideal)                             0.00       5.00
  core4_2/s_w_2_reg_41_/CP (DFQD1BWP40P140LVT)            0.00       5.00 r
  library setup time                                     -0.03       4.97
  data required time                                                 4.97
  --------------------------------------------------------------------------
  data required time                                                 4.97
  data arrival time                                                 -4.97
  --------------------------------------------------------------------------
  slack (MET)                                                        0.00


  Startpoint: io_b_15[5] (input port clocked by clk)
  Endpoint: core4_0/s_w_5_reg_41_
            (rising edge-triggered flip-flop clocked by clk)
  Path Group: clk
  Path Type: max

  Des/Clust/Port     Wire Load Model       Library
  ------------------------------------------------
  core16_a36_b16_c36 ZeroWireload          tcbn28hpcplusbwp40p140hvtssg0p81vm40c_ccs
  Eval_1_0_DP_OP_52J13_128_2082_J13_0_0
                     ZeroWireload          tcbn28hpcplusbwp40p140hvtssg0p81vm40c_ccs
  Eval_1_0_DP_OP_53J13_129_7779_J13_0_0
                     ZeroWireload          tcbn28hpcplusbwp40p140hvtssg0p81vm40c_ccs
  Eval_1_0_DP_OP_54J13_130_2477_J13_0_0
                     ZeroWireload          tcbn28hpcplusbwp40p140hvtssg0p81vm40c_ccs
  Eval_9_6_DP_OP_56J11_130_8611_J11_0
                     ZeroWireload          tcbn28hpcplusbwp40p140hvtssg0p81vm40c_ccs
  Eval_9_6_DP_OP_55J11_129_6987_J11_0
                     ZeroWireload          tcbn28hpcplusbwp40p140hvtssg0p81vm40c_ccs
  Eval_9_6_DP_OP_54J11_128_6671_J11_0
                     ZeroWireload          tcbn28hpcplusbwp40p140hvtssg0p81vm40c_ccs
  core4_6_DW_mult_uns_J10_3
                     ZeroWireload          tcbn28hpcplusbwp40p140hvtssg0p81vm40c_ccs
  core4_6_DW_mult_tc_J10_0
                     ZeroWireload          tcbn28hpcplusbwp40p140hvtssg0p81vm40c_ccs

  Point                                                   Incr       Path
  --------------------------------------------------------------------------
  clock clk (rise edge)                                   0.00       0.00
  clock network delay (ideal)                             0.00       0.00
  input external delay                                    0.50       0.50 f
  io_b_15[5] (in)                                         0.00       0.50 f
  evalB_3/io_in_3[5] (Eval_1_0)                           0.00       0.50 f
  evalB_3/U56/ZN (INVD4BWP40P140LVT)                      0.00       0.50 r
  evalB_3/U40/ZN (INVD1BWP40P140LVT)                      0.02       0.53 f
  evalB_3/io_out_0[5] (Eval_1_0)                          0.00       0.53 f
  core4_0/io_b_3[5] (core4_6)                             0.00       0.53 f
  core4_0/evalB/io_in_3[5] (Eval_9_6)                     0.00       0.53 f
  core4_0/evalB/U36/Z (DEL025D1BWP40P140)                 0.13       0.66 f
  core4_0/evalB/DP_OP_56J11_130_8611/I3[5] (Eval_9_6_DP_OP_56J11_130_8611_J11_0)
                                                          0.00       0.66 f
  core4_0/evalB/DP_OP_56J11_130_8611/U176/CO (FA1D0BWP40P140)
                                                          0.14       0.79 f
  core4_0/evalB/DP_OP_56J11_130_8611/U144/CO (FA1D0BWP40P140)
                                                          0.07       0.87 f
  core4_0/evalB/DP_OP_56J11_130_8611/U154/CO (FA1D0BWP40P140)
                                                          0.07       0.94 f
  core4_0/evalB/DP_OP_56J11_130_8611/U138/CO (FA1D1BWP40P140LVT)
                                                          0.05       0.99 f
  core4_0/evalB/DP_OP_56J11_130_8611/U108/CO (FA1D1BWP40P140LVT)
                                                          0.04       1.03 f
  core4_0/evalB/DP_OP_56J11_130_8611/U157/CO (FA1D0BWP40P140)
                                                          0.07       1.10 f
  core4_0/evalB/DP_OP_56J11_130_8611/U169/CO (FA1D0BWP40P140)
                                                          0.07       1.17 f
  core4_0/evalB/DP_OP_56J11_130_8611/U151/CO (FA1D0BWP40P140)
                                                          0.07       1.24 f
  core4_0/evalB/DP_OP_56J11_130_8611/U159/S (FA1D0BWP40P140)
                                                          0.13       1.37 r
  core4_0/evalB/DP_OP_56J11_130_8611/U181/ZN (CKND0BWP40P140)
                                                          0.03       1.40 f
  core4_0/evalB/DP_OP_56J11_130_8611/U166/CO (FA1D0BWP40P140)
                                                          0.08       1.48 f
  core4_0/evalB/DP_OP_56J11_130_8611/U197/CO (FA1D1BWP40P140)
                                                          0.06       1.54 f
  core4_0/evalB/DP_OP_56J11_130_8611/U140/CO (FA1D0BWP40P140)
                                                          0.07       1.61 f
  core4_0/evalB/DP_OP_56J11_130_8611/U142/CO (FA1D0BWP40P140)
                                                          0.07       1.68 f
  core4_0/evalB/DP_OP_56J11_130_8611/U111/S (FA1D1BWP40P140)
                                                          0.14       1.82 f
  core4_0/evalB/DP_OP_56J11_130_8611/O2[17] (Eval_9_6_DP_OP_56J11_130_8611_J11_0)
                                                          0.00       1.82 f
  core4_0/evalB/io_out_5[17] (Eval_9_6)                   0.00       1.82 f
  core4_0/mult_x_6/b[17] (core4_6_DW_mult_tc_J10_0)       0.00       1.82 f
  core4_0/mult_x_6/U1435/ZN (INVD1BWP40P140LVT)           0.08       1.90 r
  core4_0/mult_x_6/U1770/ZN (MUX2ND0BWP40P140)            0.05       1.95 f
  core4_0/mult_x_6/U1775/ZN (NR2D0BWP40P140)              0.17       2.12 r
  core4_0/mult_x_6/U1917/ZN (AOI222D0BWP40P140)           0.10       2.22 f
  core4_0/mult_x_6/U1918/ZN (MUX2ND0BWP40P140)            0.07       2.28 r
  core4_0/mult_x_6/U1499/CO (HA1D0BWP40P140)              0.06       2.35 r
  core4_0/mult_x_6/U1524/CO (HA1D0BWP40P140)              0.05       2.39 r
  core4_0/mult_x_6/U1565/CO (FA1D0BWP40P140)              0.07       2.46 r
  core4_0/mult_x_6/U1989/CO (FA1D1BWP40P140)              0.06       2.52 r
  core4_0/mult_x_6/U1566/CO (FA1D0BWP40P140)              0.07       2.59 r
  core4_0/mult_x_6/U1523/CO (FA1D0BWP40P140)              0.07       2.66 r
  core4_0/mult_x_6/U1567/CO (FA1D0BWP40P140)              0.07       2.74 r
  core4_0/mult_x_6/U1976/CO (FA1D1BWP40P140)              0.06       2.79 r
  core4_0/mult_x_6/U1568/CO (FA1D0BWP40P140)              0.07       2.86 r
  core4_0/mult_x_6/U1969/CO (FA1D1BWP40P140)              0.06       2.92 r
  core4_0/mult_x_6/U1569/CO (FA1D0BWP40P140)              0.07       2.99 r
  core4_0/mult_x_6/U1522/CO (FA1D0BWP40P140)              0.07       3.06 r
  core4_0/mult_x_6/U1958/S (FA1D1BWP40P140)               0.10       3.16 f
  core4_0/mult_x_6/U1983/CO (FA1D0BWP40P140)              0.08       3.24 f
  core4_0/mult_x_6/U1962/CO (FA1D0BWP40P140)              0.07       3.31 f
  core4_0/mult_x_6/U1952/CO (FA1D0BWP40P140)              0.07       3.38 f
  core4_0/mult_x_6/U1452/CO (FA1D0BWP40P140)              0.07       3.46 f
  core4_0/mult_x_6/U2044/CO (FA1D1BWP40P140)              0.06       3.52 f
  core4_0/mult_x_6/U1449/CO (FA1D0BWP40P140)              0.07       3.59 f
  core4_0/mult_x_6/U2038/CO (FA1D1BWP40P140)              0.06       3.65 f
  core4_0/mult_x_6/U1447/S (FA1D0BWP40P140)               0.12       3.76 r
  core4_0/mult_x_6/U1445/CO (FA1D0BWP40P140)              0.08       3.84 r
  core4_0/mult_x_6/U2070/S (FA1D0BWP40P140)               0.11       3.96 f
  core4_0/mult_x_6/U2196/S (FA1D0BWP40P140)               0.13       4.09 r
  core4_0/mult_x_6/U2308/CO (FA1D0BWP40P140)              0.08       4.17 r
  core4_0/mult_x_6/U1635/S (FA1D0BWP40P140)               0.12       4.29 f
  core4_0/mult_x_6/U2515/CO (FA1D1BWP40P140)              0.07       4.36 f
  core4_0/mult_x_6/U1661/CO (FA1D0BWP40P140)              0.07       4.42 f
  core4_0/mult_x_6/U2514/CO (FA1D1BWP40P140)              0.06       4.48 f
  core4_0/mult_x_6/U1662/CO (FA1D0BWP40P140)              0.07       4.55 f
  core4_0/mult_x_6/U1476/ZN (XNR4D1BWP40P140LVT)          0.08       4.63 r
  core4_0/mult_x_6/U1475/Z (XOR4D1BWP40P140LVT)           0.06       4.69 r
  core4_0/mult_x_6/U1441/ZN (OAI21D0P7BWP40P140LVT)       0.02       4.71 f
  core4_0/mult_x_6/U1474/ZN (OAI31D0BWP40P140LVT)         0.02       4.73 r
  core4_0/mult_x_6/U1434/Z (XOR3UD0BWP40P140)             0.06       4.80 r
  core4_0/mult_x_6/U1440/ZN (OAI21D0P7BWP40P140)          0.04       4.83 f
  core4_0/mult_x_6/U1473/ZN (OAI31D0BWP40P140LVT)         0.03       4.86 r
  core4_0/mult_x_6/U1439/ZN (XNR2UD0BWP40P140)            0.04       4.90 r
  core4_0/mult_x_6/U1438/Z (XOR3UD0BWP40P140)             0.06       4.96 r
  core4_0/mult_x_6/product[41] (core4_6_DW_mult_tc_J10_0)
                                                          0.00       4.96 r
  core4_0/s_w_5_reg_41_/D (DFQD1BWP40P140)                0.00       4.96 r
  data arrival time                                                  4.96

  clock clk (rise edge)                                   5.00       5.00
  clock network delay (ideal)                             0.00       5.00
  core4_0/s_w_5_reg_41_/CP (DFQD1BWP40P140)               0.00       5.00 r
  library setup time                                     -0.04       4.96
  data required time                                                 4.96
  --------------------------------------------------------------------------
  data required time                                                 4.96
  data arrival time                                                 -4.96
  --------------------------------------------------------------------------
  slack (MET)                                                        0.00


  Startpoint: io_b_15[0] (input port clocked by clk)
  Endpoint: core4_3/s_w_4_reg_41_
            (rising edge-triggered flip-flop clocked by clk)
  Path Group: clk
  Path Type: max

  Des/Clust/Port     Wire Load Model       Library
  ------------------------------------------------
  core16_a36_b16_c36 ZeroWireload          tcbn28hpcplusbwp40p140hvtssg0p81vm40c_ccs
  Eval_1_0_DP_OP_52J13_128_2082_J13_0_0
                     ZeroWireload          tcbn28hpcplusbwp40p140hvtssg0p81vm40c_ccs
  Eval_1_0_DP_OP_53J13_129_7779_J13_0_0
                     ZeroWireload          tcbn28hpcplusbwp40p140hvtssg0p81vm40c_ccs
  Eval_1_0_DP_OP_54J13_130_2477_J13_0_0
                     ZeroWireload          tcbn28hpcplusbwp40p140hvtssg0p81vm40c_ccs
  Eval_9_1_DP_OP_55J12_125_7382_J12_0_1
                     ZeroWireload          tcbn28hpcplusbwp40p140hvtssg0p81vm40c_ccs
  Eval_9_1_DP_OP_54J12_124_2306_J12_0_1
                     ZeroWireload          tcbn28hpcplusbwp40p140hvtssg0p81vm40c_ccs
  Eval_9_3_DP_OP_53J12_123_7336_0
                     ZeroWireload          tcbn28hpcplusbwp40p140hvtssg0p81vm40c_ccs
  core4_1_DW_mult_tc_J5_2_1
                     ZeroWireload          tcbn28hpcplusbwp40p140hvtssg0p81vm40c_ccs

  Point                                                   Incr       Path
  --------------------------------------------------------------------------
  clock clk (rise edge)                                   0.00       0.00
  clock network delay (ideal)                             0.00       0.00
  input external delay                                    0.50       0.50 f
  io_b_15[0] (in)                                         0.00       0.50 f
  evalB_3/io_in_3[0] (Eval_1_0)                           0.00       0.50 f
  evalB_3/U9/ZN (INVD4BWP40P140LVT)                       0.00       0.50 r
  evalB_3/U15/ZN (INVD3BWP40P140LVT)                      0.01       0.51 f
  evalB_3/DP_OP_53J13_129_7779/I4[0] (Eval_1_0_DP_OP_53J13_129_7779_J13_0_0)
                                                          0.00       0.51 f
  evalB_3/DP_OP_53J13_129_7779/U130/CO (HA1D1BWP40P140LVT)
                                                          0.02       0.53 f
  evalB_3/DP_OP_53J13_129_7779/U154/CO (FA1D1BWP40P140)
                                                          0.05       0.58 f
  evalB_3/DP_OP_53J13_129_7779/U153/S (FA1D1BWP40P140)
                                                          0.11       0.69 r
  evalB_3/DP_OP_53J13_129_7779/U135/ZN (INVD1BWP40P140LVT)
                                                          0.02       0.71 f
  evalB_3/DP_OP_53J13_129_7779/U134/CO (FA1D1BWP40P140LVT)
                                                          0.05       0.76 f
  evalB_3/DP_OP_53J13_129_7779/U168/S (FA1D1BWP40P140LVT)
                                                          0.09       0.85 r
  evalB_3/DP_OP_53J13_129_7779/O2[3] (Eval_1_0_DP_OP_53J13_129_7779_J13_0_0)
                                                          0.00       0.85 r
  evalB_3/io_out_3[3] (Eval_1_0)                          0.00       0.85 r
  core4_3/io_b_3[3] (core4_3)                             0.00       0.85 r
  core4_3/evalB/io_in_3[3] (Eval_9_3)                     0.00       0.85 r
  core4_3/evalB/DP_OP_55J12_125_7382/I3[3] (Eval_9_1_DP_OP_55J12_125_7382_J12_0_1)
                                                          0.00       0.85 r
  core4_3/evalB/DP_OP_55J12_125_7382/U219/S (FA1D1BWP40P140)
                                                          0.10       0.95 f
  core4_3/evalB/DP_OP_55J12_125_7382/U193/CO (FA1D0BWP40P140)
                                                          0.07       1.02 f
  core4_3/evalB/DP_OP_55J12_125_7382/U194/CO (FA1D0BWP40P140)
                                                          0.07       1.10 f
  core4_3/evalB/DP_OP_55J12_125_7382/U138/CO (FA1D1BWP40P140)
                                                          0.06       1.16 f
  core4_3/evalB/DP_OP_55J12_125_7382/U178/CO (FA1D0BWP40P140)
                                                          0.07       1.23 f
  core4_3/evalB/DP_OP_55J12_125_7382/U187/CO (FA1D0BWP40P140)
                                                          0.07       1.30 f
  core4_3/evalB/DP_OP_55J12_125_7382/U128/CO (FA1D1BWP40P140)
                                                          0.06       1.36 f
  core4_3/evalB/DP_OP_55J12_125_7382/U188/CO (FA1D0BWP40P140)
                                                          0.07       1.43 f
  core4_3/evalB/DP_OP_55J12_125_7382/U190/CO (FA1D0BWP40P140)
                                                          0.08       1.51 f
  core4_3/evalB/DP_OP_55J12_125_7382/U151/CO (FA1OPTCD2BWP40P140LVT)
                                                          0.03       1.54 f
  core4_3/evalB/DP_OP_55J12_125_7382/U130/CO (FA1D1BWP40P140)
                                                          0.05       1.59 f
  core4_3/evalB/DP_OP_55J12_125_7382/U149/CO (FA1D1BWP40P140LVT)
                                                          0.05       1.64 f
  core4_3/evalB/DP_OP_55J12_125_7382/U148/S (FA1OPTCD2BWP40P140LVT)
                                                          0.09       1.73 f
  core4_3/evalB/DP_OP_55J12_125_7382/O1[14] (Eval_9_1_DP_OP_55J12_125_7382_J12_0_1)
                                                          0.00       1.73 f
  core4_3/evalB/io_out_4[14] (Eval_9_3)                   0.00       1.73 f
  core4_3/mult_x_5/b[14] (core4_1_DW_mult_tc_J5_2_1)      0.00       1.73 f
  core4_3/mult_x_5/U1745/ZN (CKND0BWP40P140)              0.13       1.86 r
  core4_3/mult_x_5/U1875/ZN (MUX2ND0BWP40P140)            0.08       1.94 f
  core4_3/mult_x_5/U1877/ZN (NR2D0BWP40P140)              0.24       2.18 r
  core4_3/mult_x_5/U1923/ZN (AOI222D0BWP40P140)           0.11       2.29 f
  core4_3/mult_x_5/U1924/ZN (MUX2ND0BWP40P140)            0.09       2.38 f
  core4_3/mult_x_5/U1979/CO (HA1D0BWP40P140LVT)           0.04       2.42 f
  core4_3/mult_x_5/U1504/CO (HA1D0BWP40P140)              0.03       2.45 f
  core4_3/mult_x_5/U1972/CO (FA1D1BWP40P140)              0.06       2.51 f
  core4_3/mult_x_5/U1968/CO (FA1D1BWP40P140)              0.06       2.56 f
  core4_3/mult_x_5/U1626/CO (FA1D0BWP40P140)              0.07       2.63 f
  core4_3/mult_x_5/U1961/S (FA1D1BWP40P140)               0.11       2.74 r
  core4_3/mult_x_5/U1670/CO (FA1D0BWP40P140)              0.08       2.81 r
  core4_3/mult_x_5/U1639/CO (FA1D0BWP40P140)              0.07       2.89 r
  core4_3/mult_x_5/U1625/CO (FA1D0BWP40P140)              0.07       2.96 r
  core4_3/mult_x_5/U2018/CO (FA1D1BWP40P140)              0.06       3.02 r
  core4_3/mult_x_5/U1640/CO (FA1D0BWP40P140)              0.07       3.09 r
  core4_3/mult_x_5/U2011/S (FA1D1BWP40P140)               0.10       3.19 f
  core4_3/mult_x_5/U1525/CO (FA1D1BWP40P140LVT)           0.05       3.24 f
  core4_3/mult_x_5/U2113/CO (FA1D0BWP40P140)              0.07       3.31 f
  core4_3/mult_x_5/U2081/CO (FA1D1BWP40P140)              0.06       3.37 f
  core4_3/mult_x_5/U2077/CO (FA1D1BWP40P140)              0.06       3.42 f
  core4_3/mult_x_5/U1663/CO (FA1D0BWP40P140)              0.07       3.49 f
  core4_3/mult_x_5/U2529/CO (FA1D1BWP40P140)              0.06       3.55 f
  core4_3/mult_x_5/U2561/CO (FA1D1BWP40P140)              0.06       3.61 f
  core4_3/mult_x_5/U1664/CO (FA1D0BWP40P140)              0.07       3.68 f
  core4_3/mult_x_5/U2556/CO (FA1D1BWP40P140)              0.06       3.74 f
  core4_3/mult_x_5/U2028/S (FA1D0BWP40P140)               0.12       3.86 r
  core4_3/mult_x_5/U1713/CO (FA1D0BWP40P140)              0.08       3.94 r
  core4_3/mult_x_5/U2588/CO (FA1D1BWP40P140)              0.06       3.99 r
  core4_3/mult_x_5/U2584/CO (FA1D1BWP40P140)              0.05       4.04 r
  core4_3/mult_x_5/U1717/CO (FA1D0BWP40P140)              0.07       4.11 r
  core4_3/mult_x_5/U2189/S (FA1D0BWP40P140)               0.12       4.23 f
  core4_3/mult_x_5/U2616/CO (FA1D1BWP40P140LVT)           0.05       4.28 f
  core4_3/mult_x_5/U1737/CO (FA1D0BWP40P140)              0.07       4.35 f
  core4_3/mult_x_5/U2617/CO (FA1D1BWP40P140LVT)           0.05       4.40 f
  core4_3/mult_x_5/U2618/CO (FA1D1BWP40P140)              0.05       4.45 f
  core4_3/mult_x_5/U1526/CO (FA1D1BWP40P140LVT)           0.04       4.49 f
  core4_3/mult_x_5/U1463/ZN (XNR4D1BWP40P140LVT)          0.07       4.57 r
  core4_3/mult_x_5/U2606/Z (XOR4D0BWP40P140)              0.10       4.66 r
  core4_3/mult_x_5/U2607/ZN (OAI21D1BWP40P140LVT)         0.03       4.69 f
  core4_3/mult_x_5/U2608/ZN (OAI31D0BWP40P140LVT)         0.02       4.71 r
  core4_3/mult_x_5/U1519/Z (XOR3UD1BWP40P140LVT)          0.04       4.76 r
  core4_3/mult_x_5/U1462/ZN (OAI21D0P7BWP40P140LVT)       0.02       4.78 f
  core4_3/mult_x_5/U1520/ZN (OAI31D1BWP40P140LVT)         0.02       4.80 r
  core4_3/mult_x_5/U1529/Z (XOR2UD0BWP40P140)             0.04       4.84 r
  core4_3/mult_x_5/U1461/ZN (OAI21D1BWP40P140LVT)         0.03       4.88 f
  core4_3/mult_x_5/U2610/ZN (OAI31D0BWP40P140LVT)         0.02       4.90 r
  core4_3/mult_x_5/U2611/Z (XOR3UD0BWP40P140)             0.06       4.95 r
  core4_3/mult_x_5/product[41] (core4_1_DW_mult_tc_J5_2_1)
                                                          0.00       4.95 r
  core4_3/s_w_4_reg_41_/D (DFKCNQD1BWP40P140)             0.00       4.95 r
  data arrival time                                                  4.95

  clock clk (rise edge)                                   5.00       5.00
  clock network delay (ideal)                             0.00       5.00
  core4_3/s_w_4_reg_41_/CP (DFKCNQD1BWP40P140)            0.00       5.00 r
  library setup time                                     -0.05       4.95
  data required time                                                 4.95
  --------------------------------------------------------------------------
  data required time                                                 4.95
  data arrival time                                                 -4.95
  --------------------------------------------------------------------------
  slack (MET)                                                        0.00


1
