 
****************************************
Report : timing
        -path full
        -delay max
        -max_paths 3
Design : core16_a36_b14_c36
Version: O-2018.06-SP5
Date   : Tue May 12 18:07:53 2026
****************************************

 # A fanout number of 1000 was used for high fanout net computations.

Operating Conditions: ssg0p81vm40c   Library: tcbn28hpcplusbwp40p140hvtssg0p81vm40c_ccs
Wire Load Model Mode: segmented

  Startpoint: io_b_15[2] (input port clocked by clk)
  Endpoint: core4_4/s_w_4_reg_41_
            (rising edge-triggered flip-flop clocked by clk)
  Path Group: clk
  Path Type: max

  Des/Clust/Port     Wire Load Model       Library
  ------------------------------------------------
  core16_a36_b14_c36 ZeroWireload          tcbn28hpcplusbwp40p140hvtssg0p81vm40c_ccs
  Eval_1_0_DP_OP_52J14_128_4593_J14_0_0
                     ZeroWireload          tcbn28hpcplusbwp40p140hvtssg0p81vm40c_ccs
  Eval_1_0_DP_OP_53J14_129_1321_J14_0_0
                     ZeroWireload          tcbn28hpcplusbwp40p140hvtssg0p81vm40c_ccs
  Eval_1_0_DP_OP_54J14_130_2501_J14_0_0
                     ZeroWireload          tcbn28hpcplusbwp40p140hvtssg0p81vm40c_ccs
  Eval_9_6_DP_OP_54J11_128_9182_J11_0
                     ZeroWireload          tcbn28hpcplusbwp40p140hvtssg0p81vm40c_ccs
  Eval_9_6_DP_OP_55J11_129_1285_J11_0
                     ZeroWireload          tcbn28hpcplusbwp40p140hvtssg0p81vm40c_ccs
  Eval_9_6_DP_OP_56J11_130_8200_J11_0
                     ZeroWireload          tcbn28hpcplusbwp40p140hvtssg0p81vm40c_ccs
  Eval_9_2_DP_OP_56J14_127_3581_J14_0
                     ZeroWireload          tcbn28hpcplusbwp40p140hvtssg0p81vm40c_ccs
  Eval_9_2_DP_OP_55J14_126_4337_J14_0
                     ZeroWireload          tcbn28hpcplusbwp40p140hvtssg0p81vm40c_ccs
  Eval_9_2_DP_OP_54J14_125_4764_J14_0
                     ZeroWireload          tcbn28hpcplusbwp40p140hvtssg0p81vm40c_ccs
  core4_2_DW_mult_tc_J7_1
                     ZeroWireload          tcbn28hpcplusbwp40p140hvtssg0p81vm40c_ccs

  Point                                                   Incr       Path
  --------------------------------------------------------------------------
  clock clk (rise edge)                                   0.00       0.00
  clock network delay (ideal)                             0.00       0.00
  input external delay                                    0.50       0.50 r
  io_b_15[2] (in)                                         0.00       0.50 r
  evalB_3/io_in_3[2] (Eval_1_0)                           0.00       0.50 r
  evalB_3/U3/ZN (INVD3BWP40P140LVT)                       0.00       0.50 f
  evalB_3/U13/ZN (INVD2BWP40P140LVT)                      0.02       0.53 r
  evalB_3/DP_OP_54J14_130_2501/I3[2] (Eval_1_0_DP_OP_54J14_130_2501_J14_0_0)
                                                          0.00       0.53 r
  evalB_3/DP_OP_54J14_130_2501/U93/CO (HA1D1BWP40P140)
                                                          0.04       0.57 r
  evalB_3/DP_OP_54J14_130_2501/U140/S (FA1D1BWP40P140LVT)
                                                          0.07       0.64 f
  evalB_3/DP_OP_54J14_130_2501/U120/S (FA1D1BWP40P140)
                                                          0.12       0.76 r
  evalB_3/DP_OP_54J14_130_2501/O1[3] (Eval_1_0_DP_OP_54J14_130_2501_J14_0_0)
                                                          0.00       0.76 r
  evalB_3/io_out_4[3] (Eval_1_0)                          0.00       0.76 r
  core4_4/io_b_3[3] (core4_2)                             0.00       0.76 r
  core4_4/evalB/io_in_3[3] (Eval_9_2)                     0.00       0.76 r
  core4_4/evalB/DP_OP_56J14_127_3581/I3[3] (Eval_9_2_DP_OP_56J14_127_3581_J14_0)
                                                          0.00       0.76 r
  core4_4/evalB/DP_OP_56J14_127_3581/U109/S (FA1D1BWP40P140)
                                                          0.11       0.87 f
  core4_4/evalB/DP_OP_56J14_127_3581/U112/CO (FA1D1BWP40P140)
                                                          0.06       0.93 f
  core4_4/evalB/DP_OP_56J14_127_3581/U168/CO (FA1D0BWP40P140)
                                                          0.07       1.00 f
  core4_4/evalB/DP_OP_56J14_127_3581/U133/CO (FA1D1BWP40P140)
                                                          0.06       1.06 f
  core4_4/evalB/DP_OP_56J14_127_3581/U160/CO (FA1D0BWP40P140)
                                                          0.07       1.12 f
  core4_4/evalB/DP_OP_56J14_127_3581/U161/CO (FA1D0BWP40P140)
                                                          0.07       1.20 f
  core4_4/evalB/DP_OP_56J14_127_3581/U114/CO (FA1D1BWP40P140)
                                                          0.06       1.26 f
  core4_4/evalB/DP_OP_56J14_127_3581/U154/CO (FA1D0BWP40P140)
                                                          0.07       1.33 f
  core4_4/evalB/DP_OP_56J14_127_3581/U164/CO (FA1D0BWP40P140)
                                                          0.07       1.40 f
  core4_4/evalB/DP_OP_56J14_127_3581/U171/CO (FA1D0BWP40P140)
                                                          0.07       1.47 f
  core4_4/evalB/DP_OP_56J14_127_3581/U169/CO (FA1D0BWP40P140)
                                                          0.07       1.54 f
  core4_4/evalB/DP_OP_56J14_127_3581/U170/CO (FA1D0BWP40P140)
                                                          0.07       1.62 f
  core4_4/evalB/DP_OP_56J14_127_3581/U137/S (FA1D1BWP40P140LVT)
                                                          0.12       1.74 r
  core4_4/evalB/DP_OP_56J14_127_3581/O1[14] (Eval_9_2_DP_OP_56J14_127_3581_J14_0)
                                                          0.00       1.74 r
  core4_4/evalB/io_out_4[14] (Eval_9_2)                   0.00       1.74 r
  core4_4/mult_x_5/b[14] (core4_2_DW_mult_tc_J7_1)        0.00       1.74 r
  core4_4/mult_x_5/U1459/ZN (INVD0P7BWP40P140)            0.11       1.85 f
  core4_4/mult_x_5/U1707/ZN (MUX2ND0BWP40P140)            0.08       1.93 r
  core4_4/mult_x_5/U1473/ZN (ND2D0BWP40P140HVT)           0.22       2.15 f
  core4_4/mult_x_5/U1469/ZN (CKND0BWP40P140)              0.12       2.27 r
  core4_4/mult_x_5/U1980/ZN (AOI222D0BWP40P140)           0.05       2.32 f
  core4_4/mult_x_5/U1981/ZN (MUX2ND0BWP40P140)            0.06       2.38 r
  core4_4/mult_x_5/U1383/CO (HA1D0BWP40P140)              0.06       2.44 r
  core4_4/mult_x_5/U1380/CO (HA1D1BWP40P140)              0.04       2.48 r
  core4_4/mult_x_5/U2071/S (FA1D1BWP40P140)               0.09       2.58 f
  core4_4/mult_x_5/U1569/CO (FA1D0BWP40P140)              0.08       2.65 f
  core4_4/mult_x_5/U2170/CO (FA1D1BWP40P140)              0.06       2.72 f
  core4_4/mult_x_5/U1349/CO (FA1D1BWP40P140)              0.06       2.77 f
  core4_4/mult_x_5/U1570/CO (FA1D0BWP40P140)              0.07       2.84 f
  core4_4/mult_x_5/U2161/CO (FA1D1BWP40P140)              0.06       2.90 f
  core4_4/mult_x_5/U1350/CO (FA1D1BWP40P140)              0.06       2.95 f
  core4_4/mult_x_5/U1960/CO (FA1D0BWP40P140)              0.07       3.02 f
  core4_4/mult_x_5/U1351/CO (FA1D1BWP40P140)              0.06       3.08 f
  core4_4/mult_x_5/U2149/CO (FA1D1BWP40P140)              0.06       3.14 f
  core4_4/mult_x_5/U2146/CO (FA1D1BWP40P140)              0.06       3.19 f
  core4_4/mult_x_5/U1571/CO (FA1D0BWP40P140)              0.07       3.26 f
  core4_4/mult_x_5/U2139/CO (FA1D1BWP40P140)              0.06       3.32 f
  core4_4/mult_x_5/U2135/CO (FA1D1BWP40P140)              0.06       3.38 f
  core4_4/mult_x_5/U1567/CO (FA1D0BWP40P140)              0.07       3.45 f
  core4_4/mult_x_5/U2128/CO (FA1D1BWP40P140)              0.06       3.51 f
  core4_4/mult_x_5/U1396/CO (FA1D1BWP40P140LVT)           0.04       3.55 f
  core4_4/mult_x_5/U1545/CO (FA1D0BWP40P140)              0.07       3.62 f
  core4_4/mult_x_5/U1362/CO (FA1D1BWP40P140)              0.06       3.68 f
  core4_4/mult_x_5/U2117/CO (FA1D1BWP40P140)              0.06       3.73 f
  core4_4/mult_x_5/U1572/CO (FA1D0BWP40P140)              0.07       3.80 f
  core4_4/mult_x_5/U1453/CO (FA1D0BWP40P140)              0.07       3.87 f
  core4_4/mult_x_5/U1390/CO (FA1D1BWP40P140LVT)           0.05       3.92 f
  core4_4/mult_x_5/U2106/CO (FA1D1BWP40P140)              0.05       3.98 f
  core4_4/mult_x_5/U1573/CO (FA1D0BWP40P140)              0.07       4.04 f
  core4_4/mult_x_5/U2101/CO (FA1D1BWP40P140)              0.06       4.10 f
  core4_4/mult_x_5/U2442/S (FA1D1BWP40P140)               0.10       4.21 r
  core4_4/mult_x_5/U1585/S (FA1D0BWP40P140)               0.12       4.33 f
  core4_4/mult_x_5/U2312/S (FA1D1BWP40P140)               0.12       4.45 r
  core4_4/mult_x_5/U1456/CO (FA1D1BWP40P140LVT)           0.04       4.49 r
  core4_4/mult_x_5/U1358/ZN (MUX2NUD1BWP40P140)           0.04       4.53 r
  core4_4/mult_x_5/U1357/Z (XOR4D1BWP40P140)              0.09       4.62 f
  core4_4/mult_x_5/U1356/ZN (OAI21D1BWP40P140LVT)         0.02       4.64 r
  core4_4/mult_x_5/U1388/ZN (OAI31D1BWP40P140LVT)         0.03       4.67 f
  core4_4/mult_x_5/U1344/Z (XOR4D0BWP40P140)              0.10       4.77 r
  core4_4/mult_x_5/U1387/Z (XOR4D1BWP40P140LVT)           0.07       4.84 f
  core4_4/mult_x_5/U1386/Z (XOR4D1BWP40P140LVT)           0.08       4.92 r
  core4_4/mult_x_5/U1355/ZN (OAI21D0P7BWP40P140LVT)       0.02       4.94 f
  core4_4/mult_x_5/U1650/ZN (OAI31D0BWP40P140LVT)         0.02       4.96 r
  core4_4/mult_x_5/product[41] (core4_2_DW_mult_tc_J7_1)
                                                          0.00       4.96 r
  core4_4/s_w_4_reg_41_/D (DFQD1BWP40P140)                0.00       4.96 r
  data arrival time                                                  4.96

  clock clk (rise edge)                                   5.00       5.00
  clock network delay (ideal)                             0.00       5.00
  core4_4/s_w_4_reg_41_/CP (DFQD1BWP40P140)               0.00       5.00 r
  library setup time                                     -0.04       4.96
  data required time                                                 4.96
  --------------------------------------------------------------------------
  data required time                                                 4.96
  data arrival time                                                 -4.96
  --------------------------------------------------------------------------
  slack (MET)                                                        0.00


  Startpoint: io_b_15[0] (input port clocked by clk)
  Endpoint: core4_4/s_w_3_reg_41_
            (rising edge-triggered flip-flop clocked by clk)
  Path Group: clk
  Path Type: max

  Des/Clust/Port     Wire Load Model       Library
  ------------------------------------------------
  core16_a36_b14_c36 ZeroWireload          tcbn28hpcplusbwp40p140hvtssg0p81vm40c_ccs
  Eval_1_0_DP_OP_52J14_128_4593_J14_0_0
                     ZeroWireload          tcbn28hpcplusbwp40p140hvtssg0p81vm40c_ccs
  Eval_1_0_DP_OP_53J14_129_1321_J14_0_0
                     ZeroWireload          tcbn28hpcplusbwp40p140hvtssg0p81vm40c_ccs
  Eval_1_0_DP_OP_54J14_130_2501_J14_0_0
                     ZeroWireload          tcbn28hpcplusbwp40p140hvtssg0p81vm40c_ccs
  Eval_9_2_DP_OP_56J14_127_3581_J14_0
                     ZeroWireload          tcbn28hpcplusbwp40p140hvtssg0p81vm40c_ccs
  Eval_9_2_DP_OP_55J14_126_4337_J14_0
                     ZeroWireload          tcbn28hpcplusbwp40p140hvtssg0p81vm40c_ccs
  Eval_9_2_DP_OP_54J14_125_4764_J14_0
                     ZeroWireload          tcbn28hpcplusbwp40p140hvtssg0p81vm40c_ccs
  core4_2_DW_mult_uns_J7_1
                     ZeroWireload          tcbn28hpcplusbwp40p140hvtssg0p81vm40c_ccs
  core4_2_DW_mult_tc_J7_2
                     ZeroWireload          tcbn28hpcplusbwp40p140hvtssg0p81vm40c_ccs

  Point                                                   Incr       Path
  --------------------------------------------------------------------------
  clock clk (rise edge)                                   0.00       0.00
  clock network delay (ideal)                             0.00       0.00
  input external delay                                    0.50       0.50 f
  io_b_15[0] (in)                                         0.00       0.50 f
  evalB_3/io_in_3[0] (Eval_1_0)                           0.00       0.50 f
  evalB_3/U4/ZN (INVD0P7BWP40P140)                        0.01       0.51 r
  evalB_3/U8/ZN (INVD1BWP40P140LVT)                       0.02       0.53 f
  evalB_3/DP_OP_54J14_130_2501/I3[0] (Eval_1_0_DP_OP_54J14_130_2501_J14_0_0)
                                                          0.00       0.53 f
  evalB_3/DP_OP_54J14_130_2501/U135/ZN (CKND0BWP40P140)
                                                          0.03       0.56 r
  evalB_3/DP_OP_54J14_130_2501/U111/ZN (CKND0BWP40P140)
                                                          0.02       0.59 f
  evalB_3/DP_OP_54J14_130_2501/O1[0] (Eval_1_0_DP_OP_54J14_130_2501_J14_0_0)
                                                          0.00       0.59 f
  evalB_3/io_out_4[0] (Eval_1_0)                          0.00       0.59 f
  core4_4/io_b_3[0] (core4_2)                             0.00       0.59 f
  core4_4/evalB/io_in_3[0] (Eval_9_2)                     0.00       0.59 f
  core4_4/evalB/U44/ZN (CKND0BWP40P140)                   0.02       0.60 r
  core4_4/evalB/U45/ZN (CKND0BWP40P140)                   0.05       0.66 f
  core4_4/evalB/DP_OP_55J14_126_4337/I4[0] (Eval_9_2_DP_OP_55J14_126_4337_J14_0)
                                                          0.00       0.66 f
  core4_4/evalB/DP_OP_55J14_126_4337/U173/CO (HA1D1BWP40P140)
                                                          0.05       0.71 f
  core4_4/evalB/DP_OP_55J14_126_4337/U199/CO (FA1D1BWP40P140LVT)
                                                          0.04       0.75 f
  core4_4/evalB/DP_OP_55J14_126_4337/U131/CO (FA1D1BWP40P140)
                                                          0.05       0.80 f
  core4_4/evalB/DP_OP_55J14_126_4337/U154/S (FA1D0BWP40P140)
                                                          0.12       0.92 r
  core4_4/evalB/DP_OP_55J14_126_4337/U195/ZN (CKND0BWP40P140)
                                                          0.04       0.96 f
  core4_4/evalB/DP_OP_55J14_126_4337/U206/CO (FA1D0BWP40P140)
                                                          0.08       1.04 f
  core4_4/evalB/DP_OP_55J14_126_4337/U208/CO (FA1D0BWP40P140)
                                                          0.07       1.11 f
  core4_4/evalB/DP_OP_55J14_126_4337/U124/CO (FA1D1BWP40P140)
                                                          0.06       1.17 f
  core4_4/evalB/DP_OP_55J14_126_4337/U207/CO (FA1D1BWP40P140)
                                                          0.06       1.22 f
  core4_4/evalB/DP_OP_55J14_126_4337/U141/CO (FA1D0BWP40P140)
                                                          0.07       1.29 f
  core4_4/evalB/DP_OP_55J14_126_4337/U120/CO (FA1D1BWP40P140)
                                                          0.06       1.35 f
  core4_4/evalB/DP_OP_55J14_126_4337/U205/CO (FA1D1BWP40P140)
                                                          0.06       1.41 f
  core4_4/evalB/DP_OP_55J14_126_4337/U204/CO (FA1D1BWP40P140)
                                                          0.06       1.46 f
  core4_4/evalB/DP_OP_55J14_126_4337/U203/CO (FA1D1BWP40P140)
                                                          0.06       1.52 f
  core4_4/evalB/DP_OP_55J14_126_4337/U166/CO (FA1D0BWP40P140)
                                                          0.07       1.59 f
  core4_4/evalB/DP_OP_55J14_126_4337/U167/CO (FA1D0BWP40P140)
                                                          0.07       1.66 f
  core4_4/evalB/DP_OP_55J14_126_4337/U152/S (FA1D0BWP40P140)
                                                          0.21       1.87 r
  core4_4/evalB/DP_OP_55J14_126_4337/O2[14] (Eval_9_2_DP_OP_55J14_126_4337_J14_0)
                                                          0.00       1.87 r
  core4_4/evalB/io_out_3[14] (Eval_9_2)                   0.00       1.87 r
  core4_4/mult_x_4/b[14] (core4_2_DW_mult_tc_J7_2)        0.00       1.87 r
  core4_4/mult_x_4/U1392/ZN (INVD1BWP40P140LVT)           0.12       1.99 f
  core4_4/mult_x_4/U1705/ZN (MUX2ND0BWP40P140)            0.07       2.06 r
  core4_4/mult_x_4/U1390/ZN (ND2D0BWP40P140)              0.15       2.21 f
  core4_4/mult_x_4/U1713/ZN (CKND0BWP40P140)              0.09       2.30 r
  core4_4/mult_x_4/U1937/ZN (AOI222D0BWP40P140)           0.04       2.35 f
  core4_4/mult_x_4/U1938/ZN (MUX2ND0BWP40P140)            0.07       2.42 f
  core4_4/mult_x_4/U2038/CO (HA1D0BWP40P140LVT)           0.04       2.47 f
  core4_4/mult_x_4/U1403/CO (HA1D0BWP40P140)              0.03       2.50 f
  core4_4/mult_x_4/U2031/CO (FA1D1BWP40P140)              0.06       2.56 f
  core4_4/mult_x_4/U2028/CO (FA1D1BWP40P140)              0.06       2.61 f
  core4_4/mult_x_4/U1566/CO (FA1D0BWP40P140)              0.07       2.68 f
  core4_4/mult_x_4/U2021/CO (FA1D1BWP40P140)              0.06       2.74 f
  core4_4/mult_x_4/U2017/CO (FA1D1BWP40P140)              0.06       2.80 f
  core4_4/mult_x_4/U1349/CO (FA1D1BWP40P140)              0.06       2.85 f
  core4_4/mult_x_4/U2010/CO (FA1D1BWP40P140)              0.06       2.91 f
  core4_4/mult_x_4/U2007/CO (FA1D1BWP40P140)              0.06       2.96 f
  core4_4/mult_x_4/U1567/CO (FA1D0BWP40P140)              0.07       3.03 f
  core4_4/mult_x_4/U2000/S (FA1D1BWP40P140)               0.11       3.14 r
  core4_4/mult_x_4/U1794/S (FA1D0BWP40P140)               0.12       3.25 f
  core4_4/mult_x_4/U2118/S (FA1D0BWP40P140)               0.13       3.39 r
  core4_4/mult_x_4/U2371/S (FA1D1BWP40P140)               0.11       3.49 f
  core4_4/mult_x_4/U1640/CO (FA1D0BWP40P140)              0.08       3.57 f
  core4_4/mult_x_4/U2291/CO (FA1D0BWP40P140)              0.07       3.64 f
  core4_4/mult_x_4/U2471/CO (FA1D1BWP40P140)              0.06       3.70 f
  core4_4/mult_x_4/U1641/CO (FA1D0BWP40P140)              0.07       3.77 f
  core4_4/mult_x_4/U2470/CO (FA1D1BWP40P140)              0.06       3.83 f
  core4_4/mult_x_4/U1421/CO (FA1D1BWP40P140LVT)           0.04       3.88 f
  core4_4/mult_x_4/U1397/CO (FA1D1BWP40P140LVT)           0.04       3.92 f
  core4_4/mult_x_4/U2469/CO (FA1D1BWP40P140)              0.05       3.97 f
  core4_4/mult_x_4/U2468/CO (FA1D1BWP40P140)              0.06       4.03 f
  core4_4/mult_x_4/U2467/CO (FA1D1BWP40P140)              0.06       4.08 f
  core4_4/mult_x_4/U1642/CO (FA1D0BWP40P140)              0.07       4.15 f
  core4_4/mult_x_4/U2466/CO (FA1D1BWP40P140)              0.06       4.21 f
  core4_4/mult_x_4/U1359/CO (FA1D1BWP40P140)              0.06       4.27 f
  core4_4/mult_x_4/U1643/CO (FA1D0BWP40P140)              0.07       4.34 f
  core4_4/mult_x_4/U2465/CO (FA1D1BWP40P140)              0.06       4.40 f
  core4_4/mult_x_4/U2464/CO (FA1D1BWP40P140)              0.06       4.45 f
  core4_4/mult_x_4/U1420/CO (FA1D1BWP40P140LVT)           0.04       4.50 f
  core4_4/mult_x_4/U1358/ZN (MUX2NUD1BWP40P140)           0.04       4.53 f
  core4_4/mult_x_4/U1357/Z (XOR4D1BWP40P140)              0.09       4.62 r
  core4_4/mult_x_4/U1356/ZN (OAI21D0BWP40P140)            0.03       4.65 f
  core4_4/mult_x_4/U1580/ZN (OAI31D0BWP40P140LVT)         0.03       4.68 r
  core4_4/mult_x_4/U1344/ZN (XNR2UD1BWP40P140)            0.05       4.73 r
  core4_4/mult_x_4/U1352/ZN (XNR2UD0BWP40P140)            0.06       4.79 r
  core4_4/mult_x_4/U1355/Z (XOR2UD0BWP40P140)             0.05       4.84 r
  core4_4/mult_x_4/U1395/Z (XOR4D1BWP40P140LVT)           0.08       4.92 r
  core4_4/mult_x_4/U1354/ZN (OAI21D1BWP40P140LVT)         0.02       4.94 f
  core4_4/mult_x_4/U1644/ZN (OAI31D0BWP40P140LVT)         0.02       4.96 r
  core4_4/mult_x_4/product[41] (core4_2_DW_mult_tc_J7_2)
                                                          0.00       4.96 r
  core4_4/s_w_3_reg_41_/D (DFQD1BWP40P140)                0.00       4.96 r
  data arrival time                                                  4.96

  clock clk (rise edge)                                   5.00       5.00
  clock network delay (ideal)                             0.00       5.00
  core4_4/s_w_3_reg_41_/CP (DFQD1BWP40P140)               0.00       5.00 r
  library setup time                                     -0.04       4.96
  data required time                                                 4.96
  --------------------------------------------------------------------------
  data required time                                                 4.96
  data arrival time                                                 -4.96
  --------------------------------------------------------------------------
  slack (MET)                                                        0.00


  Startpoint: io_b_11[1] (input port clocked by clk)
  Endpoint: core4_0/s_w_1_reg_40_
            (rising edge-triggered flip-flop clocked by clk)
  Path Group: clk
  Path Type: max

  Des/Clust/Port     Wire Load Model       Library
  ------------------------------------------------
  Eval_1_0_DP_OP_54J14_130_2501_J14_0_1
                     ZeroWireload          tcbn28hpcplusbwp40p140hvtssg0p81vm40c_ccs
  Eval_1_0_DP_OP_53J14_129_1321_J14_0_1
                     ZeroWireload          tcbn28hpcplusbwp40p140hvtssg0p81vm40c_ccs
  Eval_1_0_DP_OP_52J14_128_4593_J14_0_1
                     ZeroWireload          tcbn28hpcplusbwp40p140hvtssg0p81vm40c_ccs
  core16_a36_b14_c36 ZeroWireload          tcbn28hpcplusbwp40p140hvtssg0p81vm40c_ccs
  Eval_9_6_DP_OP_54J11_128_9182_J11_0
                     ZeroWireload          tcbn28hpcplusbwp40p140hvtssg0p81vm40c_ccs
  Eval_9_6_DP_OP_55J11_129_1285_J11_0
                     ZeroWireload          tcbn28hpcplusbwp40p140hvtssg0p81vm40c_ccs
  Eval_9_6_DP_OP_56J11_130_8200_J11_0
                     ZeroWireload          tcbn28hpcplusbwp40p140hvtssg0p81vm40c_ccs
  core4_6_DW_mult_uns_J10_2
                     ZeroWireload          tcbn28hpcplusbwp40p140hvtssg0p81vm40c_ccs

  Point                                                   Incr       Path
  --------------------------------------------------------------------------
  clock clk (rise edge)                                   0.00       0.00
  clock network delay (ideal)                             0.00       0.00
  input external delay                                    0.50       0.50 r
  io_b_11[1] (in)                                         0.00       0.50 r
  evalB_2/io_in_3[1] (Eval_1_1)                           0.00       0.50 r
  evalB_2/U41/Z (BUFFD0BWP40P140)                         0.07       0.57 r
  evalB_2/io_out_0[1] (Eval_1_1)                          0.00       0.57 r
  core4_0/io_b_2[1] (core4_6)                             0.00       0.57 r
  core4_0/evalB/io_in_2[1] (Eval_9_6)                     0.00       0.57 r
  core4_0/evalB/DP_OP_54J11_128_9182/I1[1] (Eval_9_6_DP_OP_54J11_128_9182_J11_0)
                                                          0.00       0.57 r
  core4_0/evalB/DP_OP_54J11_128_9182/U68/CO (HA1D0BWP40P140)
                                                          0.07       0.64 r
  core4_0/evalB/DP_OP_54J11_128_9182/U78/CO (FA1D0BWP40P140)
                                                          0.07       0.71 r
  core4_0/evalB/DP_OP_54J11_128_9182/U87/S (FA1D0BWP40P140)
                                                          0.11       0.83 f
  core4_0/evalB/DP_OP_54J11_128_9182/U95/CO (FA1D0BWP40P140)
                                                          0.08       0.90 f
  core4_0/evalB/DP_OP_54J11_128_9182/U76/S (FA1D0BWP40P140)
                                                          0.12       1.02 r
  core4_0/evalB/DP_OP_54J11_128_9182/U85/CO (FA1D0BWP40P140)
                                                          0.08       1.10 r
  core4_0/evalB/DP_OP_54J11_128_9182/U94/CO (FA1D0BWP40P140)
                                                          0.07       1.17 r
  core4_0/evalB/DP_OP_54J11_128_9182/U67/CO (FA1D0BWP40P140)
                                                          0.07       1.25 r
  core4_0/evalB/DP_OP_54J11_128_9182/U82/CO (FA1D0BWP40P140)
                                                          0.08       1.32 r
  core4_0/evalB/DP_OP_54J11_128_9182/U92/CO (FA1D0BWP40P140)
                                                          0.07       1.40 r
  core4_0/evalB/DP_OP_54J11_128_9182/U98/CO (FA1D0BWP40P140)
                                                          0.07       1.47 r
  core4_0/evalB/DP_OP_54J11_128_9182/U86/CO (FA1D0BWP40P140)
                                                          0.08       1.55 r
  core4_0/evalB/DP_OP_54J11_128_9182/U90/CO (FA1D0BWP40P140)
                                                          0.08       1.63 r
  core4_0/evalB/DP_OP_54J11_128_9182/U97/S (HA1D1BWP40P140)
                                                          0.09       1.72 r
  core4_0/evalB/DP_OP_54J11_128_9182/O1[14] (Eval_9_6_DP_OP_54J11_128_9182_J11_0)
                                                          0.00       1.72 r
  core4_0/evalB/io_out_1[14] (Eval_9_6)                   0.00       1.72 r
  core4_0/mult_x_2/b[14] (core4_6_DW_mult_uns_J10_2)      0.00       1.72 r
  core4_0/mult_x_2/U1167/ZN (INVD1BWP40P140)              0.11       1.82 f
  core4_0/mult_x_2/U1537/ZN (MUX2ND0BWP40P140)            0.07       1.90 r
  core4_0/mult_x_2/U1209/ZN (ND3D0P7BWP40P140HVT)         0.28       2.18 f
  core4_0/mult_x_2/U1359/ZN (OAI222D0BWP40P140)           0.19       2.37 r
  core4_0/mult_x_2/U1617/ZN (AOI21D0BWP40P140)            0.04       2.41 f
  core4_0/mult_x_2/U1618/ZN (MUX2ND0BWP40P140)            0.06       2.47 r
  core4_0/mult_x_2/U1163/CO (HA1D0BWP40P140)              0.06       2.53 r
  core4_0/mult_x_2/U1218/CO (FA1D0BWP40P140)              0.07       2.60 r
  core4_0/mult_x_2/U1703/CO (FA1D1BWP40P140)              0.06       2.65 r
  core4_0/mult_x_2/U1219/CO (FA1D0BWP40P140)              0.07       2.72 r
  core4_0/mult_x_2/U1684/CO (FA1D0BWP40P140)              0.07       2.80 r
  core4_0/mult_x_2/U1220/CO (FA1D0BWP40P140)              0.07       2.87 r
  core4_0/mult_x_2/U1667/CO (FA1D0BWP40P140)              0.07       2.94 r
  core4_0/mult_x_2/U1221/CO (FA1D0BWP40P140)              0.07       3.02 r
  core4_0/mult_x_2/U1646/CO (FA1D0BWP40P140)              0.07       3.09 r
  core4_0/mult_x_2/U1222/CO (FA1D0BWP40P140)              0.07       3.17 r
  core4_0/mult_x_2/U1677/CO (FA1D1BWP40P140)              0.06       3.22 r
  core4_0/mult_x_2/U1673/CO (FA1D1BWP40P140)              0.05       3.27 r
  core4_0/mult_x_2/U1223/CO (FA1D0BWP40P140)              0.07       3.34 r
  core4_0/mult_x_2/U1640/CO (FA1D0BWP40P140)              0.07       3.42 r
  core4_0/mult_x_2/U1224/S (FA1D0BWP40P140)               0.12       3.53 f
  core4_0/mult_x_2/U1761/CO (FA1D1BWP40P140)              0.07       3.60 f
  core4_0/mult_x_2/U1238/CO (FA1D0BWP40P140)              0.07       3.67 f
  core4_0/mult_x_2/U1756/CO (FA1D1BWP40P140)              0.06       3.73 f
  core4_0/mult_x_2/U1239/CO (FA1D0BWP40P140)              0.07       3.80 f
  core4_0/mult_x_2/U1743/CO (FA1D0BWP40P140)              0.07       3.87 f
  core4_0/mult_x_2/U1240/CO (FA1D0BWP40P140)              0.07       3.94 f
  core4_0/mult_x_2/U1736/CO (FA1D0BWP40P140)              0.07       4.01 f
  core4_0/mult_x_2/U1241/CO (FA1D0BWP40P140)              0.07       4.09 f
  core4_0/mult_x_2/U1698/CO (FA1D0BWP40P140)              0.07       4.16 f
  core4_0/mult_x_2/U1243/CO (FA1D0BWP40P140)              0.07       4.23 f
  core4_0/mult_x_2/U2104/S (FA1D1BWP40P140)               0.11       4.34 r
  core4_0/mult_x_2/U1260/CO (FA1D0BWP40P140)              0.08       4.42 r
  core4_0/mult_x_2/U1170/S (FA1D0BWP40P140)               0.11       4.53 f
  core4_0/mult_x_2/U1169/S (FA1D0BWP40P140)               0.13       4.66 r
  core4_0/mult_x_2/U1168/CO (FA1D0BWP40P140)              0.07       4.73 r
  core4_0/mult_x_2/U1340/ZN (XNR4D0BWP40P140)             0.12       4.85 r
  core4_0/mult_x_2/U2133/Z (XOR4D0BWP40P140)              0.12       4.97 r
  core4_0/mult_x_2/product[40] (core4_6_DW_mult_uns_J10_2)
                                                          0.00       4.97 r
  core4_0/s_w_1_reg_40_/D (DFQD1BWP40P140)                0.00       4.97 r
  data arrival time                                                  4.97

  clock clk (rise edge)                                   5.00       5.00
  clock network delay (ideal)                             0.00       5.00
  core4_0/s_w_1_reg_40_/CP (DFQD1BWP40P140)               0.00       5.00 r
  library setup time                                     -0.03       4.97
  data required time                                                 4.97
  --------------------------------------------------------------------------
  data required time                                                 4.97
  data arrival time                                                 -4.97
  --------------------------------------------------------------------------
  slack (MET)                                                        0.00


1
