 
****************************************
Report : timing
        -path full
        -delay max
        -max_paths 3
Design : core16_a36_b12_c36
Version: O-2018.06-SP5
Date   : Tue May 12 17:28:31 2026
****************************************

 # A fanout number of 1000 was used for high fanout net computations.

Operating Conditions: ssg0p81vm40c   Library: tcbn28hpcplusbwp40p140hvtssg0p81vm40c_ccs
Wire Load Model Mode: segmented

  Startpoint: io_b_7[0] (input port clocked by clk)
  Endpoint: core4_0/s_w_4_reg_41_
            (rising edge-triggered flip-flop clocked by clk)
  Path Group: clk
  Path Type: max

  Des/Clust/Port     Wire Load Model       Library
  ------------------------------------------------
  Eval_1_0_DP_OP_54J14_130_7047_J14_0_2
                     ZeroWireload          tcbn28hpcplusbwp40p140hvtssg0p81vm40c_ccs
  Eval_1_0_DP_OP_53J14_129_1358_J14_0_2
                     ZeroWireload          tcbn28hpcplusbwp40p140hvtssg0p81vm40c_ccs
  Eval_1_0_DP_OP_52J14_128_7082_J14_0_2
                     ZeroWireload          tcbn28hpcplusbwp40p140hvtssg0p81vm40c_ccs
  core16_a36_b12_c36 ZeroWireload          tcbn28hpcplusbwp40p140hvtssg0p81vm40c_ccs
  Eval_9_6_DP_OP_54J11_128_1710_J11_0
                     ZeroWireload          tcbn28hpcplusbwp40p140hvtssg0p81vm40c_ccs
  Eval_9_6_DP_OP_55J11_129_8406_J11_0
                     ZeroWireload          tcbn28hpcplusbwp40p140hvtssg0p81vm40c_ccs
  Eval_9_6_DP_OP_56J11_130_5041_J11_0
                     ZeroWireload          tcbn28hpcplusbwp40p140hvtssg0p81vm40c_ccs
  core4_6_DW_mult_uns_J10_1
                     ZeroWireload          tcbn28hpcplusbwp40p140hvtssg0p81vm40c_ccs

  Point                                                   Incr       Path
  --------------------------------------------------------------------------
  clock clk (rise edge)                                   0.00       0.00
  clock network delay (ideal)                             0.00       0.00
  input external delay                                    0.50       0.50 f
  io_b_7[0] (in)                                          0.00       0.50 f
  evalB_1/io_in_3[0] (Eval_1_2)                           0.00       0.50 f
  evalB_1/U3/Z (BUFFD1BWP40P140)                          0.04       0.54 f
  evalB_1/io_out_0[0] (Eval_1_2)                          0.00       0.54 f
  core4_0/io_b_1[0] (core4_6)                             0.00       0.54 f
  core4_0/evalB/io_in_1[0] (Eval_9_6)                     0.00       0.54 f
  core4_0/evalB/DP_OP_56J11_130_5041/I4[2] (Eval_9_6_DP_OP_56J11_130_5041_J11_0)
                                                          0.00       0.54 f
  core4_0/evalB/DP_OP_56J11_130_5041/U110/S (HA1D0BWP40P140)
                                                          0.07       0.61 r
  core4_0/evalB/DP_OP_56J11_130_5041/U162/CO (FA1D0BWP40P140)
                                                          0.08       0.68 r
  core4_0/evalB/DP_OP_56J11_130_5041/U140/CO (FA1D0BWP40P140)
                                                          0.08       0.76 r
  core4_0/evalB/DP_OP_56J11_130_5041/U141/CO (FA1D0BWP40P140)
                                                          0.07       0.83 r
  core4_0/evalB/DP_OP_56J11_130_5041/U147/CO (FA1D0BWP40P140)
                                                          0.07       0.91 r
  core4_0/evalB/DP_OP_56J11_130_5041/U127/CO (FA1D0BWP40P140)
                                                          0.07       0.98 r
  core4_0/evalB/DP_OP_56J11_130_5041/U128/CO (FA1D0BWP40P140)
                                                          0.07       1.05 r
  core4_0/evalB/DP_OP_56J11_130_5041/U103/CO (FA1D1BWP40P140)
                                                          0.06       1.11 r
  core4_0/evalB/DP_OP_56J11_130_5041/U130/CO (FA1D0BWP40P140)
                                                          0.07       1.18 r
  core4_0/evalB/DP_OP_56J11_130_5041/U131/CO (FA1D0BWP40P140)
                                                          0.07       1.25 r
  core4_0/evalB/DP_OP_56J11_130_5041/U88/S (FA1D1BWP40P140)
                                                          0.15       1.41 f
  core4_0/evalB/DP_OP_56J11_130_5041/O1[11] (Eval_9_6_DP_OP_56J11_130_5041_J11_0)
                                                          0.00       1.41 f
  core4_0/evalB/io_out_4[11] (Eval_9_6)                   0.00       1.41 f
  core4_0/mult_x_5/b[11] (core4_6_DW_mult_uns_J10_1)      0.00       1.41 f
  core4_0/mult_x_5/U1091/ZN (INVD0P7BWP40P140)            0.14       1.55 r
  core4_0/mult_x_5/U1341/ZN (MUX2ND0BWP40P140)            0.07       1.62 f
  core4_0/mult_x_5/U1348/ZN (INR3D0BWP40P140)             0.32       1.95 r
  core4_0/mult_x_5/U1604/ZN (AOI221D0BWP40P140)           0.11       2.06 f
  core4_0/mult_x_5/U1304/ZN (MUX2ND0BWP40P140)            0.08       2.14 r
  core4_0/mult_x_5/U1103/CO (HA1D0BWP40P140)              0.06       2.20 r
  core4_0/mult_x_5/U1164/CO (FA1D0BWP40P140)              0.07       2.27 r
  core4_0/mult_x_5/U1677/CO (FA1D0BWP40P140)              0.07       2.34 r
  core4_0/mult_x_5/U1165/S (FA1D0BWP40P140)               0.11       2.46 f
  core4_0/mult_x_5/U1183/CO (FA1D0BWP40P140)              0.08       2.54 f
  core4_0/mult_x_5/U1786/CO (FA1D0BWP40P140)              0.07       2.61 f
  core4_0/mult_x_5/U1798/CO (FA1D1BWP40P140)              0.06       2.67 f
  core4_0/mult_x_5/U1184/CO (FA1D0BWP40P140)              0.07       2.74 f
  core4_0/mult_x_5/U1773/CO (FA1D0BWP40P140)              0.07       2.81 f
  core4_0/mult_x_5/U1185/CO (FA1D0BWP40P140)              0.07       2.88 f
  core4_0/mult_x_5/U1767/CO (FA1D0BWP40P140)              0.07       2.96 f
  core4_0/mult_x_5/U1186/CO (FA1D0BWP40P140)              0.07       3.03 f
  core4_0/mult_x_5/U1779/CO (FA1D1BWP40P140)              0.06       3.09 f
  core4_0/mult_x_5/U1187/CO (FA1D0BWP40P140)              0.07       3.16 f
  core4_0/mult_x_5/U1750/CO (FA1D0BWP40P140)              0.07       3.23 f
  core4_0/mult_x_5/U1188/CO (FA1D0BWP40P140)              0.07       3.30 f
  core4_0/mult_x_5/U1700/CO (FA1D0BWP40P140)              0.07       3.38 f
  core4_0/mult_x_5/U1189/CO (FA1D0BWP40P140)              0.07       3.45 f
  core4_0/mult_x_5/U1760/CO (FA1D1BWP40P140)              0.06       3.51 f
  core4_0/mult_x_5/U1190/CO (FA1D0BWP40P140)              0.07       3.58 f
  core4_0/mult_x_5/U1754/CO (FA1D1BWP40P140)              0.06       3.64 f
  core4_0/mult_x_5/U1690/CO (FA1D0BWP40P140)              0.07       3.71 f
  core4_0/mult_x_5/U1191/CO (FA1D0BWP40P140)              0.07       3.78 f
  core4_0/mult_x_5/U1743/CO (FA1D1BWP40P140)              0.06       3.84 f
  core4_0/mult_x_5/U1192/CO (FA1D0BWP40P140)              0.07       3.91 f
  core4_0/mult_x_5/U1738/CO (FA1D1BWP40P140)              0.06       3.97 f
  core4_0/mult_x_5/U1193/CO (FA1D0BWP40P140)              0.07       4.04 f
  core4_0/mult_x_5/U1731/CO (FA1D1BWP40P140)              0.06       4.10 f
  core4_0/mult_x_5/U1194/CO (FA1D0BWP40P140)              0.07       4.16 f
  core4_0/mult_x_5/U1077/CO (FA1D0BWP40P140)              0.07       4.24 f
  core4_0/mult_x_5/U1195/S (FA1D0BWP40P140)               0.12       4.36 r
  core4_0/mult_x_5/U1807/S (FA1D0BWP40P140)               0.12       4.48 f
  core4_0/mult_x_5/U1278/CO (FA1D0BWP40P140)              0.08       4.56 f
  core4_0/mult_x_5/U1968/ZN (XNR4D1BWP40P140LVT)          0.08       4.63 f
  core4_0/mult_x_5/U1093/Z (XOR4D1BWP40P140LVT)           0.08       4.71 r
  core4_0/mult_x_5/U1075/Z (XOR3UD0BWP40P140)             0.05       4.76 r
  core4_0/mult_x_5/U1074/ZN (OAI21D0BWP40P140)            0.04       4.80 f
  core4_0/mult_x_5/U1092/ZN (OAI31D0BWP40P140LVT)         0.02       4.82 r
  core4_0/mult_x_5/U1073/Z (XOR3UD0BWP40P140)             0.06       4.88 r
  core4_0/mult_x_5/U1280/ZN (OAI21D0BWP40P140HVT)         0.05       4.93 f
  core4_0/mult_x_5/U1279/ZN (OAI31D0BWP40P140LVT)         0.03       4.96 r
  core4_0/mult_x_5/product[41] (core4_6_DW_mult_uns_J10_1)
                                                          0.00       4.96 r
  core4_0/s_w_4_reg_41_/D (DFQD1BWP40P140)                0.00       4.96 r
  data arrival time                                                  4.96

  clock clk (rise edge)                                   5.00       5.00
  clock network delay (ideal)                             0.00       5.00
  core4_0/s_w_4_reg_41_/CP (DFQD1BWP40P140)               0.00       5.00 r
  library setup time                                     -0.04       4.96
  data required time                                                 4.96
  --------------------------------------------------------------------------
  data required time                                                 4.96
  data arrival time                                                 -4.96
  --------------------------------------------------------------------------
  slack (MET)                                                        0.00


  Startpoint: io_b_3[0] (input port clocked by clk)
  Endpoint: core4_4/s_w_3_reg_41_
            (rising edge-triggered flip-flop clocked by clk)
  Path Group: clk
  Path Type: max

  Des/Clust/Port     Wire Load Model       Library
  ------------------------------------------------
  core16_a36_b12_c36 ZeroWireload          tcbn28hpcplusbwp40p140hvtssg0p81vm40c_ccs
  Eval_1_0_DP_OP_52J14_128_7082_J14_0_3
                     ZeroWireload          tcbn28hpcplusbwp40p140hvtssg0p81vm40c_ccs
  Eval_1_0_DP_OP_53J14_129_1358_J14_0_3
                     ZeroWireload          tcbn28hpcplusbwp40p140hvtssg0p81vm40c_ccs
  Eval_1_0_DP_OP_54J14_130_7047_J14_0_3
                     ZeroWireload          tcbn28hpcplusbwp40p140hvtssg0p81vm40c_ccs
  core4_2_DW_mult_uns_J7_0
                     ZeroWireload          tcbn28hpcplusbwp40p140hvtssg0p81vm40c_ccs
  Eval_9_2_DP_OP_54J14_125_120_J14_0
                     ZeroWireload          tcbn28hpcplusbwp40p140hvtssg0p81vm40c_ccs
  Eval_9_2_DP_OP_55J14_126_6793_J14_0
                     ZeroWireload          tcbn28hpcplusbwp40p140hvtssg0p81vm40c_ccs
  Eval_9_2_DP_OP_56J14_127_5617_J14_0
                     ZeroWireload          tcbn28hpcplusbwp40p140hvtssg0p81vm40c_ccs
  core4_2_DW_mult_tc_J7_2
                     ZeroWireload          tcbn28hpcplusbwp40p140hvtssg0p81vm40c_ccs

  Point                                                   Incr       Path
  --------------------------------------------------------------------------
  clock clk (rise edge)                                   0.00       0.00
  clock network delay (ideal)                             0.00       0.00
  input external delay                                    0.50       0.50 r
  io_b_3[0] (in)                                          0.00       0.50 r
  evalB/io_in_3[0] (Eval_1_3)                             0.00       0.50 r
  evalB/U7/ZN (INVD6BWP40P140LVT)                         0.00       0.50 f
  evalB/U6/ZN (INVD4BWP40P140LVT)                         0.01       0.51 r
  evalB/DP_OP_54J14_130_7047/I3[0] (Eval_1_0_DP_OP_54J14_130_7047_J14_0_3)
                                                          0.00       0.51 r
  evalB/DP_OP_54J14_130_7047/U131/ZN (CKND0BWP40P140)     0.02       0.53 f
  evalB/DP_OP_54J14_130_7047/U132/ZN (CKND0BWP40P140)     0.02       0.56 r
  evalB/DP_OP_54J14_130_7047/U133/Z (BUFFD0BWP40P140)     0.03       0.58 r
  evalB/DP_OP_54J14_130_7047/O1[0] (Eval_1_0_DP_OP_54J14_130_7047_J14_0_3)
                                                          0.00       0.58 r
  evalB/io_out_4[0] (Eval_1_3)                            0.00       0.58 r
  core4_4/io_b_0[0] (core4_2)                             0.00       0.58 r
  core4_4/evalB/io_in_0[0] (Eval_9_2)                     0.00       0.58 r
  core4_4/evalB/U37/ZN (CKND0BWP40P140)                   0.01       0.59 f
  core4_4/evalB/U38/ZN (CKND0BWP40P140)                   0.06       0.65 r
  core4_4/evalB/DP_OP_55J14_126_6793/I2[0] (Eval_9_2_DP_OP_55J14_126_6793_J14_0)
                                                          0.00       0.65 r
  core4_4/evalB/DP_OP_55J14_126_6793/U108/CO (HA1D0BWP40P140)
                                                          0.06       0.71 r
  core4_4/evalB/DP_OP_55J14_126_6793/U126/CO (FA1D1BWP40P140)
                                                          0.05       0.77 r
  core4_4/evalB/DP_OP_55J14_126_6793/U186/CO (FA1D0BWP40P140)
                                                          0.07       0.84 r
  core4_4/evalB/DP_OP_55J14_126_6793/U135/CO (FA1D0BWP40P140)
                                                          0.07       0.91 r
  core4_4/evalB/DP_OP_55J14_126_6793/U122/CO (FA1D1BWP40P140)
                                                          0.06       0.97 r
  core4_4/evalB/DP_OP_55J14_126_6793/U121/CO (FA1D1BWP40P140)
                                                          0.05       1.02 r
  core4_4/evalB/DP_OP_55J14_126_6793/U128/CO (FA1D0BWP40P140)
                                                          0.07       1.08 r
  core4_4/evalB/DP_OP_55J14_126_6793/U138/CO (FA1D0BWP40P140)
                                                          0.07       1.16 r
  core4_4/evalB/DP_OP_55J14_126_6793/U117/CO (FA1D1BWP40P140)
                                                          0.06       1.21 r
  core4_4/evalB/DP_OP_55J14_126_6793/U130/CO (FA1D0BWP40P140)
                                                          0.07       1.28 r
  core4_4/evalB/DP_OP_55J14_126_6793/U139/CO (FA1D0BWP40P140)
                                                          0.07       1.36 r
  core4_4/evalB/DP_OP_55J14_126_6793/U150/CO (FA1D0BWP40P140)
                                                          0.07       1.43 r
  core4_4/evalB/DP_OP_55J14_126_6793/U132/CO (FA1D0BWP40P140)
                                                          0.07       1.51 r
  core4_4/evalB/DP_OP_55J14_126_6793/U142/CO (FA1D0BWP40P140)
                                                          0.07       1.58 r
  core4_4/evalB/DP_OP_55J14_126_6793/U153/S (FA1D0BWP40P140)
                                                          0.13       1.71 f
  core4_4/evalB/DP_OP_55J14_126_6793/U156/S (FA1D0BWP40P140)
                                                          0.23       1.94 r
  core4_4/evalB/DP_OP_55J14_126_6793/O2[14] (Eval_9_2_DP_OP_55J14_126_6793_J14_0)
                                                          0.00       1.94 r
  core4_4/evalB/io_out_3[14] (Eval_9_2)                   0.00       1.94 r
  core4_4/mult_x_4/b[14] (core4_2_DW_mult_tc_J7_2)        0.00       1.94 r
  core4_4/mult_x_4/U1253/ZN (INVD1BWP40P140)              0.15       2.08 f
  core4_4/mult_x_4/U1594/ZN (MUX2ND0BWP40P140)            0.08       2.16 r
  core4_4/mult_x_4/U1596/ZN (ND2D0BWP40P140HVT)           0.22       2.38 f
  core4_4/mult_x_4/U1619/ZN (CKND0BWP40P140)              0.13       2.51 r
  core4_4/mult_x_4/U1693/ZN (AOI222D0BWP40P140)           0.05       2.57 f
  core4_4/mult_x_4/U1694/ZN (MUX2ND0BWP40P140)            0.07       2.63 r
  core4_4/mult_x_4/U1245/CO (HA1D0BWP40P140)              0.06       2.70 r
  core4_4/mult_x_4/U1288/CO (HA1D0BWP40P140)              0.05       2.75 r
  core4_4/mult_x_4/U1782/S (FA1D1BWP40P140)               0.10       2.84 f
  core4_4/mult_x_4/U1898/CO (FA1D1BWP40P140)              0.07       2.91 f
  core4_4/mult_x_4/U1876/CO (FA1D0BWP40P140)              0.07       2.98 f
  core4_4/mult_x_4/U1891/CO (FA1D1BWP40P140)              0.06       3.04 f
  core4_4/mult_x_4/U1887/CO (FA1D1BWP40P140)              0.06       3.09 f
  core4_4/mult_x_4/U1869/CO (FA1D0BWP40P140)              0.07       3.16 f
  core4_4/mult_x_4/U1880/CO (FA1D1BWP40P140)              0.06       3.22 f
  core4_4/mult_x_4/U1857/CO (FA1D0BWP40P140)              0.07       3.29 f
  core4_4/mult_x_4/U1873/CO (FA1D1BWP40P140)              0.06       3.35 f
  core4_4/mult_x_4/U1845/S (FA1D0BWP40P140)               0.12       3.47 r
  core4_4/mult_x_4/U1996/CO (FA1D0BWP40P140)              0.08       3.55 r
  core4_4/mult_x_4/U1992/CO (FA1D1BWP40P140)              0.06       3.60 r
  core4_4/mult_x_4/U1989/CO (FA1D0BWP40P140)              0.07       3.67 r
  core4_4/mult_x_4/U1985/CO (FA1D1BWP40P140)              0.06       3.73 r
  core4_4/mult_x_4/U1982/CO (FA1D1BWP40P140)              0.05       3.78 r
  core4_4/mult_x_4/U1978/CO (FA1D0BWP40P140)              0.07       3.85 r
  core4_4/mult_x_4/U1974/CO (FA1D0BWP40P140)              0.07       3.92 r
  core4_4/mult_x_4/U1970/CO (FA1D1BWP40P140)              0.06       3.98 r
  core4_4/mult_x_4/U1966/CO (FA1D0BWP40P140)              0.07       4.05 r
  core4_4/mult_x_4/U1962/CO (FA1D0BWP40P140)              0.07       4.12 r
  core4_4/mult_x_4/U1958/S (FA1D1BWP40P140)               0.10       4.22 f
  core4_4/mult_x_4/U1401/CO (FA1D0BWP40P140)              0.08       4.30 f
  core4_4/mult_x_4/U2085/CO (FA1D1BWP40P140)              0.06       4.36 f
  core4_4/mult_x_4/U2081/CO (FA1D1BWP40P140)              0.06       4.42 f
  core4_4/mult_x_4/U1405/CO (FA1D0BWP40P140)              0.07       4.48 f
  core4_4/mult_x_4/U2075/CO (FA1D1BWP40P140)              0.06       4.54 f
  core4_4/mult_x_4/U2071/CO (FA1D1BWP40P140)              0.06       4.60 f
  core4_4/mult_x_4/U1409/CO (FA1D0BWP40P140)              0.07       4.67 f
  core4_4/mult_x_4/U2240/CO (FA1D1BWP40P140)              0.06       4.73 f
  core4_4/mult_x_4/U2126/Z (XOR4D0BWP40P140)              0.10       4.82 r
  core4_4/mult_x_4/U1254/Z (XOR4D1BWP40P140)              0.10       4.93 r
  core4_4/mult_x_4/U1242/Z (XOR2UD0BWP40P140)             0.03       4.96 r
  core4_4/mult_x_4/product[41] (core4_2_DW_mult_tc_J7_2)
                                                          0.00       4.96 r
  core4_4/s_w_3_reg_41_/D (DFQD1BWP40P140)                0.00       4.96 r
  data arrival time                                                  4.96

  clock clk (rise edge)                                   5.00       5.00
  clock network delay (ideal)                             0.00       5.00
  core4_4/s_w_3_reg_41_/CP (DFQD1BWP40P140)               0.00       5.00 r
  library setup time                                     -0.04       4.96
  data required time                                                 4.96
  --------------------------------------------------------------------------
  data required time                                                 4.96
  data arrival time                                                 -4.96
  --------------------------------------------------------------------------
  slack (MET)                                                        0.00


  Startpoint: io_b_15[2] (input port clocked by clk)
  Endpoint: core4_5/s_w_2_reg_41_
            (rising edge-triggered flip-flop clocked by clk)
  Path Group: clk
  Path Type: max

  Des/Clust/Port     Wire Load Model       Library
  ------------------------------------------------
  core16_a36_b12_c36 ZeroWireload          tcbn28hpcplusbwp40p140hvtssg0p81vm40c_ccs
  Eval_1_0_DP_OP_52J14_128_7082_J14_0_0
                     ZeroWireload          tcbn28hpcplusbwp40p140hvtssg0p81vm40c_ccs
  Eval_1_0_DP_OP_53J14_129_1358_J14_0_0
                     ZeroWireload          tcbn28hpcplusbwp40p140hvtssg0p81vm40c_ccs
  Eval_1_0_DP_OP_54J14_130_7047_J14_0_0
                     ZeroWireload          tcbn28hpcplusbwp40p140hvtssg0p81vm40c_ccs
  Eval_9_6_DP_OP_54J11_128_1710_J11_0
                     ZeroWireload          tcbn28hpcplusbwp40p140hvtssg0p81vm40c_ccs
  Eval_9_6_DP_OP_55J11_129_8406_J11_0
                     ZeroWireload          tcbn28hpcplusbwp40p140hvtssg0p81vm40c_ccs
  Eval_9_6_DP_OP_56J11_130_5041_J11_0
                     ZeroWireload          tcbn28hpcplusbwp40p140hvtssg0p81vm40c_ccs
  Eval_9_1_DP_OP_55J12_125_8061_J12_0_0
                     ZeroWireload          tcbn28hpcplusbwp40p140hvtssg0p81vm40c_ccs
  Eval_9_1_DP_OP_54J12_124_2985_J12_0_0
                     ZeroWireload          tcbn28hpcplusbwp40p140hvtssg0p81vm40c_ccs
  Eval_9_1_DP_OP_53J12_123_3190_J12_0_0
                     ZeroWireload          tcbn28hpcplusbwp40p140hvtssg0p81vm40c_ccs
  core4_1_DW_mult_tc_J5_4_0
                     ZeroWireload          tcbn28hpcplusbwp40p140hvtssg0p81vm40c_ccs

  Point                                                   Incr       Path
  --------------------------------------------------------------------------
  clock clk (rise edge)                                   0.00       0.00
  clock network delay (ideal)                             0.00       0.00
  input external delay                                    0.50       0.50 r
  io_b_15[2] (in)                                         0.00       0.50 r
  evalB_3/io_in_3[2] (Eval_1_0)                           0.00       0.50 r
  evalB_3/U2/ZN (INVD1BWP40P140)                          0.01       0.51 f
  evalB_3/U10/ZN (INVD2BWP40P140LVT)                      0.03       0.53 r
  evalB_3/DP_OP_54J14_130_7047/I3[2] (Eval_1_0_DP_OP_54J14_130_7047_J14_0_0)
                                                          0.00       0.53 r
  evalB_3/DP_OP_54J14_130_7047/U113/CO (HA1D1BWP40P140)
                                                          0.04       0.58 r
  evalB_3/DP_OP_54J14_130_7047/U112/S (FA1D1BWP40P140)
                                                          0.09       0.67 f
  evalB_3/DP_OP_54J14_130_7047/U144/ZN (CKND0BWP40P140)
                                                          0.03       0.70 r
  evalB_3/DP_OP_54J14_130_7047/U80/S (FA1D1BWP40P140)     0.11       0.81 f
  evalB_3/DP_OP_54J14_130_7047/O2[3] (Eval_1_0_DP_OP_54J14_130_7047_J14_0_0)
                                                          0.00       0.81 f
  evalB_3/io_out_5[3] (Eval_1_0)                          0.00       0.81 f
  core4_5/io_b_3[3] (core4_1)                             0.00       0.81 f
  core4_5/evalB/io_in_3[3] (Eval_9_1)                     0.00       0.81 f
  core4_5/evalB/DP_OP_54J12_124_2985/I4[3] (Eval_9_1_DP_OP_54J12_124_2985_J12_0_0)
                                                          0.00       0.81 f
  core4_5/evalB/DP_OP_54J12_124_2985/U158/S (FA1D0BWP40P140)
                                                          0.14       0.95 r
  core4_5/evalB/DP_OP_54J12_124_2985/U176/CO (FA1D0BWP40P140)
                                                          0.08       1.04 r
  core4_5/evalB/DP_OP_54J12_124_2985/U177/CO (FA1D0BWP40P140)
                                                          0.07       1.11 r
  core4_5/evalB/DP_OP_54J12_124_2985/U131/CO (FA1D1BWP40P140)
                                                          0.06       1.16 r
  core4_5/evalB/DP_OP_54J12_124_2985/U160/CO (FA1D0BWP40P140)
                                                          0.07       1.23 r
  core4_5/evalB/DP_OP_54J12_124_2985/U161/CO (FA1D0BWP40P140)
                                                          0.07       1.31 r
  core4_5/evalB/DP_OP_54J12_124_2985/U128/CO (FA1D1BWP40P140)
                                                          0.06       1.36 r
  core4_5/evalB/DP_OP_54J12_124_2985/U149/CO (FA1D0BWP40P140)
                                                          0.07       1.43 r
  core4_5/evalB/DP_OP_54J12_124_2985/U163/CO (FA1D0BWP40P140)
                                                          0.07       1.51 r
  core4_5/evalB/DP_OP_54J12_124_2985/U178/S (FA1D0BWP40P140)
                                                          0.20       1.71 f
  core4_5/evalB/DP_OP_54J12_124_2985/O1[11] (Eval_9_1_DP_OP_54J12_124_2985_J12_0_0)
                                                          0.00       1.71 f
  core4_5/evalB/io_out_2[11] (Eval_9_1)                   0.00       1.71 f
  core4_5/mult_x_3/b[11] (core4_1_DW_mult_tc_J5_4_0)      0.00       1.71 f
  core4_5/mult_x_3/U1502/ZN (CKND0BWP40P140)              0.21       1.91 r
  core4_5/mult_x_3/U1770/ZN (MUX2ND0BWP40P140)            0.09       2.00 f
  core4_5/mult_x_3/U1774/ZN (NR2D0BWP40P140)              0.26       2.27 r
  core4_5/mult_x_3/U1869/ZN (AOI222D0BWP40P140)           0.11       2.38 f
  core4_5/mult_x_3/U1527/ZN (MUX2ND0BWP40P140)            0.09       2.46 f
  core4_5/mult_x_3/U1321/S (HA1D0BWP40P140)               0.08       2.55 r
  core4_5/mult_x_3/U1410/CO (FA1D0BWP40P140)              0.08       2.62 r
  core4_5/mult_x_3/U1403/CO (FA1D0BWP40P140)              0.07       2.70 r
  core4_5/mult_x_3/U1411/CO (FA1D0BWP40P140)              0.07       2.77 r
  core4_5/mult_x_3/U1412/CO (FA1D0BWP40P140)              0.07       2.84 r
  core4_5/mult_x_3/U1413/CO (FA1D0BWP40P140)              0.07       2.92 r
  core4_5/mult_x_3/U1829/S (FA1D0BWP40P140)               0.11       3.03 f
  core4_5/mult_x_3/U2243/CO (FA1D0BWP40P140)              0.08       3.11 f
  core4_5/mult_x_3/U2186/CO (FA1D0BWP40P140)              0.07       3.19 f
  core4_5/mult_x_3/U1260/CO (FA1D1BWP40P140)              0.06       3.25 f
  core4_5/mult_x_3/U2179/CO (FA1D1BWP40P140)              0.06       3.30 f
  core4_5/mult_x_3/U1451/CO (FA1D0BWP40P140)              0.07       3.37 f
  core4_5/mult_x_3/U2173/CO (FA1D1BWP40P140)              0.06       3.43 f
  core4_5/mult_x_3/U1454/CO (FA1D0BWP40P140)              0.07       3.50 f
  core4_5/mult_x_3/U2166/CO (FA1D1BWP40P140)              0.06       3.56 f
  core4_5/mult_x_3/U1457/CO (FA1D0BWP40P140)              0.07       3.63 f
  core4_5/mult_x_3/U2161/CO (FA1D1BWP40P140)              0.06       3.69 f
  core4_5/mult_x_3/U1296/CO (FA1D1BWP40P140LVT)           0.04       3.73 f
  core4_5/mult_x_3/U2154/CO (FA1D0BWP40P140)              0.07       3.80 f
  core4_5/mult_x_3/U2150/CO (FA1D1BWP40P140)              0.06       3.86 f
  core4_5/mult_x_3/U1244/CO (FA1D1BWP40P140)              0.06       3.92 f
  core4_5/mult_x_3/U2144/CO (FA1D1BWP40P140)              0.06       3.97 f
  core4_5/mult_x_3/U1464/CO (FA1D0BWP40P140)              0.07       4.04 f
  core4_5/mult_x_3/U2137/CO (FA1D0BWP40P140)              0.07       4.11 f
  core4_5/mult_x_3/U1467/CO (FA1D0BWP40P140)              0.07       4.18 f
  core4_5/mult_x_3/U2130/CO (FA1D1BWP40P140)              0.06       4.24 f
  core4_5/mult_x_3/U1470/CO (FA1D0BWP40P140)              0.07       4.31 f
  core4_5/mult_x_3/U2125/CO (FA1D0BWP40P140)              0.07       4.38 f
  core4_5/mult_x_3/U2019/CO (FA1D0BWP40P140)              0.07       4.46 f
  core4_5/mult_x_3/U2118/CO (FA1D1BWP40P140)              0.06       4.52 f
  core4_5/mult_x_3/U2006/CO (FA1D0BWP40P140)              0.07       4.59 f
  core4_5/mult_x_3/U1902/S (FA1D0BWP40P140)               0.12       4.71 r
  core4_5/mult_x_3/U2266/CO (FA1D0BWP40P140)              0.08       4.79 r
  core4_5/mult_x_3/U1501/CO (FA1D0BWP40P140)              0.07       4.86 r
  core4_5/mult_x_3/U1276/Z (XOR4D1BWP40P140LVT)           0.07       4.93 r
  core4_5/mult_x_3/U1245/Z (XOR2UD0BWP40P140)             0.03       4.96 r
  core4_5/mult_x_3/product[41] (core4_1_DW_mult_tc_J5_4_0)
                                                          0.00       4.96 r
  core4_5/s_w_2_reg_41_/D (DFQD1BWP40P140)                0.00       4.96 r
  data arrival time                                                  4.96

  clock clk (rise edge)                                   5.00       5.00
  clock network delay (ideal)                             0.00       5.00
  core4_5/s_w_2_reg_41_/CP (DFQD1BWP40P140)               0.00       5.00 r
  library setup time                                     -0.04       4.96
  data required time                                                 4.96
  --------------------------------------------------------------------------
  data required time                                                 4.96
  data arrival time                                                 -4.96
  --------------------------------------------------------------------------
  slack (MET)                                                        0.00


1
