 
****************************************
Report : timing
        -path full
        -delay max
        -nets
        -max_paths 1
        -transition_time
Design : core16_a36_b8_c36
Version: O-2018.06-SP5
Date   : Tue May 12 18:32:53 2026
****************************************

 # A fanout number of 1000 was used for high fanout net computations.

Operating Conditions: ssg0p81vm40c   Library: tcbn28hpcplusbwp40p140hvtssg0p81vm40c_ccs
Wire Load Model Mode: segmented

  Startpoint: io_b_15[0] (input port clocked by clk)
  Endpoint: core4_1/s_w_5_reg_41_
            (rising edge-triggered flip-flop clocked by clk)
  Path Group: clk
  Path Type: max

  Des/Clust/Port     Wire Load Model       Library
  ------------------------------------------------
  core16_a36_b8_c36  ZeroWireload          tcbn28hpcplusbwp40p140hvtssg0p81vm40c_ccs
  Eval_1_0_DP_OP_52J15_128_102_J15_0_0 ZeroWireload tcbn28hpcplusbwp40p140hvtssg0p81vm40c_ccs
  Eval_1_0_DP_OP_53J15_129_6763_J15_0_0 ZeroWireload tcbn28hpcplusbwp40p140hvtssg0p81vm40c_ccs
  Eval_1_0_DP_OP_54J15_130_2528_J15_0_0 ZeroWireload tcbn28hpcplusbwp40p140hvtssg0p81vm40c_ccs
  Eval_9_5_DP_OP_56J13_127_6564_J13_0 ZeroWireload tcbn28hpcplusbwp40p140hvtssg0p81vm40c_ccs
  Eval_9_5_DP_OP_55J13_126_8115_J13_0 ZeroWireload tcbn28hpcplusbwp40p140hvtssg0p81vm40c_ccs
  Eval_9_5_DP_OP_54J13_125_6849_J13_0 ZeroWireload tcbn28hpcplusbwp40p140hvtssg0p81vm40c_ccs
  core4_5_DW_mult_tc_J6_0 ZeroWireload     tcbn28hpcplusbwp40p140hvtssg0p81vm40c_ccs

Attributes:
    d - dont_touch
    u - dont_use
   mo - map_only
   so - size_only
    i - ideal_net or ideal_network
  inf - infeasible path

  Point                                       Fanout     Trans      Incr       Path      Attributes
  ---------------------------------------------------------------------------------------------------------
  clock clk (rise edge)                                             0.00       0.00
  clock network delay (ideal)                                       0.00       0.00
  input external delay                                              0.50       0.50 f
  io_b_15[0] (in)                                         0.00      0.00       0.50 f
  io_b_15[0] (net)                              1                   0.00       0.50 f
  evalB_3/io_in_3[0] (Eval_1_0)                                     0.00       0.50 f
  evalB_3/io_in_3[0] (net)                                          0.00       0.50 f
  evalB_3/U4/ZN (INVD8BWP40P140LVT)                       0.00      0.00       0.50 r
  evalB_3/n1 (net)                              1                   0.00       0.50 r
  evalB_3/U12/ZN (INVD8BWP40P140LVT)                      0.01      0.01       0.51 f
  evalB_3/io_out_0[0] (net)                     4                   0.00       0.51 f
  evalB_3/DP_OP_52J15_128_102/I2[1] (Eval_1_0_DP_OP_52J15_128_102_J15_0_0)     0.00     0.51 f
  evalB_3/DP_OP_52J15_128_102/I2[1] (net)                           0.00       0.51 f
  evalB_3/DP_OP_52J15_128_102/U54/S (HA1D1BWP40P140)      0.02      0.04       0.55 r
  evalB_3/DP_OP_52J15_128_102/n102 (net)        1                   0.00       0.55 r
  evalB_3/DP_OP_52J15_128_102/U56/CO (FA1D0BWP40P140)     0.04      0.07       0.62 r
  evalB_3/DP_OP_52J15_128_102/n110 (net)        1                   0.00       0.62 r
  evalB_3/DP_OP_52J15_128_102/U57/S (FA1D0BWP40P140)      0.03      0.11       0.74 f
  evalB_3/DP_OP_52J15_128_102/n106 (net)        1                   0.00       0.74 f
  evalB_3/DP_OP_52J15_128_102/U51/CO (FA1D1BWP40P140LVT)     0.02     0.05     0.79 f
  evalB_3/DP_OP_52J15_128_102/n132 (net)        1                   0.00       0.79 f
  evalB_3/DP_OP_52J15_128_102/U49/CO (FA1D1BWP40P140)     0.02      0.06       0.85 f
  evalB_3/DP_OP_52J15_128_102/n145 (net)        1                   0.00       0.85 f
  evalB_3/DP_OP_52J15_128_102/U58/S (FA1D0BWP40P140)      0.09      0.15       0.99 r
  evalB_3/DP_OP_52J15_128_102/O1[6] (net)       4                   0.00       0.99 r
  evalB_3/DP_OP_52J15_128_102/O1[6] (Eval_1_0_DP_OP_52J15_128_102_J15_0_0)     0.00     0.99 r
  evalB_3/io_out_1[6] (net)                                         0.00       0.99 r
  evalB_3/io_out_1[6] (Eval_1_0)                                    0.00       0.99 r
  evalB_3_io_out_1[6] (net)                                         0.00       0.99 r
  core4_1/io_b_3[6] (core4_5)                                       0.00       0.99 r
  core4_1/io_b_3[6] (net)                                           0.00       0.99 r
  core4_1/evalB/io_in_3[6] (Eval_9_5)                               0.00       0.99 r
  core4_1/evalB/io_in_3[6] (net)                                    0.00       0.99 r
  core4_1/evalB/DP_OP_56J13_127_6564/I3[6] (Eval_9_5_DP_OP_56J13_127_6564_J13_0)     0.00     0.99 r
  core4_1/evalB/DP_OP_56J13_127_6564/I3[6] (net)                    0.00       0.99 r
  core4_1/evalB/DP_OP_56J13_127_6564/U132/CO (FA1D0BWP40P140)     0.03     0.09     1.09 r
  core4_1/evalB/DP_OP_56J13_127_6564/n217 (net)     1               0.00       1.09 r
  core4_1/evalB/DP_OP_56J13_127_6564/U134/CO (FA1D0BWP40P140)     0.03     0.07     1.16 r
  core4_1/evalB/DP_OP_56J13_127_6564/n223 (net)     1               0.00       1.16 r
  core4_1/evalB/DP_OP_56J13_127_6564/U130/CO (FA1D0BWP40P140)     0.03     0.07     1.23 r
  core4_1/evalB/DP_OP_56J13_127_6564/n233 (net)     1               0.00       1.23 r
  core4_1/evalB/DP_OP_56J13_127_6564/U105/S (FA1D0BWP40P140)     0.03     0.12     1.35 f
  core4_1/evalB/DP_OP_56J13_127_6564/n256 (net)     2               0.00       1.35 f
  core4_1/evalB/DP_OP_56J13_127_6564/U108/ZN (CKND0BWP40P140)     0.03     0.03     1.39 r
  core4_1/evalB/DP_OP_56J13_127_6564/n275 (net)     1               0.00       1.39 r
  core4_1/evalB/DP_OP_56J13_127_6564/U107/CO (FA1D0BWP40P140)     0.03     0.07     1.46 r
  core4_1/evalB/DP_OP_56J13_127_6564/n271 (net)     1               0.00       1.46 r
  core4_1/evalB/DP_OP_56J13_127_6564/U112/CO (FA1D0BWP40P140)     0.03     0.07     1.53 r
  core4_1/evalB/DP_OP_56J13_127_6564/n268 (net)     1               0.00       1.53 r
  core4_1/evalB/DP_OP_56J13_127_6564/U137/S (FA1D0BWP40P140)     0.18     0.20     1.73 f
  core4_1/evalB/DP_OP_56J13_127_6564/O2[11] (net)    37             0.00       1.73 f
  core4_1/evalB/DP_OP_56J13_127_6564/O2[11] (Eval_9_5_DP_OP_56J13_127_6564_J13_0)     0.00     1.73 f
  core4_1/evalB/io_out_5[11] (net)                                  0.00       1.73 f
  core4_1/evalB/io_out_5[11] (Eval_9_5)                             0.00       1.73 f
  core4_1/evalB_io_out_5[11] (net)                                  0.00       1.73 f
  core4_1/mult_x_6/b[11] (core4_5_DW_mult_tc_J6_0)                  0.00       1.73 f
  core4_1/mult_x_6/b[11] (net)                                      0.00       1.73 f
  core4_1/mult_x_6/U1198/ZN (INVD0P7BWP40P140)            0.17      0.18       1.91 r
  core4_1/mult_x_6/n2483 (net)                 35                   0.00       1.91 r
  core4_1/mult_x_6/U1488/ZN (MUX2ND0BWP40P140)            0.06      0.07       1.99 f
  core4_1/mult_x_6/n1616 (net)                  3                   0.00       1.99 f
  core4_1/mult_x_6/U1489/ZN (INR3D0BWP40P140)             0.50      0.33       2.31 r
  core4_1/mult_x_6/n2462 (net)                 31                   0.00       2.31 r
  core4_1/mult_x_6/U1578/ZN (AOI221D0BWP40P140)           0.14      0.11       2.42 f
  core4_1/mult_x_6/n1755 (net)                  1                   0.00       2.42 f
  core4_1/mult_x_6/U1579/ZN (MUX2ND0BWP40P140)            0.07      0.10       2.52 f
  core4_1/mult_x_6/n1904 (net)                  1                   0.00       2.52 f
  core4_1/mult_x_6/U1183/CO (HA1D1BWP40P140)              0.01      0.05       2.57 f
  core4_1/mult_x_6/n1898 (net)                  1                   0.00       2.57 f
  core4_1/mult_x_6/U1692/CO (FA1D1BWP40P140)              0.02      0.05       2.62 f
  core4_1/mult_x_6/n1893 (net)                  1                   0.00       2.62 f
  core4_1/mult_x_6/U1688/CO (FA1D1BWP40P140)              0.02      0.06       2.68 f
  core4_1/mult_x_6/n1888 (net)                  1                   0.00       2.68 f
  core4_1/mult_x_6/U1684/CO (FA1D1BWP40P140)              0.02      0.06       2.73 f
  core4_1/mult_x_6/n1883 (net)                  1                   0.00       2.73 f
  core4_1/mult_x_6/U1676/CO (FA1D0BWP40P140)              0.03      0.07       2.80 f
  core4_1/mult_x_6/n1878 (net)                  1                   0.00       2.80 f
  core4_1/mult_x_6/U1668/CO (FA1D0BWP40P140)              0.03      0.07       2.87 f
  core4_1/mult_x_6/n1873 (net)                  1                   0.00       2.87 f
  core4_1/mult_x_6/U1672/CO (FA1D1BWP40P140)              0.02      0.06       2.93 f
  core4_1/mult_x_6/n1868 (net)                  1                   0.00       2.93 f
  core4_1/mult_x_6/U1637/S (FA1D0BWP40P140)               0.04      0.12       3.05 r
  core4_1/mult_x_6/n2029 (net)                  1                   0.00       3.05 r
  core4_1/mult_x_6/U1797/S (FA1D1BWP40P140)               0.03      0.11       3.16 f
  core4_1/mult_x_6/n2215 (net)                  1                   0.00       3.16 f
  core4_1/mult_x_6/U1263/CO (FA1D0BWP40P140)              0.03      0.08       3.24 f
  core4_1/mult_x_6/n2207 (net)                  1                   0.00       3.24 f
  core4_1/mult_x_6/U1923/CO (FA1D1BWP40P140)              0.02      0.06       3.30 f
  core4_1/mult_x_6/n2201 (net)                  1                   0.00       3.30 f
  core4_1/mult_x_6/U1919/CO (FA1D1BWP40P140)              0.02      0.06       3.35 f
  core4_1/mult_x_6/n2195 (net)                  1                   0.00       3.35 f
  core4_1/mult_x_6/U1266/CO (FA1D0BWP40P140)              0.03      0.07       3.42 f
  core4_1/mult_x_6/n2189 (net)                  1                   0.00       3.42 f
  core4_1/mult_x_6/U1912/CO (FA1D1BWP40P140)              0.02      0.06       3.48 f
  core4_1/mult_x_6/n2183 (net)                  1                   0.00       3.48 f
  core4_1/mult_x_6/U1269/CO (FA1D0BWP40P140)              0.03      0.07       3.55 f
  core4_1/mult_x_6/n2177 (net)                  1                   0.00       3.55 f
  core4_1/mult_x_6/U1905/CO (FA1D1BWP40P140)              0.02      0.06       3.61 f
  core4_1/mult_x_6/n2171 (net)                  1                   0.00       3.61 f
  core4_1/mult_x_6/U1272/CO (FA1D0BWP40P140)              0.03      0.07       3.68 f
  core4_1/mult_x_6/n2165 (net)                  1                   0.00       3.68 f
  core4_1/mult_x_6/U1898/CO (FA1D1BWP40P140)              0.02      0.06       3.74 f
  core4_1/mult_x_6/n2159 (net)                  1                   0.00       3.74 f
  core4_1/mult_x_6/U1275/CO (FA1D0BWP40P140)              0.03      0.07       3.81 f
  core4_1/mult_x_6/n2154 (net)                  1                   0.00       3.81 f
  core4_1/mult_x_6/U1891/CO (FA1D1BWP40P140)              0.02      0.06       3.87 f
  core4_1/mult_x_6/n2149 (net)                  1                   0.00       3.87 f
  core4_1/mult_x_6/U1278/CO (FA1D0BWP40P140)              0.03      0.07       3.94 f
  core4_1/mult_x_6/n2143 (net)                  1                   0.00       3.94 f
  core4_1/mult_x_6/U1885/CO (FA1D1BWP40P140)              0.02      0.06       4.00 f
  core4_1/mult_x_6/n2138 (net)                  1                   0.00       4.00 f
  core4_1/mult_x_6/U1281/CO (FA1D0BWP40P140)              0.03      0.07       4.06 f
  core4_1/mult_x_6/n2133 (net)                  1                   0.00       4.06 f
  core4_1/mult_x_6/U1878/CO (FA1D1BWP40P140)              0.02      0.06       4.12 f
  core4_1/mult_x_6/n2127 (net)                  1                   0.00       4.12 f
  core4_1/mult_x_6/U1284/CO (FA1D0BWP40P140)              0.03      0.07       4.19 f
  core4_1/mult_x_6/n2122 (net)                  1                   0.00       4.19 f
  core4_1/mult_x_6/U1871/CO (FA1D1BWP40P140)              0.02      0.06       4.25 f
  core4_1/mult_x_6/n2117 (net)                  1                   0.00       4.25 f
  core4_1/mult_x_6/U1286/CO (FA1D0BWP40P140)              0.03      0.07       4.32 f
  core4_1/mult_x_6/n2111 (net)                  1                   0.00       4.32 f
  core4_1/mult_x_6/U1864/CO (FA1D1BWP40P140)              0.02      0.06       4.38 f
  core4_1/mult_x_6/n2105 (net)                  1                   0.00       4.38 f
  core4_1/mult_x_6/U1860/CO (FA1D1BWP40P140)              0.02      0.06       4.44 f
  core4_1/mult_x_6/n2099 (net)                  1                   0.00       4.44 f
  core4_1/mult_x_6/U1856/S (FA1D1BWP40P140)               0.03      0.10       4.54 r
  core4_1/mult_x_6/n2313 (net)                  1                   0.00       4.54 r
  core4_1/mult_x_6/U1307/CO (FA1D0BWP40P140)              0.03      0.08       4.62 r
  core4_1/mult_x_6/n2459 (net)                  1                   0.00       4.62 r
  core4_1/mult_x_6/U2020/CO (FA1D1BWP40P140)              0.02      0.06       4.67 r
  core4_1/mult_x_6/n2502 (net)                  1                   0.00       4.67 r
  core4_1/mult_x_6/U1132/CO (FA1D1BWP40P140)              0.02      0.05       4.72 r
  core4_1/mult_x_6/n2509 (net)                  1                   0.00       4.72 r
  core4_1/mult_x_6/U1159/ZN (XNR4D1BWP40P140LVT)          0.02      0.08       4.80 f
  core4_1/mult_x_6/n2519 (net)                  1                   0.00       4.80 f
  core4_1/mult_x_6/U1158/Z (XOR4D1BWP40P140LVT)           0.02      0.08       4.88 r
  core4_1/mult_x_6/n2531 (net)                  2                   0.00       4.88 r
  core4_1/mult_x_6/U2037/ZN (OAI21D1BWP40P140LVT)         0.03      0.02       4.90 f
  core4_1/mult_x_6/n2528 (net)                  1                   0.00       4.90 f
  core4_1/mult_x_6/U1157/ZN (OAI31D1BWP40P140LVT)         0.03      0.02       4.92 r
  core4_1/mult_x_6/n2539 (net)                  1                   0.00       4.92 r
  core4_1/mult_x_6/U1308/Z (XOR2UD0BWP40P140)             0.06      0.03       4.95 r
  core4_1/mult_x_6/product[41] (net)            1                   0.00       4.95 r
  core4_1/mult_x_6/product[41] (core4_5_DW_mult_tc_J6_0)            0.00       4.95 r
  core4_1/n_w_5_T_1[41] (net)                                       0.00       4.95 r
  core4_1/s_w_5_reg_41_/D (DFQD1BWP40P140)                0.06      0.00       4.95 r
  data arrival time                                                            4.95

  clock clk (rise edge)                                             5.00       5.00
  clock network delay (ideal)                                       0.00       5.00
  core4_1/s_w_5_reg_41_/CP (DFQD1BWP40P140)                         0.00       5.00 r
  library setup time                                               -0.05       4.95
  data required time                                                           4.95
  ---------------------------------------------------------------------------------------------------------
  data required time                                                           4.95
  data arrival time                                                           -4.95
  ---------------------------------------------------------------------------------------------------------
  slack (MET)                                                                  0.00


1
