 
****************************************
Report : area
Design : core4_a36_b16_c36
Version: O-2018.06-SP5
Date   : Tue May 12 08:51:31 2026
****************************************

Library(s) Used:

    tcbn28hpcplusbwp40p140lvtssg0p81vm40c_ccs (File: /export1/Library/TN28HPC+/STD_CELL_ext/track9_200824/TSMCHOME/digital/Front_End/timing_power_noise/CCS/tcbn28hpcplusbwp40p140lvt_180a/tcbn28hpcplusbwp40p140lvtssg0p81vm40c_ccs.db)
    tcbn28hpcplusbwp40p140ssg0p81vm40c_ccs (File: /export1/Library/TN28HPC+/STD_CELL_ext/track9_200824/TSMCHOME/digital/Front_End/timing_power_noise/CCS/tcbn28hpcplusbwp40p140_180a/tcbn28hpcplusbwp40p140ssg0p81vm40c_ccs.db)
    tcbn28hpcplusbwp40p140hvtssg0p81vm40c_ccs (File: /export1/Library/TN28HPC+/STD_CELL_ext/track9_200824/TSMCHOME/digital/Front_End/timing_power_noise/CCS/tcbn28hpcplusbwp40p140hvt_180a/tcbn28hpcplusbwp40p140hvtssg0p81vm40c_ccs.db)

Number of ports:                         4226
Number of nets:                         15861
Number of cells:                         8886
Number of combinational cells:           8446
Number of sequential cells:               416
Number of macros/black boxes:               0
Number of buf/inv:                        833
Number of references:                      14

Combinational area:              10329.857831
Buf/Inv area:                      223.146002
Noncombinational area:             838.656013
Macro/Black Box area:                0.000000
Net Interconnect area:      undefined  (Wire load has zero net area)

Total cell area:                 11168.513845
Total area:                 undefined

Area of detected synthetic parts
--------------------------------
                                                   Perc. of
  Module               Implem.  Count        Area cell area
  -------------------- -------  ----- ----------- ---------
  DP_OP_106J2_122_6288     str      1   2590.3167     23.2%
  DP_OP_52J2_123_3307      str      1    231.3359      2.1%
  DP_OP_52J3_122_4926      str      1    108.3600      1.0%
  DP_OP_53J2_124_7384      str      1    319.7878      2.9%
  DP_OP_53J3_123_4557      str      1    143.6399      1.3%
  DP_OP_54J2_125_3435      str      1    321.2998      2.9%
  DP_OP_54J3_124_8477      str      1    150.5699      1.3%
  DW_mult_tc           apparch      4   3872.1345     34.7%
  DW_mult_uns          apparch      3   2547.8610     22.8%
  -------------------- -------  ----- ----------- ---------
  DP_OP Subtotal:                   7   3865.3099     34.6%
  Total:                           14  10285.3054     92.1%

Subtotal of datapath(DP_OP) cell area:  3865.3099  34.6%  
Total synthetic cell area:              10285.3054  92.1%  

1
