 
****************************************
Report : timing
        -path full
        -delay max
        -max_paths 3
Design : core16_a24_b12_c24
Version: O-2018.06-SP5
Date   : Tue May 12 12:32:17 2026
****************************************

 # A fanout number of 1000 was used for high fanout net computations.

Operating Conditions: ssg0p81vm40c   Library: tcbn28hpcplusbwp40p140hvtssg0p81vm40c_ccs
Wire Load Model Mode: segmented

  Startpoint: io_b_15[0] (input port clocked by clk)
  Endpoint: core4_2/s_w_4_reg_29_
            (rising edge-triggered flip-flop clocked by clk)
  Path Group: clk
  Path Type: max

  Des/Clust/Port     Wire Load Model       Library
  ------------------------------------------------
  core16_a24_b12_c24 ZeroWireload          tcbn28hpcplusbwp40p140hvtssg0p81vm40c_ccs
  Eval_1_0_DP_OP_52J5_129_7082_J5_0_0
                     ZeroWireload          tcbn28hpcplusbwp40p140hvtssg0p81vm40c_ccs
  Eval_1_0_DP_OP_53J5_130_1358_J5_0_0
                     ZeroWireload          tcbn28hpcplusbwp40p140hvtssg0p81vm40c_ccs
  Eval_1_0_DP_OP_54J5_131_7047_J5_0_0
                     ZeroWireload          tcbn28hpcplusbwp40p140hvtssg0p81vm40c_ccs
  core4_4_DW_mult_uns_J11_3
                     ZeroWireload          tcbn28hpcplusbwp40p140hvtssg0p81vm40c_ccs
  Eval_9_4_DP_OP_54J10_122_4538_J10_0
                     ZeroWireload          tcbn28hpcplusbwp40p140hvtssg0p81vm40c_ccs
  Eval_9_4_DP_OP_55J10_123_3266_J10_0
                     ZeroWireload          tcbn28hpcplusbwp40p140hvtssg0p81vm40c_ccs
  Eval_9_4_DP_OP_56J10_124_4817_J10_0
                     ZeroWireload          tcbn28hpcplusbwp40p140hvtssg0p81vm40c_ccs
  core4_4_DW_mult_uns_J11_1
                     ZeroWireload          tcbn28hpcplusbwp40p140hvtssg0p81vm40c_ccs

  Point                                                   Incr       Path
  --------------------------------------------------------------------------
  clock clk (rise edge)                                   0.00       0.00
  clock network delay (ideal)                             0.00       0.00
  input external delay                                    0.50       0.50 r
  io_b_15[0] (in)                                         0.00       0.50 r
  evalB_3/io_in_3[0] (Eval_1_0)                           0.00       0.50 r
  evalB_3/U19/ZN (CKND0BWP40P140)                         0.01       0.51 f
  evalB_3/U40/ZN (CKND0BWP40P140)                         0.04       0.55 r
  evalB_3/DP_OP_53J5_130_1358/I4[0] (Eval_1_0_DP_OP_53J5_130_1358_J5_0_0)
                                                          0.00       0.55 r
  evalB_3/DP_OP_53J5_130_1358/U100/CO (HA1D0BWP40P140)
                                                          0.06       0.60 r
  evalB_3/DP_OP_53J5_130_1358/U93/CO (FA1D0BWP40P140)     0.07       0.67 r
  evalB_3/DP_OP_53J5_130_1358/U95/S (FA1D1BWP40P140)      0.09       0.77 r
  evalB_3/DP_OP_53J5_130_1358/U99/CO (FA1D0BWP40P140)     0.08       0.84 r
  evalB_3/DP_OP_53J5_130_1358/U79/CO (FA1D0BWP40P140)     0.07       0.92 r
  evalB_3/DP_OP_53J5_130_1358/U84/CO (FA1D1BWP40P140)     0.06       0.97 r
  evalB_3/DP_OP_53J5_130_1358/U92/S (FA1D0BWP40P140)      0.10       1.07 f
  evalB_3/DP_OP_53J5_130_1358/O1[5] (Eval_1_0_DP_OP_53J5_130_1358_J5_0_0)
                                                          0.00       1.07 f
  evalB_3/io_out_2[5] (Eval_1_0)                          0.00       1.07 f
  core4_2/io_b_3[5] (core4_4)                             0.00       1.07 f
  core4_2/evalB/io_in_3[5] (Eval_9_4)                     0.00       1.07 f
  core4_2/evalB/U9/ZN (CKND0BWP40P140)                    0.02       1.09 r
  core4_2/evalB/U31/ZN (CKND0BWP40P140)                   0.14       1.22 f
  core4_2/evalB/DP_OP_56J10_124_4817/I3[5] (Eval_9_4_DP_OP_56J10_124_4817_J10_0)
                                                          0.00       1.22 f
  core4_2/evalB/DP_OP_56J10_124_4817/U102/S (FA1D0BWP40P140)
                                                          0.21       1.43 r
  core4_2/evalB/DP_OP_56J10_124_4817/U175/CO (FA1D0BWP40P140)
                                                          0.08       1.51 r
  core4_2/evalB/DP_OP_56J10_124_4817/U132/CO (FA1D0BWP40P140)
                                                          0.07       1.58 r
  core4_2/evalB/DP_OP_56J10_124_4817/U133/CO (FA1D0BWP40P140)
                                                          0.07       1.66 r
  core4_2/evalB/DP_OP_56J10_124_4817/U100/CO (FA1D0BWP40P140)
                                                          0.07       1.73 r
  core4_2/evalB/DP_OP_56J10_124_4817/U128/CO (FA1D0BWP40P140)
                                                          0.07       1.81 r
  core4_2/evalB/DP_OP_56J10_124_4817/U129/CO (FA1D0BWP40P140)
                                                          0.07       1.88 r
  core4_2/evalB/DP_OP_56J10_124_4817/U145/CO (FA1D0BWP40P140)
                                                          0.07       1.96 r
  core4_2/evalB/DP_OP_56J10_124_4817/U126/CO (FA1D0BWP40P140)
                                                          0.07       2.03 r
  core4_2/evalB/DP_OP_56J10_124_4817/U127/CO (FA1D0BWP40P140)
                                                          0.07       2.10 r
  core4_2/evalB/DP_OP_56J10_124_4817/U144/CO (FA1D0BWP40P140)
                                                          0.07       2.18 r
  core4_2/evalB/DP_OP_56J10_124_4817/U130/CO (FA1D0BWP40P140)
                                                          0.07       2.25 r
  core4_2/evalB/DP_OP_56J10_124_4817/U131/CO (FA1D0BWP40P140)
                                                          0.08       2.33 r
  core4_2/evalB/DP_OP_56J10_124_4817/U146/S (HA1D1BWP40P140)
                                                          0.09       2.42 f
  core4_2/evalB/DP_OP_56J10_124_4817/O1[17] (Eval_9_4_DP_OP_56J10_124_4817_J10_0)
                                                          0.00       2.42 f
  core4_2/evalB/io_out_4[17] (Eval_9_4)                   0.00       2.42 f
  core4_2/mult_x_5/b[17] (core4_4_DW_mult_uns_J11_1)      0.00       2.42 f
  core4_2/mult_x_5/U789/ZN (CKND0BWP40P140)               0.09       2.52 r
  core4_2/mult_x_5/U992/ZN (MUX2ND0BWP40P140)             0.05       2.57 f
  core4_2/mult_x_5/U994/ZN (CKND0BWP40P140)               0.03       2.60 r
  core4_2/mult_x_5/U793/ZN (ND3D0BWP40P140HVT)            0.19       2.78 f
  core4_2/mult_x_5/U1047/ZN (OAI222D0BWP40P140)           0.15       2.93 r
  core4_2/mult_x_5/U1048/ZN (AOI21D0BWP40P140)            0.04       2.97 f
  core4_2/mult_x_5/U1049/ZN (MUX2ND0BWP40P140)            0.06       3.03 f
  core4_2/mult_x_5/U783/CO (HA1D0BWP40P140)               0.05       3.08 f
  core4_2/mult_x_5/U806/S (FA1D0BWP40P140)                0.12       3.19 r
  core4_2/mult_x_5/U818/CO (FA1D0BWP40P140)               0.08       3.27 r
  core4_2/mult_x_5/U819/CO (FA1D0BWP40P140)               0.07       3.35 r
  core4_2/mult_x_5/U814/CO (FA1D0BWP40P140)               0.07       3.42 r
  core4_2/mult_x_5/U820/CO (FA1D0BWP40P140)               0.07       3.50 r
  core4_2/mult_x_5/U821/CO (FA1D0BWP40P140)               0.07       3.57 r
  core4_2/mult_x_5/U822/CO (FA1D0BWP40P140)               0.07       3.64 r
  core4_2/mult_x_5/U823/CO (FA1D0BWP40P140)               0.07       3.72 r
  core4_2/mult_x_5/U824/CO (FA1D0BWP40P140)               0.07       3.79 r
  core4_2/mult_x_5/U825/S (FA1D0BWP40P140)                0.11       3.91 f
  core4_2/mult_x_5/U843/S (FA1D0BWP40P140)                0.13       4.04 r
  core4_2/mult_x_5/U864/CO (FA1D0BWP40P140)               0.08       4.12 r
  core4_2/mult_x_5/U865/S (FA1D0BWP40P140)                0.11       4.23 f
  core4_2/mult_x_5/U913/S (FA1D0BWP40P140)                0.13       4.36 r
  core4_2/mult_x_5/U942/CO (FA1D0BWP40P140)               0.08       4.44 r
  core4_2/mult_x_5/U943/CO (FA1D0BWP40P140)               0.07       4.51 r
  core4_2/mult_x_5/U1420/ZN (XNR4D0BWP40P140)             0.12       4.62 r
  core4_2/mult_x_5/U1423/Z (XOR4D0BWP40P140)              0.12       4.74 r
  core4_2/mult_x_5/U917/ZN (XNR3UD0BWP40P140)             0.06       4.80 r
  core4_2/mult_x_5/U1424/ZN (OAI21D0BWP40P140HVT)         0.05       4.85 f
  core4_2/mult_x_5/U944/ZN (OAI31D0BWP40P140LVT)          0.03       4.88 r
  core4_2/mult_x_5/U1431/Z (XOR2UD0BWP40P140)             0.04       4.92 r
  core4_2/mult_x_5/product[29] (core4_4_DW_mult_uns_J11_1)
                                                          0.00       4.92 r
  core4_2/s_w_4_reg_29_/D (DFKCNQD1BWP40P140)             0.00       4.92 r
  data arrival time                                                  4.92

  clock clk (rise edge)                                   5.00       5.00
  clock network delay (ideal)                             0.00       5.00
  core4_2/s_w_4_reg_29_/CP (DFKCNQD1BWP40P140)            0.00       5.00 r
  library setup time                                     -0.05       4.95
  data required time                                                 4.95
  --------------------------------------------------------------------------
  data required time                                                 4.95
  data arrival time                                                 -4.92
  --------------------------------------------------------------------------
  slack (MET)                                                        0.03


  Startpoint: io_b_15[0] (input port clocked by clk)
  Endpoint: core4_3/s_w_5_reg_29_
            (rising edge-triggered flip-flop clocked by clk)
  Path Group: clk
  Path Type: max

  Des/Clust/Port     Wire Load Model       Library
  ------------------------------------------------
  core16_a24_b12_c24 ZeroWireload          tcbn28hpcplusbwp40p140hvtssg0p81vm40c_ccs
  Eval_1_0_DP_OP_52J5_129_7082_J5_0_0
                     ZeroWireload          tcbn28hpcplusbwp40p140hvtssg0p81vm40c_ccs
  Eval_1_0_DP_OP_53J5_130_1358_J5_0_0
                     ZeroWireload          tcbn28hpcplusbwp40p140hvtssg0p81vm40c_ccs
  Eval_1_0_DP_OP_54J5_131_7047_J5_0_0
                     ZeroWireload          tcbn28hpcplusbwp40p140hvtssg0p81vm40c_ccs
  Eval_9_1_DP_OP_55J12_124_8061_J12_0_1
                     ZeroWireload          tcbn28hpcplusbwp40p140hvtssg0p81vm40c_ccs
  Eval_9_1_DP_OP_54J12_123_2985_J12_0_1
                     ZeroWireload          tcbn28hpcplusbwp40p140hvtssg0p81vm40c_ccs
  Eval_9_1_DP_OP_53J12_122_3190_J12_0_1
                     ZeroWireload          tcbn28hpcplusbwp40p140hvtssg0p81vm40c_ccs
  core4_1_DW_mult_tc_J8_6_1
                     ZeroWireload          tcbn28hpcplusbwp40p140hvtssg0p81vm40c_ccs
  core4_1_DW_mult_tc_J8_1_1
                     ZeroWireload          tcbn28hpcplusbwp40p140hvtssg0p81vm40c_ccs

  Point                                                   Incr       Path
  --------------------------------------------------------------------------
  clock clk (rise edge)                                   0.00       0.00
  clock network delay (ideal)                             0.00       0.00
  input external delay                                    0.50       0.50 r
  io_b_15[0] (in)                                         0.00       0.50 r
  evalB_3/io_in_3[0] (Eval_1_0)                           0.00       0.50 r
  evalB_3/U19/ZN (CKND0BWP40P140)                         0.01       0.51 f
  evalB_3/U40/ZN (CKND0BWP40P140)                         0.04       0.55 r
  evalB_3/DP_OP_53J5_130_1358/I4[0] (Eval_1_0_DP_OP_53J5_130_1358_J5_0_0)
                                                          0.00       0.55 r
  evalB_3/DP_OP_53J5_130_1358/U100/CO (HA1D0BWP40P140)
                                                          0.06       0.60 r
  evalB_3/DP_OP_53J5_130_1358/U93/S (FA1D0BWP40P140)      0.11       0.72 f
  evalB_3/DP_OP_53J5_130_1358/U132/ZN (CKND0BWP40P140)
                                                          0.03       0.75 r
  evalB_3/DP_OP_53J5_130_1358/U98/CO (FA1D0BWP40P140)     0.07       0.82 r
  evalB_3/DP_OP_53J5_130_1358/U88/CO (FA1D1BWP40P140)     0.06       0.88 r
  evalB_3/DP_OP_53J5_130_1358/U112/CO (FA1D0BWP40P140)
                                                          0.07       0.94 r
  evalB_3/DP_OP_53J5_130_1358/U78/CO (FA1D0BWP40P140)     0.07       1.02 r
  evalB_3/DP_OP_53J5_130_1358/U81/S (FA1D1BWP40P140)      0.09       1.11 f
  evalB_3/DP_OP_53J5_130_1358/O2[5] (Eval_1_0_DP_OP_53J5_130_1358_J5_0_0)
                                                          0.00       1.11 f
  evalB_3/io_out_3[5] (Eval_1_0)                          0.00       1.11 f
  core4_3/io_b_3[5] (core4_3)                             0.00       1.11 f
  core4_3/evalB/io_in_3[5] (Eval_9_3)                     0.00       1.11 f
  core4_3/evalB/U48/ZN (CKND0BWP40P140)                   0.02       1.13 r
  core4_3/evalB/U41/ZN (CKND0BWP40P140)                   0.14       1.27 f
  core4_3/evalB/DP_OP_55J12_124_8061/I3[5] (Eval_9_1_DP_OP_55J12_124_8061_J12_0_1)
                                                          0.00       1.27 f
  core4_3/evalB/DP_OP_55J12_124_8061/U113/CO (FA1D0BWP40P140)
                                                          0.16       1.42 f
  core4_3/evalB/DP_OP_55J12_124_8061/U119/CO (FA1D0BWP40P140)
                                                          0.07       1.50 f
  core4_3/evalB/DP_OP_55J12_124_8061/U134/CO (FA1D0BWP40P140)
                                                          0.07       1.57 f
  core4_3/evalB/DP_OP_55J12_124_8061/U109/S (FA1D0BWP40P140)
                                                          0.12       1.69 r
  core4_3/evalB/DP_OP_55J12_124_8061/U191/ZN (CKND0BWP40P140)
                                                          0.03       1.73 f
  core4_3/evalB/DP_OP_55J12_124_8061/U171/CO (FA1D0BWP40P140)
                                                          0.07       1.80 f
  core4_3/evalB/DP_OP_55J12_124_8061/U130/CO (FA1D0BWP40P140)
                                                          0.07       1.88 f
  core4_3/evalB/DP_OP_55J12_124_8061/U154/CO (FA1D0BWP40P140)
                                                          0.07       1.95 f
  core4_3/evalB/DP_OP_55J12_124_8061/U174/CO (FA1D0BWP40P140)
                                                          0.07       2.02 f
  core4_3/evalB/DP_OP_55J12_124_8061/U131/CO (FA1D0BWP40P140)
                                                          0.07       2.09 f
  core4_3/evalB/DP_OP_55J12_124_8061/U152/CO (FA1D0BWP40P140)
                                                          0.07       2.16 f
  core4_3/evalB/DP_OP_55J12_124_8061/U172/CO (FA1D0BWP40P140)
                                                          0.07       2.24 f
  core4_3/evalB/DP_OP_55J12_124_8061/U129/CO (FA1D0BWP40P140)
                                                          0.07       2.31 f
  core4_3/evalB/DP_OP_55J12_124_8061/U153/CO (FA1D0BWP40P140)
                                                          0.07       2.38 f
  core4_3/evalB/DP_OP_55J12_124_8061/U173/CO (FA1D0BWP40P140)
                                                          0.07       2.45 f
  core4_3/evalB/DP_OP_55J12_124_8061/U155/CO (FA1D0BWP40P140)
                                                          0.07       2.53 f
  core4_3/evalB/DP_OP_55J12_124_8061/U175/CO (FA1D0BWP40P140)
                                                          0.07       2.60 f
  core4_3/evalB/DP_OP_55J12_124_8061/U180/Z (XOR2UD0BWP40P140)
                                                          0.10       2.69 f
  core4_3/evalB/DP_OP_55J12_124_8061/O2[20] (Eval_9_1_DP_OP_55J12_124_8061_J12_0_1)
                                                          0.00       2.69 f
  core4_3/evalB/io_out_5[20] (Eval_9_3)                   0.00       2.69 f
  core4_3/mult_x_6/b[20] (core4_1_DW_mult_tc_J8_1_1)      0.00       2.69 f
  core4_3/mult_x_6/U841/ZN (INVD0P7BWP40P140)             0.11       2.80 r
  core4_3/mult_x_6/U1036/ZN (MUX2ND0BWP40P140)            0.05       2.86 f
  core4_3/mult_x_6/U1041/ZN (IND3D0BWP40P140HVT)          0.19       3.05 f
  core4_3/mult_x_6/U1058/ZN (OAI222D0BWP40P140)           0.13       3.18 r
  core4_3/mult_x_6/U1059/ZN (AOI21D0BWP40P140)            0.04       3.21 f
  core4_3/mult_x_6/U1060/ZN (MUX2ND0BWP40P140)            0.06       3.27 f
  core4_3/mult_x_6/U834/S (HA1D0BWP40P140)                0.07       3.34 f
  core4_3/mult_x_6/U862/S (FA1D0BWP40P140)                0.13       3.47 r
  core4_3/mult_x_6/U873/CO (FA1D0BWP40P140)               0.08       3.55 r
  core4_3/mult_x_6/U874/CO (FA1D0BWP40P140)               0.07       3.63 r
  core4_3/mult_x_6/U875/CO (FA1D0BWP40P140)               0.07       3.70 r
  core4_3/mult_x_6/U876/S (FA1D0BWP40P140)                0.11       3.81 f
  core4_3/mult_x_6/U891/S (FA1D0BWP40P140)                0.13       3.94 r
  core4_3/mult_x_6/U911/CO (FA1D0BWP40P140)               0.08       4.02 r
  core4_3/mult_x_6/U912/CO (FA1D0BWP40P140)               0.07       4.10 r
  core4_3/mult_x_6/U913/CO (FA1D0BWP40P140)               0.07       4.17 r
  core4_3/mult_x_6/U914/CO (FA1D0BWP40P140)               0.07       4.25 r
  core4_3/mult_x_6/U915/CO (FA1D0BWP40P140)               0.07       4.32 r
  core4_3/mult_x_6/U916/S (FA1D0BWP40P140)                0.11       4.44 f
  core4_3/mult_x_6/U970/S (FA1D0BWP40P140)                0.13       4.57 r
  core4_3/mult_x_6/U999/CO (FA1D0BWP40P140)               0.08       4.64 r
  core4_3/mult_x_6/U1034/Z (XOR4D0BWP40P140)              0.10       4.75 r
  core4_3/mult_x_6/U1516/Z (XOR2UD0BWP40P140)             0.03       4.78 r
  core4_3/mult_x_6/product[29] (core4_1_DW_mult_tc_J8_1_1)
                                                          0.00       4.78 r
  core4_3/s_w_5_reg_29_/D (DFKCNQD1BWP40P140)             0.00       4.78 r
  data arrival time                                                  4.78

  clock clk (rise edge)                                   5.00       5.00
  clock network delay (ideal)                             0.00       5.00
  core4_3/s_w_5_reg_29_/CP (DFKCNQD1BWP40P140)            0.00       5.00 r
  library setup time                                     -0.05       4.95
  data required time                                                 4.95
  --------------------------------------------------------------------------
  data required time                                                 4.95
  data arrival time                                                 -4.78
  --------------------------------------------------------------------------
  slack (MET)                                                        0.17


  Startpoint: io_b_15[0] (input port clocked by clk)
  Endpoint: core4_3/s_w_2_reg_29_
            (rising edge-triggered flip-flop clocked by clk)
  Path Group: clk
  Path Type: max

  Des/Clust/Port     Wire Load Model       Library
  ------------------------------------------------
  core16_a24_b12_c24 ZeroWireload          tcbn28hpcplusbwp40p140hvtssg0p81vm40c_ccs
  Eval_1_0_DP_OP_52J5_129_7082_J5_0_0
                     ZeroWireload          tcbn28hpcplusbwp40p140hvtssg0p81vm40c_ccs
  Eval_1_0_DP_OP_53J5_130_1358_J5_0_0
                     ZeroWireload          tcbn28hpcplusbwp40p140hvtssg0p81vm40c_ccs
  Eval_1_0_DP_OP_54J5_131_7047_J5_0_0
                     ZeroWireload          tcbn28hpcplusbwp40p140hvtssg0p81vm40c_ccs
  Eval_9_1_DP_OP_55J12_124_8061_J12_0_1
                     ZeroWireload          tcbn28hpcplusbwp40p140hvtssg0p81vm40c_ccs
  Eval_9_1_DP_OP_54J12_123_2985_J12_0_1
                     ZeroWireload          tcbn28hpcplusbwp40p140hvtssg0p81vm40c_ccs
  Eval_9_1_DP_OP_53J12_122_3190_J12_0_1
                     ZeroWireload          tcbn28hpcplusbwp40p140hvtssg0p81vm40c_ccs
  core4_1_DW_mult_tc_J8_6_1
                     ZeroWireload          tcbn28hpcplusbwp40p140hvtssg0p81vm40c_ccs
  core4_1_DW_mult_tc_J8_4_1
                     ZeroWireload          tcbn28hpcplusbwp40p140hvtssg0p81vm40c_ccs

  Point                                                   Incr       Path
  --------------------------------------------------------------------------
  clock clk (rise edge)                                   0.00       0.00
  clock network delay (ideal)                             0.00       0.00
  input external delay                                    0.50       0.50 r
  io_b_15[0] (in)                                         0.00       0.50 r
  evalB_3/io_in_3[0] (Eval_1_0)                           0.00       0.50 r
  evalB_3/U19/ZN (CKND0BWP40P140)                         0.01       0.51 f
  evalB_3/U40/ZN (CKND0BWP40P140)                         0.04       0.55 r
  evalB_3/DP_OP_53J5_130_1358/I4[0] (Eval_1_0_DP_OP_53J5_130_1358_J5_0_0)
                                                          0.00       0.55 r
  evalB_3/DP_OP_53J5_130_1358/U100/CO (HA1D0BWP40P140)
                                                          0.06       0.60 r
  evalB_3/DP_OP_53J5_130_1358/U93/S (FA1D0BWP40P140)      0.11       0.72 f
  evalB_3/DP_OP_53J5_130_1358/U132/ZN (CKND0BWP40P140)
                                                          0.03       0.75 r
  evalB_3/DP_OP_53J5_130_1358/U98/CO (FA1D0BWP40P140)     0.07       0.82 r
  evalB_3/DP_OP_53J5_130_1358/U88/CO (FA1D1BWP40P140)     0.06       0.88 r
  evalB_3/DP_OP_53J5_130_1358/U112/CO (FA1D0BWP40P140)
                                                          0.07       0.94 r
  evalB_3/DP_OP_53J5_130_1358/U78/CO (FA1D0BWP40P140)     0.07       1.02 r
  evalB_3/DP_OP_53J5_130_1358/U81/S (FA1D1BWP40P140)      0.09       1.11 f
  evalB_3/DP_OP_53J5_130_1358/O2[5] (Eval_1_0_DP_OP_53J5_130_1358_J5_0_0)
                                                          0.00       1.11 f
  evalB_3/io_out_3[5] (Eval_1_0)                          0.00       1.11 f
  core4_3/io_b_3[5] (core4_3)                             0.00       1.11 f
  core4_3/evalB/io_in_3[5] (Eval_9_3)                     0.00       1.11 f
  core4_3/evalB/U48/ZN (CKND0BWP40P140)                   0.02       1.13 r
  core4_3/evalB/U41/ZN (CKND0BWP40P140)                   0.14       1.27 f
  core4_3/evalB/DP_OP_54J12_123_2985/I4[5] (Eval_9_1_DP_OP_54J12_123_2985_J12_0_1)
                                                          0.00       1.27 f
  core4_3/evalB/DP_OP_54J12_123_2985/U121/CO (FA1D1BWP40P140)
                                                          0.15       1.41 f
  core4_3/evalB/DP_OP_54J12_123_2985/U129/CO (FA1D0BWP40P140)
                                                          0.07       1.48 f
  core4_3/evalB/DP_OP_54J12_123_2985/U145/CO (FA1D0BWP40P140)
                                                          0.07       1.55 f
  core4_3/evalB/DP_OP_54J12_123_2985/U118/CO (FA1D1BWP40P140)
                                                          0.06       1.61 f
  core4_3/evalB/DP_OP_54J12_123_2985/U133/CO (FA1D0BWP40P140)
                                                          0.07       1.68 f
  core4_3/evalB/DP_OP_54J12_123_2985/U153/CO (FA1D0BWP40P140)
                                                          0.07       1.76 f
  core4_3/evalB/DP_OP_54J12_123_2985/U176/CO (FA1D0BWP40P140)
                                                          0.07       1.83 f
  core4_3/evalB/DP_OP_54J12_123_2985/U135/CO (FA1D0BWP40P140)
                                                          0.07       1.90 f
  core4_3/evalB/DP_OP_54J12_123_2985/U148/CO (FA1D0BWP40P140)
                                                          0.07       1.97 f
  core4_3/evalB/DP_OP_54J12_123_2985/U170/CO (FA1D0BWP40P140)
                                                          0.07       2.05 f
  core4_3/evalB/DP_OP_54J12_123_2985/U131/CO (FA1D0BWP40P140)
                                                          0.07       2.12 f
  core4_3/evalB/DP_OP_54J12_123_2985/U150/CO (FA1D0BWP40P140)
                                                          0.07       2.19 f
  core4_3/evalB/DP_OP_54J12_123_2985/U173/CO (FA1D0BWP40P140)
                                                          0.07       2.26 f
  core4_3/evalB/DP_OP_54J12_123_2985/U158/CO (FA1D0BWP40P140)
                                                          0.07       2.33 f
  core4_3/evalB/DP_OP_54J12_123_2985/U181/CO (FA1D0BWP40P140)
                                                          0.06       2.40 f
  core4_3/evalB/DP_OP_54J12_123_2985/U214/ZN (XNR3UD0BWP40P140)
                                                          0.10       2.50 f
  core4_3/evalB/DP_OP_54J12_123_2985/U215/Z (XOR4D0BWP40P140)
                                                          0.12       2.62 r
  core4_3/evalB/DP_OP_54J12_123_2985/U114/ZN (XNR2UD1BWP40P140)
                                                          0.11       2.74 r
  core4_3/evalB/DP_OP_54J12_123_2985/O1[20] (Eval_9_1_DP_OP_54J12_123_2985_J12_0_1)
                                                          0.00       2.74 r
  core4_3/evalB/io_out_2[20] (Eval_9_3)                   0.00       2.74 r
  core4_3/mult_x_3/b[20] (core4_1_DW_mult_tc_J8_4_1)      0.00       2.74 r
  core4_3/mult_x_3/U1503/ZN (CKND0BWP40P140)              0.11       2.85 f
  core4_3/mult_x_3/U1039/ZN (MUX2ND0BWP40P140)            0.07       2.92 r
  core4_3/mult_x_3/U837/ZN (ND2D0BWP40P140HVT)            0.11       3.03 f
  core4_3/mult_x_3/U1066/ZN (OAI222D0BWP40P140)           0.09       3.12 r
  core4_3/mult_x_3/U1067/ZN (MUX2ND0BWP40P140)            0.07       3.19 r
  core4_3/mult_x_3/U836/S (HA1D0BWP40P140)                0.08       3.26 f
  core4_3/mult_x_3/U863/S (FA1D0BWP40P140)                0.13       3.39 r
  core4_3/mult_x_3/U873/CO (FA1D0BWP40P140)               0.08       3.47 r
  core4_3/mult_x_3/U874/CO (FA1D0BWP40P140)               0.07       3.55 r
  core4_3/mult_x_3/U875/CO (FA1D0BWP40P140)               0.07       3.62 r
  core4_3/mult_x_3/U876/CO (FA1D0BWP40P140)               0.07       3.70 r
  core4_3/mult_x_3/U877/S (FA1D0BWP40P140)                0.11       3.81 f
  core4_3/mult_x_3/U892/S (FA1D0BWP40P140)                0.13       3.94 r
  core4_3/mult_x_3/U912/CO (FA1D0BWP40P140)               0.08       4.02 r
  core4_3/mult_x_3/U913/CO (FA1D0BWP40P140)               0.07       4.09 r
  core4_3/mult_x_3/U914/CO (FA1D0BWP40P140)               0.07       4.17 r
  core4_3/mult_x_3/U915/CO (FA1D0BWP40P140)               0.07       4.24 r
  core4_3/mult_x_3/U916/CO (FA1D0BWP40P140)               0.07       4.32 r
  core4_3/mult_x_3/U917/S (FA1D0BWP40P140)                0.11       4.43 f
  core4_3/mult_x_3/U971/S (FA1D0BWP40P140)                0.13       4.56 r
  core4_3/mult_x_3/U1000/CO (FA1D0BWP40P140)              0.08       4.64 r
  core4_3/mult_x_3/U1512/Z (XOR4D0BWP40P140)              0.10       4.74 r
  core4_3/mult_x_3/U1516/Z (XOR2UD0BWP40P140)             0.03       4.78 r
  core4_3/mult_x_3/product[29] (core4_1_DW_mult_tc_J8_4_1)
                                                          0.00       4.78 r
  core4_3/s_w_2_reg_29_/D (DFKCNQD1BWP40P140)             0.00       4.78 r
  data arrival time                                                  4.78

  clock clk (rise edge)                                   5.00       5.00
  clock network delay (ideal)                             0.00       5.00
  core4_3/s_w_2_reg_29_/CP (DFKCNQD1BWP40P140)            0.00       5.00 r
  library setup time                                     -0.05       4.95
  data required time                                                 4.95
  --------------------------------------------------------------------------
  data required time                                                 4.95
  data arrival time                                                 -4.78
  --------------------------------------------------------------------------
  slack (MET)                                                        0.17


1
