 
****************************************
Report : area
Design : core64_a32_b12_c32
Version: O-2018.06-SP5
Date   : Wed May 13 02:40:06 2026
****************************************

Library(s) Used:

    tcbn28hpcplusbwp40p140lvtssg0p81vm40c_ccs (File: /export1/Library/TN28HPC+/STD_CELL_ext/track9_200824/TSMCHOME/digital/Front_End/timing_power_noise/CCS/tcbn28hpcplusbwp40p140lvt_180a/tcbn28hpcplusbwp40p140lvtssg0p81vm40c_ccs.db)
    tcbn28hpcplusbwp40p140ssg0p81vm40c_ccs (File: /export1/Library/TN28HPC+/STD_CELL_ext/track9_200824/TSMCHOME/digital/Front_End/timing_power_noise/CCS/tcbn28hpcplusbwp40p140_180a/tcbn28hpcplusbwp40p140ssg0p81vm40c_ccs.db)
    tcbn28hpcplusbwp40p140hvtssg0p81vm40c_ccs (File: /export1/Library/TN28HPC+/STD_CELL_ext/track9_200824/TSMCHOME/digital/Front_End/timing_power_noise/CCS/tcbn28hpcplusbwp40p140hvt_180a/tcbn28hpcplusbwp40p140hvtssg0p81vm40c_ccs.db)

Number of ports:                       380162
Number of nets:                       1227620
Number of cells:                       637492
Number of combinational cells:         591448
Number of sequential cells:             38550
Number of macros/black boxes:               0
Number of buf/inv:                      74540
Number of references:                      45

Combinational area:             746039.814736
Buf/Inv area:                    20070.918173
Noncombinational area:           77699.665244
Macro/Black Box area:                0.000000
Net Interconnect area:      undefined  (Wire load has zero net area)

Total cell area:                823739.479980
Total area:                 undefined

Area of detected synthetic parts
--------------------------------
                                                     Perc. of
  Module                Implem.  Count         Area cell area
  --------------------- -------  ----- ------------ ---------
  DP_OP_106J20_122_5359     str     28   77655.2605      9.4%
  DP_OP_106J21_122_4710     str     21   56238.3435      6.8%
  DP_OP_1681J3_122_8765     str      1   34516.4570      4.2%
  DP_OP_421J11_122_5960     str      4   42351.9141      5.1%
  DP_OP_421J12_122_1083     str      3   30290.1162      3.7%
  DP_OP_52J19_122_1625      str     16    3388.1382      0.4%
  DP_OP_52J22_125_7082      str     16    1353.9957      0.2%
  DP_OP_53J19_123_9524      str     16    4558.0470      0.6%
  DP_OP_53J21_123_9060      str     41   10114.6435      1.2%
  DP_OP_53J22_126_1358      str     16    2047.2471      0.2%
  DP_OP_53J27_122_5226      str     37    5279.2722      0.6%
  DP_OP_54J15_122_3502      str      4     898.7575      0.1%
  DP_OP_54J15_125_6069      str      1      83.1600      0.0%
  DP_OP_54J16_122_2586      str      4     967.1754      0.1%
  DP_OP_54J16_125_7844      str      1      82.9080      0.0%
  DP_OP_54J17_122_4678      str      4     967.1754      0.1%
  DP_OP_54J17_125_198       str      1      84.5460      0.0%
  DP_OP_54J18_122_3087      str      2     449.0637      0.1%
  DP_OP_54J18_125_1973      str      1      85.6800      0.0%
  DP_OP_54J19_124_6299      str     16    4666.6591      0.6%
  DP_OP_54J19_125_8521      str      4     342.2159      0.0%
  DP_OP_54J20_126_5405      str      4     965.1594      0.1%
  DP_OP_54J20_129_7298      str      4     387.7019      0.0%
  DP_OP_54J21_124_1586      str     41   14470.9639      1.8%
  DP_OP_54J21_126_7052      str      4     965.1594      0.1%
  DP_OP_54J21_129_8703      str      4     337.3019      0.0%
  DP_OP_54J22_122_3084      str      4     846.7195      0.1%
  DP_OP_54J22_127_7047      str     16    1899.5753      0.2%
  DP_OP_54J23_122_3607      str      1     145.1520      0.0%
  DP_OP_54J23_125_881       str      4     478.5479      0.1%
  DP_OP_54J24_122_3879      str      1     133.0560      0.0%
  DP_OP_54J24_125_1057      str      4     487.2420      0.1%
  DP_OP_54J25_122_242       str      2     281.3579      0.0%
  DP_OP_54J25_125_8205      str      4     471.9959      0.1%
  DP_OP_54J26_125_5299      str      4     477.7919      0.1%
  DP_OP_54J27_123_7613      str     37    7960.4239      1.0%
  DP_OP_54J27_125_6883      str      2     195.0480      0.0%
  DP_OP_54J28_122_576       str      1     246.0778      0.0%
  DP_OP_54J28_125_8882      str      1     127.2600      0.0%
  DP_OP_54J29_122_5448      str      1     211.6799      0.0%
  DP_OP_54J30_122_9544      str      1     211.6799      0.0%
  DP_OP_54J31_122_1352      str      1     211.6799      0.0%
  DP_OP_54J32_122_7223      str      1     211.6799      0.0%
  DP_OP_54J33_122_7900      str      4     846.7195      0.1%
  DP_OP_55J15_123_4847      str      4    1217.4112      0.1%
  DP_OP_55J15_126_8851      str      1     114.0300      0.0%
  DP_OP_55J16_123_4716      str      4    1317.4551      0.2%
  DP_OP_55J16_126_4394      str      1     112.6439      0.0%
  DP_OP_55J17_123_8822      str      4    1317.4551      0.2%
  DP_OP_55J17_126_6096      str      1     115.6680      0.0%
  DP_OP_55J18_123_1087      str      2     608.0756      0.1%
  DP_OP_55J18_126_1639      str      1     118.0620      0.0%
  DP_OP_55J19_126_7197      str      4     465.9478      0.1%
  DP_OP_55J20_123_2333      str      1     247.0858      0.0%
  DP_OP_55J20_127_5712      str      4    1327.5351      0.2%
  DP_OP_55J20_130_6048      str      4     586.7818      0.1%
  DP_OP_55J21_125_1337      str     41   13980.8245      1.7%
  DP_OP_55J21_127_5900      str      4    1327.5352      0.2%
  DP_OP_55J21_130_2176      str      4     452.8438      0.1%
  DP_OP_55J22_123_6116      str      4    1148.6152      0.1%
  DP_OP_55J23_123_8883      str      1     197.5679      0.0%
  DP_OP_55J23_126_7101      str      4     636.8038      0.1%
  DP_OP_55J24_123_1703      str      1     173.8799      0.0%
  DP_OP_55J24_126_1772      str      4     633.1497      0.1%
  DP_OP_55J25_123_4499      str      2     400.5538      0.0%
  DP_OP_55J25_126_776       str      4     621.4317      0.1%
  DP_OP_55J26_122_5590      str      1     146.4120      0.0%
  DP_OP_55J26_126_7839      str      4     622.0618      0.1%
  DP_OP_55J27_124_8730      str     37    7370.9964      0.9%
  DP_OP_55J27_126_2352      str      2     261.0719      0.0%
  DP_OP_55J28_123_1642      str      1     346.2478      0.0%
  DP_OP_55J28_126_4273      str      1     171.1079      0.0%
  DP_OP_55J29_123_9770      str      1     287.1538      0.0%
  DP_OP_55J30_123_7015      str      1     287.1538      0.0%
  DP_OP_55J31_123_2558      str      1     287.1538      0.0%
  DP_OP_55J32_123_5313      str      1     287.1538      0.0%
  DP_OP_55J33_123_8116      str      4    1148.6152      0.1%
  DP_OP_56J15_124_7899      str      4    1245.8870      0.2%
  DP_OP_56J15_127_5799      str      1     119.0699      0.0%
  DP_OP_56J16_124_4901      str      4    1338.1191      0.2%
  DP_OP_56J16_127_289       str      1     123.7320      0.0%
  DP_OP_56J17_124_406       str      4    1338.1191      0.2%
  DP_OP_56J17_127_3044      str      1     122.5980      0.0%
  DP_OP_56J18_124_3086      str      2     620.0456      0.1%
  DP_OP_56J18_127_7501      str      1     118.8179      0.0%
  DP_OP_56J19_127_2039      str      4     482.7058      0.1%
  DP_OP_56J20_124_438       str      1     346.8778      0.0%
  DP_OP_56J20_128_4935      str      4    1324.0071      0.2%
  DP_OP_56J20_131_3366      str      4     667.5478      0.1%
  DP_OP_56J21_128_8178      str      4    1324.0071      0.2%
  DP_OP_56J21_131_6985      str      4     475.5238      0.1%
  DP_OP_56J22_124_9559      str      4    1172.3032      0.1%
  DP_OP_56J23_124_5831      str      1     201.2219      0.0%
  DP_OP_56J23_127_7878      str      4     645.2459      0.1%
  DP_OP_56J24_124_7935      str      1     175.6439      0.0%
  DP_OP_56J24_127_5228      str      4     632.8977      0.1%
  DP_OP_56J25_124_4860      str      2     403.0739      0.0%
  DP_OP_56J25_127_8061      str      4     647.5137      0.1%
  DP_OP_56J26_123_4442      str      1     207.8999      0.0%
  DP_OP_56J26_127_5157      str      4     657.3419      0.1%
  DP_OP_56J27_127_8584      str      2     273.7979      0.0%
  DP_OP_56J28_124_4708      str      1     340.9558      0.0%
  DP_OP_56J28_127_5018      str      1     175.5179      0.0%
  DP_OP_56J29_124_9585      str      1     293.0758      0.0%
  DP_OP_56J30_124_6830      str      1     293.0758      0.0%
  DP_OP_56J31_124_1320      str      1     293.0758      0.0%
  DP_OP_56J32_124_4075      str      1     293.0758      0.0%
  DP_OP_56J33_124_5825      str      4    1172.3032      0.1%
  DP_OP_57J20_125_7650      str      1     339.8217      0.0%
  DP_OP_57J26_124_6144      str      1     200.2139      0.0%
  DW_mult_tc            apparch    274  309861.1125     37.6%
  DW_mult_uns           apparch     69   66413.0109      8.1%
  --------------------- -------  ----- ------------ ---------
  DP_OP Subtotal:                  615  365392.3486     44.4%
  Total:                           958  741666.4720     90.0%

Subtotal of datapath(DP_OP) cell area:  365392.3486  44.4%  
Total synthetic cell area:              741666.4720  90.0%  

1
