 
****************************************
Report : area
Design : core16_a36_b16_c36
Version: O-2018.06-SP5
Date   : Tue May 12 18:15:27 2026
****************************************

Library(s) Used:

    tcbn28hpcplusbwp40p140lvtssg0p81vm40c_ccs (File: /export1/Library/TN28HPC+/STD_CELL_ext/track9_200824/TSMCHOME/digital/Front_End/timing_power_noise/CCS/tcbn28hpcplusbwp40p140lvt_180a/tcbn28hpcplusbwp40p140lvtssg0p81vm40c_ccs.db)
    tcbn28hpcplusbwp40p140ssg0p81vm40c_ccs (File: /export1/Library/TN28HPC+/STD_CELL_ext/track9_200824/TSMCHOME/digital/Front_End/timing_power_noise/CCS/tcbn28hpcplusbwp40p140_180a/tcbn28hpcplusbwp40p140ssg0p81vm40c_ccs.db)
    tcbn28hpcplusbwp40p140hvtssg0p81vm40c_ccs (File: /export1/Library/TN28HPC+/STD_CELL_ext/track9_200824/TSMCHOME/digital/Front_End/timing_power_noise/CCS/tcbn28hpcplusbwp40p140hvt_180a/tcbn28hpcplusbwp40p140hvtssg0p81vm40c_ccs.db)

Number of ports:                        47236
Number of nets:                        162577
Number of cells:                        86451
Number of combinational cells:          81012
Number of sequential cells:              4789
Number of macros/black boxes:               0
Number of buf/inv:                       9190
Number of references:                      21

Combinational area:             102008.464395
Buf/Inv area:                     2490.012020
Noncombinational area:            9647.568153
Macro/Black Box area:                0.000000
Net Interconnect area:      undefined  (Wire load has zero net area)

Total cell area:                111656.032547
Total area:                 undefined

Area of detected synthetic parts
--------------------------------
                                                     Perc. of
  Module                Implem.  Count         Area cell area
  --------------------- -------  ----- ------------ ---------
  DP_OP_106J12_122_8869     str      4   11445.9192     10.3%
  DP_OP_106J15_122_5029     str      3    8299.0364      7.4%
  DP_OP_421J3_122_7810      str      1   10880.2432      9.7%
  DP_OP_52J13_128_2082      str      4     436.3378      0.4%
  DP_OP_52J15_123_8845      str      4    1279.1512      1.1%
  DP_OP_53J12_123_7336      str      2     278.2079      0.2%
  DP_OP_53J13_129_7779      str      4     643.8596      0.6%
  DP_OP_53J14_122_4700      str      3     764.4415      0.7%
  DP_OP_53J15_124_1745      str      4    1307.6271      1.2%
  DP_OP_54J11_122_6548      str      1     248.2198      0.2%
  DP_OP_54J11_125_7041      str      1     139.2299      0.1%
  DP_OP_54J11_128_6671      str      1     109.1160      0.1%
  DP_OP_54J12_124_2306      str      2     433.3138      0.4%
  DP_OP_54J12_126_8446      str      1     108.8640      0.1%
  DP_OP_54J13_122_485       str      1     237.3839      0.2%
  DP_OP_54J13_125_3674      str      1     138.9779      0.1%
  DP_OP_54J13_130_2477      str      4     606.8157      0.5%
  DP_OP_54J14_123_9540      str      3    1089.7733      1.0%
  DP_OP_54J14_128_8677      str      1     237.3839      0.2%
  DP_OP_54J14_131_4542      str      1     121.7160      0.1%
  DP_OP_54J15_125_3730      str      4     949.5355      0.9%
  DP_OP_55J11_123_3996      str      1     338.1838      0.3%
  DP_OP_55J11_126_4988      str      1     191.0159      0.2%
  DP_OP_55J11_129_6987      str      1     146.0339      0.1%
  DP_OP_55J12_125_7382      str      2     407.1058      0.4%
  DP_OP_55J12_127_4652      str      1     146.0339      0.1%
  DP_OP_55J13_123_3918      str      1     321.2998      0.3%
  DP_OP_55J13_126_6114      str      1     188.4959      0.2%
  DP_OP_55J14_124_2689      str      3    1053.9893      0.9%
  DP_OP_55J14_125_1150      str      1     253.8898      0.2%
  DP_OP_55J14_129_6253      str      1     321.2998      0.3%
  DP_OP_55J14_132_1863      str      1     162.9179      0.1%
  DP_OP_56J11_124_1718      str      1     343.3498      0.3%
  DP_OP_56J11_127_2989      str      1     190.1339      0.2%
  DP_OP_56J11_130_8611      str      1     151.9559      0.1%
  DP_OP_56J12_128_979       str      1     151.9560      0.1%
  DP_OP_56J13_124_7345      str      1     327.2218      0.3%
  DP_OP_56J13_127_3823      str      1     193.4099      0.2%
  DP_OP_56J14_126_9613      str      1     361.7458      0.3%
  DP_OP_56J14_130_5010      str      1     327.2217      0.3%
  DP_OP_56J14_133_2317      str      1     168.9659      0.2%
  DP_OP_57J14_127_6858      str      1     351.0357      0.3%
  DW_mult_tc            apparch     33   39056.2505     35.0%
  DW_mult_uns           apparch     16   16565.4205     14.8%
  --------------------- -------  ----- ------------ ---------
  DP_OP Subtotal:                   74   45852.4154     41.1%
  Total:                           123  101474.0864     90.9%

Subtotal of datapath(DP_OP) cell area:  45852.4154  41.1%  
Total synthetic cell area:              101474.0864  90.9%  

1
