 
****************************************
Report : area
Design : core16_a28_b8_c28
Version: O-2018.06-SP5
Date   : Tue May 12 15:27:05 2026
****************************************

Library(s) Used:

    tcbn28hpcplusbwp40p140lvtssg0p81vm40c_ccs (File: /export1/Library/TN28HPC+/STD_CELL_ext/track9_200824/TSMCHOME/digital/Front_End/timing_power_noise/CCS/tcbn28hpcplusbwp40p140lvt_180a/tcbn28hpcplusbwp40p140lvtssg0p81vm40c_ccs.db)
    tcbn28hpcplusbwp40p140ssg0p81vm40c_ccs (File: /export1/Library/TN28HPC+/STD_CELL_ext/track9_200824/TSMCHOME/digital/Front_End/timing_power_noise/CCS/tcbn28hpcplusbwp40p140_180a/tcbn28hpcplusbwp40p140ssg0p81vm40c_ccs.db)
    tcbn28hpcplusbwp40p140hvtssg0p81vm40c_ccs (File: /export1/Library/TN28HPC+/STD_CELL_ext/track9_200824/TSMCHOME/digital/Front_End/timing_power_noise/CCS/tcbn28hpcplusbwp40p140hvt_180a/tcbn28hpcplusbwp40p140hvtssg0p81vm40c_ccs.db)

Number of ports:                        36164
Number of nets:                        108086
Number of cells:                        54131
Number of combinational cells:          49664
Number of sequential cells:              3821
Number of macros/black boxes:               0
Number of buf/inv:                       6439
Number of references:                      21

Combinational area:              63488.374970
Buf/Inv area:                     1750.392013
Noncombinational area:            7696.710122
Macro/Black Box area:                0.000000
Net Interconnect area:      undefined  (Wire load has zero net area)

Total cell area:                 71185.085091
Total area:                 undefined

Area of detected synthetic parts
--------------------------------
                                                   Perc. of
  Module               Implem.  Count        Area cell area
  -------------------- -------  ----- ----------- ---------
  DP_OP_106J7_122_6990     str      4   7888.0649     11.1%
  DP_OP_106J8_122_7394     str      3   5653.7222      7.9%
  DP_OP_421J3_122_8897     str      1   7496.7461     10.5%
  DP_OP_52J6_122_6653      str      4    996.9114      1.4%
  DP_OP_52J9_125_102       str      4    229.8240      0.3%
  DP_OP_53J6_123_5333      str      4   1025.3873      1.4%
  DP_OP_53J8_123_375       str      3    610.2176      0.9%
  DP_OP_53J9_122_7322      str      2    188.2439      0.3%
  DP_OP_53J9_126_6763      str      4    291.3119      0.4%
  DP_OP_54J10_122_9944     str      1     57.4560      0.1%
  DP_OP_54J11_122_110      str      1     87.5700      0.1%
  DP_OP_54J12_122_4528     str      1     70.3080      0.1%
  DP_OP_54J13_122_6849     str      1     86.8140      0.1%
  DP_OP_54J5_122_6534      str      1    196.8119      0.3%
  DP_OP_54J5_125_5862      str      1     57.4560      0.1%
  DP_OP_54J6_124_6891      str      4    743.9036      1.0%
  DP_OP_54J7_126_2984      str      1    185.9759      0.3%
  DP_OP_54J8_124_5567      str      3    878.0934      1.2%
  DP_OP_54J8_126_1209      str      1    185.9759      0.3%
  DP_OP_54J9_123_7247      str      2    289.6738      0.4%
  DP_OP_54J9_127_2528      str      4    319.7879      0.4%
  DP_OP_55J10_123_3770     str      1     75.4740      0.1%
  DP_OP_55J11_123_2141     str      1    117.9359      0.2%
  DP_OP_55J12_123_4307     str      1     92.3580      0.1%
  DP_OP_55J13_123_8115     str      1    120.3299      0.2%
  DP_OP_55J5_123_706       str      1    267.6238      0.4%
  DP_OP_55J5_126_2234      str      1     75.4740      0.1%
  DP_OP_55J7_123_375       str      1    202.4819      0.3%
  DP_OP_55J7_127_1759      str      1    250.7398      0.4%
  DP_OP_55J8_125_9053      str      3    842.3094      1.2%
  DP_OP_55J8_127_8322      str      1    250.7398      0.4%
  DP_OP_55J9_124_912       str      2    263.0879      0.4%
  DP_OP_56J10_124_1088     str      1     81.3960      0.1%
  DP_OP_56J11_124_8780     str      1    122.8499      0.2%
  DP_OP_56J12_124_942      str      1     98.2800      0.1%
  DP_OP_56J13_124_6564     str      1    119.3219      0.2%
  DP_OP_56J5_124_7308      str      1    272.7898      0.4%
  DP_OP_56J5_127_2589      str      1     81.3960      0.1%
  DP_OP_56J7_124_1407      str      1    291.1858      0.4%
  DP_OP_56J7_128_6780      str      1    256.6618      0.4%
  DP_OP_56J8_128_9131      str      1    256.6618      0.4%
  DP_OP_57J7_125_8619      str      1    280.4758      0.4%
  DW_mult_tc           apparch     33  22397.5530     31.5%
  DW_mult_uns          apparch     16   8734.3304     12.3%
  -------------------- -------  ----- ----------- ---------
  DP_OP Subtotal:                  74  31959.8291     44.9%
  Total:                          123  63091.7125     88.6%

Subtotal of datapath(DP_OP) cell area:  31959.8291  44.9%  
Total synthetic cell area:              63091.7125  88.6%  

1
