 
****************************************
Report : area
Design : core4_a32_b16_c32
Version: O-2018.06-SP5
Date   : Tue May 12 07:48:21 2026
****************************************

Library(s) Used:

    tcbn28hpcplusbwp40p140lvtssg0p81vm40c_ccs (File: /export1/Library/TN28HPC+/STD_CELL_ext/track9_200824/TSMCHOME/digital/Front_End/timing_power_noise/CCS/tcbn28hpcplusbwp40p140lvt_180a/tcbn28hpcplusbwp40p140lvtssg0p81vm40c_ccs.db)
    tcbn28hpcplusbwp40p140ssg0p81vm40c_ccs (File: /export1/Library/TN28HPC+/STD_CELL_ext/track9_200824/TSMCHOME/digital/Front_End/timing_power_noise/CCS/tcbn28hpcplusbwp40p140_180a/tcbn28hpcplusbwp40p140ssg0p81vm40c_ccs.db)
    tcbn28hpcplusbwp40p140hvtssg0p81vm40c_ccs (File: /export1/Library/TN28HPC+/STD_CELL_ext/track9_200824/TSMCHOME/digital/Front_End/timing_power_noise/CCS/tcbn28hpcplusbwp40p140hvt_180a/tcbn28hpcplusbwp40p140hvtssg0p81vm40c_ccs.db)

Number of ports:                         3866
Number of nets:                         13890
Number of cells:                         7735
Number of combinational cells:           7339
Number of sequential cells:               372
Number of macros/black boxes:               0
Number of buf/inv:                        753
Number of references:                      14

Combinational area:               8868.761855
Buf/Inv area:                      201.726002
Noncombinational area:             749.952012
Macro/Black Box area:                0.000000
Net Interconnect area:      undefined  (Wire load has zero net area)

Total cell area:                  9618.713867
Total area:                 undefined

Area of detected synthetic parts
--------------------------------
                                                  Perc. of
  Module               Implem.  Count       Area cell area
  -------------------- -------  ----- ---------- ---------
  DP_OP_106J2_122_9073     str      1  2043.7020     21.2%
  DP_OP_52J2_123_8276      str      1   205.6319      2.1%
  DP_OP_52J3_122_4926      str      1   108.3599      1.1%
  DP_OP_53J2_124_963       str      1   284.5079      3.0%
  DP_OP_53J3_123_4557      str      1   143.3879      1.5%
  DP_OP_54J2_125_7758      str      1   286.0198      3.0%
  DP_OP_54J3_124_8477      str      1   150.5699      1.6%
  DW_mult_tc           apparch      4  3376.0467     35.1%
  DW_mult_uns          apparch      3  2228.9435     23.2%
  -------------------- -------  ----- ---------- ---------
  DP_OP Subtotal:                   7  3222.1794     33.5%
  Total:                           14  8827.1696     91.8%

Subtotal of datapath(DP_OP) cell area:  3222.1794  33.5%  
Total synthetic cell area:              8827.1696  91.8%  

1
