 
****************************************
Report : area
Design : core4_a36_b8_c36
Version: O-2018.06-SP5
Date   : Tue May 12 08:56:31 2026
****************************************

Library(s) Used:

    tcbn28hpcplusbwp40p140lvtssg0p81vm40c_ccs (File: /export1/Library/TN28HPC+/STD_CELL_ext/track9_200824/TSMCHOME/digital/Front_End/timing_power_noise/CCS/tcbn28hpcplusbwp40p140lvt_180a/tcbn28hpcplusbwp40p140lvtssg0p81vm40c_ccs.db)
    tcbn28hpcplusbwp40p140ssg0p81vm40c_ccs (File: /export1/Library/TN28HPC+/STD_CELL_ext/track9_200824/TSMCHOME/digital/Front_End/timing_power_noise/CCS/tcbn28hpcplusbwp40p140_180a/tcbn28hpcplusbwp40p140ssg0p81vm40c_ccs.db)
    tcbn28hpcplusbwp40p140hvtssg0p81vm40c_ccs (File: /export1/Library/TN28HPC+/STD_CELL_ext/track9_200824/TSMCHOME/digital/Front_End/timing_power_noise/CCS/tcbn28hpcplusbwp40p140hvt_180a/tcbn28hpcplusbwp40p140hvtssg0p81vm40c_ccs.db)

Number of ports:                         3858
Number of nets:                         13105
Number of cells:                         6894
Number of combinational cells:           6454
Number of sequential cells:               416
Number of macros/black boxes:               0
Number of buf/inv:                        781
Number of references:                      16

Combinational area:               8130.905867
Buf/Inv area:                      208.908002
Noncombinational area:             836.892013
Macro/Black Box area:                0.000000
Net Interconnect area:      undefined  (Wire load has zero net area)

Total cell area:                  8967.797880
Total area:                 undefined

Area of detected synthetic parts
--------------------------------
                                                  Perc. of
  Module               Implem.  Count       Area cell area
  -------------------- -------  ----- ---------- ---------
  DP_OP_106J3_122_6288     str      1  2594.7148     28.9%
  DP_OP_52J2_122_3307      str      1   231.3359      2.6%
  DP_OP_52J3_123_8122      str      1    57.0780      0.6%
  DP_OP_53J2_123_7384      str      1   319.7878      3.6%
  DP_OP_53J3_124_1615      str      1    72.8280      0.8%
  DP_OP_54J2_124_3435      str      1   321.2998      3.6%
  DP_OP_54J3_125_8645      str      1    79.8840      0.9%
  DW_mult_tc           apparch      4  2926.4813     32.6%
  DW_mult_uns          apparch      3  1489.3214     16.6%
  -------------------- -------  ----- ---------- ---------
  DP_OP Subtotal:                   7  3676.9282     41.0%
  Total:                           14  8092.7308     90.2%

Subtotal of datapath(DP_OP) cell area:  3676.9282  41.0%  
Total synthetic cell area:              8092.7308  90.2%  

1
