 
****************************************
Report : area
Design : core16_a24_b16_c24
Version: O-2018.06-SP5
Date   : Tue May 12 13:17:53 2026
****************************************

Library(s) Used:

    tcbn28hpcplusbwp40p140lvtssg0p81vm40c_ccs (File: /export1/Library/TN28HPC+/STD_CELL_ext/track9_200824/TSMCHOME/digital/Front_End/timing_power_noise/CCS/tcbn28hpcplusbwp40p140lvt_180a/tcbn28hpcplusbwp40p140lvtssg0p81vm40c_ccs.db)
    tcbn28hpcplusbwp40p140ssg0p81vm40c_ccs (File: /export1/Library/TN28HPC+/STD_CELL_ext/track9_200824/TSMCHOME/digital/Front_End/timing_power_noise/CCS/tcbn28hpcplusbwp40p140_180a/tcbn28hpcplusbwp40p140ssg0p81vm40c_ccs.db)
    tcbn28hpcplusbwp40p140hvtssg0p81vm40c_ccs (File: /export1/Library/TN28HPC+/STD_CELL_ext/track9_200824/TSMCHOME/digital/Front_End/timing_power_noise/CCS/tcbn28hpcplusbwp40p140hvt_180a/tcbn28hpcplusbwp40p140hvtssg0p81vm40c_ccs.db)

Number of ports:                        36028
Number of nets:                        112727
Number of cells:                        58578
Number of combinational cells:          54599
Number of sequential cells:              3337
Number of macros/black boxes:               0
Number of buf/inv:                       7891
Number of references:                      21

Combinational area:              66784.030936
Buf/Inv area:                     2119.194019
Noncombinational area:            6727.392108
Macro/Black Box area:                0.000000
Net Interconnect area:      undefined  (Wire load has zero net area)

Total cell area:                 73511.423044
Total area:                 undefined

Area of detected synthetic parts
--------------------------------
                                                    Perc. of
  Module                Implem.  Count        Area cell area
  --------------------- -------  ----- ----------- ---------
  DP_OP_106J13_122_4067     str      3   4897.7245      6.7%
  DP_OP_106J5_122_8896      str      4   6845.2889      9.3%
  DP_OP_421J3_122_8434      str      1   6380.8647      8.7%
  DP_OP_52J5_129_2082       str      4    439.9918      0.6%
  DP_OP_52J7_122_2684       str      4    855.7914      1.2%
  DP_OP_53J12_122_7336      str      2    291.0598      0.4%
  DP_OP_53J13_123_4273      str      3    533.1057      0.7%
  DP_OP_53J5_130_7779       str      4    573.5516      0.8%
  DP_OP_53J7_123_8373       str      4    884.2674      1.2%
  DP_OP_54J10_122_4542      str      1    122.8500      0.2%
  DP_OP_54J11_122_7041      str      1    138.2220      0.2%
  DP_OP_54J12_123_2306      str      2    430.6677      0.6%
  DP_OP_54J13_124_4880      str      3    772.2534      1.1%
  DP_OP_54J13_126_1205      str      1    161.4059      0.2%
  DP_OP_54J5_126_2980       str      1    161.4059      0.2%
  DP_OP_54J5_131_2477       str      4    602.0277      0.8%
  DP_OP_54J6_122_1278       str      1    171.1079      0.2%
  DP_OP_54J6_125_6671       str      1    109.9980      0.1%
  DP_OP_54J7_124_6887       str      4    645.6237      0.9%
  DP_OP_54J8_122_8446       str      1    109.9980      0.1%
  DP_OP_54J9_122_3674       str      1    138.9780      0.2%
  DP_OP_55J10_123_1863      str      1    162.9179      0.2%
  DP_OP_55J11_123_4988      str      1    190.8899      0.3%
  DP_OP_55J12_124_7382      str      2    403.9557      0.5%
  DP_OP_55J13_125_524       str      3    736.4695      1.0%
  DP_OP_55J13_127_7635      str      1    215.4598      0.3%
  DP_OP_55J5_123_1132       str      1    176.7779      0.2%
  DP_OP_55J5_127_3178       str      1    215.4599      0.3%
  DP_OP_55J6_123_4892       str      1    232.3438      0.3%
  DP_OP_55J6_126_6987       str      1    146.0339      0.2%
  DP_OP_55J8_123_4652       str      1    146.0339      0.2%
  DP_OP_55J9_123_6114       str      1    188.2439      0.3%
  DP_OP_56J10_124_2317      str      1    168.8399      0.2%
  DP_OP_56J11_124_2989      str      1    189.8819      0.3%
  DP_OP_56J13_128_620       str      1    221.3819      0.3%
  DP_OP_56J5_124_2086       str      1    255.9058      0.3%
  DP_OP_56J5_128_2987       str      1    221.3819      0.3%
  DP_OP_56J6_124_887        str      1    237.5098      0.3%
  DP_OP_56J6_127_8611       str      1    151.9559      0.2%
  DP_OP_56J8_124_979        str      1    151.9559      0.2%
  DP_OP_56J9_124_3823       str      1    193.4099      0.3%
  DP_OP_57J5_125_2783       str      1    245.1958      0.3%
  DW_mult_tc            apparch     33  25578.8016     34.8%
  DW_mult_uns           apparch     16  10653.8228     14.5%
  --------------------- -------  ----- ----------- ---------
  DP_OP Subtotal:                   74  30118.1888     41.0%
  Total:                           123  66350.8132     90.3%

Subtotal of datapath(DP_OP) cell area:  30118.1888  41.0%  
Total synthetic cell area:              66350.8132  90.3%  

1
