 
****************************************
Report : timing
        -path full
        -delay max
        -max_paths 3
Design : core4_a24_b16_c24
Version: O-2018.06-SP5
Date   : Tue May 12 04:59:18 2026
****************************************

Operating Conditions: ssg0p81vm40c   Library: tcbn28hpcplusbwp40p140hvtssg0p81vm40c_ccs
Wire Load Model Mode: segmented

  Startpoint: io_b_0[2] (input port clocked by clk)
  Endpoint: s_w_2_reg_26_
            (rising edge-triggered flip-flop clocked by clk)
  Path Group: clk
  Path Type: max

  Des/Clust/Port     Wire Load Model       Library
  ------------------------------------------------
  core4_a24_b16_c24  ZeroWireload          tcbn28hpcplusbwp40p140hvtssg0p81vm40c_ccs
  core4_a24_b16_c24_DW_mult_uns_J2_0
                     ZeroWireload          tcbn28hpcplusbwp40p140hvtssg0p81vm40c_ccs
  Eval_1_DP_OP_52J2_122_4926_J2_0
                     ZeroWireload          tcbn28hpcplusbwp40p140hvtssg0p81vm40c_ccs
  Eval_1_DP_OP_53J2_123_4557_J2_0
                     ZeroWireload          tcbn28hpcplusbwp40p140hvtssg0p81vm40c_ccs
  Eval_1_DP_OP_54J2_124_8477_J2_0
                     ZeroWireload          tcbn28hpcplusbwp40p140hvtssg0p81vm40c_ccs
  core4_a24_b16_c24_DW_mult_uns_J2_1
                     ZeroWireload          tcbn28hpcplusbwp40p140hvtssg0p81vm40c_ccs

  Point                                                   Incr       Path
  --------------------------------------------------------------------------
  clock clk (rise edge)                                   0.00       0.00
  clock network delay (ideal)                             0.00       0.00
  input external delay                                    0.50       0.50 f
  io_b_0[2] (in)                                          0.00       0.50 f
  evalB/io_in_0[2] (Eval_1)                               0.00       0.50 f
  evalB/U8/ZN (CKND0BWP40P140)                            0.01       0.51 r
  evalB/U7/ZN (CKND0BWP40P140)                            0.14       0.64 f
  evalB/DP_OP_53J2_123_4557/I2[2] (Eval_1_DP_OP_53J2_123_4557_J2_0)
                                                          0.00       0.64 f
  evalB/DP_OP_53J2_123_4557/U91/S (FA1D0BWP40P140)        0.23       0.87 r
  evalB/DP_OP_53J2_123_4557/U92/CO (FA1D0BWP40P140)       0.08       0.95 r
  evalB/DP_OP_53J2_123_4557/U169/CO (FA1D0BWP40P140)      0.07       1.03 r
  evalB/DP_OP_53J2_123_4557/U168/CO (FA1D0BWP40P140)      0.07       1.10 r
  evalB/DP_OP_53J2_123_4557/U167/CO (FA1D0BWP40P140)      0.07       1.18 r
  evalB/DP_OP_53J2_123_4557/U166/CO (FA1D0BWP40P140)      0.07       1.25 r
  evalB/DP_OP_53J2_123_4557/U165/CO (FA1D0BWP40P140)      0.07       1.32 r
  evalB/DP_OP_53J2_123_4557/U164/CO (FA1D0BWP40P140)      0.07       1.40 r
  evalB/DP_OP_53J2_123_4557/U163/CO (FA1D0BWP40P140)      0.07       1.47 r
  evalB/DP_OP_53J2_123_4557/U162/CO (FA1D0BWP40P140)      0.07       1.55 r
  evalB/DP_OP_53J2_123_4557/U161/CO (FA1D0BWP40P140)      0.07       1.62 r
  evalB/DP_OP_53J2_123_4557/U160/CO (FA1D0BWP40P140)      0.07       1.70 r
  evalB/DP_OP_53J2_123_4557/U159/CO (FA1D0BWP40P140)      0.07       1.77 r
  evalB/DP_OP_53J2_123_4557/U158/CO (FA1D0BWP40P140)      0.07       1.84 r
  evalB/DP_OP_53J2_123_4557/U157/CO (FA1D0BWP40P140)      0.07       1.92 r
  evalB/DP_OP_53J2_123_4557/U156/CO (FA1D0BWP40P140)      0.12       2.04 r
  evalB/DP_OP_53J2_123_4557/O1[17] (Eval_1_DP_OP_53J2_123_4557_J2_0)
                                                          0.00       2.04 r
  evalB/io_out_2[17] (Eval_1)                             0.00       2.04 r
  mult_x_3/b[17] (core4_a24_b16_c24_DW_mult_uns_J2_1)     0.00       2.04 r
  mult_x_3/U771/ZN (CKND0BWP40P140)                       0.12       2.15 f
  mult_x_3/U700/ZN (MUX2ND0BWP40P140)                     0.09       2.24 r
  mult_x_3/U682/ZN (ND2D0BWP40P140HVT)                    0.11       2.35 f
  mult_x_3/U829/ZN (OAI222D0BWP40P140)                    0.10       2.44 r
  mult_x_3/U686/ZN (MUX2ND0BWP40P140)                     0.07       2.51 r
  mult_x_3/U868/S (HA1D0BWP40P140)                        0.08       2.59 f
  mult_x_3/U925/S (FA1D0BWP40P140)                        0.13       2.72 r
  mult_x_3/U986/CO (FA1D0BWP40P140)                       0.08       2.80 r
  mult_x_3/U983/CO (FA1D0BWP40P140)                       0.07       2.87 r
  mult_x_3/U979/CO (FA1D0BWP40P140)                       0.07       2.94 r
  mult_x_3/U975/CO (FA1D0BWP40P140)                       0.07       3.02 r
  mult_x_3/U972/CO (FA1D0BWP40P140)                       0.07       3.09 r
  mult_x_3/U969/CO (FA1D0BWP40P140)                       0.07       3.17 r
  mult_x_3/U965/S (FA1D0BWP40P140)                        0.11       3.28 f
  mult_x_3/U1036/S (FA1D0BWP40P140)                       0.13       3.41 r
  mult_x_3/U1122/CO (FA1D0BWP40P140)                      0.08       3.49 r
  mult_x_3/U1119/CO (FA1D0BWP40P140)                      0.07       3.57 r
  mult_x_3/U1114/CO (FA1D0BWP40P140)                      0.07       3.64 r
  mult_x_3/U1203/S (FA1D0BWP40P140)                       0.11       3.75 f
  mult_x_3/U1214/CO (FA1D0BWP40P140)                      0.08       3.83 f
  mult_x_3/U685/Z (XOR4D0BWP40P140)                       0.10       3.93 r
  mult_x_3/U1204/ZN (OAI21D0BWP40P140HVT)                 0.04       3.97 f
  mult_x_3/U1205/ZN (OAI31D0BWP40P140LVT)                 0.04       4.01 r
  mult_x_3/U704/Z (XOR2UD0BWP40P140)                      0.04       4.05 r
  mult_x_3/U684/Z (XOR4D0BWP40P140)                       0.13       4.19 r
  mult_x_3/U1212/ZN (OAI21D0BWP40P140HVT)                 0.04       4.23 f
  mult_x_3/U1213/ZN (OAI31D0BWP40P140LVT)                 0.03       4.26 r
  mult_x_3/U683/Z (XOR3UD0BWP40P140)                      0.06       4.31 r
  mult_x_3/product[26] (core4_a24_b16_c24_DW_mult_uns_J2_1)
                                                          0.00       4.31 r
  s_w_2_reg_26_/D (DFKCNQD1BWP40P140)                     0.00       4.31 r
  data arrival time                                                  4.31

  clock clk (rise edge)                                   5.00       5.00
  clock network delay (ideal)                             0.00       5.00
  s_w_2_reg_26_/CP (DFKCNQD1BWP40P140)                    0.00       5.00 r
  library setup time                                     -0.05       4.95
  data required time                                                 4.95
  --------------------------------------------------------------------------
  data required time                                                 4.95
  data arrival time                                                 -4.31
  --------------------------------------------------------------------------
  slack (MET)                                                        0.64


  Startpoint: io_b_3[2] (input port clocked by clk)
  Endpoint: s_w_3_reg_26_
            (rising edge-triggered flip-flop clocked by clk)
  Path Group: clk
  Path Type: max

  Des/Clust/Port     Wire Load Model       Library
  ------------------------------------------------
  core4_a24_b16_c24  ZeroWireload          tcbn28hpcplusbwp40p140hvtssg0p81vm40c_ccs
  core4_a24_b16_c24_DW_mult_uns_J2_2
                     ZeroWireload          tcbn28hpcplusbwp40p140hvtssg0p81vm40c_ccs
  Eval_1_DP_OP_52J2_122_4926_J2_0
                     ZeroWireload          tcbn28hpcplusbwp40p140hvtssg0p81vm40c_ccs
  Eval_1_DP_OP_53J2_123_4557_J2_0
                     ZeroWireload          tcbn28hpcplusbwp40p140hvtssg0p81vm40c_ccs
  Eval_1_DP_OP_54J2_124_8477_J2_0
                     ZeroWireload          tcbn28hpcplusbwp40p140hvtssg0p81vm40c_ccs
  core4_a24_b16_c24_DW_mult_tc_J2_2
                     ZeroWireload          tcbn28hpcplusbwp40p140hvtssg0p81vm40c_ccs

  Point                                                   Incr       Path
  --------------------------------------------------------------------------
  clock clk (rise edge)                                   0.00       0.00
  clock network delay (ideal)                             0.00       0.00
  input external delay                                    0.50       0.50 f
  io_b_3[2] (in)                                          0.00       0.50 f
  evalB/io_in_3[2] (Eval_1)                               0.00       0.50 f
  evalB/U10/ZN (CKND0BWP40P140)                           0.01       0.51 r
  evalB/U9/ZN (CKND0BWP40P140)                            0.14       0.64 f
  evalB/DP_OP_53J2_123_4557/I4[2] (Eval_1_DP_OP_53J2_123_4557_J2_0)
                                                          0.00       0.64 f
  evalB/DP_OP_53J2_123_4557/U90/CO (FA1D0BWP40P140)       0.16       0.81 f
  evalB/DP_OP_53J2_123_4557/U131/CO (FA1D0BWP40P140)      0.07       0.88 f
  evalB/DP_OP_53J2_123_4557/U128/CO (FA1D0BWP40P140)      0.07       0.95 f
  evalB/DP_OP_53J2_123_4557/U125/CO (FA1D0BWP40P140)      0.07       1.03 f
  evalB/DP_OP_53J2_123_4557/U122/CO (FA1D0BWP40P140)      0.07       1.10 f
  evalB/DP_OP_53J2_123_4557/U119/CO (FA1D0BWP40P140)      0.07       1.17 f
  evalB/DP_OP_53J2_123_4557/U116/CO (FA1D0BWP40P140)      0.07       1.24 f
  evalB/DP_OP_53J2_123_4557/U113/CO (FA1D0BWP40P140)      0.07       1.32 f
  evalB/DP_OP_53J2_123_4557/U110/CO (FA1D0BWP40P140)      0.07       1.39 f
  evalB/DP_OP_53J2_123_4557/U107/S (FA1D0BWP40P140)       0.13       1.51 r
  evalB/DP_OP_53J2_123_4557/U108/ZN (CKND0BWP40P140)      0.03       1.55 f
  evalB/DP_OP_53J2_123_4557/U146/CO (FA1D0BWP40P140)      0.08       1.62 f
  evalB/DP_OP_53J2_123_4557/U145/CO (FA1D0BWP40P140)      0.07       1.70 f
  evalB/DP_OP_53J2_123_4557/U144/CO (FA1D0BWP40P140)      0.07       1.77 f
  evalB/DP_OP_53J2_123_4557/U143/S (FA1D0BWP40P140)       0.17       1.93 r
  evalB/DP_OP_53J2_123_4557/O2[14] (Eval_1_DP_OP_53J2_123_4557_J2_0)
                                                          0.00       1.93 r
  evalB/io_out_3[14] (Eval_1)                             0.00       1.93 r
  mult_x_4/b[14] (core4_a24_b16_c24_DW_mult_tc_J2_2)      0.00       1.93 r
  mult_x_4/U769/ZN (CKND0BWP40P140)                       0.11       2.05 f
  mult_x_4/U825/ZN (MAOI22D0BWP40P140)                    0.08       2.13 f
  mult_x_4/U832/ZN (IND3D0BWP40P140HVT)                   0.22       2.35 f
  mult_x_4/U883/ZN (OAI222D0BWP40P140)                    0.14       2.49 r
  mult_x_4/U884/ZN (AOI21D0BWP40P140)                     0.04       2.53 f
  mult_x_4/U885/ZN (MUX2ND0BWP40P140)                     0.05       2.58 r
  mult_x_4/U940/CO (HA1D0BWP40P140)                       0.06       2.63 r
  mult_x_4/U936/CO (FA1D0BWP40P140)                       0.07       2.71 r
  mult_x_4/U932/CO (FA1D0BWP40P140)                       0.07       2.78 r
  mult_x_4/U928/CO (FA1D0BWP40P140)                       0.07       2.85 r
  mult_x_4/U924/CO (FA1D0BWP40P140)                       0.07       2.93 r
  mult_x_4/U920/CO (FA1D0BWP40P140)                       0.07       3.00 r
  mult_x_4/U916/CO (FA1D0BWP40P140)                       0.07       3.08 r
  mult_x_4/U912/CO (FA1D0BWP40P140)                       0.07       3.15 r
  mult_x_4/U907/CO (FA1D0BWP40P140)                       0.07       3.22 r
  mult_x_4/U902/CO (FA1D0BWP40P140)                       0.07       3.30 r
  mult_x_4/U1249/S (FA1D0BWP40P140)                       0.11       3.41 f
  mult_x_4/U1253/S (FA1D0BWP40P140)                       0.13       3.54 r
  mult_x_4/U1256/CO (FA1D0BWP40P140)                      0.08       3.62 r
  mult_x_4/U1291/S (FA1D0BWP40P140)                       0.11       3.74 f
  mult_x_4/U1289/S (FA1D0BWP40P140)                       0.13       3.87 r
  mult_x_4/U1265/CO (FA1D0BWP40P140)                      0.08       3.95 r
  mult_x_4/U718/Z (XOR4D1BWP40P140)                       0.09       4.04 r
  mult_x_4/U728/Z (XOR2UD0BWP40P140)                      0.03       4.07 r
  mult_x_4/product[26] (core4_a24_b16_c24_DW_mult_tc_J2_2)
                                                          0.00       4.07 r
  s_w_3_reg_26_/D (DFKCNQD1BWP40P140)                     0.00       4.07 r
  data arrival time                                                  4.07

  clock clk (rise edge)                                   5.00       5.00
  clock network delay (ideal)                             0.00       5.00
  s_w_3_reg_26_/CP (DFKCNQD1BWP40P140)                    0.00       5.00 r
  library setup time                                     -0.05       4.95
  data required time                                                 4.95
  --------------------------------------------------------------------------
  data required time                                                 4.95
  data arrival time                                                 -4.07
  --------------------------------------------------------------------------
  slack (MET)                                                        0.88


  Startpoint: io_b_3[2] (input port clocked by clk)
  Endpoint: s_w_5_reg_26_
            (rising edge-triggered flip-flop clocked by clk)
  Path Group: clk
  Path Type: max

  Des/Clust/Port     Wire Load Model       Library
  ------------------------------------------------
  core4_a24_b16_c24  ZeroWireload          tcbn28hpcplusbwp40p140hvtssg0p81vm40c_ccs
  core4_a24_b16_c24_DW_mult_uns_J2_2
                     ZeroWireload          tcbn28hpcplusbwp40p140hvtssg0p81vm40c_ccs
  Eval_1_DP_OP_52J2_122_4926_J2_0
                     ZeroWireload          tcbn28hpcplusbwp40p140hvtssg0p81vm40c_ccs
  Eval_1_DP_OP_53J2_123_4557_J2_0
                     ZeroWireload          tcbn28hpcplusbwp40p140hvtssg0p81vm40c_ccs
  Eval_1_DP_OP_54J2_124_8477_J2_0
                     ZeroWireload          tcbn28hpcplusbwp40p140hvtssg0p81vm40c_ccs
  core4_a24_b16_c24_DW_mult_tc_J2_0
                     ZeroWireload          tcbn28hpcplusbwp40p140hvtssg0p81vm40c_ccs

  Point                                                   Incr       Path
  --------------------------------------------------------------------------
  clock clk (rise edge)                                   0.00       0.00
  clock network delay (ideal)                             0.00       0.00
  input external delay                                    0.50       0.50 f
  io_b_3[2] (in)                                          0.00       0.50 f
  evalB/io_in_3[2] (Eval_1)                               0.00       0.50 f
  evalB/U10/ZN (CKND0BWP40P140)                           0.01       0.51 r
  evalB/U9/ZN (CKND0BWP40P140)                            0.14       0.64 f
  evalB/DP_OP_54J2_124_8477/I3[2] (Eval_1_DP_OP_54J2_124_8477_J2_0)
                                                          0.00       0.64 f
  evalB/DP_OP_54J2_124_8477/U97/CO (HA1D0BWP40P140)       0.11       0.75 f
  evalB/DP_OP_54J2_124_8477/U132/CO (FA1D0BWP40P140)      0.07       0.82 f
  evalB/DP_OP_54J2_124_8477/U130/CO (FA1D0BWP40P140)      0.07       0.89 f
  evalB/DP_OP_54J2_124_8477/U128/S (FA1D0BWP40P140)       0.12       1.01 r
  evalB/DP_OP_54J2_124_8477/U164/ZN (CKND0BWP40P140)      0.03       1.05 f
  evalB/DP_OP_54J2_124_8477/U184/CO (FA1D0BWP40P140)      0.07       1.12 f
  evalB/DP_OP_54J2_124_8477/U183/CO (FA1D0BWP40P140)      0.07       1.20 f
  evalB/DP_OP_54J2_124_8477/U182/CO (FA1D0BWP40P140)      0.07       1.27 f
  evalB/DP_OP_54J2_124_8477/U181/CO (FA1D0BWP40P140)      0.07       1.34 f
  evalB/DP_OP_54J2_124_8477/U180/CO (FA1D0BWP40P140)      0.07       1.41 f
  evalB/DP_OP_54J2_124_8477/U179/CO (FA1D0BWP40P140)      0.07       1.48 f
  evalB/DP_OP_54J2_124_8477/U178/CO (FA1D0BWP40P140)      0.07       1.56 f
  evalB/DP_OP_54J2_124_8477/U177/CO (FA1D0BWP40P140)      0.07       1.63 f
  evalB/DP_OP_54J2_124_8477/U176/CO (FA1D0BWP40P140)      0.07       1.70 f
  evalB/DP_OP_54J2_124_8477/U175/S (FA1D0BWP40P140)       0.17       1.87 r
  evalB/DP_OP_54J2_124_8477/O2[14] (Eval_1_DP_OP_54J2_124_8477_J2_0)
                                                          0.00       1.87 r
  evalB/io_out_5[14] (Eval_1)                             0.00       1.87 r
  mult_x_6/b[14] (core4_a24_b16_c24_DW_mult_tc_J2_0)      0.00       1.87 r
  mult_x_6/U804/ZN (CKND0BWP40P140)                       0.11       1.98 f
  mult_x_6/U846/ZN (MAOI22D0BWP40P140)                    0.08       2.06 f
  mult_x_6/U853/ZN (IND3D0BWP40P140HVT)                   0.22       2.28 f
  mult_x_6/U901/ZN (OAI222D0BWP40P140)                    0.14       2.43 r
  mult_x_6/U902/ZN (AOI21D0BWP40P140)                     0.04       2.46 f
  mult_x_6/U903/ZN (MUX2ND0BWP40P140)                     0.05       2.51 r
  mult_x_6/U955/CO (HA1D0BWP40P140)                       0.06       2.57 r
  mult_x_6/U951/CO (FA1D0BWP40P140)                       0.07       2.64 r
  mult_x_6/U948/CO (FA1D0BWP40P140)                       0.07       2.71 r
  mult_x_6/U944/CO (FA1D0BWP40P140)                       0.07       2.79 r
  mult_x_6/U941/CO (FA1D0BWP40P140)                       0.07       2.86 r
  mult_x_6/U938/CO (FA1D0BWP40P140)                       0.07       2.93 r
  mult_x_6/U934/S (FA1D0BWP40P140)                        0.11       3.05 f
  mult_x_6/U998/S (FA1D0BWP40P140)                        0.13       3.18 r
  mult_x_6/U1077/CO (FA1D0BWP40P140)                      0.08       3.26 r
  mult_x_6/U1074/CO (FA1D0BWP40P140)                      0.07       3.33 r
  mult_x_6/U1069/CO (FA1D0BWP40P140)                      0.07       3.41 r
  mult_x_6/U1064/CO (FA1D0BWP40P140)                      0.07       3.48 r
  mult_x_6/U1275/CO (FA1D0BWP40P140)                      0.07       3.56 r
  mult_x_6/U1313/S (FA1D0BWP40P140)                       0.11       3.67 f
  mult_x_6/U1310/S (FA1D0BWP40P140)                       0.13       3.80 r
  mult_x_6/U1284/CO (FA1D0BWP40P140)                      0.08       3.88 r
  mult_x_6/U1311/Z (XOR4D0BWP40P140)                      0.10       3.98 r
  mult_x_6/U718/Z (XOR2UD0BWP40P140)                      0.03       4.02 r
  mult_x_6/product[26] (core4_a24_b16_c24_DW_mult_tc_J2_0)
                                                          0.00       4.02 r
  s_w_5_reg_26_/D (DFKCNQD1BWP40P140)                     0.00       4.02 r
  data arrival time                                                  4.02

  clock clk (rise edge)                                   5.00       5.00
  clock network delay (ideal)                             0.00       5.00
  s_w_5_reg_26_/CP (DFKCNQD1BWP40P140)                    0.00       5.00 r
  library setup time                                     -0.05       4.95
  data required time                                                 4.95
  --------------------------------------------------------------------------
  data required time                                                 4.95
  data arrival time                                                 -4.02
  --------------------------------------------------------------------------
  slack (MET)                                                        0.93


1
