 
****************************************
Report : area
Design : core4_a32_b10_c32
Version: O-2018.06-SP5
Date   : Tue May 12 06:49:52 2026
****************************************

Library(s) Used:

    tcbn28hpcplusbwp40p140lvtssg0p81vm40c_ccs (File: /export1/Library/TN28HPC+/STD_CELL_ext/track9_200824/TSMCHOME/digital/Front_End/timing_power_noise/CCS/tcbn28hpcplusbwp40p140lvt_180a/tcbn28hpcplusbwp40p140lvtssg0p81vm40c_ccs.db)
    tcbn28hpcplusbwp40p140ssg0p81vm40c_ccs (File: /export1/Library/TN28HPC+/STD_CELL_ext/track9_200824/TSMCHOME/digital/Front_End/timing_power_noise/CCS/tcbn28hpcplusbwp40p140_180a/tcbn28hpcplusbwp40p140ssg0p81vm40c_ccs.db)
    tcbn28hpcplusbwp40p140hvtssg0p81vm40c_ccs (File: /export1/Library/TN28HPC+/STD_CELL_ext/track9_200824/TSMCHOME/digital/Front_End/timing_power_noise/CCS/tcbn28hpcplusbwp40p140hvt_180a/tcbn28hpcplusbwp40p140hvtssg0p81vm40c_ccs.db)

Number of ports:                         3590
Number of nets:                         11929
Number of cells:                         6361
Number of combinational cells:           5965
Number of sequential cells:               372
Number of macros/black boxes:               0
Number of buf/inv:                        652
Number of references:                      14

Combinational area:               7430.219876
Buf/Inv area:                      175.266002
Noncombinational area:             749.952012
Macro/Black Box area:                0.000000
Net Interconnect area:      undefined  (Wire load has zero net area)

Total cell area:                  8180.171889
Total area:                 undefined

Area of detected synthetic parts
--------------------------------
                                                  Perc. of
  Module               Implem.  Count       Area cell area
  -------------------- -------  ----- ---------- ---------
  DP_OP_106J2_122_9073     str      1  2043.7019     25.0%
  DP_OP_52J2_123_8276      str      1   205.6319      2.5%
  DP_OP_52J3_122_4539      str      1    69.8040      0.9%
  DP_OP_53J2_124_963       str      1   284.5079      3.5%
  DP_OP_53J3_123_9506      str      1    90.4679      1.1%
  DP_OP_54J2_125_7758      str      1   286.0198      3.5%
  DP_OP_54J3_124_4915      str      1    97.6500      1.2%
  DW_mult_tc           apparch      4  2689.9777     32.9%
  DW_mult_uns          apparch      3  1625.9074     19.9%
  -------------------- -------  ----- ---------- ---------
  DP_OP Subtotal:                   7  3077.7834     37.6%
  Total:                           14  7393.6684     90.4%

Subtotal of datapath(DP_OP) cell area:  3077.7834  37.6%  
Total synthetic cell area:              7393.6684  90.4%  

1
