Information: Updating design information... (UID-85)
 
****************************************
Report : qor
Design : core4_a28_b10_c28
Version: O-2018.06-SP5
Date   : Tue May 12 05:49:32 2026
****************************************


  Timing Path Group 'clk'
  -----------------------------------
  Levels of Logic:              40.00
  Critical Path Length:          3.82
  Critical Path Slack:           0.64
  Critical Path Clk Period:      5.00
  Total Negative Slack:          0.00
  No. of Violating Paths:        0.00
  Worst Hold Violation:          0.00
  Total Hold Violation:          0.00
  No. of Hold Violations:        0.00
  -----------------------------------


  Cell Count
  -----------------------------------
  Hierarchical Cell Count:         18
  Hierarchical Port Count:       2962
  Leaf Cell Count:               5597
  Buf/Inv Cell Count:             624
  Buf Cell Count:                  77
  Inv Cell Count:                 547
  CT Buf/Inv Cell Count:            0
  Combinational Cell Count:      5269
  Sequential Cell Count:          328
  Macro Count:                      0
  -----------------------------------


  Area
  -----------------------------------
  Combinational Area:     6504.497894
  Noncombinational Area:   661.248011
  Buf/Inv Area:            166.950002
  Total Buffer Area:            29.11
  Total Inverter Area:         137.84
  Macro/Black Box Area:      0.000000
  Net Area:                  0.000000
  -----------------------------------
  Cell Area:              7165.745904
  Design Area:            7165.745904


  Design Rules
  -----------------------------------
  Total Number of Nets:          7848
  Nets With Violations:             0
  Max Trans Violations:             0
  Max Cap Violations:               0
  -----------------------------------


  Hostname: inspur19

  Compile CPU Statistics
  -----------------------------------------
  Resource Sharing:                    0.00
  Logic Optimization:                  0.00
  Mapping Optimization:                0.00
  -----------------------------------------
  Overall Compile Time:              134.41
  Overall Compile Wall Clock Time:   348.03

  --------------------------------------------------------------------

  Design  WNS: 0.00  TNS: 0.00  Number of Violating Paths: 0


  Design (Hold)  WNS: 0.00  TNS: 0.00  Number of Violating Paths: 0

  --------------------------------------------------------------------


1
