 
****************************************
Report : area
Design : core4_a36_b12_c36
Version: O-2018.06-SP5
Date   : Tue May 12 08:41:26 2026
****************************************

Library(s) Used:

    tcbn28hpcplusbwp40p140lvtssg0p81vm40c_ccs (File: /export1/Library/TN28HPC+/STD_CELL_ext/track9_200824/TSMCHOME/digital/Front_End/timing_power_noise/CCS/tcbn28hpcplusbwp40p140lvt_180a/tcbn28hpcplusbwp40p140lvtssg0p81vm40c_ccs.db)
    tcbn28hpcplusbwp40p140ssg0p81vm40c_ccs (File: /export1/Library/TN28HPC+/STD_CELL_ext/track9_200824/TSMCHOME/digital/Front_End/timing_power_noise/CCS/tcbn28hpcplusbwp40p140_180a/tcbn28hpcplusbwp40p140ssg0p81vm40c_ccs.db)
    tcbn28hpcplusbwp40p140hvtssg0p81vm40c_ccs (File: /export1/Library/TN28HPC+/STD_CELL_ext/track9_200824/TSMCHOME/digital/Front_End/timing_power_noise/CCS/tcbn28hpcplusbwp40p140hvt_180a/tcbn28hpcplusbwp40p140hvtssg0p81vm40c_ccs.db)

Number of ports:                         4042
Number of nets:                         14476
Number of cells:                         7888
Number of combinational cells:           7448
Number of sequential cells:               416
Number of macros/black boxes:               0
Number of buf/inv:                        735
Number of references:                      15

Combinational area:               9298.169844
Buf/Inv area:                      197.442002
Noncombinational area:             836.892013
Macro/Black Box area:                0.000000
Net Interconnect area:      undefined  (Wire load has zero net area)

Total cell area:                 10135.061857
Total area:                 undefined

Area of detected synthetic parts
--------------------------------
                                                  Perc. of
  Module               Implem.  Count       Area cell area
  -------------------- -------  ----- ---------- ---------
  DP_OP_106J3_122_6288     str      1  2590.3169     25.6%
  DP_OP_52J2_122_3307      str      1   231.3359      2.3%
  DP_OP_52J3_123_9921      str      1    82.6560      0.8%
  DP_OP_53J2_123_7384      str      1   319.7878      3.2%
  DP_OP_53J3_124_5236      str      1   108.3599      1.1%
  DP_OP_54J2_124_3435      str      1   321.2998      3.2%
  DP_OP_54J3_125_3064      str      1   115.2899      1.1%
  DW_mult_tc           apparch      4  3380.8492     33.4%
  DW_mult_uns          apparch      3  2106.9796     20.8%
  -------------------- -------  ----- ---------- ---------
  DP_OP Subtotal:                   7  3769.0462     37.2%
  Total:                           14  9256.8750     91.3%

Subtotal of datapath(DP_OP) cell area:  3769.0462  37.2%  
Total synthetic cell area:              9256.8750  91.3%  

1
