Information: Updating design information... (UID-85)
Warning: Design 'core64_a36_b8_c36' contains 10 high-fanout nets. A fanout number of 1000 will be used for delay calculations involving these nets. (TIM-134)
 
****************************************
Report : qor
Design : core64_a36_b8_c36
Version: O-2018.06-SP5
Date   : Wed May 13 09:09:52 2026
****************************************


  Timing Path Group 'clk'
  -----------------------------------
  Levels of Logic:              68.00
  Critical Path Length:          4.46
  Critical Path Slack:           0.00
  Critical Path Clk Period:      5.00
  Total Negative Slack:          0.00
  No. of Violating Paths:        0.00
  Worst Hold Violation:          0.00
  Total Hold Violation:          0.00
  No. of Hold Violations:        0.00
  -----------------------------------


  Cell Count
  -----------------------------------
  Hierarchical Cell Count:       1314
  Hierarchical Port Count:     391406
  Leaf Cell Count:             644298
  Buf/Inv Cell Count:           74042
  Buf Cell Count:               11420
  Inv Cell Count:               62622
  CT Buf/Inv Cell Count:            0
  Combinational Cell Count:    601656
  Sequential Cell Count:        42642
  Macro Count:                      0
  -----------------------------------


  Area
  -----------------------------------
  Combinational Area:   765323.735936
  Noncombinational Area: 84034.062666
  Buf/Inv Area:          20128.878151
  Total Buffer Area:          4318.27
  Total Inverter Area:       15810.61
  Macro/Black Box Area:      0.000000
  Net Area:                  0.000000
  -----------------------------------
  Cell Area:            849357.798602
  Design Area:          849357.798602


  Design Rules
  -----------------------------------
  Total Number of Nets:        910278
  Nets With Violations:             0
  Max Trans Violations:             0
  Max Cap Violations:               0
  -----------------------------------


  Hostname: inspur19

  Compile CPU Statistics
  -----------------------------------------
  Resource Sharing:                    0.00
  Logic Optimization:                  0.00
  Mapping Optimization:                0.00
  -----------------------------------------
  Overall Compile Time:            12201.84
  Overall Compile Wall Clock Time:  1017.53

  --------------------------------------------------------------------

  Design  WNS: 0.00  TNS: 0.00  Number of Violating Paths: 0


  Design (Hold)  WNS: 0.00  TNS: 0.00  Number of Violating Paths: 0

  --------------------------------------------------------------------


1
