 
****************************************
Report : area
Design : core4_a36_b10_c36
Version: O-2018.06-SP5
Date   : Tue May 12 07:57:05 2026
****************************************

Library(s) Used:

    tcbn28hpcplusbwp40p140lvtssg0p81vm40c_ccs (File: /export1/Library/TN28HPC+/STD_CELL_ext/track9_200824/TSMCHOME/digital/Front_End/timing_power_noise/CCS/tcbn28hpcplusbwp40p140lvt_180a/tcbn28hpcplusbwp40p140lvtssg0p81vm40c_ccs.db)
    tcbn28hpcplusbwp40p140ssg0p81vm40c_ccs (File: /export1/Library/TN28HPC+/STD_CELL_ext/track9_200824/TSMCHOME/digital/Front_End/timing_power_noise/CCS/tcbn28hpcplusbwp40p140_180a/tcbn28hpcplusbwp40p140ssg0p81vm40c_ccs.db)
    tcbn28hpcplusbwp40p140hvtssg0p81vm40c_ccs (File: /export1/Library/TN28HPC+/STD_CELL_ext/track9_200824/TSMCHOME/digital/Front_End/timing_power_noise/CCS/tcbn28hpcplusbwp40p140hvt_180a/tcbn28hpcplusbwp40p140hvtssg0p81vm40c_ccs.db)

Number of ports:                         3950
Number of nets:                         13589
Number of cells:                         7257
Number of combinational cells:           6817
Number of sequential cells:               416
Number of macros/black boxes:               0
Number of buf/inv:                        720
Number of references:                      14

Combinational area:               8610.839856
Buf/Inv area:                      193.410002
Noncombinational area:             838.656013
Macro/Black Box area:                0.000000
Net Interconnect area:      undefined  (Wire load has zero net area)

Total cell area:                  9449.495870
Total area:                 undefined

Area of detected synthetic parts
--------------------------------
                                                  Perc. of
  Module               Implem.  Count       Area cell area
  -------------------- -------  ----- ---------- ---------
  DP_OP_106J3_122_6288     str      1  2590.3167     27.4%
  DP_OP_52J2_122_3307      str      1   231.3359      2.4%
  DP_OP_52J3_123_4539      str      1    69.8040      0.7%
  DP_OP_53J2_123_7384      str      1   319.7878      3.4%
  DP_OP_53J3_124_9506      str      1    90.4680      1.0%
  DP_OP_54J2_124_3435      str      1   321.2998      3.4%
  DP_OP_54J3_125_4915      str      1    97.6500      1.0%
  DW_mult_tc           apparch      4  3013.6815     31.9%
  DW_mult_uns          apparch      3  1836.9565     19.4%
  -------------------- -------  ----- ---------- ---------
  DP_OP Subtotal:                   7  3720.6620     39.4%
  Total:                           14  8571.3001     90.7%

Subtotal of datapath(DP_OP) cell area:  3720.6620  39.4%  
Total synthetic cell area:              8571.3001  90.7%  

1
