Information: Updating design information... (UID-85)
 
****************************************
Report : qor
Design : core4_a28_b16_c28
Version: O-2018.06-SP5
Date   : Tue May 12 06:40:00 2026
****************************************


  Timing Path Group 'clk'
  -----------------------------------
  Levels of Logic:              50.00
  Critical Path Length:          4.24
  Critical Path Slack:           0.21
  Critical Path Clk Period:      5.00
  Total Negative Slack:          0.00
  No. of Violating Paths:        0.00
  Worst Hold Violation:          0.00
  Total Hold Violation:          0.00
  No. of Hold Violations:        0.00
  -----------------------------------


  Cell Count
  -----------------------------------
  Hierarchical Cell Count:         18
  Hierarchical Port Count:       3214
  Leaf Cell Count:               6711
  Buf/Inv Cell Count:             683
  Buf Cell Count:                  85
  Inv Cell Count:                 598
  CT Buf/Inv Cell Count:            0
  Combinational Cell Count:      6383
  Sequential Cell Count:          328
  Macro Count:                      0
  -----------------------------------


  Area
  -----------------------------------
  Combinational Area:     7700.237876
  Noncombinational Area:   661.248011
  Buf/Inv Area:            182.826002
  Total Buffer Area:            32.13
  Total Inverter Area:         150.70
  Macro/Black Box Area:      0.000000
  Net Area:                  0.000000
  -----------------------------------
  Cell Area:              8361.485887
  Design Area:            8361.485887


  Design Rules
  -----------------------------------
  Total Number of Nets:          9270
  Nets With Violations:             0
  Max Trans Violations:             0
  Max Cap Violations:               0
  -----------------------------------


  Hostname: inspur19

  Compile CPU Statistics
  -----------------------------------------
  Resource Sharing:                    0.00
  Logic Optimization:                  0.00
  Mapping Optimization:                0.00
  -----------------------------------------
  Overall Compile Time:              143.63
  Overall Compile Wall Clock Time:   370.66

  --------------------------------------------------------------------

  Design  WNS: 0.00  TNS: 0.00  Number of Violating Paths: 0


  Design (Hold)  WNS: 0.00  TNS: 0.00  Number of Violating Paths: 0

  --------------------------------------------------------------------


1
