 
****************************************
Report : timing
        -path full
        -delay max
        -nets
        -max_paths 1
        -transition_time
Design : core16_a32_b14_c32
Version: O-2018.06-SP5
Date   : Tue May 12 16:11:08 2026
****************************************

 # A fanout number of 1000 was used for high fanout net computations.

Operating Conditions: ssg0p81vm40c   Library: tcbn28hpcplusbwp40p140hvtssg0p81vm40c_ccs
Wire Load Model Mode: segmented

  Startpoint: io_b_3[0] (input port clocked by clk)
  Endpoint: core4_1/s_w_3_reg_37_
            (rising edge-triggered flip-flop clocked by clk)
  Path Group: clk
  Path Type: max

  Des/Clust/Port     Wire Load Model       Library
  ------------------------------------------------
  core16_a32_b14_c32 ZeroWireload          tcbn28hpcplusbwp40p140hvtssg0p81vm40c_ccs
  Eval_1_0_DP_OP_52J7_122_4593_J7_0_3 ZeroWireload tcbn28hpcplusbwp40p140hvtssg0p81vm40c_ccs
  Eval_1_0_DP_OP_53J7_123_1321_J7_0_3 ZeroWireload tcbn28hpcplusbwp40p140hvtssg0p81vm40c_ccs
  Eval_1_0_DP_OP_54J7_124_2501_J7_0_3 ZeroWireload tcbn28hpcplusbwp40p140hvtssg0p81vm40c_ccs
  Eval_9_5_DP_OP_56J11_128_3026_J11_0 ZeroWireload tcbn28hpcplusbwp40p140hvtssg0p81vm40c_ccs
  Eval_9_5_DP_OP_55J11_127_7444_J11_0 ZeroWireload tcbn28hpcplusbwp40p140hvtssg0p81vm40c_ccs
  Eval_9_5_DP_OP_54J11_126_6861_J11_0 ZeroWireload tcbn28hpcplusbwp40p140hvtssg0p81vm40c_ccs
  core4_5_DW_mult_uns_J13_0 ZeroWireload   tcbn28hpcplusbwp40p140hvtssg0p81vm40c_ccs
  core4_5_DW_mult_tc_J13_2 ZeroWireload    tcbn28hpcplusbwp40p140hvtssg0p81vm40c_ccs

Attributes:
    d - dont_touch
    u - dont_use
   mo - map_only
   so - size_only
    i - ideal_net or ideal_network
  inf - infeasible path

  Point                                       Fanout     Trans      Incr       Path      Attributes
  ---------------------------------------------------------------------------------------------------------
  clock clk (rise edge)                                             0.00       0.00
  clock network delay (ideal)                                       0.00       0.00
  input external delay                                              0.50       0.50 r
  io_b_3[0] (in)                                          0.00      0.00       0.50 r
  io_b_3[0] (net)                               1                   0.00       0.50 r
  evalB/io_in_3[0] (Eval_1_3)                                       0.00       0.50 r
  evalB/io_in_3[0] (net)                                            0.00       0.50 r
  evalB/U22/ZN (INVD0P7BWP40P140)                         0.01      0.01       0.51 f
  evalB/n5 (net)                                1                   0.00       0.51 f
  evalB/U49/ZN (INVD1BWP40P140LVT)                        0.03      0.02       0.53 r
  evalB/io_out_0[0] (net)                       4                   0.00       0.53 r
  evalB/DP_OP_52J7_122_4593/I2[1] (Eval_1_0_DP_OP_52J7_122_4593_J7_0_3)     0.00     0.53 r
  evalB/DP_OP_52J7_122_4593/I2[1] (net)                             0.00       0.53 r
  evalB/DP_OP_52J7_122_4593/U101/CO (HA1D0BWP40P140LVT)     0.02     0.04      0.56 r
  evalB/DP_OP_52J7_122_4593/n162 (net)          1                   0.00       0.56 r
  evalB/DP_OP_52J7_122_4593/U54/S (FA1D1BWP40P140)        0.02      0.09       0.66 f
  evalB/DP_OP_52J7_122_4593/n163 (net)          1                   0.00       0.66 f
  evalB/DP_OP_52J7_122_4593/U86/CO (FA1D0BWP40P140)       0.03      0.07       0.73 f
  evalB/DP_OP_52J7_122_4593/n174 (net)          1                   0.00       0.73 f
  evalB/DP_OP_52J7_122_4593/U93/CO (FA1D0BWP40P140)       0.03      0.07       0.80 f
  evalB/DP_OP_52J7_122_4593/n178 (net)          1                   0.00       0.80 f
  evalB/DP_OP_52J7_122_4593/U53/CO (FA1D1BWP40P140)       0.02      0.06       0.86 f
  evalB/DP_OP_52J7_122_4593/n176 (net)          1                   0.00       0.86 f
  evalB/DP_OP_52J7_122_4593/U82/S (FA1D0BWP40P140)        0.04      0.12       0.98 r
  evalB/DP_OP_52J7_122_4593/n234 (net)          1                   0.00       0.98 r
  evalB/DP_OP_52J7_122_4593/U89/CO (FA1D0BWP40P140)       0.03      0.08       1.05 r
  evalB/DP_OP_52J7_122_4593/n211 (net)          1                   0.00       1.05 r
  evalB/DP_OP_52J7_122_4593/U96/CO (FA1D0BWP40P140)       0.03      0.07       1.13 r
  evalB/DP_OP_52J7_122_4593/n231 (net)          1                   0.00       1.13 r
  evalB/DP_OP_52J7_122_4593/U85/CO (FA1D0BWP40P140)       0.03      0.07       1.20 r
  evalB/DP_OP_52J7_122_4593/n229 (net)          1                   0.00       1.20 r
  evalB/DP_OP_52J7_122_4593/U91/CO (FA1D0BWP40P140)       0.03      0.07       1.27 r
  evalB/DP_OP_52J7_122_4593/n227 (net)          1                   0.00       1.27 r
  evalB/DP_OP_52J7_122_4593/U97/S (FA1D0BWP40P140)        0.02      0.10       1.38 f
  evalB/DP_OP_52J7_122_4593/O1[11] (net)        1                   0.00       1.38 f
  evalB/DP_OP_52J7_122_4593/O1[11] (Eval_1_0_DP_OP_52J7_122_4593_J7_0_3)     0.00     1.38 f
  evalB/io_out_1[11] (net)                                          0.00       1.38 f
  evalB/io_out_1[11] (Eval_1_3)                                     0.00       1.38 f
  evalB_io_out_1[11] (net)                                          0.00       1.38 f
  core4_1/io_b_0[11] (core4_5)                                      0.00       1.38 f
  core4_1/io_b_0[11] (net)                                          0.00       1.38 f
  core4_1/evalB/io_in_0[11] (Eval_9_5)                              0.00       1.38 f
  core4_1/evalB/io_in_0[11] (net)                                   0.00       1.38 f
  core4_1/evalB/U10/ZN (CKND0BWP40P140)                   0.02      0.02       1.40 r
  core4_1/evalB/n20 (net)                       1                   0.00       1.40 r
  core4_1/evalB/U7/ZN (INVD2BWP40P140LVT)                 0.05      0.04       1.44 f
  core4_1/evalB/io_out_6[11] (net)             35                   0.00       1.44 f
  core4_1/evalB/DP_OP_55J11_127_7444/I2[11] (Eval_9_5_DP_OP_55J11_127_7444_J11_0)     0.00     1.44 f
  core4_1/evalB/DP_OP_55J11_127_7444/I2[11] (net)                   0.00       1.44 f
  core4_1/evalB/DP_OP_55J11_127_7444/U181/CO (FA1D0BWP40P140)     0.03     0.09     1.53 f
  core4_1/evalB/DP_OP_55J11_127_7444/n289 (net)     1               0.00       1.53 f
  core4_1/evalB/DP_OP_55J11_127_7444/U162/CO (FA1D0BWP40P140)     0.03     0.07     1.60 f
  core4_1/evalB/DP_OP_55J11_127_7444/n287 (net)     1               0.00       1.60 f
  core4_1/evalB/DP_OP_55J11_127_7444/U164/S (FA1D0BWP40P140)     0.06     0.14     1.74 r
  core4_1/evalB/DP_OP_55J11_127_7444/n391 (net)     2               0.00       1.74 r
  core4_1/evalB/DP_OP_55J11_127_7444/U169/CO (FA1D0BWP40P140)     0.03     0.09     1.83 r
  core4_1/evalB/DP_OP_55J11_127_7444/n386 (net)     1               0.00       1.83 r
  core4_1/evalB/DP_OP_55J11_127_7444/U216/S (FA1D1BWP40P140)     0.09     0.14     1.97 f
  core4_1/evalB/DP_OP_55J11_127_7444/O2[14] (net)    30             0.00       1.97 f
  core4_1/evalB/DP_OP_55J11_127_7444/O2[14] (Eval_9_5_DP_OP_55J11_127_7444_J11_0)     0.00     1.97 f
  core4_1/evalB/io_out_3[14] (net)                                  0.00       1.97 f
  core4_1/evalB/io_out_3[14] (Eval_9_5)                             0.00       1.97 f
  core4_1/evalB_io_out_3[14] (net)                                  0.00       1.97 f
  core4_1/mult_x_4/b[14] (core4_5_DW_mult_tc_J13_2)                 0.00       1.97 f
  core4_1/mult_x_4/b[14] (net)                                      0.00       1.97 f
  core4_1/mult_x_4/U1267/ZN (INVD0P7BWP40P140)            0.13      0.12       2.09 r
  core4_1/mult_x_4/n2550 (net)                 28                   0.00       2.09 r
  core4_1/mult_x_4/U1422/ZN (MUX2ND0BWP40P140)            0.05      0.06       2.15 f
  core4_1/mult_x_4/n1509 (net)                  3                   0.00       2.15 f
  core4_1/mult_x_4/U1429/ZN (INR3D0BWP40P140)             0.39      0.26       2.41 r
  core4_1/mult_x_4/n1511 (net)                 24                   0.00       2.41 r
  core4_1/mult_x_4/U1710/ZN (AOI221D0BWP40P140)           0.12      0.10       2.51 f
  core4_1/mult_x_4/n1892 (net)                  1                   0.00       2.51 f
  core4_1/mult_x_4/U1711/ZN (MUX2ND0BWP40P140)            0.05      0.09       2.59 f
  core4_1/mult_x_4/n2009 (net)                  1                   0.00       2.59 f
  core4_1/mult_x_4/U1258/S (HA1D0BWP40P140)               0.03      0.08       2.67 r
  core4_1/mult_x_4/n2139 (net)                  1                   0.00       2.67 r
  core4_1/mult_x_4/U1892/S (FA1D1BWP40P140)               0.03      0.10       2.77 f
  core4_1/mult_x_4/n2283 (net)                  1                   0.00       2.77 f
  core4_1/mult_x_4/U2003/S (FA1D1BWP40P140)               0.03      0.11       2.89 r
  core4_1/mult_x_4/n2465 (net)                  1                   0.00       2.89 r
  core4_1/mult_x_4/U1333/S (FA1D0BWP40P140)               0.03      0.12       3.01 f
  core4_1/mult_x_4/n2661 (net)                  1                   0.00       3.01 f
  core4_1/mult_x_4/U1369/CO (FA1D0BWP40P140)              0.03      0.08       3.09 f
  core4_1/mult_x_4/n2656 (net)                  1                   0.00       3.09 f
  core4_1/mult_x_4/U2176/CO (FA1D1BWP40P140)              0.02      0.06       3.15 f
  core4_1/mult_x_4/n2653 (net)                  1                   0.00       3.15 f
  core4_1/mult_x_4/U1370/CO (FA1D0BWP40P140)              0.03      0.07       3.22 f
  core4_1/mult_x_4/n2650 (net)                  1                   0.00       3.22 f
  core4_1/mult_x_4/U2175/CO (FA1D0BWP40P140)              0.03      0.07       3.29 f
  core4_1/mult_x_4/n2647 (net)                  1                   0.00       3.29 f
  core4_1/mult_x_4/U1371/CO (FA1D0BWP40P140)              0.03      0.07       3.36 f
  core4_1/mult_x_4/n2644 (net)                  1                   0.00       3.36 f
  core4_1/mult_x_4/U2174/CO (FA1D1BWP40P140)              0.02      0.06       3.42 f
  core4_1/mult_x_4/n2641 (net)                  1                   0.00       3.42 f
  core4_1/mult_x_4/U2173/CO (FA1D1BWP40P140)              0.02      0.06       3.48 f
  core4_1/mult_x_4/n2638 (net)                  1                   0.00       3.48 f
  core4_1/mult_x_4/U1372/CO (FA1D0BWP40P140)              0.03      0.07       3.55 f
  core4_1/mult_x_4/n2635 (net)                  1                   0.00       3.55 f
  core4_1/mult_x_4/U2172/CO (FA1D1BWP40P140)              0.02      0.06       3.61 f
  core4_1/mult_x_4/n2632 (net)                  1                   0.00       3.61 f
  core4_1/mult_x_4/U1373/CO (FA1D0BWP40P140)              0.03      0.07       3.67 f
  core4_1/mult_x_4/n2629 (net)                  1                   0.00       3.67 f
  core4_1/mult_x_4/U2171/CO (FA1D1BWP40P140)              0.02      0.06       3.73 f
  core4_1/mult_x_4/n2626 (net)                  1                   0.00       3.73 f
  core4_1/mult_x_4/U1374/CO (FA1D0BWP40P140)              0.03      0.07       3.80 f
  core4_1/mult_x_4/n2623 (net)                  1                   0.00       3.80 f
  core4_1/mult_x_4/U2170/CO (FA1D1BWP40P140)              0.02      0.06       3.86 f
  core4_1/mult_x_4/n2620 (net)                  1                   0.00       3.86 f
  core4_1/mult_x_4/U1375/CO (FA1D0BWP40P140)              0.03      0.07       3.93 f
  core4_1/mult_x_4/n2617 (net)                  1                   0.00       3.93 f
  core4_1/mult_x_4/U2169/CO (FA1D1BWP40P140)              0.02      0.06       3.99 f
  core4_1/mult_x_4/n2614 (net)                  1                   0.00       3.99 f
  core4_1/mult_x_4/U1376/CO (FA1D0BWP40P140)              0.03      0.07       4.06 f
  core4_1/mult_x_4/n2611 (net)                  1                   0.00       4.06 f
  core4_1/mult_x_4/U2168/CO (FA1D1BWP40P140)              0.02      0.06       4.12 f
  core4_1/mult_x_4/n2608 (net)                  1                   0.00       4.12 f
  core4_1/mult_x_4/U1377/CO (FA1D0BWP40P140)              0.03      0.07       4.19 f
  core4_1/mult_x_4/n2605 (net)                  1                   0.00       4.19 f
  core4_1/mult_x_4/U2167/CO (FA1D1BWP40P140)              0.02      0.06       4.25 f
  core4_1/mult_x_4/n2602 (net)                  1                   0.00       4.25 f
  core4_1/mult_x_4/U1378/CO (FA1D0BWP40P140)              0.03      0.07       4.32 f
  core4_1/mult_x_4/n2599 (net)                  1                   0.00       4.32 f
  core4_1/mult_x_4/U2166/CO (FA1D1BWP40P140)              0.02      0.06       4.38 f
  core4_1/mult_x_4/n2596 (net)                  1                   0.00       4.38 f
  core4_1/mult_x_4/U2165/CO (FA1D1BWP40P140)              0.02      0.06       4.43 f
  core4_1/mult_x_4/n2593 (net)                  1                   0.00       4.43 f
  core4_1/mult_x_4/U1206/CO (FA1D1BWP40P140)              0.02      0.05       4.49 f
  core4_1/mult_x_4/n2541 (net)                  1                   0.00       4.49 f
  core4_1/mult_x_4/U1278/ZN (MUX2ND0BWP40P140)            0.05      0.04       4.53 f
  core4_1/mult_x_4/n2553 (net)                  1                   0.00       4.53 f
  core4_1/mult_x_4/U1241/Z (XOR4D1BWP40P140LVT)           0.02      0.08       4.60 f
  core4_1/mult_x_4/n2555 (net)                  1                   0.00       4.60 f
  core4_1/mult_x_4/U1240/Z (XOR2UD1BWP40P140)             0.03      0.04       4.64 f
  core4_1/mult_x_4/n2566 (net)                  2                   0.00       4.64 f
  core4_1/mult_x_4/U1202/ZN (OAI21D0BWP40P140HVT)         0.04      0.03       4.68 r
  core4_1/mult_x_4/n2563 (net)                  1                   0.00       4.68 r
  core4_1/mult_x_4/U1239/ZN (OAI31D0BWP40P140LVT)         0.03      0.03       4.71 f
  core4_1/mult_x_4/n2583 (net)                  1                   0.00       4.71 f
  core4_1/mult_x_4/U1196/Z (XOR4D1BWP40P140)              0.02      0.11       4.82 r
  core4_1/mult_x_4/n2586 (net)                  1                   0.00       4.82 r
  core4_1/mult_x_4/U1379/Z (XOR4D1BWP40P140)              0.02      0.09       4.91 f
  core4_1/mult_x_4/n2590 (net)                  1                   0.00       4.91 f
  core4_1/mult_x_4/U1238/Z (XOR3D0BWP40P140)              0.02      0.06       4.97 r
  core4_1/mult_x_4/product[37] (net)            1                   0.00       4.97 r
  core4_1/mult_x_4/product[37] (core4_5_DW_mult_tc_J13_2)           0.00       4.97 r
  core4_1/n_w_3_T_1[37] (net)                                       0.00       4.97 r
  core4_1/s_w_3_reg_37_/D (DFQD1BWP40P140)                0.02      0.00       4.97 r
  data arrival time                                                            4.97

  clock clk (rise edge)                                             5.00       5.00
  clock network delay (ideal)                                       0.00       5.00
  core4_1/s_w_3_reg_37_/CP (DFQD1BWP40P140)                         0.00       5.00 r
  library setup time                                               -0.03       4.97
  data required time                                                           4.97
  ---------------------------------------------------------------------------------------------------------
  data required time                                                           4.97
  data arrival time                                                           -4.97
  ---------------------------------------------------------------------------------------------------------
  slack (MET)                                                                  0.00


1
