 
****************************************
Report : timing
        -path full
        -delay max
        -max_paths 3
Design : core16_a28_b8_c28
Version: O-2018.06-SP5
Date   : Tue May 12 15:27:13 2026
****************************************

 # A fanout number of 1000 was used for high fanout net computations.

Operating Conditions: ssg0p81vm40c   Library: tcbn28hpcplusbwp40p140hvtssg0p81vm40c_ccs
Wire Load Model Mode: segmented

  Startpoint: io_b_3[2] (input port clocked by clk)
  Endpoint: core4_5/s_w_3_reg_33_
            (rising edge-triggered flip-flop clocked by clk)
  Path Group: clk
  Path Type: max

  Des/Clust/Port     Wire Load Model       Library
  ------------------------------------------------
  core16_a28_b8_c28  ZeroWireload          tcbn28hpcplusbwp40p140hvtssg0p81vm40c_ccs
  Eval_1_0_DP_OP_52J9_125_102_J9_0_3
                     ZeroWireload          tcbn28hpcplusbwp40p140hvtssg0p81vm40c_ccs
  Eval_1_0_DP_OP_53J9_126_6763_J9_0_3
                     ZeroWireload          tcbn28hpcplusbwp40p140hvtssg0p81vm40c_ccs
  Eval_1_0_DP_OP_54J9_127_2528_J9_0_3
                     ZeroWireload          tcbn28hpcplusbwp40p140hvtssg0p81vm40c_ccs
  Eval_9_6_DP_OP_54J5_125_5862_J5_0
                     ZeroWireload          tcbn28hpcplusbwp40p140hvtssg0p81vm40c_ccs
  Eval_9_6_DP_OP_55J5_126_2234_J5_0
                     ZeroWireload          tcbn28hpcplusbwp40p140hvtssg0p81vm40c_ccs
  Eval_9_6_DP_OP_56J5_127_2589_J5_0
                     ZeroWireload          tcbn28hpcplusbwp40p140hvtssg0p81vm40c_ccs
  Eval_9_1_DP_OP_55J9_124_912_J9_0_0
                     ZeroWireload          tcbn28hpcplusbwp40p140hvtssg0p81vm40c_ccs
  Eval_9_1_DP_OP_54J9_123_7247_J9_0_0
                     ZeroWireload          tcbn28hpcplusbwp40p140hvtssg0p81vm40c_ccs
  Eval_9_1_DP_OP_53J9_122_7322_J9_0_0
                     ZeroWireload          tcbn28hpcplusbwp40p140hvtssg0p81vm40c_ccs
  core4_1_DW_mult_tc_J10_0_0
                     ZeroWireload          tcbn28hpcplusbwp40p140hvtssg0p81vm40c_ccs
  core4_1_DW_mult_tc_J10_3_0
                     ZeroWireload          tcbn28hpcplusbwp40p140hvtssg0p81vm40c_ccs

  Point                                                   Incr       Path
  --------------------------------------------------------------------------
  clock clk (rise edge)                                   0.00       0.00
  clock network delay (ideal)                             0.00       0.00
  input external delay                                    0.50       0.50 r
  io_b_3[2] (in)                                          0.00       0.50 r
  evalB/io_in_3[2] (Eval_1_3)                             0.00       0.50 r
  evalB/U31/ZN (CKND0BWP40P140)                           0.01       0.51 f
  evalB/U10/ZN (CKND2BWP40P140)                           0.03       0.55 r
  evalB/DP_OP_54J9_127_2528/I3[2] (Eval_1_0_DP_OP_54J9_127_2528_J9_0_3)
                                                          0.00       0.55 r
  evalB/DP_OP_54J9_127_2528/U68/S (HA1D0BWP40P140)        0.06       0.61 f
  evalB/DP_OP_54J9_127_2528/U107/ZN (CKND0BWP40P140)      0.03       0.64 r
  evalB/DP_OP_54J9_127_2528/U99/CO (FA1D0BWP40P140)       0.08       0.72 r
  evalB/DP_OP_54J9_127_2528/U73/CO (FA1D0BWP40P140)       0.08       0.79 r
  evalB/DP_OP_54J9_127_2528/U74/CO (FA1D0BWP40P140)       0.07       0.87 r
  evalB/DP_OP_54J9_127_2528/U91/CO (FA1D0BWP40P140)       0.07       0.94 r
  evalB/DP_OP_54J9_127_2528/U75/CO (FA1D0BWP40P140)       0.07       1.01 r
  evalB/DP_OP_54J9_127_2528/U76/CO (FA1D0BWP40P140)       0.07       1.09 r
  evalB/DP_OP_54J9_127_2528/U71/S (FA1D0BWP40P140)        0.10       1.19 f
  evalB/DP_OP_54J9_127_2528/O2[8] (Eval_1_0_DP_OP_54J9_127_2528_J9_0_3)
                                                          0.00       1.19 f
  evalB/io_out_5[8] (Eval_1_3)                            0.00       1.19 f
  core4_5/io_b_0[8] (core4_1)                             0.00       1.19 f
  core4_5/evalB/io_in_0[8] (Eval_9_1)                     0.00       1.19 f
  core4_5/evalB/U4/ZN (CKND0BWP40P140)                    0.02       1.21 r
  core4_5/evalB/U5/ZN (INVD1BWP40P140LVT)                 0.06       1.27 f
  core4_5/evalB/DP_OP_54J9_123_7247/I1[8] (Eval_9_1_DP_OP_54J9_123_7247_J9_0_0)
                                                          0.00       1.27 f
  core4_5/evalB/DP_OP_54J9_123_7247/U124/CO (FA1D0BWP40P140)
                                                          0.11       1.38 f
  core4_5/evalB/DP_OP_54J9_123_7247/U126/S (FA1D0BWP40P140)
                                                          0.14       1.52 r
  core4_5/evalB/DP_OP_54J9_123_7247/U139/CO (FA1D0BWP40P140)
                                                          0.09       1.60 r
  core4_5/evalB/DP_OP_54J9_123_7247/U140/CO (FA1D0BWP40P140)
                                                          0.07       1.68 r
  core4_5/evalB/DP_OP_54J9_123_7247/U141/S (FA1D0BWP40P140)
                                                          0.18       1.86 f
  core4_5/evalB/DP_OP_54J9_123_7247/O2[11] (Eval_9_1_DP_OP_54J9_123_7247_J9_0_0)
                                                          0.00       1.86 f
  core4_5/evalB/io_out_3[11] (Eval_9_1)                   0.00       1.86 f
  core4_5/mult_x_4/b[11] (core4_1_DW_mult_tc_J10_3_0)     0.00       1.86 f
  core4_5/mult_x_4/U1125/ZN (CKND0BWP40P140)              0.16       2.02 r
  core4_5/mult_x_4/U1254/ZN (MUX2ND0BWP40P140)            0.07       2.10 f
  core4_5/mult_x_4/U902/ZN (NR2D0BWP40P140)               0.18       2.27 r
  core4_5/mult_x_4/U942/ZN (AOI222D0BWP40P140)            0.10       2.37 f
  core4_5/mult_x_4/U1314/ZN (MUX2ND0BWP40P140)            0.08       2.45 f
  core4_5/mult_x_4/U983/S (HA1D0BWP40P140)                0.08       2.53 r
  core4_5/mult_x_4/U1007/CO (FA1D0BWP40P140)              0.08       2.61 r
  core4_5/mult_x_4/U1008/S (FA1D0BWP40P140)               0.11       2.72 f
  core4_5/mult_x_4/U1048/S (FA1D0BWP40P140)               0.13       2.85 r
  core4_5/mult_x_4/U1101/CO (FA1D0BWP40P140)              0.08       2.93 r
  core4_5/mult_x_4/U1091/CO (FA1D0BWP40P140)              0.07       3.01 r
  core4_5/mult_x_4/U1102/CO (FA1D0BWP40P140)              0.07       3.08 r
  core4_5/mult_x_4/U1103/CO (FA1D0BWP40P140)              0.07       3.15 r
  core4_5/mult_x_4/U1104/CO (FA1D0BWP40P140)              0.07       3.23 r
  core4_5/mult_x_4/U1105/CO (FA1D0BWP40P140)              0.07       3.30 r
  core4_5/mult_x_4/U1106/CO (FA1D0BWP40P140)              0.07       3.38 r
  core4_5/mult_x_4/U1107/CO (FA1D0BWP40P140)              0.07       3.45 r
  core4_5/mult_x_4/U1108/CO (FA1D0BWP40P140)              0.07       3.52 r
  core4_5/mult_x_4/U1109/CO (FA1D0BWP40P140)              0.07       3.60 r
  core4_5/mult_x_4/U1110/CO (FA1D0BWP40P140)              0.07       3.67 r
  core4_5/mult_x_4/U1111/CO (FA1D0BWP40P140)              0.07       3.75 r
  core4_5/mult_x_4/U1112/CO (FA1D0BWP40P140)              0.07       3.82 r
  core4_5/mult_x_4/U1113/CO (FA1D0BWP40P140)              0.07       3.89 r
  core4_5/mult_x_4/U1114/CO (FA1D0BWP40P140)              0.07       3.97 r
  core4_5/mult_x_4/U1115/CO (FA1D0BWP40P140)              0.07       4.04 r
  core4_5/mult_x_4/U1092/CO (FA1D0BWP40P140)              0.07       4.12 r
  core4_5/mult_x_4/U1116/CO (FA1D0BWP40P140)              0.07       4.19 r
  core4_5/mult_x_4/U1117/CO (FA1D0BWP40P140)              0.07       4.26 r
  core4_5/mult_x_4/U1118/CO (FA1D0BWP40P140)              0.07       4.34 r
  core4_5/mult_x_4/U1119/CO (FA1D0BWP40P140)              0.07       4.41 r
  core4_5/mult_x_4/U1120/CO (FA1D0BWP40P140)              0.07       4.49 r
  core4_5/mult_x_4/U903/Z (XOR4D0BWP40P140)               0.10       4.58 r
  core4_5/mult_x_4/U1003/Z (XOR4D1BWP40P140)              0.10       4.68 r
  core4_5/mult_x_4/U1029/Z (XOR4D0BWP40P140)              0.12       4.80 r
  core4_5/mult_x_4/U1090/ZN (OAI21D0BWP40P140HVT)         0.04       4.84 f
  core4_5/mult_x_4/U1089/ZN (OAI31D0BWP40P140LVT)         0.03       4.87 r
  core4_5/mult_x_4/U1121/Z (XOR4D1BWP40P140)              0.10       4.97 r
  core4_5/mult_x_4/product[33] (core4_1_DW_mult_tc_J10_3_0)
                                                          0.00       4.97 r
  core4_5/s_w_3_reg_33_/D (DFQD1BWP40P140)                0.00       4.97 r
  data arrival time                                                  4.97

  clock clk (rise edge)                                   5.00       5.00
  clock network delay (ideal)                             0.00       5.00
  core4_5/s_w_3_reg_33_/CP (DFQD1BWP40P140)               0.00       5.00 r
  library setup time                                     -0.03       4.97
  data required time                                                 4.97
  --------------------------------------------------------------------------
  data required time                                                 4.97
  data arrival time                                                 -4.97
  --------------------------------------------------------------------------
  slack (MET)                                                        0.00


  Startpoint: io_b_15[0] (input port clocked by clk)
  Endpoint: core4_3/s_w_5_reg_33_
            (rising edge-triggered flip-flop clocked by clk)
  Path Group: clk
  Path Type: max

  Des/Clust/Port     Wire Load Model       Library
  ------------------------------------------------
  core16_a28_b8_c28  ZeroWireload          tcbn28hpcplusbwp40p140hvtssg0p81vm40c_ccs
  Eval_1_0_DP_OP_52J9_125_102_J9_0_0
                     ZeroWireload          tcbn28hpcplusbwp40p140hvtssg0p81vm40c_ccs
  Eval_1_0_DP_OP_53J9_126_6763_J9_0_0
                     ZeroWireload          tcbn28hpcplusbwp40p140hvtssg0p81vm40c_ccs
  Eval_1_0_DP_OP_54J9_127_2528_J9_0_0
                     ZeroWireload          tcbn28hpcplusbwp40p140hvtssg0p81vm40c_ccs
  Eval_9_1_DP_OP_55J9_124_912_J9_0_1
                     ZeroWireload          tcbn28hpcplusbwp40p140hvtssg0p81vm40c_ccs
  Eval_9_1_DP_OP_54J9_123_7247_J9_0_1
                     ZeroWireload          tcbn28hpcplusbwp40p140hvtssg0p81vm40c_ccs
  Eval_9_1_DP_OP_53J9_122_7322_J9_0_1
                     ZeroWireload          tcbn28hpcplusbwp40p140hvtssg0p81vm40c_ccs
  core4_1_DW_mult_tc_J10_1_1
                     ZeroWireload          tcbn28hpcplusbwp40p140hvtssg0p81vm40c_ccs

  Point                                                   Incr       Path
  --------------------------------------------------------------------------
  clock clk (rise edge)                                   0.00       0.00
  clock network delay (ideal)                             0.00       0.00
  input external delay                                    0.50       0.50 f
  io_b_15[0] (in)                                         0.00       0.50 f
  evalB_3/io_in_3[0] (Eval_1_0)                           0.00       0.50 f
  evalB_3/U21/ZN (CKND6BWP40P140LVT)                      0.00       0.50 r
  evalB_3/U3/ZN (INVD6BWP40P140LVT)                       0.01       0.51 f
  evalB_3/DP_OP_53J9_126_6763/I4[0] (Eval_1_0_DP_OP_53J9_126_6763_J9_0_0)
                                                          0.00       0.51 f
  evalB_3/DP_OP_53J9_126_6763/U80/CO (HA1D1BWP40P140)     0.02       0.53 f
  evalB_3/DP_OP_53J9_126_6763/U79/CO (FA1D0BWP40P140)     0.06       0.60 f
  evalB_3/DP_OP_53J9_126_6763/U82/S (FA1D0BWP40P140)      0.13       0.72 r
  evalB_3/DP_OP_53J9_126_6763/U90/ZN (CKND0BWP40P140)     0.03       0.75 f
  evalB_3/DP_OP_53J9_126_6763/U86/CO (FA1D0BWP40P140)     0.07       0.83 f
  evalB_3/DP_OP_53J9_126_6763/U64/S (FA1D0BWP40P140)      0.15       0.98 r
  evalB_3/DP_OP_53J9_126_6763/O2[3] (Eval_1_0_DP_OP_53J9_126_6763_J9_0_0)
                                                          0.00       0.98 r
  evalB_3/io_out_3[3] (Eval_1_0)                          0.00       0.98 r
  core4_3/io_b_3[3] (core4_3)                             0.00       0.98 r
  core4_3/evalB/io_in_3[3] (Eval_9_3)                     0.00       0.98 r
  core4_3/evalB/DP_OP_55J9_124_912/I3[3] (Eval_9_1_DP_OP_55J9_124_912_J9_0_1)
                                                          0.00       0.98 r
  core4_3/evalB/DP_OP_55J9_124_912/U112/CO (FA1D0BWP40P140)
                                                          0.09       1.07 r
  core4_3/evalB/DP_OP_55J9_124_912/U92/CO (FA1D0BWP40P140)
                                                          0.07       1.15 r
  core4_3/evalB/DP_OP_55J9_124_912/U139/CO (FA1D0BWP40P140)
                                                          0.07       1.22 r
  core4_3/evalB/DP_OP_55J9_124_912/U114/CO (FA1D0BWP40P140)
                                                          0.07       1.30 r
  core4_3/evalB/DP_OP_55J9_124_912/U116/CO (FA1D0BWP40P140)
                                                          0.07       1.37 r
  core4_3/evalB/DP_OP_55J9_124_912/U118/CO (FA1D0BWP40P140)
                                                          0.07       1.44 r
  core4_3/evalB/DP_OP_55J9_124_912/U120/S (FA1D0BWP40P140)
                                                          0.12       1.56 f
  core4_3/evalB/DP_OP_55J9_124_912/U165/ZN (CKND0BWP40P140)
                                                          0.03       1.60 r
  core4_3/evalB/DP_OP_55J9_124_912/U134/CO (FA1D0BWP40P140)
                                                          0.07       1.67 r
  core4_3/evalB/DP_OP_55J9_124_912/U89/CO (FA1D1BWP40P140)
                                                          0.06       1.73 r
  core4_3/evalB/DP_OP_55J9_124_912/U136/S (FA1D0BWP40P140)
                                                          0.18       1.90 f
  core4_3/evalB/DP_OP_55J9_124_912/O2[11] (Eval_9_1_DP_OP_55J9_124_912_J9_0_1)
                                                          0.00       1.90 f
  core4_3/evalB/io_out_5[11] (Eval_9_3)                   0.00       1.90 f
  core4_3/mult_x_6/b[11] (core4_1_DW_mult_tc_J10_1_1)     0.00       1.90 f
  core4_3/mult_x_6/U965/ZN (INVD0P7BWP40P140)             0.14       2.04 r
  core4_3/mult_x_6/U1248/ZN (MUX2ND0BWP40P140)            0.07       2.11 f
  core4_3/mult_x_6/U1250/ZN (INR3D0BWP40P140)             0.25       2.36 r
  core4_3/mult_x_6/U1307/ZN (AOI221D0BWP40P140)           0.10       2.46 f
  core4_3/mult_x_6/U1308/ZN (MUX2ND0BWP40P140)            0.08       2.55 f
  core4_3/mult_x_6/U952/CO (HA1D0BWP40P140)               0.05       2.59 f
  core4_3/mult_x_6/U1010/S (FA1D0BWP40P140)               0.12       2.71 r
  core4_3/mult_x_6/U1035/CO (FA1D0BWP40P140)              0.08       2.79 r
  core4_3/mult_x_6/U1030/CO (FA1D0BWP40P140)              0.07       2.87 r
  core4_3/mult_x_6/U1036/CO (FA1D0BWP40P140)              0.07       2.94 r
  core4_3/mult_x_6/U1037/CO (FA1D0BWP40P140)              0.07       3.01 r
  core4_3/mult_x_6/U943/CO (FA1D0BWP40P140)               0.07       3.09 r
  core4_3/mult_x_6/U942/CO (FA1D0BWP40P140)               0.07       3.16 r
  core4_3/mult_x_6/U1038/CO (FA1D0BWP40P140)              0.07       3.24 r
  core4_3/mult_x_6/U1039/CO (FA1D0BWP40P140)              0.07       3.31 r
  core4_3/mult_x_6/U1040/CO (FA1D0BWP40P140)              0.07       3.38 r
  core4_3/mult_x_6/U941/CO (FA1D0BWP40P140)               0.07       3.46 r
  core4_3/mult_x_6/U940/CO (FA1D0BWP40P140)               0.07       3.53 r
  core4_3/mult_x_6/U1041/CO (FA1D0BWP40P140)              0.07       3.61 r
  core4_3/mult_x_6/U1042/CO (FA1D0BWP40P140)              0.07       3.68 r
  core4_3/mult_x_6/U1043/CO (FA1D0BWP40P140)              0.07       3.75 r
  core4_3/mult_x_6/U1044/CO (FA1D0BWP40P140)              0.07       3.83 r
  core4_3/mult_x_6/U1045/CO (FA1D0BWP40P140)              0.07       3.90 r
  core4_3/mult_x_6/U1031/CO (FA1D0BWP40P140)              0.07       3.98 r
  core4_3/mult_x_6/U1046/CO (FA1D0BWP40P140)              0.07       4.05 r
  core4_3/mult_x_6/U1047/CO (FA1D0BWP40P140)              0.07       4.12 r
  core4_3/mult_x_6/U1048/S (FA1D0BWP40P140)               0.11       4.24 f
  core4_3/mult_x_6/U1101/S (FA1D0BWP40P140)               0.13       4.37 r
  core4_3/mult_x_6/U1130/CO (FA1D0BWP40P140)              0.08       4.45 r
  core4_3/mult_x_6/U1131/CO (FA1D0BWP40P140)              0.07       4.52 r
  core4_3/mult_x_6/U913/Z (XOR4D1BWP40P140)               0.09       4.61 r
  core4_3/mult_x_6/U1029/Z (XOR4D1BWP40P140)              0.10       4.71 r
  core4_3/mult_x_6/U944/Z (XOR4D1BWP40P140)               0.10       4.80 r
  core4_3/mult_x_6/U906/ZN (OAI21D0BWP40P140HVT)          0.04       4.84 f
  core4_3/mult_x_6/U911/ZN (OAI31D0BWP40P140LVT)          0.03       4.87 r
  core4_3/mult_x_6/U1132/Z (XOR4D1BWP40P140)              0.10       4.97 r
  core4_3/mult_x_6/product[33] (core4_1_DW_mult_tc_J10_1_1)
                                                          0.00       4.97 r
  core4_3/s_w_5_reg_33_/D (DFQD1BWP40P140)                0.00       4.97 r
  data arrival time                                                  4.97

  clock clk (rise edge)                                   5.00       5.00
  clock network delay (ideal)                             0.00       5.00
  core4_3/s_w_5_reg_33_/CP (DFQD1BWP40P140)               0.00       5.00 r
  library setup time                                     -0.03       4.97
  data required time                                                 4.97
  --------------------------------------------------------------------------
  data required time                                                 4.97
  data arrival time                                                 -4.97
  --------------------------------------------------------------------------
  slack (MET)                                                        0.00


  Startpoint: io_b_0[0] (input port clocked by clk)
  Endpoint: core4_3/s_w_2_reg_33_
            (rising edge-triggered flip-flop clocked by clk)
  Path Group: clk
  Path Type: max

  Des/Clust/Port     Wire Load Model       Library
  ------------------------------------------------
  core16_a28_b8_c28  ZeroWireload          tcbn28hpcplusbwp40p140hvtssg0p81vm40c_ccs
  Eval_1_0_DP_OP_52J9_125_102_J9_0_3
                     ZeroWireload          tcbn28hpcplusbwp40p140hvtssg0p81vm40c_ccs
  Eval_1_0_DP_OP_53J9_126_6763_J9_0_3
                     ZeroWireload          tcbn28hpcplusbwp40p140hvtssg0p81vm40c_ccs
  Eval_1_0_DP_OP_54J9_127_2528_J9_0_3
                     ZeroWireload          tcbn28hpcplusbwp40p140hvtssg0p81vm40c_ccs
  Eval_9_1_DP_OP_55J9_124_912_J9_0_1
                     ZeroWireload          tcbn28hpcplusbwp40p140hvtssg0p81vm40c_ccs
  Eval_9_1_DP_OP_54J9_123_7247_J9_0_1
                     ZeroWireload          tcbn28hpcplusbwp40p140hvtssg0p81vm40c_ccs
  Eval_9_1_DP_OP_53J9_122_7322_J9_0_1
                     ZeroWireload          tcbn28hpcplusbwp40p140hvtssg0p81vm40c_ccs
  core4_1_DW_mult_tc_J10_0_1
                     ZeroWireload          tcbn28hpcplusbwp40p140hvtssg0p81vm40c_ccs
  core4_1_DW_mult_tc_J10_4_1
                     ZeroWireload          tcbn28hpcplusbwp40p140hvtssg0p81vm40c_ccs

  Point                                                   Incr       Path
  --------------------------------------------------------------------------
  clock clk (rise edge)                                   0.00       0.00
  clock network delay (ideal)                             0.00       0.00
  input external delay                                    0.50       0.50 f
  io_b_0[0] (in)                                          0.00       0.50 f
  evalB/io_in_0[0] (Eval_1_3)                             0.00       0.50 f
  evalB/U30/ZN (CKND0BWP40P140)                           0.01       0.51 r
  evalB/U11/ZN (INVD0P7BWP40P140)                         0.03       0.54 f
  evalB/DP_OP_53J9_126_6763/I2[0] (Eval_1_0_DP_OP_53J9_126_6763_J9_0_3)
                                                          0.00       0.54 f
  evalB/DP_OP_53J9_126_6763/U63/CO (HA1D0BWP40P140)       0.04       0.58 f
  evalB/DP_OP_53J9_126_6763/U74/CO (FA1D0BWP40P140)       0.07       0.64 f
  evalB/DP_OP_53J9_126_6763/U81/S (FA1D0BWP40P140)        0.13       0.78 r
  evalB/DP_OP_53J9_126_6763/U84/CO (FA1D0BWP40P140)       0.09       0.86 r
  evalB/DP_OP_53J9_126_6763/U69/CO (FA1D0BWP40P140)       0.07       0.94 r
  evalB/DP_OP_53J9_126_6763/U70/CO (FA1D0BWP40P140)       0.07       1.01 r
  evalB/DP_OP_53J9_126_6763/U76/CO (FA1D0BWP40P140)       0.07       1.09 r
  evalB/DP_OP_53J9_126_6763/U75/CO (FA1D0BWP40P140)       0.07       1.16 r
  evalB/DP_OP_53J9_126_6763/U53/CO (FA1D1BWP40P140)       0.06       1.22 r
  evalB/DP_OP_53J9_126_6763/U49/S (FA1D0BWP40P140)        0.10       1.32 f
  evalB/DP_OP_53J9_126_6763/O2[8] (Eval_1_0_DP_OP_53J9_126_6763_J9_0_3)
                                                          0.00       1.32 f
  evalB/io_out_3[8] (Eval_1_3)                            0.00       1.32 f
  core4_3/io_b_0[8] (core4_3)                             0.00       1.32 f
  core4_3/evalB/io_in_0[8] (Eval_9_3)                     0.00       1.32 f
  core4_3/evalB/U13/ZN (CKND0BWP40P140)                   0.02       1.34 r
  core4_3/evalB/U5/ZN (INVD2BWP40P140LVT)                 0.04       1.38 f
  core4_3/evalB/DP_OP_54J9_123_7247/I1[8] (Eval_9_1_DP_OP_54J9_123_7247_J9_0_1)
                                                          0.00       1.38 f
  core4_3/evalB/DP_OP_54J9_123_7247/U97/CO (FA1D1BWP40P140)
                                                          0.08       1.46 f
  core4_3/evalB/DP_OP_54J9_123_7247/U129/S (FA1D0BWP40P140)
                                                          0.13       1.59 r
  core4_3/evalB/DP_OP_54J9_123_7247/U154/CO (FA1D0BWP40P140)
                                                          0.08       1.67 r
  core4_3/evalB/DP_OP_54J9_123_7247/U155/CO (FA1D0BWP40P140)
                                                          0.07       1.74 r
  core4_3/evalB/DP_OP_54J9_123_7247/U156/S (FA1D0BWP40P140)
                                                          0.18       1.93 f
  core4_3/evalB/DP_OP_54J9_123_7247/O1[11] (Eval_9_1_DP_OP_54J9_123_7247_J9_0_1)
                                                          0.00       1.93 f
  core4_3/evalB/io_out_2[11] (Eval_9_3)                   0.00       1.93 f
  core4_3/mult_x_3/b[11] (core4_1_DW_mult_tc_J10_4_1)     0.00       1.93 f
  core4_3/mult_x_3/U956/ZN (INVD0P7BWP40P140)             0.14       2.07 r
  core4_3/mult_x_3/U1259/ZN (MUX2ND0BWP40P140)            0.07       2.13 f
  core4_3/mult_x_3/U1260/ZN (INR3D0BWP40P140)             0.25       2.39 r
  core4_3/mult_x_3/U1318/ZN (AOI221D0BWP40P140)           0.10       2.48 f
  core4_3/mult_x_3/U1146/ZN (MUX2ND0BWP40P140)            0.08       2.57 f
  core4_3/mult_x_3/U1002/CO (HA1D0BWP40P140)              0.05       2.62 f
  core4_3/mult_x_3/U1003/S (FA1D0BWP40P140)               0.12       2.74 r
  core4_3/mult_x_3/U1029/CO (FA1D0BWP40P140)              0.08       2.82 r
  core4_3/mult_x_3/U1030/CO (FA1D0BWP40P140)              0.07       2.89 r
  core4_3/mult_x_3/U1031/CO (FA1D0BWP40P140)              0.07       2.96 r
  core4_3/mult_x_3/U1032/CO (FA1D0BWP40P140)              0.07       3.04 r
  core4_3/mult_x_3/U1024/CO (FA1D0BWP40P140)              0.07       3.11 r
  core4_3/mult_x_3/U1033/CO (FA1D0BWP40P140)              0.07       3.19 r
  core4_3/mult_x_3/U1034/CO (FA1D0BWP40P140)              0.07       3.26 r
  core4_3/mult_x_3/U1035/CO (FA1D0BWP40P140)              0.07       3.33 r
  core4_3/mult_x_3/U1036/CO (FA1D0BWP40P140)              0.07       3.41 r
  core4_3/mult_x_3/U1037/CO (FA1D0BWP40P140)              0.07       3.48 r
  core4_3/mult_x_3/U1038/CO (FA1D0BWP40P140)              0.07       3.56 r
  core4_3/mult_x_3/U1039/CO (FA1D0BWP40P140)              0.07       3.63 r
  core4_3/mult_x_3/U1040/CO (FA1D0BWP40P140)              0.07       3.70 r
  core4_3/mult_x_3/U1041/CO (FA1D0BWP40P140)              0.07       3.78 r
  core4_3/mult_x_3/U1042/CO (FA1D0BWP40P140)              0.07       3.85 r
  core4_3/mult_x_3/U1043/CO (FA1D0BWP40P140)              0.07       3.93 r
  core4_3/mult_x_3/U1044/S (FA1D0BWP40P140)               0.11       4.04 f
  core4_3/mult_x_3/U1096/S (FA1D0BWP40P140)               0.13       4.17 r
  core4_3/mult_x_3/U1129/CO (FA1D0BWP40P140)              0.08       4.25 r
  core4_3/mult_x_3/U1130/CO (FA1D0BWP40P140)              0.07       4.33 r
  core4_3/mult_x_3/U1131/CO (FA1D0BWP40P140)              0.07       4.40 r
  core4_3/mult_x_3/U1107/CO (FA1D0BWP40P140)              0.07       4.47 r
  core4_3/mult_x_3/U1132/CO (FA1D0BWP40P140)              0.07       4.55 r
  core4_3/mult_x_3/U909/Z (XOR4D1BWP40P140)               0.09       4.63 r
  core4_3/mult_x_3/U1023/Z (XOR4D1BWP40P140)              0.10       4.73 r
  core4_3/mult_x_3/U908/Z (XOR4D1BWP40P140LVT)            0.07       4.80 r
  core4_3/mult_x_3/U903/ZN (OAI21D0BWP40P140HVT)          0.04       4.84 f
  core4_3/mult_x_3/U907/ZN (OAI31D0BWP40P140LVT)          0.03       4.87 r
  core4_3/mult_x_3/U1133/Z (XOR4D1BWP40P140)              0.10       4.97 r
  core4_3/mult_x_3/product[33] (core4_1_DW_mult_tc_J10_4_1)
                                                          0.00       4.97 r
  core4_3/s_w_2_reg_33_/D (DFQD1BWP40P140)                0.00       4.97 r
  data arrival time                                                  4.97

  clock clk (rise edge)                                   5.00       5.00
  clock network delay (ideal)                             0.00       5.00
  core4_3/s_w_2_reg_33_/CP (DFQD1BWP40P140)               0.00       5.00 r
  library setup time                                     -0.03       4.97
  data required time                                                 4.97
  --------------------------------------------------------------------------
  data required time                                                 4.97
  data arrival time                                                 -4.97
  --------------------------------------------------------------------------
  slack (MET)                                                        0.00


1
