 
****************************************
Report : timing
        -path full
        -delay max
        -max_paths 3
Design : core64_a28_b12_c28
Version: O-2018.06-SP5
Date   : Tue May 12 23:50:10 2026
****************************************

 # A fanout number of 1000 was used for high fanout net computations.

Operating Conditions: ssg0p81vm40c   Library: tcbn28hpcplusbwp40p140hvtssg0p81vm40c_ccs
Wire Load Model Mode: segmented

  Startpoint: io_b_48[0] (input port clocked by clk)
  Endpoint: core16_3/core4_6/s_w_3_reg_36_
            (rising edge-triggered flip-flop clocked by clk)
  Path Group: clk
  Path Type: max

  Des/Clust/Port     Wire Load Model       Library
  ------------------------------------------------
  core64_a28_b12_c28 ZeroWireload          tcbn28hpcplusbwp40p140hvtssg0p81vm40c_ccs
  Eval_1_0_DP_OP_52J20_125_7082_J20_0_3
                     ZeroWireload          tcbn28hpcplusbwp40p140hvtssg0p81vm40c_ccs
  Eval_1_0_DP_OP_53J20_126_1358_J20_0_3
                     ZeroWireload          tcbn28hpcplusbwp40p140hvtssg0p81vm40c_ccs
  Eval_1_0_DP_OP_54J20_127_7047_J20_0_3
                     ZeroWireload          tcbn28hpcplusbwp40p140hvtssg0p81vm40c_ccs
  Eval_33_1_DP_OP_53J27_122_5226_J27_0_33
                     ZeroWireload          tcbn28hpcplusbwp40p140hvtssg0p81vm40c_ccs
  Eval_33_1_DP_OP_54J27_123_7613_J27_0_33
                     ZeroWireload          tcbn28hpcplusbwp40p140hvtssg0p81vm40c_ccs
  Eval_33_1_DP_OP_55J27_124_8730_J27_0_33
                     ZeroWireload          tcbn28hpcplusbwp40p140hvtssg0p81vm40c_ccs
  Eval_33_1_DP_OP_55J27_124_8730_J27_0_13
                     ZeroWireload          tcbn28hpcplusbwp40p140hvtssg0p81vm40c_ccs
  Eval_33_1_DP_OP_54J27_123_7613_J27_0_13
                     ZeroWireload          tcbn28hpcplusbwp40p140hvtssg0p81vm40c_ccs
  Eval_33_1_DP_OP_53J27_122_5226_J27_0_13
                     ZeroWireload          tcbn28hpcplusbwp40p140hvtssg0p81vm40c_ccs
  core4_7_DW_mult_tc_J23_6_3
                     ZeroWireload          tcbn28hpcplusbwp40p140hvtssg0p81vm40c_ccs
  core4_7_DW_mult_tc_J23_3_3
                     ZeroWireload          tcbn28hpcplusbwp40p140hvtssg0p81vm40c_ccs

  Point                                                   Incr       Path
  --------------------------------------------------------------------------
  clock clk (rise edge)                                   0.00       0.00
  clock network delay (ideal)                             0.00       0.00
  input external delay                                    0.50       0.50 f
  io_b_48[0] (in)                                         0.00       0.50 f
  evalB_12/io_in_0[0] (Eval_1_3)                          0.00       0.50 f
  evalB_12/U15/ZN (CKND2BWP40P140)                        0.01       0.51 r
  evalB_12/U12/ZN (INVD2BWP40P140LVT)                     0.01       0.52 f
  evalB_12/DP_OP_53J20_126_1358/I2[0] (Eval_1_0_DP_OP_53J20_126_1358_J20_0_3)
                                                          0.00       0.52 f
  evalB_12/DP_OP_53J20_126_1358/U120/Z (XOR2UD1BWP40P140)
                                                          0.05       0.56 f
  evalB_12/DP_OP_53J20_126_1358/U142/ZN (IND2D0BWP40P140)
                                                          0.07       0.64 f
  evalB_12/DP_OP_53J20_126_1358/U146/CO (FA1D1BWP40P140LVT)
                                                          0.06       0.70 f
  evalB_12/DP_OP_53J20_126_1358/U137/CO (FA1D1BWP40P140LVT)
                                                          0.04       0.74 f
  evalB_12/DP_OP_53J20_126_1358/U145/S (FA1D1BWP40P140LVT)
                                                          0.06       0.80 f
  evalB_12/DP_OP_53J20_126_1358/O2[3] (Eval_1_0_DP_OP_53J20_126_1358_J20_0_3)
                                                          0.00       0.80 f
  evalB_12/io_out_3[3] (Eval_1_3)                         0.00       0.80 f
  core16_3/io_b_12[3] (core16_3)                          0.00       0.80 f
  core16_3/evalB_3/io_in_0[3] (Eval_33_61)                0.00       0.80 f
  core16_3/evalB_3/U52/ZN (CKND0BWP40P140)                0.01       0.81 r
  core16_3/evalB_3/U51/ZN (CKND0BWP40P140)                0.05       0.87 f
  core16_3/evalB_3/io_out_6[3] (Eval_33_61)               0.00       0.87 f
  core16_3/core4_6/io_b_3[3] (core4_21)                   0.00       0.87 f
  core16_3/core4_6/evalB/io_in_3[3] (Eval_33_21)          0.00       0.87 f
  core16_3/core4_6/evalB/U14/ZN (CKND0BWP40P140)          0.04       0.91 r
  core16_3/core4_6/evalB/U13/ZN (INVD1BWP40P140)          0.10       1.01 f
  core16_3/core4_6/evalB/DP_OP_54J27_123_7613/I4[3] (Eval_33_1_DP_OP_54J27_123_7613_J27_0_13)
                                                          0.00       1.01 f
  core16_3/core4_6/evalB/DP_OP_54J27_123_7613/U203/CO (FA1D0BWP40P140)
                                                          0.13       1.14 f
  core16_3/core4_6/evalB/DP_OP_54J27_123_7613/U229/CO (FA1D1BWP40P140LVT)
                                                          0.05       1.19 f
  core16_3/core4_6/evalB/DP_OP_54J27_123_7613/U165/CO (FA1D1BWP40P140)
                                                          0.05       1.24 f
  core16_3/core4_6/evalB/DP_OP_54J27_123_7613/U193/CO (FA1D0BWP40P140)
                                                          0.07       1.31 f
  core16_3/core4_6/evalB/DP_OP_54J27_123_7613/U240/CO (FA1D1BWP40P140)
                                                          0.06       1.37 f
  core16_3/core4_6/evalB/DP_OP_54J27_123_7613/U149/CO (FA1D1BWP40P140LVT)
                                                          0.04       1.42 f
  core16_3/core4_6/evalB/DP_OP_54J27_123_7613/U148/CO (FA1D1BWP40P140LVT)
                                                          0.04       1.46 f
  core16_3/core4_6/evalB/DP_OP_54J27_123_7613/U247/CO (FA1D1BWP40P140)
                                                          0.05       1.51 f
  core16_3/core4_6/evalB/DP_OP_54J27_123_7613/U201/CO (FA1D0BWP40P140)
                                                          0.07       1.58 f
  core16_3/core4_6/evalB/DP_OP_54J27_123_7613/U186/CO (FA1D0BWP40P140)
                                                          0.07       1.65 f
  core16_3/core4_6/evalB/DP_OP_54J27_123_7613/U188/CO (FA1D0BWP40P140)
                                                          0.07       1.73 f
  core16_3/core4_6/evalB/DP_OP_54J27_123_7613/U178/CO (FA1D1BWP40P140LVT)
                                                          0.05       1.77 f
  core16_3/core4_6/evalB/DP_OP_54J27_123_7613/U147/CO (FA1D1BWP40P140LVT)
                                                          0.04       1.82 f
  core16_3/core4_6/evalB/DP_OP_54J27_123_7613/U181/CO (FA1D0BWP40P140)
                                                          0.07       1.88 f
  core16_3/core4_6/evalB/DP_OP_54J27_123_7613/U185/CO (FA1D0BWP40P140)
                                                          0.07       1.95 f
  core16_3/core4_6/evalB/DP_OP_54J27_123_7613/U182/CO (FA1D0BWP40P140)
                                                          0.07       2.03 f
  core16_3/core4_6/evalB/DP_OP_54J27_123_7613/U195/CO (FA1D0BWP40P140)
                                                          0.07       2.10 f
  core16_3/core4_6/evalB/DP_OP_54J27_123_7613/U214/CO (FA1D0BWP40P140)
                                                          0.07       2.17 f
  core16_3/core4_6/evalB/DP_OP_54J27_123_7613/U242/CO (FA1D1BWP40P140)
                                                          0.06       2.23 f
  core16_3/core4_6/evalB/DP_OP_54J27_123_7613/U212/CO (FA1D0BWP40P140)
                                                          0.07       2.30 f
  core16_3/core4_6/evalB/DP_OP_54J27_123_7613/U210/S (FA1D0BWP40P140)
                                                          0.13       2.43 r
  core16_3/core4_6/evalB/DP_OP_54J27_123_7613/U142/ZN (CKND0BWP40P140)
                                                          0.04       2.47 f
  core16_3/core4_6/evalB/DP_OP_54J27_123_7613/U267/S (FA1D1BWP40P140)
                                                          0.15       2.62 r
  core16_3/core4_6/evalB/DP_OP_54J27_123_7613/O2[23] (Eval_33_1_DP_OP_54J27_123_7613_J27_0_13)
                                                          0.00       2.62 r
  core16_3/core4_6/evalB/io_out_3[23] (Eval_33_21)        0.00       2.62 r
  core16_3/core4_6/mult_x_4/b[23] (core4_7_DW_mult_tc_J23_3_3)
                                                          0.00       2.62 r
  core16_3/core4_6/mult_x_4/U1249/Z (XOR2UD0BWP40P140)
                                                          0.05       2.66 f
  core16_3/core4_6/mult_x_4/U1423/ZN (IND2D0BWP40P140HVT)
                                                          0.16       2.82 f
  core16_3/core4_6/mult_x_4/U1559/ZN (OAI222D1BWP40P140)
                                                          0.09       2.91 r
  core16_3/core4_6/mult_x_4/U1243/ZN (MUX2ND0BWP40P140)
                                                          0.06       2.98 r
  core16_3/core4_6/mult_x_4/U1274/CO (HA1D0BWP40P140)     0.06       3.04 r
  core16_3/core4_6/mult_x_4/U1269/CO (HA1D0BWP40P140)     0.05       3.09 r
  core16_3/core4_6/mult_x_4/U1607/S (FA1D1BWP40P140)      0.10       3.19 f
  core16_3/core4_6/mult_x_4/U1666/CO (FA1D1BWP40P140)     0.07       3.25 f
  core16_3/core4_6/mult_x_4/U1337/CO (FA1D0BWP40P140)     0.07       3.32 f
  core16_3/core4_6/mult_x_4/U1660/CO (FA1D1BWP40P140)     0.06       3.38 f
  core16_3/core4_6/mult_x_4/U1656/CO (FA1D1BWP40P140)     0.06       3.44 f
  core16_3/core4_6/mult_x_4/U1340/CO (FA1D0BWP40P140)     0.07       3.50 f
  core16_3/core4_6/mult_x_4/U1247/CO (FA1D0BWP40P140)     0.07       3.58 f
  core16_3/core4_6/mult_x_4/U1645/CO (FA1D1BWP40P140)     0.06       3.64 f
  core16_3/core4_6/mult_x_4/U1341/S (FA1D0BWP40P140)      0.12       3.76 r
  core16_3/core4_6/mult_x_4/U1718/S (FA1D1BWP40P140)      0.11       3.86 f
  core16_3/core4_6/mult_x_4/U1805/CO (FA1D1BWP40P140)     0.07       3.93 f
  core16_3/core4_6/mult_x_4/U1366/S (FA1D0BWP40P140)      0.12       4.05 r
  core16_3/core4_6/mult_x_4/U1898/S (FA1D1BWP40P140)      0.11       4.16 f
  core16_3/core4_6/mult_x_4/U2008/CO (FA1D1BWP40P140)     0.07       4.22 f
  core16_3/core4_6/mult_x_4/U2004/S (FA1D1BWP40P140)      0.10       4.33 r
  core16_3/core4_6/mult_x_4/U1419/CO (FA1D0BWP40P140)     0.08       4.40 r
  core16_3/core4_6/mult_x_4/U2109/S (FA1D1BWP40P140)      0.10       4.51 f
  core16_3/core4_6/mult_x_4/U2220/CO (FA1D1BWP40P140)     0.07       4.57 f
  core16_3/core4_6/mult_x_4/U1437/CO (FA1D0BWP40P140)     0.07       4.64 f
  core16_3/core4_6/mult_x_4/U1227/Z (XOR2UD0BWP40P140)
                                                          0.02       4.66 r
  core16_3/core4_6/mult_x_4/U1226/Z (XOR3UD0BWP40P140)
                                                          0.07       4.73 r
  core16_3/core4_6/mult_x_4/U1258/ZN (XNR3UD1BWP40P140)
                                                          0.06       4.79 r
  core16_3/core4_6/mult_x_4/U1225/Z (XOR2UD0BWP40P140)
                                                          0.04       4.83 r
  core16_3/core4_6/mult_x_4/U1224/Z (XOR2UD0BWP40P140)
                                                          0.05       4.88 r
  core16_3/core4_6/mult_x_4/U1439/ZN (OAI21D0BWP40P140HVT)
                                                          0.06       4.94 f
  core16_3/core4_6/mult_x_4/U1438/ZN (OAI31D0BWP40P140LVT)
                                                          0.03       4.96 r
  core16_3/core4_6/mult_x_4/product[36] (core4_7_DW_mult_tc_J23_3_3)
                                                          0.00       4.96 r
  core16_3/core4_6/s_w_3_reg_36_/D (DFQD1BWP40P140)       0.00       4.96 r
  data arrival time                                                  4.96

  clock clk (rise edge)                                   5.00       5.00
  clock network delay (ideal)                             0.00       5.00
  core16_3/core4_6/s_w_3_reg_36_/CP (DFQD1BWP40P140)      0.00       5.00 r
  library setup time                                     -0.04       4.96
  data required time                                                 4.96
  --------------------------------------------------------------------------
  data required time                                                 4.96
  data arrival time                                                 -4.96
  --------------------------------------------------------------------------
  slack (MET)                                                        0.00


  Startpoint: io_b_31[0] (input port clocked by clk)
  Endpoint: core16_0/core4_1/s_w_3_reg_36_
            (rising edge-triggered flip-flop clocked by clk)
  Path Group: clk
  Path Type: max

  Des/Clust/Port     Wire Load Model       Library
  ------------------------------------------------
  core64_a28_b12_c28 ZeroWireload          tcbn28hpcplusbwp40p140hvtssg0p81vm40c_ccs
  Eval_1_0_DP_OP_52J20_125_7082_J20_0_8
                     ZeroWireload          tcbn28hpcplusbwp40p140hvtssg0p81vm40c_ccs
  Eval_1_0_DP_OP_53J20_126_1358_J20_0_8
                     ZeroWireload          tcbn28hpcplusbwp40p140hvtssg0p81vm40c_ccs
  Eval_1_0_DP_OP_54J20_127_7047_J20_0_8
                     ZeroWireload          tcbn28hpcplusbwp40p140hvtssg0p81vm40c_ccs
  Eval_33_0_DP_OP_56J22_131_6985_J22_0_3
                     ZeroWireload          tcbn28hpcplusbwp40p140hvtssg0p81vm40c_ccs
  Eval_33_0_DP_OP_55J22_130_2176_J22_0_3
                     ZeroWireload          tcbn28hpcplusbwp40p140hvtssg0p81vm40c_ccs
  Eval_33_0_DP_OP_54J22_129_8703_J22_0_3
                     ZeroWireload          tcbn28hpcplusbwp40p140hvtssg0p81vm40c_ccs
  Eval_33_75_DP_OP_56J17_127_3044_J17_0
                     ZeroWireload          tcbn28hpcplusbwp40p140hvtssg0p81vm40c_ccs
  Eval_33_75_DP_OP_55J17_126_6096_J17_0
                     ZeroWireload          tcbn28hpcplusbwp40p140hvtssg0p81vm40c_ccs
  Eval_33_75_DP_OP_54J17_125_198_J17_0
                     ZeroWireload          tcbn28hpcplusbwp40p140hvtssg0p81vm40c_ccs
  Eval_33_5_DP_OP_56J24_127_5228_J24_0_3
                     ZeroWireload          tcbn28hpcplusbwp40p140hvtssg0p81vm40c_ccs
  Eval_33_5_DP_OP_55J24_126_1772_J24_0_3
                     ZeroWireload          tcbn28hpcplusbwp40p140hvtssg0p81vm40c_ccs
  Eval_33_5_DP_OP_54J24_125_1057_J24_0_3
                     ZeroWireload          tcbn28hpcplusbwp40p140hvtssg0p81vm40c_ccs
  core4_5_DW_mult_tc_J31_1_1
                     ZeroWireload          tcbn28hpcplusbwp40p140hvtssg0p81vm40c_ccs

  Point                                                   Incr       Path
  --------------------------------------------------------------------------
  clock clk (rise edge)                                   0.00       0.00
  clock network delay (ideal)                             0.00       0.00
  input external delay                                    0.50       0.50 r
  io_b_31[0] (in)                                         0.00       0.50 r
  evalB_7/io_in_3[0] (Eval_1_8)                           0.00       0.50 r
  evalB_7/U4/ZN (INVD2BWP40P140LVT)                       0.00       0.50 f
  evalB_7/U9/ZN (INVD3BWP40P140LVT)                       0.01       0.51 r
  evalB_7/io_out_0[0] (Eval_1_8)                          0.00       0.51 r
  core16_0/io_b_7[0] (core16_6)                           0.00       0.51 r
  core16_0/evalB_1/io_in_3[0] (Eval_33_75)                0.00       0.51 r
  core16_0/evalB_1/U5/ZN (INVD1BWP40P140LVT)              0.01       0.52 f
  core16_0/evalB_1/U4/ZN (INVD1BWP40P140LVT)              0.03       0.56 r
  core16_0/evalB_1/DP_OP_54J17_125_198/I2[1] (Eval_33_75_DP_OP_54J17_125_198_J17_0)
                                                          0.00       0.56 r
  core16_0/evalB_1/DP_OP_54J17_125_198/U67/CO (HA1D0BWP40P140)
                                                          0.06       0.61 r
  core16_0/evalB_1/DP_OP_54J17_125_198/U56/ZN (OAI21D0BWP40P140)
                                                          0.03       0.64 f
  core16_0/evalB_1/DP_OP_54J17_125_198/U54/ZN (ND2D0BWP40P140)
                                                          0.03       0.67 r
  core16_0/evalB_1/DP_OP_54J17_125_198/U82/S (FA1D0BWP40P140)
                                                          0.11       0.78 f
  core16_0/evalB_1/DP_OP_54J17_125_198/U90/CO (FA1D0BWP40P140)
                                                          0.08       0.86 f
  core16_0/evalB_1/DP_OP_54J17_125_198/U81/S (FA1D0BWP40P140)
                                                          0.12       0.98 r
  core16_0/evalB_1/DP_OP_54J17_125_198/U88/CO (FA1D0BWP40P140)
                                                          0.08       1.05 r
  core16_0/evalB_1/DP_OP_54J17_125_198/U95/CO (FA1D0BWP40P140)
                                                          0.07       1.13 r
  core16_0/evalB_1/DP_OP_54J17_125_198/U91/CO (FA1D0BWP40P140)
                                                          0.07       1.20 r
  core16_0/evalB_1/DP_OP_54J17_125_198/U92/CO (FA1D0BWP40P140)
                                                          0.07       1.28 r
  core16_0/evalB_1/DP_OP_54J17_125_198/U93/CO (FA1D0BWP40P140)
                                                          0.07       1.35 r
  core16_0/evalB_1/DP_OP_54J17_125_198/U94/S (FA1D0BWP40P140)
                                                          0.14       1.49 f
  core16_0/evalB_1/DP_OP_54J17_125_198/O1[11] (Eval_33_75_DP_OP_54J17_125_198_J17_0)
                                                          0.00       1.49 f
  core16_0/evalB_1/io_out_1[11] (Eval_33_75)              0.00       1.49 f
  core16_0/core4_1/io_b_1[11] (core4_47)                  0.00       1.49 f
  core16_0/core4_1/evalB/io_in_1[11] (Eval_33_47)         0.00       1.49 f
  core16_0/core4_1/evalB/DP_OP_55J24_126_1772/I3[11] (Eval_33_5_DP_OP_55J24_126_1772_J24_0_3)
                                                          0.00       1.49 f
  core16_0/core4_1/evalB/DP_OP_55J24_126_1772/U169/CO (FA1D0BWP40P140)
                                                          0.09       1.58 f
  core16_0/core4_1/evalB/DP_OP_55J24_126_1772/U151/CO (FA1D0BWP40P140)
                                                          0.07       1.66 f
  core16_0/core4_1/evalB/DP_OP_55J24_126_1772/U153/CO (FA1D0BWP40P140)
                                                          0.07       1.73 f
  core16_0/core4_1/evalB/DP_OP_55J24_126_1772/U149/S (FA1D0BWP40P140)
                                                          0.13       1.85 r
  core16_0/core4_1/evalB/DP_OP_55J24_126_1772/U199/ZN (CKND0BWP40P140)
                                                          0.04       1.89 f
  core16_0/core4_1/evalB/DP_OP_55J24_126_1772/U220/S (FA1D1BWP40P140)
                                                          0.16       2.05 r
  core16_0/core4_1/evalB/DP_OP_55J24_126_1772/O2[14] (Eval_33_5_DP_OP_55J24_126_1772_J24_0_3)
                                                          0.00       2.05 r
  core16_0/core4_1/evalB/io_out_3[14] (Eval_33_47)        0.00       2.05 r
  core16_0/core4_1/mult_x_4/b[14] (core4_5_DW_mult_tc_J31_1_1)
                                                          0.00       2.05 r
  core16_0/core4_1/mult_x_4/U1420/ZN (CKND0BWP40P140)     0.13       2.18 f
  core16_0/core4_1/mult_x_4/U1611/ZN (MUX2ND0BWP40P140)
                                                          0.10       2.28 r
  core16_0/core4_1/mult_x_4/U1618/ZN (ND2D0BWP40P140HVT)
                                                          0.21       2.49 f
  core16_0/core4_1/mult_x_4/U1690/ZN (OAI222D0BWP40P140)
                                                          0.17       2.66 r
  core16_0/core4_1/mult_x_4/U1691/ZN (MUX2ND0BWP40P140)
                                                          0.07       2.73 r
  core16_0/core4_1/mult_x_4/U1299/CO (HA1D0BWP40P140)     0.06       2.80 r
  core16_0/core4_1/mult_x_4/U1252/CO (HA1D1BWP40P140)     0.04       2.84 r
  core16_0/core4_1/mult_x_4/U1763/CO (FA1D1BWP40P140)     0.05       2.89 r
  core16_0/core4_1/mult_x_4/U1349/S (FA1D0BWP40P140)      0.11       3.00 f
  core16_0/core4_1/mult_x_4/U1817/S (FA1D0BWP40P140)      0.13       3.13 r
  core16_0/core4_1/mult_x_4/U1942/S (FA1D0BWP40P140)      0.12       3.25 f
  core16_0/core4_1/mult_x_4/U2027/CO (FA1D0BWP40P140)     0.08       3.33 f
  core16_0/core4_1/mult_x_4/U1376/CO (FA1D0BWP40P140)     0.07       3.40 f
  core16_0/core4_1/mult_x_4/U1969/CO (FA1D0BWP40P140)     0.07       3.48 f
  core16_0/core4_1/mult_x_4/U2065/CO (FA1D1BWP40P140)     0.06       3.54 f
  core16_0/core4_1/mult_x_4/U1380/CO (FA1D0BWP40P140)     0.07       3.60 f
  core16_0/core4_1/mult_x_4/U2059/CO (FA1D1BWP40P140)     0.06       3.66 f
  core16_0/core4_1/mult_x_4/U2055/CO (FA1D1BWP40P140)     0.06       3.72 f
  core16_0/core4_1/mult_x_4/U1384/CO (FA1D0BWP40P140)     0.07       3.79 f
  core16_0/core4_1/mult_x_4/U2049/S (FA1D1BWP40P140)      0.09       3.88 f
  core16_0/core4_1/mult_x_4/U2130/CO (FA1D1BWP40P140)     0.07       3.95 f
  core16_0/core4_1/mult_x_4/U1409/CO (FA1D0BWP40P140)     0.07       4.01 f
  core16_0/core4_1/mult_x_4/U2076/CO (FA1D0BWP40P140)     0.07       4.09 f
  core16_0/core4_1/mult_x_4/U2128/CO (FA1D1BWP40P140)     0.06       4.15 f
  core16_0/core4_1/mult_x_4/U1410/CO (FA1D0BWP40P140)     0.07       4.22 f
  core16_0/core4_1/mult_x_4/U2069/CO (FA1D0BWP40P140)     0.07       4.29 f
  core16_0/core4_1/mult_x_4/U2126/CO (FA1D1BWP40P140)     0.06       4.35 f
  core16_0/core4_1/mult_x_4/U2125/CO (FA1D1BWP40P140)     0.06       4.40 f
  core16_0/core4_1/mult_x_4/U1411/CO (FA1D0BWP40P140)     0.07       4.47 f
  core16_0/core4_1/mult_x_4/U2124/CO (FA1D1BWP40P140)     0.06       4.53 f
  core16_0/core4_1/mult_x_4/U2162/CO (FA1D1BWP40P140)     0.06       4.59 f
  core16_0/core4_1/mult_x_4/U1412/CO (FA1D0BWP40P140)     0.06       4.65 f
  core16_0/core4_1/mult_x_4/U1223/Z (XOR2UD0BWP40P140)
                                                          0.05       4.70 r
  core16_0/core4_1/mult_x_4/U1259/ZN (OAI21D0BWP40P140HVT)
                                                          0.05       4.75 f
  core16_0/core4_1/mult_x_4/U1258/ZN (OAI31D0BWP40P140LVT)
                                                          0.03       4.78 r
  core16_0/core4_1/mult_x_4/U1222/Z (XOR2UD0BWP40P140)
                                                          0.04       4.82 r
  core16_0/core4_1/mult_x_4/U1257/ZN (OAI21D0BWP40P140HVT)
                                                          0.05       4.88 f
  core16_0/core4_1/mult_x_4/U1414/ZN (OAI31D0BWP40P140LVT)
                                                          0.03       4.91 r
  core16_0/core4_1/mult_x_4/U1413/ZN (XNR2UD0BWP40P140)
                                                          0.04       4.95 r
  core16_0/core4_1/mult_x_4/product[36] (core4_5_DW_mult_tc_J31_1_1)
                                                          0.00       4.95 r
  core16_0/core4_1/s_w_3_reg_36_/D (DFKCNQD1BWP40P140)
                                                          0.00       4.95 r
  data arrival time                                                  4.95

  clock clk (rise edge)                                   5.00       5.00
  clock network delay (ideal)                             0.00       5.00
  core16_0/core4_1/s_w_3_reg_36_/CP (DFKCNQD1BWP40P140)
                                                          0.00       5.00 r
  library setup time                                     -0.05       4.95
  data required time                                                 4.95
  --------------------------------------------------------------------------
  data required time                                                 4.95
  data arrival time                                                 -4.95
  --------------------------------------------------------------------------
  slack (MET)                                                        0.00


  Startpoint: io_b_15[2] (input port clocked by clk)
  Endpoint: core16_5/core4_4/s_w_3_reg_36_
            (rising edge-triggered flip-flop clocked by clk)
  Path Group: clk
  Path Type: max

  Des/Clust/Port     Wire Load Model       Library
  ------------------------------------------------
  core64_a28_b12_c28 ZeroWireload          tcbn28hpcplusbwp40p140hvtssg0p81vm40c_ccs
  Eval_1_0_DP_OP_52J20_125_7082_J20_0_12
                     ZeroWireload          tcbn28hpcplusbwp40p140hvtssg0p81vm40c_ccs
  Eval_1_0_DP_OP_53J20_126_1358_J20_0_12
                     ZeroWireload          tcbn28hpcplusbwp40p140hvtssg0p81vm40c_ccs
  Eval_1_0_DP_OP_54J20_127_7047_J20_0_12
                     ZeroWireload          tcbn28hpcplusbwp40p140hvtssg0p81vm40c_ccs
  Eval_33_1_DP_OP_53J27_122_5226_J27_0_32
                     ZeroWireload          tcbn28hpcplusbwp40p140hvtssg0p81vm40c_ccs
  Eval_33_1_DP_OP_54J27_123_7613_J27_0_32
                     ZeroWireload          tcbn28hpcplusbwp40p140hvtssg0p81vm40c_ccs
  Eval_33_1_DP_OP_55J27_124_8730_J27_0_32
                     ZeroWireload          tcbn28hpcplusbwp40p140hvtssg0p81vm40c_ccs
  core4_1_DW_mult_tc_J24_0_4
                     ZeroWireload          tcbn28hpcplusbwp40p140hvtssg0p81vm40c_ccs
  Eval_33_1_DP_OP_53J27_122_5226_J27_0_5
                     ZeroWireload          tcbn28hpcplusbwp40p140hvtssg0p81vm40c_ccs
  Eval_33_1_DP_OP_54J27_123_7613_J27_0_5
                     ZeroWireload          tcbn28hpcplusbwp40p140hvtssg0p81vm40c_ccs
  Eval_33_1_DP_OP_55J27_124_8730_J27_0_5
                     ZeroWireload          tcbn28hpcplusbwp40p140hvtssg0p81vm40c_ccs
  core4_1_DW_mult_tc_J24_3_4
                     ZeroWireload          tcbn28hpcplusbwp40p140hvtssg0p81vm40c_ccs

  Point                                                   Incr       Path
  --------------------------------------------------------------------------
  clock clk (rise edge)                                   0.00       0.00
  clock network delay (ideal)                             0.00       0.00
  input external delay                                    0.50       0.50 f
  io_b_15[2] (in)                                         0.00       0.50 f
  evalB_3/io_in_3[2] (Eval_1_12)                          0.00       0.50 f
  evalB_3/U9/ZN (INVD6BWP40P140LVT)                       0.00       0.50 r
  evalB_3/U8/ZN (INVD6BWP40P140LVT)                       0.01       0.51 f
  evalB_3/DP_OP_54J20_127_7047/I3[2] (Eval_1_0_DP_OP_54J20_127_7047_J20_0_12)
                                                          0.00       0.51 f
  evalB_3/DP_OP_54J20_127_7047/U101/Z (CKAN2D1BWP40P140LVT)
                                                          0.02       0.54 f
  evalB_3/DP_OP_54J20_127_7047/U159/CO (FA1D1BWP40P140LVT)
                                                          0.04       0.58 f
  evalB_3/DP_OP_54J20_127_7047/U97/CO (FA1D1BWP40P140LVT)
                                                          0.04       0.62 f
  evalB_3/DP_OP_54J20_127_7047/U95/S (FA1D1BWP40P140LVT)
                                                          0.08       0.70 r
  evalB_3/DP_OP_54J20_127_7047/U148/ZN (CKND0BWP40P140)
                                                          0.03       0.73 f
  evalB_3/DP_OP_54J20_127_7047/U132/S (FA1D1BWP40P140)
                                                          0.11       0.83 r
  evalB_3/DP_OP_54J20_127_7047/O2[5] (Eval_1_0_DP_OP_54J20_127_7047_J20_0_12)
                                                          0.00       0.83 r
  evalB_3/io_out_5[5] (Eval_1_12)                         0.00       0.83 r
  core16_5/io_b_3[5] (core16_1)                           0.00       0.83 r
  core16_5/evalB/io_in_3[5] (Eval_33_56)                  0.00       0.83 r
  core16_5/evalB/U16/ZN (INVD0P7BWP40P140)                0.01       0.85 f
  core16_5/evalB/U3/ZN (INVD1BWP40P140LVT)                0.03       0.88 r
  core16_5/evalB/DP_OP_55J27_124_8730/I3[5] (Eval_33_1_DP_OP_55J27_124_8730_J27_0_32)
                                                          0.00       0.88 r
  core16_5/evalB/DP_OP_55J27_124_8730/U150/S (FA1D1BWP40P140)
                                                          0.10       0.98 f
  core16_5/evalB/DP_OP_55J27_124_8730/U147/CO (FA1D1BWP40P140)
                                                          0.07       1.05 f
  core16_5/evalB/DP_OP_55J27_124_8730/U145/CO (FA1D1BWP40P140)
                                                          0.06       1.10 f
  core16_5/evalB/DP_OP_55J27_124_8730/U143/CO (FA1D1BWP40P140)
                                                          0.06       1.16 f
  core16_5/evalB/DP_OP_55J27_124_8730/U214/CO (FA1D1BWP40P140)
                                                          0.06       1.21 f
  core16_5/evalB/DP_OP_55J27_124_8730/U186/CO (FA1D0BWP40P140)
                                                          0.07       1.28 f
  core16_5/evalB/DP_OP_55J27_124_8730/U187/CO (FA1D0BWP40P140)
                                                          0.07       1.36 f
  core16_5/evalB/DP_OP_55J27_124_8730/U133/CO (FA1D1BWP40P140)
                                                          0.06       1.42 f
  core16_5/evalB/DP_OP_55J27_124_8730/U193/CO (FA1D0BWP40P140)
                                                          0.07       1.48 f
  core16_5/evalB/DP_OP_55J27_124_8730/U206/S (FA1D0BWP40P140)
                                                          0.11       1.59 r
  core16_5/evalB/DP_OP_55J27_124_8730/O1[13] (Eval_33_1_DP_OP_55J27_124_8730_J27_0_32)
                                                          0.00       1.59 r
  core16_5/evalB/io_out_4[13] (Eval_33_56)                0.00       1.59 r
  core16_5/core4_4/io_b_0[13] (core4_9)                   0.00       1.59 r
  core16_5/core4_4/evalB/io_in_0[13] (Eval_33_9)          0.00       1.59 r
  core16_5/core4_4/evalB/U62/ZN (CKND0BWP40P140)          0.02       1.61 f
  core16_5/core4_4/evalB/U3/ZN (CKND0BWP40P140)           0.13       1.74 r
  core16_5/core4_4/evalB/DP_OP_54J27_123_7613/I1[13] (Eval_33_1_DP_OP_54J27_123_7613_J27_0_5)
                                                          0.00       1.74 r
  core16_5/core4_4/evalB/DP_OP_54J27_123_7613/U149/CO (FA1D0BWP40P140LVT)
                                                          0.09       1.83 r
  core16_5/core4_4/evalB/DP_OP_54J27_123_7613/U148/CO (FA1D1BWP40P140LVT)
                                                          0.04       1.87 r
  core16_5/core4_4/evalB/DP_OP_54J27_123_7613/U178/CO (FA1D0BWP40P140)
                                                          0.07       1.94 r
  core16_5/core4_4/evalB/DP_OP_54J27_123_7613/U181/CO (FA1D0BWP40P140)
                                                          0.07       2.02 r
  core16_5/core4_4/evalB/DP_OP_54J27_123_7613/U186/CO (FA1D0BWP40P140)
                                                          0.07       2.09 r
  core16_5/core4_4/evalB/DP_OP_54J27_123_7613/U184/CO (FA1D0BWP40P140)
                                                          0.08       2.17 r
  core16_5/core4_4/evalB/DP_OP_54J27_123_7613/U147/CO (FA1D1BWP40P140LVT)
                                                          0.04       2.21 r
  core16_5/core4_4/evalB/DP_OP_54J27_123_7613/U214/CO (FA1D0BWP40P140)
                                                          0.07       2.28 r
  core16_5/core4_4/evalB/DP_OP_54J27_123_7613/U216/CO (FA1D0BWP40P140)
                                                          0.07       2.35 r
  core16_5/core4_4/evalB/DP_OP_54J27_123_7613/U218/CO (FA1D0BWP40P140)
                                                          0.07       2.43 r
  core16_5/core4_4/evalB/DP_OP_54J27_123_7613/U211/S (FA1D0BWP40P140)
                                                          0.13       2.56 f
  core16_5/core4_4/evalB/DP_OP_54J27_123_7613/U146/S (FA1D1BWP40P140LVT)
                                                          0.12       2.68 r
  core16_5/core4_4/evalB/DP_OP_54J27_123_7613/O2[23] (Eval_33_1_DP_OP_54J27_123_7613_J27_0_5)
                                                          0.00       2.68 r
  core16_5/core4_4/evalB/io_out_3[23] (Eval_33_9)         0.00       2.68 r
  core16_5/core4_4/mult_x_4/b[23] (core4_1_DW_mult_tc_J24_3_4)
                                                          0.00       2.68 r
  core16_5/core4_4/mult_x_4/U1389/ZN (CKND0BWP40P140)     0.12       2.79 f
  core16_5/core4_4/mult_x_4/U1508/ZN (MUX2NUD1BWP40P140LVT)
                                                          0.07       2.87 r
  core16_5/core4_4/mult_x_4/U1511/ZN (IND3D1BWP40P140LVT)
                                                          0.08       2.95 f
  core16_5/core4_4/mult_x_4/U1458/ZN (OAI222D0BWP40P140)
                                                          0.08       3.03 r
  core16_5/core4_4/mult_x_4/U1343/ZN (AOI21D0BWP40P140)
                                                          0.03       3.06 f
  core16_5/core4_4/mult_x_4/U1237/ZN (MUX2ND0BWP40P140)
                                                          0.05       3.11 r
  core16_5/core4_4/mult_x_4/U1262/CO (HA1D0BWP40P140)     0.06       3.17 r
  core16_5/core4_4/mult_x_4/U1610/S (FA1D1BWP40P140)      0.10       3.26 f
  core16_5/core4_4/mult_x_4/U1662/S (FA1D1BWP40P140)      0.11       3.38 r
  core16_5/core4_4/mult_x_4/U1368/S (FA1D0BWP40P140)      0.12       3.50 f
  core16_5/core4_4/mult_x_4/U1825/S (FA1D1BWP40P140)      0.12       3.62 r
  core16_5/core4_4/mult_x_4/U1922/S (FA1D1BWP40P140)      0.10       3.72 f
  core16_5/core4_4/mult_x_4/U2032/S (FA1D1BWP40P140)      0.11       3.83 r
  core16_5/core4_4/mult_x_4/U1424/CO (FA1D0BWP40P140)     0.08       3.91 r
  core16_5/core4_4/mult_x_4/U2134/CO (FA1D0BWP40P140)     0.07       3.98 r
  core16_5/core4_4/mult_x_4/U2130/S (FA1D1BWP40P140)      0.10       4.09 f
  core16_5/core4_4/mult_x_4/U1447/CO (FA1D0BWP40P140)     0.08       4.16 f
  core16_5/core4_4/mult_x_4/U2226/CO (FA1D1BWP40P140)     0.06       4.22 f
  core16_5/core4_4/mult_x_4/U2225/CO (FA1D0BWP40P140)     0.07       4.29 f
  core16_5/core4_4/mult_x_4/U1448/CO (FA1D0BWP40P140)     0.07       4.37 f
  core16_5/core4_4/mult_x_4/U2224/CO (FA1D1BWP40P140)     0.06       4.43 f
  core16_5/core4_4/mult_x_4/U2223/CO (FA1D1BWP40P140)     0.06       4.48 f
  core16_5/core4_4/mult_x_4/U1449/CO (FA1D0BWP40P140)     0.07       4.55 f
  core16_5/core4_4/mult_x_4/U2222/CO (FA1D1BWP40P140)     0.06       4.61 f
  core16_5/core4_4/mult_x_4/U2221/CO (FA1D1BWP40P140)     0.06       4.66 f
  core16_5/core4_4/mult_x_4/U1450/CO (FA1D0BWP40P140)     0.07       4.73 f
  core16_5/core4_4/mult_x_4/U1228/Z (XOR2UD0BWP40P140)
                                                          0.03       4.76 r
  core16_5/core4_4/mult_x_4/U1482/ZN (OAI21D0BWP40P140HVT)
                                                          0.05       4.81 f
  core16_5/core4_4/mult_x_4/U1488/ZN (OAI31D0BWP40P140LVT)
                                                          0.03       4.84 r
  core16_5/core4_4/mult_x_4/U1227/Z (XOR2UD0BWP40P140)
                                                          0.05       4.89 r
  core16_5/core4_4/mult_x_4/U1226/ZN (XNR3UD0BWP40P140)
                                                          0.06       4.95 r
  core16_5/core4_4/mult_x_4/product[36] (core4_1_DW_mult_tc_J24_3_4)
                                                          0.00       4.95 r
  core16_5/core4_4/s_w_3_reg_36_/D (DFKCNQD1BWP40P140)
                                                          0.00       4.95 r
  data arrival time                                                  4.95

  clock clk (rise edge)                                   5.00       5.00
  clock network delay (ideal)                             0.00       5.00
  core16_5/core4_4/s_w_3_reg_36_/CP (DFKCNQD1BWP40P140)
                                                          0.00       5.00 r
  library setup time                                     -0.05       4.95
  data required time                                                 4.95
  --------------------------------------------------------------------------
  data required time                                                 4.95
  data arrival time                                                 -4.95
  --------------------------------------------------------------------------
  slack (MET)                                                        0.00


1
