 
****************************************
Report : timing
        -path full
        -delay max
        -max_paths 3
Design : core64_a28_b16_c28
Version: O-2018.06-SP5
Date   : Wed May 13 01:42:14 2026
****************************************

 # A fanout number of 1000 was used for high fanout net computations.

Operating Conditions: ssg0p81vm40c   Library: tcbn28hpcplusbwp40p140hvtssg0p81vm40c_ccs
Wire Load Model Mode: segmented

  Startpoint: io_b_60[0] (input port clocked by clk)
  Endpoint: core16_6/core4_3/s_w_4_reg_36_
            (rising edge-triggered flip-flop clocked by clk)
  Path Group: clk
  Path Type: max

  Des/Clust/Port     Wire Load Model       Library
  ------------------------------------------------
  core64_a28_b16_c28 ZeroWireload          tcbn28hpcplusbwp40p140hvtssg0p81vm40c_ccs
  Eval_1_0_DP_OP_52J25_125_2082_J25_0_0
                     ZeroWireload          tcbn28hpcplusbwp40p140hvtssg0p81vm40c_ccs
  Eval_1_0_DP_OP_53J25_126_7779_J25_0_0
                     ZeroWireload          tcbn28hpcplusbwp40p140hvtssg0p81vm40c_ccs
  Eval_1_0_DP_OP_54J25_127_2477_J25_0_0
                     ZeroWireload          tcbn28hpcplusbwp40p140hvtssg0p81vm40c_ccs
  Eval_33_49_DP_OP_56J19_127_3466_J19_0_0
                     ZeroWireload          tcbn28hpcplusbwp40p140hvtssg0p81vm40c_ccs
  Eval_33_49_DP_OP_55J19_126_784_J19_0_0
                     ZeroWireload          tcbn28hpcplusbwp40p140hvtssg0p81vm40c_ccs
  Eval_33_49_DP_OP_54J19_125_1425_J19_0_0
                     ZeroWireload          tcbn28hpcplusbwp40p140hvtssg0p81vm40c_ccs
  core4_1_DW_mult_tc_J21_6_1
                     ZeroWireload          tcbn28hpcplusbwp40p140hvtssg0p81vm40c_ccs
  Eval_33_1_DP_OP_53J24_122_8097_J24_0_1
                     ZeroWireload          tcbn28hpcplusbwp40p140hvtssg0p81vm40c_ccs
  Eval_33_1_DP_OP_54J24_123_1200_J24_0_1
                     ZeroWireload          tcbn28hpcplusbwp40p140hvtssg0p81vm40c_ccs
  Eval_33_1_DP_OP_55J24_124_5184_J24_0_1
                     ZeroWireload          tcbn28hpcplusbwp40p140hvtssg0p81vm40c_ccs
  core4_1_DW_mult_tc_J21_2_1
                     ZeroWireload          tcbn28hpcplusbwp40p140hvtssg0p81vm40c_ccs

  Point                                                   Incr       Path
  --------------------------------------------------------------------------
  clock clk (rise edge)                                   0.00       0.00
  clock network delay (ideal)                             0.00       0.00
  input external delay                                    0.50       0.50 f
  io_b_60[0] (in)                                         0.00       0.50 f
  evalB_15/io_in_0[0] (Eval_1_0)                          0.00       0.50 f
  evalB_15/U7/ZN (INVD3BWP40P140)                         0.01       0.51 r
  evalB_15/U5/ZN (INVD4BWP40P140LVT)                      0.01       0.52 f
  evalB_15/io_out_6[0] (Eval_1_0)                         0.00       0.52 f
  core16_6/io_b_15[0] (core16_0)                          0.00       0.52 f
  core16_6/evalB_3/io_in_3[0] (Eval_33_49)                0.00       0.52 f
  core16_6/evalB_3/U17/ZN (INVD1BWP40P140)                0.01       0.53 r
  core16_6/evalB_3/U10/ZN (CKND1BWP40P140)                0.02       0.55 f
  core16_6/evalB_3/DP_OP_55J19_126_784/I4[0] (Eval_33_49_DP_OP_55J19_126_784_J19_0_0)
                                                          0.00       0.55 f
  core16_6/evalB_3/DP_OP_55J19_126_784/U211/CO (HA1D0BWP40P140LVT)
                                                          0.03       0.58 f
  core16_6/evalB_3/DP_OP_55J19_126_784/U214/CO (FA1D1BWP40P140LVT)
                                                          0.04       0.63 f
  core16_6/evalB_3/DP_OP_55J19_126_784/U167/S (FA1D1BWP40P140)
                                                          0.10       0.73 r
  core16_6/evalB_3/DP_OP_55J19_126_784/U209/ZN (CKND0BWP40P140)
                                                          0.03       0.76 f
  core16_6/evalB_3/DP_OP_55J19_126_784/U125/CO (FA1D1BWP40P140)
                                                          0.07       0.83 f
  core16_6/evalB_3/DP_OP_55J19_126_784/U223/CO (FA1D1BWP40P140)
                                                          0.06       0.88 f
  core16_6/evalB_3/DP_OP_55J19_126_784/U222/CO (FA1D1BWP40P140)
                                                          0.06       0.94 f
  core16_6/evalB_3/DP_OP_55J19_126_784/U163/CO (FA1D1BWP40P140)
                                                          0.06       1.00 f
  core16_6/evalB_3/DP_OP_55J19_126_784/U229/CO (FA1D1BWP40P140)
                                                          0.06       1.05 f
  core16_6/evalB_3/DP_OP_55J19_126_784/U228/CO (FA1D1BWP40P140)
                                                          0.06       1.11 f
  core16_6/evalB_3/DP_OP_55J19_126_784/U185/CO (FA1D0BWP40P140)
                                                          0.07       1.17 f
  core16_6/evalB_3/DP_OP_55J19_126_784/U227/CO (FA1D1BWP40P140)
                                                          0.06       1.23 f
  core16_6/evalB_3/DP_OP_55J19_126_784/U226/CO (FA1D1BWP40P140)
                                                          0.06       1.29 f
  core16_6/evalB_3/DP_OP_55J19_126_784/U225/S (FA1D1BWP40P140)
                                                          0.09       1.39 r
  core16_6/evalB_3/DP_OP_55J19_126_784/O2[11] (Eval_33_49_DP_OP_55J19_126_784_J19_0_0)
                                                          0.00       1.39 r
  core16_6/evalB_3/io_out_3[11] (Eval_33_49)              0.00       1.39 r
  core16_6/core4_3/io_b_3[11] (core4_3)                   0.00       1.39 r
  core16_6/core4_3/evalB/io_in_3[11] (Eval_33_3)          0.00       1.39 r
  core16_6/core4_3/evalB/U66/ZN (CKND0BWP40P140)          0.01       1.40 f
  core16_6/core4_3/evalB/U6/ZN (CKND0BWP40P140)           0.15       1.55 r
  core16_6/core4_3/evalB/DP_OP_55J24_124_5184/I3[11] (Eval_33_1_DP_OP_55J24_124_5184_J24_0_1)
                                                          0.00       1.55 r
  core16_6/core4_3/evalB/DP_OP_55J24_124_5184/U216/S (FA1D0BWP40P140)
                                                          0.17       1.72 f
  core16_6/core4_3/evalB/DP_OP_55J24_124_5184/U234/CO (FA1D0BWP40P140)
                                                          0.08       1.80 f
  core16_6/core4_3/evalB/DP_OP_55J24_124_5184/U185/CO (FA1D0BWP40P140)
                                                          0.07       1.87 f
  core16_6/core4_3/evalB/DP_OP_55J24_124_5184/U293/CO (FA1D1BWP40P140)
                                                          0.06       1.93 f
  core16_6/core4_3/evalB/DP_OP_55J24_124_5184/U227/CO (FA1D0BWP40P140)
                                                          0.07       2.00 f
  core16_6/core4_3/evalB/DP_OP_55J24_124_5184/U189/CO (FA1D0BWP40P140)
                                                          0.07       2.07 f
  core16_6/core4_3/evalB/DP_OP_55J24_124_5184/U194/CO (FA1D0BWP40P140)
                                                          0.07       2.14 f
  core16_6/core4_3/evalB/DP_OP_55J24_124_5184/U222/CO (FA1D0BWP40P140)
                                                          0.07       2.21 f
  core16_6/core4_3/evalB/DP_OP_55J24_124_5184/U223/CO (FA1D0BWP40P140)
                                                          0.07       2.29 f
  core16_6/core4_3/evalB/DP_OP_55J24_124_5184/U292/CO (FA1D1BWP40P140)
                                                          0.06       2.35 f
  core16_6/core4_3/evalB/DP_OP_55J24_124_5184/U221/CO (FA1D0BWP40P140)
                                                          0.07       2.42 f
  core16_6/core4_3/evalB/DP_OP_55J24_124_5184/U202/CO (FA1D0BWP40P140)
                                                          0.08       2.49 f
  core16_6/core4_3/evalB/DP_OP_55J24_124_5184/U149/CO (FA1OPTCD1BWP40P140)
                                                          0.05       2.54 f
  core16_6/core4_3/evalB/DP_OP_55J24_124_5184/U154/CO (FA1D1BWP40P140LVT)
                                                          0.04       2.58 f
  core16_6/core4_3/evalB/DP_OP_55J24_124_5184/U212/CO (FA1D0BWP40P140)
                                                          0.07       2.65 f
  core16_6/core4_3/evalB/DP_OP_55J24_124_5184/U291/CO (FA1D1BWP40P140)
                                                          0.06       2.71 f
  core16_6/core4_3/evalB/DP_OP_55J24_124_5184/U238/S (FA1D0BWP40P140)
                                                          0.16       2.87 r
  core16_6/core4_3/evalB/DP_OP_55J24_124_5184/O1[26] (Eval_33_1_DP_OP_55J24_124_5184_J24_0_1)
                                                          0.00       2.87 r
  core16_6/core4_3/evalB/io_out_4[26] (Eval_33_3)         0.00       2.87 r
  core16_6/core4_3/mult_x_5/b[26] (core4_1_DW_mult_tc_J21_2_1)
                                                          0.00       2.87 r
  core16_6/core4_3/mult_x_5/U1336/ZN (INVD1BWP40P140LVT)
                                                          0.07       2.94 f
  core16_6/core4_3/mult_x_5/U1335/ZN (MUX2ND0BWP40P140)
                                                          0.06       3.00 r
  core16_6/core4_3/mult_x_5/U1540/Z (OR3D1BWP40P140)      0.07       3.07 r
  core16_6/core4_3/mult_x_5/U1568/ZN (OAI222D0BWP40P140)
                                                          0.06       3.13 f
  core16_6/core4_3/mult_x_5/U1569/ZN (AOI21D0BWP40P140)
                                                          0.06       3.19 r
  core16_6/core4_3/mult_x_5/U1570/ZN (MUX2ND0BWP40P140)
                                                          0.06       3.25 r
  core16_6/core4_3/mult_x_5/U1327/CO (HA1D0BWP40P140)     0.06       3.31 r
  core16_6/core4_3/mult_x_5/U1326/ZN (MAOI222D0BWP40P140)
                                                          0.04       3.34 f
  core16_6/core4_3/mult_x_5/U1322/ZN (CKND0BWP40P140)     0.03       3.38 r
  core16_6/core4_3/mult_x_5/U1607/S (FA1D1BWP40P140)      0.10       3.48 f
  core16_6/core4_3/mult_x_5/U1375/CO (FA1D0BWP40P140)     0.08       3.56 f
  core16_6/core4_3/mult_x_5/U1321/ZN (MAOI222D0BWP40P140)
                                                          0.05       3.60 r
  core16_6/core4_3/mult_x_5/U1309/ZN (CKND0BWP40P140)     0.03       3.63 f
  core16_6/core4_3/mult_x_5/U1654/S (FA1D1BWP40P140)      0.11       3.74 r
  core16_6/core4_3/mult_x_5/U1716/S (FA1D1BWP40P140)      0.10       3.84 f
  core16_6/core4_3/mult_x_5/U1791/S (FA1D1BWP40P140)      0.12       3.96 r
  core16_6/core4_3/mult_x_5/U1872/CO (FA1D1BWP40P140)     0.06       4.02 r
  core16_6/core4_3/mult_x_5/U1289/Z (XOR2UD0BWP40P140)
                                                          0.05       4.07 r
  core16_6/core4_3/mult_x_5/U1287/Z (XOR2UD0BWP40P140)
                                                          0.06       4.13 r
  core16_6/core4_3/mult_x_5/U1897/S (FA1D0BWP40P140)      0.13       4.26 f
  core16_6/core4_3/mult_x_5/U1412/S (FA1D0BWP40P140)      0.13       4.39 r
  core16_6/core4_3/mult_x_5/U2177/S (FA1D1BWP40P140)      0.11       4.50 f
  core16_6/core4_3/mult_x_5/U2282/CO (FA1D1BWP40P140)     0.07       4.56 f
  core16_6/core4_3/mult_x_5/U1472/CO (FA1D0BWP40P140)     0.07       4.63 f
  core16_6/core4_3/mult_x_5/U2281/CO (FA1D1BWP40P140)     0.06       4.69 f
  core16_6/core4_3/mult_x_5/U2329/CO (FA1D1BWP40P140)     0.06       4.75 f
  core16_6/core4_3/mult_x_5/U1473/CO (FA1D0BWP40P140)     0.07       4.81 f
  core16_6/core4_3/mult_x_5/U1282/Z (XOR2UD0BWP40P140)
                                                          0.03       4.84 r
  core16_6/core4_3/mult_x_5/U1281/ZN (XNR2UD0BWP40P140)
                                                          0.06       4.90 r
  core16_6/core4_3/mult_x_5/U1280/ZN (XNR3UD0BWP40P140)
                                                          0.06       4.96 r
  core16_6/core4_3/mult_x_5/product[36] (core4_1_DW_mult_tc_J21_2_1)
                                                          0.00       4.96 r
  core16_6/core4_3/s_w_4_reg_36_/D (DFQD1BWP40P140)       0.00       4.96 r
  data arrival time                                                  4.96

  clock clk (rise edge)                                   5.00       5.00
  clock network delay (ideal)                             0.00       5.00
  core16_6/core4_3/s_w_4_reg_36_/CP (DFQD1BWP40P140)      0.00       5.00 r
  library setup time                                     -0.04       4.96
  data required time                                                 4.96
  --------------------------------------------------------------------------
  data required time                                                 4.96
  data arrival time                                                 -4.96
  --------------------------------------------------------------------------
  slack (MET)                                                        0.00


  Startpoint: io_b_3[2] (input port clocked by clk)
  Endpoint: core16_5/core4_3/s_w_3_reg_36_
            (rising edge-triggered flip-flop clocked by clk)
  Path Group: clk
  Path Type: max

  Des/Clust/Port     Wire Load Model       Library
  ------------------------------------------------
  core64_a28_b16_c28 ZeroWireload          tcbn28hpcplusbwp40p140hvtssg0p81vm40c_ccs
  Eval_1_0_DP_OP_52J25_125_2082_J25_0_15
                     ZeroWireload          tcbn28hpcplusbwp40p140hvtssg0p81vm40c_ccs
  Eval_1_0_DP_OP_53J25_126_7779_J25_0_15
                     ZeroWireload          tcbn28hpcplusbwp40p140hvtssg0p81vm40c_ccs
  Eval_1_0_DP_OP_54J25_127_2477_J25_0_15
                     ZeroWireload          tcbn28hpcplusbwp40p140hvtssg0p81vm40c_ccs
  Eval_33_1_DP_OP_53J24_122_8097_J24_0_32
                     ZeroWireload          tcbn28hpcplusbwp40p140hvtssg0p81vm40c_ccs
  Eval_33_1_DP_OP_54J24_123_1200_J24_0_32
                     ZeroWireload          tcbn28hpcplusbwp40p140hvtssg0p81vm40c_ccs
  Eval_33_1_DP_OP_55J24_124_5184_J24_0_32
                     ZeroWireload          tcbn28hpcplusbwp40p140hvtssg0p81vm40c_ccs
  Eval_33_1_DP_OP_55J24_124_5184_J24_0_6
                     ZeroWireload          tcbn28hpcplusbwp40p140hvtssg0p81vm40c_ccs
  Eval_33_1_DP_OP_54J24_123_1200_J24_0_6
                     ZeroWireload          tcbn28hpcplusbwp40p140hvtssg0p81vm40c_ccs
  Eval_33_1_DP_OP_53J24_122_8097_J24_0_6
                     ZeroWireload          tcbn28hpcplusbwp40p140hvtssg0p81vm40c_ccs
  core4_1_DW_mult_tc_J21_0_5
                     ZeroWireload          tcbn28hpcplusbwp40p140hvtssg0p81vm40c_ccs
  core4_1_DW_mult_tc_J21_3_5
                     ZeroWireload          tcbn28hpcplusbwp40p140hvtssg0p81vm40c_ccs

  Point                                                   Incr       Path
  --------------------------------------------------------------------------
  clock clk (rise edge)                                   0.00       0.00
  clock network delay (ideal)                             0.00       0.00
  input external delay                                    0.50       0.50 r
  io_b_3[2] (in)                                          0.00       0.50 r
  evalB/io_in_3[2] (Eval_1_15)                            0.00       0.50 r
  evalB/U5/ZN (INVD3BWP40P140LVT)                         0.00       0.50 f
  evalB/U4/ZN (INVD4BWP40P140LVT)                         0.01       0.52 r
  evalB/DP_OP_54J25_127_2477/I3[2] (Eval_1_0_DP_OP_54J25_127_2477_J25_0_15)
                                                          0.00       0.52 r
  evalB/DP_OP_54J25_127_2477/U129/Z (XOR2UD0BWP40P140)
                                                          0.04       0.55 r
  evalB/DP_OP_54J25_127_2477/U128/ZN (CKND0BWP40P140)     0.05       0.60 f
  evalB/DP_OP_54J25_127_2477/U181/CO (FA1D1BWP40P140)     0.07       0.68 f
  evalB/DP_OP_54J25_127_2477/U106/CO (FA1D1BWP40P140)     0.06       0.74 f
  evalB/DP_OP_54J25_127_2477/U196/CO (FA1D1BWP40P140LVT)
                                                          0.04       0.78 f
  evalB/DP_OP_54J25_127_2477/U154/CO (FA1D1BWP40P140)     0.05       0.84 f
  evalB/DP_OP_54J25_127_2477/U195/CO (FA1D1BWP40P140LVT)
                                                          0.04       0.88 f
  evalB/DP_OP_54J25_127_2477/U150/CO (FA1D1BWP40P140)     0.05       0.94 f
  evalB/DP_OP_54J25_127_2477/U201/CO (FA1D1BWP40P140)     0.06       0.99 f
  evalB/DP_OP_54J25_127_2477/U203/CO (FA1D1BWP40P140)     0.06       1.05 f
  evalB/DP_OP_54J25_127_2477/U145/CO (FA1D1BWP40P140)     0.06       1.10 f
  evalB/DP_OP_54J25_127_2477/U202/CO (FA1D1BWP40P140)     0.06       1.16 f
  evalB/DP_OP_54J25_127_2477/U164/CO (FA1D0BWP40P140)     0.07       1.22 f
  evalB/DP_OP_54J25_127_2477/U166/CO (FA1D0BWP40P140)     0.07       1.30 f
  evalB/DP_OP_54J25_127_2477/U169/S (FA1D0BWP40P140)      0.11       1.41 r
  evalB/DP_OP_54J25_127_2477/O2[14] (Eval_1_0_DP_OP_54J25_127_2477_J25_0_15)
                                                          0.00       1.41 r
  evalB/io_out_5[14] (Eval_1_15)                          0.00       1.41 r
  core16_5/io_b_0[14] (core16_1)                          0.00       1.41 r
  core16_5/evalB/io_in_0[14] (Eval_33_56)                 0.00       1.41 r
  core16_5/evalB/U42/ZN (CKND0BWP40P140)                  0.02       1.42 f
  core16_5/evalB/U23/ZN (INVD1BWP40P140)                  0.04       1.46 r
  core16_5/evalB/DP_OP_54J24_123_1200/I1[14] (Eval_33_1_DP_OP_54J24_123_1200_J24_0_32)
                                                          0.00       1.46 r
  core16_5/evalB/DP_OP_54J24_123_1200/U173/Z (XOR2UD0BWP40P140)
                                                          0.04       1.50 r
  core16_5/evalB/DP_OP_54J24_123_1200/U172/Z (XOR2UD0BWP40P140)
                                                          0.07       1.57 r
  core16_5/evalB/DP_OP_54J24_123_1200/U179/ZN (CKND0BWP40P140)
                                                          0.04       1.61 f
  core16_5/evalB/DP_OP_54J24_123_1200/U170/Z (XOR2UD0BWP40P140)
                                                          0.06       1.67 f
  core16_5/evalB/DP_OP_54J24_123_1200/U168/Z (XOR2UD0BWP40P140)
                                                          0.04       1.71 f
  core16_5/evalB/DP_OP_54J24_123_1200/O2[14] (Eval_33_1_DP_OP_54J24_123_1200_J24_0_32)
                                                          0.00       1.71 f
  core16_5/evalB/io_out_3[14] (Eval_33_56)                0.00       1.71 f
  core16_5/core4_3/io_b_0[14] (core4_10)                  0.00       1.71 f
  core16_5/core4_3/evalB/io_in_0[14] (Eval_33_10)         0.00       1.71 f
  core16_5/core4_3/evalB/U64/ZN (CKND0BWP40P140)          0.02       1.74 r
  core16_5/core4_3/evalB/U5/ZN (CKND0BWP40P140)           0.12       1.86 f
  core16_5/core4_3/evalB/DP_OP_54J24_123_1200/I1[14] (Eval_33_1_DP_OP_54J24_123_1200_J24_0_6)
                                                          0.00       1.86 f
  core16_5/core4_3/evalB/DP_OP_54J24_123_1200/U232/CO (FA1D0BWP40P140)
                                                          0.15       2.01 f
  core16_5/core4_3/evalB/DP_OP_54J24_123_1200/U208/CO (FA1D0BWP40P140)
                                                          0.07       2.08 f
  core16_5/core4_3/evalB/DP_OP_54J24_123_1200/U285/CO (FA1D1BWP40P140)
                                                          0.06       2.14 f
  core16_5/core4_3/evalB/DP_OP_54J24_123_1200/U185/CO (FA1D1BWP40P140LVT)
                                                          0.04       2.18 f
  core16_5/core4_3/evalB/DP_OP_54J24_123_1200/U154/CO (FA1D1BWP40P140)
                                                          0.05       2.24 f
  core16_5/core4_3/evalB/DP_OP_54J24_123_1200/U225/CO (FA1D0BWP40P140)
                                                          0.07       2.30 f
  core16_5/core4_3/evalB/DP_OP_54J24_123_1200/U227/CO (FA1D0BWP40P140)
                                                          0.07       2.38 f
  core16_5/core4_3/evalB/DP_OP_54J24_123_1200/U211/CO (FA1D0BWP40P140)
                                                          0.07       2.45 f
  core16_5/core4_3/evalB/DP_OP_54J24_123_1200/U229/S (FA1D0BWP40P140)
                                                          0.14       2.59 r
  core16_5/core4_3/evalB/DP_OP_54J24_123_1200/U237/CO (FA1D0BWP40P140)
                                                          0.09       2.68 r
  core16_5/core4_3/evalB/DP_OP_54J24_123_1200/U176/S (FA1D1BWP40P140)
                                                          0.13       2.80 f
  core16_5/core4_3/evalB/DP_OP_54J24_123_1200/O2[23] (Eval_33_1_DP_OP_54J24_123_1200_J24_0_6)
                                                          0.00       2.80 f
  core16_5/core4_3/evalB/io_out_3[23] (Eval_33_10)        0.00       2.80 f
  core16_5/core4_3/mult_x_4/b[23] (core4_1_DW_mult_tc_J21_3_5)
                                                          0.00       2.80 f
  core16_5/core4_3/mult_x_4/U1334/ZN (INVD1BWP40P140)     0.07       2.87 r
  core16_5/core4_3/mult_x_4/U1332/ZN (MUX2NUD1BWP40P140)
                                                          0.05       2.92 f
  core16_5/core4_3/mult_x_4/U1576/ZN (NR2OPTIBD1BWP40P140)
                                                          0.07       2.99 r
  core16_5/core4_3/mult_x_4/U1585/ZN (CKND0BWP40P140)     0.04       3.03 f
  core16_5/core4_3/mult_x_4/U1330/ZN (OAI222D1BWP40P140)
                                                          0.03       3.07 r
  core16_5/core4_3/mult_x_4/U1317/ZN (MUX2ND0BWP40P140)
                                                          0.07       3.13 r
  core16_5/core4_3/mult_x_4/U1354/CO (HA1D0BWP40P140)     0.06       3.19 r
  core16_5/core4_3/mult_x_4/U1325/CO (HA1D0BWP40P140)     0.05       3.24 r
  core16_5/core4_3/mult_x_4/U1407/S (FA1D0BWP40P140)      0.11       3.35 f
  core16_5/core4_3/mult_x_4/U1337/S (FA1D0BWP40P140)      0.13       3.48 r
  core16_5/core4_3/mult_x_4/U1776/CO (FA1D0BWP40P140)     0.08       3.56 r
  core16_5/core4_3/mult_x_4/U1794/S (FA1D1BWP40P140)      0.10       3.66 f
  core16_5/core4_3/mult_x_4/U1874/CO (FA1D0BWP40P140)     0.08       3.74 f
  core16_5/core4_3/mult_x_4/U1424/CO (FA1D0BWP40P140)     0.07       3.81 f
  core16_5/core4_3/mult_x_4/U1870/CO (FA1D0BWP40P140)     0.07       3.89 f
  core16_5/core4_3/mult_x_4/U1822/CO (FA1D0BWP40P140)     0.07       3.96 f
  core16_5/core4_3/mult_x_4/U1425/CO (FA1D0BWP40P140)     0.07       4.03 f
  core16_5/core4_3/mult_x_4/U1863/CO (FA1D1BWP40P140)     0.06       4.09 f
  core16_5/core4_3/mult_x_4/U1859/CO (FA1D1BWP40P140)     0.06       4.15 f
  core16_5/core4_3/mult_x_4/U1426/S (FA1D0BWP40P140)      0.12       4.27 r
  core16_5/core4_3/mult_x_4/U1950/S (FA1D1BWP40P140)      0.11       4.37 f
  core16_5/core4_3/mult_x_4/U2059/CO (FA1D1BWP40P140)     0.07       4.44 f
  core16_5/core4_3/mult_x_4/U2055/S (FA1D1BWP40P140)      0.10       4.54 r
  core16_5/core4_3/mult_x_4/U1477/CO (FA1D0BWP40P140)     0.08       4.62 r
  core16_5/core4_3/mult_x_4/U2331/CO (FA1D1BWP40P140)     0.05       4.67 r
  core16_5/core4_3/mult_x_4/U1291/ZN (OAI21D0P7BWP40P140)
                                                          0.03       4.70 f
  core16_5/core4_3/mult_x_4/U1290/ZN (ND2D0P7BWP40P140)
                                                          0.02       4.72 r
  core16_5/core4_3/mult_x_4/U1434/ZN (MUX2ND0BWP40P140)
                                                          0.04       4.76 r
  core16_5/core4_3/mult_x_4/U1275/Z (XOR4D1BWP40P140)     0.11       4.87 f
  core16_5/core4_3/mult_x_4/U2196/Z (XOR2UD0BWP40P140)
                                                          0.03       4.91 r
  core16_5/core4_3/mult_x_4/U1285/Z (XOR2UD0BWP40P140)
                                                          0.04       4.95 r
  core16_5/core4_3/mult_x_4/product[36] (core4_1_DW_mult_tc_J21_3_5)
                                                          0.00       4.95 r
  core16_5/core4_3/s_w_3_reg_36_/D (DFKCNQD1BWP40P140)
                                                          0.00       4.95 r
  data arrival time                                                  4.95

  clock clk (rise edge)                                   5.00       5.00
  clock network delay (ideal)                             0.00       5.00
  core16_5/core4_3/s_w_3_reg_36_/CP (DFKCNQD1BWP40P140)
                                                          0.00       5.00 r
  library setup time                                     -0.05       4.95
  data required time                                                 4.95
  --------------------------------------------------------------------------
  data required time                                                 4.95
  data arrival time                                                 -4.95
  --------------------------------------------------------------------------
  slack (MET)                                                        0.00


  Startpoint: io_b_60[0] (input port clocked by clk)
  Endpoint: core16_2/core4_0/s_w_5_reg_36_
            (rising edge-triggered flip-flop clocked by clk)
  Path Group: clk
  Path Type: max

  Des/Clust/Port     Wire Load Model       Library
  ------------------------------------------------
  core64_a28_b16_c28 ZeroWireload          tcbn28hpcplusbwp40p140hvtssg0p81vm40c_ccs
  Eval_1_0_DP_OP_52J25_125_2082_J25_0_0
                     ZeroWireload          tcbn28hpcplusbwp40p140hvtssg0p81vm40c_ccs
  Eval_1_0_DP_OP_53J25_126_7779_J25_0_0
                     ZeroWireload          tcbn28hpcplusbwp40p140hvtssg0p81vm40c_ccs
  Eval_1_0_DP_OP_54J25_127_2477_J25_0_0
                     ZeroWireload          tcbn28hpcplusbwp40p140hvtssg0p81vm40c_ccs
  Eval_33_65_DP_OP_54J23_125_4435_J23_0_0
                     ZeroWireload          tcbn28hpcplusbwp40p140hvtssg0p81vm40c_ccs
  Eval_33_65_DP_OP_55J23_126_9602_J23_0_0
                     ZeroWireload          tcbn28hpcplusbwp40p140hvtssg0p81vm40c_ccs
  Eval_33_65_DP_OP_56J23_127_412_J23_0_0
                     ZeroWireload          tcbn28hpcplusbwp40p140hvtssg0p81vm40c_ccs
  Eval_33_28_DP_OP_56J22_127_896_J22_0_1
                     ZeroWireload          tcbn28hpcplusbwp40p140hvtssg0p81vm40c_ccs
  Eval_33_28_DP_OP_55J22_126_5906_J22_0_1
                     ZeroWireload          tcbn28hpcplusbwp40p140hvtssg0p81vm40c_ccs
  Eval_33_28_DP_OP_54J22_125_6887_J22_0_1
                     ZeroWireload          tcbn28hpcplusbwp40p140hvtssg0p81vm40c_ccs
  core4_28_DW_mult_uns_J15_3_1
                     ZeroWireload          tcbn28hpcplusbwp40p140hvtssg0p81vm40c_ccs
  core4_28_DW_mult_tc_J15_0_1
                     ZeroWireload          tcbn28hpcplusbwp40p140hvtssg0p81vm40c_ccs

  Point                                                   Incr       Path
  --------------------------------------------------------------------------
  clock clk (rise edge)                                   0.00       0.00
  clock network delay (ideal)                             0.00       0.00
  input external delay                                    0.50       0.50 f
  io_b_60[0] (in)                                         0.00       0.50 f
  evalB_15/io_in_0[0] (Eval_1_0)                          0.00       0.50 f
  evalB_15/U7/ZN (INVD3BWP40P140)                         0.01       0.51 r
  evalB_15/U5/ZN (INVD4BWP40P140LVT)                      0.01       0.52 f
  evalB_15/DP_OP_53J25_126_7779/I2[0] (Eval_1_0_DP_OP_53J25_126_7779_J25_0_0)
                                                          0.00       0.52 f
  evalB_15/DP_OP_53J25_126_7779/U185/CO (HA1D4BWP40P140LVT)
                                                          0.02       0.53 f
  evalB_15/DP_OP_53J25_126_7779/U189/CO (FA1OPTCD2BWP40P140LVT)
                                                          0.02       0.55 f
  evalB_15/DP_OP_53J25_126_7779/U95/CO (FA1D1BWP40P140LVT)
                                                          0.04       0.60 f
  evalB_15/DP_OP_53J25_126_7779/U129/ZN (OAI21D1BWP40P140LVT)
                                                          0.02       0.61 r
  evalB_15/DP_OP_53J25_126_7779/U100/ZN (CKND2D1BWP40P140LVT)
                                                          0.02       0.63 f
  evalB_15/DP_OP_53J25_126_7779/U92/CO (FA1D1BWP40P140LVT)
                                                          0.05       0.67 f
  evalB_15/DP_OP_53J25_126_7779/U187/CO (FA1OPTCD1BWP40P140LVT)
                                                          0.03       0.70 f
  evalB_15/DP_OP_53J25_126_7779/U165/CO (FA1D1BWP40P140)
                                                          0.05       0.76 f
  evalB_15/DP_OP_53J25_126_7779/U164/CO (FA1D1BWP40P140)
                                                          0.06       0.81 f
  evalB_15/DP_OP_53J25_126_7779/U162/CO (FA1D1BWP40P140)
                                                          0.06       0.87 f
  evalB_15/DP_OP_53J25_126_7779/U158/CO (FA1D1BWP40P140)
                                                          0.06       0.92 f
  evalB_15/DP_OP_53J25_126_7779/U157/CO (FA1D1BWP40P140)
                                                          0.06       0.98 f
  evalB_15/DP_OP_53J25_126_7779/U154/CO (FA1D1BWP40P140)
                                                          0.06       1.04 f
  evalB_15/DP_OP_53J25_126_7779/U108/ZN (MAOI222D0BWP40P140)
                                                          0.04       1.08 r
  evalB_15/DP_OP_53J25_126_7779/U107/ZN (CKND0BWP40P140)
                                                          0.03       1.11 f
  evalB_15/DP_OP_53J25_126_7779/U150/CO (FA1D1BWP40P140)
                                                          0.06       1.17 f
  evalB_15/DP_OP_53J25_126_7779/U143/S (FA1D0BWP40P140)
                                                          0.13       1.30 r
  evalB_15/DP_OP_53J25_126_7779/U142/S (FA1D1BWP40P140)
                                                          0.10       1.40 f
  evalB_15/DP_OP_53J25_126_7779/O1[14] (Eval_1_0_DP_OP_53J25_126_7779_J25_0_0)
                                                          0.00       1.40 f
  evalB_15/io_out_2[14] (Eval_1_0)                        0.00       1.40 f
  core16_2/io_b_15[14] (core16_4)                         0.00       1.40 f
  core16_2/evalB_3/io_in_3[14] (Eval_33_65)               0.00       1.40 f
  core16_2/evalB_3/U10/ZN (INVD0P7BWP40P140)              0.02       1.42 r
  core16_2/evalB_3/U23/ZN (INVD1BWP40P140)                0.03       1.45 f
  core16_2/evalB_3/io_out_0[14] (Eval_33_65)              0.00       1.45 f
  core16_2/core4_0/io_b_3[14] (core4_34)                  0.00       1.45 f
  core16_2/core4_0/evalB/io_in_3[14] (Eval_33_34)         0.00       1.45 f
  core16_2/core4_0/evalB/U46/ZN (CKND0BWP40P140)          0.03       1.48 r
  core16_2/core4_0/evalB/U4/ZN (CKND0BWP40P140)           0.13       1.61 f
  core16_2/core4_0/evalB/DP_OP_56J22_127_896/I3[14] (Eval_33_28_DP_OP_56J22_127_896_J22_0_1)
                                                          0.00       1.61 f
  core16_2/core4_0/evalB/DP_OP_56J22_127_896/U170/CO (FA1D0BWP40P140)
                                                          0.15       1.76 f
  core16_2/core4_0/evalB/DP_OP_56J22_127_896/U157/CO (FA1D0BWP40P140)
                                                          0.07       1.83 f
  core16_2/core4_0/evalB/DP_OP_56J22_127_896/U160/S (FA1D0BWP40P140)
                                                          0.12       1.96 r
  core16_2/core4_0/evalB/DP_OP_56J22_127_896/U200/ZN (CKND0BWP40P140)
                                                          0.04       1.99 f
  core16_2/core4_0/evalB/DP_OP_56J22_127_896/U231/CO (FA1D1BWP40P140)
                                                          0.07       2.06 f
  core16_2/core4_0/evalB/DP_OP_56J22_127_896/U230/CO (FA1D1BWP40P140)
                                                          0.06       2.11 f
  core16_2/core4_0/evalB/DP_OP_56J22_127_896/U186/CO (FA1D0BWP40P140)
                                                          0.07       2.18 f
  core16_2/core4_0/evalB/DP_OP_56J22_127_896/U192/CO (FA1D0BWP40P140)
                                                          0.07       2.26 f
  core16_2/core4_0/evalB/DP_OP_56J22_127_896/U129/S (FA1D1BWP40P140)
                                                          0.14       2.39 r
  core16_2/core4_0/evalB/DP_OP_56J22_127_896/O2[20] (Eval_33_28_DP_OP_56J22_127_896_J22_0_1)
                                                          0.00       2.39 r
  core16_2/core4_0/evalB/io_out_5[20] (Eval_33_34)        0.00       2.39 r
  core16_2/core4_0/mult_x_6/b[20] (core4_28_DW_mult_tc_J15_0_1)
                                                          0.00       2.39 r
  core16_2/core4_0/mult_x_6/U1275/ZN (CKND0BWP40P140)     0.11       2.50 f
  core16_2/core4_0/mult_x_6/U1532/ZN (MUX2ND0BWP40P140)
                                                          0.09       2.59 r
  core16_2/core4_0/mult_x_6/U1289/ZN (ND2D0BWP40P140)     0.12       2.70 f
  core16_2/core4_0/mult_x_6/U1588/ZN (OAI222D0BWP40P140)
                                                          0.10       2.81 r
  core16_2/core4_0/mult_x_6/U1589/ZN (MUX2ND0BWP40P140)
                                                          0.07       2.88 r
  core16_2/core4_0/mult_x_6/U1298/CO (HA1D0BWP40P140)     0.06       2.94 r
  core16_2/core4_0/mult_x_6/U1286/CO (HA1D1BWP40P140)     0.04       2.98 r
  core16_2/core4_0/mult_x_6/U1341/S (FA1D0BWP40P140)      0.11       3.09 f
  core16_2/core4_0/mult_x_6/U1721/CO (FA1D1BWP40P140)     0.07       3.16 f
  core16_2/core4_0/mult_x_6/U1717/S (FA1D1BWP40P140)      0.09       3.25 f
  core16_2/core4_0/mult_x_6/U1350/CO (FA1D0BWP40P140)     0.08       3.33 f
  core16_2/core4_0/mult_x_6/U1725/CO (FA1D0BWP40P140)     0.07       3.40 f
  core16_2/core4_0/mult_x_6/U1796/CO (FA1D1BWP40P140)     0.06       3.46 f
  core16_2/core4_0/mult_x_6/U1351/CO (FA1D0BWP40P140)     0.07       3.53 f
  core16_2/core4_0/mult_x_6/U1789/CO (FA1D1BWP40P140)     0.06       3.59 f
  core16_2/core4_0/mult_x_6/U1785/CO (FA1D1BWP40P140)     0.06       3.64 f
  core16_2/core4_0/mult_x_6/U1781/CO (FA1D1BWP40P140)     0.06       3.70 f
  core16_2/core4_0/mult_x_6/U1352/CO (FA1D0BWP40P140)     0.07       3.77 f
  core16_2/core4_0/mult_x_6/U1774/CO (FA1D1BWP40P140)     0.06       3.83 f
  core16_2/core4_0/mult_x_6/U1771/CO (FA1D1BWP40P140)     0.06       3.88 f
  core16_2/core4_0/mult_x_6/U1353/CO (FA1D0BWP40P140)     0.07       3.95 f
  core16_2/core4_0/mult_x_6/U1764/CO (FA1D1BWP40P140)     0.06       4.01 f
  core16_2/core4_0/mult_x_6/U1709/S (FA1D0BWP40P140)      0.12       4.13 r
  core16_2/core4_0/mult_x_6/U1817/CO (FA1D0BWP40P140)     0.08       4.21 r
  core16_2/core4_0/mult_x_6/U1278/S (FA1D0BWP40P140)      0.12       4.33 f
  core16_2/core4_0/mult_x_6/U2249/S (FA1D1BWP40P140)      0.12       4.44 r
  core16_2/core4_0/mult_x_6/U2205/CO (FA1D0BWP40P140)     0.07       4.52 r
  core16_2/core4_0/mult_x_6/U1357/ZN (MUX2ND0BWP40P140)
                                                          0.04       4.56 r
  core16_2/core4_0/mult_x_6/U1356/ZN (XNR2UD0BWP40P140)
                                                          0.06       4.62 r
  core16_2/core4_0/mult_x_6/U1277/ZN (XNR2UD0BWP40P140)
                                                          0.05       4.66 r
  core16_2/core4_0/mult_x_6/U1293/Z (XOR4D1BWP40P140)     0.11       4.77 r
  core16_2/core4_0/mult_x_6/U2002/ZN (OAI21D0BWP40P140HVT)
                                                          0.04       4.81 f
  core16_2/core4_0/mult_x_6/U1292/ZN (OAI31D0BWP40P140LVT)
                                                          0.03       4.84 r
  core16_2/core4_0/mult_x_6/U1422/Z (XOR4D0BWP40P140)     0.12       4.96 r
  core16_2/core4_0/mult_x_6/product[36] (core4_28_DW_mult_tc_J15_0_1)
                                                          0.00       4.96 r
  core16_2/core4_0/s_w_5_reg_36_/D (DFKCNQD1BWP40P140)
                                                          0.00       4.96 r
  data arrival time                                                  4.96

  clock clk (rise edge)                                   5.00       5.00
  clock network delay (ideal)                             0.00       5.00
  core16_2/core4_0/s_w_5_reg_36_/CP (DFKCNQD1BWP40P140)
                                                          0.00       5.00 r
  library setup time                                     -0.04       4.96
  data required time                                                 4.96
  --------------------------------------------------------------------------
  data required time                                                 4.96
  data arrival time                                                 -4.96
  --------------------------------------------------------------------------
  slack (MET)                                                        0.00


1
