 
****************************************
Report : area
Design : core16_a28_b10_c28
Version: O-2018.06-SP5
Date   : Tue May 12 14:22:13 2026
****************************************

Library(s) Used:

    tcbn28hpcplusbwp40p140lvtssg0p81vm40c_ccs (File: /export1/Library/TN28HPC+/STD_CELL_ext/track9_200824/TSMCHOME/digital/Front_End/timing_power_noise/CCS/tcbn28hpcplusbwp40p140lvt_180a/tcbn28hpcplusbwp40p140lvtssg0p81vm40c_ccs.db)
    tcbn28hpcplusbwp40p140ssg0p81vm40c_ccs (File: /export1/Library/TN28HPC+/STD_CELL_ext/track9_200824/TSMCHOME/digital/Front_End/timing_power_noise/CCS/tcbn28hpcplusbwp40p140_180a/tcbn28hpcplusbwp40p140ssg0p81vm40c_ccs.db)
    tcbn28hpcplusbwp40p140hvtssg0p81vm40c_ccs (File: /export1/Library/TN28HPC+/STD_CELL_ext/track9_200824/TSMCHOME/digital/Front_End/timing_power_noise/CCS/tcbn28hpcplusbwp40p140hvt_180a/tcbn28hpcplusbwp40p140hvtssg0p81vm40c_ccs.db)

Number of ports:                        37064
Number of nets:                        117004
Number of cells:                        60456
Number of combinational cells:          55993
Number of sequential cells:              3821
Number of macros/black boxes:               0
Number of buf/inv:                       8497
Number of references:                      21

Combinational area:              68998.228923
Buf/Inv area:                     2268.882021
Noncombinational area:            7703.136124
Macro/Black Box area:                0.000000
Net Interconnect area:      undefined  (Wire load has zero net area)

Total cell area:                 76701.365046
Total area:                 undefined

Area of detected synthetic parts
--------------------------------
                                                   Perc. of
  Module               Implem.  Count        Area cell area
  -------------------- -------  ----- ----------- ---------
  DP_OP_106J8_122_6990     str      4   7888.0652     10.3%
  DP_OP_106J9_122_7394     str      3   5653.7220      7.4%
  DP_OP_421J3_122_8897     str      1   7496.7471      9.8%
  DP_OP_52J6_125_4583      str      4    281.2319      0.4%
  DP_OP_52J7_122_6653      str      4    996.9113      1.3%
  DP_OP_53J6_122_4457      str      2    213.9479      0.3%
  DP_OP_53J6_126_8511      str      4    361.8718      0.5%
  DP_OP_53J7_123_5333      str      4   1025.3873      1.3%
  DP_OP_53J9_123_375       str      3    610.2176      0.8%
  DP_OP_54J10_122_980      str      1     70.3080      0.1%
  DP_OP_54J11_122_795      str      1    100.4220      0.1%
  DP_OP_54J12_122_9894     str      1     83.1600      0.1%
  DP_OP_54J13_122_7920     str      1     99.6660      0.1%
  DP_OP_54J5_122_6534      str      1    196.8119      0.3%
  DP_OP_54J5_125_9172      str      1     70.3080      0.1%
  DP_OP_54J6_123_110       str      2    324.8278      0.4%
  DP_OP_54J6_127_5286      str      4    390.3479      0.5%
  DP_OP_54J7_124_6891      str      4    743.9036      1.0%
  DP_OP_54J8_126_2984      str      1    185.9759      0.2%
  DP_OP_54J9_124_5567      str      3    878.0934      1.1%
  DP_OP_54J9_126_1209      str      1    185.9759      0.2%
  DP_OP_55J10_123_3603     str      1     93.1140      0.1%
  DP_OP_55J11_123_3918     str      1    135.3239      0.2%
  DP_OP_55J12_123_37       str      1    109.9979      0.1%
  DP_OP_55J13_123_5659     str      1    137.9699      0.2%
  DP_OP_55J5_123_706       str      1    267.6238      0.3%
  DP_OP_55J5_126_183       str      1     93.1140      0.1%
  DP_OP_55J6_124_5186      str      2    298.1158      0.4%
  DP_OP_55J8_123_375       str      1    202.4819      0.3%
  DP_OP_55J8_127_1759      str      1    250.7398      0.3%
  DP_OP_55J9_125_9053      str      3    842.3094      1.1%
  DP_OP_55J9_127_8322      str      1    250.7398      0.3%
  DP_OP_56J10_124_3788     str      1     99.0360      0.1%
  DP_OP_56J11_124_6600     str      1    140.4899      0.2%
  DP_OP_56J12_124_1958     str      1    115.9200      0.2%
  DP_OP_56J13_124_4421     str      1    136.9619      0.2%
  DP_OP_56J5_124_7308      str      1    272.7898      0.4%
  DP_OP_56J5_127_9282      str      1     99.0360      0.1%
  DP_OP_56J8_124_1407      str      1    291.1858      0.4%
  DP_OP_56J8_128_6780      str      1    256.6618      0.3%
  DP_OP_56J9_128_9131      str      1    256.6618      0.3%
  DP_OP_57J8_125_8619      str      1    280.4758      0.4%
  DW_mult_tc           apparch     33  26158.7543     34.1%
  DW_mult_uns          apparch     16   9936.7575     13.0%
  -------------------- -------  ----- ----------- ---------
  DP_OP Subtotal:                  74  32488.6518     42.4%
  Total:                          123  68584.1636     89.4%

Subtotal of datapath(DP_OP) cell area:  32488.6518  42.4%  
Total synthetic cell area:              68584.1636  89.4%  

1
