 
****************************************
Report : timing
        -path full
        -delay max
        -nets
        -max_paths 1
        -transition_time
Design : poly_fir_mult_kernel
Version: O-2018.06-SP5
Date   : Tue Sep  2 19:34:10 2025
****************************************

 # A fanout number of 1000 was used for high fanout net computations.

Operating Conditions: ssg0p81vm40c   Library: tcbn28hpcplusbwp40p140hvtssg0p81vm40c_ccs
Wire Load Model Mode: segmented

  Startpoint: C_0_13_reg_1_
              (rising edge-triggered flip-flop clocked by clock_main)
  Endpoint: io_polyc_0[23]
            (output port)
  Path Group: (none)
  Path Type: max

  Des/Clust/Port     Wire Load Model       Library
  ------------------------------------------------
  poly_fir_mult_kernel ZeroWireload        tcbn28hpcplusbwp40p140hvtssg0p81vm40c_ccs
  unordered_adder_0_DP_OP_30J2_137_3296_J2_0_15 ZeroWireload tcbn28hpcplusbwp40p140hvtssg0p81vm40c_ccs

Attributes:
    d - dont_touch
    u - dont_use
   mo - map_only
   so - size_only
    i - ideal_net or ideal_network
  inf - infeasible path

  Point                                       Fanout     Trans      Incr       Path      Attributes
  ---------------------------------------------------------------------------------------------------------
  C_0_13_reg_1_/CP (DFQD1BWP40P140)                       0.10      0.00 #     0.00 r    i 
  C_0_13_reg_1_/Q (DFQD1BWP40P140)                        0.02      0.13       0.13 f
  unordered_adder_io_din_13[1] (net)            1                   0.00       0.13 f
  unordered_adder/io_din_13[1] (unordered_adder_15)                 0.00       0.13 f
  unordered_adder/io_din_13[1] (net)                                0.00       0.13 f
  unordered_adder/DP_OP_30J2_137_3296/I3[1] (unordered_adder_0_DP_OP_30J2_137_3296_J2_0_15)     0.00     0.13 f
  unordered_adder/DP_OP_30J2_137_3296/I3[1] (net)                   0.00       0.13 f
  unordered_adder/DP_OP_30J2_137_3296/U630/S (FA1D1BWP40P140)     0.03     0.11     0.24 r
  unordered_adder/DP_OP_30J2_137_3296/n1592 (net)     1             0.00       0.24 r
  unordered_adder/DP_OP_30J2_137_3296/U649/S (FA1D1BWP40P140)     0.03     0.10     0.33 f
  unordered_adder/DP_OP_30J2_137_3296/n1621 (net)     1             0.00       0.33 f
  unordered_adder/DP_OP_30J2_137_3296/U660/CO (FA1D1BWP40P140)     0.02     0.07     0.40 f
  unordered_adder/DP_OP_30J2_137_3296/n1624 (net)     1             0.00       0.40 f
  unordered_adder/DP_OP_30J2_137_3296/U661/CO (FA1D1BWP40P140)     0.02     0.06     0.46 f
  unordered_adder/DP_OP_30J2_137_3296/n1607 (net)     1             0.00       0.46 f
  unordered_adder/DP_OP_30J2_137_3296/U654/S (FA1D1BWP40P140)     0.03     0.09     0.55 f
  unordered_adder/DP_OP_30J2_137_3296/n1716 (net)     1             0.00       0.55 f
  unordered_adder/DP_OP_30J2_137_3296/U693/CO (FA1D1BWP40P140)     0.02     0.07     0.62 f
  unordered_adder/DP_OP_30J2_137_3296/n1712 (net)     1             0.00       0.62 f
  unordered_adder/DP_OP_30J2_137_3296/U692/CO (FA1D1BWP40P140)     0.02     0.06     0.67 f
  unordered_adder/DP_OP_30J2_137_3296/n1709 (net)     1             0.00       0.67 f
  unordered_adder/DP_OP_30J2_137_3296/U691/CO (FA1D1BWP40P140)     0.02     0.06     0.73 f
  unordered_adder/DP_OP_30J2_137_3296/n1706 (net)     1             0.00       0.73 f
  unordered_adder/DP_OP_30J2_137_3296/U690/CO (FA1D1BWP40P140)     0.02     0.06     0.78 f
  unordered_adder/DP_OP_30J2_137_3296/n1703 (net)     1             0.00       0.78 f
  unordered_adder/DP_OP_30J2_137_3296/U689/CO (FA1D1BWP40P140)     0.02     0.06     0.84 f
  unordered_adder/DP_OP_30J2_137_3296/n1700 (net)     1             0.00       0.84 f
  unordered_adder/DP_OP_30J2_137_3296/U688/CO (FA1D1BWP40P140)     0.02     0.06     0.89 f
  unordered_adder/DP_OP_30J2_137_3296/n1697 (net)     1             0.00       0.89 f
  unordered_adder/DP_OP_30J2_137_3296/U687/CO (FA1D1BWP40P140)     0.02     0.06     0.95 f
  unordered_adder/DP_OP_30J2_137_3296/n1694 (net)     1             0.00       0.95 f
  unordered_adder/DP_OP_30J2_137_3296/U686/CO (FA1D1BWP40P140)     0.02     0.06     1.01 f
  unordered_adder/DP_OP_30J2_137_3296/n1691 (net)     1             0.00       1.01 f
  unordered_adder/DP_OP_30J2_137_3296/U685/CO (FA1D1BWP40P140)     0.02     0.06     1.06 f
  unordered_adder/DP_OP_30J2_137_3296/n1688 (net)     1             0.00       1.06 f
  unordered_adder/DP_OP_30J2_137_3296/U684/CO (FA1D1BWP40P140)     0.02     0.06     1.12 f
  unordered_adder/DP_OP_30J2_137_3296/n1685 (net)     1             0.00       1.12 f
  unordered_adder/DP_OP_30J2_137_3296/U683/CO (FA1D1BWP40P140)     0.02     0.06     1.17 f
  unordered_adder/DP_OP_30J2_137_3296/n1682 (net)     1             0.00       1.17 f
  unordered_adder/DP_OP_30J2_137_3296/U682/CO (FA1D1BWP40P140)     0.02     0.06     1.23 f
  unordered_adder/DP_OP_30J2_137_3296/n1679 (net)     1             0.00       1.23 f
  unordered_adder/DP_OP_30J2_137_3296/U681/CO (FA1D1BWP40P140)     0.02     0.06     1.28 f
  unordered_adder/DP_OP_30J2_137_3296/n1676 (net)     1             0.00       1.28 f
  unordered_adder/DP_OP_30J2_137_3296/U680/CO (FA1D1BWP40P140)     0.02     0.06     1.34 f
  unordered_adder/DP_OP_30J2_137_3296/n1673 (net)     1             0.00       1.34 f
  unordered_adder/DP_OP_30J2_137_3296/U679/CO (FA1D1BWP40P140)     0.02     0.06     1.39 f
  unordered_adder/DP_OP_30J2_137_3296/n1670 (net)     1             0.00       1.39 f
  unordered_adder/DP_OP_30J2_137_3296/U678/CO (FA1D1BWP40P140)     0.02     0.06     1.45 f
  unordered_adder/DP_OP_30J2_137_3296/n1667 (net)     1             0.00       1.45 f
  unordered_adder/DP_OP_30J2_137_3296/U677/CO (FA1D1BWP40P140)     0.02     0.06     1.51 f
  unordered_adder/DP_OP_30J2_137_3296/n1664 (net)     1             0.00       1.51 f
  unordered_adder/DP_OP_30J2_137_3296/U676/CO (FA1D1BWP40P140)     0.02     0.06     1.56 f
  unordered_adder/DP_OP_30J2_137_3296/n1661 (net)     1             0.00       1.56 f
  unordered_adder/DP_OP_30J2_137_3296/U675/CO (FA1D1BWP40P140)     0.02     0.06     1.62 f
  unordered_adder/DP_OP_30J2_137_3296/n1658 (net)     1             0.00       1.62 f
  unordered_adder/DP_OP_30J2_137_3296/U674/CO (FA1D1BWP40P140)     0.02     0.05     1.67 f
  unordered_adder/DP_OP_30J2_137_3296/n1626 (net)     1             0.00       1.67 f
  unordered_adder/DP_OP_30J2_137_3296/U662/Z (XOR4D1BWP40P140)     0.02     0.09     1.76 r
  unordered_adder/DP_OP_30J2_137_3296/n1630 (net)     1             0.00       1.76 r
  unordered_adder/DP_OP_30J2_137_3296/U663/Z (XOR4D1BWP40P140)     0.02     0.09     1.85 f
  unordered_adder/DP_OP_30J2_137_3296/n1657 (net)     1             0.00       1.85 f
  unordered_adder/DP_OP_30J2_137_3296/U355/Z (XOR4D1BWP40P140)     0.01     0.08     1.93 f
  unordered_adder/DP_OP_30J2_137_3296/O1[23] (net)     1            0.00       1.93 f
  unordered_adder/DP_OP_30J2_137_3296/O1[23] (unordered_adder_0_DP_OP_30J2_137_3296_J2_0_15)     0.00     1.93 f
  unordered_adder/io_dout[23] (net)                                 0.00       1.93 f
  unordered_adder/io_dout[23] (unordered_adder_15)                  0.00       1.93 f
  io_polyc_0[23] (net)                                              0.00       1.93 f
  io_polyc_0[23] (out)                                    0.01      0.00       1.93 f
  data arrival time                                                            1.93
  ---------------------------------------------------------------------------------------------------------
  (Path is unconstrained)


1
