 
****************************************
Report : area
Design : poly_fir_mult_kernel
Version: O-2018.06-SP5
Date   : Tue Sep  2 19:34:10 2025
****************************************

Library(s) Used:

    tcbn28hpcplusbwp40p140ssg0p81vm40c_ccs (File: /export1/Library/TN28HPC+/STD_CELL_ext/track9_200824/TSMCHOME/digital/Front_End/timing_power_noise/CCS/tcbn28hpcplusbwp40p140_180a/tcbn28hpcplusbwp40p140ssg0p81vm40c_ccs.db)
    tcbn28hpcplusbwp40p140lvtssg0p81vm40c_ccs (File: /export1/Library/TN28HPC+/STD_CELL_ext/track9_200824/TSMCHOME/digital/Front_End/timing_power_noise/CCS/tcbn28hpcplusbwp40p140lvt_180a/tcbn28hpcplusbwp40p140lvtssg0p81vm40c_ccs.db)
    tcbn28hpcplusbwp40p140hvtssg0p81vm40c_ccs (File: /export1/Library/TN28HPC+/STD_CELL_ext/track9_200824/TSMCHOME/digital/Front_End/timing_power_noise/CCS/tcbn28hpcplusbwp40p140hvt_180a/tcbn28hpcplusbwp40p140hvtssg0p81vm40c_ccs.db)

Number of ports:                        31754
Number of nets:                        210723
Number of cells:                       145671
Number of combinational cells:         139344
Number of sequential cells:              6144
Number of macros/black boxes:               0
Number of buf/inv:                       7358
Number of references:                     169

Combinational area:             145851.928475
Buf/Inv area:                     1873.872029
Noncombinational area:           11612.159912
Macro/Black Box area:                0.000000
Net Interconnect area:      undefined  (Wire load has zero net area)

Total cell area:                157464.088387
Total area:                 undefined

Area of detected synthetic parts
--------------------------------
                                                    Perc. of
  Module               Implem.  Count         Area cell area
  -------------------- -------  ----- ------------ ---------
  DP_OP_30J2_137_3296      str     16   11837.9910      7.5%
  DP_OP_528J2_122_2783     str      1    7526.6406      4.8%
  DP_OP_529J2_123_1794     str      1    7027.3101      4.5%
  DP_OP_530J2_124_5650     str      1    6531.9097      4.1%
  DP_OP_531J2_125_4661     str      1    6031.8481      3.8%
  DP_OP_532J2_126_2783     str      1    5536.5581      3.5%
  DP_OP_533J2_127_4661     str      1    5039.6704      3.2%
  DP_OP_534J2_128_4969     str      1    4542.8965      2.9%
  DP_OP_535J2_129_2539     str      1    4044.2075      2.6%
  DP_OP_536J2_130_2783     str      1    3547.1587      2.3%
  DP_OP_537J2_131_4526     str      1    3049.3291      1.9%
  DP_OP_538J2_132_9963     str      1    2552.4324      1.6%
  DP_OP_539J2_133_4645     str      1    2055.0615      1.3%
  DP_OP_540J2_134_2879     str      1    1557.8671      1.0%
  DP_OP_541J2_135_7361     str      1    1058.5303      0.7%
  DP_OP_542J2_136_9218     str      1     527.5635      0.3%
  DW_mult_uns          apparch    136   70286.2365     44.6%
  -------------------- -------  ----- ------------ ---------
  DP_OP Subtotal:                  31   72466.9746     46.0%
  Total:                          167  142753.2111     90.7%

Subtotal of datapath(DP_OP) cell area:  72466.9746  46.0%  
Total synthetic cell area:              142753.2111  90.7%  

1
