 
****************************************
Report : area
Design : core4_a28_b16_c28
Version: O-2018.06-SP5
Date   : Tue May 12 06:40:00 2026
****************************************

Library(s) Used:

    tcbn28hpcplusbwp40p140lvtssg0p81vm40c_ccs (File: /export1/Library/TN28HPC+/STD_CELL_ext/track9_200824/TSMCHOME/digital/Front_End/timing_power_noise/CCS/tcbn28hpcplusbwp40p140lvt_180a/tcbn28hpcplusbwp40p140lvtssg0p81vm40c_ccs.db)
    tcbn28hpcplusbwp40p140ssg0p81vm40c_ccs (File: /export1/Library/TN28HPC+/STD_CELL_ext/track9_200824/TSMCHOME/digital/Front_End/timing_power_noise/CCS/tcbn28hpcplusbwp40p140_180a/tcbn28hpcplusbwp40p140ssg0p81vm40c_ccs.db)
    tcbn28hpcplusbwp40p140hvtssg0p81vm40c_ccs (File: /export1/Library/TN28HPC+/STD_CELL_ext/track9_200824/TSMCHOME/digital/Front_End/timing_power_noise/CCS/tcbn28hpcplusbwp40p140hvt_180a/tcbn28hpcplusbwp40p140hvtssg0p81vm40c_ccs.db)

Number of ports:                         3506
Number of nets:                         12204
Number of cells:                         6735
Number of combinational cells:           6383
Number of sequential cells:               328
Number of macros/black boxes:               0
Number of buf/inv:                        683
Number of references:                      14

Combinational area:               7700.237876
Buf/Inv area:                      182.826002
Noncombinational area:             661.248011
Macro/Black Box area:                0.000000
Net Interconnect area:      undefined  (Wire load has zero net area)

Total cell area:                  8361.485887
Total area:                 undefined

Hierarchical area distribution
------------------------------

                                  Global cell area          Local cell area
                                  ------------------  ---------------------------- 
Hierarchical cell                 Absolute   Percent  Combi-     Noncombi-  Black-
                                  Total      Total    national   national   boxes   Design
--------------------------------  ---------  -------  ---------  ---------  ------  -------------------------------------------
core4_a28_b16_c28                 8361.4859    100.0     1.0080   433.4400  0.0000  core4_a28_b16_c28
evalA                              701.9460      8.4    22.0500     0.0000  0.0000  Eval
evalA/DP_OP_52J2_123_5748          179.9280      2.2   179.9280     0.0000  0.0000  Eval_DP_OP_52J2_123_5748_J2_0
evalA/DP_OP_53J2_124_6834          249.2280      3.0   249.2280     0.0000  0.0000  Eval_DP_OP_53J2_124_6834_J2_0
evalA/DP_OP_54J2_125_4743          250.7400      3.0   250.7400     0.0000  0.0000  Eval_DP_OP_54J2_125_4743_J2_0
evalB                              417.0600      5.0    14.7420     0.0000  0.0000  Eval_1
evalB/DP_OP_52J3_122_4926          108.3600      1.3   108.3600     0.0000  0.0000  Eval_1_DP_OP_52J3_122_4926_J3_0
evalB/DP_OP_53J3_123_4557          143.3880      1.7   143.3880     0.0000  0.0000  Eval_1_DP_OP_53J3_123_4557_J3_0
evalB/DP_OP_54J3_124_8477          150.5700      1.8   150.5700     0.0000  0.0000  Eval_1_DP_OP_54J3_124_8477_J3_0
interp                            2006.9280     24.0     0.7560   227.8080  0.0000  Interpolation
interp/interp                     1778.3640     21.3     0.2520     0.0000  0.0000  InterpolationComb
interp/interp/DP_OP_106J2_122_1947 1778.1120    21.3  1778.1120     0.0000  0.0000  InterpolationComb_DP_OP_106J2_122_1947_J2_0
mult_x_1                           606.8160      7.3   606.8160     0.0000  0.0000  core4_a28_b16_c28_DW_mult_uns_J3_2
mult_x_2                           690.2280      8.3   690.2280     0.0000  0.0000  core4_a28_b16_c28_DW_mult_tc_J3_3
mult_x_3                           697.9140      8.3   697.9140     0.0000  0.0000  core4_a28_b16_c28_DW_mult_uns_J3_1
mult_x_4                           698.4180      8.4   698.4180     0.0000  0.0000  core4_a28_b16_c28_DW_mult_tc_J3_2
mult_x_5                           750.4560      9.0   750.4560     0.0000  0.0000  core4_a28_b16_c28_DW_mult_tc_J3_1
mult_x_6                           750.4560      9.0   750.4560     0.0000  0.0000  core4_a28_b16_c28_DW_mult_tc_J3_0
mult_x_7                           606.8160      7.3   606.8160     0.0000  0.0000  core4_a28_b16_c28_DW_mult_uns_J3_0
--------------------------------  ---------  -------  ---------  ---------  ------  -------------------------------------------
Total                                                 7700.2379   661.2480  0.0000

1
