Information: Updating design information... (UID-85)
Warning: Design 'core64_a28_b10_c28' contains 1 high-fanout nets. A fanout number of 1000 will be used for delay calculations involving these nets. (TIM-134)
 
****************************************
Report : qor
Design : core64_a28_b10_c28
Version: O-2018.06-SP5
Date   : Tue May 12 23:41:25 2026
****************************************


  Timing Path Group 'clk'
  -----------------------------------
  Levels of Logic:              62.00
  Critical Path Length:          4.46
  Critical Path Slack:           0.00
  Critical Path Clk Period:      5.00
  Total Negative Slack:          0.00
  No. of Violating Paths:        0.00
  Worst Hold Violation:          0.00
  Total Hold Violation:          0.00
  No. of Hold Violations:        0.00
  -----------------------------------


  Cell Count
  -----------------------------------
  Hierarchical Cell Count:       1314
  Hierarchical Port Count:     337594
  Leaf Cell Count:             527430
  Buf/Inv Cell Count:           65544
  Buf Cell Count:                9616
  Inv Cell Count:               55928
  CT Buf/Inv Cell Count:            0
  Combinational Cell Count:    492972
  Sequential Cell Count:        34458
  Macro Count:                      0
  -----------------------------------


  Area
  -----------------------------------
  Combinational Area:   623185.658478
  Noncombinational Area: 66706.416093
  Buf/Inv Area:          17741.178141
  Total Buffer Area:          3634.85
  Total Inverter Area:       14106.33
  Macro/Black Box Area:      0.000000
  Net Area:                  0.000000
  -----------------------------------
  Cell Area:            689892.074571
  Design Area:          689892.074571


  Design Rules
  -----------------------------------
  Total Number of Nets:        744850
  Nets With Violations:             0
  Max Trans Violations:             0
  Max Cap Violations:               0
  -----------------------------------


  Hostname: inspur19

  Compile CPU Statistics
  -----------------------------------------
  Resource Sharing:                    0.00
  Logic Optimization:                  0.00
  Mapping Optimization:                0.00
  -----------------------------------------
  Overall Compile Time:             8521.96
  Overall Compile Wall Clock Time:   768.44

  --------------------------------------------------------------------

  Design  WNS: 0.00  TNS: 0.00  Number of Violating Paths: 0


  Design (Hold)  WNS: 0.00  TNS: 0.00  Number of Violating Paths: 0

  --------------------------------------------------------------------


1
