Information: Updating design information... (UID-85)
 
****************************************
Report : qor
Design : core4_a24_b14_c24
Version: O-2018.06-SP5
Date   : Tue May 12 05:01:30 2026
****************************************


  Timing Path Group 'clk'
  -----------------------------------
  Levels of Logic:              44.00
  Critical Path Length:          3.70
  Critical Path Slack:           0.76
  Critical Path Clk Period:      5.00
  Total Negative Slack:          0.00
  No. of Violating Paths:        0.00
  Worst Hold Violation:          0.00
  Total Hold Violation:          0.00
  No. of Hold Violations:        0.00
  -----------------------------------


  Cell Count
  -----------------------------------
  Hierarchical Cell Count:         18
  Hierarchical Port Count:       2802
  Leaf Cell Count:               5592
  Buf/Inv Cell Count:             694
  Buf Cell Count:                  72
  Inv Cell Count:                 622
  CT Buf/Inv Cell Count:            0
  Combinational Cell Count:      5308
  Sequential Cell Count:          284
  Macro Count:                      0
  -----------------------------------


  Area
  -----------------------------------
  Combinational Area:     6329.357899
  Noncombinational Area:   572.544009
  Buf/Inv Area:            183.960002
  Total Buffer Area:            27.22
  Total Inverter Area:         156.74
  Macro/Black Box Area:      0.000000
  Net Area:                  0.000000
  -----------------------------------
  Cell Area:              6901.901908
  Design Area:            6901.901908


  Design Rules
  -----------------------------------
  Total Number of Nets:          7768
  Nets With Violations:             0
  Max Trans Violations:             0
  Max Cap Violations:               0
  -----------------------------------


  Hostname: inspur19

  Compile CPU Statistics
  -----------------------------------------
  Resource Sharing:                    0.00
  Logic Optimization:                  0.00
  Mapping Optimization:                0.00
  -----------------------------------------
  Overall Compile Time:             1454.29
  Overall Compile Wall Clock Time:   543.93

  --------------------------------------------------------------------

  Design  WNS: 0.00  TNS: 0.00  Number of Violating Paths: 0


  Design (Hold)  WNS: 0.00  TNS: 0.00  Number of Violating Paths: 0

  --------------------------------------------------------------------


1
