Information: Updating design information... (UID-85)
 
****************************************
Report : qor
Design : core4_a28_b12_c28
Version: O-2018.06-SP5
Date   : Tue May 12 05:52:28 2026
****************************************


  Timing Path Group 'clk'
  -----------------------------------
  Levels of Logic:              49.00
  Critical Path Length:          4.24
  Critical Path Slack:           0.22
  Critical Path Clk Period:      5.00
  Total Negative Slack:          0.00
  No. of Violating Paths:        0.00
  Worst Hold Violation:          0.00
  Total Hold Violation:          0.00
  No. of Hold Violations:        0.00
  -----------------------------------


  Cell Count
  -----------------------------------
  Hierarchical Cell Count:         18
  Hierarchical Port Count:       3046
  Leaf Cell Count:               6082
  Buf/Inv Cell Count:             676
  Buf Cell Count:                  75
  Inv Cell Count:                 601
  CT Buf/Inv Cell Count:            0
  Combinational Cell Count:      5754
  Sequential Cell Count:          328
  Macro Count:                      0
  -----------------------------------


  Area
  -----------------------------------
  Combinational Area:     6997.787885
  Noncombinational Area:   661.248011
  Buf/Inv Area:            179.802002
  Total Buffer Area:            28.35
  Total Inverter Area:         151.45
  Macro/Black Box Area:      0.000000
  Net Area:                  0.000000
  -----------------------------------
  Cell Area:              7659.035896
  Design Area:            7659.035896


  Design Rules
  -----------------------------------
  Total Number of Nets:          8482
  Nets With Violations:             0
  Max Trans Violations:             0
  Max Cap Violations:               0
  -----------------------------------


  Hostname: inspur19

  Compile CPU Statistics
  -----------------------------------------
  Resource Sharing:                    0.00
  Logic Optimization:                  0.00
  Mapping Optimization:                0.00
  -----------------------------------------
  Overall Compile Time:              136.70
  Overall Compile Wall Clock Time:   342.73

  --------------------------------------------------------------------

  Design  WNS: 0.00  TNS: 0.00  Number of Violating Paths: 0


  Design (Hold)  WNS: 0.00  TNS: 0.00  Number of Violating Paths: 0

  --------------------------------------------------------------------


1
