Information: Updating design information... (UID-85)
 
****************************************
Report : qor
Design : core4_a32_b8_c32
Version: O-2018.06-SP5
Date   : Tue May 12 07:49:23 2026
****************************************


  Timing Path Group 'clk'
  -----------------------------------
  Levels of Logic:              48.00
  Critical Path Length:          4.29
  Critical Path Slack:           0.16
  Critical Path Clk Period:      5.00
  Total Negative Slack:          0.00
  No. of Violating Paths:        0.00
  Worst Hold Violation:          0.00
  Total Hold Violation:          0.00
  No. of Hold Violations:        0.00
  -----------------------------------


  Cell Count
  -----------------------------------
  Hierarchical Cell Count:         18
  Hierarchical Port Count:       3206
  Leaf Cell Count:               5998
  Buf/Inv Cell Count:             711
  Buf Cell Count:                  84
  Inv Cell Count:                 627
  CT Buf/Inv Cell Count:            0
  Combinational Cell Count:      5626
  Sequential Cell Count:          372
  Macro Count:                      0
  -----------------------------------


  Area
  -----------------------------------
  Combinational Area:     6961.247887
  Noncombinational Area:   749.952012
  Buf/Inv Area:            189.756002
  Total Buffer Area:            31.75
  Total Inverter Area:         158.00
  Macro/Black Box Area:      0.000000
  Net Area:                  0.000000
  -----------------------------------
  Cell Area:              7711.199899
  Design Area:            7711.199899


  Design Rules
  -----------------------------------
  Total Number of Nets:          8497
  Nets With Violations:             0
  Max Trans Violations:             0
  Max Cap Violations:               0
  -----------------------------------


  Hostname: inspur19

  Compile CPU Statistics
  -----------------------------------------
  Resource Sharing:                    0.00
  Logic Optimization:                  0.00
  Mapping Optimization:                0.00
  -----------------------------------------
  Overall Compile Time:              144.84
  Overall Compile Wall Clock Time:   362.20

  --------------------------------------------------------------------

  Design  WNS: 0.00  TNS: 0.00  Number of Violating Paths: 0


  Design (Hold)  WNS: 0.00  TNS: 0.00  Number of Violating Paths: 0

  --------------------------------------------------------------------


1
