Information: Updating design information... (UID-85)
Warning: Design 'core16_a32_b16_c32' contains 1 high-fanout nets. A fanout number of 1000 will be used for delay calculations involving these nets. (TIM-134)
 
****************************************
Report : qor
Design : core16_a32_b16_c32
Version: O-2018.06-SP5
Date   : Tue May 12 16:44:04 2026
****************************************


  Timing Path Group 'clk'
  -----------------------------------
  Levels of Logic:              71.00
  Critical Path Length:          4.46
  Critical Path Slack:           0.00
  Critical Path Clk Period:      5.00
  Total Negative Slack:          0.00
  No. of Violating Paths:        0.00
  Worst Hold Violation:          0.00
  Total Hold Violation:          0.00
  No. of Hold Violations:        0.00
  -----------------------------------


  Cell Count
  -----------------------------------
  Hierarchical Cell Count:        168
  Hierarchical Port Count:      42216
  Leaf Cell Count:              76808
  Buf/Inv Cell Count:            8989
  Buf Cell Count:                1218
  Inv Cell Count:                7771
  CT Buf/Inv Cell Count:            0
  Combinational Cell Count:     72503
  Sequential Cell Count:         4305
  Macro Count:                      0
  -----------------------------------


  Area
  -----------------------------------
  Combinational Area:    89870.632622
  Noncombinational Area:  8672.076137
  Buf/Inv Area:           2426.004020
  Total Buffer Area:           460.40
  Total Inverter Area:        1965.60
  Macro/Black Box Area:      0.000000
  Net Area:                  0.000000
  -----------------------------------
  Cell Area:             98542.708759
  Design Area:           98542.708759


  Design Rules
  -----------------------------------
  Total Number of Nets:        107526
  Nets With Violations:             0
  Max Trans Violations:             0
  Max Cap Violations:               0
  -----------------------------------


  Hostname: inspur19

  Compile CPU Statistics
  -----------------------------------------
  Resource Sharing:                    0.00
  Logic Optimization:                  0.00
  Mapping Optimization:                0.00
  -----------------------------------------
  Overall Compile Time:              222.69
  Overall Compile Wall Clock Time:   387.96

  --------------------------------------------------------------------

  Design  WNS: 0.00  TNS: 0.00  Number of Violating Paths: 0


  Design (Hold)  WNS: 0.00  TNS: 0.00  Number of Violating Paths: 0

  --------------------------------------------------------------------


1
