 
****************************************
Report : area
Design : core4_a24_b12_c24
Version: O-2018.06-SP5
Date   : Tue May 12 04:49:48 2026
****************************************

Library(s) Used:

    tcbn28hpcplusbwp40p140lvtssg0p81vm40c_ccs (File: /export1/Library/TN28HPC+/STD_CELL_ext/track9_200824/TSMCHOME/digital/Front_End/timing_power_noise/CCS/tcbn28hpcplusbwp40p140lvt_180a/tcbn28hpcplusbwp40p140lvtssg0p81vm40c_ccs.db)
    tcbn28hpcplusbwp40p140ssg0p81vm40c_ccs (File: /export1/Library/TN28HPC+/STD_CELL_ext/track9_200824/TSMCHOME/digital/Front_End/timing_power_noise/CCS/tcbn28hpcplusbwp40p140_180a/tcbn28hpcplusbwp40p140ssg0p81vm40c_ccs.db)
    tcbn28hpcplusbwp40p140hvtssg0p81vm40c_ccs (File: /export1/Library/TN28HPC+/STD_CELL_ext/track9_200824/TSMCHOME/digital/Front_End/timing_power_noise/CCS/tcbn28hpcplusbwp40p140hvt_180a/tcbn28hpcplusbwp40p140hvtssg0p81vm40c_ccs.db)

Number of ports:                         2962
Number of nets:                          9960
Number of cells:                         5392
Number of combinational cells:           5084
Number of sequential cells:               284
Number of macros/black boxes:               0
Number of buf/inv:                        701
Number of references:                      14

Combinational area:               6062.237904
Buf/Inv area:                      184.968002
Noncombinational area:             572.544009
Macro/Black Box area:                0.000000
Net Interconnect area:      undefined  (Wire load has zero net area)

Total cell area:                  6634.781913
Total area:                 undefined

Hierarchical area distribution
------------------------------

                                  Global cell area          Local cell area
                                  ------------------  ---------------------------- 
Hierarchical cell                 Absolute   Percent  Combi-     Noncombi-  Black-
                                  Total      Total    national   national   boxes   Design
--------------------------------  ---------  -------  ---------  ---------  ------  -------------------------------------------
core4_a24_b12_c24                 6634.7819    100.0     1.0080   376.9920  0.0000  core4_a24_b12_c24
evalA                              602.6580      9.1    19.0260     0.0000  0.0000  Eval
evalA/DP_OP_52J2_123_5738          154.2240      2.3   154.2240     0.0000  0.0000  Eval_DP_OP_52J2_123_5738_J2_0
evalA/DP_OP_53J2_124_3642          213.9480      3.2   213.9480     0.0000  0.0000  Eval_DP_OP_53J2_124_3642_J2_0
evalA/DP_OP_54J2_125_276           215.4600      3.2   215.4600     0.0000  0.0000  Eval_DP_OP_54J2_125_276_J2_0
evalB                              317.8980      4.8    11.9700     0.0000  0.0000  Eval_1
evalB/DP_OP_52J2_126_9921           82.6560      1.2    82.6560     0.0000  0.0000  Eval_1_DP_OP_52J2_126_9921_J2_0
evalB/DP_OP_53J2_127_5236          108.1080      1.6   108.1080     0.0000  0.0000  Eval_1_DP_OP_53J2_127_5236_J2_0
evalB/DP_OP_54J2_128_3064          115.1640      1.7   115.1640     0.0000  0.0000  Eval_1_DP_OP_54J2_128_3064_J2_0
interp                            1707.0480     25.7     0.7560   195.5520  0.0000  Interpolation
interp/interp                     1510.7400     22.8     0.2520     0.0000  0.0000  InterpolationComb
interp/interp/DP_OP_106J2_122_5429 1510.4880    22.8  1510.4880     0.0000  0.0000  InterpolationComb_DP_OP_106J2_122_5429_J2_0
mult_x_1                           447.3000      6.7   447.3000     0.0000  0.0000  core4_a24_b12_c24_DW_mult_uns_J2_2
mult_x_2                           550.6200      8.3   550.6200     0.0000  0.0000  core4_a24_b12_c24_DW_mult_tc_J2_3
mult_x_3                           484.8480      7.3   484.8480     0.0000  0.0000  core4_a24_b12_c24_DW_mult_uns_J2_1
mult_x_4                           521.5140      7.9   521.5140     0.0000  0.0000  core4_a24_b12_c24_DW_mult_tc_J2_2
mult_x_5                           588.7980      8.9   588.7980     0.0000  0.0000  core4_a24_b12_c24_DW_mult_tc_J2_1
mult_x_6                           588.7980      8.9   588.7980     0.0000  0.0000  core4_a24_b12_c24_DW_mult_tc_J2_0
mult_x_7                           447.3000      6.7   447.3000     0.0000  0.0000  core4_a24_b12_c24_DW_mult_uns_J2_0
--------------------------------  ---------  -------  ---------  ---------  ------  -------------------------------------------
Total                                                 6062.2379   572.5440  0.0000

1
