 
****************************************
Report : area
Design : core16_a28_b10_c28
Version: O-2018.06-SP5
Date   : Tue May 12 14:22:10 2026
****************************************

Library(s) Used:

    tcbn28hpcplusbwp40p140lvtssg0p81vm40c_ccs (File: /export1/Library/TN28HPC+/STD_CELL_ext/track9_200824/TSMCHOME/digital/Front_End/timing_power_noise/CCS/tcbn28hpcplusbwp40p140lvt_180a/tcbn28hpcplusbwp40p140lvtssg0p81vm40c_ccs.db)
    tcbn28hpcplusbwp40p140ssg0p81vm40c_ccs (File: /export1/Library/TN28HPC+/STD_CELL_ext/track9_200824/TSMCHOME/digital/Front_End/timing_power_noise/CCS/tcbn28hpcplusbwp40p140_180a/tcbn28hpcplusbwp40p140ssg0p81vm40c_ccs.db)
    tcbn28hpcplusbwp40p140hvtssg0p81vm40c_ccs (File: /export1/Library/TN28HPC+/STD_CELL_ext/track9_200824/TSMCHOME/digital/Front_End/timing_power_noise/CCS/tcbn28hpcplusbwp40p140hvt_180a/tcbn28hpcplusbwp40p140hvtssg0p81vm40c_ccs.db)

Number of ports:                        37064
Number of nets:                        117004
Number of cells:                        60456
Number of combinational cells:          55993
Number of sequential cells:              3821
Number of macros/black boxes:               0
Number of buf/inv:                       8497
Number of references:                      21

Combinational area:              68998.228923
Buf/Inv area:                     2268.882021
Noncombinational area:            7703.136124
Macro/Black Box area:                0.000000
Net Interconnect area:      undefined  (Wire load has zero net area)

Total cell area:                 76701.365046
Total area:                 undefined

Hierarchical area distribution
------------------------------

                                  Global cell area            Local cell area
                                  -------------------  ----------------------------- 
Hierarchical cell                 Absolute    Percent  Combi-      Noncombi-  Black-
                                  Total       Total    national    national   boxes   Design
--------------------------------  ----------  -------  ----------  ---------  ------  -----------------------------------------------
core16_a28_b10_c28                76701.3650    100.0      2.0160  1727.7120  0.0000  core16_a28_b10_c28
core4_0                            8004.1499     10.4      1.0080   475.7760  0.0000  core4_6
core4_0/evalA                       715.0500      0.9     21.6720     0.0000  0.0000  Eval_8_6
core4_0/evalA/DP_OP_54J9_126_1209   185.9760      0.2    185.9760     0.0000  0.0000  Eval_8_6_DP_OP_54J9_126_1209_J9_0
core4_0/evalA/DP_OP_55J9_127_8322   250.7400      0.3    250.7400     0.0000  0.0000  Eval_8_6_DP_OP_55J9_127_8322_J9_0
core4_0/evalA/DP_OP_56J9_128_9131   256.6620      0.3    256.6620     0.0000  0.0000  Eval_8_6_DP_OP_56J9_128_9131_J9_0
core4_0/evalB                       271.0260      0.4      8.5680     0.0000  0.0000  Eval_9_6
core4_0/evalB/DP_OP_54J5_125_9172    70.3080      0.1     70.3080     0.0000  0.0000  Eval_9_6_DP_OP_54J5_125_9172_J5_0
core4_0/evalB/DP_OP_55J5_126_183     93.1140      0.1     93.1140     0.0000  0.0000  Eval_9_6_DP_OP_55J5_126_183_J5_0
core4_0/evalB/DP_OP_56J5_127_9282    99.0360      0.1     99.0360     0.0000  0.0000  Eval_9_6_DP_OP_56J5_127_9282_J5_0
core4_0/interp                     2129.5260      2.8      0.7560   243.9360  0.0000  Interpolation_6
core4_0/interp/interp              1884.8340      2.5      0.2520     0.0000  0.0000  InterpolationComb_6
core4_0/interp/interp/DP_OP_106J9_122_7394  1884.5820     2.5  1884.5820    0.0000 0.0000 InterpolationComb_0_DP_OP_106J9_122_7394_J9_0_2
core4_0/mult_x_1                    471.8700      0.6    471.8700     0.0000  0.0000  core4_6_DW_mult_uns_J6_3
core4_0/mult_x_2                    659.6100      0.9    659.6100     0.0000  0.0000  core4_6_DW_mult_uns_J6_2
core4_0/mult_x_3                    687.9600      0.9    687.9600     0.0000  0.0000  core4_6_DW_mult_tc_J6_2
core4_0/mult_x_4                    648.6480      0.8    648.6480     0.0000  0.0000  core4_6_DW_mult_tc_J6_1
core4_0/mult_x_5                    705.8520      0.9    705.8520     0.0000  0.0000  core4_6_DW_mult_uns_J6_1
core4_0/mult_x_6                    765.9540      1.0    765.9540     0.0000  0.0000  core4_6_DW_mult_tc_J6_0
core4_0/mult_x_7                    471.8700      0.6    471.8700     0.0000  0.0000  core4_6_DW_mult_uns_J6_0
core4_1                            9333.5759     12.2      1.0080   475.7760  0.0000  core4_5
core4_1/evalA                       797.2020      1.0     25.4520     0.0000  0.0000  Eval_8_5
core4_1/evalA/DP_OP_53J9_123_375    203.4900      0.3    203.4900     0.0000  0.0000  Eval_8_1_DP_OP_53J9_123_375_J9_0_2
core4_1/evalA/DP_OP_54J9_124_5567   288.6660      0.4    288.6660     0.0000  0.0000  Eval_8_1_DP_OP_54J9_124_5567_J9_0_2
core4_1/evalA/DP_OP_55J9_125_9053   279.5940      0.4    279.5940     0.0000  0.0000  Eval_8_1_DP_OP_55J9_125_9053_J9_0_2
core4_1/evalB                       386.9460      0.5     12.3480     0.0000  0.0000  Eval_9_5
core4_1/evalB/DP_OP_54J13_122_7920    99.6660     0.1     99.6660     0.0000  0.0000  Eval_9_5_DP_OP_54J13_122_7920_J13_0
core4_1/evalB/DP_OP_55J13_123_5659   137.9700     0.2    137.9700     0.0000  0.0000  Eval_9_5_DP_OP_55J13_123_5659_J13_0
core4_1/evalB/DP_OP_56J13_124_4421   136.9620     0.2    136.9620     0.0000  0.0000  Eval_9_5_DP_OP_56J13_124_4421_J13_0
core4_1/interp                     2129.5260      2.8      0.7560   243.9360  0.0000  Interpolation_5
core4_1/interp/interp              1884.8340      2.5      0.2520     0.0000  0.0000  InterpolationComb_5
core4_1/interp/interp/DP_OP_106J9_122_7394  1884.5820     2.5  1884.5820    0.0000 0.0000 InterpolationComb_0_DP_OP_106J9_122_7394_J9_0_1
core4_1/mult_x_1                    659.6100      0.9    659.6100     0.0000  0.0000  core4_5_DW_mult_uns_J12_1
core4_1/mult_x_2                    828.5760      1.1    828.5760     0.0000  0.0000  core4_5_DW_mult_tc_J12_4
core4_1/mult_x_3                    853.6500      1.1    853.6500     0.0000  0.0000  core4_5_DW_mult_tc_J12_3
core4_1/mult_x_4                    815.7240      1.1    815.7240     0.0000  0.0000  core4_5_DW_mult_tc_J12_2
core4_1/mult_x_5                    862.9740      1.1    862.9740     0.0000  0.0000  core4_5_DW_mult_tc_J12_1
core4_1/mult_x_6                    862.9740      1.1    862.9740     0.0000  0.0000  core4_5_DW_mult_tc_J12_0
core4_1/mult_x_7                    659.6100      0.9    659.6100     0.0000  0.0000  core4_5_DW_mult_uns_J12_0
core4_2                            8696.7719     11.3      1.0080   475.7760  0.0000  core4_4
core4_2/evalA                       760.4100      1.0     23.1840     0.0000  0.0000  Eval_8_4
core4_2/evalA/DP_OP_54J5_122_6534   196.8120      0.3    196.8120     0.0000  0.0000  Eval_8_4_DP_OP_54J5_122_6534_J5_0
core4_2/evalA/DP_OP_55J5_123_706    267.6240      0.3    267.6240     0.0000  0.0000  Eval_8_4_DP_OP_55J5_123_706_J5_0
core4_2/evalA/DP_OP_56J5_124_7308   272.7900      0.4    272.7900     0.0000  0.0000  Eval_8_4_DP_OP_56J5_124_7308_J5_0
core4_2/evalB                       319.1580      0.4     10.0800     0.0000  0.0000  Eval_9_4
core4_2/evalB/DP_OP_54J12_122_9894    83.1600     0.1     83.1600     0.0000  0.0000  Eval_9_4_DP_OP_54J12_122_9894_J12_0
core4_2/evalB/DP_OP_55J12_123_37    109.9980      0.1    109.9980     0.0000  0.0000  Eval_9_4_DP_OP_55J12_123_37_J12_0
core4_2/evalB/DP_OP_56J12_124_1958   115.9200     0.2    115.9200     0.0000  0.0000  Eval_9_4_DP_OP_56J12_124_1958_J12_0
core4_2/interp                     2225.0340      2.9      0.7560   252.0000  0.0000  Interpolation_4
core4_2/interp/interp              1972.2780      2.6      0.2520     0.0000  0.0000  InterpolationComb_4
core4_2/interp/interp/DP_OP_106J8_122_6990  1972.0260     2.6  1972.0260    0.0000 0.0000 InterpolationComb_1_DP_OP_106J8_122_6990_J8_0_3
core4_2/mult_x_1                    575.1900      0.7    575.1900     0.0000  0.0000  core4_4_DW_mult_uns_J13_3
core4_2/mult_x_2                    756.3780      1.0    756.3780     0.0000  0.0000  core4_4_DW_mult_uns_J13_2
core4_2/mult_x_3                    747.1800      1.0    747.1800     0.0000  0.0000  core4_4_DW_mult_tc_J13_2
core4_2/mult_x_4                    722.1060      0.9    722.1060     0.0000  0.0000  core4_4_DW_mult_tc_J13_1
core4_2/mult_x_5                    729.7920      1.0    729.7920     0.0000  0.0000  core4_4_DW_mult_uns_J13_1
core4_2/mult_x_6                    809.5500      1.1    809.5500     0.0000  0.0000  core4_4_DW_mult_tc_J13_0
core4_2/mult_x_7                    575.1900      0.7    575.1900     0.0000  0.0000  core4_4_DW_mult_uns_J13_0
core4_3                            9472.3019     12.3      0.7560   475.7760  0.0000  core4_3
core4_3/evalA                       805.5180      1.1     26.0820     0.0000  0.0000  Eval_8_3
core4_3/evalA/DP_OP_53J9_123_375    203.3640      0.3    203.3640     0.0000  0.0000  Eval_8_1_DP_OP_53J9_123_375_J9_0_1
core4_3/evalA/DP_OP_54J9_124_5567   294.7140      0.4    294.7140     0.0000  0.0000  Eval_8_1_DP_OP_54J9_124_5567_J9_0_1
core4_3/evalA/DP_OP_55J9_125_9053   281.3580      0.4    281.3580     0.0000  0.0000  Eval_8_1_DP_OP_55J9_125_9053_J9_0_1
core4_3/evalB                       434.0700      0.6     15.6240     0.0000  0.0000  Eval_9_3
core4_3/evalB/DP_OP_53J6_122_4457   106.9740      0.1    106.9740     0.0000  0.0000  Eval_9_1_DP_OP_53J6_122_4457_J6_0_1
core4_3/evalB/DP_OP_54J6_123_110    162.4140      0.2    162.4140     0.0000  0.0000  Eval_9_1_DP_OP_54J6_123_110_J6_0_1
core4_3/evalB/DP_OP_55J6_124_5186   149.0580      0.2    149.0580     0.0000  0.0000  Eval_9_1_DP_OP_55J6_124_5186_J6_0_1
core4_3/interp                     2225.0340      2.9      0.7560   252.0000  0.0000  Interpolation_3
core4_3/interp/interp              1972.2780      2.6      0.2520     0.0000  0.0000  InterpolationComb_3
core4_3/interp/interp/DP_OP_106J8_122_6990  1972.0260     2.6  1972.0260    0.0000 0.0000 InterpolationComb_1_DP_OP_106J8_122_6990_J8_0_2
core4_3/mult_x_1                    625.2120      0.8    625.2120     0.0000  0.0000  core4_1_DW_mult_tc_J10_6_1
core4_3/mult_x_2                    828.5760      1.1    828.5760     0.0000  0.0000  core4_1_DW_mult_tc_J10_5_1
core4_3/mult_x_3                    862.9740      1.1    862.9740     0.0000  0.0000  core4_1_DW_mult_tc_J10_4_1
core4_3/mult_x_4                    863.1000      1.1    863.1000     0.0000  0.0000  core4_1_DW_mult_tc_J10_3_1
core4_3/mult_x_5                    862.9740      1.1    862.9740     0.0000  0.0000  core4_1_DW_mult_tc_J10_2_1
core4_3/mult_x_6                    863.1000      1.1    863.1000     0.0000  0.0000  core4_1_DW_mult_tc_J10_1_1
core4_3/mult_x_7                    625.2120      0.8    625.2120     0.0000  0.0000  core4_1_DW_mult_tc_J10_0_1
core4_4                            9419.2559     12.3      1.0080   475.7760  0.0000  core4_2
core4_4/evalA                       799.5960      1.0     25.4520     0.0000  0.0000  Eval_8_2
core4_4/evalA/DP_OP_55J8_123_375    202.4820      0.3    202.4820     0.0000  0.0000  Eval_8_2_DP_OP_55J8_123_375_J8_0
core4_4/evalA/DP_OP_56J8_124_1407   291.1860      0.4    291.1860     0.0000  0.0000  Eval_8_2_DP_OP_56J8_124_1407_J8_0
core4_4/evalA/DP_OP_57J8_125_8619   280.4760      0.4    280.4760     0.0000  0.0000  Eval_8_2_DP_OP_57J8_125_8619_J8_0
core4_4/evalB                       389.5920      0.5     13.3560     0.0000  0.0000  Eval_9_2
core4_4/evalB/DP_OP_54J11_122_795   100.4220      0.1    100.4220     0.0000  0.0000  Eval_9_2_DP_OP_54J11_122_795_J11_0
core4_4/evalB/DP_OP_55J11_123_3918   135.3240     0.2    135.3240     0.0000  0.0000  Eval_9_2_DP_OP_55J11_123_3918_J11_0
core4_4/evalB/DP_OP_56J11_124_6600   140.4900     0.2    140.4900     0.0000  0.0000  Eval_9_2_DP_OP_56J11_124_6600_J11_0
core4_4/interp                     2225.0340      2.9      0.7560   252.0000  0.0000  Interpolation_2
core4_4/interp/interp              1972.2780      2.6      0.2520     0.0000  0.0000  InterpolationComb_2
core4_4/interp/interp/DP_OP_106J8_122_6990  1972.0260     2.6  1972.0260    0.0000 0.0000 InterpolationComb_1_DP_OP_106J8_122_6990_J8_0_1
core4_4/mult_x_1                    681.2820      0.9    681.2820     0.0000  0.0000  core4_2_DW_mult_uns_J11_1
core4_4/mult_x_2                    828.5760      1.1    828.5760     0.0000  0.0000  core4_2_DW_mult_tc_J11_4
core4_4/mult_x_3                    800.9820      1.0    800.9820     0.0000  0.0000  core4_2_DW_mult_tc_J11_3
core4_4/mult_x_4                    809.6760      1.1    809.6760     0.0000  0.0000  core4_2_DW_mult_tc_J11_2
core4_4/mult_x_5                    863.2260      1.1    863.2260     0.0000  0.0000  core4_2_DW_mult_tc_J11_1
core4_4/mult_x_6                    863.2260      1.1    863.2260     0.0000  0.0000  core4_2_DW_mult_tc_J11_0
core4_4/mult_x_7                    681.2820      0.9    681.2820     0.0000  0.0000  core4_2_DW_mult_uns_J11_0
core4_5                            9695.4479     12.6      0.7560   475.7760  0.0000  core4_1
core4_5/evalA                       805.6440      1.1     26.2080     0.0000  0.0000  Eval_8_1
core4_5/evalA/DP_OP_53J9_123_375    203.3640      0.3    203.3640     0.0000  0.0000  Eval_8_1_DP_OP_53J9_123_375_J9_0_0
core4_5/evalA/DP_OP_54J9_124_5567   294.7140      0.4    294.7140     0.0000  0.0000  Eval_8_1_DP_OP_54J9_124_5567_J9_0_0
core4_5/evalA/DP_OP_55J9_125_9053   281.3580      0.4    281.3580     0.0000  0.0000  Eval_8_1_DP_OP_55J9_125_9053_J9_0_0
core4_5/evalB                       434.3220      0.6     15.8760     0.0000  0.0000  Eval_9_1
core4_5/evalB/DP_OP_53J6_122_4457   106.9740      0.1    106.9740     0.0000  0.0000  Eval_9_1_DP_OP_53J6_122_4457_J6_0_0
core4_5/evalB/DP_OP_54J6_123_110    162.4140      0.2    162.4140     0.0000  0.0000  Eval_9_1_DP_OP_54J6_123_110_J6_0_0
core4_5/evalB/DP_OP_55J6_124_5186   149.0580      0.2    149.0580     0.0000  0.0000  Eval_9_1_DP_OP_55J6_124_5186_J6_0_0
core4_5/interp                     2225.0340      2.9      0.7560   252.0000  0.0000  Interpolation_1
core4_5/interp/interp              1972.2780      2.6      0.2520     0.0000  0.0000  InterpolationComb_1
core4_5/interp/interp/DP_OP_106J8_122_6990  1972.0260     2.6  1972.0260    0.0000 0.0000 InterpolationComb_1_DP_OP_106J8_122_6990_J8_0_0
core4_5/mult_x_1                    736.5960      1.0    736.5960     0.0000  0.0000  core4_1_DW_mult_tc_J10_6_0
core4_5/mult_x_2                    828.5760      1.1    828.5760     0.0000  0.0000  core4_1_DW_mult_tc_J10_5_0
core4_5/mult_x_3                    862.9740      1.1    862.9740     0.0000  0.0000  core4_1_DW_mult_tc_J10_4_0
core4_5/mult_x_4                    862.9740      1.1    862.9740     0.0000  0.0000  core4_1_DW_mult_tc_J10_3_0
core4_5/mult_x_5                    863.1000      1.1    863.1000     0.0000  0.0000  core4_1_DW_mult_tc_J10_2_0
core4_5/mult_x_6                    863.1000      1.1    863.1000     0.0000  0.0000  core4_1_DW_mult_tc_J10_1_0
core4_5/mult_x_7                    736.5960      1.0    736.5960     0.0000  0.0000  core4_1_DW_mult_tc_J10_0_0
core4_6                            8004.1499     10.4      1.0080   475.7760  0.0000  core4_0
core4_6/evalA                       715.0500      0.9     21.6720     0.0000  0.0000  Eval_8_0
core4_6/evalA/DP_OP_54J8_126_2984   185.9760      0.2    185.9760     0.0000  0.0000  Eval_8_0_DP_OP_54J8_126_2984_J8_0
core4_6/evalA/DP_OP_55J8_127_1759   250.7400      0.3    250.7400     0.0000  0.0000  Eval_8_0_DP_OP_55J8_127_1759_J8_0
core4_6/evalA/DP_OP_56J8_128_6780   256.6620      0.3    256.6620     0.0000  0.0000  Eval_8_0_DP_OP_56J8_128_6780_J8_0
core4_6/evalB                       271.0260      0.4      8.5680     0.0000  0.0000  Eval_9_0
core4_6/evalB/DP_OP_54J10_122_980    70.3080      0.1     70.3080     0.0000  0.0000  Eval_9_0_DP_OP_54J10_122_980_J10_0
core4_6/evalB/DP_OP_55J10_123_3603    93.1140     0.1     93.1140     0.0000  0.0000  Eval_9_0_DP_OP_55J10_123_3603_J10_0
core4_6/evalB/DP_OP_56J10_124_3788    99.0360     0.1     99.0360     0.0000  0.0000  Eval_9_0_DP_OP_56J10_124_3788_J10_0
core4_6/interp                     2129.5260      2.8      0.7560   243.9360  0.0000  Interpolation_0
core4_6/interp/interp              1884.8340      2.5      0.2520     0.0000  0.0000  InterpolationComb_0
core4_6/interp/interp/DP_OP_106J9_122_7394  1884.5820     2.5  1884.5820    0.0000 0.0000 InterpolationComb_0_DP_OP_106J9_122_7394_J9_0_0
core4_6/mult_x_1                    471.8700      0.6    471.8700     0.0000  0.0000  core4_0_DW_mult_uns_J7_3
core4_6/mult_x_2                    659.6100      0.9    659.6100     0.0000  0.0000  core4_0_DW_mult_uns_J7_2
core4_6/mult_x_3                    687.9600      0.9    687.9600     0.0000  0.0000  core4_0_DW_mult_tc_J7_2
core4_6/mult_x_4                    648.6480      0.8    648.6480     0.0000  0.0000  core4_0_DW_mult_tc_J7_1
core4_6/mult_x_5                    705.8520      0.9    705.8520     0.0000  0.0000  core4_0_DW_mult_uns_J7_1
core4_6/mult_x_6                    765.9540      1.0    765.9540     0.0000  0.0000  core4_0_DW_mult_tc_J7_0
core4_6/mult_x_7                    471.8700      0.6    471.8700     0.0000  0.0000  core4_0_DW_mult_uns_J7_0
evalA                               715.0500      0.9     23.5620     0.0000  0.0000  Eval_4
evalA/DP_OP_52J7_122_6653           249.2280      0.3    249.2280     0.0000  0.0000  Eval_0_DP_OP_52J7_122_6653_J7_0_3
evalA/DP_OP_53J7_123_5333           256.2840      0.3    256.2840     0.0000  0.0000  Eval_0_DP_OP_53J7_123_5333_J7_0_3
evalA/DP_OP_54J7_124_6891           185.9760      0.2    185.9760     0.0000  0.0000  Eval_0_DP_OP_54J7_124_6891_J7_0_3
evalA_1                             714.9240      0.9     23.3100     0.0000  0.0000  Eval_3
evalA_1/DP_OP_52J7_122_6653         249.2280      0.3    249.2280     0.0000  0.0000  Eval_0_DP_OP_52J7_122_6653_J7_0_2
evalA_1/DP_OP_53J7_123_5333         256.4100      0.3    256.4100     0.0000  0.0000  Eval_0_DP_OP_53J7_123_5333_J7_0_2
evalA_1/DP_OP_54J7_124_6891         185.9760      0.2    185.9760     0.0000  0.0000  Eval_0_DP_OP_54J7_124_6891_J7_0_2
evalA_2                             714.9240      0.9     23.3100     0.0000  0.0000  Eval_2
evalA_2/DP_OP_52J7_122_6653         249.2280      0.3    249.2280     0.0000  0.0000  Eval_0_DP_OP_52J7_122_6653_J7_0_1
evalA_2/DP_OP_53J7_123_5333         256.4100      0.3    256.4100     0.0000  0.0000  Eval_0_DP_OP_53J7_123_5333_J7_0_1
evalA_2/DP_OP_54J7_124_6891         185.9760      0.2    185.9760     0.0000  0.0000  Eval_0_DP_OP_54J7_124_6891_J7_0_1
evalA_3                             715.0500      0.9     23.5620     0.0000  0.0000  Eval_0
evalA_3/DP_OP_52J7_122_6653         249.2280      0.3    249.2280     0.0000  0.0000  Eval_0_DP_OP_52J7_122_6653_J7_0_0
evalA_3/DP_OP_53J7_123_5333         256.2840      0.3    256.2840     0.0000  0.0000  Eval_0_DP_OP_53J7_123_5333_J7_0_0
evalA_3/DP_OP_54J7_124_6891         185.9760      0.2    185.9760     0.0000  0.0000  Eval_0_DP_OP_54J7_124_6891_J7_0_0
evalB                               271.2780      0.4     12.9780     0.0000  0.0000  Eval_1_3
evalB/DP_OP_52J6_125_4583            70.3080      0.1     70.3080     0.0000  0.0000  Eval_1_0_DP_OP_52J6_125_4583_J6_0_3
evalB/DP_OP_53J6_126_8511            90.4680      0.1     90.4680     0.0000  0.0000  Eval_1_0_DP_OP_53J6_126_8511_J6_0_3
evalB/DP_OP_54J6_127_5286            97.5240      0.1     97.5240     0.0000  0.0000  Eval_1_0_DP_OP_54J6_127_5286_J6_0_3
evalB_1                             270.3960      0.4     11.9700     0.0000  0.0000  Eval_1_2
evalB_1/DP_OP_52J6_125_4583          70.3080      0.1     70.3080     0.0000  0.0000  Eval_1_0_DP_OP_52J6_125_4583_J6_0_2
evalB_1/DP_OP_53J6_126_8511          90.4680      0.1     90.4680     0.0000  0.0000  Eval_1_0_DP_OP_53J6_126_8511_J6_0_2
evalB_1/DP_OP_54J6_127_5286          97.6500      0.1     97.6500     0.0000  0.0000  Eval_1_0_DP_OP_54J6_127_5286_J6_0_2
evalB_2                             270.3960      0.4     11.9700     0.0000  0.0000  Eval_1_1
evalB_2/DP_OP_52J6_125_4583          70.3080      0.1     70.3080     0.0000  0.0000  Eval_1_0_DP_OP_52J6_125_4583_J6_0_1
evalB_2/DP_OP_53J6_126_8511          90.4680      0.1     90.4680     0.0000  0.0000  Eval_1_0_DP_OP_53J6_126_8511_J6_0_1
evalB_2/DP_OP_54J6_127_5286          97.6500      0.1     97.6500     0.0000  0.0000  Eval_1_0_DP_OP_54J6_127_5286_J6_0_1
evalB_3                             271.2780      0.4     12.9780     0.0000  0.0000  Eval_1_0
evalB_3/DP_OP_52J6_125_4583          70.3080      0.1     70.3080     0.0000  0.0000  Eval_1_0_DP_OP_52J6_125_4583_J6_0_0
evalB_3/DP_OP_53J6_126_8511          90.4680      0.1     90.4680     0.0000  0.0000  Eval_1_0_DP_OP_53J6_126_8511_J6_0_0
evalB_3/DP_OP_54J6_127_5286          97.5240      0.1     97.5240     0.0000  0.0000  Eval_1_0_DP_OP_54J6_127_5286_J6_0_0
interp                             8402.6879     11.0      0.7560   905.1840  0.0000  Interpolation_7
interp/interp                      7496.7479      9.8      0.2520     0.0000  0.0000  InterpolationComb_7
interp/interp/DP_OP_421J3_122_8897  7496.4959     9.8   7496.4959     0.0000  0.0000  InterpolationComb_7_DP_OP_421J3_122_8897_J3_0
--------------------------------  ----------  -------  ----------  ---------  ------  -----------------------------------------------
Total                                                  68998.2289  7703.1361  0.0000

1
