Information: Updating design information... (UID-85)
Warning: Design 'core64_a36_b12_c36' contains 1 high-fanout nets. A fanout number of 1000 will be used for delay calculations involving these nets. (TIM-134)
 
****************************************
Report : qor
Design : core64_a36_b12_c36
Version: O-2018.06-SP5
Date   : Wed May 13 08:20:23 2026
****************************************


  Timing Path Group 'clk'
  -----------------------------------
  Levels of Logic:              66.00
  Critical Path Length:          4.47
  Critical Path Slack:           0.00
  Critical Path Clk Period:      5.00
  Total Negative Slack:          0.00
  No. of Violating Paths:        0.00
  Worst Hold Violation:          0.00
  Total Hold Violation:          0.00
  No. of Hold Violations:        0.00
  -----------------------------------


  Cell Count
  -----------------------------------
  Hierarchical Cell Count:       1314
  Hierarchical Port Count:     405798
  Leaf Cell Count:             709569
  Buf/Inv Cell Count:           82410
  Buf Cell Count:               11046
  Inv Cell Count:               71364
  CT Buf/Inv Cell Count:            0
  Combinational Cell Count:    666927
  Sequential Cell Count:        42642
  Macro Count:                      0
  -----------------------------------


  Area
  -----------------------------------
  Combinational Area:   840394.913851
  Noncombinational Area: 80601.695393
  Buf/Inv Area:          22195.026191
  Total Buffer Area:          4182.32
  Total Inverter Area:       18012.71
  Macro/Black Box Area:      0.000000
  Net Area:                  0.000000
  -----------------------------------
  Cell Area:            920996.609244
  Design Area:          920996.609244


  Design Rules
  -----------------------------------
  Total Number of Nets:        997418
  Nets With Violations:             0
  Max Trans Violations:             0
  Max Cap Violations:               0
  -----------------------------------


  Hostname: inspur19

  Compile CPU Statistics
  -----------------------------------------
  Resource Sharing:                    0.00
  Logic Optimization:                  0.00
  Mapping Optimization:                0.00
  -----------------------------------------
  Overall Compile Time:            14073.15
  Overall Compile Wall Clock Time:  1181.20

  --------------------------------------------------------------------

  Design  WNS: 0.00  TNS: 0.00  Number of Violating Paths: 0


  Design (Hold)  WNS: 0.00  TNS: 0.00  Number of Violating Paths: 0

  --------------------------------------------------------------------


1
