Information: Updating design information... (UID-85)
Warning: Design 'core64_a28_b14_c28' contains 3 high-fanout nets. A fanout number of 1000 will be used for delay calculations involving these nets. (TIM-134)
 
****************************************
Report : qor
Design : core64_a28_b14_c28
Version: O-2018.06-SP5
Date   : Tue May 12 23:55:19 2026
****************************************


  Timing Path Group 'clk'
  -----------------------------------
  Levels of Logic:              73.00
  Critical Path Length:          4.46
  Critical Path Slack:           0.00
  Critical Path Clk Period:      5.00
  Total Negative Slack:          0.00
  No. of Violating Paths:        0.00
  Worst Hold Violation:          0.00
  Total Hold Violation:          0.00
  No. of Hold Violations:        0.00
  -----------------------------------


  Cell Count
  -----------------------------------
  Hierarchical Cell Count:       1314
  Hierarchical Port Count:     351986
  Leaf Cell Count:             567144
  Buf/Inv Cell Count:           67646
  Buf Cell Count:                9251
  Inv Cell Count:               58395
  CT Buf/Inv Cell Count:            0
  Combinational Cell Count:    532686
  Sequential Cell Count:        34458
  Macro Count:                      0
  -----------------------------------


  Area
  -----------------------------------
  Combinational Area:   666161.233761
  Noncombinational Area: 69453.343112
  Buf/Inv Area:          18230.562154
  Total Buffer Area:          3497.00
  Total Inverter Area:       14733.56
  Macro/Black Box Area:      0.000000
  Net Area:                  0.000000
  -----------------------------------
  Cell Area:            735614.576873
  Design Area:          735614.576873


  Design Rules
  -----------------------------------
  Total Number of Nets:        795012
  Nets With Violations:             0
  Max Trans Violations:             0
  Max Cap Violations:               0
  -----------------------------------


  Hostname: inspur19

  Compile CPU Statistics
  -----------------------------------------
  Resource Sharing:                    0.00
  Logic Optimization:                  0.00
  Mapping Optimization:                0.00
  -----------------------------------------
  Overall Compile Time:             9219.62
  Overall Compile Wall Clock Time:   798.67

  --------------------------------------------------------------------

  Design  WNS: 0.00  TNS: 0.00  Number of Violating Paths: 0


  Design (Hold)  WNS: 0.00  TNS: 0.00  Number of Violating Paths: 0

  --------------------------------------------------------------------


1
