Information: Updating design information... (UID-85)
Warning: Design 'core64_a24_b12_c24' contains 3 high-fanout nets. A fanout number of 1000 will be used for delay calculations involving these nets. (TIM-134)
 
****************************************
Report : qor
Design : core64_a24_b12_c24
Version: O-2018.06-SP5
Date   : Tue May 12 21:23:38 2026
****************************************


  Timing Path Group 'clk'
  -----------------------------------
  Levels of Logic:              60.00
  Critical Path Length:          4.46
  Critical Path Slack:           0.00
  Critical Path Clk Period:      5.00
  Total Negative Slack:          0.00
  No. of Violating Paths:        0.00
  Worst Hold Violation:          0.00
  Total Hold Violation:          0.00
  No. of Hold Violations:        0.00
  -----------------------------------


  Cell Count
  -----------------------------------
  Hierarchical Cell Count:       1314
  Hierarchical Port Count:     314286
  Leaf Cell Count:             489315
  Buf/Inv Cell Count:           68994
  Buf Cell Count:                8760
  Inv Cell Count:               60234
  CT Buf/Inv Cell Count:            0
  Combinational Cell Count:    458949
  Sequential Cell Count:        30366
  Macro Count:                      0
  -----------------------------------


  Area
  -----------------------------------
  Combinational Area:   568276.119089
  Noncombinational Area: 61207.398981
  Buf/Inv Area:          18498.060167
  Total Buffer Area:          3311.28
  Total Inverter Area:       15186.78
  Macro/Black Box Area:      0.000000
  Net Area:                  0.000000
  -----------------------------------
  Cell Area:            629483.518069
  Design Area:          629483.518069


  Design Rules
  -----------------------------------
  Total Number of Nets:        690148
  Nets With Violations:             0
  Max Trans Violations:             0
  Max Cap Violations:               0
  -----------------------------------


  Hostname: inspur19

  Compile CPU Statistics
  -----------------------------------------
  Resource Sharing:                    0.00
  Logic Optimization:                  0.00
  Mapping Optimization:                0.00
  -----------------------------------------
  Overall Compile Time:             7766.96
  Overall Compile Wall Clock Time:   686.75

  --------------------------------------------------------------------

  Design  WNS: 0.00  TNS: 0.00  Number of Violating Paths: 0


  Design (Hold)  WNS: 0.00  TNS: 0.00  Number of Violating Paths: 0

  --------------------------------------------------------------------


1
