Information: Updating design information... (UID-85)
 
****************************************
Report : qor
Design : core4_a24_b10_c24
Version: O-2018.06-SP5
Date   : Tue May 12 04:57:13 2026
****************************************


  Timing Path Group 'clk'
  -----------------------------------
  Levels of Logic:              35.00
  Critical Path Length:          3.35
  Critical Path Slack:           1.11
  Critical Path Clk Period:      5.00
  Total Negative Slack:          0.00
  No. of Violating Paths:        0.00
  Worst Hold Violation:          0.00
  Total Hold Violation:          0.00
  No. of Hold Violations:        0.00
  -----------------------------------


  Cell Count
  -----------------------------------
  Hierarchical Cell Count:         18
  Hierarchical Port Count:       2634
  Leaf Cell Count:               4794
  Buf/Inv Cell Count:             547
  Buf Cell Count:                  69
  Inv Cell Count:                 478
  CT Buf/Inv Cell Count:            0
  Combinational Cell Count:      4510
  Sequential Cell Count:          284
  Macro Count:                      0
  -----------------------------------


  Area
  -----------------------------------
  Combinational Area:     5547.527910
  Noncombinational Area:   572.544009
  Buf/Inv Area:            146.538001
  Total Buffer Area:            26.08
  Total Inverter Area:         120.46
  Macro/Black Box Area:      0.000000
  Net Area:                  0.000000
  -----------------------------------
  Cell Area:              6120.071919
  Design Area:            6120.071919


  Design Rules
  -----------------------------------
  Total Number of Nets:          6725
  Nets With Violations:             0
  Max Trans Violations:             0
  Max Cap Violations:               0
  -----------------------------------


  Hostname: inspur19

  Compile CPU Statistics
  -----------------------------------------
  Resource Sharing:                    0.00
  Logic Optimization:                  0.00
  Mapping Optimization:                0.00
  -----------------------------------------
  Overall Compile Time:              738.58
  Overall Compile Wall Clock Time:   443.19

  --------------------------------------------------------------------

  Design  WNS: 0.00  TNS: 0.00  Number of Violating Paths: 0


  Design (Hold)  WNS: 0.00  TNS: 0.00  Number of Violating Paths: 0

  --------------------------------------------------------------------


1
