Information: Updating design information... (UID-85)
Warning: Design 'core16_a32_b12_c32' contains 1 high-fanout nets. A fanout number of 1000 will be used for delay calculations involving these nets. (TIM-134)
 
****************************************
Report : qor
Design : core16_a32_b12_c32
Version: O-2018.06-SP5
Date   : Tue May 12 15:57:39 2026
****************************************


  Timing Path Group 'clk'
  -----------------------------------
  Levels of Logic:              55.00
  Critical Path Length:          4.46
  Critical Path Slack:           0.00
  Critical Path Clk Period:      5.00
  Total Negative Slack:          0.00
  No. of Violating Paths:        0.00
  Worst Hold Violation:          0.00
  Total Hold Violation:          0.00
  No. of Hold Violations:        0.00
  -----------------------------------


  Cell Count
  -----------------------------------
  Hierarchical Cell Count:        168
  Hierarchical Port Count:      40480
  Leaf Cell Count:              68797
  Buf/Inv Cell Count:            7766
  Buf Cell Count:                1151
  Inv Cell Count:                6615
  CT Buf/Inv Cell Count:            0
  Combinational Cell Count:     64492
  Sequential Cell Count:         4305
  Macro Count:                      0
  -----------------------------------


  Area
  -----------------------------------
  Combinational Area:    81805.372675
  Noncombinational Area:  8671.950137
  Buf/Inv Area:           2103.192017
  Total Buffer Area:           435.08
  Total Inverter Area:        1668.11
  Macro/Black Box Area:      0.000000
  Net Area:                  0.000000
  -----------------------------------
  Cell Area:             90477.322812
  Design Area:           90477.322812


  Design Rules
  -----------------------------------
  Total Number of Nets:         97156
  Nets With Violations:             0
  Max Trans Violations:             0
  Max Cap Violations:               0
  -----------------------------------


  Hostname: inspur19

  Compile CPU Statistics
  -----------------------------------------
  Resource Sharing:                    0.00
  Logic Optimization:                  0.00
  Mapping Optimization:                0.00
  -----------------------------------------
  Overall Compile Time:              216.97
  Overall Compile Wall Clock Time:   381.27

  --------------------------------------------------------------------

  Design  WNS: 0.00  TNS: 0.00  Number of Violating Paths: 0


  Design (Hold)  WNS: 0.00  TNS: 0.00  Number of Violating Paths: 0

  --------------------------------------------------------------------


1
