Information: Updating design information... (UID-85)
Warning: Design 'core64_a24_b10_c24' contains 3 high-fanout nets. A fanout number of 1000 will be used for delay calculations involving these nets. (TIM-134)
 
****************************************
Report : qor
Design : core64_a24_b10_c24
Version: O-2018.06-SP5
Date   : Tue May 12 21:18:24 2026
****************************************


  Timing Path Group 'clk'
  -----------------------------------
  Levels of Logic:              60.00
  Critical Path Length:          4.45
  Critical Path Slack:           0.00
  Critical Path Clk Period:      5.00
  Total Negative Slack:          0.00
  No. of Violating Paths:        0.00
  Worst Hold Violation:          0.00
  Total Hold Violation:          0.00
  No. of Hold Violations:        0.00
  -----------------------------------


  Cell Count
  -----------------------------------
  Hierarchical Cell Count:       1314
  Hierarchical Port Count:     307090
  Leaf Cell Count:             450344
  Buf/Inv Cell Count:           56096
  Buf Cell Count:                8871
  Inv Cell Count:               47225
  CT Buf/Inv Cell Count:            0
  Combinational Cell Count:    419978
  Sequential Cell Count:        30366
  Macro Count:                      0
  -----------------------------------


  Area
  -----------------------------------
  Combinational Area:   531964.683530
  Noncombinational Area: 61215.336984
  Buf/Inv Area:          15261.498113
  Total Buffer Area:          3353.36
  Total Inverter Area:       11908.13
  Macro/Black Box Area:      0.000000
  Net Area:                  0.000000
  -----------------------------------
  Cell Area:            593180.020514
  Design Area:          593180.020514


  Design Rules
  -----------------------------------
  Total Number of Nets:        637036
  Nets With Violations:             0
  Max Trans Violations:             0
  Max Cap Violations:               0
  -----------------------------------


  Hostname: inspur19

  Compile CPU Statistics
  -----------------------------------------
  Resource Sharing:                    0.00
  Logic Optimization:                  0.00
  Mapping Optimization:                0.00
  -----------------------------------------
  Overall Compile Time:             6874.44
  Overall Compile Wall Clock Time:   611.98

  --------------------------------------------------------------------

  Design  WNS: 0.00  TNS: 0.00  Number of Violating Paths: 0


  Design (Hold)  WNS: 0.00  TNS: 0.00  Number of Violating Paths: 0

  --------------------------------------------------------------------


1
