Information: Updating design information... (UID-85)
 
****************************************
Report : qor
Design : core4_a28_b14_c28
Version: O-2018.06-SP5
Date   : Tue May 12 05:57:01 2026
****************************************


  Timing Path Group 'clk'
  -----------------------------------
  Levels of Logic:              50.00
  Critical Path Length:          4.01
  Critical Path Slack:           0.44
  Critical Path Clk Period:      5.00
  Total Negative Slack:          0.00
  No. of Violating Paths:        0.00
  Worst Hold Violation:          0.00
  Total Hold Violation:          0.00
  No. of Hold Violations:        0.00
  -----------------------------------


  Cell Count
  -----------------------------------
  Hierarchical Cell Count:         18
  Hierarchical Port Count:       3130
  Leaf Cell Count:               6606
  Buf/Inv Cell Count:             794
  Buf Cell Count:                  82
  Inv Cell Count:                 712
  CT Buf/Inv Cell Count:            0
  Combinational Cell Count:      6278
  Sequential Cell Count:          328
  Macro Count:                      0
  -----------------------------------


  Area
  -----------------------------------
  Combinational Area:     7499.141879
  Noncombinational Area:   661.248011
  Buf/Inv Area:            210.420002
  Total Buffer Area:            31.00
  Total Inverter Area:         179.42
  Macro/Black Box Area:      0.000000
  Net Area:                  0.000000
  -----------------------------------
  Cell Area:              8160.389890
  Design Area:            8160.389890


  Design Rules
  -----------------------------------
  Total Number of Nets:          9174
  Nets With Violations:             0
  Max Trans Violations:             0
  Max Cap Violations:               0
  -----------------------------------


  Hostname: inspur19

  Compile CPU Statistics
  -----------------------------------------
  Resource Sharing:                    0.00
  Logic Optimization:                  0.00
  Mapping Optimization:                0.00
  -----------------------------------------
  Overall Compile Time:              141.62
  Overall Compile Wall Clock Time:   357.00

  --------------------------------------------------------------------

  Design  WNS: 0.00  TNS: 0.00  Number of Violating Paths: 0


  Design (Hold)  WNS: 0.00  TNS: 0.00  Number of Violating Paths: 0

  --------------------------------------------------------------------


1
