Information: Updating design information... (UID-85)
Warning: Design 'core64_a36_b16_c36' contains 10 high-fanout nets. A fanout number of 1000 will be used for delay calculations involving these nets. (TIM-134)
 
****************************************
Report : qor
Design : core64_a36_b16_c36
Version: O-2018.06-SP5
Date   : Wed May 13 09:01:56 2026
****************************************


  Timing Path Group 'clk'
  -----------------------------------
  Levels of Logic:              61.00
  Critical Path Length:          4.46
  Critical Path Slack:           0.00
  Critical Path Clk Period:      5.00
  Total Negative Slack:          0.00
  No. of Violating Paths:        0.00
  Worst Hold Violation:          0.00
  Total Hold Violation:          0.00
  No. of Hold Violations:        0.00
  -----------------------------------


  Cell Count
  -----------------------------------
  Hierarchical Cell Count:       1314
  Hierarchical Port Count:     420190
  Leaf Cell Count:             760372
  Buf/Inv Cell Count:           84809
  Buf Cell Count:               11229
  Inv Cell Count:               73580
  CT Buf/Inv Cell Count:            0
  Combinational Cell Count:    717730
  Sequential Cell Count:        42642
  Macro Count:                      0
  -----------------------------------


  Area
  -----------------------------------
  Combinational Area:   888540.898442
  Noncombinational Area: 85937.293372
  Buf/Inv Area:          22824.900197
  Total Buffer Area:          4247.84
  Total Inverter Area:       18577.06
  Macro/Black Box Area:      0.000000
  Net Area:                  0.000000
  -----------------------------------
  Cell Area:            974478.191813
  Design Area:          974478.191813


  Design Rules
  -----------------------------------
  Total Number of Nets:       1058536
  Nets With Violations:             2
  Max Trans Violations:             2
  Max Cap Violations:               0
  -----------------------------------


  Hostname: inspur19

  Compile CPU Statistics
  -----------------------------------------
  Resource Sharing:                    0.00
  Logic Optimization:                  0.00
  Mapping Optimization:                0.00
  -----------------------------------------
  Overall Compile Time:            14119.45
  Overall Compile Wall Clock Time:  1161.68

  --------------------------------------------------------------------

  Design  WNS: 0.00  TNS: 0.00  Number of Violating Paths: 0


  Design (Hold)  WNS: 0.00  TNS: 0.00  Number of Violating Paths: 0

  --------------------------------------------------------------------


1
